OpenJDK 64-Bit Server VM (25.372-b07) for linux-amd64 JRE (1.8.0_372-b07), built on May 15 2023 14:44:58 by "mockbuild" with gcc 4.8.5 20150623 (Red Hat 4.8.5-44)
Memory: 4k page, physical 8029496k(5040208k free), swap 1048572k(1048572k free)
CommandLine flags: -XX:+CMSClassUnloadingEnabled -XX:CMSInitiatingOccupancyFraction=70 -XX:+CMSParallelRemarkEnabled -XX:GCLogFileSize=104857600 -XX:InitialHeapSize=134217728 -XX:MaxHeapSize=536870912 -XX:MaxNewSize=536870912 -XX:NewSize=536870912 -XX:NumberOfGCLogFiles=10 -XX:OldPLABSize=16 -XX:+PrintGC -XX:+PrintGCDateStamps -XX:+PrintGCDetails -XX:+PrintGCTimeStamps -XX:SoftRefLRUPolicyMSPerMB=0 -XX:SurvivorRatio=8 -XX:+UseCMSCompactAtFullCollection -XX:+UseCompressedClassPointers -XX:+UseCompressedOops -XX:+UseConcMarkSweepGC -XX:+UseGCLogFileRotation -XX:-UseParNewGC 
2024-03-31T19:32:29.853+0800: 1.879: [GC (Allocation Failure) 2024-03-31T19:32:29.854+0800: 1.881: [DefNew: 104896K->3490K(117952K), 0.0154466 secs] 104896K->3490K(118016K), 0.0176980 secs] [Times: user=0.02 sys=0.00, real=0.01 secs] 
2024-03-31T19:32:30.762+0800: 2.789: [GC (Allocation Failure) 2024-03-31T19:32:30.762+0800: 2.789: [DefNew: 108386K->5070K(117952K), 0.0133272 secs] 108386K->5070K(118016K), 0.0138502 secs] [Times: user=0.01 sys=0.00, real=0.01 secs] 
2024-03-31T19:32:31.515+0800: 3.542: [GC (Allocation Failure) 2024-03-31T19:32:31.516+0800: 3.542: [DefNew: 109944K->5416K(117952K), 0.0110834 secs] 109944K->5416K(118016K), 0.0115315 secs] [Times: user=0.01 sys=0.00, real=0.01 secs] 
2024-03-31T19:32:32.089+0800: 4.116: [GC (Allocation Failure) 2024-03-31T19:32:32.090+0800: 4.116: [DefNew: 110312K->6392K(117952K), 0.0131668 secs] 110312K->6392K(118016K), 0.0137468 secs] [Times: user=0.01 sys=0.00, real=0.02 secs] 
2024-03-31T19:32:32.107+0800: 4.133: [GC (CMS Initial Mark) [1 CMS-initial-mark: 0K(64K)] 7779K(118016K), 0.0048066 secs] [Times: user=0.01 sys=0.00, real=0.01 secs] 
2024-03-31T19:32:32.113+0800: 4.140: [CMS-concurrent-mark-start]
2024-03-31T19:32:32.114+0800: 4.140: [CMS-concurrent-mark: 0.001/0.001 secs] [Times: user=0.00 sys=0.00, real=0.00 secs] 
2024-03-31T19:32:32.115+0800: 4.141: [CMS-concurrent-preclean-start]
2024-03-31T19:32:32.118+0800: 4.145: [CMS-concurrent-preclean: 0.003/0.003 secs] [Times: user=0.01 sys=0.00, real=0.00 secs] 
2024-03-31T19:32:32.119+0800: 4.146: [GC (CMS Final Remark) [YG occupancy: 7779 K (117952 K)]2024-03-31T19:32:32.120+0800: 4.146: [Rescan (non-parallel) 2024-03-31T19:32:32.120+0800: 4.146: [grey object rescan, 0.0002172 secs]2024-03-31T19:32:32.120+0800: 4.146: [root rescan, 0.0045053 secs]2024-03-31T19:32:32.125+0800: 4.151: [visit unhandled CLDs, 0.0001591 secs]2024-03-31T19:32:32.125+0800: 4.151: [dirty klass scan, 0.0002976 secs], 0.0058898 secs]2024-03-31T19:32:32.126+0800: 4.152: [weak refs processing, 0.0003281 secs]2024-03-31T19:32:32.126+0800: 4.152: [class unloading, 0.0037127 secs]2024-03-31T19:32:32.130+0800: 4.156: [scrub symbol table, 0.0015888 secs]2024-03-31T19:32:32.132+0800: 4.158: [scrub string table, 0.0003299 secs][1 CMS-remark: 0K(64K)] 7779K(118016K), 0.0135732 secs] [Times: user=0.03 sys=0.00, real=0.02 secs] 
2024-03-31T19:32:32.133+0800: 4.160: [CMS-concurrent-sweep-start]
2024-03-31T19:32:32.135+0800: 4.161: [CMS-concurrent-sweep: 0.001/0.001 secs] [Times: user=0.00 sys=0.00, real=0.00 secs] 
2024-03-31T19:32:32.135+0800: 4.162: [CMS-concurrent-reset-start]
2024-03-31T19:32:32.136+0800: 4.162: [CMS-concurrent-reset: 0.000/0.000 secs] [Times: user=0.00 sys=0.00, real=0.00 secs] 
2024-03-31T19:32:32.739+0800: 4.765: [GC (Allocation Failure) 2024-03-31T19:32:32.739+0800: 4.765: [DefNew: 111288K->10829K(117952K), 0.0171081 secs] 111288K->10829K(118016K), 0.0176267 secs] [Times: user=0.03 sys=0.01, real=0.02 secs] 
2024-03-31T19:32:33.088+0800: 5.115: [GC (Allocation Failure) 2024-03-31T19:32:33.089+0800: 5.115: [DefNew (promotion failed) : 115725K->113552K(117952K), 0.0664655 secs]2024-03-31T19:32:33.155+0800: 5.182: [CMS: 64K->63K(64K), 0.0374587 secs] 115725K->13497K(118016K), [Metaspace: 23344K->23344K(1071104K)], 0.1051019 secs] [Times: user=0.12 sys=0.00, real=0.11 secs] 
2024-03-31T19:32:33.194+0800: 5.221: [GC (CMS Initial Mark) [1 CMS-initial-mark: 63K(64K)] 13514K(118016K), 0.0069527 secs] [Times: user=0.01 sys=0.00, real=0.01 secs] 
2024-03-31T19:32:33.202+0800: 5.228: [CMS-concurrent-mark-start]
2024-03-31T19:32:33.206+0800: 5.232: [CMS-concurrent-mark: 0.004/0.004 secs] [Times: user=0.01 sys=0.01, real=0.00 secs] 
2024-03-31T19:32:33.206+0800: 5.232: [CMS-concurrent-preclean-start]
2024-03-31T19:32:33.216+0800: 5.242: [CMS-concurrent-preclean: 0.002/0.002 secs] [Times: user=0.01 sys=0.01, real=0.01 secs] 
2024-03-31T19:32:33.216+0800: 5.243: [CMS-concurrent-abortable-preclean-start]
2024-03-31T19:32:33.216+0800: 5.243: [CMS-concurrent-abortable-preclean: 0.000/0.000 secs] [Times: user=0.00 sys=0.00, real=0.00 secs] 
2024-03-31T19:32:33.217+0800: 5.243: [GC (CMS Final Remark) [YG occupancy: 15241 K (117952 K)]2024-03-31T19:32:33.217+0800: 5.244: [Rescan (non-parallel) 2024-03-31T19:32:33.217+0800: 5.244: [grey object rescan, 0.0000881 secs]2024-03-31T19:32:33.217+0800: 5.244: [root rescan, 0.0077790 secs]2024-03-31T19:32:33.225+0800: 5.252: [visit unhandled CLDs, 0.0001199 secs]2024-03-31T19:32:33.225+0800: 5.252: [dirty klass scan, 0.0002610 secs], 0.0087244 secs]2024-03-31T19:32:33.226+0800: 5.252: [weak refs processing, 0.0001097 secs]2024-03-31T19:32:33.226+0800: 5.252: [class unloading, 0.0030575 secs]2024-03-31T19:32:33.229+0800: 5.256: [scrub symbol table, 0.0013661 secs]2024-03-31T19:32:33.231+0800: 5.257: [scrub string table, 0.0002067 secs][1 CMS-remark: 63K(64K)] 15305K(118016K), 0.0145490 secs] [Times: user=0.02 sys=0.00, real=0.02 secs] 
2024-03-31T19:32:33.232+0800: 5.258: [CMS-concurrent-sweep-start]
2024-03-31T19:32:33.233+0800: 5.259: [CMS-concurrent-sweep: 0.000/0.000 secs] [Times: user=0.00 sys=0.00, real=0.00 secs] 
2024-03-31T19:32:33.233+0800: 5.260: [CMS-concurrent-reset-start]
2024-03-31T19:32:33.233+0800: 5.260: [CMS-concurrent-reset: 0.000/0.000 secs] [Times: user=0.00 sys=0.00, real=0.00 secs] 
2024-03-31T19:32:33.885+0800: 5.911: [GC (Allocation Failure) 2024-03-31T19:32:33.885+0800: 5.912: [DefNew: 117951K->117951K(117952K), 0.0001396 secs]2024-03-31T19:32:33.886+0800: 5.912: [CMS: 63K->63K(64K), 0.0440963 secs] 118015K->15023K(118016K), [Metaspace: 24958K->24958K(1073152K)], 0.0448541 secs] [Times: user=0.04 sys=0.00, real=0.04 secs] 
2024-03-31T19:32:33.931+0800: 5.957: [GC (CMS Initial Mark) [1 CMS-initial-mark: 63K(64K)] 16917K(118016K), 0.0078211 secs] [Times: user=0.01 sys=0.00, real=0.01 secs] 
2024-03-31T19:32:33.939+0800: 5.965: [CMS-concurrent-mark-start]
2024-03-31T19:32:33.939+0800: 5.966: [CMS-concurrent-mark: 0.000/0.000 secs] [Times: user=0.00 sys=0.00, real=0.00 secs] 
2024-03-31T19:32:33.939+0800: 5.966: [CMS-concurrent-preclean-start]
2024-03-31T19:32:33.940+0800: 5.966: [CMS-concurrent-preclean: 0.000/0.000 secs] [Times: user=0.00 sys=0.00, real=0.00 secs] 
2024-03-31T19:32:33.940+0800: 5.967: [CMS-concurrent-abortable-preclean-start]
2024-03-31T19:32:33.940+0800: 5.967: [CMS-concurrent-abortable-preclean: 0.000/0.000 secs] [Times: user=0.00 sys=0.00, real=0.00 secs] 
2024-03-31T19:32:33.941+0800: 5.968: [GC (CMS Final Remark) [YG occupancy: 16854 K (117952 K)]2024-03-31T19:32:33.941+0800: 5.968: [Rescan (non-parallel) 2024-03-31T19:32:33.942+0800: 5.968: [grey object rescan, 0.0001021 secs]2024-03-31T19:32:33.942+0800: 5.968: [root rescan, 0.0080663 secs]2024-03-31T19:32:33.950+0800: 5.976: [visit unhandled CLDs, 0.0001616 secs]2024-03-31T19:32:33.950+0800: 5.977: [dirty klass scan, 0.0002732 secs], 0.0091507 secs]2024-03-31T19:32:33.951+0800: 5.977: [weak refs processing, 0.0001070 secs]2024-03-31T19:32:33.951+0800: 5.977: [class unloading, 0.0031408 secs]2024-03-31T19:32:33.954+0800: 5.981: [scrub symbol table, 0.0015939 secs]2024-03-31T19:32:33.956+0800: 5.982: [scrub string table, 0.0002353 secs][1 CMS-remark: 63K(64K)] 16917K(118016K), 0.0154788 secs] [Times: user=0.01 sys=0.00, real=0.01 secs] 
2024-03-31T19:32:33.958+0800: 5.984: [CMS-concurrent-sweep-start]
2024-03-31T19:32:33.958+0800: 5.984: [CMS-concurrent-sweep: 0.000/0.000 secs] [Times: user=0.00 sys=0.00, real=0.00 secs] 
2024-03-31T19:32:33.958+0800: 5.984: [CMS-concurrent-reset-start]
2024-03-31T19:32:33.958+0800: 5.985: [CMS-concurrent-reset: 0.000/0.000 secs] [Times: user=0.00 sys=0.01, real=0.00 secs] 
2024-03-31T19:32:34.411+0800: 6.437: [GC (Allocation Failure) 2024-03-31T19:32:34.411+0800: 6.437: [DefNew: 117951K->117951K(117952K), 0.0001420 secs]2024-03-31T19:32:34.411+0800: 6.438: [CMS: 63K->63K(64K), 0.0459647 secs] 118015K->15721K(118016K), [Metaspace: 25468K->25468K(1073152K)], 0.0467360 secs] [Times: user=0.04 sys=0.01, real=0.05 secs] 
2024-03-31T19:32:34.458+0800: 6.484: [GC (CMS Initial Mark) [1 CMS-initial-mark: 63K(64K)] 17589K(118016K), 0.0080834 secs] [Times: user=0.01 sys=0.00, real=0.01 secs] 
2024-03-31T19:32:34.466+0800: 6.493: [CMS-concurrent-mark-start]
2024-03-31T19:32:34.467+0800: 6.493: [CMS-concurrent-mark: 0.000/0.000 secs] [Times: user=0.00 sys=0.00, real=0.00 secs] 
2024-03-31T19:32:34.467+0800: 6.494: [CMS-concurrent-preclean-start]
2024-03-31T19:32:34.468+0800: 6.494: [CMS-concurrent-preclean: 0.000/0.000 secs] [Times: user=0.00 sys=0.00, real=0.00 secs] 
2024-03-31T19:32:34.468+0800: 6.494: [CMS-concurrent-abortable-preclean-start]
2024-03-31T19:32:34.468+0800: 6.495: [CMS-concurrent-abortable-preclean: 0.000/0.000 secs] [Times: user=0.00 sys=0.00, real=0.00 secs] 
2024-03-31T19:32:34.470+0800: 6.496: [GC (CMS Final Remark) [YG occupancy: 17994 K (117952 K)]2024-03-31T19:32:34.470+0800: 6.496: [Rescan (non-parallel) 2024-03-31T19:32:34.470+0800: 6.496: [grey object rescan, 0.0000782 secs]2024-03-31T19:32:34.470+0800: 6.496: [root rescan, 0.0083556 secs]2024-03-31T19:32:34.478+0800: 6.505: [visit unhandled CLDs, 0.0000953 secs]2024-03-31T19:32:34.479+0800: 6.505: [dirty klass scan, 0.0002699 secs], 0.0091733 secs]2024-03-31T19:32:34.479+0800: 6.505: [weak refs processing, 0.0000728 secs]2024-03-31T19:32:34.479+0800: 6.506: [class unloading, 0.0033248 secs]2024-03-31T19:32:34.483+0800: 6.509: [scrub symbol table, 0.0017083 secs]2024-03-31T19:32:34.484+0800: 6.511: [scrub string table, 0.0001928 secs][1 CMS-remark: 63K(64K)] 18058K(118016K), 0.0157459 secs] [Times: user=0.01 sys=0.00, real=0.02 secs] 
2024-03-31T19:32:34.486+0800: 6.512: [CMS-concurrent-sweep-start]
2024-03-31T19:32:34.486+0800: 6.513: [CMS-concurrent-sweep: 0.000/0.000 secs] [Times: user=0.00 sys=0.00, real=0.00 secs] 
2024-03-31T19:32:34.487+0800: 6.513: [CMS-concurrent-reset-start]
2024-03-31T19:32:34.487+0800: 6.513: [CMS-concurrent-reset: 0.000/0.000 secs] [Times: user=0.00 sys=0.00, real=0.00 secs] 
2024-03-31T19:32:34.842+0800: 6.868: [GC (Allocation Failure) 2024-03-31T19:32:34.842+0800: 6.868: [DefNew: 117951K->117951K(117952K), 0.0000857 secs]2024-03-31T19:32:34.842+0800: 6.869: [CMS: 63K->63K(64K), 0.0412183 secs] 118015K->16736K(118016K), [Metaspace: 25782K->25782K(1073152K)], 0.0418440 secs] [Times: user=0.04 sys=0.00, real=0.04 secs] 
2024-03-31T19:32:34.885+0800: 6.911: [GC (CMS Initial Mark) [1 CMS-initial-mark: 63K(64K)] 18390K(118016K), 0.0082215 secs] [Times: user=0.01 sys=0.00, real=0.01 secs] 
2024-03-31T19:32:34.893+0800: 6.920: [CMS-concurrent-mark-start]
2024-03-31T19:32:34.894+0800: 6.920: [CMS-concurrent-mark: 0.000/0.000 secs] [Times: user=0.00 sys=0.00, real=0.00 secs] 
2024-03-31T19:32:34.894+0800: 6.921: [CMS-concurrent-preclean-start]
2024-03-31T19:32:34.895+0800: 6.921: [CMS-concurrent-preclean: 0.000/0.000 secs] [Times: user=0.00 sys=0.00, real=0.00 secs] 
2024-03-31T19:32:34.895+0800: 6.922: [CMS-concurrent-abortable-preclean-start]
2024-03-31T19:32:34.895+0800: 6.922: [CMS-concurrent-abortable-preclean: 0.000/0.000 secs] [Times: user=0.00 sys=0.00, real=0.00 secs] 
2024-03-31T19:32:34.896+0800: 6.923: [GC (CMS Final Remark) [YG occupancy: 18806 K (117952 K)]2024-03-31T19:32:34.897+0800: 6.923: [Rescan (non-parallel) 2024-03-31T19:32:34.897+0800: 6.923: [grey object rescan, 0.0000668 secs]2024-03-31T19:32:34.897+0800: 6.923: [root rescan, 0.0086285 secs]2024-03-31T19:32:34.905+0800: 6.932: [visit unhandled CLDs, 0.0001473 secs]2024-03-31T19:32:34.906+0800: 6.932: [dirty klass scan, 0.0002752 secs], 0.0095110 secs]2024-03-31T19:32:34.906+0800: 6.933: [weak refs processing, 0.0000898 secs]2024-03-31T19:32:34.906+0800: 6.933: [class unloading, 0.0030488 secs]2024-03-31T19:32:34.909+0800: 6.936: [scrub symbol table, 0.0016782 secs]2024-03-31T19:32:34.911+0800: 6.938: [scrub string table, 0.0001851 secs][1 CMS-remark: 63K(64K)] 18870K(118016K), 0.0154912 secs] [Times: user=0.02 sys=0.00, real=0.02 secs] 
2024-03-31T19:32:34.912+0800: 6.939: [CMS-concurrent-sweep-start]
2024-03-31T19:32:34.913+0800: 6.939: [CMS-concurrent-sweep: 0.000/0.000 secs] [Times: user=0.00 sys=0.00, real=0.00 secs] 
2024-03-31T19:32:34.913+0800: 6.940: [CMS-concurrent-reset-start]
2024-03-31T19:32:34.913+0800: 6.940: [CMS-concurrent-reset: 0.000/0.000 secs] [Times: user=0.00 sys=0.00, real=0.00 secs] 
2024-03-31T19:32:35.179+0800: 7.205: [GC (Allocation Failure) 2024-03-31T19:32:35.179+0800: 7.206: [DefNew: 117951K->117951K(117952K), 0.0001175 secs]2024-03-31T19:32:35.179+0800: 7.206: [CMS: 63K->63K(64K), 0.0364070 secs] 118015K->17741K(118016K), [Metaspace: 25780K->25780K(1073152K)], 0.0370694 secs] [Times: user=0.03 sys=0.00, real=0.04 secs] 
2024-03-31T19:32:35.217+0800: 7.243: [GC (CMS Initial Mark) [1 CMS-initial-mark: 63K(64K)] 19287K(118016K), 0.0083094 secs] [Times: user=0.00 sys=0.00, real=0.01 secs] 
2024-03-31T19:32:35.225+0800: 7.252: [CMS-concurrent-mark-start]
2024-03-31T19:32:35.226+0800: 7.252: [CMS-concurrent-mark: 0.000/0.000 secs] [Times: user=0.00 sys=0.00, real=0.00 secs] 
2024-03-31T19:32:35.226+0800: 7.253: [CMS-concurrent-preclean-start]
2024-03-31T19:32:35.227+0800: 7.253: [CMS-concurrent-preclean: 0.000/0.000 secs] [Times: user=0.00 sys=0.00, real=0.00 secs] 
2024-03-31T19:32:35.227+0800: 7.253: [CMS-concurrent-abortable-preclean-start]
2024-03-31T19:32:35.227+0800: 7.254: [CMS-concurrent-abortable-preclean: 0.000/0.000 secs] [Times: user=0.00 sys=0.00, real=0.00 secs] 
2024-03-31T19:32:35.228+0800: 7.254: [GC (CMS Final Remark) [YG occupancy: 19223 K (117952 K)]2024-03-31T19:32:35.228+0800: 7.254: [Rescan (non-parallel) 2024-03-31T19:32:35.228+0800: 7.254: [grey object rescan, 0.0000928 secs]2024-03-31T19:32:35.228+0800: 7.255: [root rescan, 0.0086153 secs]2024-03-31T19:32:35.237+0800: 7.263: [visit unhandled CLDs, 0.0001010 secs]2024-03-31T19:32:35.237+0800: 7.263: [dirty klass scan, 0.0002734 secs], 0.0094506 secs]2024-03-31T19:32:35.237+0800: 7.264: [weak refs processing, 0.0000926 secs]2024-03-31T19:32:35.238+0800: 7.264: [class unloading, 0.0031037 secs]2024-03-31T19:32:35.241+0800: 7.267: [scrub symbol table, 0.0016690 secs]2024-03-31T19:32:35.243+0800: 7.269: [scrub string table, 0.0001864 secs][1 CMS-remark: 63K(64K)] 19287K(118016K), 0.0154757 secs] [Times: user=0.01 sys=0.00, real=0.02 secs] 
2024-03-31T19:32:35.244+0800: 7.270: [CMS-concurrent-sweep-start]
2024-03-31T19:32:35.244+0800: 7.270: [CMS-concurrent-sweep: 0.000/0.000 secs] [Times: user=0.00 sys=0.00, real=0.00 secs] 
2024-03-31T19:32:35.244+0800: 7.270: [CMS-concurrent-reset-start]
2024-03-31T19:32:35.244+0800: 7.271: [CMS-concurrent-reset: 0.000/0.000 secs] [Times: user=0.00 sys=0.00, real=0.00 secs] 
2024-03-31T19:32:35.643+0800: 7.669: [GC (Allocation Failure) 2024-03-31T19:32:35.643+0800: 7.670: [DefNew: 117951K->117951K(117952K), 0.0001503 secs]2024-03-31T19:32:35.644+0800: 7.670: [CMS: 63K->63K(64K), 0.0445087 secs] 118015K->19551K(118016K), [Metaspace: 25924K->25924K(1073152K)], 0.0456020 secs] [Times: user=0.05 sys=0.00, real=0.04 secs] 
2024-03-31T19:32:35.689+0800: 7.716: [GC (CMS Initial Mark) [1 CMS-initial-mark: 63K(64K)] 21034K(118016K), 0.0089911 secs] [Times: user=0.01 sys=0.00, real=0.01 secs] 
2024-03-31T19:32:35.698+0800: 7.725: [CMS-concurrent-mark-start]
2024-03-31T19:32:35.699+0800: 7.725: [CMS-concurrent-mark: 0.000/0.000 secs] [Times: user=0.00 sys=0.00, real=0.00 secs] 
2024-03-31T19:32:35.699+0800: 7.725: [CMS-concurrent-preclean-start]
2024-03-31T19:32:35.699+0800: 7.726: [CMS-concurrent-preclean: 0.000/0.000 secs] [Times: user=0.00 sys=0.01, real=0.00 secs] 
2024-03-31T19:32:35.700+0800: 7.726: [CMS-concurrent-abortable-preclean-start]
2024-03-31T19:32:35.700+0800: 7.726: [CMS-concurrent-abortable-preclean: 0.000/0.000 secs] [Times: user=0.00 sys=0.00, real=0.00 secs] 
2024-03-31T19:32:35.701+0800: 7.727: [GC (CMS Final Remark) [YG occupancy: 20970 K (117952 K)]2024-03-31T19:32:35.701+0800: 7.727: [Rescan (non-parallel) 2024-03-31T19:32:35.701+0800: 7.727: [grey object rescan, 0.0000977 secs]2024-03-31T19:32:35.701+0800: 7.727: [root rescan, 0.0092424 secs]2024-03-31T19:32:35.710+0800: 7.737: [visit unhandled CLDs, 0.0001220 secs]2024-03-31T19:32:35.711+0800: 7.737: [dirty klass scan, 0.0003040 secs], 0.0102861 secs]2024-03-31T19:32:35.711+0800: 7.738: [weak refs processing, 0.0001089 secs]2024-03-31T19:32:35.711+0800: 7.738: [class unloading, 0.0031449 secs]2024-03-31T19:32:35.715+0800: 7.741: [scrub symbol table, 0.0017665 secs]2024-03-31T19:32:35.717+0800: 7.743: [scrub string table, 0.0002117 secs][1 CMS-remark: 63K(64K)] 21034K(118016K), 0.0166495 secs] [Times: user=0.01 sys=0.00, real=0.02 secs] 
2024-03-31T19:32:35.718+0800: 7.744: [CMS-concurrent-sweep-start]
2024-03-31T19:32:35.718+0800: 7.745: [CMS-concurrent-sweep: 0.000/0.000 secs] [Times: user=0.00 sys=0.00, real=0.00 secs] 
2024-03-31T19:32:35.718+0800: 7.745: [CMS-concurrent-reset-start]
2024-03-31T19:32:35.718+0800: 7.745: [CMS-concurrent-reset: 0.000/0.000 secs] [Times: user=0.00 sys=0.00, real=0.00 secs] 
2024-03-31T19:32:36.426+0800: 8.452: [GC (Allocation Failure) 2024-03-31T19:32:36.426+0800: 8.453: [DefNew: 117951K->117951K(117952K), 0.0001501 secs]2024-03-31T19:32:36.427+0800: 8.453: [CMS: 63K->63K(64K), 0.0503885 secs] 118015K->20643K(118016K), [Metaspace: 26620K->26620K(1073152K)], 0.0512786 secs] [Times: user=0.05 sys=0.00, real=0.05 secs] 
2024-03-31T19:32:36.478+0800: 8.505: [GC (CMS Initial Mark) [1 CMS-initial-mark: 63K(64K)] 20643K(118016K), 0.0097107 secs] [Times: user=0.01 sys=0.00, real=0.01 secs] 
2024-03-31T19:32:36.488+0800: 8.515: [CMS-concurrent-mark-start]
2024-03-31T19:32:36.489+0800: 8.515: [CMS-concurrent-mark: 0.000/0.000 secs] [Times: user=0.00 sys=0.00, real=0.00 secs] 
2024-03-31T19:32:36.489+0800: 8.515: [CMS-concurrent-preclean-start]
2024-03-31T19:32:36.489+0800: 8.516: [CMS-concurrent-preclean: 0.000/0.000 secs] [Times: user=0.00 sys=0.00, real=0.00 secs] 
2024-03-31T19:32:36.490+0800: 8.516: [CMS-concurrent-abortable-preclean-start]
2024-03-31T19:32:36.490+0800: 8.517: [CMS-concurrent-abortable-preclean: 0.000/0.000 secs] [Times: user=0.00 sys=0.00, real=0.00 secs] 
2024-03-31T19:32:36.491+0800: 8.517: [GC (CMS Final Remark) [YG occupancy: 22232 K (117952 K)]2024-03-31T19:32:36.491+0800: 8.517: [Rescan (non-parallel) 2024-03-31T19:32:36.491+0800: 8.518: [grey object rescan, 0.0001016 secs]2024-03-31T19:32:36.491+0800: 8.518: [root rescan, 0.0104199 secs]2024-03-31T19:32:36.502+0800: 8.528: [visit unhandled CLDs, 0.0001996 secs]2024-03-31T19:32:36.502+0800: 8.529: [dirty klass scan, 0.0002678 secs], 0.0115155 secs]2024-03-31T19:32:36.503+0800: 8.529: [weak refs processing, 0.0001168 secs]2024-03-31T19:32:36.503+0800: 8.529: [class unloading, 0.0034391 secs]2024-03-31T19:32:36.506+0800: 8.533: [scrub symbol table, 0.0018520 secs]2024-03-31T19:32:36.508+0800: 8.535: [scrub string table, 0.0002188 secs][1 CMS-remark: 63K(64K)] 22295K(118016K), 0.0184379 secs] [Times: user=0.02 sys=0.00, real=0.02 secs] 
2024-03-31T19:32:36.510+0800: 8.536: [CMS-concurrent-sweep-start]
2024-03-31T19:32:36.510+0800: 8.537: [CMS-concurrent-sweep: 0.000/0.000 secs] [Times: user=0.00 sys=0.00, real=0.00 secs] 
2024-03-31T19:32:36.510+0800: 8.537: [CMS-concurrent-reset-start]
2024-03-31T19:32:36.511+0800: 8.537: [CMS-concurrent-reset: 0.000/0.000 secs] [Times: user=0.00 sys=0.00, real=0.00 secs] 
2024-03-31T19:32:37.245+0800: 9.271: [GC (Allocation Failure) 2024-03-31T19:32:37.245+0800: 9.272: [DefNew: 117951K->117951K(117952K), 0.0002288 secs]2024-03-31T19:32:37.246+0800: 9.272: [CMS: 63K->63K(64K), 0.0533436 secs] 118015K->17473K(118016K), [Metaspace: 28183K->28183K(1075200K)], 0.0542520 secs] [Times: user=0.05 sys=0.00, real=0.05 secs] 
2024-03-31T19:32:37.300+0800: 9.327: [GC (CMS Initial Mark) [1 CMS-initial-mark: 63K(64K)] 19229K(118016K), 0.0102398 secs] [Times: user=0.01 sys=0.00, real=0.01 secs] 
2024-03-31T19:32:37.311+0800: 9.337: [CMS-concurrent-mark-start]
2024-03-31T19:32:37.311+0800: 9.338: [CMS-concurrent-mark: 0.000/0.000 secs] [Times: user=0.00 sys=0.00, real=0.01 secs] 
2024-03-31T19:32:37.312+0800: 9.338: [CMS-concurrent-preclean-start]
2024-03-31T19:32:37.312+0800: 9.339: [CMS-concurrent-preclean: 0.000/0.000 secs] [Times: user=0.01 sys=0.00, real=0.00 secs] 
2024-03-31T19:32:37.313+0800: 9.339: [CMS-concurrent-abortable-preclean-start]
2024-03-31T19:32:37.313+0800: 9.339: [CMS-concurrent-abortable-preclean: 0.000/0.000 secs] [Times: user=0.00 sys=0.00, real=0.00 secs] 
2024-03-31T19:32:37.314+0800: 9.340: [GC (CMS Final Remark) [YG occupancy: 19165 K (117952 K)]2024-03-31T19:32:37.314+0800: 9.340: [Rescan (non-parallel) 2024-03-31T19:32:37.314+0800: 9.341: [grey object rescan, 0.0001016 secs]2024-03-31T19:32:37.314+0800: 9.341: [root rescan, 0.0104779 secs]2024-03-31T19:32:37.325+0800: 9.351: [visit unhandled CLDs, 0.0001695 secs]2024-03-31T19:32:37.325+0800: 9.352: [dirty klass scan, 0.0004168 secs], 0.0117276 secs]2024-03-31T19:32:37.326+0800: 9.352: [weak refs processing, 0.0001911 secs]2024-03-31T19:32:37.326+0800: 9.353: [class unloading, 0.0038625 secs]2024-03-31T19:32:37.330+0800: 9.357: [scrub symbol table, 0.0022798 secs]2024-03-31T19:32:37.333+0800: 9.359: [scrub string table, 0.0002617 secs][1 CMS-remark: 63K(64K)] 19229K(118016K), 0.0197683 secs] [Times: user=0.02 sys=0.00, real=0.02 secs] 
2024-03-31T19:32:37.334+0800: 9.360: [CMS-concurrent-sweep-start]
2024-03-31T19:32:37.334+0800: 9.361: [CMS-concurrent-sweep: 0.000/0.000 secs] [Times: user=0.00 sys=0.00, real=0.00 secs] 
2024-03-31T19:32:37.335+0800: 9.361: [CMS-concurrent-reset-start]
2024-03-31T19:32:37.335+0800: 9.361: [CMS-concurrent-reset: 0.000/0.000 secs] [Times: user=0.00 sys=0.00, real=0.00 secs] 
2024-03-31T19:32:38.117+0800: 10.143: [GC (Allocation Failure) 2024-03-31T19:32:38.117+0800: 10.144: [DefNew: 117951K->117951K(117952K), 0.0001200 secs]2024-03-31T19:32:38.118+0800: 10.144: [CMS: 63K->63K(64K), 0.0548874 secs] 118015K->17547K(118016K), [Metaspace: 30228K->30228K(1077248K)], 0.0557655 secs] [Times: user=0.05 sys=0.00, real=0.06 secs] 
2024-03-31T19:32:38.174+0800: 10.200: [GC (CMS Initial Mark) [1 CMS-initial-mark: 63K(64K)] 19391K(118016K), 0.0099828 secs] [Times: user=0.01 sys=0.00, real=0.01 secs] 
2024-03-31T19:32:38.184+0800: 10.211: [CMS-concurrent-mark-start]
2024-03-31T19:32:38.185+0800: 10.211: [CMS-concurrent-mark: 0.000/0.000 secs] [Times: user=0.00 sys=0.00, real=0.00 secs] 
2024-03-31T19:32:38.185+0800: 10.211: [CMS-concurrent-preclean-start]
2024-03-31T19:32:38.186+0800: 10.212: [CMS-concurrent-preclean: 0.000/0.000 secs] [Times: user=0.00 sys=0.00, real=0.00 secs] 
2024-03-31T19:32:38.186+0800: 10.212: [CMS-concurrent-abortable-preclean-start]
2024-03-31T19:32:38.186+0800: 10.212: [CMS-concurrent-abortable-preclean: 0.000/0.000 secs] [Times: user=0.00 sys=0.00, real=0.00 secs] 
2024-03-31T19:32:38.187+0800: 10.213: [GC (CMS Final Remark) [YG occupancy: 19327 K (117952 K)]2024-03-31T19:32:38.187+0800: 10.213: [Rescan (non-parallel) 2024-03-31T19:32:38.187+0800: 10.214: [grey object rescan, 0.0000988 secs]2024-03-31T19:32:38.187+0800: 10.214: [root rescan, 0.0102613 secs]2024-03-31T19:32:38.198+0800: 10.224: [visit unhandled CLDs, 0.0001232 secs]2024-03-31T19:32:38.198+0800: 10.224: [dirty klass scan, 0.0003335 secs], 0.0113631 secs]2024-03-31T19:32:38.198+0800: 10.225: [weak refs processing, 0.0001148 secs]2024-03-31T19:32:38.199+0800: 10.225: [class unloading, 0.0039493 secs]2024-03-31T19:32:38.203+0800: 10.229: [scrub symbol table, 0.0023375 secs]2024-03-31T19:32:38.205+0800: 10.232: [scrub string table, 0.0002399 secs][1 CMS-remark: 63K(64K)] 19391K(118016K), 0.0194403 secs] [Times: user=0.01 sys=0.00, real=0.02 secs] 
2024-03-31T19:32:38.207+0800: 10.233: [CMS-concurrent-sweep-start]
2024-03-31T19:32:38.207+0800: 10.234: [CMS-concurrent-sweep: 0.000/0.000 secs] [Times: user=0.00 sys=0.00, real=0.00 secs] 
2024-03-31T19:32:38.208+0800: 10.234: [CMS-concurrent-reset-start]
2024-03-31T19:32:38.208+0800: 10.234: [CMS-concurrent-reset: 0.000/0.000 secs] [Times: user=0.01 sys=0.00, real=0.00 secs] 
2024-03-31T19:32:38.861+0800: 10.887: [GC (Allocation Failure) 2024-03-31T19:32:38.861+0800: 10.887: [DefNew: 117951K->117951K(117952K), 0.0001530 secs]2024-03-31T19:32:38.861+0800: 10.888: [CMS: 63K->63K(64K), 0.0606938 secs] 118015K->18677K(118016K), [Metaspace: 31453K->31453K(1079296K)], 0.0614825 secs] [Times: user=0.13 sys=0.01, real=0.07 secs] 
2024-03-31T19:32:38.923+0800: 10.950: [GC (CMS Initial Mark) [1 CMS-initial-mark: 63K(64K)] 20580K(118016K), 0.0108767 secs] [Times: user=0.01 sys=0.00, real=0.01 secs] 
2024-03-31T19:32:38.935+0800: 10.961: [CMS-concurrent-mark-start]
2024-03-31T19:32:38.935+0800: 10.961: [CMS-concurrent-mark: 0.000/0.000 secs] [Times: user=0.00 sys=0.00, real=0.00 secs] 
2024-03-31T19:32:38.935+0800: 10.962: [CMS-concurrent-preclean-start]
2024-03-31T19:32:38.936+0800: 10.962: [CMS-concurrent-preclean: 0.000/0.000 secs] [Times: user=0.00 sys=0.00, real=0.00 secs] 
2024-03-31T19:32:38.936+0800: 10.962: [CMS-concurrent-abortable-preclean-start]
2024-03-31T19:32:38.936+0800: 10.963: [CMS-concurrent-abortable-preclean: 0.000/0.000 secs] [Times: user=0.00 sys=0.00, real=0.00 secs] 
2024-03-31T19:32:38.937+0800: 10.964: [GC (CMS Final Remark) [YG occupancy: 20516 K (117952 K)]2024-03-31T19:32:38.938+0800: 10.964: [Rescan (non-parallel) 2024-03-31T19:32:38.938+0800: 10.964: [grey object rescan, 0.0001013 secs]2024-03-31T19:32:38.938+0800: 10.964: [root rescan, 0.0113486 secs]2024-03-31T19:32:38.949+0800: 10.976: [visit unhandled CLDs, 0.0001287 secs]2024-03-31T19:32:38.950+0800: 10.976: [dirty klass scan, 0.0004435 secs], 0.0125156 secs]2024-03-31T19:32:38.950+0800: 10.977: [weak refs processing, 0.0001130 secs]2024-03-31T19:32:38.950+0800: 10.977: [class unloading, 0.0042018 secs]2024-03-31T19:32:38.955+0800: 10.981: [scrub symbol table, 0.0022590 secs]2024-03-31T19:32:38.957+0800: 10.984: [scrub string table, 0.0002539 secs][1 CMS-remark: 63K(64K)] 20580K(118016K), 0.0209378 secs] [Times: user=0.01 sys=0.00, real=0.02 secs] 
2024-03-31T19:32:38.959+0800: 10.985: [CMS-concurrent-sweep-start]
2024-03-31T19:32:38.959+0800: 10.986: [CMS-concurrent-sweep: 0.000/0.000 secs] [Times: user=0.00 sys=0.00, real=0.00 secs] 
2024-03-31T19:32:38.960+0800: 10.987: [CMS-concurrent-reset-start]
2024-03-31T19:32:38.961+0800: 10.987: [CMS-concurrent-reset: 0.000/0.000 secs] [Times: user=0.00 sys=0.00, real=0.00 secs] 
2024-03-31T19:32:39.951+0800: 11.977: [GC (Allocation Failure) 2024-03-31T19:32:39.955+0800: 11.982: [DefNew: 117952K->117952K(117952K), 0.0002278 secs]2024-03-31T19:32:39.955+0800: 11.982: [CMS: 63K->63K(64K), 0.0694774 secs] 118015K->20823K(118016K), [Metaspace: 35754K->35754K(1083392K)], 0.0742217 secs] [Times: user=0.18 sys=0.01, real=0.08 secs] 
2024-03-31T19:32:40.026+0800: 12.052: [GC (CMS Initial Mark) [1 CMS-initial-mark: 63K(64K)] 20823K(118016K), 0.0126194 secs] [Times: user=0.01 sys=0.00, real=0.01 secs] 
2024-03-31T19:32:40.039+0800: 12.065: [CMS-concurrent-mark-start]
2024-03-31T19:32:40.039+0800: 12.066: [CMS-concurrent-mark: 0.000/0.000 secs] [Times: user=0.00 sys=0.00, real=0.00 secs] 
2024-03-31T19:32:40.040+0800: 12.066: [CMS-concurrent-preclean-start]
2024-03-31T19:32:40.040+0800: 12.067: [CMS-concurrent-preclean: 0.000/0.000 secs] [Times: user=0.01 sys=0.00, real=0.00 secs] 
2024-03-31T19:32:40.041+0800: 12.067: [CMS-concurrent-abortable-preclean-start]
2024-03-31T19:32:40.041+0800: 12.067: [CMS-concurrent-abortable-preclean: 0.000/0.000 secs] [Times: user=0.00 sys=0.00, real=0.00 secs] 
2024-03-31T19:32:40.042+0800: 12.068: [GC (CMS Final Remark) [YG occupancy: 22686 K (117952 K)]2024-03-31T19:32:40.042+0800: 12.068: [Rescan (non-parallel) 2024-03-31T19:32:40.042+0800: 12.068: [grey object rescan, 0.0001185 secs]2024-03-31T19:32:40.042+0800: 12.069: [root rescan, 0.0139581 secs]2024-03-31T19:32:40.056+0800: 12.083: [visit unhandled CLDs, 0.0001443 secs]2024-03-31T19:32:40.057+0800: 12.083: [dirty klass scan, 0.0004420 secs], 0.0153645 secs]2024-03-31T19:32:40.057+0800: 12.084: [weak refs processing, 0.0001292 secs]2024-03-31T19:32:40.057+0800: 12.084: [class unloading, 0.0049805 secs]2024-03-31T19:32:40.063+0800: 12.089: [scrub symbol table, 0.0030866 secs]2024-03-31T19:32:40.066+0800: 12.092: [scrub string table, 0.0003129 secs][1 CMS-remark: 63K(64K)] 22750K(118016K), 0.0256352 secs] [Times: user=0.03 sys=0.00, real=0.02 secs] 
2024-03-31T19:32:40.068+0800: 12.094: [CMS-concurrent-sweep-start]
2024-03-31T19:32:40.068+0800: 12.094: [CMS-concurrent-sweep: 0.000/0.000 secs] [Times: user=0.00 sys=0.00, real=0.00 secs] 
2024-03-31T19:32:40.068+0800: 12.095: [CMS-concurrent-reset-start]
2024-03-31T19:32:40.068+0800: 12.095: [CMS-concurrent-reset: 0.000/0.000 secs] [Times: user=0.00 sys=0.00, real=0.00 secs] 
2024-03-31T19:32:41.572+0800: 13.598: [GC (Allocation Failure) 2024-03-31T19:32:41.572+0800: 13.598: [DefNew: 117951K->117951K(117952K), 0.0001334 secs]2024-03-31T19:32:41.572+0800: 13.598: [CMS: 63K->63K(64K), 0.0747857 secs] 118015K->24970K(118016K), [Metaspace: 40664K->40664K(1087488K)], 0.0755650 secs] [Times: user=0.07 sys=0.00, real=0.07 secs] 
2024-03-31T19:32:41.648+0800: 13.674: [GC (CMS Initial Mark) [1 CMS-initial-mark: 63K(64K)] 26862K(118016K), 0.0145415 secs] [Times: user=0.02 sys=0.00, real=0.02 secs] 
2024-03-31T19:32:41.663+0800: 13.690: [CMS-concurrent-mark-start]
2024-03-31T19:32:41.663+0800: 13.690: [CMS-concurrent-mark: 0.000/0.000 secs] [Times: user=0.00 sys=0.00, real=0.00 secs] 
2024-03-31T19:32:41.664+0800: 13.690: [CMS-concurrent-preclean-start]
2024-03-31T19:32:41.665+0800: 13.691: [CMS-concurrent-preclean: 0.000/0.000 secs] [Times: user=0.00 sys=0.00, real=0.00 secs] 
2024-03-31T19:32:41.665+0800: 13.691: [CMS-concurrent-abortable-preclean-start]
2024-03-31T19:32:41.665+0800: 13.692: [CMS-concurrent-abortable-preclean: 0.000/0.000 secs] [Times: user=0.00 sys=0.00, real=0.00 secs] 
2024-03-31T19:32:41.670+0800: 13.696: [GC (CMS Final Remark) [YG occupancy: 26798 K (117952 K)]2024-03-31T19:32:41.670+0800: 13.696: [Rescan (non-parallel) 2024-03-31T19:32:41.670+0800: 13.696: [grey object rescan, 0.0001059 secs]2024-03-31T19:32:41.670+0800: 13.697: [root rescan, 0.0150583 secs]2024-03-31T19:32:41.685+0800: 13.712: [visit unhandled CLDs, 0.0001274 secs]2024-03-31T19:32:41.686+0800: 13.712: [dirty klass scan, 0.0005053 secs], 0.0163472 secs]2024-03-31T19:32:41.686+0800: 13.713: [weak refs processing, 0.0001265 secs]2024-03-31T19:32:41.686+0800: 13.713: [class unloading, 0.0050470 secs]2024-03-31T19:32:41.692+0800: 13.718: [scrub symbol table, 0.0040800 secs]2024-03-31T19:32:41.696+0800: 13.722: [scrub string table, 0.0003436 secs][1 CMS-remark: 63K(64K)] 26862K(118016K), 0.0277538 secs] [Times: user=0.03 sys=0.00, real=0.03 secs] 
2024-03-31T19:32:41.698+0800: 13.724: [CMS-concurrent-sweep-start]
2024-03-31T19:32:41.698+0800: 13.724: [CMS-concurrent-sweep: 0.000/0.000 secs] [Times: user=0.00 sys=0.00, real=0.00 secs] 
2024-03-31T19:32:41.701+0800: 13.728: [CMS-concurrent-reset-start]
2024-03-31T19:32:41.701+0800: 13.728: [CMS-concurrent-reset: 0.000/0.000 secs] [Times: user=0.00 sys=0.00, real=0.00 secs] 
2024-03-31T19:32:42.813+0800: 14.840: [GC (Allocation Failure) 2024-03-31T19:32:42.813+0800: 14.840: [DefNew: 117951K->117951K(117952K), 0.0002288 secs]2024-03-31T19:32:42.814+0800: 14.840: [CMS: 63K->63K(64K), 0.0827456 secs] 118015K->28097K(118016K), [Metaspace: 45442K->45442K(1091584K)], 0.0836569 secs] [Times: user=0.08 sys=0.01, real=0.08 secs] 
2024-03-31T19:32:42.898+0800: 14.924: [GC (CMS Initial Mark) [1 CMS-initial-mark: 63K(64K)] 32015K(118016K), 0.0162224 secs] [Times: user=0.02 sys=0.00, real=0.02 secs] 
2024-03-31T19:32:42.915+0800: 14.941: [CMS-concurrent-mark-start]
2024-03-31T19:32:42.915+0800: 14.941: [CMS-concurrent-mark: 0.000/0.000 secs] [Times: user=0.00 sys=0.00, real=0.00 secs] 
2024-03-31T19:32:42.915+0800: 14.942: [CMS-concurrent-preclean-start]
2024-03-31T19:32:42.916+0800: 14.943: [CMS-concurrent-preclean: 0.000/0.000 secs] [Times: user=0.00 sys=0.00, real=0.00 secs] 
2024-03-31T19:32:42.917+0800: 14.943: [CMS-concurrent-abortable-preclean-start]
2024-03-31T19:32:42.917+0800: 14.943: [CMS-concurrent-abortable-preclean: 0.000/0.000 secs] [Times: user=0.00 sys=0.00, real=0.00 secs] 
2024-03-31T19:32:42.918+0800: 14.944: [GC (CMS Final Remark) [YG occupancy: 31952 K (117952 K)]2024-03-31T19:32:42.918+0800: 14.944: [Rescan (non-parallel) 2024-03-31T19:32:42.918+0800: 14.945: [grey object rescan, 0.0001056 secs]2024-03-31T19:32:42.918+0800: 14.945: [root rescan, 0.0173988 secs]2024-03-31T19:32:42.936+0800: 14.962: [visit unhandled CLDs, 0.0001256 secs]2024-03-31T19:32:42.936+0800: 14.963: [dirty klass scan, 0.0005312 secs], 0.0187614 secs]2024-03-31T19:32:42.937+0800: 14.963: [weak refs processing, 0.0001173 secs]2024-03-31T19:32:42.937+0800: 14.964: [class unloading, 0.0054272 secs]2024-03-31T19:32:42.943+0800: 14.969: [scrub symbol table, 0.0046615 secs]2024-03-31T19:32:42.948+0800: 14.974: [scrub string table, 0.0003693 secs][1 CMS-remark: 63K(64K)] 32015K(118016K), 0.0312117 secs] [Times: user=0.03 sys=0.00, real=0.03 secs] 
2024-03-31T19:32:42.950+0800: 14.976: [CMS-concurrent-sweep-start]
2024-03-31T19:32:42.950+0800: 14.976: [CMS-concurrent-sweep: 0.000/0.000 secs] [Times: user=0.00 sys=0.00, real=0.00 secs] 
2024-03-31T19:32:42.951+0800: 14.977: [CMS-concurrent-reset-start]
2024-03-31T19:32:42.951+0800: 14.977: [CMS-concurrent-reset: 0.000/0.000 secs] [Times: user=0.00 sys=0.00, real=0.01 secs] 
2024-03-31T19:32:43.885+0800: 15.911: [GC (Allocation Failure) 2024-03-31T19:32:43.885+0800: 15.911: [DefNew: 101533K->101533K(117952K), 0.0002193 secs]2024-03-31T19:32:43.885+0800: 15.912: [CMS: 63K->63K(64K), 0.0863831 secs] 101597K->30109K(118016K), [Metaspace: 47680K->47680K(1093632K)], 0.0873626 secs] [Times: user=0.17 sys=0.01, real=0.09 secs] 
2024-03-31T19:32:43.973+0800: 16.000: [GC (CMS Initial Mark) [1 CMS-initial-mark: 63K(64K)] 63926K(118016K), 0.0444694 secs] [Times: user=0.06 sys=0.00, real=0.04 secs] 
2024-03-31T19:32:44.018+0800: 16.045: [CMS-concurrent-mark-start]
2024-03-31T19:32:44.019+0800: 16.045: [CMS-concurrent-mark: 0.000/0.000 secs] [Times: user=0.00 sys=0.00, real=0.00 secs] 
2024-03-31T19:32:44.020+0800: 16.046: [CMS-concurrent-preclean-start]
2024-03-31T19:32:44.021+0800: 16.048: [CMS-concurrent-preclean: 0.001/0.001 secs] [Times: user=0.00 sys=0.00, real=0.01 secs] 
2024-03-31T19:32:44.022+0800: 16.048: [CMS-concurrent-abortable-preclean-start]
2024-03-31T19:32:44.023+0800: 16.049: [CMS-concurrent-abortable-preclean: 0.000/0.000 secs] [Times: user=0.00 sys=0.00, real=0.00 secs] 
2024-03-31T19:32:44.025+0800: 16.051: [GC (CMS Final Remark) [YG occupancy: 66030 K (117952 K)]2024-03-31T19:32:44.025+0800: 16.051: [Rescan (non-parallel) 2024-03-31T19:32:44.025+0800: 16.051: [grey object rescan, 0.0001016 secs]2024-03-31T19:32:44.025+0800: 16.052: [root rescan, 0.0441787 secs]2024-03-31T19:32:44.070+0800: 16.096: [visit unhandled CLDs, 0.0001606 secs]2024-03-31T19:32:44.070+0800: 16.096: [dirty klass scan, 0.0010538 secs], 0.0461313 secs]2024-03-31T19:32:44.071+0800: 16.097: [weak refs processing, 0.0001167 secs]2024-03-31T19:32:44.071+0800: 16.098: [class unloading, 0.0057452 secs]2024-03-31T19:32:44.077+0800: 16.104: [scrub symbol table, 0.0053731 secs]2024-03-31T19:32:44.083+0800: 16.109: [scrub string table, 0.0004155 secs][1 CMS-remark: 63K(64K)] 66094K(118016K), 0.0597901 secs] [Times: user=0.06 sys=0.00, real=0.06 secs] 
2024-03-31T19:32:44.085+0800: 16.111: [CMS-concurrent-sweep-start]
2024-03-31T19:32:44.085+0800: 16.111: [CMS-concurrent-sweep: 0.000/0.000 secs] [Times: user=0.00 sys=0.00, real=0.00 secs] 
2024-03-31T19:32:44.086+0800: 16.113: [CMS-concurrent-reset-start]
2024-03-31T19:32:44.087+0800: 16.113: [CMS-concurrent-reset: 0.000/0.000 secs] [Times: user=0.00 sys=0.00, real=0.00 secs] 
2024-03-31T19:32:44.758+0800: 16.784: [GC (Allocation Failure) 2024-03-31T19:32:44.758+0800: 16.785: [DefNew: 117952K->117952K(117952K), 0.0002371 secs]2024-03-31T19:32:44.759+0800: 16.785: [CMS: 63K->63K(64K), 0.0978581 secs] 118015K->64399K(118016K), [Metaspace: 49484K->49484K(1095680K)], 0.0989617 secs] [Times: user=0.17 sys=0.00, real=0.10 secs] 
2024-03-31T19:32:44.858+0800: 16.884: [GC (CMS Initial Mark) [1 CMS-initial-mark: 63K(64K)] 66057K(118016K), 0.0433292 secs] [Times: user=0.04 sys=0.00, real=0.05 secs] 
2024-03-31T19:32:44.902+0800: 16.928: [CMS-concurrent-mark-start]
2024-03-31T19:32:44.903+0800: 16.929: [CMS-concurrent-mark: 0.000/0.000 secs] [Times: user=0.00 sys=0.00, real=0.00 secs] 
2024-03-31T19:32:44.904+0800: 16.930: [CMS-concurrent-preclean-start]
2024-03-31T19:32:44.905+0800: 16.931: [CMS-concurrent-preclean: 0.001/0.001 secs] [Times: user=0.01 sys=0.00, real=0.00 secs] 
2024-03-31T19:32:44.906+0800: 16.932: [CMS-concurrent-abortable-preclean-start]
2024-03-31T19:32:44.906+0800: 16.933: [CMS-concurrent-abortable-preclean: 0.000/0.000 secs] [Times: user=0.00 sys=0.00, real=0.00 secs] 
2024-03-31T19:32:44.909+0800: 16.935: [GC (CMS Final Remark) [YG occupancy: 66686 K (117952 K)]2024-03-31T19:32:44.909+0800: 16.935: [Rescan (non-parallel) 2024-03-31T19:32:44.909+0800: 16.935: [grey object rescan, 0.0001913 secs]2024-03-31T19:32:44.909+0800: 16.936: [root rescan, 0.0444667 secs]2024-03-31T19:32:44.954+0800: 16.980: [visit unhandled CLDs, 0.0001565 secs]2024-03-31T19:32:44.954+0800: 16.981: [dirty klass scan, 0.0009947 secs], 0.0464864 secs]2024-03-31T19:32:44.955+0800: 16.982: [weak refs processing, 0.0001338 secs]2024-03-31T19:32:44.956+0800: 16.982: [class unloading, 0.0058057 secs]2024-03-31T19:32:44.962+0800: 16.988: [scrub symbol table, 0.0050613 secs]2024-03-31T19:32:44.967+0800: 16.993: [scrub string table, 0.0003875 secs][1 CMS-remark: 63K(64K)] 66750K(118016K), 0.0598570 secs] [Times: user=0.06 sys=0.00, real=0.06 secs] 
2024-03-31T19:32:44.969+0800: 16.995: [CMS-concurrent-sweep-start]
2024-03-31T19:32:44.969+0800: 16.995: [CMS-concurrent-sweep: 0.000/0.000 secs] [Times: user=0.00 sys=0.00, real=0.00 secs] 
2024-03-31T19:32:44.974+0800: 17.000: [CMS-concurrent-reset-start]
2024-03-31T19:32:44.974+0800: 17.001: [CMS-concurrent-reset: 0.000/0.000 secs] [Times: user=0.00 sys=0.00, real=0.00 secs] 
2024-03-31T19:32:45.311+0800: 17.338: [GC (Allocation Failure) 2024-03-31T19:32:45.312+0800: 17.338: [DefNew: 117951K->117951K(117952K), 0.0002254 secs]2024-03-31T19:32:45.312+0800: 17.338: [CMS: 63K->63K(64K), 0.0859002 secs] 118015K->63799K(118016K), [Metaspace: 50990K->50990K(1095680K)], 0.0868781 secs] [Times: user=0.08 sys=0.00, real=0.08 secs] 
2024-03-31T19:32:45.400+0800: 17.426: [GC (CMS Initial Mark) [1 CMS-initial-mark: 63K(64K)] 65678K(118016K), 0.0427122 secs] [Times: user=0.05 sys=0.00, real=0.05 secs] 
2024-03-31T19:32:45.443+0800: 17.469: [CMS-concurrent-mark-start]
2024-03-31T19:32:45.443+0800: 17.470: [CMS-concurrent-mark: 0.000/0.000 secs] [Times: user=0.00 sys=0.00, real=0.00 secs] 
2024-03-31T19:32:45.444+0800: 17.470: [CMS-concurrent-preclean-start]
2024-03-31T19:32:45.445+0800: 17.472: [CMS-concurrent-preclean: 0.001/0.001 secs] [Times: user=0.00 sys=0.00, real=0.00 secs] 
2024-03-31T19:32:45.446+0800: 17.472: [CMS-concurrent-abortable-preclean-start]
2024-03-31T19:32:45.447+0800: 17.473: [CMS-concurrent-abortable-preclean: 0.000/0.000 secs] [Times: user=0.00 sys=0.00, real=0.00 secs] 
2024-03-31T19:32:45.448+0800: 17.474: [GC (CMS Final Remark) [YG occupancy: 65614 K (117952 K)]2024-03-31T19:32:45.448+0800: 17.474: [Rescan (non-parallel) 2024-03-31T19:32:45.448+0800: 17.475: [grey object rescan, 0.0001066 secs]2024-03-31T19:32:45.448+0800: 17.475: [root rescan, 0.0431970 secs]2024-03-31T19:32:45.492+0800: 17.518: [visit unhandled CLDs, 0.0001676 secs]2024-03-31T19:32:45.492+0800: 17.518: [dirty klass scan, 0.0010100 secs], 0.0451360 secs]2024-03-31T19:32:45.493+0800: 17.520: [weak refs processing, 0.0001313 secs]2024-03-31T19:32:45.493+0800: 17.520: [class unloading, 0.0059579 secs]2024-03-31T19:32:45.500+0800: 17.526: [scrub symbol table, 0.0055751 secs]2024-03-31T19:32:45.505+0800: 17.532: [scrub string table, 0.0004623 secs][1 CMS-remark: 63K(64K)] 65678K(118016K), 0.0592411 secs] [Times: user=0.06 sys=0.00, real=0.06 secs] 
2024-03-31T19:32:45.508+0800: 17.534: [CMS-concurrent-sweep-start]
2024-03-31T19:32:45.508+0800: 17.535: [CMS-concurrent-sweep: 0.000/0.000 secs] [Times: user=0.00 sys=0.00, real=0.00 secs] 
2024-03-31T19:32:45.509+0800: 17.536: [CMS-concurrent-reset-start]
2024-03-31T19:32:45.510+0800: 17.537: [CMS-concurrent-reset: 0.000/0.000 secs] [Times: user=0.00 sys=0.00, real=0.00 secs] 
2024-03-31T19:32:45.824+0800: 17.850: [GC (Allocation Failure) 2024-03-31T19:32:45.827+0800: 17.854: [DefNew: 117951K->117951K(117952K), 0.0002803 secs]2024-03-31T19:32:45.828+0800: 17.854: [CMS: 63K->63K(64K), 0.0874655 secs] 118015K->64584K(118016K), [Metaspace: 52790K->52790K(1097728K)], 0.0913124 secs] [Times: user=0.25 sys=0.00, real=0.09 secs] 
2024-03-31T19:32:45.917+0800: 17.943: [GC (CMS Initial Mark) [1 CMS-initial-mark: 63K(64K)] 66179K(118016K), 0.0434800 secs] [Times: user=0.05 sys=0.00, real=0.04 secs] 
2024-03-31T19:32:45.961+0800: 17.987: [CMS-concurrent-mark-start]
2024-03-31T19:32:45.961+0800: 17.988: [CMS-concurrent-mark: 0.000/0.000 secs] [Times: user=0.00 sys=0.00, real=0.01 secs] 
2024-03-31T19:32:45.962+0800: 17.988: [CMS-concurrent-preclean-start]
2024-03-31T19:32:45.964+0800: 17.990: [CMS-concurrent-preclean: 0.001/0.001 secs] [Times: user=0.01 sys=0.00, real=0.00 secs] 
2024-03-31T19:32:45.965+0800: 17.992: [CMS-concurrent-abortable-preclean-start]
2024-03-31T19:32:45.966+0800: 17.993: [CMS-concurrent-abortable-preclean: 0.000/0.000 secs] [Times: user=0.01 sys=0.00, real=0.00 secs] 
2024-03-31T19:32:45.969+0800: 17.995: [GC (CMS Final Remark) [YG occupancy: 66115 K (117952 K)]2024-03-31T19:32:45.969+0800: 17.995: [Rescan (non-parallel) 2024-03-31T19:32:45.969+0800: 17.995: [grey object rescan, 0.0001127 secs]2024-03-31T19:32:45.969+0800: 17.996: [root rescan, 0.0445881 secs]2024-03-31T19:32:46.014+0800: 18.040: [visit unhandled CLDs, 0.0001796 secs]2024-03-31T19:32:46.014+0800: 18.041: [dirty klass scan, 0.0009623 secs], 0.0464705 secs]2024-03-31T19:32:46.015+0800: 18.042: [weak refs processing, 0.0001241 secs]2024-03-31T19:32:46.016+0800: 18.042: [class unloading, 0.0060659 secs]2024-03-31T19:32:46.022+0800: 18.048: [scrub symbol table, 0.0058841 secs]2024-03-31T19:32:46.028+0800: 18.054: [scrub string table, 0.0003872 secs][1 CMS-remark: 63K(64K)] 66179K(118016K), 0.0609250 secs] [Times: user=0.06 sys=0.00, real=0.06 secs] 
2024-03-31T19:32:46.030+0800: 18.057: [CMS-concurrent-sweep-start]
2024-03-31T19:32:46.030+0800: 18.057: [CMS-concurrent-sweep: 0.000/0.000 secs] [Times: user=0.00 sys=0.00, real=0.00 secs] 
2024-03-31T19:32:46.032+0800: 18.059: [CMS-concurrent-reset-start]
2024-03-31T19:32:46.033+0800: 18.059: [CMS-concurrent-reset: 0.000/0.000 secs] [Times: user=0.00 sys=0.00, real=0.00 secs] 
2024-03-31T19:32:46.640+0800: 18.667: [GC (Allocation Failure) 2024-03-31T19:32:46.641+0800: 18.667: [DefNew: 117951K->117951K(117952K), 0.0001680 secs]2024-03-31T19:32:46.641+0800: 18.668: [CMS: 63K->63K(64K), 0.0933583 secs] 118015K->65513K(118016K), [Metaspace: 54811K->54811K(1099776K)], 0.0942731 secs] [Times: user=0.12 sys=0.00, real=0.10 secs] 
2024-03-31T19:32:46.736+0800: 18.763: [GC (CMS Initial Mark) [1 CMS-initial-mark: 63K(64K)] 65705K(118016K), 0.0443054 secs] [Times: user=0.05 sys=0.00, real=0.04 secs] 
2024-03-31T19:32:46.781+0800: 18.808: [CMS-concurrent-mark-start]
2024-03-31T19:32:46.782+0800: 18.808: [CMS-concurrent-mark: 0.000/0.000 secs] [Times: user=0.00 sys=0.00, real=0.00 secs] 
2024-03-31T19:32:46.785+0800: 18.812: [CMS-concurrent-preclean-start]
2024-03-31T19:32:46.786+0800: 18.813: [CMS-concurrent-preclean: 0.001/0.001 secs] [Times: user=0.00 sys=0.00, real=0.00 secs] 
2024-03-31T19:32:46.787+0800: 18.813: [CMS-concurrent-abortable-preclean-start]
2024-03-31T19:32:46.787+0800: 18.814: [CMS-concurrent-abortable-preclean: 0.000/0.000 secs] [Times: user=0.00 sys=0.00, real=0.00 secs] 
2024-03-31T19:32:46.789+0800: 18.815: [GC (CMS Final Remark) [YG occupancy: 66826 K (117952 K)]2024-03-31T19:32:46.789+0800: 18.816: [Rescan (non-parallel) 2024-03-31T19:32:46.789+0800: 18.816: [grey object rescan, 0.0001159 secs]2024-03-31T19:32:46.790+0800: 18.816: [root rescan, 0.0447200 secs]2024-03-31T19:32:46.835+0800: 18.861: [visit unhandled CLDs, 0.0002190 secs]2024-03-31T19:32:46.835+0800: 18.861: [dirty klass scan, 0.0010768 secs], 0.0468275 secs]2024-03-31T19:32:46.836+0800: 18.863: [weak refs processing, 0.0001538 secs]2024-03-31T19:32:46.836+0800: 18.863: [class unloading, 0.0065529 secs]2024-03-31T19:32:46.843+0800: 18.870: [scrub symbol table, 0.0061823 secs]2024-03-31T19:32:46.849+0800: 18.876: [scrub string table, 0.0003893 secs][1 CMS-remark: 63K(64K)] 66890K(118016K), 0.0621957 secs] [Times: user=0.06 sys=0.00, real=0.07 secs] 
2024-03-31T19:32:46.852+0800: 18.878: [CMS-concurrent-sweep-start]
2024-03-31T19:32:46.853+0800: 18.879: [CMS-concurrent-sweep: 0.000/0.000 secs] [Times: user=0.00 sys=0.00, real=0.00 secs] 
2024-03-31T19:32:46.854+0800: 18.881: [CMS-concurrent-reset-start]
2024-03-31T19:32:46.855+0800: 18.881: [CMS-concurrent-reset: 0.000/0.000 secs] [Times: user=0.00 sys=0.00, real=0.00 secs] 
2024-03-31T19:32:47.283+0800: 19.310: [GC (Allocation Failure) 2024-03-31T19:32:47.284+0800: 19.310: [DefNew: 117951K->117951K(117952K), 0.0001708 secs]2024-03-31T19:32:47.284+0800: 19.310: [CMS: 63K->63K(64K), 0.0936499 secs] 118015K->66142K(118016K), [Metaspace: 57845K->57845K(1101824K)], 0.0944991 secs] [Times: user=0.18 sys=0.01, real=0.09 secs] 
2024-03-31T19:32:47.379+0800: 19.406: [GC (CMS Initial Mark) [1 CMS-initial-mark: 63K(64K)] 66142K(118016K), 0.0457395 secs] [Times: user=0.09 sys=0.00, real=0.05 secs] 
2024-03-31T19:32:47.425+0800: 19.452: [CMS-concurrent-mark-start]
2024-03-31T19:32:47.426+0800: 19.452: [CMS-concurrent-mark: 0.000/0.000 secs] [Times: user=0.00 sys=0.00, real=0.00 secs] 
2024-03-31T19:32:47.426+0800: 19.453: [CMS-concurrent-preclean-start]
2024-03-31T19:32:47.428+0800: 19.454: [CMS-concurrent-preclean: 0.001/0.001 secs] [Times: user=0.00 sys=0.00, real=0.00 secs] 
2024-03-31T19:32:47.428+0800: 19.455: [CMS-concurrent-abortable-preclean-start]
2024-03-31T19:32:47.429+0800: 19.455: [CMS-concurrent-abortable-preclean: 0.000/0.000 secs] [Times: user=0.00 sys=0.00, real=0.00 secs] 
2024-03-31T19:32:47.431+0800: 19.457: [GC (CMS Final Remark) [YG occupancy: 67267 K (117952 K)]2024-03-31T19:32:47.431+0800: 19.458: [Rescan (non-parallel) 2024-03-31T19:32:47.431+0800: 19.458: [grey object rescan, 0.0001116 secs]2024-03-31T19:32:47.432+0800: 19.458: [root rescan, 0.0456903 secs]2024-03-31T19:32:47.477+0800: 19.504: [visit unhandled CLDs, 0.0001691 secs]2024-03-31T19:32:47.478+0800: 19.504: [dirty klass scan, 0.0010442 secs], 0.0476076 secs]2024-03-31T19:32:47.479+0800: 19.505: [weak refs processing, 0.0001317 secs]2024-03-31T19:32:47.479+0800: 19.506: [class unloading, 0.0069638 secs]2024-03-31T19:32:47.486+0800: 19.513: [scrub symbol table, 0.0086328 secs]2024-03-31T19:32:47.495+0800: 19.522: [scrub string table, 0.0004358 secs][1 CMS-remark: 63K(64K)] 67330K(118016K), 0.0659835 secs] [Times: user=0.06 sys=0.00, real=0.06 secs] 
2024-03-31T19:32:47.498+0800: 19.524: [CMS-concurrent-sweep-start]
2024-03-31T19:32:47.498+0800: 19.525: [CMS-concurrent-sweep: 0.000/0.000 secs] [Times: user=0.00 sys=0.00, real=0.00 secs] 
2024-03-31T19:32:47.500+0800: 19.526: [CMS-concurrent-reset-start]
2024-03-31T19:32:47.500+0800: 19.527: [CMS-concurrent-reset: 0.000/0.000 secs] [Times: user=0.00 sys=0.00, real=0.00 secs] 
2024-03-31T19:32:48.177+0800: 20.204: [GC (Allocation Failure) 2024-03-31T19:32:48.177+0800: 20.204: [DefNew: 117951K->117951K(117952K), 0.0001454 secs]2024-03-31T19:32:48.178+0800: 20.204: [CMS: 63K->63K(64K), 0.1036965 secs] 118015K->71009K(118016K), [Metaspace: 60212K->60212K(1103872K)], 0.1044738 secs] [Times: user=0.10 sys=0.01, real=0.11 secs] 
2024-03-31T19:32:48.283+0800: 20.309: [GC (CMS Initial Mark) [1 CMS-initial-mark: 63K(64K)] 71328K(118016K), 0.0477123 secs] [Times: user=0.05 sys=0.00, real=0.04 secs] 
2024-03-31T19:32:48.331+0800: 20.357: [CMS-concurrent-mark-start]
2024-03-31T19:32:48.331+0800: 20.358: [CMS-concurrent-mark: 0.000/0.000 secs] [Times: user=0.00 sys=0.00, real=0.01 secs] 
2024-03-31T19:32:48.333+0800: 20.359: [CMS-concurrent-preclean-start]
2024-03-31T19:32:48.334+0800: 20.361: [CMS-concurrent-preclean: 0.001/0.001 secs] [Times: user=0.00 sys=0.00, real=0.00 secs] 
2024-03-31T19:32:48.335+0800: 20.361: [CMS-concurrent-abortable-preclean-start]
2024-03-31T19:32:48.335+0800: 20.362: [CMS-concurrent-abortable-preclean: 0.000/0.000 secs] [Times: user=0.00 sys=0.00, real=0.00 secs] 
2024-03-31T19:32:48.338+0800: 20.364: [GC (CMS Final Remark) [YG occupancy: 72203 K (117952 K)]2024-03-31T19:32:48.338+0800: 20.364: [Rescan (non-parallel) 2024-03-31T19:32:48.338+0800: 20.365: [grey object rescan, 0.0001132 secs]2024-03-31T19:32:48.338+0800: 20.365: [root rescan, 0.0486465 secs]2024-03-31T19:32:48.387+0800: 20.414: [visit unhandled CLDs, 0.0001507 secs]2024-03-31T19:32:48.387+0800: 20.414: [dirty klass scan, 0.0010344 secs], 0.0505693 secs]2024-03-31T19:32:48.389+0800: 20.415: [weak refs processing, 0.0001234 secs]2024-03-31T19:32:48.389+0800: 20.415: [class unloading, 0.0062847 secs]2024-03-31T19:32:48.395+0800: 20.422: [scrub symbol table, 0.0068980 secs]2024-03-31T19:32:48.402+0800: 20.429: [scrub string table, 0.0003869 secs][1 CMS-remark: 63K(64K)] 72267K(118016K), 0.0663013 secs] [Times: user=0.06 sys=0.00, real=0.07 secs] 
2024-03-31T19:32:48.405+0800: 20.431: [CMS-concurrent-sweep-start]
2024-03-31T19:32:48.405+0800: 20.432: [CMS-concurrent-sweep: 0.000/0.000 secs] [Times: user=0.00 sys=0.01, real=0.00 secs] 
2024-03-31T19:32:48.406+0800: 20.433: [CMS-concurrent-reset-start]
2024-03-31T19:32:48.407+0800: 20.433: [CMS-concurrent-reset: 0.000/0.000 secs] [Times: user=0.01 sys=0.00, real=0.00 secs] 
2024-03-31T19:32:48.710+0800: 20.737: [GC (Allocation Failure) 2024-03-31T19:32:48.711+0800: 20.737: [DefNew: 117952K->117952K(117952K), 0.0002245 secs]2024-03-31T19:32:48.711+0800: 20.737: [CMS: 63K->63K(64K), 0.1054629 secs] 118015K->74853K(118016K), [Metaspace: 61125K->61125K(1105920K)], 0.1064122 secs] [Times: user=0.12 sys=0.01, real=0.11 secs] 
2024-03-31T19:32:48.818+0800: 20.844: [GC (CMS Initial Mark) [1 CMS-initial-mark: 63K(64K)] 75037K(118016K), 0.0499078 secs] [Times: user=0.05 sys=0.00, real=0.05 secs] 
2024-03-31T19:32:48.868+0800: 20.895: [CMS-concurrent-mark-start]
2024-03-31T19:32:48.869+0800: 20.895: [CMS-concurrent-mark: 0.000/0.000 secs] [Times: user=0.00 sys=0.00, real=0.00 secs] 
2024-03-31T19:32:48.870+0800: 20.896: [CMS-concurrent-preclean-start]
2024-03-31T19:32:48.871+0800: 20.898: [CMS-concurrent-preclean: 0.001/0.001 secs] [Times: user=0.01 sys=0.00, real=0.01 secs] 
2024-03-31T19:32:48.872+0800: 20.898: [CMS-concurrent-abortable-preclean-start]
2024-03-31T19:32:48.873+0800: 20.899: [CMS-concurrent-abortable-preclean: 0.000/0.000 secs] [Times: user=0.00 sys=0.00, real=0.00 secs] 
2024-03-31T19:32:48.876+0800: 20.902: [GC (CMS Final Remark) [YG occupancy: 75026 K (117952 K)]2024-03-31T19:32:48.876+0800: 20.903: [Rescan (non-parallel) 2024-03-31T19:32:48.876+0800: 20.903: [grey object rescan, 0.0000670 secs]2024-03-31T19:32:48.876+0800: 20.903: [root rescan, 0.0518039 secs]2024-03-31T19:32:48.928+0800: 20.955: [visit unhandled CLDs, 0.0001077 secs]2024-03-31T19:32:48.929+0800: 20.955: [dirty klass scan, 0.0009949 secs], 0.0534094 secs]2024-03-31T19:32:48.930+0800: 20.956: [weak refs processing, 0.0001073 secs]2024-03-31T19:32:48.930+0800: 20.956: [class unloading, 0.0067175 secs]2024-03-31T19:32:48.937+0800: 20.963: [scrub symbol table, 0.0075255 secs]2024-03-31T19:32:48.944+0800: 20.971: [scrub string table, 0.0003997 secs][1 CMS-remark: 63K(64K)] 75090K(118016K), 0.0700705 secs] [Times: user=0.14 sys=0.00, real=0.07 secs] 
2024-03-31T19:32:48.946+0800: 20.973: [CMS-concurrent-sweep-start]
2024-03-31T19:32:48.947+0800: 20.973: [CMS-concurrent-sweep: 0.000/0.000 secs] [Times: user=0.00 sys=0.00, real=0.00 secs] 
2024-03-31T19:32:48.949+0800: 20.975: [CMS-concurrent-reset-start]
2024-03-31T19:32:48.950+0800: 20.976: [CMS-concurrent-reset: 0.000/0.000 secs] [Times: user=0.00 sys=0.00, real=0.00 secs] 
2024-03-31T19:32:49.153+0800: 21.180: [GC (Allocation Failure) 2024-03-31T19:32:49.154+0800: 21.180: [DefNew: 117952K->117952K(117952K), 0.0001917 secs]2024-03-31T19:32:49.154+0800: 21.180: [CMS: 63K->63K(64K), 0.1121301 secs] 118015K->75300K(118016K), [Metaspace: 62517K->62517K(1105920K)], 0.1131849 secs] [Times: user=0.33 sys=0.00, real=0.11 secs] 
2024-03-31T19:32:49.269+0800: 21.295: [GC (CMS Initial Mark) [1 CMS-initial-mark: 63K(64K)] 75336K(118016K), 0.0518732 secs] [Times: user=0.11 sys=0.00, real=0.05 secs] 
2024-03-31T19:32:49.321+0800: 21.347: [CMS-concurrent-mark-start]
2024-03-31T19:32:49.321+0800: 21.348: [CMS-concurrent-mark: 0.000/0.000 secs] [Times: user=0.00 sys=0.00, real=0.01 secs] 
2024-03-31T19:32:49.322+0800: 21.348: [CMS-concurrent-preclean-start]
2024-03-31T19:32:49.323+0800: 21.350: [CMS-concurrent-preclean: 0.001/0.001 secs] [Times: user=0.00 sys=0.01, real=0.00 secs] 
2024-03-31T19:32:49.324+0800: 21.350: [CMS-concurrent-abortable-preclean-start]
2024-03-31T19:32:49.325+0800: 21.351: [CMS-concurrent-abortable-preclean: 0.000/0.000 secs] [Times: user=0.01 sys=0.00, real=0.00 secs] 
2024-03-31T19:32:49.328+0800: 21.354: [GC (CMS Final Remark) [YG occupancy: 76080 K (117952 K)]2024-03-31T19:32:49.328+0800: 21.354: [Rescan (non-parallel) 2024-03-31T19:32:49.328+0800: 21.355: [grey object rescan, 0.0000814 secs]2024-03-31T19:32:49.328+0800: 21.355: [root rescan, 0.0526470 secs]2024-03-31T19:32:49.381+0800: 21.408: [visit unhandled CLDs, 0.0001248 secs]2024-03-31T19:32:49.381+0800: 21.408: [dirty klass scan, 0.0011254 secs], 0.0544645 secs]2024-03-31T19:32:49.383+0800: 21.409: [weak refs processing, 0.0000920 secs]2024-03-31T19:32:49.383+0800: 21.409: [class unloading, 0.0069067 secs]2024-03-31T19:32:49.390+0800: 21.416: [scrub symbol table, 0.0074155 secs]2024-03-31T19:32:49.397+0800: 21.424: [scrub string table, 0.0003652 secs][1 CMS-remark: 63K(64K)] 76143K(118016K), 0.0712050 secs] [Times: user=0.07 sys=0.00, real=0.07 secs] 
2024-03-31T19:32:49.400+0800: 21.426: [CMS-concurrent-sweep-start]
2024-03-31T19:32:49.400+0800: 21.427: [CMS-concurrent-sweep: 0.000/0.000 secs] [Times: user=0.00 sys=0.00, real=0.00 secs] 
2024-03-31T19:32:49.402+0800: 21.428: [CMS-concurrent-reset-start]
2024-03-31T19:32:49.403+0800: 21.430: [CMS-concurrent-reset: 0.000/0.000 secs] [Times: user=0.00 sys=0.00, real=0.00 secs] 
2024-03-31T19:32:49.710+0800: 21.736: [GC (Allocation Failure) 2024-03-31T19:32:49.710+0800: 21.737: [DefNew: 117951K->117951K(117952K), 0.0001403 secs]2024-03-31T19:32:49.710+0800: 21.737: [CMS: 63K->63K(64K), 0.1086388 secs] 118015K->76346K(118016K), [Metaspace: 63523K->63523K(1107968K)], 0.1093747 secs] [Times: user=0.11 sys=0.00, real=0.11 secs] 
2024-03-31T19:32:49.821+0800: 21.847: [GC (CMS Initial Mark) [1 CMS-initial-mark: 63K(64K)] 76370K(118016K), 0.0505256 secs] [Times: user=0.05 sys=0.00, real=0.06 secs] 
2024-03-31T19:32:49.872+0800: 21.899: [CMS-concurrent-mark-start]
2024-03-31T19:32:49.873+0800: 21.899: [CMS-concurrent-mark: 0.000/0.000 secs] [Times: user=0.00 sys=0.01, real=0.00 secs] 
2024-03-31T19:32:49.873+0800: 21.900: [CMS-concurrent-preclean-start]
2024-03-31T19:32:49.875+0800: 21.902: [CMS-concurrent-preclean: 0.001/0.001 secs] [Times: user=0.00 sys=0.00, real=0.00 secs] 
2024-03-31T19:32:49.876+0800: 21.902: [CMS-concurrent-abortable-preclean-start]
2024-03-31T19:32:49.877+0800: 21.903: [CMS-concurrent-abortable-preclean: 0.000/0.000 secs] [Times: user=0.01 sys=0.00, real=0.00 secs] 
2024-03-31T19:32:49.879+0800: 21.905: [GC (CMS Final Remark) [YG occupancy: 76810 K (117952 K)]2024-03-31T19:32:49.879+0800: 21.905: [Rescan (non-parallel) 2024-03-31T19:32:49.879+0800: 21.905: [grey object rescan, 0.0000975 secs]2024-03-31T19:32:49.879+0800: 21.906: [root rescan, 0.0513710 secs]2024-03-31T19:32:49.931+0800: 21.957: [visit unhandled CLDs, 0.0001520 secs]2024-03-31T19:32:49.931+0800: 21.957: [dirty klass scan, 0.0010639 secs], 0.0533003 secs]2024-03-31T19:32:49.932+0800: 21.959: [weak refs processing, 0.0001898 secs]2024-03-31T19:32:49.933+0800: 21.959: [class unloading, 0.0066469 secs]2024-03-31T19:32:49.939+0800: 21.966: [scrub symbol table, 0.0076636 secs]2024-03-31T19:32:49.947+0800: 21.974: [scrub string table, 0.0004049 secs][1 CMS-remark: 63K(64K)] 76874K(118016K), 0.0702182 secs] [Times: user=0.07 sys=0.00, real=0.07 secs] 
2024-03-31T19:32:49.950+0800: 21.976: [CMS-concurrent-sweep-start]
2024-03-31T19:32:49.950+0800: 21.977: [CMS-concurrent-sweep: 0.000/0.000 secs] [Times: user=0.00 sys=0.00, real=0.00 secs] 
2024-03-31T19:32:49.952+0800: 21.979: [CMS-concurrent-reset-start]
2024-03-31T19:32:49.953+0800: 21.980: [CMS-concurrent-reset: 0.000/0.000 secs] [Times: user=0.00 sys=0.00, real=0.00 secs] 
2024-03-31T19:32:50.721+0800: 22.748: [GC (Allocation Failure) 2024-03-31T19:32:50.722+0800: 22.748: [DefNew: 117951K->117951K(117952K), 0.0001993 secs]2024-03-31T19:32:50.722+0800: 22.748: [CMS: 63K->63K(64K), 0.1191979 secs] 118015K->77398K(118016K), [Metaspace: 64563K->64563K(1107968K)], 0.1202040 secs] [Times: user=0.22 sys=0.01, real=0.12 secs] 
2024-03-31T19:32:50.843+0800: 22.869: [GC (CMS Initial Mark) [1 CMS-initial-mark: 63K(64K)] 77398K(118016K), 0.0517594 secs] [Times: user=0.05 sys=0.00, real=0.05 secs] 
2024-03-31T19:32:50.895+0800: 22.922: [CMS-concurrent-mark-start]
2024-03-31T19:32:50.896+0800: 22.922: [CMS-concurrent-mark: 0.000/0.000 secs] [Times: user=0.00 sys=0.00, real=0.00 secs] 
2024-03-31T19:32:50.897+0800: 22.924: [CMS-concurrent-preclean-start]
2024-03-31T19:32:50.899+0800: 22.925: [CMS-concurrent-preclean: 0.001/0.001 secs] [Times: user=0.01 sys=0.00, real=0.00 secs] 
2024-03-31T19:32:50.899+0800: 22.926: [CMS-concurrent-abortable-preclean-start]
2024-03-31T19:32:50.900+0800: 22.927: [CMS-concurrent-abortable-preclean: 0.000/0.000 secs] [Times: user=0.00 sys=0.00, real=0.00 secs] 
2024-03-31T19:32:50.903+0800: 22.930: [GC (CMS Final Remark) [YG occupancy: 77628 K (117952 K)]2024-03-31T19:32:50.904+0800: 22.930: [Rescan (non-parallel) 2024-03-31T19:32:50.904+0800: 22.930: [grey object rescan, 0.0001183 secs]2024-03-31T19:32:50.904+0800: 22.930: [root rescan, 0.0527229 secs]2024-03-31T19:32:50.957+0800: 22.983: [visit unhandled CLDs, 0.0001605 secs]2024-03-31T19:32:50.957+0800: 22.984: [dirty klass scan, 0.0011043 secs], 0.0547381 secs]2024-03-31T19:32:50.958+0800: 22.985: [weak refs processing, 0.0001371 secs]2024-03-31T19:32:50.959+0800: 22.985: [class unloading, 0.0069143 secs]2024-03-31T19:32:50.966+0800: 22.992: [scrub symbol table, 0.0076737 secs]2024-03-31T19:32:50.974+0800: 23.000: [scrub string table, 0.0004208 secs][1 CMS-remark: 63K(64K)] 77692K(118016K), 0.0720320 secs] [Times: user=0.07 sys=0.00, real=0.07 secs] 
2024-03-31T19:32:50.976+0800: 23.002: [CMS-concurrent-sweep-start]
2024-03-31T19:32:50.976+0800: 23.003: [CMS-concurrent-sweep: 0.000/0.000 secs] [Times: user=0.00 sys=0.00, real=0.00 secs] 
2024-03-31T19:32:50.977+0800: 23.004: [CMS-concurrent-reset-start]
2024-03-31T19:32:50.978+0800: 23.004: [CMS-concurrent-reset: 0.000/0.000 secs] [Times: user=0.00 sys=0.00, real=0.00 secs] 
2024-03-31T19:32:51.523+0800: 23.549: [GC (Allocation Failure) 2024-03-31T19:32:51.523+0800: 23.549: [DefNew: 117951K->117951K(117952K), 0.0002543 secs]2024-03-31T19:32:51.523+0800: 23.550: [CMS: 63K->63K(64K), 0.1200383 secs] 118015K->78237K(118016K), [Metaspace: 65082K->65082K(1107968K)], 0.1210460 secs] [Times: user=0.18 sys=0.01, real=0.12 secs] 
2024-03-31T19:32:51.646+0800: 23.672: [GC (CMS Initial Mark) [1 CMS-initial-mark: 63K(64K)] 78248K(118016K), 0.0525902 secs] [Times: user=0.06 sys=0.00, real=0.05 secs] 
2024-03-31T19:32:51.699+0800: 23.725: [CMS-concurrent-mark-start]
2024-03-31T19:32:51.699+0800: 23.726: [CMS-concurrent-mark: 0.000/0.000 secs] [Times: user=0.00 sys=0.00, real=0.00 secs] 
2024-03-31T19:32:51.700+0800: 23.726: [CMS-concurrent-preclean-start]
2024-03-31T19:32:51.702+0800: 23.728: [CMS-concurrent-preclean: 0.001/0.001 secs] [Times: user=0.00 sys=0.00, real=0.01 secs] 
2024-03-31T19:32:51.702+0800: 23.729: [CMS-concurrent-abortable-preclean-start]
2024-03-31T19:32:51.703+0800: 23.729: [CMS-concurrent-abortable-preclean: 0.000/0.000 secs] [Times: user=0.00 sys=0.00, real=0.00 secs] 
2024-03-31T19:32:51.705+0800: 23.731: [GC (CMS Final Remark) [YG occupancy: 78185 K (117952 K)]2024-03-31T19:32:51.705+0800: 23.731: [Rescan (non-parallel) 2024-03-31T19:32:51.705+0800: 23.731: [grey object rescan, 0.0000993 secs]2024-03-31T19:32:51.705+0800: 23.732: [root rescan, 0.0543966 secs]2024-03-31T19:32:51.760+0800: 23.786: [visit unhandled CLDs, 0.0001300 secs]2024-03-31T19:32:51.760+0800: 23.787: [dirty klass scan, 0.0011729 secs], 0.0564326 secs]2024-03-31T19:32:51.761+0800: 23.788: [weak refs processing, 0.0001863 secs]2024-03-31T19:32:51.762+0800: 23.788: [class unloading, 0.0073021 secs]2024-03-31T19:32:51.769+0800: 23.796: [scrub symbol table, 0.0077982 secs]2024-03-31T19:32:51.777+0800: 23.804: [scrub string table, 0.0004448 secs][1 CMS-remark: 63K(64K)] 78248K(118016K), 0.0743316 secs] [Times: user=0.07 sys=0.00, real=0.07 secs] 
2024-03-31T19:32:51.780+0800: 23.806: [CMS-concurrent-sweep-start]
2024-03-31T19:32:51.780+0800: 23.806: [CMS-concurrent-sweep: 0.000/0.000 secs] [Times: user=0.00 sys=0.00, real=0.00 secs] 
2024-03-31T19:32:51.782+0800: 23.808: [CMS-concurrent-reset-start]
2024-03-31T19:32:51.783+0800: 23.809: [CMS-concurrent-reset: 0.000/0.000 secs] [Times: user=0.01 sys=0.00, real=0.01 secs] 
2024-03-31T19:32:52.957+0800: 24.984: [GC (Allocation Failure) 2024-03-31T19:32:52.957+0800: 24.984: [DefNew: 117951K->117951K(117952K), 0.0001147 secs]2024-03-31T19:32:52.958+0800: 24.984: [CMS: 63K->63K(64K), 0.1285867 secs] 118015K->80136K(118016K), [Metaspace: 66612K->66612K(1110016K)], 0.1292986 secs] [Times: user=0.21 sys=0.01, real=0.13 secs] 
2024-03-31T19:32:53.089+0800: 25.116: [GC (CMS Initial Mark) [1 CMS-initial-mark: 63K(64K)] 80143K(118016K), 0.0541338 secs] [Times: user=0.05 sys=0.00, real=0.06 secs] 
2024-03-31T19:32:53.144+0800: 25.170: [CMS-concurrent-mark-start]
2024-03-31T19:32:53.145+0800: 25.171: [CMS-concurrent-mark: 0.000/0.000 secs] [Times: user=0.00 sys=0.00, real=0.00 secs] 
2024-03-31T19:32:53.146+0800: 25.173: [CMS-concurrent-preclean-start]
2024-03-31T19:32:53.148+0800: 25.174: [CMS-concurrent-preclean: 0.001/0.001 secs] [Times: user=0.01 sys=0.00, real=0.00 secs] 
2024-03-31T19:32:53.149+0800: 25.176: [CMS-concurrent-abortable-preclean-start]
2024-03-31T19:32:53.150+0800: 25.176: [CMS-concurrent-abortable-preclean: 0.000/0.000 secs] [Times: user=0.00 sys=0.00, real=0.00 secs] 
2024-03-31T19:32:53.154+0800: 25.181: [GC (CMS Final Remark) [YG occupancy: 80178 K (117952 K)]2024-03-31T19:32:53.154+0800: 25.181: [Rescan (non-parallel) 2024-03-31T19:32:53.155+0800: 25.181: [grey object rescan, 0.0001199 secs]2024-03-31T19:32:53.155+0800: 25.181: [root rescan, 0.0568025 secs]2024-03-31T19:32:53.212+0800: 25.238: [visit unhandled CLDs, 0.0001747 secs]2024-03-31T19:32:53.212+0800: 25.239: [dirty klass scan, 0.0011763 secs], 0.0589584 secs]2024-03-31T19:32:53.214+0800: 25.240: [weak refs processing, 0.0001434 secs]2024-03-31T19:32:53.214+0800: 25.240: [class unloading, 0.0073845 secs]2024-03-31T19:32:53.221+0800: 25.248: [scrub symbol table, 0.0098750 secs]2024-03-31T19:32:53.231+0800: 25.258: [scrub string table, 0.0005035 secs][1 CMS-remark: 63K(64K)] 80242K(118016K), 0.0791883 secs] [Times: user=0.16 sys=0.00, real=0.08 secs] 
2024-03-31T19:32:53.234+0800: 25.260: [CMS-concurrent-sweep-start]
2024-03-31T19:32:53.234+0800: 25.261: [CMS-concurrent-sweep: 0.000/0.000 secs] [Times: user=0.00 sys=0.00, real=0.00 secs] 
2024-03-31T19:32:53.236+0800: 25.262: [CMS-concurrent-reset-start]
2024-03-31T19:32:53.238+0800: 25.265: [CMS-concurrent-reset: 0.000/0.000 secs] [Times: user=0.01 sys=0.00, real=0.00 secs] 
2024-03-31T19:32:54.048+0800: 26.074: [GC (Allocation Failure) 2024-03-31T19:32:54.048+0800: 26.075: [DefNew: 117951K->117951K(117952K), 0.0001530 secs]2024-03-31T19:32:54.048+0800: 26.075: [CMS: 63K->63K(64K), 0.1212594 secs] 118015K->80428K(118016K), [Metaspace: 68296K->68296K(1112064K)], 0.1221311 secs] [Times: user=0.12 sys=0.01, real=0.12 secs] 
2024-03-31T19:32:54.172+0800: 26.199: [GC (CMS Initial Mark) [1 CMS-initial-mark: 63K(64K)] 80437K(118016K), 0.0542752 secs] [Times: user=0.05 sys=0.00, real=0.05 secs] 
2024-03-31T19:32:54.227+0800: 26.253: [CMS-concurrent-mark-start]
2024-03-31T19:32:54.228+0800: 26.254: [CMS-concurrent-mark: 0.000/0.000 secs] [Times: user=0.00 sys=0.00, real=0.00 secs] 
2024-03-31T19:32:54.229+0800: 26.255: [CMS-concurrent-preclean-start]
2024-03-31T19:32:54.230+0800: 26.257: [CMS-concurrent-preclean: 0.001/0.001 secs] [Times: user=0.00 sys=0.00, real=0.00 secs] 
2024-03-31T19:32:54.231+0800: 26.257: [CMS-concurrent-abortable-preclean-start]
2024-03-31T19:32:54.232+0800: 26.258: [CMS-concurrent-abortable-preclean: 0.000/0.000 secs] [Times: user=0.01 sys=0.00, real=0.01 secs] 
2024-03-31T19:32:54.234+0800: 26.260: [GC (CMS Final Remark) [YG occupancy: 80978 K (117952 K)]2024-03-31T19:32:54.234+0800: 26.260: [Rescan (non-parallel) 2024-03-31T19:32:54.234+0800: 26.260: [grey object rescan, 0.0000825 secs]2024-03-31T19:32:54.234+0800: 26.261: [root rescan, 0.0551836 secs]2024-03-31T19:32:54.290+0800: 26.316: [visit unhandled CLDs, 0.0001294 secs]2024-03-31T19:32:54.290+0800: 26.316: [dirty klass scan, 0.0010061 secs], 0.0568531 secs]2024-03-31T19:32:54.291+0800: 26.317: [weak refs processing, 0.0000983 secs]2024-03-31T19:32:54.291+0800: 26.317: [class unloading, 0.0071654 secs]2024-03-31T19:32:54.298+0800: 26.325: [scrub symbol table, 0.0083441 secs]2024-03-31T19:32:54.307+0800: 26.333: [scrub string table, 0.0004350 secs][1 CMS-remark: 63K(64K)] 81042K(118016K), 0.0748205 secs] [Times: user=0.07 sys=0.00, real=0.07 secs] 
2024-03-31T19:32:54.309+0800: 26.336: [CMS-concurrent-sweep-start]
2024-03-31T19:32:54.311+0800: 26.337: [CMS-concurrent-sweep: 0.000/0.000 secs] [Times: user=0.01 sys=0.00, real=0.00 secs] 
2024-03-31T19:32:54.314+0800: 26.340: [CMS-concurrent-reset-start]
2024-03-31T19:32:54.315+0800: 26.342: [CMS-concurrent-reset: 0.000/0.000 secs] [Times: user=0.00 sys=0.00, real=0.00 secs] 
2024-03-31T19:32:54.880+0800: 26.906: [GC (Allocation Failure) 2024-03-31T19:32:54.880+0800: 26.907: [DefNew: 117951K->117951K(117952K), 0.0001023 secs]2024-03-31T19:32:54.880+0800: 26.907: [CMS: 63K->63K(64K), 0.1226394 secs] 118015K->80323K(118016K), [Metaspace: 69822K->69822K(1114112K)], 0.1233526 secs] [Times: user=0.15 sys=0.01, real=0.13 secs] 
2024-03-31T19:32:55.005+0800: 27.032: [GC (CMS Initial Mark) [1 CMS-initial-mark: 63K(64K)] 80328K(118016K), 0.0542794 secs] [Times: user=0.06 sys=0.00, real=0.05 secs] 
2024-03-31T19:32:55.060+0800: 27.087: [CMS-concurrent-mark-start]
2024-03-31T19:32:55.061+0800: 27.087: [CMS-concurrent-mark: 0.000/0.000 secs] [Times: user=0.00 sys=0.00, real=0.00 secs] 
2024-03-31T19:32:55.061+0800: 27.088: [CMS-concurrent-preclean-start]
2024-03-31T19:32:55.063+0800: 27.090: [CMS-concurrent-preclean: 0.001/0.001 secs] [Times: user=0.01 sys=0.00, real=0.01 secs] 
2024-03-31T19:32:55.064+0800: 27.090: [CMS-concurrent-abortable-preclean-start]
2024-03-31T19:32:55.065+0800: 27.091: [CMS-concurrent-abortable-preclean: 0.000/0.000 secs] [Times: user=0.00 sys=0.00, real=0.00 secs] 
2024-03-31T19:32:55.068+0800: 27.094: [GC (CMS Final Remark) [YG occupancy: 80910 K (117952 K)]2024-03-31T19:32:55.068+0800: 27.094: [Rescan (non-parallel) 2024-03-31T19:32:55.068+0800: 27.094: [grey object rescan, 0.0000722 secs]2024-03-31T19:32:55.068+0800: 27.094: [root rescan, 0.0565525 secs]2024-03-31T19:32:55.125+0800: 27.151: [visit unhandled CLDs, 0.0001435 secs]2024-03-31T19:32:55.125+0800: 27.151: [dirty klass scan, 0.0011456 secs], 0.0583548 secs]2024-03-31T19:32:55.126+0800: 27.153: [weak refs processing, 0.0001383 secs]2024-03-31T19:32:55.126+0800: 27.153: [class unloading, 0.0076751 secs]2024-03-31T19:32:55.134+0800: 27.161: [scrub symbol table, 0.0088221 secs]2024-03-31T19:32:55.143+0800: 27.170: [scrub string table, 0.0004028 secs][1 CMS-remark: 63K(64K)] 80974K(118016K), 0.0773738 secs] [Times: user=0.09 sys=0.00, real=0.08 secs] 
2024-03-31T19:32:55.145+0800: 27.172: [CMS-concurrent-sweep-start]
2024-03-31T19:32:55.146+0800: 27.172: [CMS-concurrent-sweep: 0.000/0.000 secs] [Times: user=0.00 sys=0.00, real=0.00 secs] 
2024-03-31T19:32:55.148+0800: 27.174: [CMS-concurrent-reset-start]
2024-03-31T19:32:55.149+0800: 27.175: [CMS-concurrent-reset: 0.000/0.000 secs] [Times: user=0.00 sys=0.00, real=0.00 secs] 
2024-03-31T19:32:55.800+0800: 27.827: [GC (Allocation Failure) 2024-03-31T19:32:55.804+0800: 27.831: [DefNew: 117951K->117951K(117952K), 0.0001907 secs]2024-03-31T19:32:55.805+0800: 27.831: [CMS: 63K->63K(64K), 0.1360957 secs] 118015K->81358K(118016K), [Metaspace: 70556K->70556K(1114112K)], 0.1407590 secs] [Times: user=0.21 sys=0.01, real=0.15 secs] 
2024-03-31T19:32:55.943+0800: 27.969: [GC (CMS Initial Mark) [1 CMS-initial-mark: 63K(64K)] 82039K(118016K), 0.0567026 secs] [Times: user=0.06 sys=0.00, real=0.05 secs] 
2024-03-31T19:32:56.000+0800: 28.026: [CMS-concurrent-mark-start]
2024-03-31T19:32:56.000+0800: 28.027: [CMS-concurrent-mark: 0.000/0.000 secs] [Times: user=0.00 sys=0.01, real=0.00 secs] 
2024-03-31T19:32:56.001+0800: 28.028: [CMS-concurrent-preclean-start]
2024-03-31T19:32:56.003+0800: 28.030: [CMS-concurrent-preclean: 0.001/0.001 secs] [Times: user=0.01 sys=0.00, real=0.01 secs] 
2024-03-31T19:32:56.005+0800: 28.031: [CMS-concurrent-abortable-preclean-start]
2024-03-31T19:32:56.006+0800: 28.032: [CMS-concurrent-abortable-preclean: 0.000/0.000 secs] [Times: user=0.01 sys=0.00, real=0.00 secs] 
2024-03-31T19:32:56.010+0800: 28.037: [GC (CMS Final Remark) [YG occupancy: 81978 K (117952 K)]2024-03-31T19:32:56.010+0800: 28.037: [Rescan (non-parallel) 2024-03-31T19:32:56.011+0800: 28.037: [grey object rescan, 0.0001130 secs]2024-03-31T19:32:56.011+0800: 28.037: [root rescan, 0.0572855 secs]2024-03-31T19:32:56.068+0800: 28.095: [visit unhandled CLDs, 0.0001888 secs]2024-03-31T19:32:56.069+0800: 28.095: [dirty klass scan, 0.0011555 secs], 0.0595041 secs]2024-03-31T19:32:56.070+0800: 28.096: [weak refs processing, 0.0001678 secs]2024-03-31T19:32:56.070+0800: 28.097: [class unloading, 0.0076878 secs]2024-03-31T19:32:56.078+0800: 28.105: [scrub symbol table, 0.0089673 secs]2024-03-31T19:32:56.087+0800: 28.114: [scrub string table, 0.0004545 secs][1 CMS-remark: 63K(64K)] 82042K(118016K), 0.0790838 secs] [Times: user=0.08 sys=0.00, real=0.08 secs] 
2024-03-31T19:32:56.090+0800: 28.116: [CMS-concurrent-sweep-start]
2024-03-31T19:32:56.090+0800: 28.116: [CMS-concurrent-sweep: 0.000/0.000 secs] [Times: user=0.00 sys=0.00, real=0.00 secs] 
2024-03-31T19:32:56.091+0800: 28.117: [CMS-concurrent-reset-start]
2024-03-31T19:32:56.092+0800: 28.118: [CMS-concurrent-reset: 0.000/0.000 secs] [Times: user=0.01 sys=0.00, real=0.01 secs] 
2024-03-31T19:32:56.640+0800: 28.666: [GC (Allocation Failure) 2024-03-31T19:32:56.640+0800: 28.666: [DefNew: 117951K->117951K(117952K), 0.0001782 secs]2024-03-31T19:32:56.640+0800: 28.667: [CMS: 63K->63K(64K), 0.1262335 secs] 118015K->81394K(118016K), [Metaspace: 71215K->71215K(1114112K)], 0.1271182 secs] [Times: user=0.12 sys=0.01, real=0.13 secs] 
2024-03-31T19:32:56.768+0800: 28.795: [GC (CMS Initial Mark) [1 CMS-initial-mark: 63K(64K)] 82089K(118016K), 0.0549468 secs] [Times: user=0.06 sys=0.00, real=0.06 secs] 
2024-03-31T19:32:56.824+0800: 28.851: [CMS-concurrent-mark-start]
2024-03-31T19:32:56.825+0800: 28.851: [CMS-concurrent-mark: 0.000/0.000 secs] [Times: user=0.00 sys=0.00, real=0.00 secs] 
2024-03-31T19:32:56.826+0800: 28.852: [CMS-concurrent-preclean-start]
2024-03-31T19:32:56.827+0800: 28.854: [CMS-concurrent-preclean: 0.001/0.001 secs] [Times: user=0.00 sys=0.00, real=0.00 secs] 
2024-03-31T19:32:56.828+0800: 28.854: [CMS-concurrent-abortable-preclean-start]
2024-03-31T19:32:56.828+0800: 28.855: [CMS-concurrent-abortable-preclean: 0.000/0.000 secs] [Times: user=0.00 sys=0.00, real=0.00 secs] 
2024-03-31T19:32:56.831+0800: 28.857: [GC (CMS Final Remark) [YG occupancy: 82025 K (117952 K)]2024-03-31T19:32:56.831+0800: 28.857: [Rescan (non-parallel) 2024-03-31T19:32:56.831+0800: 28.857: [grey object rescan, 0.0001115 secs]2024-03-31T19:32:56.831+0800: 28.857: [root rescan, 0.0557955 secs]2024-03-31T19:32:56.887+0800: 28.913: [visit unhandled CLDs, 0.0002161 secs]2024-03-31T19:32:56.887+0800: 28.914: [dirty klass scan, 0.0010992 secs], 0.0577975 secs]2024-03-31T19:32:56.889+0800: 28.915: [weak refs processing, 0.0001361 secs]2024-03-31T19:32:56.889+0800: 28.915: [class unloading, 0.0073034 secs]2024-03-31T19:32:56.896+0800: 28.923: [scrub symbol table, 0.0096749 secs]2024-03-31T19:32:56.906+0800: 28.933: [scrub string table, 0.0004870 secs][1 CMS-remark: 63K(64K)] 82089K(118016K), 0.0777278 secs] [Times: user=0.07 sys=0.00, real=0.08 secs] 
2024-03-31T19:32:56.909+0800: 28.935: [CMS-concurrent-sweep-start]
2024-03-31T19:32:56.909+0800: 28.935: [CMS-concurrent-sweep: 0.000/0.000 secs] [Times: user=0.00 sys=0.00, real=0.00 secs] 
2024-03-31T19:32:56.910+0800: 28.936: [CMS-concurrent-reset-start]
2024-03-31T19:32:56.911+0800: 28.938: [CMS-concurrent-reset: 0.000/0.000 secs] [Times: user=0.00 sys=0.00, real=0.01 secs] 
2024-03-31T19:32:57.199+0800: 29.226: [GC (Allocation Failure) 2024-03-31T19:32:57.199+0800: 29.226: [DefNew: 117951K->117951K(117952K), 0.0001555 secs]2024-03-31T19:32:57.200+0800: 29.226: [CMS: 63K->63K(64K), 0.1190744 secs] 118015K->81071K(118016K), [Metaspace: 71776K->71776K(1116160K)], 0.1200318 secs] [Times: user=0.13 sys=0.00, real=0.12 secs] 
2024-03-31T19:32:57.321+0800: 29.348: [GC (CMS Initial Mark) [1 CMS-initial-mark: 63K(64K)] 81779K(118016K), 0.0548772 secs] [Times: user=0.06 sys=0.00, real=0.05 secs] 
2024-03-31T19:32:57.377+0800: 29.403: [CMS-concurrent-mark-start]
2024-03-31T19:32:57.378+0800: 29.405: [CMS-concurrent-mark: 0.000/0.000 secs] [Times: user=0.00 sys=0.00, real=0.00 secs] 
2024-03-31T19:32:57.379+0800: 29.406: [CMS-concurrent-preclean-start]
2024-03-31T19:32:57.381+0800: 29.408: [CMS-concurrent-preclean: 0.001/0.001 secs] [Times: user=0.00 sys=0.00, real=0.01 secs] 
2024-03-31T19:32:57.383+0800: 29.410: [CMS-concurrent-abortable-preclean-start]
2024-03-31T19:32:57.384+0800: 29.411: [CMS-concurrent-abortable-preclean: 0.000/0.000 secs] [Times: user=0.00 sys=0.00, real=0.00 secs] 
2024-03-31T19:32:57.389+0800: 29.416: [GC (CMS Final Remark) [YG occupancy: 81735 K (117952 K)]2024-03-31T19:32:57.389+0800: 29.416: [Rescan (non-parallel) 2024-03-31T19:32:57.389+0800: 29.416: [grey object rescan, 0.0001080 secs]2024-03-31T19:32:57.390+0800: 29.416: [root rescan, 0.0560377 secs]2024-03-31T19:32:57.446+0800: 29.472: [visit unhandled CLDs, 0.0001682 secs]2024-03-31T19:32:57.446+0800: 29.473: [dirty klass scan, 0.0011365 secs], 0.0580850 secs]2024-03-31T19:32:57.448+0800: 29.474: [weak refs processing, 0.0001301 secs]2024-03-31T19:32:57.448+0800: 29.474: [class unloading, 0.0073265 secs]2024-03-31T19:32:57.455+0800: 29.482: [scrub symbol table, 0.0092420 secs]2024-03-31T19:32:57.465+0800: 29.491: [scrub string table, 0.0004796 secs][1 CMS-remark: 63K(64K)] 81799K(118016K), 0.0774842 secs] [Times: user=0.08 sys=0.00, real=0.08 secs] 
2024-03-31T19:32:57.467+0800: 29.494: [CMS-concurrent-sweep-start]
2024-03-31T19:32:57.468+0800: 29.494: [CMS-concurrent-sweep: 0.000/0.000 secs] [Times: user=0.00 sys=0.00, real=0.00 secs] 
2024-03-31T19:32:57.471+0800: 29.497: [CMS-concurrent-reset-start]
2024-03-31T19:32:57.473+0800: 29.499: [CMS-concurrent-reset: 0.000/0.000 secs] [Times: user=0.00 sys=0.00, real=0.01 secs] 
2024-03-31T19:32:58.064+0800: 30.090: [GC (Allocation Failure) 2024-03-31T19:32:58.064+0800: 30.091: [DefNew: 117951K->117951K(117952K), 0.0001361 secs]2024-03-31T19:32:58.064+0800: 30.091: [CMS: 63K->63K(64K), 0.1283400 secs] 118015K->76855K(118016K), [Metaspace: 72905K->72905K(1116160K)], 0.1291122 secs] [Times: user=0.12 sys=0.01, real=0.13 secs] 
2024-03-31T19:32:58.194+0800: 30.221: [GC (CMS Initial Mark) [1 CMS-initial-mark: 63K(64K)] 76913K(118016K), 0.0534732 secs] [Times: user=0.05 sys=0.00, real=0.05 secs] 
2024-03-31T19:32:58.248+0800: 30.275: [CMS-concurrent-mark-start]
2024-03-31T19:32:58.249+0800: 30.275: [CMS-concurrent-mark: 0.000/0.000 secs] [Times: user=0.00 sys=0.00, real=0.00 secs] 
2024-03-31T19:32:58.250+0800: 30.276: [CMS-concurrent-preclean-start]
2024-03-31T19:32:58.252+0800: 30.278: [CMS-concurrent-preclean: 0.001/0.001 secs] [Times: user=0.01 sys=0.00, real=0.01 secs] 
2024-03-31T19:32:58.253+0800: 30.279: [CMS-concurrent-abortable-preclean-start]
2024-03-31T19:32:58.253+0800: 30.280: [CMS-concurrent-abortable-preclean: 0.000/0.000 secs] [Times: user=0.00 sys=0.00, real=0.00 secs] 
2024-03-31T19:32:58.257+0800: 30.284: [GC (CMS Final Remark) [YG occupancy: 77578 K (117952 K)]2024-03-31T19:32:58.257+0800: 30.284: [Rescan (non-parallel) 2024-03-31T19:32:58.257+0800: 30.284: [grey object rescan, 0.0000853 secs]2024-03-31T19:32:58.257+0800: 30.284: [root rescan, 0.0544973 secs]2024-03-31T19:32:58.312+0800: 30.339: [visit unhandled CLDs, 0.0001313 secs]2024-03-31T19:32:58.312+0800: 30.339: [dirty klass scan, 0.0011257 secs], 0.0562985 secs]2024-03-31T19:32:58.314+0800: 30.340: [weak refs processing, 0.0001043 secs]2024-03-31T19:32:58.314+0800: 30.340: [class unloading, 0.0075299 secs]2024-03-31T19:32:58.321+0800: 30.348: [scrub symbol table, 0.0092829 secs]2024-03-31T19:32:58.331+0800: 30.357: [scrub string table, 0.0004455 secs][1 CMS-remark: 63K(64K)] 77642K(118016K), 0.0756808 secs] [Times: user=0.08 sys=0.00, real=0.08 secs] 
2024-03-31T19:32:58.333+0800: 30.360: [CMS-concurrent-sweep-start]
2024-03-31T19:32:58.334+0800: 30.360: [CMS-concurrent-sweep: 0.000/0.000 secs] [Times: user=0.00 sys=0.00, real=0.00 secs] 
2024-03-31T19:32:58.336+0800: 30.362: [CMS-concurrent-reset-start]
2024-03-31T19:32:58.337+0800: 30.363: [CMS-concurrent-reset: 0.000/0.000 secs] [Times: user=0.00 sys=0.00, real=0.00 secs] 
2024-03-31T19:33:00.344+0800: 32.368: [GC (CMS Initial Mark) [1 CMS-initial-mark: 63K(64K)] 93970K(118016K), 0.1037037 secs] [Times: user=0.10 sys=0.00, real=0.10 secs] 
2024-03-31T19:33:00.448+0800: 32.473: [CMS-concurrent-mark-start]
2024-03-31T19:33:00.449+0800: 32.473: [CMS-concurrent-mark: 0.000/0.000 secs] [Times: user=0.00 sys=0.00, real=0.00 secs] 
2024-03-31T19:33:00.450+0800: 32.474: [CMS-concurrent-preclean-start]
2024-03-31T19:33:00.451+0800: 32.476: [CMS-concurrent-preclean: 0.001/0.001 secs] [Times: user=0.01 sys=0.00, real=0.00 secs] 
2024-03-31T19:33:00.452+0800: 32.476: [CMS-concurrent-abortable-preclean-start]
2024-03-31T19:33:00.452+0800: 32.476: [CMS-concurrent-abortable-preclean: 0.000/0.000 secs] [Times: user=0.00 sys=0.00, real=0.00 secs] 
2024-03-31T19:33:00.452+0800: 32.476: [GC (CMS Final Remark) [YG occupancy: 93906 K (117952 K)]2024-03-31T19:33:00.452+0800: 32.477: [Rescan (non-parallel) 2024-03-31T19:33:00.452+0800: 32.477: [grey object rescan, 0.0001085 secs]2024-03-31T19:33:00.453+0800: 32.477: [root rescan, 0.0582724 secs]2024-03-31T19:33:00.511+0800: 32.535: [visit unhandled CLDs, 0.0001932 secs]2024-03-31T19:33:00.512+0800: 32.536: [dirty klass scan, 0.0013918 secs], 0.0606801 secs]2024-03-31T19:33:00.513+0800: 32.537: [weak refs processing, 0.0001665 secs]2024-03-31T19:33:00.513+0800: 32.538: [class unloading, 0.0079707 secs]2024-03-31T19:33:00.522+0800: 32.546: [scrub symbol table, 0.0096458 secs]2024-03-31T19:33:00.531+0800: 32.556: [scrub string table, 0.0004730 secs][1 CMS-remark: 63K(64K)] 93970K(118016K), 0.0816786 secs] [Times: user=0.08 sys=0.00, real=0.09 secs] 
2024-03-31T19:33:00.535+0800: 32.559: [CMS-concurrent-sweep-start]
2024-03-31T19:33:00.536+0800: 32.560: [CMS-concurrent-sweep: 0.000/0.000 secs] [Times: user=0.00 sys=0.00, real=0.00 secs] 
2024-03-31T19:33:00.538+0800: 32.562: [CMS-concurrent-reset-start]
2024-03-31T19:33:00.539+0800: 32.564: [CMS-concurrent-reset: 0.000/0.000 secs] [Times: user=0.00 sys=0.00, real=0.00 secs] 
2024-03-31T19:33:02.545+0800: 34.569: [GC (CMS Initial Mark) [1 CMS-initial-mark: 63K(64K)] 95936K(118016K), 0.1020919 secs] [Times: user=0.10 sys=0.00, real=0.10 secs] 
2024-03-31T19:33:02.647+0800: 34.671: [CMS-concurrent-mark-start]
2024-03-31T19:33:02.648+0800: 34.672: [CMS-concurrent-mark: 0.000/0.000 secs] [Times: user=0.00 sys=0.00, real=0.00 secs] 
2024-03-31T19:33:02.649+0800: 34.673: [CMS-concurrent-preclean-start]
2024-03-31T19:33:02.652+0800: 34.676: [CMS-concurrent-preclean: 0.001/0.001 secs] [Times: user=0.01 sys=0.00, real=0.00 secs] 
2024-03-31T19:33:02.654+0800: 34.678: [CMS-concurrent-abortable-preclean-start]
2024-03-31T19:33:02.654+0800: 34.679: [CMS-concurrent-abortable-preclean: 0.000/0.000 secs] [Times: user=0.00 sys=0.00, real=0.01 secs] 
2024-03-31T19:33:02.659+0800: 34.684: [GC (CMS Final Remark) [YG occupancy: 95872 K (117952 K)]2024-03-31T19:33:02.660+0800: 34.684: [Rescan (non-parallel) 2024-03-31T19:33:02.660+0800: 34.684: [grey object rescan, 0.0000949 secs]2024-03-31T19:33:02.660+0800: 34.684: [root rescan, 0.0580598 secs]2024-03-31T19:33:02.718+0800: 34.742: [visit unhandled CLDs, 0.0001934 secs]2024-03-31T19:33:02.718+0800: 34.743: [dirty klass scan, 0.0012215 secs], 0.0602275 secs]2024-03-31T19:33:02.720+0800: 34.744: [weak refs processing, 0.0001402 secs]2024-03-31T19:33:02.720+0800: 34.744: [class unloading, 0.0076480 secs]2024-03-31T19:33:02.728+0800: 34.752: [scrub symbol table, 0.0094382 secs]2024-03-31T19:33:02.738+0800: 34.762: [scrub string table, 0.0004703 secs][1 CMS-remark: 63K(64K)] 95936K(118016K), 0.0802100 secs] [Times: user=0.08 sys=0.00, real=0.08 secs] 
2024-03-31T19:33:02.740+0800: 34.764: [CMS-concurrent-sweep-start]
2024-03-31T19:33:02.741+0800: 34.765: [CMS-concurrent-sweep: 0.000/0.000 secs] [Times: user=0.00 sys=0.00, real=0.00 secs] 
2024-03-31T19:33:02.744+0800: 34.768: [CMS-concurrent-reset-start]
2024-03-31T19:33:02.745+0800: 34.770: [CMS-concurrent-reset: 0.000/0.000 secs] [Times: user=0.00 sys=0.00, real=0.01 secs] 
2024-03-31T19:33:04.748+0800: 36.772: [GC (CMS Initial Mark) [1 CMS-initial-mark: 63K(64K)] 97371K(118016K), 0.0926596 secs] [Times: user=0.09 sys=0.00, real=0.09 secs] 
2024-03-31T19:33:04.842+0800: 36.866: [CMS-concurrent-mark-start]
2024-03-31T19:33:04.843+0800: 36.868: [CMS-concurrent-mark: 0.000/0.000 secs] [Times: user=0.00 sys=0.00, real=0.01 secs] 
2024-03-31T19:33:04.845+0800: 36.869: [CMS-concurrent-preclean-start]
2024-03-31T19:33:04.847+0800: 36.871: [CMS-concurrent-preclean: 0.001/0.001 secs] [Times: user=0.00 sys=0.00, real=0.00 secs] 
2024-03-31T19:33:04.849+0800: 36.873: [CMS-concurrent-abortable-preclean-start]
2024-03-31T19:33:04.851+0800: 36.876: [CMS-concurrent-abortable-preclean: 0.000/0.000 secs] [Times: user=0.00 sys=0.01, real=0.00 secs] 
2024-03-31T19:33:04.853+0800: 36.877: [GC (CMS Final Remark) [YG occupancy: 97307 K (117952 K)]2024-03-31T19:33:04.853+0800: 36.877: [Rescan (non-parallel) 2024-03-31T19:33:04.853+0800: 36.877: [grey object rescan, 0.0001023 secs]2024-03-31T19:33:04.853+0800: 36.877: [root rescan, 0.0601770 secs]2024-03-31T19:33:04.914+0800: 36.938: [visit unhandled CLDs, 0.0001566 secs]2024-03-31T19:33:04.914+0800: 36.938: [dirty klass scan, 0.0012607 secs], 0.0623888 secs]2024-03-31T19:33:04.915+0800: 36.940: [weak refs processing, 0.0001498 secs]2024-03-31T19:33:04.916+0800: 36.940: [class unloading, 0.0078796 secs]2024-03-31T19:33:04.924+0800: 36.948: [scrub symbol table, 0.0096170 secs]2024-03-31T19:33:04.934+0800: 36.958: [scrub string table, 0.0005010 secs][1 CMS-remark: 63K(64K)] 97371K(118016K), 0.0830849 secs] [Times: user=0.08 sys=0.00, real=0.09 secs] 
2024-03-31T19:33:04.936+0800: 36.960: [CMS-concurrent-sweep-start]
2024-03-31T19:33:04.936+0800: 36.961: [CMS-concurrent-sweep: 0.000/0.000 secs] [Times: user=0.00 sys=0.00, real=0.00 secs] 
2024-03-31T19:33:04.937+0800: 36.961: [CMS-concurrent-reset-start]
2024-03-31T19:33:04.937+0800: 36.961: [CMS-concurrent-reset: 0.000/0.000 secs] [Times: user=0.00 sys=0.00, real=0.00 secs] 
2024-03-31T19:33:06.942+0800: 38.967: [GC (CMS Initial Mark) [1 CMS-initial-mark: 63K(64K)] 97676K(118016K), 0.1031684 secs] [Times: user=0.11 sys=0.00, real=0.11 secs] 
2024-03-31T19:33:07.046+0800: 39.070: [CMS-concurrent-mark-start]
2024-03-31T19:33:07.047+0800: 39.071: [CMS-concurrent-mark: 0.000/0.000 secs] [Times: user=0.00 sys=0.00, real=0.00 secs] 
2024-03-31T19:33:07.047+0800: 39.071: [CMS-concurrent-preclean-start]
2024-03-31T19:33:07.049+0800: 39.074: [CMS-concurrent-preclean: 0.001/0.001 secs] [Times: user=0.00 sys=0.00, real=0.00 secs] 
2024-03-31T19:33:07.050+0800: 39.074: [CMS-concurrent-abortable-preclean-start]
2024-03-31T19:33:07.050+0800: 39.075: [CMS-concurrent-abortable-preclean: 0.000/0.000 secs] [Times: user=0.00 sys=0.00, real=0.00 secs] 
2024-03-31T19:33:07.052+0800: 39.076: [GC (CMS Final Remark) [YG occupancy: 97617 K (117952 K)]2024-03-31T19:33:07.052+0800: 39.076: [Rescan (non-parallel) 2024-03-31T19:33:07.052+0800: 39.077: [grey object rescan, 0.0001098 secs]2024-03-31T19:33:07.053+0800: 39.077: [root rescan, 0.0595675 secs]2024-03-31T19:33:07.113+0800: 39.137: [visit unhandled CLDs, 0.0001574 secs]2024-03-31T19:33:07.113+0800: 39.137: [dirty klass scan, 0.0012662 secs], 0.0617881 secs]2024-03-31T19:33:07.114+0800: 39.138: [weak refs processing, 0.0001596 secs]2024-03-31T19:33:07.114+0800: 39.139: [class unloading, 0.0080353 secs]2024-03-31T19:33:07.123+0800: 39.147: [scrub symbol table, 0.0095019 secs]2024-03-31T19:33:07.132+0800: 39.157: [scrub string table, 0.0004961 secs][1 CMS-remark: 63K(64K)] 97681K(118016K), 0.0824596 secs] [Times: user=0.07 sys=0.00, real=0.09 secs] 
2024-03-31T19:33:07.135+0800: 39.160: [CMS-concurrent-sweep-start]
2024-03-31T19:33:07.136+0800: 39.160: [CMS-concurrent-sweep: 0.000/0.000 secs] [Times: user=0.01 sys=0.00, real=0.00 secs] 
2024-03-31T19:33:07.137+0800: 39.161: [CMS-concurrent-reset-start]
2024-03-31T19:33:07.137+0800: 39.161: [CMS-concurrent-reset: 0.000/0.000 secs] [Times: user=0.00 sys=0.00, real=0.00 secs] 
2024-03-31T19:33:09.141+0800: 41.166: [GC (CMS Initial Mark) [1 CMS-initial-mark: 63K(64K)] 98174K(118016K), 0.0763825 secs] [Times: user=0.07 sys=0.00, real=0.08 secs] 
2024-03-31T19:33:09.218+0800: 41.243: [CMS-concurrent-mark-start]
2024-03-31T19:33:09.219+0800: 41.243: [CMS-concurrent-mark: 0.000/0.000 secs] [Times: user=0.00 sys=0.00, real=0.00 secs] 
2024-03-31T19:33:09.220+0800: 41.244: [CMS-concurrent-preclean-start]
2024-03-31T19:33:09.221+0800: 41.246: [CMS-concurrent-preclean: 0.001/0.001 secs] [Times: user=0.00 sys=0.01, real=0.00 secs] 
2024-03-31T19:33:09.222+0800: 41.246: [CMS-concurrent-abortable-preclean-start]
2024-03-31T19:33:09.223+0800: 41.247: [CMS-concurrent-abortable-preclean: 0.000/0.000 secs] [Times: user=0.00 sys=0.00, real=0.00 secs] 
2024-03-31T19:33:09.224+0800: 41.248: [GC (CMS Final Remark) [YG occupancy: 98144 K (117952 K)]2024-03-31T19:33:09.224+0800: 41.248: [Rescan (non-parallel) 2024-03-31T19:33:09.224+0800: 41.248: [grey object rescan, 0.0000860 secs]2024-03-31T19:33:09.224+0800: 41.248: [root rescan, 0.0618420 secs]2024-03-31T19:33:09.286+0800: 41.310: [visit unhandled CLDs, 0.0001443 secs]2024-03-31T19:33:09.286+0800: 41.311: [dirty klass scan, 0.0013025 secs], 0.0639740 secs]2024-03-31T19:33:09.288+0800: 41.312: [weak refs processing, 0.0001445 secs]2024-03-31T19:33:09.288+0800: 41.312: [class unloading, 0.0082445 secs]2024-03-31T19:33:09.297+0800: 41.321: [scrub symbol table, 0.0094118 secs]2024-03-31T19:33:09.306+0800: 41.330: [scrub string table, 0.0004537 secs][1 CMS-remark: 63K(64K)] 98208K(118016K), 0.0845669 secs] [Times: user=0.08 sys=0.00, real=0.08 secs] 
2024-03-31T19:33:09.309+0800: 41.333: [CMS-concurrent-sweep-start]
2024-03-31T19:33:09.309+0800: 41.333: [CMS-concurrent-sweep: 0.000/0.000 secs] [Times: user=0.00 sys=0.00, real=0.00 secs] 
2024-03-31T19:33:09.309+0800: 41.333: [CMS-concurrent-reset-start]
2024-03-31T19:33:09.309+0800: 41.333: [CMS-concurrent-reset: 0.000/0.000 secs] [Times: user=0.00 sys=0.00, real=0.00 secs] 
2024-03-31T19:33:11.312+0800: 43.336: [GC (CMS Initial Mark) [1 CMS-initial-mark: 63K(64K)] 98965K(118016K), 0.0786945 secs] [Times: user=0.08 sys=0.00, real=0.08 secs] 
2024-03-31T19:33:11.392+0800: 43.416: [CMS-concurrent-mark-start]
2024-03-31T19:33:11.393+0800: 43.417: [CMS-concurrent-mark: 0.000/0.000 secs] [Times: user=0.00 sys=0.00, real=0.00 secs] 
2024-03-31T19:33:11.394+0800: 43.418: [CMS-concurrent-preclean-start]
2024-03-31T19:33:11.396+0800: 43.420: [CMS-concurrent-preclean: 0.001/0.001 secs] [Times: user=0.00 sys=0.01, real=0.00 secs] 
2024-03-31T19:33:11.397+0800: 43.421: [CMS-concurrent-abortable-preclean-start]
2024-03-31T19:33:11.397+0800: 43.421: [CMS-concurrent-abortable-preclean: 0.000/0.000 secs] [Times: user=0.00 sys=0.00, real=0.00 secs] 
2024-03-31T19:33:11.398+0800: 43.422: [GC (CMS Final Remark) [YG occupancy: 98901 K (117952 K)]2024-03-31T19:33:11.398+0800: 43.423: [Rescan (non-parallel) 2024-03-31T19:33:11.399+0800: 43.423: [grey object rescan, 0.0001549 secs]2024-03-31T19:33:11.399+0800: 43.423: [root rescan, 0.0661838 secs]2024-03-31T19:33:11.465+0800: 43.490: [visit unhandled CLDs, 0.0001523 secs]2024-03-31T19:33:11.466+0800: 43.490: [dirty klass scan, 0.0014951 secs], 0.0689217 secs]2024-03-31T19:33:11.468+0800: 43.492: [weak refs processing, 0.0002110 secs]2024-03-31T19:33:11.468+0800: 43.492: [class unloading, 0.0092258 secs]2024-03-31T19:33:11.478+0800: 43.502: [scrub symbol table, 0.0161799 secs]2024-03-31T19:33:11.495+0800: 43.519: [scrub string table, 0.0005780 secs][1 CMS-remark: 63K(64K)] 98965K(118016K), 0.0990279 secs] [Times: user=0.10 sys=0.00, real=0.10 secs] 
2024-03-31T19:33:11.499+0800: 43.523: [CMS-concurrent-sweep-start]
2024-03-31T19:33:11.500+0800: 43.524: [CMS-concurrent-sweep: 0.000/0.000 secs] [Times: user=0.00 sys=0.00, real=0.00 secs] 
2024-03-31T19:33:11.502+0800: 43.526: [CMS-concurrent-reset-start]
2024-03-31T19:33:11.504+0800: 43.528: [CMS-concurrent-reset: 0.000/0.000 secs] [Times: user=0.01 sys=0.00, real=0.01 secs] 
2024-03-31T19:33:12.953+0800: 44.977: [GC (Allocation Failure) 2024-03-31T19:33:12.954+0800: 44.978: [DefNew: 117951K->117951K(117952K), 0.0002065 secs]2024-03-31T19:33:12.954+0800: 44.978: [CMS: 63K->63K(64K), 0.1430823 secs] 118015K->76390K(118016K), [Metaspace: 75139K->75139K(1118208K)], 0.1440816 secs] [Times: user=0.13 sys=0.01, real=0.15 secs] 
2024-03-31T19:33:13.099+0800: 45.123: [GC (CMS Initial Mark) [1 CMS-initial-mark: 63K(64K)] 76482K(118016K), 0.0560223 secs] [Times: user=0.06 sys=0.00, real=0.06 secs] 
2024-03-31T19:33:13.156+0800: 45.180: [CMS-concurrent-mark-start]
2024-03-31T19:33:13.156+0800: 45.181: [CMS-concurrent-mark: 0.000/0.000 secs] [Times: user=0.00 sys=0.01, real=0.00 secs] 
2024-03-31T19:33:13.157+0800: 45.182: [CMS-concurrent-preclean-start]
2024-03-31T19:33:13.159+0800: 45.184: [CMS-concurrent-preclean: 0.001/0.001 secs] [Times: user=0.00 sys=0.00, real=0.00 secs] 
2024-03-31T19:33:13.160+0800: 45.185: [CMS-concurrent-abortable-preclean-start]
2024-03-31T19:33:13.161+0800: 45.185: [CMS-concurrent-abortable-preclean: 0.000/0.000 secs] [Times: user=0.00 sys=0.00, real=0.00 secs] 
2024-03-31T19:33:13.165+0800: 45.189: [GC (CMS Final Remark) [YG occupancy: 76418 K (117952 K)]2024-03-31T19:33:13.165+0800: 45.189: [Rescan (non-parallel) 2024-03-31T19:33:13.165+0800: 45.190: [grey object rescan, 0.0001056 secs]2024-03-31T19:33:13.166+0800: 45.190: [root rescan, 0.0558788 secs]2024-03-31T19:33:13.222+0800: 45.246: [visit unhandled CLDs, 0.0001308 secs]2024-03-31T19:33:13.222+0800: 45.246: [dirty klass scan, 0.0011933 secs], 0.0578492 secs]2024-03-31T19:33:13.223+0800: 45.247: [weak refs processing, 0.0001026 secs]2024-03-31T19:33:13.223+0800: 45.248: [class unloading, 0.0078377 secs]2024-03-31T19:33:13.231+0800: 45.256: [scrub symbol table, 0.0098817 secs]2024-03-31T19:33:13.241+0800: 45.266: [scrub string table, 0.0004284 secs][1 CMS-remark: 63K(64K)] 76482K(118016K), 0.0783428 secs] [Times: user=0.08 sys=0.00, real=0.08 secs] 
2024-03-31T19:33:13.244+0800: 45.268: [CMS-concurrent-sweep-start]
2024-03-31T19:33:13.245+0800: 45.269: [CMS-concurrent-sweep: 0.000/0.000 secs] [Times: user=0.00 sys=0.00, real=0.00 secs] 
2024-03-31T19:33:13.247+0800: 45.271: [CMS-concurrent-reset-start]
2024-03-31T19:33:13.248+0800: 45.272: [CMS-concurrent-reset: 0.000/0.000 secs] [Times: user=0.00 sys=0.00, real=0.00 secs] 
2024-03-31T19:33:15.250+0800: 47.274: [GC (CMS Initial Mark) [1 CMS-initial-mark: 63K(64K)] 91127K(118016K), 0.0704962 secs] [Times: user=0.07 sys=0.00, real=0.07 secs] 
2024-03-31T19:33:15.321+0800: 47.345: [CMS-concurrent-mark-start]
2024-03-31T19:33:15.321+0800: 47.346: [CMS-concurrent-mark: 0.000/0.000 secs] [Times: user=0.00 sys=0.00, real=0.00 secs] 
2024-03-31T19:33:15.322+0800: 47.346: [CMS-concurrent-preclean-start]
2024-03-31T19:33:15.323+0800: 47.347: [CMS-concurrent-preclean: 0.001/0.001 secs] [Times: user=0.00 sys=0.00, real=0.00 secs] 
2024-03-31T19:33:15.323+0800: 47.348: [CMS-concurrent-abortable-preclean-start]
2024-03-31T19:33:15.323+0800: 47.348: [CMS-concurrent-abortable-preclean: 0.000/0.000 secs] [Times: user=0.00 sys=0.00, real=0.00 secs] 
2024-03-31T19:33:15.324+0800: 47.348: [GC (CMS Final Remark) [YG occupancy: 91071 K (117952 K)]2024-03-31T19:33:15.324+0800: 47.349: [Rescan (non-parallel) 2024-03-31T19:33:15.324+0800: 47.349: [grey object rescan, 0.0000873 secs]2024-03-31T19:33:15.325+0800: 47.349: [root rescan, 0.0597508 secs]2024-03-31T19:33:15.385+0800: 47.409: [visit unhandled CLDs, 0.0001634 secs]2024-03-31T19:33:15.385+0800: 47.409: [dirty klass scan, 0.0013690 secs], 0.0620265 secs]2024-03-31T19:33:15.386+0800: 47.411: [weak refs processing, 0.0001385 secs]2024-03-31T19:33:15.387+0800: 47.411: [class unloading, 0.0083350 secs]2024-03-31T19:33:15.395+0800: 47.419: [scrub symbol table, 0.0118114 secs]2024-03-31T19:33:15.407+0800: 47.431: [scrub string table, 0.0005237 secs][1 CMS-remark: 63K(64K)] 91135K(118016K), 0.0854687 secs] [Times: user=0.09 sys=0.00, real=0.08 secs] 
2024-03-31T19:33:15.410+0800: 47.435: [CMS-concurrent-sweep-start]
2024-03-31T19:33:15.411+0800: 47.435: [CMS-concurrent-sweep: 0.000/0.000 secs] [Times: user=0.00 sys=0.00, real=0.00 secs] 
2024-03-31T19:33:15.412+0800: 47.436: [CMS-concurrent-reset-start]
2024-03-31T19:33:15.412+0800: 47.436: [CMS-concurrent-reset: 0.000/0.000 secs] [Times: user=0.00 sys=0.00, real=0.00 secs] 
2024-03-31T19:33:17.417+0800: 49.441: [GC (CMS Initial Mark) [1 CMS-initial-mark: 63K(64K)] 99768K(118016K), 0.1057700 secs] [Times: user=0.11 sys=0.00, real=0.10 secs] 
2024-03-31T19:33:17.523+0800: 49.547: [CMS-concurrent-mark-start]
2024-03-31T19:33:17.524+0800: 49.548: [CMS-concurrent-mark: 0.000/0.000 secs] [Times: user=0.00 sys=0.00, real=0.01 secs] 
2024-03-31T19:33:17.524+0800: 49.548: [CMS-concurrent-preclean-start]
2024-03-31T19:33:17.526+0800: 49.550: [CMS-concurrent-preclean: 0.001/0.001 secs] [Times: user=0.00 sys=0.00, real=0.00 secs] 
2024-03-31T19:33:17.527+0800: 49.551: [CMS-concurrent-abortable-preclean-start]
2024-03-31T19:33:17.527+0800: 49.551: [CMS-concurrent-abortable-preclean: 0.000/0.000 secs] [Times: user=0.00 sys=0.00, real=0.00 secs] 
2024-03-31T19:33:17.528+0800: 49.552: [GC (CMS Final Remark) [YG occupancy: 99704 K (117952 K)]2024-03-31T19:33:17.528+0800: 49.552: [Rescan (non-parallel) 2024-03-31T19:33:17.528+0800: 49.552: [grey object rescan, 0.0001023 secs]2024-03-31T19:33:17.528+0800: 49.552: [root rescan, 0.0590558 secs]2024-03-31T19:33:17.587+0800: 49.612: [visit unhandled CLDs, 0.0001567 secs]2024-03-31T19:33:17.588+0800: 49.612: [dirty klass scan, 0.0013060 secs], 0.0612672 secs]2024-03-31T19:33:17.589+0800: 49.613: [weak refs processing, 0.0001415 secs]2024-03-31T19:33:17.589+0800: 49.614: [class unloading, 0.0082098 secs]2024-03-31T19:33:17.598+0800: 49.622: [scrub symbol table, 0.0095803 secs]2024-03-31T19:33:17.608+0800: 49.632: [scrub string table, 0.0004689 secs][1 CMS-remark: 63K(64K)] 99768K(118016K), 0.0819987 secs] [Times: user=0.08 sys=0.00, real=0.08 secs] 
2024-03-31T19:33:17.610+0800: 49.634: [CMS-concurrent-sweep-start]
2024-03-31T19:33:17.610+0800: 49.635: [CMS-concurrent-sweep: 0.000/0.000 secs] [Times: user=0.00 sys=0.00, real=0.00 secs] 
2024-03-31T19:33:17.611+0800: 49.635: [CMS-concurrent-reset-start]
2024-03-31T19:33:17.611+0800: 49.635: [CMS-concurrent-reset: 0.000/0.000 secs] [Times: user=0.00 sys=0.00, real=0.00 secs] 
2024-03-31T19:33:19.618+0800: 51.642: [GC (CMS Initial Mark) [1 CMS-initial-mark: 63K(64K)] 100295K(118016K), 0.1011335 secs] [Times: user=0.10 sys=0.00, real=0.10 secs] 
2024-03-31T19:33:19.720+0800: 51.744: [CMS-concurrent-mark-start]
2024-03-31T19:33:19.720+0800: 51.744: [CMS-concurrent-mark: 0.000/0.000 secs] [Times: user=0.00 sys=0.00, real=0.00 secs] 
2024-03-31T19:33:19.721+0800: 51.745: [CMS-concurrent-preclean-start]
2024-03-31T19:33:19.723+0800: 51.747: [CMS-concurrent-preclean: 0.001/0.001 secs] [Times: user=0.01 sys=0.00, real=0.00 secs] 
2024-03-31T19:33:19.723+0800: 51.747: [CMS-concurrent-abortable-preclean-start]
2024-03-31T19:33:19.723+0800: 51.747: [CMS-concurrent-abortable-preclean: 0.000/0.000 secs] [Times: user=0.00 sys=0.00, real=0.00 secs] 
2024-03-31T19:33:19.724+0800: 51.748: [GC (CMS Final Remark) [YG occupancy: 100231 K (117952 K)]2024-03-31T19:33:19.724+0800: 51.748: [Rescan (non-parallel) 2024-03-31T19:33:19.724+0800: 51.748: [grey object rescan, 0.0001155 secs]2024-03-31T19:33:19.724+0800: 51.748: [root rescan, 0.0592658 secs]2024-03-31T19:33:19.784+0800: 51.808: [visit unhandled CLDs, 0.0001578 secs]2024-03-31T19:33:19.784+0800: 51.808: [dirty klass scan, 0.0012438 secs], 0.0613873 secs]2024-03-31T19:33:19.785+0800: 51.809: [weak refs processing, 0.0001392 secs]2024-03-31T19:33:19.785+0800: 51.810: [class unloading, 0.0083790 secs]2024-03-31T19:33:19.794+0800: 51.818: [scrub symbol table, 0.0096088 secs]2024-03-31T19:33:19.804+0800: 51.828: [scrub string table, 0.0004967 secs][1 CMS-remark: 63K(64K)] 100295K(118016K), 0.0823860 secs] [Times: user=0.08 sys=0.00, real=0.08 secs] 
2024-03-31T19:33:19.807+0800: 51.831: [CMS-concurrent-sweep-start]
2024-03-31T19:33:19.807+0800: 51.831: [CMS-concurrent-sweep: 0.000/0.000 secs] [Times: user=0.00 sys=0.00, real=0.00 secs] 
2024-03-31T19:33:19.807+0800: 51.831: [CMS-concurrent-reset-start]
2024-03-31T19:33:19.807+0800: 51.832: [CMS-concurrent-reset: 0.000/0.000 secs] [Times: user=0.00 sys=0.00, real=0.00 secs] 
2024-03-31T19:33:21.816+0800: 53.841: [GC (CMS Initial Mark) [1 CMS-initial-mark: 63K(64K)] 101516K(118016K), 0.1043872 secs] [Times: user=0.10 sys=0.00, real=0.10 secs] 
2024-03-31T19:33:21.921+0800: 53.945: [CMS-concurrent-mark-start]
2024-03-31T19:33:21.922+0800: 53.946: [CMS-concurrent-mark: 0.000/0.000 secs] [Times: user=0.00 sys=0.00, real=0.00 secs] 
2024-03-31T19:33:21.923+0800: 53.947: [CMS-concurrent-preclean-start]
2024-03-31T19:33:21.924+0800: 53.948: [CMS-concurrent-preclean: 0.001/0.001 secs] [Times: user=0.01 sys=0.00, real=0.01 secs] 
2024-03-31T19:33:21.925+0800: 53.949: [CMS-concurrent-abortable-preclean-start]
2024-03-31T19:33:21.926+0800: 53.950: [CMS-concurrent-abortable-preclean: 0.000/0.000 secs] [Times: user=0.00 sys=0.00, real=0.00 secs] 
2024-03-31T19:33:21.931+0800: 53.955: [GC (CMS Final Remark) [YG occupancy: 101452 K (117952 K)]2024-03-31T19:33:21.931+0800: 53.955: [Rescan (non-parallel) 2024-03-31T19:33:21.931+0800: 53.956: [grey object rescan, 0.0001142 secs]2024-03-31T19:33:21.932+0800: 53.956: [root rescan, 0.0595505 secs]2024-03-31T19:33:21.991+0800: 54.016: [visit unhandled CLDs, 0.0001411 secs]2024-03-31T19:33:21.992+0800: 54.016: [dirty klass scan, 0.0012332 secs], 0.0616814 secs]2024-03-31T19:33:21.993+0800: 54.017: [weak refs processing, 0.0001537 secs]2024-03-31T19:33:21.993+0800: 54.018: [class unloading, 0.0083271 secs]2024-03-31T19:33:22.002+0800: 54.026: [scrub symbol table, 0.0096833 secs]2024-03-31T19:33:22.012+0800: 54.036: [scrub string table, 0.0004619 secs][1 CMS-remark: 63K(64K)] 101516K(118016K), 0.0826882 secs] [Times: user=0.09 sys=0.00, real=0.09 secs] 
2024-03-31T19:33:22.015+0800: 54.039: [CMS-concurrent-sweep-start]
2024-03-31T19:33:22.016+0800: 54.040: [CMS-concurrent-sweep: 0.000/0.000 secs] [Times: user=0.00 sys=0.00, real=0.00 secs] 
2024-03-31T19:33:22.019+0800: 54.043: [CMS-concurrent-reset-start]
2024-03-31T19:33:22.019+0800: 54.044: [CMS-concurrent-reset: 0.000/0.000 secs] [Times: user=0.00 sys=0.00, real=0.00 secs] 
2024-03-31T19:33:24.022+0800: 56.047: [GC (CMS Initial Mark) [1 CMS-initial-mark: 63K(64K)] 101789K(118016K), 0.0806302 secs] [Times: user=0.08 sys=0.00, real=0.09 secs] 
2024-03-31T19:33:24.104+0800: 56.128: [CMS-concurrent-mark-start]
2024-03-31T19:33:24.105+0800: 56.129: [CMS-concurrent-mark: 0.000/0.000 secs] [Times: user=0.00 sys=0.00, real=0.00 secs] 
2024-03-31T19:33:24.107+0800: 56.131: [CMS-concurrent-preclean-start]
2024-03-31T19:33:24.109+0800: 56.133: [CMS-concurrent-preclean: 0.001/0.001 secs] [Times: user=0.00 sys=0.00, real=0.00 secs] 
2024-03-31T19:33:24.111+0800: 56.135: [CMS-concurrent-abortable-preclean-start]
2024-03-31T19:33:24.113+0800: 56.138: [CMS-concurrent-abortable-preclean: 0.000/0.000 secs] [Times: user=0.01 sys=0.00, real=0.01 secs] 
2024-03-31T19:33:24.116+0800: 56.140: [GC (CMS Final Remark) [YG occupancy: 101749 K (117952 K)]2024-03-31T19:33:24.116+0800: 56.140: [Rescan (non-parallel) 2024-03-31T19:33:24.116+0800: 56.140: [grey object rescan, 0.0001151 secs]2024-03-31T19:33:24.116+0800: 56.141: [root rescan, 0.0612955 secs]2024-03-31T19:33:24.178+0800: 56.202: [visit unhandled CLDs, 0.0001857 secs]2024-03-31T19:33:24.178+0800: 56.202: [dirty klass scan, 0.0012755 secs], 0.0635713 secs]2024-03-31T19:33:24.180+0800: 56.204: [weak refs processing, 0.0001527 secs]2024-03-31T19:33:24.180+0800: 56.204: [class unloading, 0.0083019 secs]2024-03-31T19:33:24.189+0800: 56.213: [scrub symbol table, 0.0099675 secs]2024-03-31T19:33:24.199+0800: 56.223: [scrub string table, 0.0005102 secs][1 CMS-remark: 63K(64K)] 101813K(118016K), 0.0849950 secs] [Times: user=0.08 sys=0.00, real=0.08 secs] 
2024-03-31T19:33:24.203+0800: 56.227: [CMS-concurrent-sweep-start]
2024-03-31T19:33:24.203+0800: 56.227: [CMS-concurrent-sweep: 0.000/0.000 secs] [Times: user=0.00 sys=0.00, real=0.01 secs] 
2024-03-31T19:33:24.204+0800: 56.228: [CMS-concurrent-reset-start]
2024-03-31T19:33:24.204+0800: 56.228: [CMS-concurrent-reset: 0.000/0.000 secs] [Times: user=0.00 sys=0.00, real=0.00 secs] 
2024-03-31T19:33:26.207+0800: 58.232: [GC (CMS Initial Mark) [1 CMS-initial-mark: 63K(64K)] 102393K(118016K), 0.0812108 secs] [Times: user=0.08 sys=0.00, real=0.08 secs] 
2024-03-31T19:33:26.289+0800: 58.314: [CMS-concurrent-mark-start]
2024-03-31T19:33:26.290+0800: 58.314: [CMS-concurrent-mark: 0.000/0.000 secs] [Times: user=0.00 sys=0.00, real=0.00 secs] 
2024-03-31T19:33:26.291+0800: 58.315: [CMS-concurrent-preclean-start]
2024-03-31T19:33:26.293+0800: 58.317: [CMS-concurrent-preclean: 0.001/0.001 secs] [Times: user=0.01 sys=0.00, real=0.00 secs] 
2024-03-31T19:33:26.294+0800: 58.318: [CMS-concurrent-abortable-preclean-start]
2024-03-31T19:33:26.294+0800: 58.319: [CMS-concurrent-abortable-preclean: 0.000/0.000 secs] [Times: user=0.00 sys=0.00, real=0.01 secs] 
2024-03-31T19:33:26.296+0800: 58.320: [GC (CMS Final Remark) [YG occupancy: 102380 K (117952 K)]2024-03-31T19:33:26.296+0800: 58.320: [Rescan (non-parallel) 2024-03-31T19:33:26.296+0800: 58.320: [grey object rescan, 0.0001128 secs]2024-03-31T19:33:26.296+0800: 58.321: [root rescan, 0.0629793 secs]2024-03-31T19:33:26.360+0800: 58.384: [visit unhandled CLDs, 0.0001767 secs]2024-03-31T19:33:26.360+0800: 58.384: [dirty klass scan, 0.0017009 secs], 0.0658033 secs]2024-03-31T19:33:26.362+0800: 58.386: [weak refs processing, 0.0001797 secs]2024-03-31T19:33:26.362+0800: 58.387: [class unloading, 0.0090599 secs]2024-03-31T19:33:26.372+0800: 58.396: [scrub symbol table, 0.0101431 secs]2024-03-31T19:33:26.382+0800: 58.406: [scrub string table, 0.0005251 secs][1 CMS-remark: 63K(64K)] 102444K(118016K), 0.0883980 secs] [Times: user=0.09 sys=0.00, real=0.09 secs] 
2024-03-31T19:33:26.385+0800: 58.409: [CMS-concurrent-sweep-start]
2024-03-31T19:33:26.386+0800: 58.410: [CMS-concurrent-sweep: 0.000/0.000 secs] [Times: user=0.00 sys=0.00, real=0.00 secs] 
2024-03-31T19:33:26.387+0800: 58.412: [CMS-concurrent-reset-start]
2024-03-31T19:33:26.388+0800: 58.412: [CMS-concurrent-reset: 0.000/0.000 secs] [Times: user=0.00 sys=0.00, real=0.00 secs] 
2024-03-31T19:33:28.388+0800: 60.412: [GC (CMS Initial Mark) [1 CMS-initial-mark: 63K(64K)] 102679K(118016K), 0.0840921 secs] [Times: user=0.08 sys=0.01, real=0.08 secs] 
2024-03-31T19:33:28.473+0800: 60.497: [CMS-concurrent-mark-start]
2024-03-31T19:33:28.474+0800: 60.498: [CMS-concurrent-mark: 0.000/0.000 secs] [Times: user=0.01 sys=0.00, real=0.01 secs] 
2024-03-31T19:33:28.474+0800: 60.498: [CMS-concurrent-preclean-start]
2024-03-31T19:33:28.476+0800: 60.501: [CMS-concurrent-preclean: 0.001/0.001 secs] [Times: user=0.00 sys=0.00, real=0.00 secs] 
2024-03-31T19:33:28.477+0800: 60.501: [CMS-concurrent-abortable-preclean-start]
2024-03-31T19:33:28.478+0800: 60.502: [CMS-concurrent-abortable-preclean: 0.000/0.000 secs] [Times: user=0.00 sys=0.00, real=0.00 secs] 
2024-03-31T19:33:28.478+0800: 60.503: [GC (CMS Final Remark) [YG occupancy: 102615 K (117952 K)]2024-03-31T19:33:28.479+0800: 60.503: [Rescan (non-parallel) 2024-03-31T19:33:28.479+0800: 60.503: [grey object rescan, 0.0001036 secs]2024-03-31T19:33:28.479+0800: 60.503: [root rescan, 0.0632555 secs]2024-03-31T19:33:28.542+0800: 60.567: [visit unhandled CLDs, 0.0002173 secs]2024-03-31T19:33:28.543+0800: 60.567: [dirty klass scan, 0.0014643 secs], 0.0657668 secs]2024-03-31T19:33:28.545+0800: 60.569: [weak refs processing, 0.0001743 secs]2024-03-31T19:33:28.545+0800: 60.569: [class unloading, 0.0089910 secs]2024-03-31T19:33:28.554+0800: 60.578: [scrub symbol table, 0.0150710 secs]2024-03-31T19:33:28.570+0800: 60.594: [scrub string table, 0.0006136 secs][1 CMS-remark: 63K(64K)] 102679K(118016K), 0.0936485 secs] [Times: user=0.09 sys=0.00, real=0.09 secs] 
2024-03-31T19:33:28.573+0800: 60.597: [CMS-concurrent-sweep-start]
2024-03-31T19:33:28.574+0800: 60.598: [CMS-concurrent-sweep: 0.000/0.000 secs] [Times: user=0.00 sys=0.00, real=0.01 secs] 
2024-03-31T19:33:28.574+0800: 60.598: [CMS-concurrent-reset-start]
2024-03-31T19:33:28.574+0800: 60.599: [CMS-concurrent-reset: 0.000/0.000 secs] [Times: user=0.00 sys=0.00, real=0.00 secs] 
2024-03-31T19:33:30.577+0800: 62.602: [GC (CMS Initial Mark) [1 CMS-initial-mark: 63K(64K)] 104078K(118016K), 0.0976888 secs] [Times: user=0.10 sys=0.00, real=0.10 secs] 
2024-03-31T19:33:30.676+0800: 62.701: [CMS-concurrent-mark-start]
2024-03-31T19:33:30.677+0800: 62.702: [CMS-concurrent-mark: 0.000/0.000 secs] [Times: user=0.00 sys=0.00, real=0.00 secs] 
2024-03-31T19:33:30.678+0800: 62.703: [CMS-concurrent-preclean-start]
2024-03-31T19:33:30.680+0800: 62.705: [CMS-concurrent-preclean: 0.001/0.001 secs] [Times: user=0.01 sys=0.00, real=0.00 secs] 
2024-03-31T19:33:30.681+0800: 62.706: [CMS-concurrent-abortable-preclean-start]
2024-03-31T19:33:30.682+0800: 62.707: [CMS-concurrent-abortable-preclean: 0.000/0.000 secs] [Times: user=0.00 sys=0.00, real=0.00 secs] 
2024-03-31T19:33:30.685+0800: 62.710: [GC (CMS Final Remark) [YG occupancy: 104080 K (117952 K)]2024-03-31T19:33:30.685+0800: 62.710: [Rescan (non-parallel) 2024-03-31T19:33:30.685+0800: 62.710: [grey object rescan, 0.0004368 secs]2024-03-31T19:33:30.686+0800: 62.711: [root rescan, 0.0724051 secs]2024-03-31T19:33:30.759+0800: 62.784: [visit unhandled CLDs, 0.0002223 secs]2024-03-31T19:33:30.759+0800: 62.784: [dirty klass scan, 0.0017545 secs], 0.0758796 secs]2024-03-31T19:33:30.761+0800: 62.786: [weak refs processing, 0.0003040 secs]2024-03-31T19:33:30.762+0800: 62.787: [class unloading, 0.0102931 secs]2024-03-31T19:33:30.772+0800: 62.797: [scrub symbol table, 0.0176711 secs]2024-03-31T19:33:30.790+0800: 62.815: [scrub string table, 0.0005591 secs][1 CMS-remark: 63K(64K)] 104144K(118016K), 0.1078463 secs] [Times: user=0.10 sys=0.00, real=0.11 secs] 
2024-03-31T19:33:30.793+0800: 62.818: [CMS-concurrent-sweep-start]
2024-03-31T19:33:30.794+0800: 62.819: [CMS-concurrent-sweep: 0.000/0.000 secs] [Times: user=0.01 sys=0.00, real=0.00 secs] 
2024-03-31T19:33:30.795+0800: 62.820: [CMS-concurrent-reset-start]
2024-03-31T19:33:30.796+0800: 62.821: [CMS-concurrent-reset: 0.000/0.000 secs] [Times: user=0.00 sys=0.00, real=0.00 secs] 
2024-03-31T19:33:32.802+0800: 64.827: [GC (CMS Initial Mark) [1 CMS-initial-mark: 63K(64K)] 104713K(118016K), 0.0922781 secs] [Times: user=0.10 sys=0.00, real=0.10 secs] 
2024-03-31T19:33:32.895+0800: 64.920: [CMS-concurrent-mark-start]
2024-03-31T19:33:32.896+0800: 64.921: [CMS-concurrent-mark: 0.000/0.000 secs] [Times: user=0.00 sys=0.00, real=0.00 secs] 
2024-03-31T19:33:32.896+0800: 64.921: [CMS-concurrent-preclean-start]
2024-03-31T19:33:32.898+0800: 64.923: [CMS-concurrent-preclean: 0.001/0.001 secs] [Times: user=0.00 sys=0.01, real=0.00 secs] 
2024-03-31T19:33:32.899+0800: 64.924: [CMS-concurrent-abortable-preclean-start]
2024-03-31T19:33:32.899+0800: 64.924: [CMS-concurrent-abortable-preclean: 0.000/0.000 secs] [Times: user=0.00 sys=0.00, real=0.00 secs] 
2024-03-31T19:33:32.901+0800: 64.926: [GC (CMS Final Remark) [YG occupancy: 104672 K (117952 K)]2024-03-31T19:33:32.901+0800: 64.926: [Rescan (non-parallel) 2024-03-31T19:33:32.901+0800: 64.926: [grey object rescan, 0.0001357 secs]2024-03-31T19:33:32.901+0800: 64.926: [root rescan, 0.0628885 secs]2024-03-31T19:33:32.965+0800: 64.990: [visit unhandled CLDs, 0.0001985 secs]2024-03-31T19:33:32.965+0800: 64.990: [dirty klass scan, 0.0014265 secs], 0.0655663 secs]2024-03-31T19:33:32.967+0800: 64.992: [weak refs processing, 0.0002068 secs]2024-03-31T19:33:32.967+0800: 64.992: [class unloading, 0.0091284 secs]2024-03-31T19:33:32.976+0800: 65.001: [scrub symbol table, 0.0120419 secs]2024-03-31T19:33:32.989+0800: 65.014: [scrub string table, 0.0005125 secs][1 CMS-remark: 63K(64K)] 104736K(118016K), 0.0902652 secs] [Times: user=0.09 sys=0.00, real=0.09 secs] 
2024-03-31T19:33:32.992+0800: 65.017: [CMS-concurrent-sweep-start]
2024-03-31T19:33:32.992+0800: 65.017: [CMS-concurrent-sweep: 0.000/0.000 secs] [Times: user=0.00 sys=0.00, real=0.00 secs] 
2024-03-31T19:33:32.993+0800: 65.018: [CMS-concurrent-reset-start]
2024-03-31T19:33:32.993+0800: 65.018: [CMS-concurrent-reset: 0.000/0.000 secs] [Times: user=0.00 sys=0.00, real=0.01 secs] 
2024-03-31T19:33:35.002+0800: 67.027: [GC (CMS Initial Mark) [1 CMS-initial-mark: 63K(64K)] 105242K(118016K), 0.1059945 secs] [Times: user=0.10 sys=0.00, real=0.11 secs] 
2024-03-31T19:33:35.109+0800: 67.134: [CMS-concurrent-mark-start]
2024-03-31T19:33:35.109+0800: 67.134: [CMS-concurrent-mark: 0.000/0.000 secs] [Times: user=0.01 sys=0.00, real=0.00 secs] 
2024-03-31T19:33:35.110+0800: 67.135: [CMS-concurrent-preclean-start]
2024-03-31T19:33:35.112+0800: 67.137: [CMS-concurrent-preclean: 0.001/0.001 secs] [Times: user=0.00 sys=0.00, real=0.00 secs] 
2024-03-31T19:33:35.113+0800: 67.137: [CMS-concurrent-abortable-preclean-start]
2024-03-31T19:33:35.113+0800: 67.138: [CMS-concurrent-abortable-preclean: 0.000/0.000 secs] [Times: user=0.00 sys=0.00, real=0.01 secs] 
2024-03-31T19:33:35.113+0800: 67.138: [GC (CMS Final Remark) [YG occupancy: 105179 K (117952 K)]2024-03-31T19:33:35.113+0800: 67.138: [Rescan (non-parallel) 2024-03-31T19:33:35.114+0800: 67.139: [grey object rescan, 0.0001243 secs]2024-03-31T19:33:35.114+0800: 67.139: [root rescan, 0.0610694 secs]2024-03-31T19:33:35.175+0800: 67.200: [visit unhandled CLDs, 0.0001792 secs]2024-03-31T19:33:35.175+0800: 67.200: [dirty klass scan, 0.0013260 secs], 0.0633878 secs]2024-03-31T19:33:35.177+0800: 67.202: [weak refs processing, 0.0001660 secs]2024-03-31T19:33:35.177+0800: 67.202: [class unloading, 0.0085883 secs]2024-03-31T19:33:35.186+0800: 67.211: [scrub symbol table, 0.0099046 secs]2024-03-31T19:33:35.196+0800: 67.221: [scrub string table, 0.0004803 secs][1 CMS-remark: 63K(64K)] 105243K(118016K), 0.0851165 secs] [Times: user=0.08 sys=0.00, real=0.08 secs] 
2024-03-31T19:33:35.199+0800: 67.224: [CMS-concurrent-sweep-start]
2024-03-31T19:33:35.200+0800: 67.225: [CMS-concurrent-sweep: 0.000/0.000 secs] [Times: user=0.01 sys=0.00, real=0.00 secs] 
2024-03-31T19:33:35.202+0800: 67.227: [CMS-concurrent-reset-start]
2024-03-31T19:33:35.203+0800: 67.228: [CMS-concurrent-reset: 0.000/0.000 secs] [Times: user=0.00 sys=0.00, real=0.01 secs] 
2024-03-31T19:33:37.212+0800: 69.237: [GC (CMS Initial Mark) [1 CMS-initial-mark: 63K(64K)] 105356K(118016K), 0.0828330 secs] [Times: user=0.09 sys=0.00, real=0.09 secs] 
2024-03-31T19:33:37.295+0800: 69.320: [CMS-concurrent-mark-start]
2024-03-31T19:33:37.296+0800: 69.321: [CMS-concurrent-mark: 0.000/0.000 secs] [Times: user=0.00 sys=0.00, real=0.00 secs] 
2024-03-31T19:33:37.298+0800: 69.323: [CMS-concurrent-preclean-start]
2024-03-31T19:33:37.300+0800: 69.325: [CMS-concurrent-preclean: 0.001/0.001 secs] [Times: user=0.00 sys=0.00, real=0.00 secs] 
2024-03-31T19:33:37.302+0800: 69.326: [CMS-concurrent-abortable-preclean-start]
2024-03-31T19:33:37.303+0800: 69.328: [CMS-concurrent-abortable-preclean: 0.000/0.000 secs] [Times: user=0.00 sys=0.00, real=0.01 secs] 
2024-03-31T19:33:37.306+0800: 69.331: [GC (CMS Final Remark) [YG occupancy: 105293 K (117952 K)]2024-03-31T19:33:37.306+0800: 69.331: [Rescan (non-parallel) 2024-03-31T19:33:37.306+0800: 69.331: [grey object rescan, 0.0001111 secs]2024-03-31T19:33:37.306+0800: 69.331: [root rescan, 0.0627870 secs]2024-03-31T19:33:37.369+0800: 69.394: [visit unhandled CLDs, 0.0002032 secs]2024-03-31T19:33:37.370+0800: 69.395: [dirty klass scan, 0.0015040 secs], 0.0653096 secs]2024-03-31T19:33:37.371+0800: 69.396: [weak refs processing, 0.0001725 secs]2024-03-31T19:33:37.372+0800: 69.397: [class unloading, 0.0085981 secs]2024-03-31T19:33:37.381+0800: 69.406: [scrub symbol table, 0.0098030 secs]2024-03-31T19:33:37.391+0800: 69.416: [scrub string table, 0.0005106 secs][1 CMS-remark: 63K(64K)] 105357K(118016K), 0.0869257 secs] [Times: user=0.08 sys=0.00, real=0.09 secs] 
2024-03-31T19:33:37.394+0800: 69.419: [CMS-concurrent-sweep-start]
2024-03-31T19:33:37.394+0800: 69.419: [CMS-concurrent-sweep: 0.000/0.000 secs] [Times: user=0.00 sys=0.00, real=0.00 secs] 
2024-03-31T19:33:37.394+0800: 69.419: [CMS-concurrent-reset-start]
2024-03-31T19:33:37.394+0800: 69.419: [CMS-concurrent-reset: 0.000/0.000 secs] [Times: user=0.00 sys=0.00, real=0.00 secs] 
2024-03-31T19:33:39.397+0800: 71.422: [GC (CMS Initial Mark) [1 CMS-initial-mark: 63K(64K)] 105474K(118016K), 0.0629180 secs] [Times: user=0.06 sys=0.00, real=0.06 secs] 
2024-03-31T19:33:39.460+0800: 71.485: [CMS-concurrent-mark-start]
2024-03-31T19:33:39.461+0800: 71.486: [CMS-concurrent-mark: 0.000/0.000 secs] [Times: user=0.01 sys=0.00, real=0.00 secs] 
2024-03-31T19:33:39.461+0800: 71.486: [CMS-concurrent-preclean-start]
2024-03-31T19:33:39.463+0800: 71.488: [CMS-concurrent-preclean: 0.001/0.001 secs] [Times: user=0.00 sys=0.00, real=0.01 secs] 
2024-03-31T19:33:39.463+0800: 71.488: [CMS-concurrent-abortable-preclean-start]
2024-03-31T19:33:39.463+0800: 71.488: [CMS-concurrent-abortable-preclean: 0.000/0.000 secs] [Times: user=0.00 sys=0.00, real=0.00 secs] 
2024-03-31T19:33:39.464+0800: 71.489: [GC (CMS Final Remark) [YG occupancy: 105411 K (117952 K)]2024-03-31T19:33:39.464+0800: 71.489: [Rescan (non-parallel) 2024-03-31T19:33:39.464+0800: 71.489: [grey object rescan, 0.0001284 secs]2024-03-31T19:33:39.464+0800: 71.489: [root rescan, 0.0625218 secs]2024-03-31T19:33:39.527+0800: 71.552: [visit unhandled CLDs, 0.0001753 secs]2024-03-31T19:33:39.527+0800: 71.552: [dirty klass scan, 0.0013063 secs], 0.0648225 secs]2024-03-31T19:33:39.529+0800: 71.554: [weak refs processing, 0.0001370 secs]2024-03-31T19:33:39.529+0800: 71.554: [class unloading, 0.0084978 secs]2024-03-31T19:33:39.538+0800: 71.563: [scrub symbol table, 0.0098167 secs]2024-03-31T19:33:39.548+0800: 71.573: [scrub string table, 0.0004646 secs][1 CMS-remark: 63K(64K)] 105475K(118016K), 0.0862871 secs] [Times: user=0.08 sys=0.00, real=0.08 secs] 
2024-03-31T19:33:39.550+0800: 71.575: [CMS-concurrent-sweep-start]
2024-03-31T19:33:39.551+0800: 71.576: [CMS-concurrent-sweep: 0.000/0.000 secs] [Times: user=0.00 sys=0.00, real=0.00 secs] 
2024-03-31T19:33:39.551+0800: 71.576: [CMS-concurrent-reset-start]
2024-03-31T19:33:39.551+0800: 71.576: [CMS-concurrent-reset: 0.000/0.000 secs] [Times: user=0.00 sys=0.00, real=0.00 secs] 
2024-03-31T19:33:41.556+0800: 73.581: [GC (CMS Initial Mark) [1 CMS-initial-mark: 63K(64K)] 105641K(118016K), 0.0966025 secs] [Times: user=0.09 sys=0.00, real=0.10 secs] 
2024-03-31T19:33:41.653+0800: 73.678: [CMS-concurrent-mark-start]
2024-03-31T19:33:41.653+0800: 73.678: [CMS-concurrent-mark: 0.000/0.000 secs] [Times: user=0.00 sys=0.00, real=0.00 secs] 
2024-03-31T19:33:41.654+0800: 73.679: [CMS-concurrent-preclean-start]
2024-03-31T19:33:41.656+0800: 73.681: [CMS-concurrent-preclean: 0.001/0.001 secs] [Times: user=0.01 sys=0.01, real=0.00 secs] 
2024-03-31T19:33:41.657+0800: 73.682: [CMS-concurrent-abortable-preclean-start]
2024-03-31T19:33:41.657+0800: 73.682: [CMS-concurrent-abortable-preclean: 0.000/0.000 secs] [Times: user=0.00 sys=0.00, real=0.00 secs] 
2024-03-31T19:33:41.658+0800: 73.683: [GC (CMS Final Remark) [YG occupancy: 105578 K (117952 K)]2024-03-31T19:33:41.658+0800: 73.683: [Rescan (non-parallel) 2024-03-31T19:33:41.658+0800: 73.683: [grey object rescan, 0.0001151 secs]2024-03-31T19:33:41.658+0800: 73.683: [root rescan, 0.0621653 secs]2024-03-31T19:33:41.721+0800: 73.746: [visit unhandled CLDs, 0.0001893 secs]2024-03-31T19:33:41.721+0800: 73.746: [dirty klass scan, 0.0014125 secs], 0.0645893 secs]2024-03-31T19:33:41.723+0800: 73.748: [weak refs processing, 0.0001366 secs]2024-03-31T19:33:41.723+0800: 73.748: [class unloading, 0.0086283 secs]2024-03-31T19:33:41.732+0800: 73.757: [scrub symbol table, 0.0096460 secs]2024-03-31T19:33:41.742+0800: 73.767: [scrub string table, 0.0004650 secs][1 CMS-remark: 63K(64K)] 105642K(118016K), 0.0859863 secs] [Times: user=0.08 sys=0.00, real=0.09 secs] 
2024-03-31T19:33:41.745+0800: 73.770: [CMS-concurrent-sweep-start]
2024-03-31T19:33:41.745+0800: 73.770: [CMS-concurrent-sweep: 0.000/0.000 secs] [Times: user=0.00 sys=0.00, real=0.00 secs] 
2024-03-31T19:33:41.745+0800: 73.770: [CMS-concurrent-reset-start]
2024-03-31T19:33:41.746+0800: 73.770: [CMS-concurrent-reset: 0.000/0.000 secs] [Times: user=0.00 sys=0.00, real=0.00 secs] 
2024-03-31T19:33:43.751+0800: 75.776: [GC (CMS Initial Mark) [1 CMS-initial-mark: 63K(64K)] 105722K(118016K), 0.1076412 secs] [Times: user=0.10 sys=0.00, real=0.11 secs] 
2024-03-31T19:33:43.859+0800: 75.884: [CMS-concurrent-mark-start]
2024-03-31T19:33:43.860+0800: 75.885: [CMS-concurrent-mark: 0.000/0.000 secs] [Times: user=0.00 sys=0.00, real=0.00 secs] 
2024-03-31T19:33:43.860+0800: 75.885: [CMS-concurrent-preclean-start]
2024-03-31T19:33:43.861+0800: 75.886: [CMS-concurrent-preclean: 0.001/0.001 secs] [Times: user=0.00 sys=0.00, real=0.00 secs] 
2024-03-31T19:33:43.862+0800: 75.887: [CMS-concurrent-abortable-preclean-start]
2024-03-31T19:33:43.863+0800: 75.888: [CMS-concurrent-abortable-preclean: 0.000/0.000 secs] [Times: user=0.00 sys=0.00, real=0.01 secs] 
2024-03-31T19:33:43.863+0800: 75.888: [GC (CMS Final Remark) [YG occupancy: 105659 K (117952 K)]2024-03-31T19:33:43.863+0800: 75.888: [Rescan (non-parallel) 2024-03-31T19:33:43.864+0800: 75.889: [grey object rescan, 0.0001043 secs]2024-03-31T19:33:43.864+0800: 75.889: [root rescan, 0.0634193 secs]2024-03-31T19:33:43.927+0800: 75.952: [visit unhandled CLDs, 0.0002116 secs]2024-03-31T19:33:43.928+0800: 75.953: [dirty klass scan, 0.0012723 secs], 0.0656705 secs]2024-03-31T19:33:43.929+0800: 75.954: [weak refs processing, 0.0001420 secs]2024-03-31T19:33:43.929+0800: 75.954: [class unloading, 0.0084218 secs]2024-03-31T19:33:43.938+0800: 75.963: [scrub symbol table, 0.0096168 secs]2024-03-31T19:33:43.948+0800: 75.973: [scrub string table, 0.0005025 secs][1 CMS-remark: 63K(64K)] 105723K(118016K), 0.0868496 secs] [Times: user=0.09 sys=0.00, real=0.08 secs] 
2024-03-31T19:33:43.951+0800: 75.976: [CMS-concurrent-sweep-start]
2024-03-31T19:33:43.951+0800: 75.976: [CMS-concurrent-sweep: 0.000/0.000 secs] [Times: user=0.00 sys=0.00, real=0.00 secs] 
2024-03-31T19:33:43.951+0800: 75.976: [CMS-concurrent-reset-start]
2024-03-31T19:33:43.952+0800: 75.977: [CMS-concurrent-reset: 0.000/0.000 secs] [Times: user=0.00 sys=0.00, real=0.00 secs] 
2024-03-31T19:33:45.954+0800: 77.979: [GC (CMS Initial Mark) [1 CMS-initial-mark: 63K(64K)] 105926K(118016K), 0.0696512 secs] [Times: user=0.07 sys=0.00, real=0.07 secs] 
2024-03-31T19:33:46.024+0800: 78.049: [CMS-concurrent-mark-start]
2024-03-31T19:33:46.025+0800: 78.050: [CMS-concurrent-mark: 0.000/0.000 secs] [Times: user=0.00 sys=0.00, real=0.00 secs] 
2024-03-31T19:33:46.026+0800: 78.051: [CMS-concurrent-preclean-start]
2024-03-31T19:33:46.027+0800: 78.052: [CMS-concurrent-preclean: 0.001/0.001 secs] [Times: user=0.00 sys=0.00, real=0.00 secs] 
2024-03-31T19:33:46.028+0800: 78.053: [CMS-concurrent-abortable-preclean-start]
2024-03-31T19:33:46.029+0800: 78.054: [CMS-concurrent-abortable-preclean: 0.000/0.000 secs] [Times: user=0.00 sys=0.00, real=0.00 secs] 
2024-03-31T19:33:46.029+0800: 78.054: [GC (CMS Final Remark) [YG occupancy: 105863 K (117952 K)]2024-03-31T19:33:46.030+0800: 78.055: [Rescan (non-parallel) 2024-03-31T19:33:46.030+0800: 78.055: [grey object rescan, 0.0001007 secs]2024-03-31T19:33:46.030+0800: 78.055: [root rescan, 0.0614472 secs]2024-03-31T19:33:46.092+0800: 78.117: [visit unhandled CLDs, 0.0001564 secs]2024-03-31T19:33:46.092+0800: 78.117: [dirty klass scan, 0.0012906 secs], 0.0636313 secs]2024-03-31T19:33:46.093+0800: 78.118: [weak refs processing, 0.0001411 secs]2024-03-31T19:33:46.093+0800: 78.118: [class unloading, 0.0085442 secs]2024-03-31T19:33:46.102+0800: 78.127: [scrub symbol table, 0.0097791 secs]2024-03-31T19:33:46.112+0800: 78.137: [scrub string table, 0.0004978 secs][1 CMS-remark: 63K(64K)] 105927K(118016K), 0.0851495 secs] [Times: user=0.08 sys=0.00, real=0.09 secs] 
2024-03-31T19:33:46.115+0800: 78.140: [CMS-concurrent-sweep-start]
2024-03-31T19:33:46.115+0800: 78.140: [CMS-concurrent-sweep: 0.000/0.000 secs] [Times: user=0.01 sys=0.00, real=0.00 secs] 
2024-03-31T19:33:46.116+0800: 78.141: [CMS-concurrent-reset-start]
2024-03-31T19:33:46.116+0800: 78.141: [CMS-concurrent-reset: 0.000/0.000 secs] [Times: user=0.00 sys=0.00, real=0.00 secs] 
2024-03-31T19:33:48.121+0800: 80.147: [GC (CMS Initial Mark) [1 CMS-initial-mark: 63K(64K)] 106017K(118016K), 0.1055710 secs] [Times: user=0.10 sys=0.00, real=0.11 secs] 
2024-03-31T19:33:48.228+0800: 80.253: [CMS-concurrent-mark-start]
2024-03-31T19:33:48.228+0800: 80.253: [CMS-concurrent-mark: 0.000/0.000 secs] [Times: user=0.00 sys=0.00, real=0.00 secs] 
2024-03-31T19:33:48.229+0800: 80.254: [CMS-concurrent-preclean-start]
2024-03-31T19:33:48.231+0800: 80.256: [CMS-concurrent-preclean: 0.001/0.001 secs] [Times: user=0.01 sys=0.00, real=0.00 secs] 
2024-03-31T19:33:48.231+0800: 80.256: [CMS-concurrent-abortable-preclean-start]
2024-03-31T19:33:48.232+0800: 80.257: [CMS-concurrent-abortable-preclean: 0.000/0.000 secs] [Times: user=0.00 sys=0.00, real=0.00 secs] 
2024-03-31T19:33:48.233+0800: 80.258: [GC (CMS Final Remark) [YG occupancy: 105956 K (117952 K)]2024-03-31T19:33:48.233+0800: 80.258: [Rescan (non-parallel) 2024-03-31T19:33:48.233+0800: 80.258: [grey object rescan, 0.0001324 secs]2024-03-31T19:33:48.233+0800: 80.258: [root rescan, 0.0640980 secs]2024-03-31T19:33:48.298+0800: 80.323: [visit unhandled CLDs, 0.0001884 secs]2024-03-31T19:33:48.298+0800: 80.323: [dirty klass scan, 0.0013803 secs], 0.0665548 secs]2024-03-31T19:33:48.299+0800: 80.324: [weak refs processing, 0.0001768 secs]2024-03-31T19:33:48.300+0800: 80.325: [class unloading, 0.0085627 secs]2024-03-31T19:33:48.309+0800: 80.334: [scrub symbol table, 0.0127252 secs]2024-03-31T19:33:48.322+0800: 80.347: [scrub string table, 0.0005362 secs][1 CMS-remark: 63K(64K)] 106020K(118016K), 0.0913674 secs] [Times: user=0.09 sys=0.00, real=0.09 secs] 
2024-03-31T19:33:48.325+0800: 80.350: [CMS-concurrent-sweep-start]
2024-03-31T19:33:48.325+0800: 80.350: [CMS-concurrent-sweep: 0.000/0.000 secs] [Times: user=0.00 sys=0.00, real=0.00 secs] 
2024-03-31T19:33:48.326+0800: 80.351: [CMS-concurrent-reset-start]
2024-03-31T19:33:48.326+0800: 80.351: [CMS-concurrent-reset: 0.000/0.000 secs] [Times: user=0.00 sys=0.00, real=0.00 secs] 
2024-03-31T19:33:50.333+0800: 82.358: [GC (CMS Initial Mark) [1 CMS-initial-mark: 63K(64K)] 106539K(118016K), 0.1084614 secs] [Times: user=0.11 sys=0.00, real=0.10 secs] 
2024-03-31T19:33:50.442+0800: 82.467: [CMS-concurrent-mark-start]
2024-03-31T19:33:50.443+0800: 82.468: [CMS-concurrent-mark: 0.000/0.000 secs] [Times: user=0.00 sys=0.00, real=0.01 secs] 
2024-03-31T19:33:50.444+0800: 82.469: [CMS-concurrent-preclean-start]
2024-03-31T19:33:50.447+0800: 82.472: [CMS-concurrent-preclean: 0.001/0.001 secs] [Times: user=0.01 sys=0.00, real=0.00 secs] 
2024-03-31T19:33:50.449+0800: 82.474: [CMS-concurrent-abortable-preclean-start]
2024-03-31T19:33:50.451+0800: 82.476: [CMS-concurrent-abortable-preclean: 0.000/0.000 secs] [Times: user=0.00 sys=0.00, real=0.00 secs] 
2024-03-31T19:33:50.456+0800: 82.481: [GC (CMS Final Remark) [YG occupancy: 106476 K (117952 K)]2024-03-31T19:33:50.456+0800: 82.481: [Rescan (non-parallel) 2024-03-31T19:33:50.456+0800: 82.481: [grey object rescan, 0.0001219 secs]2024-03-31T19:33:50.456+0800: 82.481: [root rescan, 0.0624330 secs]2024-03-31T19:33:50.519+0800: 82.544: [visit unhandled CLDs, 0.0001680 secs]2024-03-31T19:33:50.519+0800: 82.544: [dirty klass scan, 0.0014478 secs], 0.0648460 secs]2024-03-31T19:33:50.521+0800: 82.546: [weak refs processing, 0.0001449 secs]2024-03-31T19:33:50.521+0800: 82.546: [class unloading, 0.0085745 secs]2024-03-31T19:33:50.530+0800: 82.555: [scrub symbol table, 0.0103038 secs]2024-03-31T19:33:50.540+0800: 82.565: [scrub string table, 0.0005084 secs][1 CMS-remark: 63K(64K)] 106540K(118016K), 0.0869383 secs] [Times: user=0.09 sys=0.00, real=0.09 secs] 
2024-03-31T19:33:50.543+0800: 82.568: [CMS-concurrent-sweep-start]
2024-03-31T19:33:50.543+0800: 82.568: [CMS-concurrent-sweep: 0.000/0.000 secs] [Times: user=0.00 sys=0.00, real=0.00 secs] 
2024-03-31T19:33:50.545+0800: 82.570: [CMS-concurrent-reset-start]
2024-03-31T19:33:50.545+0800: 82.570: [CMS-concurrent-reset: 0.000/0.000 secs] [Times: user=0.00 sys=0.00, real=0.00 secs] 
2024-03-31T19:33:52.552+0800: 84.577: [GC (CMS Initial Mark) [1 CMS-initial-mark: 63K(64K)] 106671K(118016K), 0.0914888 secs] [Times: user=0.09 sys=0.00, real=0.10 secs] 
2024-03-31T19:33:52.644+0800: 84.669: [CMS-concurrent-mark-start]
2024-03-31T19:33:52.645+0800: 84.670: [CMS-concurrent-mark: 0.000/0.000 secs] [Times: user=0.00 sys=0.00, real=0.00 secs] 
2024-03-31T19:33:52.646+0800: 84.671: [CMS-concurrent-preclean-start]
2024-03-31T19:33:52.648+0800: 84.673: [CMS-concurrent-preclean: 0.001/0.001 secs] [Times: user=0.00 sys=0.00, real=0.00 secs] 
2024-03-31T19:33:52.649+0800: 84.674: [CMS-concurrent-abortable-preclean-start]
2024-03-31T19:33:52.650+0800: 84.675: [CMS-concurrent-abortable-preclean: 0.000/0.000 secs] [Times: user=0.00 sys=0.00, real=0.00 secs] 
2024-03-31T19:33:52.651+0800: 84.676: [GC (CMS Final Remark) [YG occupancy: 106611 K (117952 K)]2024-03-31T19:33:52.651+0800: 84.676: [Rescan (non-parallel) 2024-03-31T19:33:52.651+0800: 84.676: [grey object rescan, 0.0001001 secs]2024-03-31T19:33:52.651+0800: 84.676: [root rescan, 0.0654026 secs]2024-03-31T19:33:52.717+0800: 84.742: [visit unhandled CLDs, 0.0001945 secs]2024-03-31T19:33:52.717+0800: 84.742: [dirty klass scan, 0.0013687 secs], 0.0678118 secs]2024-03-31T19:33:52.719+0800: 84.744: [weak refs processing, 0.0001506 secs]2024-03-31T19:33:52.719+0800: 84.744: [class unloading, 0.0087211 secs]2024-03-31T19:33:52.728+0800: 84.753: [scrub symbol table, 0.0102936 secs]2024-03-31T19:33:52.739+0800: 84.764: [scrub string table, 0.0004885 secs][1 CMS-remark: 63K(64K)] 106675K(118016K), 0.0899855 secs] [Times: user=0.09 sys=0.00, real=0.09 secs] 
2024-03-31T19:33:52.741+0800: 84.766: [CMS-concurrent-sweep-start]
2024-03-31T19:33:52.741+0800: 84.766: [CMS-concurrent-sweep: 0.000/0.000 secs] [Times: user=0.00 sys=0.00, real=0.00 secs] 
2024-03-31T19:33:52.742+0800: 84.767: [CMS-concurrent-reset-start]
2024-03-31T19:33:52.742+0800: 84.767: [CMS-concurrent-reset: 0.000/0.000 secs] [Times: user=0.00 sys=0.00, real=0.00 secs] 
2024-03-31T19:33:54.746+0800: 86.771: [GC (CMS Initial Mark) [1 CMS-initial-mark: 63K(64K)] 106789K(118016K), 0.0875655 secs] [Times: user=0.09 sys=0.00, real=0.09 secs] 
2024-03-31T19:33:54.834+0800: 86.859: [CMS-concurrent-mark-start]
2024-03-31T19:33:54.835+0800: 86.860: [CMS-concurrent-mark: 0.000/0.000 secs] [Times: user=0.00 sys=0.00, real=0.00 secs] 
2024-03-31T19:33:54.835+0800: 86.860: [CMS-concurrent-preclean-start]
2024-03-31T19:33:54.837+0800: 86.862: [CMS-concurrent-preclean: 0.001/0.001 secs] [Times: user=0.00 sys=0.00, real=0.00 secs] 
2024-03-31T19:33:54.838+0800: 86.863: [CMS-concurrent-abortable-preclean-start]
2024-03-31T19:33:54.838+0800: 86.863: [CMS-concurrent-abortable-preclean: 0.000/0.000 secs] [Times: user=0.00 sys=0.00, real=0.00 secs] 
2024-03-31T19:33:54.839+0800: 86.864: [GC (CMS Final Remark) [YG occupancy: 106726 K (117952 K)]2024-03-31T19:33:54.840+0800: 86.865: [Rescan (non-parallel) 2024-03-31T19:33:54.840+0800: 86.865: [grey object rescan, 0.0001497 secs]2024-03-31T19:33:54.840+0800: 86.865: [root rescan, 0.0652297 secs]2024-03-31T19:33:54.906+0800: 86.931: [visit unhandled CLDs, 0.0001712 secs]2024-03-31T19:33:54.906+0800: 86.931: [dirty klass scan, 0.0014859 secs], 0.0678389 secs]2024-03-31T19:33:54.907+0800: 86.932: [weak refs processing, 0.0001636 secs]2024-03-31T19:33:54.908+0800: 86.933: [class unloading, 0.0088134 secs]2024-03-31T19:33:54.917+0800: 86.942: [scrub symbol table, 0.0111902 secs]2024-03-31T19:33:54.928+0800: 86.953: [scrub string table, 0.0007135 secs][1 CMS-remark: 63K(64K)] 106790K(118016K), 0.0915290 secs] [Times: user=0.09 sys=0.00, real=0.09 secs] 
2024-03-31T19:33:54.932+0800: 86.957: [CMS-concurrent-sweep-start]
2024-03-31T19:33:54.932+0800: 86.957: [CMS-concurrent-sweep: 0.000/0.000 secs] [Times: user=0.00 sys=0.00, real=0.00 secs] 
2024-03-31T19:33:54.933+0800: 86.958: [CMS-concurrent-reset-start]
2024-03-31T19:33:54.934+0800: 86.959: [CMS-concurrent-reset: 0.000/0.000 secs] [Times: user=0.01 sys=0.00, real=0.00 secs] 
2024-03-31T19:33:56.937+0800: 88.962: [GC (CMS Initial Mark) [1 CMS-initial-mark: 63K(64K)] 107021K(118016K), 0.0855877 secs] [Times: user=0.08 sys=0.00, real=0.09 secs] 
2024-03-31T19:33:57.024+0800: 89.049: [CMS-concurrent-mark-start]
2024-03-31T19:33:57.025+0800: 89.050: [CMS-concurrent-mark: 0.000/0.000 secs] [Times: user=0.01 sys=0.00, real=0.00 secs] 
2024-03-31T19:33:57.025+0800: 89.050: [CMS-concurrent-preclean-start]
2024-03-31T19:33:57.027+0800: 89.052: [CMS-concurrent-preclean: 0.001/0.001 secs] [Times: user=0.00 sys=0.00, real=0.00 secs] 
2024-03-31T19:33:57.028+0800: 89.053: [CMS-concurrent-abortable-preclean-start]
2024-03-31T19:33:57.029+0800: 89.054: [CMS-concurrent-abortable-preclean: 0.000/0.000 secs] [Times: user=0.00 sys=0.00, real=0.00 secs] 
2024-03-31T19:33:57.030+0800: 89.055: [GC (CMS Final Remark) [YG occupancy: 106958 K (117952 K)]2024-03-31T19:33:57.030+0800: 89.055: [Rescan (non-parallel) 2024-03-31T19:33:57.030+0800: 89.055: [grey object rescan, 0.0000936 secs]2024-03-31T19:33:57.030+0800: 89.055: [root rescan, 0.0645328 secs]2024-03-31T19:33:57.095+0800: 89.120: [visit unhandled CLDs, 0.0001722 secs]2024-03-31T19:33:57.095+0800: 89.120: [dirty klass scan, 0.0013743 secs], 0.0668680 secs]2024-03-31T19:33:57.097+0800: 89.122: [weak refs processing, 0.0001396 secs]2024-03-31T19:33:57.097+0800: 89.122: [class unloading, 0.0090893 secs]2024-03-31T19:33:57.106+0800: 89.131: [scrub symbol table, 0.0101474 secs]2024-03-31T19:33:57.117+0800: 89.142: [scrub string table, 0.0005311 secs][1 CMS-remark: 63K(64K)] 107022K(118016K), 0.0894283 secs] [Times: user=0.09 sys=0.00, real=0.09 secs] 
2024-03-31T19:33:57.120+0800: 89.145: [CMS-concurrent-sweep-start]
2024-03-31T19:33:57.120+0800: 89.145: [CMS-concurrent-sweep: 0.000/0.000 secs] [Times: user=0.00 sys=0.00, real=0.00 secs] 
2024-03-31T19:33:57.120+0800: 89.145: [CMS-concurrent-reset-start]
2024-03-31T19:33:57.120+0800: 89.145: [CMS-concurrent-reset: 0.000/0.000 secs] [Times: user=0.00 sys=0.00, real=0.00 secs] 
2024-03-31T19:33:59.123+0800: 91.148: [GC (CMS Initial Mark) [1 CMS-initial-mark: 63K(64K)] 107117K(118016K), 0.0705508 secs] [Times: user=0.07 sys=0.00, real=0.07 secs] 
2024-03-31T19:33:59.195+0800: 91.220: [CMS-concurrent-mark-start]
2024-03-31T19:33:59.195+0800: 91.220: [CMS-concurrent-mark: 0.000/0.000 secs] [Times: user=0.00 sys=0.00, real=0.00 secs] 
2024-03-31T19:33:59.196+0800: 91.221: [CMS-concurrent-preclean-start]
2024-03-31T19:33:59.198+0800: 91.223: [CMS-concurrent-preclean: 0.001/0.001 secs] [Times: user=0.00 sys=0.00, real=0.00 secs] 
2024-03-31T19:33:59.199+0800: 91.224: [CMS-concurrent-abortable-preclean-start]
2024-03-31T19:33:59.199+0800: 91.224: [CMS-concurrent-abortable-preclean: 0.000/0.000 secs] [Times: user=0.00 sys=0.00, real=0.00 secs] 
2024-03-31T19:33:59.200+0800: 91.225: [GC (CMS Final Remark) [YG occupancy: 107054 K (117952 K)]2024-03-31T19:33:59.200+0800: 91.225: [Rescan (non-parallel) 2024-03-31T19:33:59.200+0800: 91.225: [grey object rescan, 0.0001805 secs]2024-03-31T19:33:59.201+0800: 91.226: [root rescan, 0.0642088 secs]2024-03-31T19:33:59.265+0800: 91.290: [visit unhandled CLDs, 0.0002694 secs]2024-03-31T19:33:59.266+0800: 91.291: [dirty klass scan, 0.0014382 secs], 0.0667993 secs]2024-03-31T19:33:59.267+0800: 91.292: [weak refs processing, 0.0001431 secs]2024-03-31T19:33:59.267+0800: 91.292: [class unloading, 0.0087086 secs]2024-03-31T19:33:59.276+0800: 91.301: [scrub symbol table, 0.0099239 secs]2024-03-31T19:33:59.286+0800: 91.311: [scrub string table, 0.0004733 secs][1 CMS-remark: 63K(64K)] 107118K(118016K), 0.0885488 secs] [Times: user=0.08 sys=0.00, real=0.09 secs] 
2024-03-31T19:33:59.289+0800: 91.314: [CMS-concurrent-sweep-start]
2024-03-31T19:33:59.289+0800: 91.314: [CMS-concurrent-sweep: 0.000/0.000 secs] [Times: user=0.00 sys=0.00, real=0.00 secs] 
2024-03-31T19:33:59.290+0800: 91.315: [CMS-concurrent-reset-start]
2024-03-31T19:33:59.290+0800: 91.315: [CMS-concurrent-reset: 0.000/0.000 secs] [Times: user=0.00 sys=0.00, real=0.00 secs] 
2024-03-31T19:34:01.294+0800: 93.319: [GC (CMS Initial Mark) [1 CMS-initial-mark: 63K(64K)] 107383K(118016K), 0.0798745 secs] [Times: user=0.08 sys=0.00, real=0.08 secs] 
2024-03-31T19:34:01.375+0800: 93.399: [CMS-concurrent-mark-start]
2024-03-31T19:34:01.375+0800: 93.400: [CMS-concurrent-mark: 0.000/0.000 secs] [Times: user=0.01 sys=0.00, real=0.00 secs] 
2024-03-31T19:34:01.376+0800: 93.401: [CMS-concurrent-preclean-start]
2024-03-31T19:34:01.378+0800: 93.402: [CMS-concurrent-preclean: 0.001/0.001 secs] [Times: user=0.00 sys=0.00, real=0.00 secs] 
2024-03-31T19:34:01.378+0800: 93.403: [CMS-concurrent-abortable-preclean-start]
2024-03-31T19:34:01.379+0800: 93.403: [CMS-concurrent-abortable-preclean: 0.000/0.000 secs] [Times: user=0.00 sys=0.00, real=0.00 secs] 
2024-03-31T19:34:01.379+0800: 93.404: [GC (CMS Final Remark) [YG occupancy: 107320 K (117952 K)]2024-03-31T19:34:01.380+0800: 93.404: [Rescan (non-parallel) 2024-03-31T19:34:01.380+0800: 93.404: [grey object rescan, 0.0001868 secs]2024-03-31T19:34:01.380+0800: 93.405: [root rescan, 0.0665658 secs]2024-03-31T19:34:01.447+0800: 93.471: [visit unhandled CLDs, 0.0001742 secs]2024-03-31T19:34:01.447+0800: 93.472: [dirty klass scan, 0.0015376 secs], 0.0693337 secs]2024-03-31T19:34:01.449+0800: 93.474: [weak refs processing, 0.0001962 secs]2024-03-31T19:34:01.449+0800: 93.474: [class unloading, 0.0091759 secs]2024-03-31T19:34:01.459+0800: 93.483: [scrub symbol table, 0.0122755 secs]2024-03-31T19:34:01.471+0800: 93.496: [scrub string table, 0.0005461 secs][1 CMS-remark: 63K(64K)] 107384K(118016K), 0.0944509 secs] [Times: user=0.09 sys=0.00, real=0.10 secs] 
2024-03-31T19:34:01.475+0800: 93.499: [CMS-concurrent-sweep-start]
2024-03-31T19:34:01.475+0800: 93.499: [CMS-concurrent-sweep: 0.000/0.000 secs] [Times: user=0.00 sys=0.00, real=0.00 secs] 
2024-03-31T19:34:01.475+0800: 93.500: [CMS-concurrent-reset-start]
2024-03-31T19:34:01.476+0800: 93.500: [CMS-concurrent-reset: 0.000/0.000 secs] [Times: user=0.00 sys=0.00, real=0.00 secs] 
2024-03-31T19:34:03.481+0800: 95.505: [GC (CMS Initial Mark) [1 CMS-initial-mark: 63K(64K)] 107616K(118016K), 0.0967101 secs] [Times: user=0.09 sys=0.00, real=0.10 secs] 
2024-03-31T19:34:03.578+0800: 95.602: [CMS-concurrent-mark-start]
2024-03-31T19:34:03.578+0800: 95.603: [CMS-concurrent-mark: 0.000/0.000 secs] [Times: user=0.01 sys=0.00, real=0.00 secs] 
2024-03-31T19:34:03.580+0800: 95.604: [CMS-concurrent-preclean-start]
2024-03-31T19:34:03.582+0800: 95.606: [CMS-concurrent-preclean: 0.001/0.001 secs] [Times: user=0.00 sys=0.00, real=0.00 secs] 
2024-03-31T19:34:03.583+0800: 95.608: [CMS-concurrent-abortable-preclean-start]
2024-03-31T19:34:03.585+0800: 95.609: [CMS-concurrent-abortable-preclean: 0.000/0.000 secs] [Times: user=0.00 sys=0.00, real=0.01 secs] 
2024-03-31T19:34:03.589+0800: 95.613: [GC (CMS Final Remark) [YG occupancy: 107553 K (117952 K)]2024-03-31T19:34:03.589+0800: 95.614: [Rescan (non-parallel) 2024-03-31T19:34:03.589+0800: 95.614: [grey object rescan, 0.0001015 secs]2024-03-31T19:34:03.589+0800: 95.614: [root rescan, 0.0642498 secs]2024-03-31T19:34:03.654+0800: 95.678: [visit unhandled CLDs, 0.0001898 secs]2024-03-31T19:34:03.654+0800: 95.679: [dirty klass scan, 0.0013437 secs], 0.0666144 secs]2024-03-31T19:34:03.656+0800: 95.680: [weak refs processing, 0.0001439 secs]2024-03-31T19:34:03.656+0800: 95.681: [class unloading, 0.0085656 secs]2024-03-31T19:34:03.665+0800: 95.689: [scrub symbol table, 0.0097132 secs]2024-03-31T19:34:03.675+0800: 95.699: [scrub string table, 0.0004962 secs][1 CMS-remark: 63K(64K)] 107617K(118016K), 0.0880600 secs] [Times: user=0.08 sys=0.00, real=0.09 secs] 
2024-03-31T19:34:03.678+0800: 95.702: [CMS-concurrent-sweep-start]
2024-03-31T19:34:03.679+0800: 95.703: [CMS-concurrent-sweep: 0.000/0.000 secs] [Times: user=0.01 sys=0.00, real=0.00 secs] 
2024-03-31T19:34:03.682+0800: 95.706: [CMS-concurrent-reset-start]
2024-03-31T19:34:03.682+0800: 95.707: [CMS-concurrent-reset: 0.000/0.000 secs] [Times: user=0.00 sys=0.00, real=0.00 secs] 
2024-03-31T19:34:05.689+0800: 97.713: [GC (CMS Initial Mark) [1 CMS-initial-mark: 63K(64K)] 107878K(118016K), 0.0795446 secs] [Times: user=0.08 sys=0.00, real=0.08 secs] 
2024-03-31T19:34:05.769+0800: 97.794: [CMS-concurrent-mark-start]
2024-03-31T19:34:05.770+0800: 97.795: [CMS-concurrent-mark: 0.000/0.000 secs] [Times: user=0.00 sys=0.00, real=0.00 secs] 
2024-03-31T19:34:05.772+0800: 97.797: [CMS-concurrent-preclean-start]
2024-03-31T19:34:05.774+0800: 97.799: [CMS-concurrent-preclean: 0.001/0.001 secs] [Times: user=0.00 sys=0.01, real=0.01 secs] 
2024-03-31T19:34:05.776+0800: 97.800: [CMS-concurrent-abortable-preclean-start]
2024-03-31T19:34:05.778+0800: 97.802: [CMS-concurrent-abortable-preclean: 0.000/0.000 secs] [Times: user=0.00 sys=0.00, real=0.00 secs] 
2024-03-31T19:34:05.783+0800: 97.807: [GC (CMS Final Remark) [YG occupancy: 107815 K (117952 K)]2024-03-31T19:34:05.783+0800: 97.808: [Rescan (non-parallel) 2024-03-31T19:34:05.783+0800: 97.808: [grey object rescan, 0.0001335 secs]2024-03-31T19:34:05.784+0800: 97.808: [root rescan, 0.0649715 secs]2024-03-31T19:34:05.849+0800: 97.873: [visit unhandled CLDs, 0.0001651 secs]2024-03-31T19:34:05.849+0800: 97.874: [dirty klass scan, 0.0012853 secs], 0.0673023 secs]2024-03-31T19:34:05.851+0800: 97.875: [weak refs processing, 0.0001468 secs]2024-03-31T19:34:05.851+0800: 97.875: [class unloading, 0.0086135 secs]2024-03-31T19:34:05.860+0800: 97.884: [scrub symbol table, 0.0098445 secs]2024-03-31T19:34:05.870+0800: 97.894: [scrub string table, 0.0005170 secs][1 CMS-remark: 63K(64K)] 107879K(118016K), 0.0891973 secs] [Times: user=0.09 sys=0.00, real=0.09 secs] 
2024-03-31T19:34:05.874+0800: 97.898: [CMS-concurrent-sweep-start]
2024-03-31T19:34:05.875+0800: 97.899: [CMS-concurrent-sweep: 0.000/0.000 secs] [Times: user=0.00 sys=0.00, real=0.01 secs] 
2024-03-31T19:34:05.875+0800: 97.900: [CMS-concurrent-reset-start]
2024-03-31T19:34:05.876+0800: 97.900: [CMS-concurrent-reset: 0.000/0.000 secs] [Times: user=0.00 sys=0.00, real=0.00 secs] 
2024-03-31T19:34:07.882+0800: 99.907: [GC (CMS Initial Mark) [1 CMS-initial-mark: 63K(64K)] 107988K(118016K), 0.0977732 secs] [Times: user=0.10 sys=0.00, real=0.10 secs] 
2024-03-31T19:34:07.981+0800: 100.006: [CMS-concurrent-mark-start]
2024-03-31T19:34:07.982+0800: 100.007: [CMS-concurrent-mark: 0.000/0.000 secs] [Times: user=0.00 sys=0.00, real=0.00 secs] 
2024-03-31T19:34:07.984+0800: 100.008: [CMS-concurrent-preclean-start]
2024-03-31T19:34:07.986+0800: 100.010: [CMS-concurrent-preclean: 0.001/0.001 secs] [Times: user=0.00 sys=0.00, real=0.01 secs] 
2024-03-31T19:34:07.987+0800: 100.012: [CMS-concurrent-abortable-preclean-start]
2024-03-31T19:34:07.989+0800: 100.014: [CMS-concurrent-abortable-preclean: 0.000/0.000 secs] [Times: user=0.01 sys=0.00, real=0.00 secs] 
2024-03-31T19:34:07.991+0800: 100.015: [GC (CMS Final Remark) [YG occupancy: 107926 K (117952 K)]2024-03-31T19:34:07.991+0800: 100.016: [Rescan (non-parallel) 2024-03-31T19:34:07.991+0800: 100.016: [grey object rescan, 0.0001026 secs]2024-03-31T19:34:07.992+0800: 100.016: [root rescan, 0.0643582 secs]2024-03-31T19:34:08.056+0800: 100.081: [visit unhandled CLDs, 0.0003359 secs]2024-03-31T19:34:08.057+0800: 100.081: [dirty klass scan, 0.0013951 secs], 0.0669942 secs]2024-03-31T19:34:08.058+0800: 100.083: [weak refs processing, 0.0001389 secs]2024-03-31T19:34:08.059+0800: 100.083: [class unloading, 0.0090310 secs]2024-03-31T19:34:08.068+0800: 100.092: [scrub symbol table, 0.0102255 secs]2024-03-31T19:34:08.078+0800: 100.103: [scrub string table, 0.0005118 secs][1 CMS-remark: 63K(64K)] 107990K(118016K), 0.0897003 secs] [Times: user=0.09 sys=0.00, real=0.09 secs] 
2024-03-31T19:34:08.081+0800: 100.106: [CMS-concurrent-sweep-start]
2024-03-31T19:34:08.082+0800: 100.106: [CMS-concurrent-sweep: 0.000/0.000 secs] [Times: user=0.00 sys=0.00, real=0.00 secs] 
2024-03-31T19:34:08.082+0800: 100.107: [CMS-concurrent-reset-start]
2024-03-31T19:34:08.083+0800: 100.107: [CMS-concurrent-reset: 0.000/0.000 secs] [Times: user=0.00 sys=0.00, real=0.00 secs] 
2024-03-31T19:34:10.097+0800: 102.121: [GC (CMS Initial Mark) [1 CMS-initial-mark: 63K(64K)] 108119K(118016K), 0.1016326 secs] [Times: user=0.10 sys=0.00, real=0.10 secs] 
2024-03-31T19:34:10.199+0800: 102.224: [CMS-concurrent-mark-start]
2024-03-31T19:34:10.200+0800: 102.224: [CMS-concurrent-mark: 0.000/0.000 secs] [Times: user=0.00 sys=0.00, real=0.00 secs] 
2024-03-31T19:34:10.200+0800: 102.225: [CMS-concurrent-preclean-start]
2024-03-31T19:34:10.202+0800: 102.227: [CMS-concurrent-preclean: 0.001/0.001 secs] [Times: user=0.01 sys=0.00, real=0.00 secs] 
2024-03-31T19:34:10.203+0800: 102.227: [CMS-concurrent-abortable-preclean-start]
2024-03-31T19:34:10.203+0800: 102.228: [CMS-concurrent-abortable-preclean: 0.000/0.000 secs] [Times: user=0.00 sys=0.00, real=0.01 secs] 
2024-03-31T19:34:10.205+0800: 102.229: [GC (CMS Final Remark) [YG occupancy: 108056 K (117952 K)]2024-03-31T19:34:10.205+0800: 102.230: [Rescan (non-parallel) 2024-03-31T19:34:10.205+0800: 102.230: [grey object rescan, 0.0002289 secs]2024-03-31T19:34:10.206+0800: 102.230: [root rescan, 0.0681164 secs]2024-03-31T19:34:10.274+0800: 102.299: [visit unhandled CLDs, 0.0002110 secs]2024-03-31T19:34:10.274+0800: 102.299: [dirty klass scan, 0.0016044 secs], 0.0710500 secs]2024-03-31T19:34:10.276+0800: 102.301: [weak refs processing, 0.0001889 secs]2024-03-31T19:34:10.277+0800: 102.301: [class unloading, 0.0092218 secs]2024-03-31T19:34:10.286+0800: 102.311: [scrub symbol table, 0.0152871 secs]2024-03-31T19:34:10.302+0800: 102.326: [scrub string table, 0.0006743 secs][1 CMS-remark: 63K(64K)] 108120K(118016K), 0.0997022 secs] [Times: user=0.10 sys=0.00, real=0.10 secs] 
2024-03-31T19:34:10.306+0800: 102.330: [CMS-concurrent-sweep-start]
2024-03-31T19:34:10.306+0800: 102.331: [CMS-concurrent-sweep: 0.000/0.000 secs] [Times: user=0.00 sys=0.00, real=0.00 secs] 
2024-03-31T19:34:10.308+0800: 102.332: [CMS-concurrent-reset-start]
2024-03-31T19:34:10.308+0800: 102.333: [CMS-concurrent-reset: 0.000/0.000 secs] [Times: user=0.00 sys=0.00, real=0.00 secs] 
2024-03-31T19:34:12.314+0800: 104.338: [GC (CMS Initial Mark) [1 CMS-initial-mark: 63K(64K)] 108388K(118016K), 0.0892039 secs] [Times: user=0.09 sys=0.00, real=0.09 secs] 
2024-03-31T19:34:12.404+0800: 104.428: [CMS-concurrent-mark-start]
2024-03-31T19:34:12.404+0800: 104.429: [CMS-concurrent-mark: 0.000/0.000 secs] [Times: user=0.00 sys=0.00, real=0.00 secs] 
2024-03-31T19:34:12.405+0800: 104.429: [CMS-concurrent-preclean-start]
2024-03-31T19:34:12.407+0800: 104.432: [CMS-concurrent-preclean: 0.001/0.001 secs] [Times: user=0.00 sys=0.00, real=0.00 secs] 
2024-03-31T19:34:12.408+0800: 104.432: [CMS-concurrent-abortable-preclean-start]
2024-03-31T19:34:12.408+0800: 104.433: [CMS-concurrent-abortable-preclean: 0.000/0.000 secs] [Times: user=0.01 sys=0.00, real=0.00 secs] 
2024-03-31T19:34:12.409+0800: 104.434: [GC (CMS Final Remark) [YG occupancy: 108325 K (117952 K)]2024-03-31T19:34:12.410+0800: 104.434: [Rescan (non-parallel) 2024-03-31T19:34:12.410+0800: 104.434: [grey object rescan, 0.0001157 secs]2024-03-31T19:34:12.410+0800: 104.434: [root rescan, 0.0668594 secs]2024-03-31T19:34:12.477+0800: 104.501: [visit unhandled CLDs, 0.0002315 secs]2024-03-31T19:34:12.477+0800: 104.502: [dirty klass scan, 0.0014438 secs], 0.0693390 secs]2024-03-31T19:34:12.479+0800: 104.503: [weak refs processing, 0.0001620 secs]2024-03-31T19:34:12.479+0800: 104.504: [class unloading, 0.0091806 secs]2024-03-31T19:34:12.489+0800: 104.513: [scrub symbol table, 0.0161713 secs]2024-03-31T19:34:12.505+0800: 104.530: [scrub string table, 0.0006143 secs][1 CMS-remark: 63K(64K)] 108389K(118016K), 0.0985061 secs] [Times: user=0.09 sys=0.00, real=0.10 secs] 
2024-03-31T19:34:12.509+0800: 104.533: [CMS-concurrent-sweep-start]
2024-03-31T19:34:12.509+0800: 104.534: [CMS-concurrent-sweep: 0.000/0.000 secs] [Times: user=0.00 sys=0.00, real=0.00 secs] 
2024-03-31T19:34:12.511+0800: 104.535: [CMS-concurrent-reset-start]
2024-03-31T19:34:12.511+0800: 104.536: [CMS-concurrent-reset: 0.000/0.000 secs] [Times: user=0.00 sys=0.00, real=0.00 secs] 
2024-03-31T19:34:14.513+0800: 106.538: [GC (CMS Initial Mark) [1 CMS-initial-mark: 63K(64K)] 108524K(118016K), 0.0706049 secs] [Times: user=0.07 sys=0.00, real=0.07 secs] 
2024-03-31T19:34:14.585+0800: 106.609: [CMS-concurrent-mark-start]
2024-03-31T19:34:14.585+0800: 106.610: [CMS-concurrent-mark: 0.000/0.000 secs] [Times: user=0.01 sys=0.00, real=0.00 secs] 
2024-03-31T19:34:14.586+0800: 106.611: [CMS-concurrent-preclean-start]
2024-03-31T19:34:14.588+0800: 106.613: [CMS-concurrent-preclean: 0.001/0.001 secs] [Times: user=0.00 sys=0.00, real=0.00 secs] 
2024-03-31T19:34:14.588+0800: 106.613: [CMS-concurrent-abortable-preclean-start]
2024-03-31T19:34:14.588+0800: 106.613: [CMS-concurrent-abortable-preclean: 0.000/0.000 secs] [Times: user=0.00 sys=0.00, real=0.00 secs] 
2024-03-31T19:34:14.589+0800: 106.613: [GC (CMS Final Remark) [YG occupancy: 108467 K (117952 K)]2024-03-31T19:34:14.589+0800: 106.614: [Rescan (non-parallel) 2024-03-31T19:34:14.589+0800: 106.614: [grey object rescan, 0.0001018 secs]2024-03-31T19:34:14.589+0800: 106.614: [root rescan, 0.0659233 secs]2024-03-31T19:34:14.656+0800: 106.680: [visit unhandled CLDs, 0.0001768 secs]2024-03-31T19:34:14.656+0800: 106.680: [dirty klass scan, 0.0015210 secs], 0.0683569 secs]2024-03-31T19:34:14.658+0800: 106.682: [weak refs processing, 0.0001356 secs]2024-03-31T19:34:14.658+0800: 106.682: [class unloading, 0.0091832 secs]2024-03-31T19:34:14.667+0800: 106.692: [scrub symbol table, 0.0097804 secs]2024-03-31T19:34:14.677+0800: 106.702: [scrub string table, 0.0004670 secs][1 CMS-remark: 63K(64K)] 108531K(118016K), 0.0904397 secs] [Times: user=0.09 sys=0.01, real=0.09 secs] 
2024-03-31T19:34:14.680+0800: 106.705: [CMS-concurrent-sweep-start]
2024-03-31T19:34:14.680+0800: 106.705: [CMS-concurrent-sweep: 0.000/0.000 secs] [Times: user=0.00 sys=0.00, real=0.00 secs] 
2024-03-31T19:34:14.681+0800: 106.705: [CMS-concurrent-reset-start]
2024-03-31T19:34:14.681+0800: 106.706: [CMS-concurrent-reset: 0.000/0.000 secs] [Times: user=0.00 sys=0.00, real=0.00 secs] 
2024-03-31T19:34:16.689+0800: 108.714: [GC (CMS Initial Mark) [1 CMS-initial-mark: 63K(64K)] 108689K(118016K), 0.0912481 secs] [Times: user=0.09 sys=0.01, real=0.09 secs] 
2024-03-31T19:34:16.782+0800: 108.806: [CMS-concurrent-mark-start]
2024-03-31T19:34:16.783+0800: 108.807: [CMS-concurrent-mark: 0.000/0.000 secs] [Times: user=0.00 sys=0.00, real=0.00 secs] 
2024-03-31T19:34:16.784+0800: 108.809: [CMS-concurrent-preclean-start]
2024-03-31T19:34:16.786+0800: 108.810: [CMS-concurrent-preclean: 0.002/0.002 secs] [Times: user=0.01 sys=0.00, real=0.00 secs] 
2024-03-31T19:34:16.786+0800: 108.811: [CMS-concurrent-abortable-preclean-start]
2024-03-31T19:34:16.786+0800: 108.811: [CMS-concurrent-abortable-preclean: 0.000/0.000 secs] [Times: user=0.00 sys=0.00, real=0.00 secs] 
2024-03-31T19:34:16.788+0800: 108.812: [GC (CMS Final Remark) [YG occupancy: 108628 K (117952 K)]2024-03-31T19:34:16.788+0800: 108.812: [Rescan (non-parallel) 2024-03-31T19:34:16.788+0800: 108.812: [grey object rescan, 0.0000960 secs]2024-03-31T19:34:16.788+0800: 108.813: [root rescan, 0.0694905 secs]2024-03-31T19:34:16.858+0800: 108.882: [visit unhandled CLDs, 0.0003656 secs]2024-03-31T19:34:16.858+0800: 108.883: [dirty klass scan, 0.0017936 secs], 0.0725420 secs]2024-03-31T19:34:16.861+0800: 108.885: [weak refs processing, 0.0001885 secs]2024-03-31T19:34:16.861+0800: 108.885: [class unloading, 0.0098419 secs]2024-03-31T19:34:16.871+0800: 108.896: [scrub symbol table, 0.0120049 secs]2024-03-31T19:34:16.883+0800: 108.908: [scrub string table, 0.0008080 secs][1 CMS-remark: 63K(64K)] 108692K(118016K), 0.0985042 secs] [Times: user=0.09 sys=0.00, real=0.10 secs] 
2024-03-31T19:34:16.887+0800: 108.912: [CMS-concurrent-sweep-start]
2024-03-31T19:34:16.888+0800: 108.912: [CMS-concurrent-sweep: 0.000/0.000 secs] [Times: user=0.01 sys=0.00, real=0.00 secs] 
2024-03-31T19:34:16.889+0800: 108.914: [CMS-concurrent-reset-start]
2024-03-31T19:34:16.890+0800: 108.914: [CMS-concurrent-reset: 0.000/0.000 secs] [Times: user=0.00 sys=0.00, real=0.00 secs] 
2024-03-31T19:34:18.899+0800: 110.923: [GC (CMS Initial Mark) [1 CMS-initial-mark: 63K(64K)] 108950K(118016K), 0.1027256 secs] [Times: user=0.10 sys=0.00, real=0.10 secs] 
2024-03-31T19:34:19.002+0800: 111.027: [CMS-concurrent-mark-start]
2024-03-31T19:34:19.003+0800: 111.027: [CMS-concurrent-mark: 0.000/0.000 secs] [Times: user=0.00 sys=0.00, real=0.00 secs] 
2024-03-31T19:34:19.004+0800: 111.028: [CMS-concurrent-preclean-start]
2024-03-31T19:34:19.006+0800: 111.030: [CMS-concurrent-preclean: 0.001/0.001 secs] [Times: user=0.01 sys=0.00, real=0.00 secs] 
2024-03-31T19:34:19.007+0800: 111.031: [CMS-concurrent-abortable-preclean-start]
2024-03-31T19:34:19.008+0800: 111.032: [CMS-concurrent-abortable-preclean: 0.000/0.000 secs] [Times: user=0.00 sys=0.00, real=0.00 secs] 
2024-03-31T19:34:19.010+0800: 111.034: [GC (CMS Final Remark) [YG occupancy: 108887 K (117952 K)]2024-03-31T19:34:19.010+0800: 111.034: [Rescan (non-parallel) 2024-03-31T19:34:19.010+0800: 111.035: [grey object rescan, 0.0001227 secs]2024-03-31T19:34:19.010+0800: 111.035: [root rescan, 0.0642080 secs]2024-03-31T19:34:19.075+0800: 111.099: [visit unhandled CLDs, 0.0001440 secs]2024-03-31T19:34:19.075+0800: 111.099: [dirty klass scan, 0.0012995 secs], 0.0664083 secs]2024-03-31T19:34:19.077+0800: 111.101: [weak refs processing, 0.0001347 secs]2024-03-31T19:34:19.077+0800: 111.101: [class unloading, 0.0086923 secs]2024-03-31T19:34:19.086+0800: 111.110: [scrub symbol table, 0.0096546 secs]2024-03-31T19:34:19.096+0800: 111.120: [scrub string table, 0.0004650 secs][1 CMS-remark: 63K(64K)] 108951K(118016K), 0.0878975 secs] [Times: user=0.09 sys=0.00, real=0.09 secs] 
2024-03-31T19:34:19.099+0800: 111.123: [CMS-concurrent-sweep-start]
2024-03-31T19:34:19.100+0800: 111.125: [CMS-concurrent-sweep: 0.000/0.000 secs] [Times: user=0.00 sys=0.00, real=0.00 secs] 
2024-03-31T19:34:19.103+0800: 111.128: [CMS-concurrent-reset-start]
2024-03-31T19:34:19.105+0800: 111.129: [CMS-concurrent-reset: 0.000/0.000 secs] [Times: user=0.00 sys=0.00, real=0.01 secs] 
2024-03-31T19:34:21.112+0800: 113.136: [GC (CMS Initial Mark) [1 CMS-initial-mark: 63K(64K)] 109181K(118016K), 0.1054160 secs] [Times: user=0.10 sys=0.00, real=0.11 secs] 
2024-03-31T19:34:21.219+0800: 113.243: [CMS-concurrent-mark-start]
2024-03-31T19:34:21.220+0800: 113.245: [CMS-concurrent-mark: 0.000/0.000 secs] [Times: user=0.00 sys=0.00, real=0.00 secs] 
2024-03-31T19:34:21.222+0800: 113.247: [CMS-concurrent-preclean-start]
2024-03-31T19:34:21.225+0800: 113.249: [CMS-concurrent-preclean: 0.001/0.001 secs] [Times: user=0.01 sys=0.00, real=0.01 secs] 
2024-03-31T19:34:21.226+0800: 113.250: [CMS-concurrent-abortable-preclean-start]
2024-03-31T19:34:21.229+0800: 113.254: [CMS-concurrent-abortable-preclean: 0.000/0.000 secs] [Times: user=0.00 sys=0.00, real=0.00 secs] 
2024-03-31T19:34:21.232+0800: 113.257: [GC (CMS Final Remark) [YG occupancy: 109119 K (117952 K)]2024-03-31T19:34:21.233+0800: 113.257: [Rescan (non-parallel) 2024-03-31T19:34:21.233+0800: 113.257: [grey object rescan, 0.0001080 secs]2024-03-31T19:34:21.233+0800: 113.257: [root rescan, 0.0669330 secs]2024-03-31T19:34:21.300+0800: 113.325: [visit unhandled CLDs, 0.0001584 secs]2024-03-31T19:34:21.300+0800: 113.325: [dirty klass scan, 0.0014823 secs], 0.0694106 secs]2024-03-31T19:34:21.302+0800: 113.327: [weak refs processing, 0.0001398 secs]2024-03-31T19:34:21.302+0800: 113.327: [class unloading, 0.0097335 secs]2024-03-31T19:34:21.312+0800: 113.337: [scrub symbol table, 0.0101212 secs]2024-03-31T19:34:21.323+0800: 113.347: [scrub string table, 0.0004895 secs][1 CMS-remark: 63K(64K)] 109183K(118016K), 0.0925953 secs] [Times: user=0.09 sys=0.00, real=0.10 secs] 
2024-03-31T19:34:21.326+0800: 113.350: [CMS-concurrent-sweep-start]
2024-03-31T19:34:21.327+0800: 113.351: [CMS-concurrent-sweep: 0.000/0.000 secs] [Times: user=0.00 sys=0.00, real=0.00 secs] 
2024-03-31T19:34:21.328+0800: 113.353: [CMS-concurrent-reset-start]
2024-03-31T19:34:21.329+0800: 113.354: [CMS-concurrent-reset: 0.000/0.000 secs] [Times: user=0.00 sys=0.00, real=0.00 secs] 
2024-03-31T19:34:23.337+0800: 115.362: [GC (CMS Initial Mark) [1 CMS-initial-mark: 63K(64K)] 109288K(118016K), 0.1063658 secs] [Times: user=0.11 sys=0.00, real=0.11 secs] 
2024-03-31T19:34:23.444+0800: 115.469: [CMS-concurrent-mark-start]
2024-03-31T19:34:23.445+0800: 115.469: [CMS-concurrent-mark: 0.000/0.000 secs] [Times: user=0.00 sys=0.00, real=0.00 secs] 
2024-03-31T19:34:23.446+0800: 115.470: [CMS-concurrent-preclean-start]
2024-03-31T19:34:23.447+0800: 115.472: [CMS-concurrent-preclean: 0.001/0.001 secs] [Times: user=0.00 sys=0.00, real=0.00 secs] 
2024-03-31T19:34:23.447+0800: 115.472: [CMS-concurrent-abortable-preclean-start]
2024-03-31T19:34:23.448+0800: 115.472: [CMS-concurrent-abortable-preclean: 0.000/0.000 secs] [Times: user=0.00 sys=0.00, real=0.00 secs] 
2024-03-31T19:34:23.448+0800: 115.473: [GC (CMS Final Remark) [YG occupancy: 109225 K (117952 K)]2024-03-31T19:34:23.448+0800: 115.473: [Rescan (non-parallel) 2024-03-31T19:34:23.449+0800: 115.473: [grey object rescan, 0.0001018 secs]2024-03-31T19:34:23.449+0800: 115.473: [root rescan, 0.0640366 secs]2024-03-31T19:34:23.513+0800: 115.538: [visit unhandled CLDs, 0.0001673 secs]2024-03-31T19:34:23.513+0800: 115.538: [dirty klass scan, 0.0012733 secs], 0.0662225 secs]2024-03-31T19:34:23.515+0800: 115.539: [weak refs processing, 0.0001512 secs]2024-03-31T19:34:23.515+0800: 115.539: [class unloading, 0.0086143 secs]2024-03-31T19:34:23.524+0800: 115.548: [scrub symbol table, 0.0095000 secs]2024-03-31T19:34:23.534+0800: 115.558: [scrub string table, 0.0005011 secs][1 CMS-remark: 63K(64K)] 109289K(118016K), 0.0875323 secs] [Times: user=0.09 sys=0.00, real=0.09 secs] 
2024-03-31T19:34:23.536+0800: 115.561: [CMS-concurrent-sweep-start]
2024-03-31T19:34:23.536+0800: 115.561: [CMS-concurrent-sweep: 0.000/0.000 secs] [Times: user=0.00 sys=0.00, real=0.00 secs] 
2024-03-31T19:34:23.537+0800: 115.561: [CMS-concurrent-reset-start]
2024-03-31T19:34:23.537+0800: 115.561: [CMS-concurrent-reset: 0.000/0.000 secs] [Times: user=0.00 sys=0.00, real=0.00 secs] 
2024-03-31T19:34:25.541+0800: 117.566: [GC (CMS Initial Mark) [1 CMS-initial-mark: 63K(64K)] 109453K(118016K), 0.1099853 secs] [Times: user=0.10 sys=0.00, real=0.11 secs] 
2024-03-31T19:34:25.652+0800: 117.676: [CMS-concurrent-mark-start]
2024-03-31T19:34:25.652+0800: 117.676: [CMS-concurrent-mark: 0.000/0.000 secs] [Times: user=0.01 sys=0.00, real=0.00 secs] 
2024-03-31T19:34:25.653+0800: 117.677: [CMS-concurrent-preclean-start]
2024-03-31T19:34:25.654+0800: 117.679: [CMS-concurrent-preclean: 0.001/0.001 secs] [Times: user=0.00 sys=0.00, real=0.01 secs] 
2024-03-31T19:34:25.655+0800: 117.679: [CMS-concurrent-abortable-preclean-start]
2024-03-31T19:34:25.655+0800: 117.679: [CMS-concurrent-abortable-preclean: 0.000/0.000 secs] [Times: user=0.00 sys=0.00, real=0.00 secs] 
2024-03-31T19:34:25.656+0800: 117.680: [GC (CMS Final Remark) [YG occupancy: 109391 K (117952 K)]2024-03-31T19:34:25.656+0800: 117.680: [Rescan (non-parallel) 2024-03-31T19:34:25.656+0800: 117.680: [grey object rescan, 0.0001099 secs]2024-03-31T19:34:25.656+0800: 117.681: [root rescan, 0.0655317 secs]2024-03-31T19:34:25.722+0800: 117.746: [visit unhandled CLDs, 0.0001855 secs]2024-03-31T19:34:25.722+0800: 117.747: [dirty klass scan, 0.0013482 secs], 0.0678479 secs]2024-03-31T19:34:25.724+0800: 117.748: [weak refs processing, 0.0001483 secs]2024-03-31T19:34:25.724+0800: 117.748: [class unloading, 0.0088374 secs]2024-03-31T19:34:25.733+0800: 117.758: [scrub symbol table, 0.0098400 secs]2024-03-31T19:34:25.743+0800: 117.768: [scrub string table, 0.0005060 secs][1 CMS-remark: 63K(64K)] 109455K(118016K), 0.0897327 secs] [Times: user=0.09 sys=0.01, real=0.09 secs] 
2024-03-31T19:34:25.746+0800: 117.770: [CMS-concurrent-sweep-start]
2024-03-31T19:34:25.746+0800: 117.771: [CMS-concurrent-sweep: 0.000/0.000 secs] [Times: user=0.00 sys=0.00, real=0.00 secs] 
2024-03-31T19:34:25.747+0800: 117.771: [CMS-concurrent-reset-start]
2024-03-31T19:34:25.747+0800: 117.771: [CMS-concurrent-reset: 0.000/0.000 secs] [Times: user=0.00 sys=0.00, real=0.00 secs] 
2024-03-31T19:34:27.759+0800: 119.784: [GC (CMS Initial Mark) [1 CMS-initial-mark: 63K(64K)] 109661K(118016K), 0.1013476 secs] [Times: user=0.10 sys=0.00, real=0.10 secs] 
2024-03-31T19:34:27.861+0800: 119.886: [CMS-concurrent-mark-start]
2024-03-31T19:34:27.862+0800: 119.887: [CMS-concurrent-mark: 0.000/0.000 secs] [Times: user=0.00 sys=0.00, real=0.00 secs] 
2024-03-31T19:34:27.863+0800: 119.887: [CMS-concurrent-preclean-start]
2024-03-31T19:34:27.865+0800: 119.889: [CMS-concurrent-preclean: 0.001/0.001 secs] [Times: user=0.01 sys=0.00, real=0.01 secs] 
2024-03-31T19:34:27.865+0800: 119.890: [CMS-concurrent-abortable-preclean-start]
2024-03-31T19:34:27.866+0800: 119.890: [CMS-concurrent-abortable-preclean: 0.000/0.000 secs] [Times: user=0.00 sys=0.00, real=0.00 secs] 
2024-03-31T19:34:27.867+0800: 119.891: [GC (CMS Final Remark) [YG occupancy: 109599 K (117952 K)]2024-03-31T19:34:27.867+0800: 119.891: [Rescan (non-parallel) 2024-03-31T19:34:27.867+0800: 119.891: [grey object rescan, 0.0001032 secs]2024-03-31T19:34:27.867+0800: 119.892: [root rescan, 0.0668358 secs]2024-03-31T19:34:27.934+0800: 119.959: [visit unhandled CLDs, 0.0002102 secs]2024-03-31T19:34:27.935+0800: 119.959: [dirty klass scan, 0.0014763 secs], 0.0693304 secs]2024-03-31T19:34:27.936+0800: 119.961: [weak refs processing, 0.0001380 secs]2024-03-31T19:34:27.937+0800: 119.961: [class unloading, 0.0092553 secs]2024-03-31T19:34:27.946+0800: 119.971: [scrub symbol table, 0.0101166 secs]2024-03-31T19:34:27.956+0800: 119.981: [scrub string table, 0.0005100 secs][1 CMS-remark: 63K(64K)] 109663K(118016K), 0.0922513 secs] [Times: user=0.09 sys=0.01, real=0.09 secs] 
2024-03-31T19:34:27.960+0800: 119.984: [CMS-concurrent-sweep-start]
2024-03-31T19:34:27.960+0800: 119.985: [CMS-concurrent-sweep: 0.000/0.000 secs] [Times: user=0.00 sys=0.00, real=0.00 secs] 
2024-03-31T19:34:27.961+0800: 119.985: [CMS-concurrent-reset-start]
2024-03-31T19:34:27.961+0800: 119.985: [CMS-concurrent-reset: 0.000/0.000 secs] [Times: user=0.00 sys=0.00, real=0.00 secs] 
2024-03-31T19:34:29.962+0800: 121.986: [GC (CMS Initial Mark) [1 CMS-initial-mark: 63K(64K)] 109813K(118016K), 0.0657594 secs] [Times: user=0.07 sys=0.00, real=0.07 secs] 
2024-03-31T19:34:30.029+0800: 122.053: [CMS-concurrent-mark-start]
2024-03-31T19:34:30.029+0800: 122.054: [CMS-concurrent-mark: 0.000/0.000 secs] [Times: user=0.00 sys=0.00, real=0.00 secs] 
2024-03-31T19:34:30.030+0800: 122.055: [CMS-concurrent-preclean-start]
2024-03-31T19:34:30.033+0800: 122.057: [CMS-concurrent-preclean: 0.001/0.001 secs] [Times: user=0.00 sys=0.00, real=0.00 secs] 
2024-03-31T19:34:30.034+0800: 122.058: [CMS-concurrent-abortable-preclean-start]
2024-03-31T19:34:30.034+0800: 122.058: [CMS-concurrent-abortable-preclean: 0.000/0.000 secs] [Times: user=0.00 sys=0.00, real=0.01 secs] 
2024-03-31T19:34:30.035+0800: 122.059: [GC (CMS Final Remark) [YG occupancy: 109754 K (117952 K)]2024-03-31T19:34:30.035+0800: 122.059: [Rescan (non-parallel) 2024-03-31T19:34:30.035+0800: 122.060: [grey object rescan, 0.0001033 secs]2024-03-31T19:34:30.035+0800: 122.060: [root rescan, 0.0679655 secs]2024-03-31T19:34:30.104+0800: 122.128: [visit unhandled CLDs, 0.0001546 secs]2024-03-31T19:34:30.104+0800: 122.128: [dirty klass scan, 0.0016888 secs], 0.0707023 secs]2024-03-31T19:34:30.106+0800: 122.130: [weak refs processing, 0.0002029 secs]2024-03-31T19:34:30.106+0800: 122.131: [class unloading, 0.0096084 secs]2024-03-31T19:34:30.116+0800: 122.141: [scrub symbol table, 0.0109221 secs]2024-03-31T19:34:30.127+0800: 122.152: [scrub string table, 0.0005552 secs][1 CMS-remark: 63K(64K)] 109818K(118016K), 0.0949171 secs] [Times: user=0.09 sys=0.00, real=0.09 secs] 
2024-03-31T19:34:30.131+0800: 122.155: [CMS-concurrent-sweep-start]
2024-03-31T19:34:30.131+0800: 122.156: [CMS-concurrent-sweep: 0.000/0.000 secs] [Times: user=0.00 sys=0.00, real=0.00 secs] 
2024-03-31T19:34:30.132+0800: 122.157: [CMS-concurrent-reset-start]
2024-03-31T19:34:30.133+0800: 122.158: [CMS-concurrent-reset: 0.000/0.000 secs] [Times: user=0.00 sys=0.00, real=0.01 secs] 
2024-03-31T19:34:32.139+0800: 124.164: [GC (CMS Initial Mark) [1 CMS-initial-mark: 63K(64K)] 110054K(118016K), 0.0799167 secs] [Times: user=0.08 sys=0.00, real=0.08 secs] 
2024-03-31T19:34:32.220+0800: 124.245: [CMS-concurrent-mark-start]
2024-03-31T19:34:32.221+0800: 124.245: [CMS-concurrent-mark: 0.000/0.000 secs] [Times: user=0.00 sys=0.00, real=0.00 secs] 
2024-03-31T19:34:32.221+0800: 124.246: [CMS-concurrent-preclean-start]
2024-03-31T19:34:32.223+0800: 124.247: [CMS-concurrent-preclean: 0.001/0.001 secs] [Times: user=0.00 sys=0.00, real=0.00 secs] 
2024-03-31T19:34:32.223+0800: 124.247: [CMS-concurrent-abortable-preclean-start]
2024-03-31T19:34:32.223+0800: 124.247: [CMS-concurrent-abortable-preclean: 0.000/0.000 secs] [Times: user=0.00 sys=0.00, real=0.00 secs] 
2024-03-31T19:34:32.224+0800: 124.248: [GC (CMS Final Remark) [YG occupancy: 109991 K (117952 K)]2024-03-31T19:34:32.224+0800: 124.248: [Rescan (non-parallel) 2024-03-31T19:34:32.224+0800: 124.248: [grey object rescan, 0.0000911 secs]2024-03-31T19:34:32.224+0800: 124.248: [root rescan, 0.0686211 secs]2024-03-31T19:34:32.293+0800: 124.317: [visit unhandled CLDs, 0.0001405 secs]2024-03-31T19:34:32.293+0800: 124.318: [dirty klass scan, 0.0015117 secs], 0.0710740 secs]2024-03-31T19:34:32.295+0800: 124.319: [weak refs processing, 0.0001838 secs]2024-03-31T19:34:32.295+0800: 124.320: [class unloading, 0.0092590 secs]2024-03-31T19:34:32.305+0800: 124.329: [scrub symbol table, 0.0127668 secs]2024-03-31T19:34:32.318+0800: 124.342: [scrub string table, 0.0005749 secs][1 CMS-remark: 63K(64K)] 110055K(118016K), 0.0965893 secs] [Times: user=0.10 sys=0.00, real=0.09 secs] 
2024-03-31T19:34:32.321+0800: 124.346: [CMS-concurrent-sweep-start]
2024-03-31T19:34:32.322+0800: 124.346: [CMS-concurrent-sweep: 0.000/0.000 secs] [Times: user=0.00 sys=0.00, real=0.00 secs] 
2024-03-31T19:34:32.324+0800: 124.349: [CMS-concurrent-reset-start]
2024-03-31T19:34:32.327+0800: 124.351: [CMS-concurrent-reset: 0.000/0.000 secs] [Times: user=0.00 sys=0.00, real=0.00 secs] 
2024-03-31T19:34:34.330+0800: 126.355: [GC (CMS Initial Mark) [1 CMS-initial-mark: 63K(64K)] 110315K(118016K), 0.0958813 secs] [Times: user=0.09 sys=0.00, real=0.10 secs] 
2024-03-31T19:34:34.427+0800: 126.451: [CMS-concurrent-mark-start]
2024-03-31T19:34:34.428+0800: 126.452: [CMS-concurrent-mark: 0.000/0.000 secs] [Times: user=0.00 sys=0.00, real=0.00 secs] 
2024-03-31T19:34:34.429+0800: 126.453: [CMS-concurrent-preclean-start]
2024-03-31T19:34:34.431+0800: 126.456: [CMS-concurrent-preclean: 0.001/0.001 secs] [Times: user=0.01 sys=0.00, real=0.00 secs] 
2024-03-31T19:34:34.433+0800: 126.457: [CMS-concurrent-abortable-preclean-start]
2024-03-31T19:34:34.435+0800: 126.459: [CMS-concurrent-abortable-preclean: 0.000/0.000 secs] [Times: user=0.00 sys=0.00, real=0.01 secs] 
2024-03-31T19:34:34.440+0800: 126.464: [GC (CMS Final Remark) [YG occupancy: 110253 K (117952 K)]2024-03-31T19:34:34.440+0800: 126.464: [Rescan (non-parallel) 2024-03-31T19:34:34.440+0800: 126.464: [grey object rescan, 0.0001128 secs]2024-03-31T19:34:34.440+0800: 126.465: [root rescan, 0.0668776 secs]2024-03-31T19:34:34.507+0800: 126.532: [visit unhandled CLDs, 0.0001910 secs]2024-03-31T19:34:34.508+0800: 126.532: [dirty klass scan, 0.0015634 secs], 0.0694068 secs]2024-03-31T19:34:34.510+0800: 126.534: [weak refs processing, 0.0001485 secs]2024-03-31T19:34:34.510+0800: 126.534: [class unloading, 0.0090101 secs]2024-03-31T19:34:34.519+0800: 126.543: [scrub symbol table, 0.0097237 secs]2024-03-31T19:34:34.529+0800: 126.553: [scrub string table, 0.0005092 secs][1 CMS-remark: 63K(64K)] 110317K(118016K), 0.0914059 secs] [Times: user=0.08 sys=0.00, real=0.09 secs] 
2024-03-31T19:34:34.532+0800: 126.557: [CMS-concurrent-sweep-start]
2024-03-31T19:34:34.534+0800: 126.558: [CMS-concurrent-sweep: 0.000/0.000 secs] [Times: user=0.01 sys=0.00, real=0.01 secs] 
2024-03-31T19:34:34.536+0800: 126.561: [CMS-concurrent-reset-start]
2024-03-31T19:34:34.537+0800: 126.561: [CMS-concurrent-reset: 0.000/0.000 secs] [Times: user=0.00 sys=0.00, real=0.00 secs] 
2024-03-31T19:34:36.539+0800: 128.563: [GC (CMS Initial Mark) [1 CMS-initial-mark: 63K(64K)] 110544K(118016K), 0.0726193 secs] [Times: user=0.07 sys=0.00, real=0.07 secs] 
2024-03-31T19:34:36.612+0800: 128.637: [CMS-concurrent-mark-start]
2024-03-31T19:34:36.614+0800: 128.638: [CMS-concurrent-mark: 0.000/0.000 secs] [Times: user=0.00 sys=0.00, real=0.01 secs] 
2024-03-31T19:34:36.615+0800: 128.640: [CMS-concurrent-preclean-start]
2024-03-31T19:34:36.618+0800: 128.642: [CMS-concurrent-preclean: 0.001/0.001 secs] [Times: user=0.01 sys=0.00, real=0.00 secs] 
2024-03-31T19:34:36.620+0800: 128.644: [CMS-concurrent-abortable-preclean-start]
2024-03-31T19:34:36.621+0800: 128.645: [CMS-concurrent-abortable-preclean: 0.000/0.000 secs] [Times: user=0.00 sys=0.00, real=0.00 secs] 
2024-03-31T19:34:36.622+0800: 128.647: [GC (CMS Final Remark) [YG occupancy: 110481 K (117952 K)]2024-03-31T19:34:36.623+0800: 128.647: [Rescan (non-parallel) 2024-03-31T19:34:36.623+0800: 128.647: [grey object rescan, 0.0000983 secs]2024-03-31T19:34:36.623+0800: 128.647: [root rescan, 0.0657972 secs]2024-03-31T19:34:36.689+0800: 128.713: [visit unhandled CLDs, 0.0001556 secs]2024-03-31T19:34:36.689+0800: 128.714: [dirty klass scan, 0.0014835 secs], 0.0682502 secs]2024-03-31T19:34:36.691+0800: 128.715: [weak refs processing, 0.0001499 secs]2024-03-31T19:34:36.691+0800: 128.716: [class unloading, 0.0091080 secs]2024-03-31T19:34:36.701+0800: 128.725: [scrub symbol table, 0.0098479 secs]2024-03-31T19:34:36.711+0800: 128.735: [scrub string table, 0.0005455 secs][1 CMS-remark: 63K(64K)] 110545K(118016K), 0.0907312 secs] [Times: user=0.09 sys=0.00, real=0.10 secs] 
2024-03-31T19:34:36.714+0800: 128.739: [CMS-concurrent-sweep-start]
2024-03-31T19:34:36.715+0800: 128.740: [CMS-concurrent-sweep: 0.000/0.000 secs] [Times: user=0.00 sys=0.00, real=0.00 secs] 
2024-03-31T19:34:36.717+0800: 128.742: [CMS-concurrent-reset-start]
2024-03-31T19:34:36.719+0800: 128.743: [CMS-concurrent-reset: 0.000/0.000 secs] [Times: user=0.00 sys=0.00, real=0.00 secs] 
2024-03-31T19:34:38.726+0800: 130.751: [GC (CMS Initial Mark) [1 CMS-initial-mark: 63K(64K)] 110640K(118016K), 0.1062908 secs] [Times: user=0.11 sys=0.01, real=0.10 secs] 
2024-03-31T19:34:38.834+0800: 130.858: [CMS-concurrent-mark-start]
2024-03-31T19:34:38.835+0800: 130.860: [CMS-concurrent-mark: 0.000/0.000 secs] [Times: user=0.00 sys=0.00, real=0.00 secs] 
2024-03-31T19:34:38.837+0800: 130.861: [CMS-concurrent-preclean-start]
2024-03-31T19:34:38.839+0800: 130.864: [CMS-concurrent-preclean: 0.001/0.001 secs] [Times: user=0.01 sys=0.00, real=0.00 secs] 
2024-03-31T19:34:38.840+0800: 130.865: [CMS-concurrent-abortable-preclean-start]
2024-03-31T19:34:38.842+0800: 130.866: [CMS-concurrent-abortable-preclean: 0.000/0.000 secs] [Times: user=0.00 sys=0.00, real=0.00 secs] 
2024-03-31T19:34:38.846+0800: 130.870: [GC (CMS Final Remark) [YG occupancy: 110581 K (117952 K)]2024-03-31T19:34:38.846+0800: 130.870: [Rescan (non-parallel) 2024-03-31T19:34:38.846+0800: 130.871: [grey object rescan, 0.0001150 secs]2024-03-31T19:34:38.846+0800: 130.871: [root rescan, 0.0665488 secs]2024-03-31T19:34:38.913+0800: 130.938: [visit unhandled CLDs, 0.0001552 secs]2024-03-31T19:34:38.914+0800: 130.938: [dirty klass scan, 0.0014422 secs], 0.0689744 secs]2024-03-31T19:34:38.915+0800: 130.940: [weak refs processing, 0.0001534 secs]2024-03-31T19:34:38.915+0800: 130.940: [class unloading, 0.0091668 secs]2024-03-31T19:34:38.925+0800: 130.949: [scrub symbol table, 0.0097463 secs]2024-03-31T19:34:38.935+0800: 130.959: [scrub string table, 0.0005300 secs][1 CMS-remark: 63K(64K)] 110644K(118016K), 0.0912422 secs] [Times: user=0.09 sys=0.00, real=0.09 secs] 
2024-03-31T19:34:38.938+0800: 130.962: [CMS-concurrent-sweep-start]
2024-03-31T19:34:38.938+0800: 130.963: [CMS-concurrent-sweep: 0.000/0.000 secs] [Times: user=0.00 sys=0.00, real=0.00 secs] 
2024-03-31T19:34:38.939+0800: 130.964: [CMS-concurrent-reset-start]
2024-03-31T19:34:38.940+0800: 130.964: [CMS-concurrent-reset: 0.000/0.000 secs] [Times: user=0.00 sys=0.00, real=0.00 secs] 
2024-03-31T19:34:40.946+0800: 132.971: [GC (CMS Initial Mark) [1 CMS-initial-mark: 63K(64K)] 110726K(118016K), 0.0951913 secs] [Times: user=0.10 sys=0.01, real=0.09 secs] 
2024-03-31T19:34:41.042+0800: 133.066: [CMS-concurrent-mark-start]
2024-03-31T19:34:41.042+0800: 133.067: [CMS-concurrent-mark: 0.000/0.000 secs] [Times: user=0.00 sys=0.00, real=0.00 secs] 
2024-03-31T19:34:41.043+0800: 133.068: [CMS-concurrent-preclean-start]
2024-03-31T19:34:41.045+0800: 133.069: [CMS-concurrent-preclean: 0.001/0.001 secs] [Times: user=0.00 sys=0.00, real=0.01 secs] 
2024-03-31T19:34:41.046+0800: 133.070: [CMS-concurrent-abortable-preclean-start]
2024-03-31T19:34:41.047+0800: 133.071: [CMS-concurrent-abortable-preclean: 0.000/0.000 secs] [Times: user=0.00 sys=0.00, real=0.00 secs] 
2024-03-31T19:34:41.048+0800: 133.072: [GC (CMS Final Remark) [YG occupancy: 110665 K (117952 K)]2024-03-31T19:34:41.048+0800: 133.072: [Rescan (non-parallel) 2024-03-31T19:34:41.048+0800: 133.072: [grey object rescan, 0.0001213 secs]2024-03-31T19:34:41.048+0800: 133.072: [root rescan, 0.0677445 secs]2024-03-31T19:34:41.116+0800: 133.140: [visit unhandled CLDs, 0.0001967 secs]2024-03-31T19:34:41.116+0800: 133.141: [dirty klass scan, 0.0017103 secs], 0.0706363 secs]2024-03-31T19:34:41.118+0800: 133.143: [weak refs processing, 0.0001611 secs]2024-03-31T19:34:41.119+0800: 133.143: [class unloading, 0.0094558 secs]2024-03-31T19:34:41.129+0800: 133.153: [scrub symbol table, 0.0195058 secs]2024-03-31T19:34:41.148+0800: 133.173: [scrub string table, 0.0010217 secs][1 CMS-remark: 63K(64K)] 110729K(118016K), 0.1039828 secs] [Times: user=0.10 sys=0.00, real=0.11 secs] 
2024-03-31T19:34:41.155+0800: 133.179: [CMS-concurrent-sweep-start]
2024-03-31T19:34:41.156+0800: 133.180: [CMS-concurrent-sweep: 0.000/0.000 secs] [Times: user=0.01 sys=0.00, real=0.00 secs] 
2024-03-31T19:34:41.157+0800: 133.182: [CMS-concurrent-reset-start]
2024-03-31T19:34:41.158+0800: 133.182: [CMS-concurrent-reset: 0.000/0.000 secs] [Times: user=0.00 sys=0.00, real=0.00 secs] 
2024-03-31T19:34:43.162+0800: 135.186: [GC (CMS Initial Mark) [1 CMS-initial-mark: 63K(64K)] 110936K(118016K), 0.1052675 secs] [Times: user=0.10 sys=0.00, real=0.11 secs] 
2024-03-31T19:34:43.268+0800: 135.292: [CMS-concurrent-mark-start]
2024-03-31T19:34:43.269+0800: 135.293: [CMS-concurrent-mark: 0.000/0.000 secs] [Times: user=0.00 sys=0.00, real=0.00 secs] 
2024-03-31T19:34:43.269+0800: 135.294: [CMS-concurrent-preclean-start]
2024-03-31T19:34:43.271+0800: 135.295: [CMS-concurrent-preclean: 0.001/0.001 secs] [Times: user=0.01 sys=0.00, real=0.00 secs] 
2024-03-31T19:34:43.271+0800: 135.296: [CMS-concurrent-abortable-preclean-start]
2024-03-31T19:34:43.272+0800: 135.296: [CMS-concurrent-abortable-preclean: 0.000/0.000 secs] [Times: user=0.00 sys=0.00, real=0.00 secs] 
2024-03-31T19:34:43.272+0800: 135.297: [GC (CMS Final Remark) [YG occupancy: 110878 K (117952 K)]2024-03-31T19:34:43.273+0800: 135.297: [Rescan (non-parallel) 2024-03-31T19:34:43.273+0800: 135.297: [grey object rescan, 0.0000994 secs]2024-03-31T19:34:43.273+0800: 135.297: [root rescan, 0.0669772 secs]2024-03-31T19:34:43.340+0800: 135.364: [visit unhandled CLDs, 0.0001575 secs]2024-03-31T19:34:43.340+0800: 135.365: [dirty klass scan, 0.0014747 secs], 0.0693408 secs]2024-03-31T19:34:43.342+0800: 135.366: [weak refs processing, 0.0001833 secs]2024-03-31T19:34:43.342+0800: 135.367: [class unloading, 0.0104009 secs]2024-03-31T19:34:43.353+0800: 135.377: [scrub symbol table, 0.0104440 secs]2024-03-31T19:34:43.364+0800: 135.388: [scrub string table, 0.0006903 secs][1 CMS-remark: 63K(64K)] 110942K(118016K), 0.0938918 secs] [Times: user=0.09 sys=0.00, real=0.10 secs] 
2024-03-31T19:34:43.367+0800: 135.391: [CMS-concurrent-sweep-start]
2024-03-31T19:34:43.367+0800: 135.392: [CMS-concurrent-sweep: 0.000/0.000 secs] [Times: user=0.00 sys=0.00, real=0.00 secs] 
2024-03-31T19:34:43.367+0800: 135.392: [CMS-concurrent-reset-start]
2024-03-31T19:34:43.367+0800: 135.392: [CMS-concurrent-reset: 0.000/0.000 secs] [Times: user=0.00 sys=0.00, real=0.00 secs] 
2024-03-31T19:34:45.369+0800: 137.394: [GC (CMS Initial Mark) [1 CMS-initial-mark: 63K(64K)] 111120K(118016K), 0.0775018 secs] [Times: user=0.08 sys=0.00, real=0.08 secs] 
2024-03-31T19:34:45.448+0800: 137.472: [CMS-concurrent-mark-start]
2024-03-31T19:34:45.449+0800: 137.473: [CMS-concurrent-mark: 0.000/0.000 secs] [Times: user=0.00 sys=0.00, real=0.00 secs] 
2024-03-31T19:34:45.449+0800: 137.474: [CMS-concurrent-preclean-start]
2024-03-31T19:34:45.451+0800: 137.475: [CMS-concurrent-preclean: 0.001/0.001 secs] [Times: user=0.01 sys=0.00, real=0.00 secs] 
2024-03-31T19:34:45.451+0800: 137.475: [CMS-concurrent-abortable-preclean-start]
2024-03-31T19:34:45.451+0800: 137.475: [CMS-concurrent-abortable-preclean: 0.000/0.000 secs] [Times: user=0.00 sys=0.00, real=0.00 secs] 
2024-03-31T19:34:45.451+0800: 137.476: [GC (CMS Final Remark) [YG occupancy: 111057 K (117952 K)]2024-03-31T19:34:45.452+0800: 137.476: [Rescan (non-parallel) 2024-03-31T19:34:45.452+0800: 137.476: [grey object rescan, 0.0001028 secs]2024-03-31T19:34:45.452+0800: 137.476: [root rescan, 0.0668045 secs]2024-03-31T19:34:45.519+0800: 137.543: [visit unhandled CLDs, 0.0001925 secs]2024-03-31T19:34:45.519+0800: 137.544: [dirty klass scan, 0.0014919 secs], 0.0693140 secs]2024-03-31T19:34:45.521+0800: 137.545: [weak refs processing, 0.0001694 secs]2024-03-31T19:34:45.521+0800: 137.546: [class unloading, 0.0121324 secs]2024-03-31T19:34:45.534+0800: 137.558: [scrub symbol table, 0.0115405 secs]2024-03-31T19:34:45.545+0800: 137.570: [scrub string table, 0.0004918 secs][1 CMS-remark: 63K(64K)] 111121K(118016K), 0.0965681 secs] [Times: user=0.09 sys=0.00, real=0.10 secs] 
2024-03-31T19:34:45.549+0800: 137.573: [CMS-concurrent-sweep-start]
2024-03-31T19:34:45.549+0800: 137.573: [CMS-concurrent-sweep: 0.000/0.000 secs] [Times: user=0.00 sys=0.00, real=0.00 secs] 
2024-03-31T19:34:45.549+0800: 137.573: [CMS-concurrent-reset-start]
2024-03-31T19:34:45.549+0800: 137.573: [CMS-concurrent-reset: 0.000/0.000 secs] [Times: user=0.00 sys=0.00, real=0.00 secs] 
2024-03-31T19:34:47.555+0800: 139.579: [GC (CMS Initial Mark) [1 CMS-initial-mark: 63K(64K)] 111270K(118016K), 0.1004819 secs] [Times: user=0.10 sys=0.00, real=0.10 secs] 
2024-03-31T19:34:47.656+0800: 139.680: [CMS-concurrent-mark-start]
2024-03-31T19:34:47.657+0800: 139.681: [CMS-concurrent-mark: 0.000/0.000 secs] [Times: user=0.00 sys=0.00, real=0.00 secs] 
2024-03-31T19:34:47.657+0800: 139.682: [CMS-concurrent-preclean-start]
2024-03-31T19:34:47.659+0800: 139.683: [CMS-concurrent-preclean: 0.001/0.001 secs] [Times: user=0.00 sys=0.00, real=0.00 secs] 
2024-03-31T19:34:47.659+0800: 139.684: [CMS-concurrent-abortable-preclean-start]
2024-03-31T19:34:47.659+0800: 139.684: [CMS-concurrent-abortable-preclean: 0.000/0.000 secs] [Times: user=0.00 sys=0.00, real=0.00 secs] 
2024-03-31T19:34:47.660+0800: 139.684: [GC (CMS Final Remark) [YG occupancy: 111207 K (117952 K)]2024-03-31T19:34:47.660+0800: 139.684: [Rescan (non-parallel) 2024-03-31T19:34:47.660+0800: 139.684: [grey object rescan, 0.0001162 secs]2024-03-31T19:34:47.660+0800: 139.685: [root rescan, 0.0673673 secs]2024-03-31T19:34:47.728+0800: 139.752: [visit unhandled CLDs, 0.0001803 secs]2024-03-31T19:34:47.728+0800: 139.752: [dirty klass scan, 0.0014478 secs], 0.0697485 secs]2024-03-31T19:34:47.730+0800: 139.754: [weak refs processing, 0.0002155 secs]2024-03-31T19:34:47.730+0800: 139.754: [class unloading, 0.0092955 secs]2024-03-31T19:34:47.740+0800: 139.764: [scrub symbol table, 0.0100828 secs]2024-03-31T19:34:47.750+0800: 139.774: [scrub string table, 0.0005098 secs][1 CMS-remark: 63K(64K)] 111271K(118016K), 0.0924681 secs] [Times: user=0.09 sys=0.00, real=0.09 secs] 
2024-03-31T19:34:47.753+0800: 139.777: [CMS-concurrent-sweep-start]
2024-03-31T19:34:47.753+0800: 139.777: [CMS-concurrent-sweep: 0.000/0.000 secs] [Times: user=0.00 sys=0.00, real=0.00 secs] 
2024-03-31T19:34:47.753+0800: 139.778: [CMS-concurrent-reset-start]
2024-03-31T19:34:47.753+0800: 139.778: [CMS-concurrent-reset: 0.000/0.000 secs] [Times: user=0.00 sys=0.00, real=0.00 secs] 
2024-03-31T19:34:49.757+0800: 141.782: [GC (CMS Initial Mark) [1 CMS-initial-mark: 63K(64K)] 111520K(118016K), 0.0929365 secs] [Times: user=0.09 sys=0.00, real=0.09 secs] 
2024-03-31T19:34:49.851+0800: 141.875: [CMS-concurrent-mark-start]
2024-03-31T19:34:49.852+0800: 141.876: [CMS-concurrent-mark: 0.000/0.000 secs] [Times: user=0.00 sys=0.00, real=0.00 secs] 
2024-03-31T19:34:49.852+0800: 141.877: [CMS-concurrent-preclean-start]
2024-03-31T19:34:49.854+0800: 141.878: [CMS-concurrent-preclean: 0.001/0.001 secs] [Times: user=0.01 sys=0.00, real=0.01 secs] 
2024-03-31T19:34:49.854+0800: 141.878: [CMS-concurrent-abortable-preclean-start]
2024-03-31T19:34:49.854+0800: 141.878: [CMS-concurrent-abortable-preclean: 0.000/0.000 secs] [Times: user=0.00 sys=0.00, real=0.00 secs] 
2024-03-31T19:34:49.855+0800: 141.879: [GC (CMS Final Remark) [YG occupancy: 111457 K (117952 K)]2024-03-31T19:34:49.855+0800: 141.879: [Rescan (non-parallel) 2024-03-31T19:34:49.855+0800: 141.879: [grey object rescan, 0.0001146 secs]2024-03-31T19:34:49.855+0800: 141.880: [root rescan, 0.0667541 secs]2024-03-31T19:34:49.922+0800: 141.947: [visit unhandled CLDs, 0.0001503 secs]2024-03-31T19:34:49.923+0800: 141.947: [dirty klass scan, 0.0014286 secs], 0.0690445 secs]2024-03-31T19:34:49.924+0800: 141.949: [weak refs processing, 0.0001604 secs]2024-03-31T19:34:49.924+0800: 141.949: [class unloading, 0.0124826 secs]2024-03-31T19:34:49.937+0800: 141.961: [scrub symbol table, 0.0103558 secs]2024-03-31T19:34:49.948+0800: 141.972: [scrub string table, 0.0005103 secs][1 CMS-remark: 63K(64K)] 111521K(118016K), 0.0951742 secs] [Times: user=0.09 sys=0.00, real=0.09 secs] 
2024-03-31T19:34:49.951+0800: 141.975: [CMS-concurrent-sweep-start]
2024-03-31T19:34:49.952+0800: 141.976: [CMS-concurrent-sweep: 0.000/0.000 secs] [Times: user=0.00 sys=0.00, real=0.00 secs] 
2024-03-31T19:34:49.954+0800: 141.978: [CMS-concurrent-reset-start]
2024-03-31T19:34:49.955+0800: 141.979: [CMS-concurrent-reset: 0.000/0.000 secs] [Times: user=0.00 sys=0.00, real=0.01 secs] 
2024-03-31T19:34:51.961+0800: 143.985: [GC (CMS Initial Mark) [1 CMS-initial-mark: 63K(64K)] 111739K(118016K), 0.0791125 secs] [Times: user=0.08 sys=0.00, real=0.08 secs] 
2024-03-31T19:34:52.041+0800: 144.065: [CMS-concurrent-mark-start]
2024-03-31T19:34:52.042+0800: 144.066: [CMS-concurrent-mark: 0.000/0.000 secs] [Times: user=0.00 sys=0.00, real=0.00 secs] 
2024-03-31T19:34:52.044+0800: 144.068: [CMS-concurrent-preclean-start]
2024-03-31T19:34:52.046+0800: 144.070: [CMS-concurrent-preclean: 0.001/0.001 secs] [Times: user=0.01 sys=0.00, real=0.01 secs] 
2024-03-31T19:34:52.048+0800: 144.072: [CMS-concurrent-abortable-preclean-start]
2024-03-31T19:34:52.050+0800: 144.074: [CMS-concurrent-abortable-preclean: 0.000/0.000 secs] [Times: user=0.00 sys=0.00, real=0.00 secs] 
2024-03-31T19:34:52.055+0800: 144.079: [GC (CMS Final Remark) [YG occupancy: 111679 K (117952 K)]2024-03-31T19:34:52.055+0800: 144.079: [Rescan (non-parallel) 2024-03-31T19:34:52.055+0800: 144.079: [grey object rescan, 0.0001073 secs]2024-03-31T19:34:52.055+0800: 144.080: [root rescan, 0.0677867 secs]2024-03-31T19:34:52.123+0800: 144.147: [visit unhandled CLDs, 0.0001565 secs]2024-03-31T19:34:52.123+0800: 144.148: [dirty klass scan, 0.0013722 secs], 0.0700351 secs]2024-03-31T19:34:52.125+0800: 144.149: [weak refs processing, 0.0002039 secs]2024-03-31T19:34:52.125+0800: 144.150: [class unloading, 0.0093459 secs]2024-03-31T19:34:52.135+0800: 144.159: [scrub symbol table, 0.0105818 secs]2024-03-31T19:34:52.146+0800: 144.170: [scrub string table, 0.0005322 secs][1 CMS-remark: 63K(64K)] 111743K(118016K), 0.0934156 secs] [Times: user=0.10 sys=0.00, real=0.09 secs] 
2024-03-31T19:34:52.149+0800: 144.173: [CMS-concurrent-sweep-start]
2024-03-31T19:34:52.151+0800: 144.175: [CMS-concurrent-sweep: 0.000/0.000 secs] [Times: user=0.00 sys=0.00, real=0.00 secs] 
2024-03-31T19:34:52.153+0800: 144.178: [CMS-concurrent-reset-start]
2024-03-31T19:34:52.154+0800: 144.178: [CMS-concurrent-reset: 0.000/0.000 secs] [Times: user=0.00 sys=0.00, real=0.01 secs] 
2024-03-31T19:34:54.166+0800: 146.191: [GC (CMS Initial Mark) [1 CMS-initial-mark: 63K(64K)] 111819K(118016K), 0.1018899 secs] [Times: user=0.11 sys=0.00, real=0.10 secs] 
2024-03-31T19:34:54.269+0800: 146.293: [CMS-concurrent-mark-start]
2024-03-31T19:34:54.270+0800: 146.294: [CMS-concurrent-mark: 0.000/0.000 secs] [Times: user=0.00 sys=0.00, real=0.00 secs] 
2024-03-31T19:34:54.271+0800: 146.296: [CMS-concurrent-preclean-start]
2024-03-31T19:34:54.274+0800: 146.298: [CMS-concurrent-preclean: 0.001/0.001 secs] [Times: user=0.00 sys=0.00, real=0.01 secs] 
2024-03-31T19:34:54.275+0800: 146.300: [CMS-concurrent-abortable-preclean-start]
2024-03-31T19:34:54.276+0800: 146.301: [CMS-concurrent-abortable-preclean: 0.000/0.000 secs] [Times: user=0.00 sys=0.00, real=0.00 secs] 
2024-03-31T19:34:54.280+0800: 146.305: [GC (CMS Final Remark) [YG occupancy: 111761 K (117952 K)]2024-03-31T19:34:54.281+0800: 146.305: [Rescan (non-parallel) 2024-03-31T19:34:54.281+0800: 146.305: [grey object rescan, 0.0001116 secs]2024-03-31T19:34:54.281+0800: 146.305: [root rescan, 0.0667454 secs]2024-03-31T19:34:54.348+0800: 146.372: [visit unhandled CLDs, 0.0001816 secs]2024-03-31T19:34:54.348+0800: 146.373: [dirty klass scan, 0.0014912 secs], 0.0692087 secs]2024-03-31T19:34:54.350+0800: 146.374: [weak refs processing, 0.0001539 secs]2024-03-31T19:34:54.350+0800: 146.374: [class unloading, 0.0102450 secs]2024-03-31T19:34:54.361+0800: 146.385: [scrub symbol table, 0.0108162 secs]2024-03-31T19:34:54.372+0800: 146.396: [scrub string table, 0.0005268 secs][1 CMS-remark: 63K(64K)] 111825K(118016K), 0.0937709 secs] [Times: user=0.09 sys=0.00, real=0.10 secs] 
2024-03-31T19:34:54.375+0800: 146.400: [CMS-concurrent-sweep-start]
2024-03-31T19:34:54.376+0800: 146.400: [CMS-concurrent-sweep: 0.000/0.000 secs] [Times: user=0.00 sys=0.00, real=0.00 secs] 
2024-03-31T19:34:54.377+0800: 146.402: [CMS-concurrent-reset-start]
2024-03-31T19:34:54.378+0800: 146.402: [CMS-concurrent-reset: 0.000/0.000 secs] [Times: user=0.01 sys=0.00, real=0.00 secs] 
2024-03-31T19:34:56.382+0800: 148.406: [GC (CMS Initial Mark) [1 CMS-initial-mark: 63K(64K)] 111903K(118016K), 0.1130210 secs] [Times: user=0.12 sys=0.00, real=0.12 secs] 
2024-03-31T19:34:56.496+0800: 148.520: [CMS-concurrent-mark-start]
2024-03-31T19:34:56.496+0800: 148.521: [CMS-concurrent-mark: 0.000/0.000 secs] [Times: user=0.00 sys=0.00, real=0.00 secs] 
2024-03-31T19:34:56.497+0800: 148.522: [CMS-concurrent-preclean-start]
2024-03-31T19:34:56.499+0800: 148.524: [CMS-concurrent-preclean: 0.001/0.001 secs] [Times: user=0.00 sys=0.00, real=0.00 secs] 
2024-03-31T19:34:56.500+0800: 148.525: [CMS-concurrent-abortable-preclean-start]
2024-03-31T19:34:56.501+0800: 148.525: [CMS-concurrent-abortable-preclean: 0.000/0.000 secs] [Times: user=0.00 sys=0.00, real=0.00 secs] 
2024-03-31T19:34:56.502+0800: 148.527: [GC (CMS Final Remark) [YG occupancy: 111842 K (117952 K)]2024-03-31T19:34:56.503+0800: 148.527: [Rescan (non-parallel) 2024-03-31T19:34:56.503+0800: 148.527: [grey object rescan, 0.0001143 secs]2024-03-31T19:34:56.503+0800: 148.527: [root rescan, 0.0683949 secs]2024-03-31T19:34:56.572+0800: 148.596: [visit unhandled CLDs, 0.0001666 secs]2024-03-31T19:34:56.572+0800: 148.596: [dirty klass scan, 0.0014248 secs], 0.0707910 secs]2024-03-31T19:34:56.574+0800: 148.598: [weak refs processing, 0.0002108 secs]2024-03-31T19:34:56.574+0800: 148.598: [class unloading, 0.0098249 secs]2024-03-31T19:34:56.584+0800: 148.608: [scrub symbol table, 0.0098203 secs]2024-03-31T19:34:56.594+0800: 148.618: [scrub string table, 0.0004956 secs][1 CMS-remark: 63K(64K)] 111905K(118016K), 0.0937804 secs] [Times: user=0.09 sys=0.00, real=0.10 secs] 
2024-03-31T19:34:56.597+0800: 148.621: [CMS-concurrent-sweep-start]
2024-03-31T19:34:56.597+0800: 148.621: [CMS-concurrent-sweep: 0.000/0.000 secs] [Times: user=0.00 sys=0.00, real=0.00 secs] 
2024-03-31T19:34:56.598+0800: 148.622: [CMS-concurrent-reset-start]
2024-03-31T19:34:56.598+0800: 148.623: [CMS-concurrent-reset: 0.000/0.000 secs] [Times: user=0.01 sys=0.00, real=0.00 secs] 
2024-03-31T19:34:58.609+0800: 150.633: [GC (CMS Initial Mark) [1 CMS-initial-mark: 63K(64K)] 112125K(118016K), 0.1081256 secs] [Times: user=0.10 sys=0.00, real=0.11 secs] 
2024-03-31T19:34:58.717+0800: 150.742: [CMS-concurrent-mark-start]
2024-03-31T19:34:58.718+0800: 150.743: [CMS-concurrent-mark: 0.000/0.000 secs] [Times: user=0.01 sys=0.00, real=0.00 secs] 
2024-03-31T19:34:58.719+0800: 150.744: [CMS-concurrent-preclean-start]
2024-03-31T19:34:58.721+0800: 150.745: [CMS-concurrent-preclean: 0.001/0.001 secs] [Times: user=0.00 sys=0.00, real=0.00 secs] 
2024-03-31T19:34:58.721+0800: 150.746: [CMS-concurrent-abortable-preclean-start]
2024-03-31T19:34:58.721+0800: 150.746: [CMS-concurrent-abortable-preclean: 0.000/0.000 secs] [Times: user=0.00 sys=0.00, real=0.00 secs] 
2024-03-31T19:34:58.722+0800: 150.746: [GC (CMS Final Remark) [YG occupancy: 112063 K (117952 K)]2024-03-31T19:34:58.722+0800: 150.746: [Rescan (non-parallel) 2024-03-31T19:34:58.722+0800: 150.747: [grey object rescan, 0.0001159 secs]2024-03-31T19:34:58.722+0800: 150.747: [root rescan, 0.0665188 secs]2024-03-31T19:34:58.789+0800: 150.814: [visit unhandled CLDs, 0.0001602 secs]2024-03-31T19:34:58.789+0800: 150.814: [dirty klass scan, 0.0013828 secs], 0.0687798 secs]2024-03-31T19:34:58.791+0800: 150.815: [weak refs processing, 0.0001428 secs]2024-03-31T19:34:58.791+0800: 150.816: [class unloading, 0.0098713 secs]2024-03-31T19:34:58.801+0800: 150.826: [scrub symbol table, 0.0099585 secs]2024-03-31T19:34:58.811+0800: 150.836: [scrub string table, 0.0004718 secs][1 CMS-remark: 63K(64K)] 112127K(118016K), 0.0918845 secs] [Times: user=0.09 sys=0.00, real=0.10 secs] 
2024-03-31T19:34:58.814+0800: 150.839: [CMS-concurrent-sweep-start]
2024-03-31T19:34:58.814+0800: 150.839: [CMS-concurrent-sweep: 0.000/0.000 secs] [Times: user=0.00 sys=0.00, real=0.00 secs] 
2024-03-31T19:34:58.815+0800: 150.839: [CMS-concurrent-reset-start]
2024-03-31T19:34:58.815+0800: 150.839: [CMS-concurrent-reset: 0.000/0.000 secs] [Times: user=0.00 sys=0.00, real=0.00 secs] 
2024-03-31T19:35:00.817+0800: 152.842: [GC (CMS Initial Mark) [1 CMS-initial-mark: 63K(64K)] 112261K(118016K), 0.0668333 secs] [Times: user=0.06 sys=0.00, real=0.07 secs] 
2024-03-31T19:35:00.885+0800: 152.909: [CMS-concurrent-mark-start]
2024-03-31T19:35:00.886+0800: 152.910: [CMS-concurrent-mark: 0.000/0.000 secs] [Times: user=0.00 sys=0.00, real=0.00 secs] 
2024-03-31T19:35:00.886+0800: 152.911: [CMS-concurrent-preclean-start]
2024-03-31T19:35:00.887+0800: 152.912: [CMS-concurrent-preclean: 0.001/0.001 secs] [Times: user=0.01 sys=0.00, real=0.00 secs] 
2024-03-31T19:35:00.888+0800: 152.912: [CMS-concurrent-abortable-preclean-start]
2024-03-31T19:35:00.888+0800: 152.912: [CMS-concurrent-abortable-preclean: 0.000/0.000 secs] [Times: user=0.00 sys=0.00, real=0.00 secs] 
2024-03-31T19:35:00.888+0800: 152.913: [GC (CMS Final Remark) [YG occupancy: 112200 K (117952 K)]2024-03-31T19:35:00.888+0800: 152.913: [Rescan (non-parallel) 2024-03-31T19:35:00.889+0800: 152.913: [grey object rescan, 0.0001087 secs]2024-03-31T19:35:00.889+0800: 152.913: [root rescan, 0.0673711 secs]2024-03-31T19:35:00.956+0800: 152.981: [visit unhandled CLDs, 0.0001802 secs]2024-03-31T19:35:00.957+0800: 152.981: [dirty klass scan, 0.0013831 secs], 0.0696948 secs]2024-03-31T19:35:00.958+0800: 152.983: [weak refs processing, 0.0001395 secs]2024-03-31T19:35:00.959+0800: 152.983: [class unloading, 0.0090338 secs]2024-03-31T19:35:00.968+0800: 152.992: [scrub symbol table, 0.0096415 secs]2024-03-31T19:35:00.978+0800: 153.002: [scrub string table, 0.0004825 secs][1 CMS-remark: 63K(64K)] 112264K(118016K), 0.0916470 secs] [Times: user=0.09 sys=0.00, real=0.09 secs] 
2024-03-31T19:35:00.980+0800: 153.005: [CMS-concurrent-sweep-start]
2024-03-31T19:35:00.980+0800: 153.005: [CMS-concurrent-sweep: 0.000/0.000 secs] [Times: user=0.00 sys=0.00, real=0.00 secs] 
2024-03-31T19:35:00.981+0800: 153.005: [CMS-concurrent-reset-start]
2024-03-31T19:35:00.981+0800: 153.005: [CMS-concurrent-reset: 0.000/0.000 secs] [Times: user=0.00 sys=0.00, real=0.00 secs] 
2024-03-31T19:35:02.988+0800: 155.013: [GC (CMS Initial Mark) [1 CMS-initial-mark: 63K(64K)] 112442K(118016K), 0.1128157 secs] [Times: user=0.11 sys=0.00, real=0.11 secs] 
2024-03-31T19:35:03.102+0800: 155.127: [CMS-concurrent-mark-start]
2024-03-31T19:35:03.103+0800: 155.127: [CMS-concurrent-mark: 0.000/0.000 secs] [Times: user=0.00 sys=0.00, real=0.00 secs] 
2024-03-31T19:35:03.104+0800: 155.128: [CMS-concurrent-preclean-start]
2024-03-31T19:35:03.105+0800: 155.130: [CMS-concurrent-preclean: 0.001/0.001 secs] [Times: user=0.00 sys=0.00, real=0.00 secs] 
2024-03-31T19:35:03.106+0800: 155.130: [CMS-concurrent-abortable-preclean-start]
2024-03-31T19:35:03.106+0800: 155.130: [CMS-concurrent-abortable-preclean: 0.000/0.000 secs] [Times: user=0.00 sys=0.00, real=0.00 secs] 
2024-03-31T19:35:03.107+0800: 155.131: [GC (CMS Final Remark) [YG occupancy: 112385 K (117952 K)]2024-03-31T19:35:03.107+0800: 155.131: [Rescan (non-parallel) 2024-03-31T19:35:03.107+0800: 155.131: [grey object rescan, 0.0001230 secs]2024-03-31T19:35:03.107+0800: 155.131: [root rescan, 0.0677678 secs]2024-03-31T19:35:03.175+0800: 155.199: [visit unhandled CLDs, 0.0002465 secs]2024-03-31T19:35:03.175+0800: 155.200: [dirty klass scan, 0.0014676 secs], 0.0702852 secs]2024-03-31T19:35:03.177+0800: 155.201: [weak refs processing, 0.0001740 secs]2024-03-31T19:35:03.177+0800: 155.202: [class unloading, 0.0098893 secs]2024-03-31T19:35:03.187+0800: 155.212: [scrub symbol table, 0.0096045 secs]2024-03-31T19:35:03.197+0800: 155.222: [scrub string table, 0.0005083 secs][1 CMS-remark: 63K(64K)] 112449K(118016K), 0.0931614 secs] [Times: user=0.09 sys=0.00, real=0.09 secs] 
2024-03-31T19:35:03.200+0800: 155.224: [CMS-concurrent-sweep-start]
2024-03-31T19:35:03.200+0800: 155.225: [CMS-concurrent-sweep: 0.000/0.000 secs] [Times: user=0.00 sys=0.00, real=0.00 secs] 
2024-03-31T19:35:03.200+0800: 155.225: [CMS-concurrent-reset-start]
2024-03-31T19:35:03.200+0800: 155.225: [CMS-concurrent-reset: 0.000/0.000 secs] [Times: user=0.00 sys=0.00, real=0.00 secs] 
2024-03-31T19:35:05.210+0800: 157.234: [GC (CMS Initial Mark) [1 CMS-initial-mark: 63K(64K)] 112735K(118016K), 0.1099126 secs] [Times: user=0.11 sys=0.01, real=0.11 secs] 
2024-03-31T19:35:05.321+0800: 157.345: [CMS-concurrent-mark-start]
2024-03-31T19:35:05.321+0800: 157.346: [CMS-concurrent-mark: 0.000/0.000 secs] [Times: user=0.00 sys=0.00, real=0.00 secs] 
2024-03-31T19:35:05.322+0800: 157.346: [CMS-concurrent-preclean-start]
2024-03-31T19:35:05.323+0800: 157.348: [CMS-concurrent-preclean: 0.001/0.001 secs] [Times: user=0.00 sys=0.00, real=0.01 secs] 
2024-03-31T19:35:05.323+0800: 157.348: [CMS-concurrent-abortable-preclean-start]
2024-03-31T19:35:05.324+0800: 157.348: [CMS-concurrent-abortable-preclean: 0.000/0.000 secs] [Times: user=0.00 sys=0.00, real=0.00 secs] 
2024-03-31T19:35:05.324+0800: 157.348: [GC (CMS Final Remark) [YG occupancy: 112672 K (117952 K)]2024-03-31T19:35:05.324+0800: 157.349: [Rescan (non-parallel) 2024-03-31T19:35:05.324+0800: 157.349: [grey object rescan, 0.0001092 secs]2024-03-31T19:35:05.325+0800: 157.349: [root rescan, 0.0692055 secs]2024-03-31T19:35:05.394+0800: 157.418: [visit unhandled CLDs, 0.0002010 secs]2024-03-31T19:35:05.394+0800: 157.419: [dirty klass scan, 0.0015137 secs], 0.0717437 secs]2024-03-31T19:35:05.396+0800: 157.420: [weak refs processing, 0.0001528 secs]2024-03-31T19:35:05.396+0800: 157.421: [class unloading, 0.0116307 secs]2024-03-31T19:35:05.408+0800: 157.433: [scrub symbol table, 0.0097098 secs]2024-03-31T19:35:05.418+0800: 157.442: [scrub string table, 0.0004779 secs][1 CMS-remark: 63K(64K)] 112736K(118016K), 0.0964267 secs] [Times: user=0.10 sys=0.00, real=0.09 secs] 
2024-03-31T19:35:05.421+0800: 157.446: [CMS-concurrent-sweep-start]
2024-03-31T19:35:05.422+0800: 157.447: [CMS-concurrent-sweep: 0.000/0.000 secs] [Times: user=0.00 sys=0.00, real=0.00 secs] 
2024-03-31T19:35:05.425+0800: 157.449: [CMS-concurrent-reset-start]
2024-03-31T19:35:05.426+0800: 157.450: [CMS-concurrent-reset: 0.000/0.000 secs] [Times: user=0.00 sys=0.00, real=0.00 secs] 
2024-03-31T19:35:07.434+0800: 159.458: [GC (CMS Initial Mark) [1 CMS-initial-mark: 63K(64K)] 112917K(118016K), 0.0954640 secs] [Times: user=0.10 sys=0.00, real=0.09 secs] 
2024-03-31T19:35:07.530+0800: 159.555: [CMS-concurrent-mark-start]
2024-03-31T19:35:07.532+0800: 159.556: [CMS-concurrent-mark: 0.000/0.000 secs] [Times: user=0.00 sys=0.00, real=0.00 secs] 
2024-03-31T19:35:07.533+0800: 159.558: [CMS-concurrent-preclean-start]
2024-03-31T19:35:07.536+0800: 159.561: [CMS-concurrent-preclean: 0.001/0.001 secs] [Times: user=0.01 sys=0.00, real=0.01 secs] 
2024-03-31T19:35:07.538+0800: 159.562: [CMS-concurrent-abortable-preclean-start]
2024-03-31T19:35:07.540+0800: 159.564: [CMS-concurrent-abortable-preclean: 0.000/0.000 secs] [Times: user=0.00 sys=0.00, real=0.00 secs] 
2024-03-31T19:35:07.543+0800: 159.567: [GC (CMS Final Remark) [YG occupancy: 112855 K (117952 K)]2024-03-31T19:35:07.543+0800: 159.568: [Rescan (non-parallel) 2024-03-31T19:35:07.543+0800: 159.568: [grey object rescan, 0.0001153 secs]2024-03-31T19:35:07.544+0800: 159.568: [root rescan, 0.0685550 secs]2024-03-31T19:35:07.613+0800: 159.637: [visit unhandled CLDs, 0.0001707 secs]2024-03-31T19:35:07.613+0800: 159.637: [dirty klass scan, 0.0014975 secs], 0.0709796 secs]2024-03-31T19:35:07.614+0800: 159.639: [weak refs processing, 0.0001354 secs]2024-03-31T19:35:07.615+0800: 159.639: [class unloading, 0.0096209 secs]2024-03-31T19:35:07.625+0800: 159.649: [scrub symbol table, 0.0113950 secs]2024-03-31T19:35:07.636+0800: 159.660: [scrub string table, 0.0005090 secs][1 CMS-remark: 63K(64K)] 112919K(118016K), 0.0954368 secs] [Times: user=0.10 sys=0.00, real=0.09 secs] 
2024-03-31T19:35:07.640+0800: 159.664: [CMS-concurrent-sweep-start]
2024-03-31T19:35:07.641+0800: 159.666: [CMS-concurrent-sweep: 0.000/0.000 secs] [Times: user=0.00 sys=0.00, real=0.00 secs] 
2024-03-31T19:35:07.644+0800: 159.668: [CMS-concurrent-reset-start]
2024-03-31T19:35:07.646+0800: 159.670: [CMS-concurrent-reset: 0.000/0.000 secs] [Times: user=0.00 sys=0.00, real=0.01 secs] 
2024-03-31T19:35:09.654+0800: 161.678: [GC (CMS Initial Mark) [1 CMS-initial-mark: 63K(64K)] 113004K(118016K), 0.1081852 secs] [Times: user=0.11 sys=0.00, real=0.10 secs] 
2024-03-31T19:35:09.763+0800: 161.787: [CMS-concurrent-mark-start]
2024-03-31T19:35:09.764+0800: 161.788: [CMS-concurrent-mark: 0.000/0.000 secs] [Times: user=0.00 sys=0.00, real=0.01 secs] 
2024-03-31T19:35:09.766+0800: 161.790: [CMS-concurrent-preclean-start]
2024-03-31T19:35:09.768+0800: 161.793: [CMS-concurrent-preclean: 0.001/0.001 secs] [Times: user=0.00 sys=0.00, real=0.00 secs] 
2024-03-31T19:35:09.770+0800: 161.794: [CMS-concurrent-abortable-preclean-start]
2024-03-31T19:35:09.771+0800: 161.795: [CMS-concurrent-abortable-preclean: 0.000/0.000 secs] [Times: user=0.00 sys=0.00, real=0.00 secs] 
2024-03-31T19:35:09.775+0800: 161.799: [GC (CMS Final Remark) [YG occupancy: 112942 K (117952 K)]2024-03-31T19:35:09.775+0800: 161.799: [Rescan (non-parallel) 2024-03-31T19:35:09.775+0800: 161.799: [grey object rescan, 0.0001057 secs]2024-03-31T19:35:09.775+0800: 161.799: [root rescan, 0.0674782 secs]2024-03-31T19:35:09.843+0800: 161.867: [visit unhandled CLDs, 0.0001394 secs]2024-03-31T19:35:09.843+0800: 161.867: [dirty klass scan, 0.0013382 secs], 0.0696829 secs]2024-03-31T19:35:09.845+0800: 161.869: [weak refs processing, 0.0001423 secs]2024-03-31T19:35:09.845+0800: 161.869: [class unloading, 0.0091503 secs]2024-03-31T19:35:09.854+0800: 161.878: [scrub symbol table, 0.0094766 secs]2024-03-31T19:35:09.864+0800: 161.888: [scrub string table, 0.0004986 secs][1 CMS-remark: 63K(64K)] 113006K(118016K), 0.0916024 secs] [Times: user=0.09 sys=0.00, real=0.09 secs] 
2024-03-31T19:35:09.867+0800: 161.891: [CMS-concurrent-sweep-start]
2024-03-31T19:35:09.867+0800: 161.891: [CMS-concurrent-sweep: 0.000/0.000 secs] [Times: user=0.00 sys=0.00, real=0.00 secs] 
2024-03-31T19:35:09.868+0800: 161.892: [CMS-concurrent-reset-start]
2024-03-31T19:35:09.868+0800: 161.892: [CMS-concurrent-reset: 0.000/0.000 secs] [Times: user=0.00 sys=0.00, real=0.00 secs] 
2024-03-31T19:35:11.877+0800: 163.901: [GC (CMS Initial Mark) [1 CMS-initial-mark: 63K(64K)] 113130K(118016K), 0.0990453 secs] [Times: user=0.10 sys=0.00, real=0.10 secs] 
2024-03-31T19:35:11.976+0800: 164.001: [CMS-concurrent-mark-start]
2024-03-31T19:35:11.977+0800: 164.001: [CMS-concurrent-mark: 0.000/0.000 secs] [Times: user=0.00 sys=0.00, real=0.00 secs] 
2024-03-31T19:35:11.978+0800: 164.002: [CMS-concurrent-preclean-start]
2024-03-31T19:35:11.980+0800: 164.004: [CMS-concurrent-preclean: 0.001/0.001 secs] [Times: user=0.00 sys=0.00, real=0.00 secs] 
2024-03-31T19:35:11.981+0800: 164.005: [CMS-concurrent-abortable-preclean-start]
2024-03-31T19:35:11.981+0800: 164.005: [CMS-concurrent-abortable-preclean: 0.000/0.000 secs] [Times: user=0.00 sys=0.00, real=0.00 secs] 
2024-03-31T19:35:11.982+0800: 164.006: [GC (CMS Final Remark) [YG occupancy: 113069 K (117952 K)]2024-03-31T19:35:11.982+0800: 164.006: [Rescan (non-parallel) 2024-03-31T19:35:11.982+0800: 164.006: [grey object rescan, 0.0001080 secs]2024-03-31T19:35:11.982+0800: 164.006: [root rescan, 0.0679807 secs]2024-03-31T19:35:12.050+0800: 164.075: [visit unhandled CLDs, 0.0001666 secs]2024-03-31T19:35:12.051+0800: 164.075: [dirty klass scan, 0.0012980 secs], 0.0701925 secs]2024-03-31T19:35:12.052+0800: 164.076: [weak refs processing, 0.0001535 secs]2024-03-31T19:35:12.052+0800: 164.077: [class unloading, 0.0090245 secs]2024-03-31T19:35:12.062+0800: 164.086: [scrub symbol table, 0.0094438 secs]2024-03-31T19:35:12.071+0800: 164.096: [scrub string table, 0.0006261 secs][1 CMS-remark: 63K(64K)] 113133K(118016K), 0.0922683 secs] [Times: user=0.09 sys=0.00, real=0.10 secs] 
2024-03-31T19:35:12.075+0800: 164.099: [CMS-concurrent-sweep-start]
2024-03-31T19:35:12.075+0800: 164.099: [CMS-concurrent-sweep: 0.000/0.000 secs] [Times: user=0.00 sys=0.00, real=0.00 secs] 
2024-03-31T19:35:12.075+0800: 164.099: [CMS-concurrent-reset-start]
2024-03-31T19:35:12.075+0800: 164.100: [CMS-concurrent-reset: 0.000/0.000 secs] [Times: user=0.00 sys=0.00, real=0.00 secs] 
2024-03-31T19:35:14.082+0800: 166.107: [GC (CMS Initial Mark) [1 CMS-initial-mark: 63K(64K)] 113319K(118016K), 0.1094089 secs] [Times: user=0.11 sys=0.00, real=0.11 secs] 
2024-03-31T19:35:14.193+0800: 166.217: [CMS-concurrent-mark-start]
2024-03-31T19:35:14.194+0800: 166.218: [CMS-concurrent-mark: 0.000/0.000 secs] [Times: user=0.00 sys=0.00, real=0.01 secs] 
2024-03-31T19:35:14.194+0800: 166.219: [CMS-concurrent-preclean-start]
2024-03-31T19:35:14.196+0800: 166.220: [CMS-concurrent-preclean: 0.001/0.001 secs] [Times: user=0.00 sys=0.00, real=0.00 secs] 
2024-03-31T19:35:14.196+0800: 166.221: [CMS-concurrent-abortable-preclean-start]
2024-03-31T19:35:14.197+0800: 166.221: [CMS-concurrent-abortable-preclean: 0.000/0.000 secs] [Times: user=0.00 sys=0.00, real=0.00 secs] 
2024-03-31T19:35:14.198+0800: 166.222: [GC (CMS Final Remark) [YG occupancy: 113258 K (117952 K)]2024-03-31T19:35:14.198+0800: 166.222: [Rescan (non-parallel) 2024-03-31T19:35:14.198+0800: 166.222: [grey object rescan, 0.0001080 secs]2024-03-31T19:35:14.198+0800: 166.223: [root rescan, 0.0683673 secs]2024-03-31T19:35:14.267+0800: 166.291: [visit unhandled CLDs, 0.0001437 secs]2024-03-31T19:35:14.267+0800: 166.291: [dirty klass scan, 0.0013404 secs], 0.0705775 secs]2024-03-31T19:35:14.269+0800: 166.293: [weak refs processing, 0.0001518 secs]2024-03-31T19:35:14.269+0800: 166.293: [class unloading, 0.0096196 secs]2024-03-31T19:35:14.279+0800: 166.303: [scrub symbol table, 0.0097690 secs]2024-03-31T19:35:14.289+0800: 166.313: [scrub string table, 0.0004640 secs][1 CMS-remark: 63K(64K)] 113322K(118016K), 0.0931483 secs] [Times: user=0.09 sys=0.00, real=0.09 secs] 
2024-03-31T19:35:14.292+0800: 166.316: [CMS-concurrent-sweep-start]
2024-03-31T19:35:14.292+0800: 166.316: [CMS-concurrent-sweep: 0.000/0.000 secs] [Times: user=0.00 sys=0.00, real=0.00 secs] 
2024-03-31T19:35:14.293+0800: 166.317: [CMS-concurrent-reset-start]
2024-03-31T19:35:14.293+0800: 166.318: [CMS-concurrent-reset: 0.000/0.000 secs] [Times: user=0.00 sys=0.00, real=0.01 secs] 
2024-03-31T19:35:16.295+0800: 168.319: [GC (CMS Initial Mark) [1 CMS-initial-mark: 63K(64K)] 113439K(118016K), 0.0725350 secs] [Times: user=0.07 sys=0.00, real=0.07 secs] 
2024-03-31T19:35:16.369+0800: 168.393: [CMS-concurrent-mark-start]
2024-03-31T19:35:16.369+0800: 168.393: [CMS-concurrent-mark: 0.000/0.000 secs] [Times: user=0.00 sys=0.00, real=0.00 secs] 
2024-03-31T19:35:16.370+0800: 168.394: [CMS-concurrent-preclean-start]
2024-03-31T19:35:16.371+0800: 168.395: [CMS-concurrent-preclean: 0.001/0.001 secs] [Times: user=0.00 sys=0.00, real=0.00 secs] 
2024-03-31T19:35:16.371+0800: 168.396: [CMS-concurrent-abortable-preclean-start]
2024-03-31T19:35:16.371+0800: 168.396: [CMS-concurrent-abortable-preclean: 0.000/0.000 secs] [Times: user=0.00 sys=0.00, real=0.00 secs] 
2024-03-31T19:35:16.372+0800: 168.396: [GC (CMS Final Remark) [YG occupancy: 113376 K (117952 K)]2024-03-31T19:35:16.372+0800: 168.396: [Rescan (non-parallel) 2024-03-31T19:35:16.372+0800: 168.397: [grey object rescan, 0.0001415 secs]2024-03-31T19:35:16.373+0800: 168.397: [root rescan, 0.0686838 secs]2024-03-31T19:35:16.442+0800: 168.466: [visit unhandled CLDs, 0.0001598 secs]2024-03-31T19:35:16.442+0800: 168.466: [dirty klass scan, 0.0015180 secs], 0.0712131 secs]2024-03-31T19:35:16.443+0800: 168.468: [weak refs processing, 0.0001510 secs]2024-03-31T19:35:16.444+0800: 168.468: [class unloading, 0.0092547 secs]2024-03-31T19:35:16.453+0800: 168.478: [scrub symbol table, 0.0113405 secs]2024-03-31T19:35:16.465+0800: 168.489: [scrub string table, 0.0005243 secs][1 CMS-remark: 63K(64K)] 113440K(118016K), 0.0954595 secs] [Times: user=0.10 sys=0.00, real=0.10 secs] 
2024-03-31T19:35:16.468+0800: 168.492: [CMS-concurrent-sweep-start]
2024-03-31T19:35:16.468+0800: 168.492: [CMS-concurrent-sweep: 0.000/0.000 secs] [Times: user=0.00 sys=0.00, real=0.00 secs] 
2024-03-31T19:35:16.468+0800: 168.492: [CMS-concurrent-reset-start]
2024-03-31T19:35:16.468+0800: 168.492: [CMS-concurrent-reset: 0.000/0.000 secs] [Times: user=0.00 sys=0.00, real=0.00 secs] 
2024-03-31T19:35:18.474+0800: 170.499: [GC (CMS Initial Mark) [1 CMS-initial-mark: 63K(64K)] 113623K(118016K), 0.1145841 secs] [Times: user=0.11 sys=0.00, real=0.11 secs] 
2024-03-31T19:35:18.590+0800: 170.614: [CMS-concurrent-mark-start]
2024-03-31T19:35:18.590+0800: 170.615: [CMS-concurrent-mark: 0.000/0.000 secs] [Times: user=0.00 sys=0.00, real=0.00 secs] 
2024-03-31T19:35:18.591+0800: 170.615: [CMS-concurrent-preclean-start]
2024-03-31T19:35:18.593+0800: 170.617: [CMS-concurrent-preclean: 0.001/0.001 secs] [Times: user=0.00 sys=0.00, real=0.00 secs] 
2024-03-31T19:35:18.593+0800: 170.618: [CMS-concurrent-abortable-preclean-start]
2024-03-31T19:35:18.594+0800: 170.618: [CMS-concurrent-abortable-preclean: 0.000/0.000 secs] [Times: user=0.00 sys=0.00, real=0.00 secs] 
2024-03-31T19:35:18.595+0800: 170.619: [GC (CMS Final Remark) [YG occupancy: 113573 K (117952 K)]2024-03-31T19:35:18.595+0800: 170.619: [Rescan (non-parallel) 2024-03-31T19:35:18.595+0800: 170.620: [grey object rescan, 0.0000975 secs]2024-03-31T19:35:18.595+0800: 170.620: [root rescan, 0.0688703 secs]2024-03-31T19:35:18.665+0800: 170.689: [visit unhandled CLDs, 0.0001572 secs]2024-03-31T19:35:18.665+0800: 170.689: [dirty klass scan, 0.0014351 secs], 0.0712092 secs]2024-03-31T19:35:18.666+0800: 170.691: [weak refs processing, 0.0001473 secs]2024-03-31T19:35:18.667+0800: 170.691: [class unloading, 0.0106563 secs]2024-03-31T19:35:18.678+0800: 170.702: [scrub symbol table, 0.0100263 secs]2024-03-31T19:35:18.688+0800: 170.712: [scrub string table, 0.0004969 secs][1 CMS-remark: 63K(64K)] 113637K(118016K), 0.0953522 secs] [Times: user=0.09 sys=0.00, real=0.09 secs] 
2024-03-31T19:35:18.691+0800: 170.715: [CMS-concurrent-sweep-start]
2024-03-31T19:35:18.691+0800: 170.716: [CMS-concurrent-sweep: 0.000/0.000 secs] [Times: user=0.00 sys=0.00, real=0.00 secs] 
2024-03-31T19:35:18.692+0800: 170.716: [CMS-concurrent-reset-start]
2024-03-31T19:35:18.692+0800: 170.717: [CMS-concurrent-reset: 0.000/0.000 secs] [Times: user=0.00 sys=0.00, real=0.00 secs] 
2024-03-31T19:35:20.701+0800: 172.725: [GC (CMS Initial Mark) [1 CMS-initial-mark: 63K(64K)] 113881K(118016K), 0.1092770 secs] [Times: user=0.11 sys=0.00, real=0.11 secs] 
2024-03-31T19:35:20.811+0800: 172.835: [CMS-concurrent-mark-start]
2024-03-31T19:35:20.811+0800: 172.836: [CMS-concurrent-mark: 0.000/0.000 secs] [Times: user=0.00 sys=0.00, real=0.00 secs] 
2024-03-31T19:35:20.812+0800: 172.836: [CMS-concurrent-preclean-start]
2024-03-31T19:35:20.814+0800: 172.838: [CMS-concurrent-preclean: 0.001/0.001 secs] [Times: user=0.00 sys=0.00, real=0.01 secs] 
2024-03-31T19:35:20.814+0800: 172.838: [CMS-concurrent-abortable-preclean-start]
2024-03-31T19:35:20.814+0800: 172.838: [CMS-concurrent-abortable-preclean: 0.000/0.000 secs] [Times: user=0.00 sys=0.00, real=0.00 secs] 
2024-03-31T19:35:20.816+0800: 172.840: [GC (CMS Final Remark) [YG occupancy: 113819 K (117952 K)]2024-03-31T19:35:20.816+0800: 172.840: [Rescan (non-parallel) 2024-03-31T19:35:20.816+0800: 172.840: [grey object rescan, 0.0001067 secs]2024-03-31T19:35:20.816+0800: 172.840: [root rescan, 0.0687935 secs]2024-03-31T19:35:20.885+0800: 172.909: [visit unhandled CLDs, 0.0001589 secs]2024-03-31T19:35:20.885+0800: 172.910: [dirty klass scan, 0.0013964 secs], 0.0711027 secs]2024-03-31T19:35:20.887+0800: 172.911: [weak refs processing, 0.0001486 secs]2024-03-31T19:35:20.887+0800: 172.911: [class unloading, 0.0090456 secs]2024-03-31T19:35:20.896+0800: 172.921: [scrub symbol table, 0.0096068 secs]2024-03-31T19:35:20.906+0800: 172.930: [scrub string table, 0.0004859 secs][1 CMS-remark: 63K(64K)] 113882K(118016K), 0.0930078 secs] [Times: user=0.10 sys=0.00, real=0.09 secs] 
2024-03-31T19:35:20.909+0800: 172.934: [CMS-concurrent-sweep-start]
2024-03-31T19:35:20.910+0800: 172.934: [CMS-concurrent-sweep: 0.000/0.000 secs] [Times: user=0.00 sys=0.00, real=0.00 secs] 
2024-03-31T19:35:20.912+0800: 172.937: [CMS-concurrent-reset-start]
2024-03-31T19:35:20.914+0800: 172.938: [CMS-concurrent-reset: 0.000/0.000 secs] [Times: user=0.00 sys=0.00, real=0.01 secs] 
2024-03-31T19:35:22.919+0800: 174.943: [GC (CMS Initial Mark) [1 CMS-initial-mark: 63K(64K)] 114104K(118016K), 0.0921860 secs] [Times: user=0.10 sys=0.00, real=0.09 secs] 
2024-03-31T19:35:23.012+0800: 175.037: [CMS-concurrent-mark-start]
2024-03-31T19:35:23.013+0800: 175.038: [CMS-concurrent-mark: 0.000/0.000 secs] [Times: user=0.00 sys=0.00, real=0.01 secs] 
2024-03-31T19:35:23.015+0800: 175.039: [CMS-concurrent-preclean-start]
2024-03-31T19:35:23.017+0800: 175.042: [CMS-concurrent-preclean: 0.001/0.001 secs] [Times: user=0.00 sys=0.00, real=0.00 secs] 
2024-03-31T19:35:23.018+0800: 175.043: [CMS-concurrent-abortable-preclean-start]
2024-03-31T19:35:23.020+0800: 175.044: [CMS-concurrent-abortable-preclean: 0.000/0.000 secs] [Times: user=0.00 sys=0.00, real=0.00 secs] 
2024-03-31T19:35:23.025+0800: 175.049: [GC (CMS Final Remark) [YG occupancy: 114044 K (117952 K)]2024-03-31T19:35:23.025+0800: 175.049: [Rescan (non-parallel) 2024-03-31T19:35:23.025+0800: 175.049: [grey object rescan, 0.0001035 secs]2024-03-31T19:35:23.025+0800: 175.049: [root rescan, 0.0682982 secs]2024-03-31T19:35:23.094+0800: 175.118: [visit unhandled CLDs, 0.0001581 secs]2024-03-31T19:35:23.094+0800: 175.118: [dirty klass scan, 0.0014147 secs], 0.0706134 secs]2024-03-31T19:35:23.095+0800: 175.120: [weak refs processing, 0.0001340 secs]2024-03-31T19:35:23.096+0800: 175.120: [class unloading, 0.0094191 secs]2024-03-31T19:35:23.105+0800: 175.130: [scrub symbol table, 0.0097437 secs]2024-03-31T19:35:23.115+0800: 175.139: [scrub string table, 0.0004855 secs][1 CMS-remark: 63K(64K)] 114108K(118016K), 0.0930265 secs] [Times: user=0.09 sys=0.00, real=0.09 secs] 
2024-03-31T19:35:23.119+0800: 175.143: [CMS-concurrent-sweep-start]
2024-03-31T19:35:23.120+0800: 175.145: [CMS-concurrent-sweep: 0.000/0.000 secs] [Times: user=0.00 sys=0.00, real=0.00 secs] 
2024-03-31T19:35:23.123+0800: 175.148: [CMS-concurrent-reset-start]
2024-03-31T19:35:23.124+0800: 175.148: [CMS-concurrent-reset: 0.000/0.000 secs] [Times: user=0.00 sys=0.00, real=0.01 secs] 
2024-03-31T19:35:25.127+0800: 177.152: [GC (CMS Initial Mark) [1 CMS-initial-mark: 63K(64K)] 114259K(118016K), 0.0929196 secs] [Times: user=0.10 sys=0.00, real=0.09 secs] 
2024-03-31T19:35:25.221+0800: 177.246: [CMS-concurrent-mark-start]
2024-03-31T19:35:25.223+0800: 177.247: [CMS-concurrent-mark: 0.000/0.000 secs] [Times: user=0.00 sys=0.00, real=0.00 secs] 
2024-03-31T19:35:25.224+0800: 177.249: [CMS-concurrent-preclean-start]
2024-03-31T19:35:25.227+0800: 177.251: [CMS-concurrent-preclean: 0.001/0.001 secs] [Times: user=0.00 sys=0.00, real=0.01 secs] 
2024-03-31T19:35:25.228+0800: 177.252: [CMS-concurrent-abortable-preclean-start]
2024-03-31T19:35:25.229+0800: 177.253: [CMS-concurrent-abortable-preclean: 0.000/0.000 secs] [Times: user=0.01 sys=0.00, real=0.00 secs] 
2024-03-31T19:35:25.232+0800: 177.257: [GC (CMS Final Remark) [YG occupancy: 114197 K (117952 K)]2024-03-31T19:35:25.232+0800: 177.257: [Rescan (non-parallel) 2024-03-31T19:35:25.232+0800: 177.257: [grey object rescan, 0.0000957 secs]2024-03-31T19:35:25.233+0800: 177.257: [root rescan, 0.0694029 secs]2024-03-31T19:35:25.302+0800: 177.327: [visit unhandled CLDs, 0.0001655 secs]2024-03-31T19:35:25.303+0800: 177.327: [dirty klass scan, 0.0013458 secs], 0.0716213 secs]2024-03-31T19:35:25.304+0800: 177.328: [weak refs processing, 0.0001644 secs]2024-03-31T19:35:25.304+0800: 177.329: [class unloading, 0.0093280 secs]2024-03-31T19:35:25.314+0800: 177.338: [scrub symbol table, 0.0095642 secs]2024-03-31T19:35:25.324+0800: 177.348: [scrub string table, 0.0004770 secs][1 CMS-remark: 63K(64K)] 114261K(118016K), 0.0938021 secs] [Times: user=0.09 sys=0.00, real=0.10 secs] 
2024-03-31T19:35:25.327+0800: 177.351: [CMS-concurrent-sweep-start]
2024-03-31T19:35:25.327+0800: 177.352: [CMS-concurrent-sweep: 0.000/0.000 secs] [Times: user=0.00 sys=0.00, real=0.00 secs] 
2024-03-31T19:35:25.329+0800: 177.353: [CMS-concurrent-reset-start]
2024-03-31T19:35:25.329+0800: 177.353: [CMS-concurrent-reset: 0.000/0.000 secs] [Times: user=0.00 sys=0.00, real=0.00 secs] 
2024-03-31T19:35:27.341+0800: 179.366: [GC (CMS Initial Mark) [1 CMS-initial-mark: 63K(64K)] 114374K(118016K), 0.1186224 secs] [Times: user=0.12 sys=0.00, real=0.12 secs] 
2024-03-31T19:35:27.460+0800: 179.485: [CMS-concurrent-mark-start]
2024-03-31T19:35:27.461+0800: 179.485: [CMS-concurrent-mark: 0.000/0.000 secs] [Times: user=0.00 sys=0.00, real=0.00 secs] 
2024-03-31T19:35:27.462+0800: 179.486: [CMS-concurrent-preclean-start]
2024-03-31T19:35:27.464+0800: 179.488: [CMS-concurrent-preclean: 0.001/0.001 secs] [Times: user=0.00 sys=0.00, real=0.01 secs] 
2024-03-31T19:35:27.465+0800: 179.489: [CMS-concurrent-abortable-preclean-start]
2024-03-31T19:35:27.466+0800: 179.490: [CMS-concurrent-abortable-preclean: 0.000/0.000 secs] [Times: user=0.00 sys=0.00, real=0.00 secs] 
2024-03-31T19:35:27.468+0800: 179.492: [GC (CMS Final Remark) [YG occupancy: 114312 K (117952 K)]2024-03-31T19:35:27.468+0800: 179.492: [Rescan (non-parallel) 2024-03-31T19:35:27.468+0800: 179.492: [grey object rescan, 0.0001084 secs]2024-03-31T19:35:27.468+0800: 179.492: [root rescan, 0.0704453 secs]2024-03-31T19:35:27.539+0800: 179.563: [visit unhandled CLDs, 0.0001520 secs]2024-03-31T19:35:27.539+0800: 179.563: [dirty klass scan, 0.0014269 secs], 0.0727523 secs]2024-03-31T19:35:27.541+0800: 179.565: [weak refs processing, 0.0001374 secs]2024-03-31T19:35:27.541+0800: 179.565: [class unloading, 0.0093880 secs]2024-03-31T19:35:27.551+0800: 179.575: [scrub symbol table, 0.0106839 secs]2024-03-31T19:35:27.561+0800: 179.586: [scrub string table, 0.0005532 secs][1 CMS-remark: 63K(64K)] 114376K(118016K), 0.0964013 secs] [Times: user=0.09 sys=0.00, real=0.10 secs] 
2024-03-31T19:35:27.565+0800: 179.589: [CMS-concurrent-sweep-start]
2024-03-31T19:35:27.565+0800: 179.589: [CMS-concurrent-sweep: 0.000/0.000 secs] [Times: user=0.00 sys=0.00, real=0.00 secs] 
2024-03-31T19:35:27.566+0800: 179.591: [CMS-concurrent-reset-start]
2024-03-31T19:35:27.567+0800: 179.591: [CMS-concurrent-reset: 0.000/0.000 secs] [Times: user=0.00 sys=0.00, real=0.00 secs] 
2024-03-31T19:35:29.572+0800: 181.596: [GC (CMS Initial Mark) [1 CMS-initial-mark: 63K(64K)] 114563K(118016K), 0.1043785 secs] [Times: user=0.10 sys=0.00, real=0.11 secs] 
2024-03-31T19:35:29.677+0800: 181.701: [CMS-concurrent-mark-start]
2024-03-31T19:35:29.678+0800: 181.701: [CMS-concurrent-mark: 0.000/0.000 secs] [Times: user=0.00 sys=0.00, real=0.00 secs] 
2024-03-31T19:35:29.678+0800: 181.702: [CMS-concurrent-preclean-start]
2024-03-31T19:35:29.680+0800: 181.704: [CMS-concurrent-preclean: 0.001/0.001 secs] [Times: user=0.01 sys=0.00, real=0.00 secs] 
2024-03-31T19:35:29.681+0800: 181.704: [CMS-concurrent-abortable-preclean-start]
2024-03-31T19:35:29.681+0800: 181.705: [CMS-concurrent-abortable-preclean: 0.000/0.000 secs] [Times: user=0.00 sys=0.00, real=0.00 secs] 
2024-03-31T19:35:29.682+0800: 181.705: [GC (CMS Final Remark) [YG occupancy: 114500 K (117952 K)]2024-03-31T19:35:29.682+0800: 181.706: [Rescan (non-parallel) 2024-03-31T19:35:29.682+0800: 181.706: [grey object rescan, 0.0000973 secs]2024-03-31T19:35:29.682+0800: 181.706: [root rescan, 0.0709573 secs]2024-03-31T19:35:29.754+0800: 181.777: [visit unhandled CLDs, 0.0001714 secs]2024-03-31T19:35:29.754+0800: 181.777: [dirty klass scan, 0.0013631 secs], 0.0732663 secs]2024-03-31T19:35:29.755+0800: 181.779: [weak refs processing, 0.0001339 secs]2024-03-31T19:35:29.756+0800: 181.779: [class unloading, 0.0089910 secs]2024-03-31T19:35:29.765+0800: 181.788: [scrub symbol table, 0.0095409 secs]2024-03-31T19:35:29.774+0800: 181.798: [scrub string table, 0.0004853 secs][1 CMS-remark: 63K(64K)] 114564K(118016K), 0.0951237 secs] [Times: user=0.09 sys=0.00, real=0.10 secs] 
2024-03-31T19:35:29.778+0800: 181.801: [CMS-concurrent-sweep-start]
2024-03-31T19:35:29.778+0800: 181.801: [CMS-concurrent-sweep: 0.000/0.000 secs] [Times: user=0.00 sys=0.00, real=0.00 secs] 
2024-03-31T19:35:29.778+0800: 181.802: [CMS-concurrent-reset-start]
2024-03-31T19:35:29.778+0800: 181.802: [CMS-concurrent-reset: 0.000/0.000 secs] [Times: user=0.00 sys=0.00, real=0.00 secs] 
2024-03-31T19:35:31.783+0800: 183.807: [GC (CMS Initial Mark) [1 CMS-initial-mark: 63K(64K)] 114764K(118016K), 0.0902620 secs] [Times: user=0.09 sys=0.00, real=0.09 secs] 
2024-03-31T19:35:31.874+0800: 183.898: [CMS-concurrent-mark-start]
2024-03-31T19:35:31.875+0800: 183.899: [CMS-concurrent-mark: 0.000/0.000 secs] [Times: user=0.01 sys=0.00, real=0.00 secs] 
2024-03-31T19:35:31.876+0800: 183.899: [CMS-concurrent-preclean-start]
2024-03-31T19:35:31.877+0800: 183.901: [CMS-concurrent-preclean: 0.001/0.001 secs] [Times: user=0.00 sys=0.00, real=0.00 secs] 
2024-03-31T19:35:31.878+0800: 183.901: [CMS-concurrent-abortable-preclean-start]
2024-03-31T19:35:31.878+0800: 183.902: [CMS-concurrent-abortable-preclean: 0.000/0.000 secs] [Times: user=0.00 sys=0.00, real=0.00 secs] 
2024-03-31T19:35:31.879+0800: 183.903: [GC (CMS Final Remark) [YG occupancy: 114705 K (117952 K)]2024-03-31T19:35:31.879+0800: 183.903: [Rescan (non-parallel) 2024-03-31T19:35:31.879+0800: 183.903: [grey object rescan, 0.0001062 secs]2024-03-31T19:35:31.880+0800: 183.903: [root rescan, 0.0703865 secs]2024-03-31T19:35:31.950+0800: 183.974: [visit unhandled CLDs, 0.0001480 secs]2024-03-31T19:35:31.950+0800: 183.974: [dirty klass scan, 0.0013660 secs], 0.0726984 secs]2024-03-31T19:35:31.952+0800: 183.976: [weak refs processing, 0.0001938 secs]2024-03-31T19:35:31.952+0800: 183.976: [class unloading, 0.0098320 secs]2024-03-31T19:35:31.962+0800: 183.986: [scrub symbol table, 0.0100279 secs]2024-03-31T19:35:31.973+0800: 183.996: [scrub string table, 0.0004981 secs][1 CMS-remark: 63K(64K)] 114769K(118016K), 0.0961593 secs] [Times: user=0.09 sys=0.00, real=0.10 secs] 
2024-03-31T19:35:31.976+0800: 184.000: [CMS-concurrent-sweep-start]
2024-03-31T19:35:31.976+0800: 184.000: [CMS-concurrent-sweep: 0.000/0.000 secs] [Times: user=0.00 sys=0.00, real=0.00 secs] 
2024-03-31T19:35:31.977+0800: 184.000: [CMS-concurrent-reset-start]
2024-03-31T19:35:31.977+0800: 184.000: [CMS-concurrent-reset: 0.000/0.000 secs] [Times: user=0.00 sys=0.00, real=0.00 secs] 
2024-03-31T19:35:33.984+0800: 186.007: [GC (CMS Initial Mark) [1 CMS-initial-mark: 63K(64K)] 115083K(118016K), 0.0982305 secs] [Times: user=0.10 sys=0.00, real=0.10 secs] 
2024-03-31T19:35:34.083+0800: 186.106: [CMS-concurrent-mark-start]
2024-03-31T19:35:34.084+0800: 186.107: [CMS-concurrent-mark: 0.000/0.000 secs] [Times: user=0.00 sys=0.00, real=0.00 secs] 
2024-03-31T19:35:34.084+0800: 186.108: [CMS-concurrent-preclean-start]
2024-03-31T19:35:34.086+0800: 186.110: [CMS-concurrent-preclean: 0.001/0.001 secs] [Times: user=0.00 sys=0.00, real=0.00 secs] 
2024-03-31T19:35:34.087+0800: 186.110: [CMS-concurrent-abortable-preclean-start]
2024-03-31T19:35:34.087+0800: 186.110: [CMS-concurrent-abortable-preclean: 0.000/0.000 secs] [Times: user=0.01 sys=0.00, real=0.00 secs] 
2024-03-31T19:35:34.088+0800: 186.111: [GC (CMS Final Remark) [YG occupancy: 115025 K (117952 K)]2024-03-31T19:35:34.088+0800: 186.111: [Rescan (non-parallel) 2024-03-31T19:35:34.088+0800: 186.111: [grey object rescan, 0.0001028 secs]2024-03-31T19:35:34.088+0800: 186.112: [root rescan, 0.0723559 secs]2024-03-31T19:35:34.161+0800: 186.184: [visit unhandled CLDs, 0.0002874 secs]2024-03-31T19:35:34.161+0800: 186.185: [dirty klass scan, 0.0016309 secs], 0.0751148 secs]2024-03-31T19:35:34.163+0800: 186.187: [weak refs processing, 0.0001559 secs]2024-03-31T19:35:34.163+0800: 186.187: [class unloading, 0.0097155 secs]2024-03-31T19:35:34.173+0800: 186.197: [scrub symbol table, 0.0119441 secs]2024-03-31T19:35:34.185+0800: 186.209: [scrub string table, 0.0005719 secs][1 CMS-remark: 63K(64K)] 115089K(118016K), 0.1007598 secs] [Times: user=0.09 sys=0.00, real=0.10 secs] 
2024-03-31T19:35:34.189+0800: 186.213: [CMS-concurrent-sweep-start]
2024-03-31T19:35:34.190+0800: 186.213: [CMS-concurrent-sweep: 0.000/0.000 secs] [Times: user=0.01 sys=0.00, real=0.00 secs] 
2024-03-31T19:35:34.191+0800: 186.214: [CMS-concurrent-reset-start]
2024-03-31T19:35:34.191+0800: 186.214: [CMS-concurrent-reset: 0.000/0.000 secs] [Times: user=0.00 sys=0.00, real=0.00 secs] 
2024-03-31T19:35:36.194+0800: 188.217: [GC (CMS Initial Mark) [1 CMS-initial-mark: 63K(64K)] 115243K(118016K), 0.0888542 secs] [Times: user=0.09 sys=0.00, real=0.09 secs] 
2024-03-31T19:35:36.283+0800: 188.307: [CMS-concurrent-mark-start]
2024-03-31T19:35:36.284+0800: 188.308: [CMS-concurrent-mark: 0.000/0.000 secs] [Times: user=0.00 sys=0.00, real=0.01 secs] 
2024-03-31T19:35:36.285+0800: 188.309: [CMS-concurrent-preclean-start]
2024-03-31T19:35:36.287+0800: 188.310: [CMS-concurrent-preclean: 0.001/0.001 secs] [Times: user=0.00 sys=0.00, real=0.00 secs] 
2024-03-31T19:35:36.287+0800: 188.311: [CMS-concurrent-abortable-preclean-start]
2024-03-31T19:35:36.287+0800: 188.311: [CMS-concurrent-abortable-preclean: 0.000/0.000 secs] [Times: user=0.00 sys=0.00, real=0.00 secs] 
2024-03-31T19:35:36.288+0800: 188.311: [GC (CMS Final Remark) [YG occupancy: 115180 K (117952 K)]2024-03-31T19:35:36.288+0800: 188.312: [Rescan (non-parallel) 2024-03-31T19:35:36.288+0800: 188.312: [grey object rescan, 0.0001352 secs]2024-03-31T19:35:36.288+0800: 188.312: [root rescan, 0.0724677 secs]2024-03-31T19:35:36.361+0800: 188.385: [visit unhandled CLDs, 0.0001634 secs]2024-03-31T19:35:36.361+0800: 188.385: [dirty klass scan, 0.0015563 secs], 0.0751763 secs]2024-03-31T19:35:36.363+0800: 188.387: [weak refs processing, 0.0001528 secs]2024-03-31T19:35:36.363+0800: 188.387: [class unloading, 0.0094573 secs]2024-03-31T19:35:36.373+0800: 188.397: [scrub symbol table, 0.0100288 secs]2024-03-31T19:35:36.383+0800: 188.407: [scrub string table, 0.0005597 secs][1 CMS-remark: 63K(64K)] 115244K(118016K), 0.0983398 secs] [Times: user=0.10 sys=0.00, real=0.10 secs] 
2024-03-31T19:35:36.387+0800: 188.410: [CMS-concurrent-sweep-start]
2024-03-31T19:35:36.387+0800: 188.411: [CMS-concurrent-sweep: 0.000/0.000 secs] [Times: user=0.00 sys=0.00, real=0.00 secs] 
2024-03-31T19:35:36.389+0800: 188.413: [CMS-concurrent-reset-start]
2024-03-31T19:35:36.390+0800: 188.414: [CMS-concurrent-reset: 0.000/0.000 secs] [Times: user=0.00 sys=0.00, real=0.00 secs] 
2024-03-31T19:35:38.393+0800: 190.417: [GC (CMS Initial Mark) [1 CMS-initial-mark: 63K(64K)] 115444K(118016K), 0.0954825 secs] [Times: user=0.09 sys=0.00, real=0.10 secs] 
2024-03-31T19:35:38.489+0800: 190.513: [CMS-concurrent-mark-start]
2024-03-31T19:35:38.490+0800: 190.514: [CMS-concurrent-mark: 0.000/0.000 secs] [Times: user=0.00 sys=0.00, real=0.00 secs] 
2024-03-31T19:35:38.492+0800: 190.516: [CMS-concurrent-preclean-start]
2024-03-31T19:35:38.494+0800: 190.518: [CMS-concurrent-preclean: 0.001/0.001 secs] [Times: user=0.01 sys=0.00, real=0.01 secs] 
2024-03-31T19:35:38.496+0800: 190.519: [CMS-concurrent-abortable-preclean-start]
2024-03-31T19:35:38.496+0800: 190.520: [CMS-concurrent-abortable-preclean: 0.000/0.000 secs] [Times: user=0.00 sys=0.00, real=0.00 secs] 
2024-03-31T19:35:38.501+0800: 190.524: [GC (CMS Final Remark) [YG occupancy: 115382 K (117952 K)]2024-03-31T19:35:38.501+0800: 190.524: [Rescan (non-parallel) 2024-03-31T19:35:38.501+0800: 190.524: [grey object rescan, 0.0001783 secs]2024-03-31T19:35:38.501+0800: 190.525: [root rescan, 0.0717644 secs]2024-03-31T19:35:38.573+0800: 190.597: [visit unhandled CLDs, 0.0001660 secs]2024-03-31T19:35:38.573+0800: 190.597: [dirty klass scan, 0.0015051 secs], 0.0744461 secs]2024-03-31T19:35:38.575+0800: 190.599: [weak refs processing, 0.0002058 secs]2024-03-31T19:35:38.576+0800: 190.599: [class unloading, 0.0097946 secs]2024-03-31T19:35:38.586+0800: 190.609: [scrub symbol table, 0.0100125 secs]2024-03-31T19:35:38.596+0800: 190.619: [scrub string table, 0.0004950 secs][1 CMS-remark: 63K(64K)] 115446K(118016K), 0.0978204 secs] [Times: user=0.09 sys=0.00, real=0.10 secs] 
2024-03-31T19:35:38.599+0800: 190.623: [CMS-concurrent-sweep-start]
2024-03-31T19:35:38.600+0800: 190.623: [CMS-concurrent-sweep: 0.000/0.000 secs] [Times: user=0.00 sys=0.00, real=0.00 secs] 
2024-03-31T19:35:38.603+0800: 190.626: [CMS-concurrent-reset-start]
2024-03-31T19:35:38.605+0800: 190.628: [CMS-concurrent-reset: 0.000/0.000 secs] [Times: user=0.01 sys=0.00, real=0.01 secs] 
2024-03-31T19:35:40.608+0800: 192.631: [GC (CMS Initial Mark) [1 CMS-initial-mark: 63K(64K)] 115597K(118016K), 0.0904864 secs] [Times: user=0.09 sys=0.00, real=0.09 secs] 
2024-03-31T19:35:40.699+0800: 192.723: [CMS-concurrent-mark-start]
2024-03-31T19:35:40.701+0800: 192.725: [CMS-concurrent-mark: 0.000/0.000 secs] [Times: user=0.00 sys=0.00, real=0.00 secs] 
2024-03-31T19:35:40.703+0800: 192.726: [CMS-concurrent-preclean-start]
2024-03-31T19:35:40.705+0800: 192.729: [CMS-concurrent-preclean: 0.001/0.001 secs] [Times: user=0.00 sys=0.00, real=0.01 secs] 
2024-03-31T19:35:40.707+0800: 192.731: [CMS-concurrent-abortable-preclean-start]
2024-03-31T19:35:40.709+0800: 192.732: [CMS-concurrent-abortable-preclean: 0.000/0.000 secs] [Times: user=0.01 sys=0.01, real=0.00 secs] 
2024-03-31T19:35:40.711+0800: 192.735: [GC (CMS Final Remark) [YG occupancy: 115535 K (117952 K)]2024-03-31T19:35:40.712+0800: 192.735: [Rescan (non-parallel) 2024-03-31T19:35:40.712+0800: 192.735: [grey object rescan, 0.0001798 secs]2024-03-31T19:35:40.712+0800: 192.736: [root rescan, 0.0733615 secs]2024-03-31T19:35:40.786+0800: 192.809: [visit unhandled CLDs, 0.0002749 secs]2024-03-31T19:35:40.786+0800: 192.810: [dirty klass scan, 0.0015995 secs], 0.0761999 secs]2024-03-31T19:35:40.788+0800: 192.812: [weak refs processing, 0.0001453 secs]2024-03-31T19:35:40.788+0800: 192.812: [class unloading, 0.0099687 secs]2024-03-31T19:35:40.798+0800: 192.822: [scrub symbol table, 0.0096890 secs]2024-03-31T19:35:40.808+0800: 192.832: [scrub string table, 0.0005635 secs][1 CMS-remark: 63K(64K)] 115599K(118016K), 0.0993311 secs] [Times: user=0.09 sys=0.00, real=0.10 secs] 
2024-03-31T19:35:40.812+0800: 192.835: [CMS-concurrent-sweep-start]
2024-03-31T19:35:40.812+0800: 192.836: [CMS-concurrent-sweep: 0.000/0.000 secs] [Times: user=0.00 sys=0.00, real=0.00 secs] 
2024-03-31T19:35:40.814+0800: 192.837: [CMS-concurrent-reset-start]
2024-03-31T19:35:40.814+0800: 192.838: [CMS-concurrent-reset: 0.000/0.000 secs] [Times: user=0.00 sys=0.00, real=0.01 secs] 
2024-03-31T19:35:42.820+0800: 194.844: [GC (CMS Initial Mark) [1 CMS-initial-mark: 63K(64K)] 117064K(118016K), 0.1046529 secs] [Times: user=0.11 sys=0.00, real=0.11 secs] 
2024-03-31T19:35:42.926+0800: 194.949: [CMS-concurrent-mark-start]
2024-03-31T19:35:42.926+0800: 194.950: [CMS-concurrent-mark: 0.000/0.000 secs] [Times: user=0.00 sys=0.00, real=0.00 secs] 
2024-03-31T19:35:42.927+0800: 194.951: [CMS-concurrent-preclean-start]
2024-03-31T19:35:42.929+0800: 194.953: [CMS-concurrent-preclean: 0.001/0.001 secs] [Times: user=0.00 sys=0.00, real=0.00 secs] 
2024-03-31T19:35:42.930+0800: 194.953: [CMS-concurrent-abortable-preclean-start]
2024-03-31T19:35:42.930+0800: 194.954: [CMS-concurrent-abortable-preclean: 0.000/0.000 secs] [Times: user=0.00 sys=0.00, real=0.00 secs] 
2024-03-31T19:35:42.931+0800: 194.955: [GC (CMS Final Remark) [YG occupancy: 117003 K (117952 K)]2024-03-31T19:35:42.931+0800: 194.955: [Rescan (non-parallel) 2024-03-31T19:35:42.931+0800: 194.955: [grey object rescan, 0.0000823 secs]2024-03-31T19:35:42.931+0800: 194.955: [root rescan, 0.0721374 secs]2024-03-31T19:35:43.004+0800: 195.028: [visit unhandled CLDs, 0.0001541 secs]2024-03-31T19:35:43.004+0800: 195.028: [dirty klass scan, 0.0014590 secs], 0.0744860 secs]2024-03-31T19:35:43.006+0800: 195.030: [weak refs processing, 0.0001666 secs]2024-03-31T19:35:43.006+0800: 195.030: [class unloading, 0.0100782 secs]2024-03-31T19:35:43.016+0800: 195.040: [scrub symbol table, 0.0101087 secs]2024-03-31T19:35:43.027+0800: 195.050: [scrub string table, 0.0004763 secs][1 CMS-remark: 63K(64K)] 117067K(118016K), 0.0981392 secs] [Times: user=0.10 sys=0.00, real=0.10 secs] 
2024-03-31T19:35:43.030+0800: 195.054: [CMS-concurrent-sweep-start]
2024-03-31T19:35:43.031+0800: 195.055: [CMS-concurrent-sweep: 0.000/0.000 secs] [Times: user=0.00 sys=0.00, real=0.00 secs] 
2024-03-31T19:35:43.032+0800: 195.056: [CMS-concurrent-reset-start]
2024-03-31T19:35:43.033+0800: 195.057: [CMS-concurrent-reset: 0.000/0.000 secs] [Times: user=0.00 sys=0.00, real=0.00 secs] 
2024-03-31T19:35:45.038+0800: 197.062: [GC (CMS Initial Mark) [1 CMS-initial-mark: 63K(64K)] 117280K(118016K), 0.1095883 secs] [Times: user=0.10 sys=0.00, real=0.11 secs] 
2024-03-31T19:35:45.149+0800: 197.172: [CMS-concurrent-mark-start]
2024-03-31T19:35:45.149+0800: 197.173: [CMS-concurrent-mark: 0.000/0.000 secs] [Times: user=0.00 sys=0.00, real=0.00 secs] 
2024-03-31T19:35:45.150+0800: 197.174: [CMS-concurrent-preclean-start]
2024-03-31T19:35:45.152+0800: 197.176: [CMS-concurrent-preclean: 0.001/0.001 secs] [Times: user=0.00 sys=0.00, real=0.00 secs] 
2024-03-31T19:35:45.152+0800: 197.176: [CMS-concurrent-abortable-preclean-start]
2024-03-31T19:35:45.153+0800: 197.176: [CMS-concurrent-abortable-preclean: 0.000/0.000 secs] [Times: user=0.00 sys=0.00, real=0.00 secs] 
2024-03-31T19:35:45.153+0800: 197.177: [GC (CMS Final Remark) [YG occupancy: 117219 K (117952 K)]2024-03-31T19:35:45.154+0800: 197.177: [Rescan (non-parallel) 2024-03-31T19:35:45.154+0800: 197.177: [grey object rescan, 0.0000990 secs]2024-03-31T19:35:45.154+0800: 197.177: [root rescan, 0.0723973 secs]2024-03-31T19:35:45.226+0800: 197.250: [visit unhandled CLDs, 0.0001763 secs]2024-03-31T19:35:45.227+0800: 197.251: [dirty klass scan, 0.0016452 secs], 0.0753561 secs]2024-03-31T19:35:45.229+0800: 197.253: [weak refs processing, 0.0002425 secs]2024-03-31T19:35:45.229+0800: 197.253: [class unloading, 0.0103484 secs]2024-03-31T19:35:45.240+0800: 197.264: [scrub symbol table, 0.0098778 secs]2024-03-31T19:35:45.250+0800: 197.274: [scrub string table, 0.0006138 secs][1 CMS-remark: 63K(64K)] 117283K(118016K), 0.0993621 secs] [Times: user=0.10 sys=0.00, real=0.10 secs] 
2024-03-31T19:35:45.254+0800: 197.277: [CMS-concurrent-sweep-start]
2024-03-31T19:35:45.254+0800: 197.278: [CMS-concurrent-sweep: 0.000/0.000 secs] [Times: user=0.00 sys=0.00, real=0.01 secs] 
2024-03-31T19:35:45.255+0800: 197.278: [CMS-concurrent-reset-start]
2024-03-31T19:35:45.255+0800: 197.279: [CMS-concurrent-reset: 0.000/0.000 secs] [Times: user=0.00 sys=0.00, real=0.00 secs] 
2024-03-31T19:35:47.268+0800: 199.292: [GC (CMS Initial Mark) [1 CMS-initial-mark: 63K(64K)] 117399K(118016K), 0.1063432 secs] [Times: user=0.11 sys=0.00, real=0.11 secs] 
2024-03-31T19:35:47.375+0800: 199.399: [CMS-concurrent-mark-start]
2024-03-31T19:35:47.376+0800: 199.400: [CMS-concurrent-mark: 0.000/0.000 secs] [Times: user=0.00 sys=0.00, real=0.00 secs] 
2024-03-31T19:35:47.377+0800: 199.400: [CMS-concurrent-preclean-start]
2024-03-31T19:35:47.378+0800: 199.402: [CMS-concurrent-preclean: 0.001/0.001 secs] [Times: user=0.00 sys=0.00, real=0.00 secs] 
2024-03-31T19:35:47.378+0800: 199.402: [CMS-concurrent-abortable-preclean-start]
2024-03-31T19:35:47.378+0800: 199.402: [CMS-concurrent-abortable-preclean: 0.000/0.000 secs] [Times: user=0.00 sys=0.00, real=0.00 secs] 
2024-03-31T19:35:47.379+0800: 199.403: [GC (CMS Final Remark) [YG occupancy: 117336 K (117952 K)]2024-03-31T19:35:47.379+0800: 199.403: [Rescan (non-parallel) 2024-03-31T19:35:47.379+0800: 199.403: [grey object rescan, 0.0000963 secs]2024-03-31T19:35:47.379+0800: 199.403: [root rescan, 0.0716645 secs]2024-03-31T19:35:47.451+0800: 199.475: [visit unhandled CLDs, 0.0001792 secs]2024-03-31T19:35:47.452+0800: 199.475: [dirty klass scan, 0.0014593 secs], 0.0741238 secs]2024-03-31T19:35:47.453+0800: 199.477: [weak refs processing, 0.0001510 secs]2024-03-31T19:35:47.454+0800: 199.477: [class unloading, 0.0093817 secs]2024-03-31T19:35:47.463+0800: 199.487: [scrub symbol table, 0.0097973 secs]2024-03-31T19:35:47.473+0800: 199.497: [scrub string table, 0.0004778 secs][1 CMS-remark: 63K(64K)] 117400K(118016K), 0.0966005 secs] [Times: user=0.10 sys=0.00, real=0.10 secs] 
2024-03-31T19:35:47.476+0800: 199.500: [CMS-concurrent-sweep-start]
2024-03-31T19:35:47.476+0800: 199.500: [CMS-concurrent-sweep: 0.000/0.000 secs] [Times: user=0.00 sys=0.00, real=0.00 secs] 
2024-03-31T19:35:47.477+0800: 199.500: [CMS-concurrent-reset-start]
2024-03-31T19:35:47.477+0800: 199.500: [CMS-concurrent-reset: 0.000/0.000 secs] [Times: user=0.00 sys=0.00, real=0.00 secs] 
2024-03-31T19:35:49.485+0800: 201.509: [GC (CMS Initial Mark) [1 CMS-initial-mark: 63K(64K)] 117665K(118016K), 0.1003676 secs] [Times: user=0.10 sys=0.00, real=0.10 secs] 
2024-03-31T19:35:49.587+0800: 201.610: [CMS-concurrent-mark-start]
2024-03-31T19:35:49.587+0800: 201.611: [CMS-concurrent-mark: 0.000/0.000 secs] [Times: user=0.00 sys=0.00, real=0.00 secs] 
2024-03-31T19:35:49.588+0800: 201.612: [CMS-concurrent-preclean-start]
2024-03-31T19:35:49.590+0800: 201.613: [CMS-concurrent-preclean: 0.001/0.001 secs] [Times: user=0.00 sys=0.00, real=0.00 secs] 
2024-03-31T19:35:49.590+0800: 201.614: [CMS-concurrent-abortable-preclean-start]
2024-03-31T19:35:49.590+0800: 201.614: [CMS-concurrent-abortable-preclean: 0.000/0.000 secs] [Times: user=0.00 sys=0.00, real=0.00 secs] 
2024-03-31T19:35:49.591+0800: 201.615: [GC (CMS Final Remark) [YG occupancy: 117603 K (117952 K)]2024-03-31T19:35:49.591+0800: 201.615: [Rescan (non-parallel) 2024-03-31T19:35:49.591+0800: 201.615: [grey object rescan, 0.0000851 secs]2024-03-31T19:35:49.591+0800: 201.615: [root rescan, 0.0719575 secs]2024-03-31T19:35:49.663+0800: 201.687: [visit unhandled CLDs, 0.0001320 secs]2024-03-31T19:35:49.664+0800: 201.687: [dirty klass scan, 0.0014345 secs], 0.0741263 secs]2024-03-31T19:35:49.665+0800: 201.689: [weak refs processing, 0.0001209 secs]2024-03-31T19:35:49.665+0800: 201.689: [class unloading, 0.0096747 secs]2024-03-31T19:35:49.675+0800: 201.699: [scrub symbol table, 0.0113618 secs]2024-03-31T19:35:49.687+0800: 201.710: [scrub string table, 0.0005205 secs][1 CMS-remark: 63K(64K)] 117667K(118016K), 0.0986325 secs] [Times: user=0.10 sys=0.00, real=0.10 secs] 
2024-03-31T19:35:49.691+0800: 201.714: [CMS-concurrent-sweep-start]
2024-03-31T19:35:49.691+0800: 201.715: [CMS-concurrent-sweep: 0.000/0.000 secs] [Times: user=0.00 sys=0.00, real=0.00 secs] 
2024-03-31T19:35:49.693+0800: 201.717: [CMS-concurrent-reset-start]
2024-03-31T19:35:49.694+0800: 201.717: [CMS-concurrent-reset: 0.000/0.000 secs] [Times: user=0.00 sys=0.00, real=0.00 secs] 
2024-03-31T19:35:51.697+0800: 203.721: [GC (CMS Initial Mark) [1 CMS-initial-mark: 63K(64K)] 117793K(118016K), 0.0806356 secs] [Times: user=0.08 sys=0.00, real=0.08 secs] 
2024-03-31T19:35:51.779+0800: 203.802: [CMS-concurrent-mark-start]
2024-03-31T19:35:51.780+0800: 203.804: [CMS-concurrent-mark: 0.000/0.000 secs] [Times: user=0.00 sys=0.00, real=0.00 secs] 
2024-03-31T19:35:51.781+0800: 203.805: [CMS-concurrent-preclean-start]
2024-03-31T19:35:51.787+0800: 203.810: [CMS-concurrent-preclean: 0.001/0.001 secs] [Times: user=0.00 sys=0.01, real=0.01 secs] 
2024-03-31T19:35:51.790+0800: 203.814: [CMS-concurrent-abortable-preclean-start]
2024-03-31T19:35:51.793+0800: 203.816: [CMS-concurrent-abortable-preclean: 0.000/0.000 secs] [Times: user=0.01 sys=0.00, real=0.00 secs] 
2024-03-31T19:35:51.795+0800: 203.818: [GC (CMS Final Remark) [YG occupancy: 117732 K (117952 K)]2024-03-31T19:35:51.795+0800: 203.818: [Rescan (non-parallel) 2024-03-31T19:35:51.795+0800: 203.819: [grey object rescan, 0.0001073 secs]2024-03-31T19:35:51.795+0800: 203.819: [root rescan, 0.0720620 secs]2024-03-31T19:35:51.868+0800: 203.891: [visit unhandled CLDs, 0.0002984 secs]2024-03-31T19:35:51.868+0800: 203.892: [dirty klass scan, 0.0015988 secs], 0.0748551 secs]2024-03-31T19:35:51.870+0800: 203.893: [weak refs processing, 0.0001618 secs]2024-03-31T19:35:51.870+0800: 203.894: [class unloading, 0.0096253 secs]2024-03-31T19:35:51.880+0800: 203.904: [scrub symbol table, 0.0101404 secs]2024-03-31T19:35:51.890+0800: 203.914: [scrub string table, 0.0005016 secs][1 CMS-remark: 63K(64K)] 117796K(118016K), 0.0981789 secs] [Times: user=0.10 sys=0.00, real=0.09 secs] 
2024-03-31T19:35:51.895+0800: 203.918: [CMS-concurrent-sweep-start]
2024-03-31T19:35:51.896+0800: 203.920: [CMS-concurrent-sweep: 0.000/0.000 secs] [Times: user=0.00 sys=0.00, real=0.01 secs] 
2024-03-31T19:35:51.898+0800: 203.921: [CMS-concurrent-reset-start]
2024-03-31T19:35:51.898+0800: 203.922: [CMS-concurrent-reset: 0.000/0.000 secs] [Times: user=0.00 sys=0.00, real=0.00 secs] 
2024-03-31T19:35:53.907+0800: 205.931: [GC (CMS Initial Mark) [1 CMS-initial-mark: 63K(64K)] 117976K(118016K), 0.1144966 secs] [Times: user=0.11 sys=0.00, real=0.11 secs] 
2024-03-31T19:35:54.022+0800: 206.046: [CMS-concurrent-mark-start]
2024-03-31T19:35:54.023+0800: 206.046: [CMS-concurrent-mark: 0.000/0.000 secs] [Times: user=0.00 sys=0.00, real=0.00 secs] 
2024-03-31T19:35:54.024+0800: 206.047: [CMS-concurrent-preclean-start]
2024-03-31T19:35:54.026+0800: 206.049: [CMS-concurrent-preclean: 0.001/0.001 secs] [Times: user=0.00 sys=0.00, real=0.01 secs] 
2024-03-31T19:35:54.026+0800: 206.050: [CMS-concurrent-abortable-preclean-start]
2024-03-31T19:35:54.026+0800: 206.050: [CMS-concurrent-abortable-preclean: 0.000/0.000 secs] [Times: user=0.00 sys=0.00, real=0.00 secs] 
2024-03-31T19:35:54.027+0800: 206.051: [GC (CMS Final Remark) [YG occupancy: 117913 K (117952 K)]2024-03-31T19:35:54.027+0800: 206.051: [Rescan (non-parallel) 2024-03-31T19:35:54.027+0800: 206.051: [grey object rescan, 0.0001056 secs]2024-03-31T19:35:54.028+0800: 206.051: [root rescan, 0.0718263 secs]2024-03-31T19:35:54.100+0800: 206.123: [visit unhandled CLDs, 0.0001811 secs]2024-03-31T19:35:54.100+0800: 206.124: [dirty klass scan, 0.0015215 secs], 0.0743373 secs]2024-03-31T19:35:54.102+0800: 206.125: [weak refs processing, 0.0001726 secs]2024-03-31T19:35:54.102+0800: 206.126: [class unloading, 0.0099086 secs]2024-03-31T19:35:54.112+0800: 206.136: [scrub symbol table, 0.0114000 secs]2024-03-31T19:35:54.124+0800: 206.147: [scrub string table, 0.0005864 secs][1 CMS-remark: 63K(64K)] 117977K(118016K), 0.0993238 secs] [Times: user=0.10 sys=0.00, real=0.10 secs] 
2024-03-31T19:35:54.127+0800: 206.151: [CMS-concurrent-sweep-start]
2024-03-31T19:35:54.128+0800: 206.151: [CMS-concurrent-sweep: 0.000/0.000 secs] [Times: user=0.00 sys=0.00, real=0.00 secs] 
2024-03-31T19:35:54.129+0800: 206.152: [CMS-concurrent-reset-start]
2024-03-31T19:35:54.129+0800: 206.152: [CMS-concurrent-reset: 0.000/0.000 secs] [Times: user=0.00 sys=0.00, real=0.00 secs] 
2024-03-31T19:35:54.308+0800: 206.332: [GC (Allocation Failure) 2024-03-31T19:35:54.309+0800: 206.333: [DefNew: 117952K->117952K(117952K), 0.0004373 secs]2024-03-31T19:35:54.310+0800: 206.333: [CMS: 63K->63K(64K), 0.1612908 secs] 118015K->78088K(118016K), [Metaspace: 77004K->77004K(1120256K)], 0.1629810 secs] [Times: user=0.15 sys=0.01, real=0.16 secs] 
2024-03-31T19:35:54.473+0800: 206.496: [GC (CMS Initial Mark) [1 CMS-initial-mark: 63K(64K)] 78088K(118016K), 0.0542728 secs] [Times: user=0.06 sys=0.00, real=0.06 secs] 
2024-03-31T19:35:54.528+0800: 206.552: [CMS-concurrent-mark-start]
2024-03-31T19:35:54.529+0800: 206.552: [CMS-concurrent-mark: 0.000/0.000 secs] [Times: user=0.00 sys=0.00, real=0.00 secs] 
2024-03-31T19:35:54.530+0800: 206.553: [CMS-concurrent-preclean-start]
2024-03-31T19:35:54.531+0800: 206.555: [CMS-concurrent-preclean: 0.001/0.001 secs] [Times: user=0.00 sys=0.00, real=0.00 secs] 
2024-03-31T19:35:54.532+0800: 206.556: [CMS-concurrent-abortable-preclean-start]
2024-03-31T19:35:54.534+0800: 206.558: [CMS-concurrent-abortable-preclean: 0.000/0.000 secs] [Times: user=0.00 sys=0.00, real=0.01 secs] 
2024-03-31T19:35:54.539+0800: 206.563: [GC (CMS Final Remark) [YG occupancy: 78139 K (117952 K)]2024-03-31T19:35:54.540+0800: 206.563: [Rescan (non-parallel) 2024-03-31T19:35:54.540+0800: 206.563: [grey object rescan, 0.0001127 secs]2024-03-31T19:35:54.540+0800: 206.564: [root rescan, 0.0553233 secs]2024-03-31T19:35:54.595+0800: 206.619: [visit unhandled CLDs, 0.0001486 secs]2024-03-31T19:35:54.596+0800: 206.619: [dirty klass scan, 0.0011185 secs], 0.0573397 secs]2024-03-31T19:35:54.597+0800: 206.621: [weak refs processing, 0.0001314 secs]2024-03-31T19:35:54.597+0800: 206.621: [class unloading, 0.0091613 secs]2024-03-31T19:35:54.607+0800: 206.630: [scrub symbol table, 0.0097061 secs]2024-03-31T19:35:54.617+0800: 206.640: [scrub string table, 0.0005043 secs][1 CMS-remark: 63K(64K)] 78203K(118016K), 0.0796417 secs] [Times: user=0.08 sys=0.00, real=0.08 secs] 
2024-03-31T19:35:54.620+0800: 206.643: [CMS-concurrent-sweep-start]
2024-03-31T19:35:54.620+0800: 206.644: [CMS-concurrent-sweep: 0.000/0.000 secs] [Times: user=0.00 sys=0.00, real=0.00 secs] 
2024-03-31T19:35:54.624+0800: 206.647: [CMS-concurrent-reset-start]
2024-03-31T19:35:54.624+0800: 206.648: [CMS-concurrent-reset: 0.000/0.000 secs] [Times: user=0.00 sys=0.00, real=0.01 secs] 
2024-03-31T19:35:56.634+0800: 208.658: [GC (CMS Initial Mark) [1 CMS-initial-mark: 63K(64K)] 79020K(118016K), 0.0852095 secs] [Times: user=0.08 sys=0.00, real=0.08 secs] 
2024-03-31T19:35:56.720+0800: 208.744: [CMS-concurrent-mark-start]
2024-03-31T19:35:56.721+0800: 208.744: [CMS-concurrent-mark: 0.000/0.000 secs] [Times: user=0.00 sys=0.00, real=0.00 secs] 
2024-03-31T19:35:56.721+0800: 208.745: [CMS-concurrent-preclean-start]
2024-03-31T19:35:56.723+0800: 208.746: [CMS-concurrent-preclean: 0.001/0.001 secs] [Times: user=0.00 sys=0.00, real=0.00 secs] 
2024-03-31T19:35:56.723+0800: 208.747: [CMS-concurrent-abortable-preclean-start]
2024-03-31T19:35:56.723+0800: 208.747: [CMS-concurrent-abortable-preclean: 0.000/0.000 secs] [Times: user=0.00 sys=0.00, real=0.00 secs] 
2024-03-31T19:35:56.724+0800: 208.748: [GC (CMS Final Remark) [YG occupancy: 78978 K (117952 K)]2024-03-31T19:35:56.724+0800: 208.748: [Rescan (non-parallel) 2024-03-31T19:35:56.724+0800: 208.748: [grey object rescan, 0.0001116 secs]2024-03-31T19:35:56.724+0800: 208.748: [root rescan, 0.0564928 secs]2024-03-31T19:35:56.781+0800: 208.805: [visit unhandled CLDs, 0.0002058 secs]2024-03-31T19:35:56.781+0800: 208.805: [dirty klass scan, 0.0015132 secs], 0.0590456 secs]2024-03-31T19:35:56.783+0800: 208.807: [weak refs processing, 0.0001523 secs]2024-03-31T19:35:56.783+0800: 208.807: [class unloading, 0.0099896 secs]2024-03-31T19:35:56.794+0800: 208.817: [scrub symbol table, 0.0097959 secs]2024-03-31T19:35:56.804+0800: 208.827: [scrub string table, 0.0005133 secs][1 CMS-remark: 63K(64K)] 79042K(118016K), 0.0822650 secs] [Times: user=0.08 sys=0.00, real=0.08 secs] 
2024-03-31T19:35:56.807+0800: 208.830: [CMS-concurrent-sweep-start]
2024-03-31T19:35:56.807+0800: 208.830: [CMS-concurrent-sweep: 0.000/0.000 secs] [Times: user=0.00 sys=0.00, real=0.00 secs] 
2024-03-31T19:35:56.807+0800: 208.830: [CMS-concurrent-reset-start]
2024-03-31T19:35:56.807+0800: 208.830: [CMS-concurrent-reset: 0.000/0.000 secs] [Times: user=0.00 sys=0.00, real=0.00 secs] 
2024-03-31T19:35:58.815+0800: 210.839: [GC (CMS Initial Mark) [1 CMS-initial-mark: 63K(64K)] 79485K(118016K), 0.0981096 secs] [Times: user=0.09 sys=0.00, real=0.09 secs] 
2024-03-31T19:35:58.914+0800: 210.938: [CMS-concurrent-mark-start]
2024-03-31T19:35:58.915+0800: 210.939: [CMS-concurrent-mark: 0.000/0.000 secs] [Times: user=0.01 sys=0.00, real=0.00 secs] 
2024-03-31T19:35:58.917+0800: 210.941: [CMS-concurrent-preclean-start]
2024-03-31T19:35:58.919+0800: 210.943: [CMS-concurrent-preclean: 0.001/0.001 secs] [Times: user=0.00 sys=0.00, real=0.00 secs] 
2024-03-31T19:35:58.921+0800: 210.945: [CMS-concurrent-abortable-preclean-start]
2024-03-31T19:35:58.922+0800: 210.946: [CMS-concurrent-abortable-preclean: 0.000/0.000 secs] [Times: user=0.00 sys=0.00, real=0.00 secs] 
2024-03-31T19:35:58.927+0800: 210.950: [GC (CMS Final Remark) [YG occupancy: 79421 K (117952 K)]2024-03-31T19:35:58.927+0800: 210.950: [Rescan (non-parallel) 2024-03-31T19:35:58.927+0800: 210.950: [grey object rescan, 0.0001115 secs]2024-03-31T19:35:58.927+0800: 210.951: [root rescan, 0.0557482 secs]2024-03-31T19:35:58.983+0800: 211.007: [visit unhandled CLDs, 0.0001683 secs]2024-03-31T19:35:58.983+0800: 211.007: [dirty klass scan, 0.0011374 secs], 0.0578149 secs]2024-03-31T19:35:58.985+0800: 211.008: [weak refs processing, 0.0001363 secs]2024-03-31T19:35:58.985+0800: 211.008: [class unloading, 0.0092398 secs]2024-03-31T19:35:58.994+0800: 211.018: [scrub symbol table, 0.0097404 secs]2024-03-31T19:35:59.004+0800: 211.028: [scrub string table, 0.0004807 secs][1 CMS-remark: 63K(64K)] 79485K(118016K), 0.0801592 secs] [Times: user=0.08 sys=0.00, real=0.08 secs] 
2024-03-31T19:35:59.007+0800: 211.031: [CMS-concurrent-sweep-start]
2024-03-31T19:35:59.007+0800: 211.031: [CMS-concurrent-sweep: 0.000/0.000 secs] [Times: user=0.00 sys=0.00, real=0.00 secs] 
2024-03-31T19:35:59.010+0800: 211.033: [CMS-concurrent-reset-start]
2024-03-31T19:35:59.010+0800: 211.034: [CMS-concurrent-reset: 0.000/0.000 secs] [Times: user=0.00 sys=0.00, real=0.00 secs] 
2024-03-31T19:36:01.021+0800: 213.045: [GC (CMS Initial Mark) [1 CMS-initial-mark: 63K(64K)] 80958K(118016K), 0.1015625 secs] [Times: user=0.10 sys=0.00, real=0.10 secs] 
2024-03-31T19:36:01.123+0800: 213.147: [CMS-concurrent-mark-start]
2024-03-31T19:36:01.124+0800: 213.148: [CMS-concurrent-mark: 0.000/0.000 secs] [Times: user=0.00 sys=0.00, real=0.01 secs] 
2024-03-31T19:36:01.125+0800: 213.149: [CMS-concurrent-preclean-start]
2024-03-31T19:36:01.128+0800: 213.152: [CMS-concurrent-preclean: 0.001/0.001 secs] [Times: user=0.00 sys=0.00, real=0.00 secs] 
2024-03-31T19:36:01.130+0800: 213.154: [CMS-concurrent-abortable-preclean-start]
2024-03-31T19:36:01.131+0800: 213.155: [CMS-concurrent-abortable-preclean: 0.000/0.000 secs] [Times: user=0.01 sys=0.00, real=0.00 secs] 
2024-03-31T19:36:01.134+0800: 213.158: [GC (CMS Final Remark) [YG occupancy: 80894 K (117952 K)]2024-03-31T19:36:01.134+0800: 213.158: [Rescan (non-parallel) 2024-03-31T19:36:01.134+0800: 213.158: [grey object rescan, 0.0001209 secs]2024-03-31T19:36:01.134+0800: 213.158: [root rescan, 0.0561323 secs]2024-03-31T19:36:01.190+0800: 213.214: [visit unhandled CLDs, 0.0001820 secs]2024-03-31T19:36:01.191+0800: 213.215: [dirty klass scan, 0.0011334 secs], 0.0582931 secs]2024-03-31T19:36:01.192+0800: 213.216: [weak refs processing, 0.0001440 secs]2024-03-31T19:36:01.192+0800: 213.216: [class unloading, 0.0092010 secs]2024-03-31T19:36:01.202+0800: 213.226: [scrub symbol table, 0.0095620 secs]2024-03-31T19:36:01.212+0800: 213.235: [scrub string table, 0.0004680 secs][1 CMS-remark: 63K(64K)] 80958K(118016K), 0.0805922 secs] [Times: user=0.08 sys=0.00, real=0.08 secs] 
2024-03-31T19:36:01.215+0800: 213.239: [CMS-concurrent-sweep-start]
2024-03-31T19:36:01.215+0800: 213.239: [CMS-concurrent-sweep: 0.000/0.000 secs] [Times: user=0.00 sys=0.00, real=0.00 secs] 
2024-03-31T19:36:01.215+0800: 213.239: [CMS-concurrent-reset-start]
2024-03-31T19:36:01.215+0800: 213.239: [CMS-concurrent-reset: 0.000/0.000 secs] [Times: user=0.00 sys=0.00, real=0.00 secs] 
2024-03-31T19:36:03.218+0800: 215.242: [GC (CMS Initial Mark) [1 CMS-initial-mark: 63K(64K)] 81155K(118016K), 0.0841500 secs] [Times: user=0.09 sys=0.00, real=0.08 secs] 
2024-03-31T19:36:03.303+0800: 215.327: [CMS-concurrent-mark-start]
2024-03-31T19:36:03.304+0800: 215.328: [CMS-concurrent-mark: 0.000/0.000 secs] [Times: user=0.00 sys=0.00, real=0.01 secs] 
2024-03-31T19:36:03.304+0800: 215.328: [CMS-concurrent-preclean-start]
2024-03-31T19:36:03.306+0800: 215.330: [CMS-concurrent-preclean: 0.001/0.001 secs] [Times: user=0.00 sys=0.00, real=0.00 secs] 
2024-03-31T19:36:03.306+0800: 215.330: [CMS-concurrent-abortable-preclean-start]
2024-03-31T19:36:03.307+0800: 215.331: [CMS-concurrent-abortable-preclean: 0.000/0.000 secs] [Times: user=0.00 sys=0.00, real=0.00 secs] 
2024-03-31T19:36:03.308+0800: 215.332: [GC (CMS Final Remark) [YG occupancy: 81099 K (117952 K)]2024-03-31T19:36:03.308+0800: 215.332: [Rescan (non-parallel) 2024-03-31T19:36:03.308+0800: 215.332: [grey object rescan, 0.0001072 secs]2024-03-31T19:36:03.309+0800: 215.333: [root rescan, 0.0568780 secs]2024-03-31T19:36:03.366+0800: 215.390: [visit unhandled CLDs, 0.0001756 secs]2024-03-31T19:36:03.366+0800: 215.390: [dirty klass scan, 0.0011430 secs], 0.0589447 secs]2024-03-31T19:36:03.367+0800: 215.391: [weak refs processing, 0.0001460 secs]2024-03-31T19:36:03.368+0800: 215.392: [class unloading, 0.0095578 secs]2024-03-31T19:36:03.377+0800: 215.401: [scrub symbol table, 0.0097500 secs]2024-03-31T19:36:03.387+0800: 215.411: [scrub string table, 0.0004780 secs][1 CMS-remark: 63K(64K)] 81163K(118016K), 0.0816258 secs] [Times: user=0.08 sys=0.00, real=0.08 secs] 
2024-03-31T19:36:03.390+0800: 215.414: [CMS-concurrent-sweep-start]
2024-03-31T19:36:03.390+0800: 215.414: [CMS-concurrent-sweep: 0.000/0.000 secs] [Times: user=0.00 sys=0.00, real=0.00 secs] 
2024-03-31T19:36:03.391+0800: 215.415: [CMS-concurrent-reset-start]
2024-03-31T19:36:03.391+0800: 215.415: [CMS-concurrent-reset: 0.000/0.000 secs] [Times: user=0.00 sys=0.00, real=0.00 secs] 
2024-03-31T19:36:05.401+0800: 217.425: [GC (CMS Initial Mark) [1 CMS-initial-mark: 63K(64K)] 81579K(118016K), 0.0837043 secs] [Times: user=0.08 sys=0.00, real=0.09 secs] 
2024-03-31T19:36:05.484+0800: 217.508: [CMS-concurrent-mark-start]
2024-03-31T19:36:05.485+0800: 217.509: [CMS-concurrent-mark: 0.000/0.000 secs] [Times: user=0.01 sys=0.00, real=0.00 secs] 
2024-03-31T19:36:05.486+0800: 217.510: [CMS-concurrent-preclean-start]
2024-03-31T19:36:05.488+0800: 217.512: [CMS-concurrent-preclean: 0.001/0.001 secs] [Times: user=0.00 sys=0.00, real=0.00 secs] 
2024-03-31T19:36:05.488+0800: 217.512: [CMS-concurrent-abortable-preclean-start]
2024-03-31T19:36:05.488+0800: 217.512: [CMS-concurrent-abortable-preclean: 0.000/0.000 secs] [Times: user=0.00 sys=0.00, real=0.00 secs] 
2024-03-31T19:36:05.489+0800: 217.513: [GC (CMS Final Remark) [YG occupancy: 81517 K (117952 K)]2024-03-31T19:36:05.489+0800: 217.513: [Rescan (non-parallel) 2024-03-31T19:36:05.489+0800: 217.513: [grey object rescan, 0.0001167 secs]2024-03-31T19:36:05.490+0800: 217.514: [root rescan, 0.0586506 secs]2024-03-31T19:36:05.548+0800: 217.572: [visit unhandled CLDs, 0.0002057 secs]2024-03-31T19:36:05.549+0800: 217.573: [dirty klass scan, 0.0012951 secs], 0.0609752 secs]2024-03-31T19:36:05.550+0800: 217.574: [weak refs processing, 0.0002538 secs]2024-03-31T19:36:05.551+0800: 217.575: [class unloading, 0.0096205 secs]2024-03-31T19:36:05.561+0800: 217.585: [scrub symbol table, 0.0100538 secs]2024-03-31T19:36:05.571+0800: 217.595: [scrub string table, 0.0004938 secs][1 CMS-remark: 63K(64K)] 81581K(118016K), 0.0845191 secs] [Times: user=0.08 sys=0.00, real=0.09 secs] 
2024-03-31T19:36:05.574+0800: 217.598: [CMS-concurrent-sweep-start]
2024-03-31T19:36:05.574+0800: 217.598: [CMS-concurrent-sweep: 0.000/0.000 secs] [Times: user=0.00 sys=0.00, real=0.00 secs] 
2024-03-31T19:36:05.574+0800: 217.598: [CMS-concurrent-reset-start]
2024-03-31T19:36:05.574+0800: 217.598: [CMS-concurrent-reset: 0.000/0.000 secs] [Times: user=0.00 sys=0.00, real=0.00 secs] 
2024-03-31T19:36:07.576+0800: 219.600: [GC (CMS Initial Mark) [1 CMS-initial-mark: 63K(64K)] 81707K(118016K), 0.0581488 secs] [Times: user=0.06 sys=0.00, real=0.06 secs] 
2024-03-31T19:36:07.635+0800: 219.659: [CMS-concurrent-mark-start]
2024-03-31T19:36:07.636+0800: 219.659: [CMS-concurrent-mark: 0.000/0.000 secs] [Times: user=0.00 sys=0.00, real=0.00 secs] 
2024-03-31T19:36:07.636+0800: 219.660: [CMS-concurrent-preclean-start]
2024-03-31T19:36:07.637+0800: 219.661: [CMS-concurrent-preclean: 0.001/0.001 secs] [Times: user=0.00 sys=0.00, real=0.00 secs] 
2024-03-31T19:36:07.637+0800: 219.661: [CMS-concurrent-abortable-preclean-start]
2024-03-31T19:36:07.637+0800: 219.661: [CMS-concurrent-abortable-preclean: 0.000/0.000 secs] [Times: user=0.00 sys=0.00, real=0.00 secs] 
2024-03-31T19:36:07.638+0800: 219.662: [GC (CMS Final Remark) [YG occupancy: 81643 K (117952 K)]2024-03-31T19:36:07.638+0800: 219.662: [Rescan (non-parallel) 2024-03-31T19:36:07.638+0800: 219.662: [grey object rescan, 0.0001155 secs]2024-03-31T19:36:07.639+0800: 219.662: [root rescan, 0.0587021 secs]2024-03-31T19:36:07.697+0800: 219.721: [visit unhandled CLDs, 0.0001972 secs]2024-03-31T19:36:07.698+0800: 219.722: [dirty klass scan, 0.0012846 secs], 0.0610405 secs]2024-03-31T19:36:07.699+0800: 219.723: [weak refs processing, 0.0001823 secs]2024-03-31T19:36:07.700+0800: 219.724: [class unloading, 0.0094380 secs]2024-03-31T19:36:07.709+0800: 219.733: [scrub symbol table, 0.0099278 secs]2024-03-31T19:36:07.719+0800: 219.743: [scrub string table, 0.0005286 secs][1 CMS-remark: 63K(64K)] 81707K(118016K), 0.0839919 secs] [Times: user=0.09 sys=0.00, real=0.08 secs] 
2024-03-31T19:36:07.723+0800: 219.747: [CMS-concurrent-sweep-start]
2024-03-31T19:36:07.723+0800: 219.747: [CMS-concurrent-sweep: 0.000/0.000 secs] [Times: user=0.00 sys=0.00, real=0.00 secs] 
2024-03-31T19:36:07.724+0800: 219.748: [CMS-concurrent-reset-start]
2024-03-31T19:36:07.724+0800: 219.748: [CMS-concurrent-reset: 0.000/0.000 secs] [Times: user=0.00 sys=0.00, real=0.00 secs] 
2024-03-31T19:36:09.726+0800: 221.750: [GC (CMS Initial Mark) [1 CMS-initial-mark: 63K(64K)] 82100K(118016K), 0.0630988 secs] [Times: user=0.07 sys=0.00, real=0.06 secs] 
2024-03-31T19:36:09.789+0800: 221.813: [CMS-concurrent-mark-start]
2024-03-31T19:36:09.790+0800: 221.814: [CMS-concurrent-mark: 0.000/0.000 secs] [Times: user=0.00 sys=0.00, real=0.00 secs] 
2024-03-31T19:36:09.790+0800: 221.814: [CMS-concurrent-preclean-start]
2024-03-31T19:36:09.792+0800: 221.816: [CMS-concurrent-preclean: 0.001/0.001 secs] [Times: user=0.00 sys=0.00, real=0.00 secs] 
2024-03-31T19:36:09.792+0800: 221.816: [CMS-concurrent-abortable-preclean-start]
2024-03-31T19:36:09.792+0800: 221.816: [CMS-concurrent-abortable-preclean: 0.000/0.000 secs] [Times: user=0.00 sys=0.00, real=0.00 secs] 
2024-03-31T19:36:09.793+0800: 221.817: [GC (CMS Final Remark) [YG occupancy: 82036 K (117952 K)]2024-03-31T19:36:09.793+0800: 221.817: [Rescan (non-parallel) 2024-03-31T19:36:09.793+0800: 221.817: [grey object rescan, 0.0001114 secs]2024-03-31T19:36:09.793+0800: 221.817: [root rescan, 0.0569778 secs]2024-03-31T19:36:09.850+0800: 221.874: [visit unhandled CLDs, 0.0001650 secs]2024-03-31T19:36:09.851+0800: 221.875: [dirty klass scan, 0.0012029 secs], 0.0591405 secs]2024-03-31T19:36:09.852+0800: 221.876: [weak refs processing, 0.0002182 secs]2024-03-31T19:36:09.852+0800: 221.876: [class unloading, 0.0094180 secs]2024-03-31T19:36:09.862+0800: 221.886: [scrub symbol table, 0.0096492 secs]2024-03-31T19:36:09.872+0800: 221.896: [scrub string table, 0.0004712 secs][1 CMS-remark: 63K(64K)] 82100K(118016K), 0.0815883 secs] [Times: user=0.08 sys=0.00, real=0.09 secs] 
2024-03-31T19:36:09.875+0800: 221.899: [CMS-concurrent-sweep-start]
2024-03-31T19:36:09.875+0800: 221.899: [CMS-concurrent-sweep: 0.000/0.000 secs] [Times: user=0.00 sys=0.00, real=0.00 secs] 
2024-03-31T19:36:09.876+0800: 221.900: [CMS-concurrent-reset-start]
2024-03-31T19:36:09.876+0800: 221.900: [CMS-concurrent-reset: 0.000/0.000 secs] [Times: user=0.00 sys=0.00, real=0.00 secs] 
2024-03-31T19:36:11.883+0800: 223.908: [GC (CMS Initial Mark) [1 CMS-initial-mark: 63K(64K)] 82466K(118016K), 0.1043993 secs] [Times: user=0.11 sys=0.00, real=0.11 secs] 
2024-03-31T19:36:11.989+0800: 224.013: [CMS-concurrent-mark-start]
2024-03-31T19:36:11.989+0800: 224.013: [CMS-concurrent-mark: 0.000/0.000 secs] [Times: user=0.00 sys=0.00, real=0.00 secs] 
2024-03-31T19:36:11.990+0800: 224.014: [CMS-concurrent-preclean-start]
2024-03-31T19:36:11.992+0800: 224.016: [CMS-concurrent-preclean: 0.001/0.001 secs] [Times: user=0.00 sys=0.00, real=0.00 secs] 
2024-03-31T19:36:11.993+0800: 224.017: [CMS-concurrent-abortable-preclean-start]
2024-03-31T19:36:11.993+0800: 224.017: [CMS-concurrent-abortable-preclean: 0.000/0.000 secs] [Times: user=0.00 sys=0.00, real=0.00 secs] 
2024-03-31T19:36:11.994+0800: 224.018: [GC (CMS Final Remark) [YG occupancy: 82403 K (117952 K)]2024-03-31T19:36:11.994+0800: 224.018: [Rescan (non-parallel) 2024-03-31T19:36:11.994+0800: 224.018: [grey object rescan, 0.0001433 secs]2024-03-31T19:36:11.994+0800: 224.018: [root rescan, 0.0572961 secs]2024-03-31T19:36:12.052+0800: 224.076: [visit unhandled CLDs, 0.0001781 secs]2024-03-31T19:36:12.052+0800: 224.076: [dirty klass scan, 0.0011845 secs], 0.0594081 secs]2024-03-31T19:36:12.054+0800: 224.078: [weak refs processing, 0.0001498 secs]2024-03-31T19:36:12.054+0800: 224.078: [class unloading, 0.0096401 secs]2024-03-31T19:36:12.064+0800: 224.088: [scrub symbol table, 0.0097355 secs]2024-03-31T19:36:12.074+0800: 224.098: [scrub string table, 0.0005267 secs][1 CMS-remark: 63K(64K)] 82466K(118016K), 0.0822590 secs] [Times: user=0.08 sys=0.00, real=0.08 secs] 
2024-03-31T19:36:12.077+0800: 224.101: [CMS-concurrent-sweep-start]
2024-03-31T19:36:12.077+0800: 224.101: [CMS-concurrent-sweep: 0.000/0.000 secs] [Times: user=0.00 sys=0.00, real=0.00 secs] 
2024-03-31T19:36:12.077+0800: 224.101: [CMS-concurrent-reset-start]
2024-03-31T19:36:12.077+0800: 224.101: [CMS-concurrent-reset: 0.000/0.000 secs] [Times: user=0.00 sys=0.00, real=0.00 secs] 
2024-03-31T19:36:14.083+0800: 226.108: [GC (CMS Initial Mark) [1 CMS-initial-mark: 63K(64K)] 82773K(118016K), 0.1000343 secs] [Times: user=0.10 sys=0.00, real=0.11 secs] 
2024-03-31T19:36:14.185+0800: 226.209: [CMS-concurrent-mark-start]
2024-03-31T19:36:14.185+0800: 226.209: [CMS-concurrent-mark: 0.000/0.000 secs] [Times: user=0.01 sys=0.00, real=0.00 secs] 
2024-03-31T19:36:14.186+0800: 226.210: [CMS-concurrent-preclean-start]
2024-03-31T19:36:14.187+0800: 226.211: [CMS-concurrent-preclean: 0.001/0.001 secs] [Times: user=0.00 sys=0.00, real=0.00 secs] 
2024-03-31T19:36:14.187+0800: 226.211: [CMS-concurrent-abortable-preclean-start]
2024-03-31T19:36:14.187+0800: 226.211: [CMS-concurrent-abortable-preclean: 0.000/0.000 secs] [Times: user=0.00 sys=0.00, real=0.00 secs] 
2024-03-31T19:36:14.188+0800: 226.212: [GC (CMS Final Remark) [YG occupancy: 82714 K (117952 K)]2024-03-31T19:36:14.188+0800: 226.212: [Rescan (non-parallel) 2024-03-31T19:36:14.188+0800: 226.212: [grey object rescan, 0.0001008 secs]2024-03-31T19:36:14.188+0800: 226.212: [root rescan, 0.0569893 secs]2024-03-31T19:36:14.246+0800: 226.269: [visit unhandled CLDs, 0.0001521 secs]2024-03-31T19:36:14.246+0800: 226.270: [dirty klass scan, 0.0011644 secs], 0.0590267 secs]2024-03-31T19:36:14.247+0800: 226.271: [weak refs processing, 0.0002271 secs]2024-03-31T19:36:14.247+0800: 226.271: [class unloading, 0.0094276 secs]2024-03-31T19:36:14.257+0800: 226.281: [scrub symbol table, 0.0095642 secs]2024-03-31T19:36:14.267+0800: 226.291: [scrub string table, 0.0004653 secs][1 CMS-remark: 63K(64K)] 82777K(118016K), 0.0813692 secs] [Times: user=0.08 sys=0.00, real=0.08 secs] 
2024-03-31T19:36:14.270+0800: 226.294: [CMS-concurrent-sweep-start]
2024-03-31T19:36:14.270+0800: 226.294: [CMS-concurrent-sweep: 0.000/0.000 secs] [Times: user=0.00 sys=0.00, real=0.00 secs] 
2024-03-31T19:36:14.272+0800: 226.296: [CMS-concurrent-reset-start]
2024-03-31T19:36:14.273+0800: 226.297: [CMS-concurrent-reset: 0.000/0.000 secs] [Times: user=0.00 sys=0.00, real=0.00 secs] 
2024-03-31T19:36:16.288+0800: 228.313: [GC (CMS Initial Mark) [1 CMS-initial-mark: 63K(64K)] 82964K(118016K), 0.0949210 secs] [Times: user=0.09 sys=0.00, real=0.10 secs] 
2024-03-31T19:36:16.384+0800: 228.408: [CMS-concurrent-mark-start]
2024-03-31T19:36:16.384+0800: 228.408: [CMS-concurrent-mark: 0.000/0.000 secs] [Times: user=0.00 sys=0.00, real=0.00 secs] 
2024-03-31T19:36:16.386+0800: 228.410: [CMS-concurrent-preclean-start]
2024-03-31T19:36:16.388+0800: 228.412: [CMS-concurrent-preclean: 0.001/0.001 secs] [Times: user=0.01 sys=0.00, real=0.00 secs] 
2024-03-31T19:36:16.389+0800: 228.413: [CMS-concurrent-abortable-preclean-start]
2024-03-31T19:36:16.390+0800: 228.414: [CMS-concurrent-abortable-preclean: 0.000/0.000 secs] [Times: user=0.00 sys=0.00, real=0.00 secs] 
2024-03-31T19:36:16.394+0800: 228.418: [GC (CMS Final Remark) [YG occupancy: 82900 K (117952 K)]2024-03-31T19:36:16.394+0800: 228.418: [Rescan (non-parallel) 2024-03-31T19:36:16.394+0800: 228.418: [grey object rescan, 0.0001214 secs]2024-03-31T19:36:16.395+0800: 228.419: [root rescan, 0.0583538 secs]2024-03-31T19:36:16.453+0800: 228.477: [visit unhandled CLDs, 0.0001683 secs]2024-03-31T19:36:16.453+0800: 228.477: [dirty klass scan, 0.0013101 secs], 0.0605877 secs]2024-03-31T19:36:16.455+0800: 228.479: [weak refs processing, 0.0001415 secs]2024-03-31T19:36:16.455+0800: 228.479: [class unloading, 0.0095592 secs]2024-03-31T19:36:16.465+0800: 228.489: [scrub symbol table, 0.0098182 secs]2024-03-31T19:36:16.475+0800: 228.499: [scrub string table, 0.0006227 secs][1 CMS-remark: 63K(64K)] 82964K(118016K), 0.0834419 secs] [Times: user=0.08 sys=0.00, real=0.08 secs] 
2024-03-31T19:36:16.479+0800: 228.503: [CMS-concurrent-sweep-start]
2024-03-31T19:36:16.479+0800: 228.503: [CMS-concurrent-sweep: 0.000/0.000 secs] [Times: user=0.00 sys=0.00, real=0.00 secs] 
2024-03-31T19:36:16.480+0800: 228.504: [CMS-concurrent-reset-start]
2024-03-31T19:36:16.480+0800: 228.504: [CMS-concurrent-reset: 0.000/0.000 secs] [Times: user=0.00 sys=0.00, real=0.00 secs] 
2024-03-31T19:36:18.499+0800: 230.524: [GC (CMS Initial Mark) [1 CMS-initial-mark: 63K(64K)] 83172K(118016K), 0.0927389 secs] [Times: user=0.09 sys=0.00, real=0.09 secs] 
2024-03-31T19:36:18.593+0800: 230.617: [CMS-concurrent-mark-start]
2024-03-31T19:36:18.594+0800: 230.618: [CMS-concurrent-mark: 0.000/0.000 secs] [Times: user=0.00 sys=0.00, real=0.01 secs] 
2024-03-31T19:36:18.595+0800: 230.619: [CMS-concurrent-preclean-start]
2024-03-31T19:36:18.597+0800: 230.621: [CMS-concurrent-preclean: 0.001/0.001 secs] [Times: user=0.01 sys=0.00, real=0.00 secs] 
2024-03-31T19:36:18.598+0800: 230.622: [CMS-concurrent-abortable-preclean-start]
2024-03-31T19:36:18.599+0800: 230.623: [CMS-concurrent-abortable-preclean: 0.000/0.000 secs] [Times: user=0.00 sys=0.00, real=0.00 secs] 
2024-03-31T19:36:18.601+0800: 230.625: [GC (CMS Final Remark) [YG occupancy: 83108 K (117952 K)]2024-03-31T19:36:18.601+0800: 230.625: [Rescan (non-parallel) 2024-03-31T19:36:18.601+0800: 230.625: [grey object rescan, 0.0000705 secs]2024-03-31T19:36:18.601+0800: 230.625: [root rescan, 0.0570897 secs]2024-03-31T19:36:18.659+0800: 230.683: [visit unhandled CLDs, 0.0001210 secs]2024-03-31T19:36:18.659+0800: 230.683: [dirty klass scan, 0.0011539 secs], 0.0588474 secs]2024-03-31T19:36:18.660+0800: 230.684: [weak refs processing, 0.0001163 secs]2024-03-31T19:36:18.660+0800: 230.684: [class unloading, 0.0094539 secs]2024-03-31T19:36:18.670+0800: 230.694: [scrub symbol table, 0.0097365 secs]2024-03-31T19:36:18.680+0800: 230.704: [scrub string table, 0.0004818 secs][1 CMS-remark: 63K(64K)] 83172K(118016K), 0.0811957 secs] [Times: user=0.08 sys=0.00, real=0.08 secs] 
2024-03-31T19:36:18.683+0800: 230.707: [CMS-concurrent-sweep-start]
2024-03-31T19:36:18.683+0800: 230.707: [CMS-concurrent-sweep: 0.000/0.000 secs] [Times: user=0.00 sys=0.00, real=0.00 secs] 
2024-03-31T19:36:18.683+0800: 230.707: [CMS-concurrent-reset-start]
2024-03-31T19:36:18.683+0800: 230.707: [CMS-concurrent-reset: 0.000/0.000 secs] [Times: user=0.00 sys=0.00, real=0.00 secs] 
2024-03-31T19:36:20.698+0800: 232.722: [GC (CMS Initial Mark) [1 CMS-initial-mark: 63K(64K)] 83642K(118016K), 0.0963254 secs] [Times: user=0.10 sys=0.00, real=0.10 secs] 
2024-03-31T19:36:20.795+0800: 232.819: [CMS-concurrent-mark-start]
2024-03-31T19:36:20.796+0800: 232.820: [CMS-concurrent-mark: 0.000/0.000 secs] [Times: user=0.00 sys=0.00, real=0.00 secs] 
2024-03-31T19:36:20.797+0800: 232.821: [CMS-concurrent-preclean-start]
2024-03-31T19:36:20.798+0800: 232.822: [CMS-concurrent-preclean: 0.001/0.001 secs] [Times: user=0.00 sys=0.00, real=0.00 secs] 
2024-03-31T19:36:20.798+0800: 232.822: [CMS-concurrent-abortable-preclean-start]
2024-03-31T19:36:20.798+0800: 232.822: [CMS-concurrent-abortable-preclean: 0.000/0.000 secs] [Times: user=0.00 sys=0.00, real=0.00 secs] 
2024-03-31T19:36:20.799+0800: 232.823: [GC (CMS Final Remark) [YG occupancy: 83578 K (117952 K)]2024-03-31T19:36:20.799+0800: 232.823: [Rescan (non-parallel) 2024-03-31T19:36:20.799+0800: 232.823: [grey object rescan, 0.0000707 secs]2024-03-31T19:36:20.799+0800: 232.823: [root rescan, 0.0583838 secs]2024-03-31T19:36:20.858+0800: 232.882: [visit unhandled CLDs, 0.0001473 secs]2024-03-31T19:36:20.858+0800: 232.882: [dirty klass scan, 0.0013806 secs], 0.0604923 secs]2024-03-31T19:36:20.860+0800: 232.884: [weak refs processing, 0.0001166 secs]2024-03-31T19:36:20.860+0800: 232.884: [class unloading, 0.0096641 secs]2024-03-31T19:36:20.870+0800: 232.894: [scrub symbol table, 0.0103620 secs]2024-03-31T19:36:20.880+0800: 232.904: [scrub string table, 0.0004580 secs][1 CMS-remark: 63K(64K)] 83642K(118016K), 0.0836622 secs] [Times: user=0.08 sys=0.00, real=0.08 secs] 
2024-03-31T19:36:20.883+0800: 232.907: [CMS-concurrent-sweep-start]
2024-03-31T19:36:20.883+0800: 232.907: [CMS-concurrent-sweep: 0.000/0.000 secs] [Times: user=0.00 sys=0.00, real=0.00 secs] 
2024-03-31T19:36:20.884+0800: 232.908: [CMS-concurrent-reset-start]
2024-03-31T19:36:20.884+0800: 232.908: [CMS-concurrent-reset: 0.000/0.000 secs] [Times: user=0.00 sys=0.00, real=0.00 secs] 
2024-03-31T19:36:22.886+0800: 234.910: [GC (CMS Initial Mark) [1 CMS-initial-mark: 63K(64K)] 83920K(118016K), 0.0573552 secs] [Times: user=0.06 sys=0.00, real=0.05 secs] 
2024-03-31T19:36:22.944+0800: 234.968: [CMS-concurrent-mark-start]
2024-03-31T19:36:22.945+0800: 234.969: [CMS-concurrent-mark: 0.000/0.000 secs] [Times: user=0.00 sys=0.00, real=0.00 secs] 
2024-03-31T19:36:22.946+0800: 234.969: [CMS-concurrent-preclean-start]
2024-03-31T19:36:22.947+0800: 234.971: [CMS-concurrent-preclean: 0.001/0.001 secs] [Times: user=0.01 sys=0.00, real=0.00 secs] 
2024-03-31T19:36:22.947+0800: 234.971: [CMS-concurrent-abortable-preclean-start]
2024-03-31T19:36:22.947+0800: 234.971: [CMS-concurrent-abortable-preclean: 0.000/0.000 secs] [Times: user=0.00 sys=0.00, real=0.00 secs] 
2024-03-31T19:36:22.947+0800: 234.971: [GC (CMS Final Remark) [YG occupancy: 83856 K (117952 K)]2024-03-31T19:36:22.948+0800: 234.972: [Rescan (non-parallel) 2024-03-31T19:36:22.948+0800: 234.972: [grey object rescan, 0.0000943 secs]2024-03-31T19:36:22.948+0800: 234.972: [root rescan, 0.0583433 secs]2024-03-31T19:36:23.006+0800: 235.030: [visit unhandled CLDs, 0.0001547 secs]2024-03-31T19:36:23.007+0800: 235.031: [dirty klass scan, 0.0011510 secs], 0.0603202 secs]2024-03-31T19:36:23.008+0800: 235.032: [weak refs processing, 0.0001230 secs]2024-03-31T19:36:23.008+0800: 235.032: [class unloading, 0.0094714 secs]2024-03-31T19:36:23.018+0800: 235.042: [scrub symbol table, 0.0097067 secs]2024-03-31T19:36:23.028+0800: 235.052: [scrub string table, 0.0004417 secs][1 CMS-remark: 63K(64K)] 83920K(118016K), 0.0826132 secs] [Times: user=0.08 sys=0.00, real=0.08 secs] 
2024-03-31T19:36:23.031+0800: 235.055: [CMS-concurrent-sweep-start]
2024-03-31T19:36:23.031+0800: 235.055: [CMS-concurrent-sweep: 0.000/0.000 secs] [Times: user=0.00 sys=0.00, real=0.00 secs] 
2024-03-31T19:36:23.032+0800: 235.056: [CMS-concurrent-reset-start]
2024-03-31T19:36:23.033+0800: 235.057: [CMS-concurrent-reset: 0.000/0.000 secs] [Times: user=0.00 sys=0.00, real=0.00 secs] 
2024-03-31T19:36:25.044+0800: 237.068: [GC (CMS Initial Mark) [1 CMS-initial-mark: 63K(64K)] 84020K(118016K), 0.0968813 secs] [Times: user=0.09 sys=0.00, real=0.09 secs] 
2024-03-31T19:36:25.142+0800: 237.166: [CMS-concurrent-mark-start]
2024-03-31T19:36:25.143+0800: 237.167: [CMS-concurrent-mark: 0.000/0.000 secs] [Times: user=0.01 sys=0.00, real=0.00 secs] 
2024-03-31T19:36:25.144+0800: 237.168: [CMS-concurrent-preclean-start]
2024-03-31T19:36:25.145+0800: 237.169: [CMS-concurrent-preclean: 0.001/0.001 secs] [Times: user=0.00 sys=0.00, real=0.01 secs] 
2024-03-31T19:36:25.146+0800: 237.170: [CMS-concurrent-abortable-preclean-start]
2024-03-31T19:36:25.146+0800: 237.170: [CMS-concurrent-abortable-preclean: 0.000/0.000 secs] [Times: user=0.00 sys=0.00, real=0.00 secs] 
2024-03-31T19:36:25.147+0800: 237.171: [GC (CMS Final Remark) [YG occupancy: 83956 K (117952 K)]2024-03-31T19:36:25.147+0800: 237.171: [Rescan (non-parallel) 2024-03-31T19:36:25.147+0800: 237.171: [grey object rescan, 0.0001017 secs]2024-03-31T19:36:25.148+0800: 237.171: [root rescan, 0.0583347 secs]2024-03-31T19:36:25.206+0800: 237.230: [visit unhandled CLDs, 0.0001568 secs]2024-03-31T19:36:25.206+0800: 237.230: [dirty klass scan, 0.0012147 secs], 0.0604519 secs]2024-03-31T19:36:25.208+0800: 237.232: [weak refs processing, 0.0001520 secs]2024-03-31T19:36:25.208+0800: 237.232: [class unloading, 0.0095571 secs]2024-03-31T19:36:25.218+0800: 237.242: [scrub symbol table, 0.0096478 secs]2024-03-31T19:36:25.228+0800: 237.252: [scrub string table, 0.0004780 secs][1 CMS-remark: 63K(64K)] 84020K(118016K), 0.0830705 secs] [Times: user=0.08 sys=0.00, real=0.08 secs] 
2024-03-31T19:36:25.231+0800: 237.255: [CMS-concurrent-sweep-start]
2024-03-31T19:36:25.231+0800: 237.255: [CMS-concurrent-sweep: 0.000/0.000 secs] [Times: user=0.00 sys=0.00, real=0.00 secs] 
2024-03-31T19:36:25.232+0800: 237.256: [CMS-concurrent-reset-start]
2024-03-31T19:36:25.232+0800: 237.256: [CMS-concurrent-reset: 0.000/0.000 secs] [Times: user=0.00 sys=0.00, real=0.00 secs] 
2024-03-31T19:36:27.239+0800: 239.263: [GC (CMS Initial Mark) [1 CMS-initial-mark: 63K(64K)] 84264K(118016K), 0.0985678 secs] [Times: user=0.10 sys=0.00, real=0.10 secs] 
2024-03-31T19:36:27.339+0800: 239.363: [CMS-concurrent-mark-start]
2024-03-31T19:36:27.339+0800: 239.363: [CMS-concurrent-mark: 0.000/0.000 secs] [Times: user=0.00 sys=0.00, real=0.00 secs] 
2024-03-31T19:36:27.340+0800: 239.364: [CMS-concurrent-preclean-start]
2024-03-31T19:36:27.342+0800: 239.366: [CMS-concurrent-preclean: 0.001/0.001 secs] [Times: user=0.01 sys=0.00, real=0.00 secs] 
2024-03-31T19:36:27.342+0800: 239.366: [CMS-concurrent-abortable-preclean-start]
2024-03-31T19:36:27.342+0800: 239.366: [CMS-concurrent-abortable-preclean: 0.000/0.000 secs] [Times: user=0.00 sys=0.00, real=0.00 secs] 
2024-03-31T19:36:27.344+0800: 239.368: [GC (CMS Final Remark) [YG occupancy: 84200 K (117952 K)]2024-03-31T19:36:27.344+0800: 239.368: [Rescan (non-parallel) 2024-03-31T19:36:27.344+0800: 239.368: [grey object rescan, 0.0001066 secs]2024-03-31T19:36:27.344+0800: 239.368: [root rescan, 0.0583157 secs]2024-03-31T19:36:27.403+0800: 239.427: [visit unhandled CLDs, 0.0001635 secs]2024-03-31T19:36:27.403+0800: 239.427: [dirty klass scan, 0.0012114 secs], 0.0604420 secs]2024-03-31T19:36:27.405+0800: 239.428: [weak refs processing, 0.0001332 secs]2024-03-31T19:36:27.405+0800: 239.429: [class unloading, 0.0093735 secs]2024-03-31T19:36:27.414+0800: 239.438: [scrub symbol table, 0.0095933 secs]2024-03-31T19:36:27.424+0800: 239.448: [scrub string table, 0.0004820 secs][1 CMS-remark: 63K(64K)] 84264K(118016K), 0.0828466 secs] [Times: user=0.08 sys=0.00, real=0.08 secs] 
2024-03-31T19:36:27.427+0800: 239.451: [CMS-concurrent-sweep-start]
2024-03-31T19:36:27.428+0800: 239.452: [CMS-concurrent-sweep: 0.000/0.000 secs] [Times: user=0.00 sys=0.00, real=0.00 secs] 
2024-03-31T19:36:27.428+0800: 239.452: [CMS-concurrent-reset-start]
2024-03-31T19:36:27.429+0800: 239.453: [CMS-concurrent-reset: 0.000/0.000 secs] [Times: user=0.00 sys=0.00, real=0.00 secs] 
2024-03-31T19:36:29.442+0800: 241.466: [GC (CMS Initial Mark) [1 CMS-initial-mark: 63K(64K)] 84453K(118016K), 0.0970833 secs] [Times: user=0.09 sys=0.01, real=0.10 secs] 
2024-03-31T19:36:29.540+0800: 241.564: [CMS-concurrent-mark-start]
2024-03-31T19:36:29.540+0800: 241.564: [CMS-concurrent-mark: 0.000/0.000 secs] [Times: user=0.00 sys=0.00, real=0.00 secs] 
2024-03-31T19:36:29.541+0800: 241.565: [CMS-concurrent-preclean-start]
2024-03-31T19:36:29.543+0800: 241.566: [CMS-concurrent-preclean: 0.001/0.001 secs] [Times: user=0.00 sys=0.00, real=0.00 secs] 
2024-03-31T19:36:29.543+0800: 241.567: [CMS-concurrent-abortable-preclean-start]
2024-03-31T19:36:29.543+0800: 241.567: [CMS-concurrent-abortable-preclean: 0.000/0.000 secs] [Times: user=0.00 sys=0.00, real=0.00 secs] 
2024-03-31T19:36:29.544+0800: 241.568: [GC (CMS Final Remark) [YG occupancy: 84397 K (117952 K)]2024-03-31T19:36:29.544+0800: 241.568: [Rescan (non-parallel) 2024-03-31T19:36:29.545+0800: 241.568: [grey object rescan, 0.0001564 secs]2024-03-31T19:36:29.545+0800: 241.569: [root rescan, 0.0594545 secs]2024-03-31T19:36:29.605+0800: 241.628: [visit unhandled CLDs, 0.0001903 secs]2024-03-31T19:36:29.605+0800: 241.629: [dirty klass scan, 0.0012803 secs], 0.0620210 secs]2024-03-31T19:36:29.606+0800: 241.630: [weak refs processing, 0.0001581 secs]2024-03-31T19:36:29.607+0800: 241.630: [class unloading, 0.0097938 secs]2024-03-31T19:36:29.617+0800: 241.641: [scrub symbol table, 0.0111325 secs]2024-03-31T19:36:29.628+0800: 241.652: [scrub string table, 0.0005155 secs][1 CMS-remark: 63K(64K)] 84461K(118016K), 0.0867575 secs] [Times: user=0.08 sys=0.00, real=0.08 secs] 
2024-03-31T19:36:29.632+0800: 241.655: [CMS-concurrent-sweep-start]
2024-03-31T19:36:29.632+0800: 241.656: [CMS-concurrent-sweep: 0.000/0.000 secs] [Times: user=0.00 sys=0.00, real=0.00 secs] 
2024-03-31T19:36:29.633+0800: 241.656: [CMS-concurrent-reset-start]
2024-03-31T19:36:29.633+0800: 241.657: [CMS-concurrent-reset: 0.000/0.000 secs] [Times: user=0.00 sys=0.00, real=0.00 secs] 
2024-03-31T19:36:31.640+0800: 243.664: [GC (CMS Initial Mark) [1 CMS-initial-mark: 63K(64K)] 84752K(118016K), 0.1022047 secs] [Times: user=0.10 sys=0.00, real=0.10 secs] 
2024-03-31T19:36:31.743+0800: 243.767: [CMS-concurrent-mark-start]
2024-03-31T19:36:31.745+0800: 243.768: [CMS-concurrent-mark: 0.000/0.000 secs] [Times: user=0.00 sys=0.00, real=0.01 secs] 
2024-03-31T19:36:31.746+0800: 243.770: [CMS-concurrent-preclean-start]
2024-03-31T19:36:31.748+0800: 243.772: [CMS-concurrent-preclean: 0.001/0.001 secs] [Times: user=0.01 sys=0.00, real=0.00 secs] 
2024-03-31T19:36:31.749+0800: 243.773: [CMS-concurrent-abortable-preclean-start]
2024-03-31T19:36:31.750+0800: 243.774: [CMS-concurrent-abortable-preclean: 0.000/0.000 secs] [Times: user=0.00 sys=0.00, real=0.00 secs] 
2024-03-31T19:36:31.751+0800: 243.775: [GC (CMS Final Remark) [YG occupancy: 84697 K (117952 K)]2024-03-31T19:36:31.752+0800: 243.775: [Rescan (non-parallel) 2024-03-31T19:36:31.752+0800: 243.775: [grey object rescan, 0.0000687 secs]2024-03-31T19:36:31.752+0800: 243.776: [root rescan, 0.0597841 secs]2024-03-31T19:36:31.812+0800: 243.836: [visit unhandled CLDs, 0.0001498 secs]2024-03-31T19:36:31.812+0800: 243.836: [dirty klass scan, 0.0012568 secs], 0.0618491 secs]2024-03-31T19:36:31.813+0800: 243.837: [weak refs processing, 0.0001197 secs]2024-03-31T19:36:31.814+0800: 243.837: [class unloading, 0.0098213 secs]2024-03-31T19:36:31.824+0800: 243.848: [scrub symbol table, 0.0096041 secs]2024-03-31T19:36:31.834+0800: 243.857: [scrub string table, 0.0004998 secs][1 CMS-remark: 63K(64K)] 84761K(118016K), 0.0847718 secs] [Times: user=0.08 sys=0.01, real=0.09 secs] 
2024-03-31T19:36:31.837+0800: 243.860: [CMS-concurrent-sweep-start]
2024-03-31T19:36:31.837+0800: 243.861: [CMS-concurrent-sweep: 0.000/0.000 secs] [Times: user=0.00 sys=0.00, real=0.00 secs] 
2024-03-31T19:36:31.837+0800: 243.861: [CMS-concurrent-reset-start]
2024-03-31T19:36:31.837+0800: 243.861: [CMS-concurrent-reset: 0.000/0.000 secs] [Times: user=0.00 sys=0.00, real=0.00 secs] 
2024-03-31T19:36:33.838+0800: 245.862: [GC (CMS Initial Mark) [1 CMS-initial-mark: 63K(64K)] 84967K(118016K), 0.0607311 secs] [Times: user=0.06 sys=0.00, real=0.06 secs] 
2024-03-31T19:36:33.900+0800: 245.924: [CMS-concurrent-mark-start]
2024-03-31T19:36:33.901+0800: 245.925: [CMS-concurrent-mark: 0.000/0.000 secs] [Times: user=0.00 sys=0.00, real=0.00 secs] 
2024-03-31T19:36:33.902+0800: 245.926: [CMS-concurrent-preclean-start]
2024-03-31T19:36:33.904+0800: 245.927: [CMS-concurrent-preclean: 0.001/0.001 secs] [Times: user=0.00 sys=0.00, real=0.00 secs] 
2024-03-31T19:36:33.904+0800: 245.928: [CMS-concurrent-abortable-preclean-start]
2024-03-31T19:36:33.904+0800: 245.928: [CMS-concurrent-abortable-preclean: 0.000/0.000 secs] [Times: user=0.00 sys=0.00, real=0.00 secs] 
2024-03-31T19:36:33.905+0800: 245.929: [GC (CMS Final Remark) [YG occupancy: 84903 K (117952 K)]2024-03-31T19:36:33.905+0800: 245.929: [Rescan (non-parallel) 2024-03-31T19:36:33.906+0800: 245.929: [grey object rescan, 0.0000890 secs]2024-03-31T19:36:33.906+0800: 245.929: [root rescan, 0.0598180 secs]2024-03-31T19:36:33.966+0800: 245.989: [visit unhandled CLDs, 0.0001386 secs]2024-03-31T19:36:33.966+0800: 245.990: [dirty klass scan, 0.0013645 secs], 0.0618883 secs]2024-03-31T19:36:33.967+0800: 245.991: [weak refs processing, 0.0001147 secs]2024-03-31T19:36:33.968+0800: 245.991: [class unloading, 0.0097069 secs]2024-03-31T19:36:33.977+0800: 246.001: [scrub symbol table, 0.0098870 secs]2024-03-31T19:36:33.987+0800: 246.011: [scrub string table, 0.0004729 secs][1 CMS-remark: 63K(64K)] 84967K(118016K), 0.0846479 secs] [Times: user=0.09 sys=0.00, real=0.08 secs] 
2024-03-31T19:36:33.991+0800: 246.014: [CMS-concurrent-sweep-start]
2024-03-31T19:36:33.991+0800: 246.015: [CMS-concurrent-sweep: 0.000/0.000 secs] [Times: user=0.00 sys=0.01, real=0.00 secs] 
2024-03-31T19:36:33.992+0800: 246.016: [CMS-concurrent-reset-start]
2024-03-31T19:36:33.993+0800: 246.016: [CMS-concurrent-reset: 0.000/0.000 secs] [Times: user=0.00 sys=0.00, real=0.00 secs] 
2024-03-31T19:36:36.000+0800: 248.024: [GC (CMS Initial Mark) [1 CMS-initial-mark: 63K(64K)] 85121K(118016K), 0.0762567 secs] [Times: user=0.08 sys=0.00, real=0.08 secs] 
2024-03-31T19:36:36.077+0800: 248.101: [CMS-concurrent-mark-start]
2024-03-31T19:36:36.077+0800: 248.101: [CMS-concurrent-mark: 0.000/0.000 secs] [Times: user=0.00 sys=0.00, real=0.00 secs] 
2024-03-31T19:36:36.078+0800: 248.102: [CMS-concurrent-preclean-start]
2024-03-31T19:36:36.080+0800: 248.104: [CMS-concurrent-preclean: 0.001/0.001 secs] [Times: user=0.00 sys=0.00, real=0.00 secs] 
2024-03-31T19:36:36.080+0800: 248.104: [CMS-concurrent-abortable-preclean-start]
2024-03-31T19:36:36.080+0800: 248.104: [CMS-concurrent-abortable-preclean: 0.000/0.000 secs] [Times: user=0.00 sys=0.00, real=0.00 secs] 
2024-03-31T19:36:36.081+0800: 248.105: [GC (CMS Final Remark) [YG occupancy: 85057 K (117952 K)]2024-03-31T19:36:36.081+0800: 248.105: [Rescan (non-parallel) 2024-03-31T19:36:36.081+0800: 248.105: [grey object rescan, 0.0001440 secs]2024-03-31T19:36:36.082+0800: 248.105: [root rescan, 0.0618730 secs]2024-03-31T19:36:36.144+0800: 248.167: [visit unhandled CLDs, 0.0002065 secs]2024-03-31T19:36:36.144+0800: 248.168: [dirty klass scan, 0.0013592 secs], 0.0643211 secs]2024-03-31T19:36:36.146+0800: 248.169: [weak refs processing, 0.0001604 secs]2024-03-31T19:36:36.146+0800: 248.170: [class unloading, 0.0101406 secs]2024-03-31T19:36:36.156+0800: 248.180: [scrub symbol table, 0.0120176 secs]2024-03-31T19:36:36.168+0800: 248.192: [scrub string table, 0.0005560 secs][1 CMS-remark: 63K(64K)] 85121K(118016K), 0.0901475 secs] [Times: user=0.09 sys=0.01, real=0.09 secs] 
2024-03-31T19:36:36.172+0800: 248.196: [CMS-concurrent-sweep-start]
2024-03-31T19:36:36.172+0800: 248.196: [CMS-concurrent-sweep: 0.000/0.000 secs] [Times: user=0.00 sys=0.00, real=0.00 secs] 
2024-03-31T19:36:36.172+0800: 248.196: [CMS-concurrent-reset-start]
2024-03-31T19:36:36.172+0800: 248.196: [CMS-concurrent-reset: 0.000/0.000 secs] [Times: user=0.00 sys=0.00, real=0.00 secs] 
2024-03-31T19:36:38.173+0800: 250.197: [GC (CMS Initial Mark) [1 CMS-initial-mark: 63K(64K)] 85222K(118016K), 0.0628289 secs] [Times: user=0.07 sys=0.00, real=0.07 secs] 
2024-03-31T19:36:38.236+0800: 250.260: [CMS-concurrent-mark-start]
2024-03-31T19:36:38.237+0800: 250.261: [CMS-concurrent-mark: 0.000/0.000 secs] [Times: user=0.00 sys=0.00, real=0.00 secs] 
2024-03-31T19:36:38.238+0800: 250.262: [CMS-concurrent-preclean-start]
2024-03-31T19:36:38.239+0800: 250.263: [CMS-concurrent-preclean: 0.001/0.001 secs] [Times: user=0.00 sys=0.00, real=0.00 secs] 
2024-03-31T19:36:38.240+0800: 250.263: [CMS-concurrent-abortable-preclean-start]
2024-03-31T19:36:38.240+0800: 250.263: [CMS-concurrent-abortable-preclean: 0.000/0.000 secs] [Times: user=0.00 sys=0.00, real=0.00 secs] 
2024-03-31T19:36:38.240+0800: 250.264: [GC (CMS Final Remark) [YG occupancy: 85158 K (117952 K)]2024-03-31T19:36:38.241+0800: 250.264: [Rescan (non-parallel) 2024-03-31T19:36:38.241+0800: 250.265: [grey object rescan, 0.0007528 secs]2024-03-31T19:36:38.242+0800: 250.266: [root rescan, 0.0658803 secs]2024-03-31T19:36:38.308+0800: 250.332: [visit unhandled CLDs, 0.0002052 secs]2024-03-31T19:36:38.309+0800: 250.332: [dirty klass scan, 0.0015242 secs], 0.0697501 secs]2024-03-31T19:36:38.310+0800: 250.334: [weak refs processing, 0.0001585 secs]2024-03-31T19:36:38.311+0800: 250.334: [class unloading, 0.0109438 secs]2024-03-31T19:36:38.322+0800: 250.346: [scrub symbol table, 0.0164380 secs]2024-03-31T19:36:38.339+0800: 250.362: [scrub string table, 0.0007036 secs][1 CMS-remark: 63K(64K)] 85222K(118016K), 0.1013474 secs] [Times: user=0.10 sys=0.00, real=0.10 secs] 
2024-03-31T19:36:38.345+0800: 250.369: [CMS-concurrent-sweep-start]
2024-03-31T19:36:38.346+0800: 250.369: [CMS-concurrent-sweep: 0.000/0.000 secs] [Times: user=0.00 sys=0.00, real=0.00 secs] 
2024-03-31T19:36:38.348+0800: 250.372: [CMS-concurrent-reset-start]
2024-03-31T19:36:38.349+0800: 250.373: [CMS-concurrent-reset: 0.000/0.000 secs] [Times: user=0.00 sys=0.00, real=0.00 secs] 
2024-03-31T19:36:40.353+0800: 252.376: [GC (CMS Initial Mark) [1 CMS-initial-mark: 63K(64K)] 87994K(118016K), 0.0776602 secs] [Times: user=0.08 sys=0.00, real=0.08 secs] 
2024-03-31T19:36:40.431+0800: 252.455: [CMS-concurrent-mark-start]
2024-03-31T19:36:40.432+0800: 252.456: [CMS-concurrent-mark: 0.000/0.000 secs] [Times: user=0.00 sys=0.00, real=0.00 secs] 
2024-03-31T19:36:40.433+0800: 252.456: [CMS-concurrent-preclean-start]
2024-03-31T19:36:40.434+0800: 252.458: [CMS-concurrent-preclean: 0.001/0.001 secs] [Times: user=0.00 sys=0.00, real=0.01 secs] 
2024-03-31T19:36:40.434+0800: 252.458: [CMS-concurrent-abortable-preclean-start]
2024-03-31T19:36:40.434+0800: 252.458: [CMS-concurrent-abortable-preclean: 0.000/0.000 secs] [Times: user=0.00 sys=0.00, real=0.00 secs] 
2024-03-31T19:36:40.435+0800: 252.459: [GC (CMS Final Remark) [YG occupancy: 87930 K (117952 K)]2024-03-31T19:36:40.435+0800: 252.459: [Rescan (non-parallel) 2024-03-31T19:36:40.435+0800: 252.459: [grey object rescan, 0.0001080 secs]2024-03-31T19:36:40.435+0800: 252.459: [root rescan, 0.0625571 secs]2024-03-31T19:36:40.498+0800: 252.522: [visit unhandled CLDs, 0.0002083 secs]2024-03-31T19:36:40.499+0800: 252.522: [dirty klass scan, 0.0014680 secs], 0.0651185 secs]2024-03-31T19:36:40.500+0800: 252.524: [weak refs processing, 0.0002070 secs]2024-03-31T19:36:40.501+0800: 252.524: [class unloading, 0.0098228 secs]2024-03-31T19:36:40.511+0800: 252.534: [scrub symbol table, 0.0130965 secs]2024-03-31T19:36:40.524+0800: 252.548: [scrub string table, 0.0005159 secs][1 CMS-remark: 63K(64K)] 87994K(118016K), 0.0917243 secs] [Times: user=0.09 sys=0.00, real=0.09 secs] 
2024-03-31T19:36:40.527+0800: 252.551: [CMS-concurrent-sweep-start]
2024-03-31T19:36:40.527+0800: 252.551: [CMS-concurrent-sweep: 0.000/0.000 secs] [Times: user=0.00 sys=0.00, real=0.00 secs] 
2024-03-31T19:36:40.528+0800: 252.552: [CMS-concurrent-reset-start]
2024-03-31T19:36:40.528+0800: 252.552: [CMS-concurrent-reset: 0.000/0.000 secs] [Times: user=0.00 sys=0.00, real=0.00 secs] 
2024-03-31T19:36:42.536+0800: 254.560: [GC (CMS Initial Mark) [1 CMS-initial-mark: 63K(64K)] 91113K(118016K), 0.1016522 secs] [Times: user=0.10 sys=0.00, real=0.10 secs] 
2024-03-31T19:36:42.638+0800: 254.662: [CMS-concurrent-mark-start]
2024-03-31T19:36:42.639+0800: 254.662: [CMS-concurrent-mark: 0.000/0.000 secs] [Times: user=0.00 sys=0.00, real=0.00 secs] 
2024-03-31T19:36:42.640+0800: 254.664: [CMS-concurrent-preclean-start]
2024-03-31T19:36:42.642+0800: 254.666: [CMS-concurrent-preclean: 0.001/0.001 secs] [Times: user=0.00 sys=0.01, real=0.00 secs] 
2024-03-31T19:36:42.643+0800: 254.666: [CMS-concurrent-abortable-preclean-start]
2024-03-31T19:36:42.643+0800: 254.667: [CMS-concurrent-abortable-preclean: 0.000/0.000 secs] [Times: user=0.00 sys=0.00, real=0.00 secs] 
2024-03-31T19:36:42.644+0800: 254.668: [GC (CMS Final Remark) [YG occupancy: 91049 K (117952 K)]2024-03-31T19:36:42.644+0800: 254.668: [Rescan (non-parallel) 2024-03-31T19:36:42.644+0800: 254.668: [grey object rescan, 0.0001048 secs]2024-03-31T19:36:42.645+0800: 254.668: [root rescan, 0.0600756 secs]2024-03-31T19:36:42.705+0800: 254.729: [visit unhandled CLDs, 0.0001613 secs]2024-03-31T19:36:42.705+0800: 254.729: [dirty klass scan, 0.0012068 secs], 0.0621650 secs]2024-03-31T19:36:42.707+0800: 254.730: [weak refs processing, 0.0001423 secs]2024-03-31T19:36:42.707+0800: 254.731: [class unloading, 0.0096624 secs]2024-03-31T19:36:42.717+0800: 254.741: [scrub symbol table, 0.0096911 secs]2024-03-31T19:36:42.727+0800: 254.750: [scrub string table, 0.0004979 secs][1 CMS-remark: 63K(64K)] 91113K(118016K), 0.0851484 secs] [Times: user=0.08 sys=0.00, real=0.08 secs] 
2024-03-31T19:36:42.730+0800: 254.754: [CMS-concurrent-sweep-start]
2024-03-31T19:36:42.730+0800: 254.754: [CMS-concurrent-sweep: 0.000/0.000 secs] [Times: user=0.00 sys=0.00, real=0.00 secs] 
2024-03-31T19:36:42.730+0800: 254.754: [CMS-concurrent-reset-start]
2024-03-31T19:36:42.730+0800: 254.754: [CMS-concurrent-reset: 0.000/0.000 secs] [Times: user=0.00 sys=0.00, real=0.00 secs] 
2024-03-31T19:36:44.737+0800: 256.761: [GC (CMS Initial Mark) [1 CMS-initial-mark: 63K(64K)] 91260K(118016K), 0.0926312 secs] [Times: user=0.10 sys=0.00, real=0.09 secs] 
2024-03-31T19:36:44.830+0800: 256.854: [CMS-concurrent-mark-start]
2024-03-31T19:36:44.831+0800: 256.855: [CMS-concurrent-mark: 0.000/0.000 secs] [Times: user=0.00 sys=0.00, real=0.00 secs] 
2024-03-31T19:36:44.833+0800: 256.857: [CMS-concurrent-preclean-start]
2024-03-31T19:36:44.835+0800: 256.859: [CMS-concurrent-preclean: 0.001/0.001 secs] [Times: user=0.00 sys=0.00, real=0.01 secs] 
2024-03-31T19:36:44.836+0800: 256.860: [CMS-concurrent-abortable-preclean-start]
2024-03-31T19:36:44.836+0800: 256.860: [CMS-concurrent-abortable-preclean: 0.000/0.000 secs] [Times: user=0.00 sys=0.00, real=0.00 secs] 
2024-03-31T19:36:44.837+0800: 256.861: [GC (CMS Final Remark) [YG occupancy: 91196 K (117952 K)]2024-03-31T19:36:44.837+0800: 256.861: [Rescan (non-parallel) 2024-03-31T19:36:44.837+0800: 256.861: [grey object rescan, 0.0001225 secs]2024-03-31T19:36:44.837+0800: 256.861: [root rescan, 0.0611535 secs]2024-03-31T19:36:44.899+0800: 256.922: [visit unhandled CLDs, 0.0001599 secs]2024-03-31T19:36:44.899+0800: 256.923: [dirty klass scan, 0.0013060 secs], 0.0634055 secs]2024-03-31T19:36:44.901+0800: 256.924: [weak refs processing, 0.0001409 secs]2024-03-31T19:36:44.901+0800: 256.924: [class unloading, 0.0097112 secs]2024-03-31T19:36:44.911+0800: 256.934: [scrub symbol table, 0.0098403 secs]2024-03-31T19:36:44.921+0800: 256.944: [scrub string table, 0.0004998 secs][1 CMS-remark: 63K(64K)] 91260K(118016K), 0.0865194 secs] [Times: user=0.09 sys=0.00, real=0.08 secs] 
2024-03-31T19:36:44.924+0800: 256.948: [CMS-concurrent-sweep-start]
2024-03-31T19:36:44.924+0800: 256.948: [CMS-concurrent-sweep: 0.000/0.000 secs] [Times: user=0.00 sys=0.00, real=0.00 secs] 
2024-03-31T19:36:44.925+0800: 256.948: [CMS-concurrent-reset-start]
2024-03-31T19:36:44.925+0800: 256.949: [CMS-concurrent-reset: 0.000/0.000 secs] [Times: user=0.00 sys=0.00, real=0.00 secs] 
2024-03-31T19:36:46.937+0800: 258.961: [GC (CMS Initial Mark) [1 CMS-initial-mark: 63K(64K)] 91357K(118016K), 0.1043923 secs] [Times: user=0.10 sys=0.00, real=0.10 secs] 
2024-03-31T19:36:47.042+0800: 259.066: [CMS-concurrent-mark-start]
2024-03-31T19:36:47.043+0800: 259.067: [CMS-concurrent-mark: 0.000/0.000 secs] [Times: user=0.00 sys=0.00, real=0.00 secs] 
2024-03-31T19:36:47.044+0800: 259.068: [CMS-concurrent-preclean-start]
2024-03-31T19:36:47.046+0800: 259.069: [CMS-concurrent-preclean: 0.001/0.001 secs] [Times: user=0.00 sys=0.00, real=0.01 secs] 
2024-03-31T19:36:47.046+0800: 259.070: [CMS-concurrent-abortable-preclean-start]
2024-03-31T19:36:47.046+0800: 259.070: [CMS-concurrent-abortable-preclean: 0.000/0.000 secs] [Times: user=0.00 sys=0.00, real=0.00 secs] 
2024-03-31T19:36:47.047+0800: 259.071: [GC (CMS Final Remark) [YG occupancy: 91293 K (117952 K)]2024-03-31T19:36:47.047+0800: 259.071: [Rescan (non-parallel) 2024-03-31T19:36:47.047+0800: 259.071: [grey object rescan, 0.0001409 secs]2024-03-31T19:36:47.048+0800: 259.072: [root rescan, 0.0773225 secs]2024-03-31T19:36:47.125+0800: 259.149: [visit unhandled CLDs, 0.0001549 secs]2024-03-31T19:36:47.126+0800: 259.149: [dirty klass scan, 0.0015541 secs], 0.0799370 secs]2024-03-31T19:36:47.127+0800: 259.151: [weak refs processing, 0.0003168 secs]2024-03-31T19:36:47.128+0800: 259.152: [class unloading, 0.0103536 secs]2024-03-31T19:36:47.138+0800: 259.162: [scrub symbol table, 0.0218380 secs]2024-03-31T19:36:47.161+0800: 259.184: [scrub string table, 0.0006271 secs][1 CMS-remark: 63K(64K)] 91357K(118016K), 0.1167104 secs] [Times: user=0.11 sys=0.00, real=0.12 secs] 
2024-03-31T19:36:47.165+0800: 259.189: [CMS-concurrent-sweep-start]
2024-03-31T19:36:47.166+0800: 259.189: [CMS-concurrent-sweep: 0.000/0.000 secs] [Times: user=0.00 sys=0.00, real=0.00 secs] 
2024-03-31T19:36:47.167+0800: 259.191: [CMS-concurrent-reset-start]
2024-03-31T19:36:47.167+0800: 259.191: [CMS-concurrent-reset: 0.000/0.000 secs] [Times: user=0.00 sys=0.00, real=0.00 secs] 
2024-03-31T19:36:49.171+0800: 261.194: [GC (CMS Initial Mark) [1 CMS-initial-mark: 63K(64K)] 91629K(118016K), 0.0977962 secs] [Times: user=0.10 sys=0.00, real=0.10 secs] 
2024-03-31T19:36:49.269+0800: 261.293: [CMS-concurrent-mark-start]
2024-03-31T19:36:49.270+0800: 261.294: [CMS-concurrent-mark: 0.000/0.000 secs] [Times: user=0.00 sys=0.00, real=0.00 secs] 
2024-03-31T19:36:49.271+0800: 261.294: [CMS-concurrent-preclean-start]
2024-03-31T19:36:49.272+0800: 261.296: [CMS-concurrent-preclean: 0.001/0.001 secs] [Times: user=0.00 sys=0.00, real=0.00 secs] 
2024-03-31T19:36:49.273+0800: 261.296: [CMS-concurrent-abortable-preclean-start]
2024-03-31T19:36:49.273+0800: 261.296: [CMS-concurrent-abortable-preclean: 0.000/0.000 secs] [Times: user=0.00 sys=0.00, real=0.00 secs] 
2024-03-31T19:36:49.273+0800: 261.297: [GC (CMS Final Remark) [YG occupancy: 91572 K (117952 K)]2024-03-31T19:36:49.273+0800: 261.297: [Rescan (non-parallel) 2024-03-31T19:36:49.274+0800: 261.297: [grey object rescan, 0.0001177 secs]2024-03-31T19:36:49.274+0800: 261.298: [root rescan, 0.0621039 secs]2024-03-31T19:36:49.336+0800: 261.360: [visit unhandled CLDs, 0.0001592 secs]2024-03-31T19:36:49.336+0800: 261.360: [dirty klass scan, 0.0015005 secs], 0.0644990 secs]2024-03-31T19:36:49.338+0800: 261.362: [weak refs processing, 0.0001365 secs]2024-03-31T19:36:49.338+0800: 261.362: [class unloading, 0.0103012 secs]2024-03-31T19:36:49.349+0800: 261.373: [scrub symbol table, 0.0116414 secs]2024-03-31T19:36:49.361+0800: 261.385: [scrub string table, 0.0007039 secs][1 CMS-remark: 63K(64K)] 91636K(118016K), 0.0906300 secs] [Times: user=0.09 sys=0.00, real=0.10 secs] 
2024-03-31T19:36:49.365+0800: 261.388: [CMS-concurrent-sweep-start]
2024-03-31T19:36:49.365+0800: 261.389: [CMS-concurrent-sweep: 0.000/0.000 secs] [Times: user=0.00 sys=0.00, real=0.00 secs] 
2024-03-31T19:36:49.366+0800: 261.389: [CMS-concurrent-reset-start]
2024-03-31T19:36:49.366+0800: 261.390: [CMS-concurrent-reset: 0.000/0.000 secs] [Times: user=0.01 sys=0.00, real=0.00 secs] 
2024-03-31T19:36:51.374+0800: 263.398: [GC (CMS Initial Mark) [1 CMS-initial-mark: 63K(64K)] 92282K(118016K), 0.1063409 secs] [Times: user=0.11 sys=0.00, real=0.11 secs] 
2024-03-31T19:36:51.481+0800: 263.505: [CMS-concurrent-mark-start]
2024-03-31T19:36:51.482+0800: 263.505: [CMS-concurrent-mark: 0.000/0.000 secs] [Times: user=0.00 sys=0.00, real=0.00 secs] 
2024-03-31T19:36:51.482+0800: 263.506: [CMS-concurrent-preclean-start]
2024-03-31T19:36:51.484+0800: 263.508: [CMS-concurrent-preclean: 0.001/0.001 secs] [Times: user=0.00 sys=0.00, real=0.01 secs] 
2024-03-31T19:36:51.484+0800: 263.508: [CMS-concurrent-abortable-preclean-start]
2024-03-31T19:36:51.484+0800: 263.508: [CMS-concurrent-abortable-preclean: 0.000/0.000 secs] [Times: user=0.00 sys=0.00, real=0.00 secs] 
2024-03-31T19:36:51.485+0800: 263.509: [GC (CMS Final Remark) [YG occupancy: 92218 K (117952 K)]2024-03-31T19:36:51.485+0800: 263.509: [Rescan (non-parallel) 2024-03-31T19:36:51.485+0800: 263.509: [grey object rescan, 0.0001253 secs]2024-03-31T19:36:51.486+0800: 263.509: [root rescan, 0.0618271 secs]2024-03-31T19:36:51.548+0800: 263.571: [visit unhandled CLDs, 0.0002005 secs]2024-03-31T19:36:51.548+0800: 263.572: [dirty klass scan, 0.0014310 secs], 0.0642153 secs]2024-03-31T19:36:51.550+0800: 263.573: [weak refs processing, 0.0001514 secs]2024-03-31T19:36:51.550+0800: 263.574: [class unloading, 0.0098998 secs]2024-03-31T19:36:51.560+0800: 263.584: [scrub symbol table, 0.0096940 secs]2024-03-31T19:36:51.570+0800: 263.594: [scrub string table, 0.0004733 secs][1 CMS-remark: 63K(64K)] 92282K(118016K), 0.0873500 secs] [Times: user=0.09 sys=0.00, real=0.08 secs] 
2024-03-31T19:36:51.573+0800: 263.597: [CMS-concurrent-sweep-start]
2024-03-31T19:36:51.573+0800: 263.597: [CMS-concurrent-sweep: 0.000/0.000 secs] [Times: user=0.00 sys=0.00, real=0.00 secs] 
2024-03-31T19:36:51.573+0800: 263.597: [CMS-concurrent-reset-start]
2024-03-31T19:36:51.573+0800: 263.597: [CMS-concurrent-reset: 0.000/0.000 secs] [Times: user=0.00 sys=0.00, real=0.00 secs] 
2024-03-31T19:36:53.575+0800: 265.599: [GC (CMS Initial Mark) [1 CMS-initial-mark: 63K(64K)] 92468K(118016K), 0.0628282 secs] [Times: user=0.06 sys=0.00, real=0.06 secs] 
2024-03-31T19:36:53.639+0800: 265.663: [CMS-concurrent-mark-start]
2024-03-31T19:36:53.640+0800: 265.663: [CMS-concurrent-mark: 0.000/0.000 secs] [Times: user=0.01 sys=0.00, real=0.00 secs] 
2024-03-31T19:36:53.641+0800: 265.664: [CMS-concurrent-preclean-start]
2024-03-31T19:36:53.642+0800: 265.666: [CMS-concurrent-preclean: 0.001/0.001 secs] [Times: user=0.00 sys=0.01, real=0.00 secs] 
2024-03-31T19:36:53.643+0800: 265.667: [CMS-concurrent-abortable-preclean-start]
2024-03-31T19:36:53.643+0800: 265.667: [CMS-concurrent-abortable-preclean: 0.000/0.000 secs] [Times: user=0.00 sys=0.00, real=0.00 secs] 
2024-03-31T19:36:53.644+0800: 265.668: [GC (CMS Final Remark) [YG occupancy: 92413 K (117952 K)]2024-03-31T19:36:53.645+0800: 265.668: [Rescan (non-parallel) 2024-03-31T19:36:53.645+0800: 265.668: [grey object rescan, 0.0002199 secs]2024-03-31T19:36:53.645+0800: 265.669: [root rescan, 0.0634912 secs]2024-03-31T19:36:53.709+0800: 265.733: [visit unhandled CLDs, 0.0001633 secs]2024-03-31T19:36:53.709+0800: 265.733: [dirty klass scan, 0.0015318 secs], 0.0665446 secs]2024-03-31T19:36:53.711+0800: 265.735: [weak refs processing, 0.0002360 secs]2024-03-31T19:36:53.712+0800: 265.735: [class unloading, 0.0104830 secs]2024-03-31T19:36:53.722+0800: 265.746: [scrub symbol table, 0.0119680 secs]2024-03-31T19:36:53.735+0800: 265.758: [scrub string table, 0.0006571 secs][1 CMS-remark: 63K(64K)] 92477K(118016K), 0.0932981 secs] [Times: user=0.09 sys=0.00, real=0.09 secs] 
2024-03-31T19:36:53.739+0800: 265.762: [CMS-concurrent-sweep-start]
2024-03-31T19:36:53.739+0800: 265.763: [CMS-concurrent-sweep: 0.000/0.000 secs] [Times: user=0.00 sys=0.00, real=0.00 secs] 
2024-03-31T19:36:53.740+0800: 265.764: [CMS-concurrent-reset-start]
2024-03-31T19:36:53.740+0800: 265.764: [CMS-concurrent-reset: 0.000/0.000 secs] [Times: user=0.00 sys=0.00, real=0.00 secs] 
2024-03-31T19:36:55.745+0800: 267.769: [GC (CMS Initial Mark) [1 CMS-initial-mark: 63K(64K)] 92901K(118016K), 0.0863858 secs] [Times: user=0.09 sys=0.00, real=0.08 secs] 
2024-03-31T19:36:55.832+0800: 267.856: [CMS-concurrent-mark-start]
2024-03-31T19:36:55.833+0800: 267.857: [CMS-concurrent-mark: 0.000/0.000 secs] [Times: user=0.00 sys=0.00, real=0.00 secs] 
2024-03-31T19:36:55.834+0800: 267.858: [CMS-concurrent-preclean-start]
2024-03-31T19:36:55.835+0800: 267.859: [CMS-concurrent-preclean: 0.001/0.001 secs] [Times: user=0.00 sys=0.00, real=0.01 secs] 
2024-03-31T19:36:55.836+0800: 267.860: [CMS-concurrent-abortable-preclean-start]
2024-03-31T19:36:55.836+0800: 267.860: [CMS-concurrent-abortable-preclean: 0.000/0.000 secs] [Times: user=0.00 sys=0.00, real=0.00 secs] 
2024-03-31T19:36:55.837+0800: 267.861: [GC (CMS Final Remark) [YG occupancy: 92837 K (117952 K)]2024-03-31T19:36:55.837+0800: 267.861: [Rescan (non-parallel) 2024-03-31T19:36:55.837+0800: 267.861: [grey object rescan, 0.0001031 secs]2024-03-31T19:36:55.838+0800: 267.861: [root rescan, 0.0620722 secs]2024-03-31T19:36:55.900+0800: 267.924: [visit unhandled CLDs, 0.0001532 secs]2024-03-31T19:36:55.900+0800: 267.924: [dirty klass scan, 0.0012502 secs], 0.0642205 secs]2024-03-31T19:36:55.902+0800: 267.925: [weak refs processing, 0.0001519 secs]2024-03-31T19:36:55.902+0800: 267.926: [class unloading, 0.0096713 secs]2024-03-31T19:36:55.912+0800: 267.936: [scrub symbol table, 0.0097494 secs]2024-03-31T19:36:55.922+0800: 267.945: [scrub string table, 0.0005006 secs][1 CMS-remark: 63K(64K)] 92901K(118016K), 0.0871398 secs] [Times: user=0.09 sys=0.00, real=0.09 secs] 
2024-03-31T19:36:55.925+0800: 267.949: [CMS-concurrent-sweep-start]
2024-03-31T19:36:55.926+0800: 267.949: [CMS-concurrent-sweep: 0.000/0.000 secs] [Times: user=0.00 sys=0.00, real=0.00 secs] 
2024-03-31T19:36:55.928+0800: 267.952: [CMS-concurrent-reset-start]
2024-03-31T19:36:55.928+0800: 267.952: [CMS-concurrent-reset: 0.000/0.000 secs] [Times: user=0.00 sys=0.00, real=0.00 secs] 
2024-03-31T19:36:57.937+0800: 269.961: [GC (CMS Initial Mark) [1 CMS-initial-mark: 63K(64K)] 93097K(118016K), 0.1047079 secs] [Times: user=0.10 sys=0.00, real=0.10 secs] 
2024-03-31T19:36:58.042+0800: 270.066: [CMS-concurrent-mark-start]
2024-03-31T19:36:58.044+0800: 270.067: [CMS-concurrent-mark: 0.000/0.000 secs] [Times: user=0.00 sys=0.00, real=0.00 secs] 
2024-03-31T19:36:58.045+0800: 270.069: [CMS-concurrent-preclean-start]
2024-03-31T19:36:58.047+0800: 270.071: [CMS-concurrent-preclean: 0.001/0.001 secs] [Times: user=0.00 sys=0.00, real=0.00 secs] 
2024-03-31T19:36:58.048+0800: 270.072: [CMS-concurrent-abortable-preclean-start]
2024-03-31T19:36:58.049+0800: 270.073: [CMS-concurrent-abortable-preclean: 0.000/0.000 secs] [Times: user=0.00 sys=0.00, real=0.00 secs] 
2024-03-31T19:36:58.050+0800: 270.074: [GC (CMS Final Remark) [YG occupancy: 93033 K (117952 K)]2024-03-31T19:36:58.050+0800: 270.074: [Rescan (non-parallel) 2024-03-31T19:36:58.051+0800: 270.074: [grey object rescan, 0.0001037 secs]2024-03-31T19:36:58.051+0800: 270.074: [root rescan, 0.0606192 secs]2024-03-31T19:36:58.112+0800: 270.135: [visit unhandled CLDs, 0.0001491 secs]2024-03-31T19:36:58.112+0800: 270.136: [dirty klass scan, 0.0012045 secs], 0.0627183 secs]2024-03-31T19:36:58.113+0800: 270.137: [weak refs processing, 0.0001428 secs]2024-03-31T19:36:58.113+0800: 270.137: [class unloading, 0.0097981 secs]2024-03-31T19:36:58.123+0800: 270.147: [scrub symbol table, 0.0097986 secs]2024-03-31T19:36:58.133+0800: 270.157: [scrub string table, 0.0005184 secs][1 CMS-remark: 63K(64K)] 93097K(118016K), 0.0857990 secs] [Times: user=0.08 sys=0.00, real=0.09 secs] 
2024-03-31T19:36:58.137+0800: 270.160: [CMS-concurrent-sweep-start]
2024-03-31T19:36:58.137+0800: 270.161: [CMS-concurrent-sweep: 0.000/0.000 secs] [Times: user=0.01 sys=0.00, real=0.00 secs] 
2024-03-31T19:36:58.137+0800: 270.161: [CMS-concurrent-reset-start]
2024-03-31T19:36:58.138+0800: 270.161: [CMS-concurrent-reset: 0.000/0.000 secs] [Times: user=0.00 sys=0.00, real=0.00 secs] 
2024-03-31T19:37:00.152+0800: 272.175: [GC (CMS Initial Mark) [1 CMS-initial-mark: 63K(64K)] 93343K(118016K), 0.0944460 secs] [Times: user=0.09 sys=0.00, real=0.10 secs] 
2024-03-31T19:37:00.248+0800: 272.271: [CMS-concurrent-mark-start]
2024-03-31T19:37:00.248+0800: 272.271: [CMS-concurrent-mark: 0.000/0.000 secs] [Times: user=0.00 sys=0.00, real=0.00 secs] 
2024-03-31T19:37:00.249+0800: 272.272: [CMS-concurrent-preclean-start]
2024-03-31T19:37:00.250+0800: 272.273: [CMS-concurrent-preclean: 0.001/0.001 secs] [Times: user=0.01 sys=0.00, real=0.00 secs] 
2024-03-31T19:37:00.250+0800: 272.274: [CMS-concurrent-abortable-preclean-start]
2024-03-31T19:37:00.250+0800: 272.274: [CMS-concurrent-abortable-preclean: 0.000/0.000 secs] [Times: user=0.00 sys=0.00, real=0.00 secs] 
2024-03-31T19:37:00.251+0800: 272.274: [GC (CMS Final Remark) [YG occupancy: 93279 K (117952 K)]2024-03-31T19:37:00.251+0800: 272.275: [Rescan (non-parallel) 2024-03-31T19:37:00.252+0800: 272.275: [grey object rescan, 0.0001053 secs]2024-03-31T19:37:00.252+0800: 272.275: [root rescan, 0.0609259 secs]2024-03-31T19:37:00.313+0800: 272.336: [visit unhandled CLDs, 0.0001569 secs]2024-03-31T19:37:00.313+0800: 272.336: [dirty klass scan, 0.0012452 secs], 0.0630647 secs]2024-03-31T19:37:00.315+0800: 272.338: [weak refs processing, 0.0001491 secs]2024-03-31T19:37:00.315+0800: 272.338: [class unloading, 0.0096929 secs]2024-03-31T19:37:00.325+0800: 272.348: [scrub symbol table, 0.0096267 secs]2024-03-31T19:37:00.335+0800: 272.358: [scrub string table, 0.0005252 secs][1 CMS-remark: 63K(64K)] 93343K(118016K), 0.0860050 secs] [Times: user=0.08 sys=0.00, real=0.09 secs] 
2024-03-31T19:37:00.338+0800: 272.361: [CMS-concurrent-sweep-start]
2024-03-31T19:37:00.338+0800: 272.361: [CMS-concurrent-sweep: 0.000/0.000 secs] [Times: user=0.00 sys=0.00, real=0.00 secs] 
2024-03-31T19:37:00.339+0800: 272.362: [CMS-concurrent-reset-start]
2024-03-31T19:37:00.339+0800: 272.363: [CMS-concurrent-reset: 0.000/0.000 secs] [Times: user=0.00 sys=0.00, real=0.00 secs] 
2024-03-31T19:37:02.348+0800: 274.372: [GC (CMS Initial Mark) [1 CMS-initial-mark: 63K(64K)] 93852K(118016K), 0.1007367 secs] [Times: user=0.10 sys=0.01, real=0.10 secs] 
2024-03-31T19:37:02.450+0800: 274.473: [CMS-concurrent-mark-start]
2024-03-31T19:37:02.451+0800: 274.474: [CMS-concurrent-mark: 0.000/0.000 secs] [Times: user=0.00 sys=0.00, real=0.00 secs] 
2024-03-31T19:37:02.452+0800: 274.475: [CMS-concurrent-preclean-start]
2024-03-31T19:37:02.453+0800: 274.476: [CMS-concurrent-preclean: 0.001/0.001 secs] [Times: user=0.00 sys=0.00, real=0.00 secs] 
2024-03-31T19:37:02.453+0800: 274.476: [CMS-concurrent-abortable-preclean-start]
2024-03-31T19:37:02.453+0800: 274.477: [CMS-concurrent-abortable-preclean: 0.000/0.000 secs] [Times: user=0.00 sys=0.00, real=0.00 secs] 
2024-03-31T19:37:02.454+0800: 274.477: [GC (CMS Final Remark) [YG occupancy: 93788 K (117952 K)]2024-03-31T19:37:02.454+0800: 274.477: [Rescan (non-parallel) 2024-03-31T19:37:02.454+0800: 274.477: [grey object rescan, 0.0001022 secs]2024-03-31T19:37:02.454+0800: 274.478: [root rescan, 0.0613060 secs]2024-03-31T19:37:02.516+0800: 274.539: [visit unhandled CLDs, 0.0001666 secs]2024-03-31T19:37:02.516+0800: 274.539: [dirty klass scan, 0.0011844 secs], 0.0633431 secs]2024-03-31T19:37:02.518+0800: 274.541: [weak refs processing, 0.0001579 secs]2024-03-31T19:37:02.518+0800: 274.541: [class unloading, 0.0097216 secs]2024-03-31T19:37:02.528+0800: 274.551: [scrub symbol table, 0.0097707 secs]2024-03-31T19:37:02.538+0800: 274.561: [scrub string table, 0.0004987 secs][1 CMS-remark: 63K(64K)] 93852K(118016K), 0.0863321 secs] [Times: user=0.08 sys=0.00, real=0.09 secs] 
2024-03-31T19:37:02.541+0800: 274.564: [CMS-concurrent-sweep-start]
2024-03-31T19:37:02.541+0800: 274.564: [CMS-concurrent-sweep: 0.000/0.000 secs] [Times: user=0.00 sys=0.00, real=0.00 secs] 
2024-03-31T19:37:02.542+0800: 274.565: [CMS-concurrent-reset-start]
2024-03-31T19:37:02.542+0800: 274.565: [CMS-concurrent-reset: 0.000/0.000 secs] [Times: user=0.00 sys=0.00, real=0.00 secs] 
2024-03-31T19:37:04.546+0800: 276.570: [GC (CMS Initial Mark) [1 CMS-initial-mark: 63K(64K)] 94040K(118016K), 0.0915418 secs] [Times: user=0.09 sys=0.00, real=0.09 secs] 
2024-03-31T19:37:04.639+0800: 276.662: [CMS-concurrent-mark-start]
2024-03-31T19:37:04.640+0800: 276.663: [CMS-concurrent-mark: 0.000/0.000 secs] [Times: user=0.00 sys=0.00, real=0.00 secs] 
2024-03-31T19:37:04.641+0800: 276.664: [CMS-concurrent-preclean-start]
2024-03-31T19:37:04.642+0800: 276.665: [CMS-concurrent-preclean: 0.001/0.001 secs] [Times: user=0.01 sys=0.00, real=0.00 secs] 
2024-03-31T19:37:04.642+0800: 276.665: [CMS-concurrent-abortable-preclean-start]
2024-03-31T19:37:04.642+0800: 276.665: [CMS-concurrent-abortable-preclean: 0.000/0.000 secs] [Times: user=0.00 sys=0.00, real=0.00 secs] 
2024-03-31T19:37:04.643+0800: 276.666: [GC (CMS Final Remark) [YG occupancy: 93991 K (117952 K)]2024-03-31T19:37:04.643+0800: 276.666: [Rescan (non-parallel) 2024-03-31T19:37:04.643+0800: 276.666: [grey object rescan, 0.0000960 secs]2024-03-31T19:37:04.643+0800: 276.666: [root rescan, 0.0634885 secs]2024-03-31T19:37:04.707+0800: 276.730: [visit unhandled CLDs, 0.0001941 secs]2024-03-31T19:37:04.707+0800: 276.730: [dirty klass scan, 0.0013890 secs], 0.0658076 secs]2024-03-31T19:37:04.709+0800: 276.732: [weak refs processing, 0.0001537 secs]2024-03-31T19:37:04.709+0800: 276.732: [class unloading, 0.0098195 secs]2024-03-31T19:37:04.719+0800: 276.742: [scrub symbol table, 0.0106444 secs]2024-03-31T19:37:04.730+0800: 276.753: [scrub string table, 0.0006021 secs][1 CMS-remark: 63K(64K)] 94055K(118016K), 0.0901714 secs] [Times: user=0.09 sys=0.00, real=0.09 secs] 
2024-03-31T19:37:04.734+0800: 276.757: [CMS-concurrent-sweep-start]
2024-03-31T19:37:04.734+0800: 276.757: [CMS-concurrent-sweep: 0.000/0.000 secs] [Times: user=0.00 sys=0.00, real=0.00 secs] 
2024-03-31T19:37:04.735+0800: 276.758: [CMS-concurrent-reset-start]
2024-03-31T19:37:04.735+0800: 276.758: [CMS-concurrent-reset: 0.000/0.000 secs] [Times: user=0.00 sys=0.00, real=0.00 secs] 
2024-03-31T19:37:06.742+0800: 278.766: [GC (CMS Initial Mark) [1 CMS-initial-mark: 63K(64K)] 94470K(118016K), 0.0864390 secs] [Times: user=0.09 sys=0.00, real=0.09 secs] 
2024-03-31T19:37:06.830+0800: 278.853: [CMS-concurrent-mark-start]
2024-03-31T19:37:06.831+0800: 278.854: [CMS-concurrent-mark: 0.000/0.000 secs] [Times: user=0.00 sys=0.00, real=0.00 secs] 
2024-03-31T19:37:06.832+0800: 278.855: [CMS-concurrent-preclean-start]
2024-03-31T19:37:06.833+0800: 278.856: [CMS-concurrent-preclean: 0.001/0.001 secs] [Times: user=0.00 sys=0.01, real=0.00 secs] 
2024-03-31T19:37:06.833+0800: 278.857: [CMS-concurrent-abortable-preclean-start]
2024-03-31T19:37:06.833+0800: 278.857: [CMS-concurrent-abortable-preclean: 0.000/0.000 secs] [Times: user=0.00 sys=0.00, real=0.00 secs] 
2024-03-31T19:37:06.834+0800: 278.857: [GC (CMS Final Remark) [YG occupancy: 94406 K (117952 K)]2024-03-31T19:37:06.834+0800: 278.857: [Rescan (non-parallel) 2024-03-31T19:37:06.834+0800: 278.858: [grey object rescan, 0.0001074 secs]2024-03-31T19:37:06.835+0800: 278.858: [root rescan, 0.0647660 secs]2024-03-31T19:37:06.900+0800: 278.923: [visit unhandled CLDs, 0.0002018 secs]2024-03-31T19:37:06.900+0800: 278.923: [dirty klass scan, 0.0014362 secs], 0.0672130 secs]2024-03-31T19:37:06.902+0800: 278.925: [weak refs processing, 0.0001580 secs]2024-03-31T19:37:06.902+0800: 278.925: [class unloading, 0.0108004 secs]2024-03-31T19:37:06.913+0800: 278.936: [scrub symbol table, 0.0113246 secs]2024-03-31T19:37:06.924+0800: 278.948: [scrub string table, 0.0006487 secs][1 CMS-remark: 63K(64K)] 94470K(118016K), 0.0933356 secs] [Times: user=0.09 sys=0.00, real=0.10 secs] 
2024-03-31T19:37:06.928+0800: 278.952: [CMS-concurrent-sweep-start]
2024-03-31T19:37:06.929+0800: 278.952: [CMS-concurrent-sweep: 0.000/0.000 secs] [Times: user=0.00 sys=0.00, real=0.00 secs] 
2024-03-31T19:37:06.929+0800: 278.952: [CMS-concurrent-reset-start]
2024-03-31T19:37:06.930+0800: 278.953: [CMS-concurrent-reset: 0.000/0.000 secs] [Times: user=0.00 sys=0.00, real=0.00 secs] 
2024-03-31T19:37:08.932+0800: 280.955: [GC (CMS Initial Mark) [1 CMS-initial-mark: 63K(64K)] 94545K(118016K), 0.0883253 secs] [Times: user=0.09 sys=0.00, real=0.10 secs] 
2024-03-31T19:37:09.025+0800: 281.048: [CMS-concurrent-mark-start]
2024-03-31T19:37:09.026+0800: 281.049: [CMS-concurrent-mark: 0.000/0.000 secs] [Times: user=0.00 sys=0.00, real=0.00 secs] 
2024-03-31T19:37:09.027+0800: 281.050: [CMS-concurrent-preclean-start]
2024-03-31T19:37:09.029+0800: 281.052: [CMS-concurrent-preclean: 0.001/0.001 secs] [Times: user=0.00 sys=0.00, real=0.00 secs] 
2024-03-31T19:37:09.029+0800: 281.053: [CMS-concurrent-abortable-preclean-start]
2024-03-31T19:37:09.030+0800: 281.053: [CMS-concurrent-abortable-preclean: 0.000/0.000 secs] [Times: user=0.00 sys=0.00, real=0.00 secs] 
2024-03-31T19:37:09.031+0800: 281.054: [GC (CMS Final Remark) [YG occupancy: 94481 K (117952 K)]2024-03-31T19:37:09.031+0800: 281.055: [Rescan (non-parallel) 2024-03-31T19:37:09.031+0800: 281.055: [grey object rescan, 0.0001962 secs]2024-03-31T19:37:09.032+0800: 281.055: [root rescan, 0.0624270 secs]2024-03-31T19:37:09.095+0800: 281.118: [visit unhandled CLDs, 0.0001726 secs]2024-03-31T19:37:09.095+0800: 281.118: [dirty klass scan, 0.0012485 secs], 0.0648080 secs]2024-03-31T19:37:09.096+0800: 281.119: [weak refs processing, 0.0003262 secs]2024-03-31T19:37:09.097+0800: 281.120: [class unloading, 0.0104337 secs]2024-03-31T19:37:09.107+0800: 281.130: [scrub symbol table, 0.0099862 secs]2024-03-31T19:37:09.117+0800: 281.141: [scrub string table, 0.0005225 secs][1 CMS-remark: 63K(64K)] 94545K(118016K), 0.0891429 secs] [Times: user=0.09 sys=0.00, real=0.09 secs] 
2024-03-31T19:37:09.121+0800: 281.144: [CMS-concurrent-sweep-start]
2024-03-31T19:37:09.122+0800: 281.145: [CMS-concurrent-sweep: 0.000/0.000 secs] [Times: user=0.00 sys=0.00, real=0.00 secs] 
2024-03-31T19:37:09.125+0800: 281.148: [CMS-concurrent-reset-start]
2024-03-31T19:37:09.126+0800: 281.149: [CMS-concurrent-reset: 0.000/0.000 secs] [Times: user=0.01 sys=0.00, real=0.01 secs] 
2024-03-31T19:37:11.134+0800: 283.158: [GC (CMS Initial Mark) [1 CMS-initial-mark: 63K(64K)] 94805K(118016K), 0.1021428 secs] [Times: user=0.10 sys=0.01, real=0.10 secs] 
2024-03-31T19:37:11.237+0800: 283.261: [CMS-concurrent-mark-start]
2024-03-31T19:37:11.239+0800: 283.262: [CMS-concurrent-mark: 0.000/0.000 secs] [Times: user=0.00 sys=0.00, real=0.00 secs] 
2024-03-31T19:37:11.240+0800: 283.263: [CMS-concurrent-preclean-start]
2024-03-31T19:37:11.242+0800: 283.265: [CMS-concurrent-preclean: 0.001/0.001 secs] [Times: user=0.01 sys=0.00, real=0.00 secs] 
2024-03-31T19:37:11.243+0800: 283.266: [CMS-concurrent-abortable-preclean-start]
2024-03-31T19:37:11.244+0800: 283.267: [CMS-concurrent-abortable-preclean: 0.000/0.000 secs] [Times: user=0.00 sys=0.00, real=0.00 secs] 
2024-03-31T19:37:11.247+0800: 283.270: [GC (CMS Final Remark) [YG occupancy: 94741 K (117952 K)]2024-03-31T19:37:11.247+0800: 283.270: [Rescan (non-parallel) 2024-03-31T19:37:11.247+0800: 283.270: [grey object rescan, 0.0001117 secs]2024-03-31T19:37:11.247+0800: 283.270: [root rescan, 0.0617855 secs]2024-03-31T19:37:11.309+0800: 283.332: [visit unhandled CLDs, 0.0001627 secs]2024-03-31T19:37:11.309+0800: 283.333: [dirty klass scan, 0.0012408 secs], 0.0639125 secs]2024-03-31T19:37:11.311+0800: 283.334: [weak refs processing, 0.0001408 secs]2024-03-31T19:37:11.311+0800: 283.334: [class unloading, 0.0096628 secs]2024-03-31T19:37:11.321+0800: 283.344: [scrub symbol table, 0.0098166 secs]2024-03-31T19:37:11.331+0800: 283.354: [scrub string table, 0.0005335 secs][1 CMS-remark: 63K(64K)] 94805K(118016K), 0.0869474 secs] [Times: user=0.09 sys=0.00, real=0.08 secs] 
2024-03-31T19:37:11.334+0800: 283.357: [CMS-concurrent-sweep-start]
2024-03-31T19:37:11.334+0800: 283.358: [CMS-concurrent-sweep: 0.000/0.000 secs] [Times: user=0.00 sys=0.00, real=0.01 secs] 
2024-03-31T19:37:11.335+0800: 283.358: [CMS-concurrent-reset-start]
2024-03-31T19:37:11.335+0800: 283.358: [CMS-concurrent-reset: 0.000/0.000 secs] [Times: user=0.00 sys=0.00, real=0.00 secs] 
2024-03-31T19:37:13.344+0800: 285.367: [GC (CMS Initial Mark) [1 CMS-initial-mark: 63K(64K)] 95029K(118016K), 0.1026702 secs] [Times: user=0.10 sys=0.01, real=0.11 secs] 
2024-03-31T19:37:13.447+0800: 285.470: [CMS-concurrent-mark-start]
2024-03-31T19:37:13.448+0800: 285.471: [CMS-concurrent-mark: 0.000/0.000 secs] [Times: user=0.00 sys=0.00, real=0.00 secs] 
2024-03-31T19:37:13.449+0800: 285.472: [CMS-concurrent-preclean-start]
2024-03-31T19:37:13.451+0800: 285.474: [CMS-concurrent-preclean: 0.001/0.001 secs] [Times: user=0.01 sys=0.00, real=0.00 secs] 
2024-03-31T19:37:13.451+0800: 285.474: [CMS-concurrent-abortable-preclean-start]
2024-03-31T19:37:13.451+0800: 285.475: [CMS-concurrent-abortable-preclean: 0.000/0.000 secs] [Times: user=0.00 sys=0.00, real=0.00 secs] 
2024-03-31T19:37:13.452+0800: 285.475: [GC (CMS Final Remark) [YG occupancy: 94965 K (117952 K)]2024-03-31T19:37:13.452+0800: 285.476: [Rescan (non-parallel) 2024-03-31T19:37:13.453+0800: 285.476: [grey object rescan, 0.0001333 secs]2024-03-31T19:37:13.453+0800: 285.476: [root rescan, 0.0656319 secs]2024-03-31T19:37:13.519+0800: 285.542: [visit unhandled CLDs, 0.0001695 secs]2024-03-31T19:37:13.519+0800: 285.542: [dirty klass scan, 0.0016977 secs], 0.0685060 secs]2024-03-31T19:37:13.521+0800: 285.544: [weak refs processing, 0.0001766 secs]2024-03-31T19:37:13.521+0800: 285.545: [class unloading, 0.0106378 secs]2024-03-31T19:37:13.532+0800: 285.556: [scrub symbol table, 0.0124045 secs]2024-03-31T19:37:13.545+0800: 285.568: [scrub string table, 0.0005785 secs][1 CMS-remark: 63K(64K)] 95029K(118016K), 0.0955027 secs] [Times: user=0.09 sys=0.00, real=0.10 secs] 
2024-03-31T19:37:13.549+0800: 285.572: [CMS-concurrent-sweep-start]
2024-03-31T19:37:13.549+0800: 285.572: [CMS-concurrent-sweep: 0.000/0.000 secs] [Times: user=0.00 sys=0.00, real=0.00 secs] 
2024-03-31T19:37:13.550+0800: 285.573: [CMS-concurrent-reset-start]
2024-03-31T19:37:13.550+0800: 285.574: [CMS-concurrent-reset: 0.000/0.000 secs] [Times: user=0.00 sys=0.00, real=0.00 secs] 
2024-03-31T19:37:15.554+0800: 287.578: [GC (CMS Initial Mark) [1 CMS-initial-mark: 63K(64K)] 95347K(118016K), 0.1192818 secs] [Times: user=0.12 sys=0.00, real=0.11 secs] 
2024-03-31T19:37:15.675+0800: 287.698: [CMS-concurrent-mark-start]
2024-03-31T19:37:15.676+0800: 287.699: [CMS-concurrent-mark: 0.000/0.000 secs] [Times: user=0.00 sys=0.00, real=0.00 secs] 
2024-03-31T19:37:15.677+0800: 287.700: [CMS-concurrent-preclean-start]
2024-03-31T19:37:15.678+0800: 287.702: [CMS-concurrent-preclean: 0.001/0.001 secs] [Times: user=0.00 sys=0.00, real=0.00 secs] 
2024-03-31T19:37:15.679+0800: 287.702: [CMS-concurrent-abortable-preclean-start]
2024-03-31T19:37:15.679+0800: 287.702: [CMS-concurrent-abortable-preclean: 0.000/0.000 secs] [Times: user=0.00 sys=0.00, real=0.00 secs] 
2024-03-31T19:37:15.680+0800: 287.703: [GC (CMS Final Remark) [YG occupancy: 95283 K (117952 K)]2024-03-31T19:37:15.680+0800: 287.703: [Rescan (non-parallel) 2024-03-31T19:37:15.680+0800: 287.704: [grey object rescan, 0.0001558 secs]2024-03-31T19:37:15.681+0800: 287.704: [root rescan, 0.0647213 secs]2024-03-31T19:37:15.746+0800: 287.769: [visit unhandled CLDs, 0.0001918 secs]2024-03-31T19:37:15.746+0800: 287.769: [dirty klass scan, 0.0013916 secs], 0.0672078 secs]2024-03-31T19:37:15.748+0800: 287.771: [weak refs processing, 0.0001662 secs]2024-03-31T19:37:15.748+0800: 287.771: [class unloading, 0.0122085 secs]2024-03-31T19:37:15.760+0800: 287.783: [scrub symbol table, 0.0114863 secs]2024-03-31T19:37:15.772+0800: 287.795: [scrub string table, 0.0007228 secs][1 CMS-remark: 63K(64K)] 95347K(118016K), 0.0947872 secs] [Times: user=0.09 sys=0.00, real=0.10 secs] 
2024-03-31T19:37:15.776+0800: 287.799: [CMS-concurrent-sweep-start]
2024-03-31T19:37:15.776+0800: 287.799: [CMS-concurrent-sweep: 0.000/0.000 secs] [Times: user=0.00 sys=0.00, real=0.00 secs] 
2024-03-31T19:37:15.776+0800: 287.800: [CMS-concurrent-reset-start]
2024-03-31T19:37:15.777+0800: 287.800: [CMS-concurrent-reset: 0.000/0.000 secs] [Times: user=0.00 sys=0.00, real=0.00 secs] 
2024-03-31T19:37:17.787+0800: 289.810: [GC (CMS Initial Mark) [1 CMS-initial-mark: 63K(64K)] 95863K(118016K), 0.0966108 secs] [Times: user=0.10 sys=0.00, real=0.09 secs] 
2024-03-31T19:37:17.884+0800: 289.907: [CMS-concurrent-mark-start]
2024-03-31T19:37:17.885+0800: 289.908: [CMS-concurrent-mark: 0.000/0.000 secs] [Times: user=0.00 sys=0.00, real=0.01 secs] 
2024-03-31T19:37:17.885+0800: 289.909: [CMS-concurrent-preclean-start]
2024-03-31T19:37:17.887+0800: 289.910: [CMS-concurrent-preclean: 0.001/0.001 secs] [Times: user=0.00 sys=0.00, real=0.00 secs] 
2024-03-31T19:37:17.887+0800: 289.910: [CMS-concurrent-abortable-preclean-start]
2024-03-31T19:37:17.887+0800: 289.911: [CMS-concurrent-abortable-preclean: 0.000/0.000 secs] [Times: user=0.00 sys=0.00, real=0.00 secs] 
2024-03-31T19:37:17.888+0800: 289.911: [GC (CMS Final Remark) [YG occupancy: 95801 K (117952 K)]2024-03-31T19:37:17.888+0800: 289.911: [Rescan (non-parallel) 2024-03-31T19:37:17.888+0800: 289.912: [grey object rescan, 0.0001173 secs]2024-03-31T19:37:17.889+0800: 289.912: [root rescan, 0.0625885 secs]2024-03-31T19:37:17.951+0800: 289.975: [visit unhandled CLDs, 0.0001476 secs]2024-03-31T19:37:17.952+0800: 289.975: [dirty klass scan, 0.0012552 secs], 0.0647367 secs]2024-03-31T19:37:17.953+0800: 289.976: [weak refs processing, 0.0001404 secs]2024-03-31T19:37:17.953+0800: 289.977: [class unloading, 0.0096576 secs]2024-03-31T19:37:17.963+0800: 289.986: [scrub symbol table, 0.0096718 secs]2024-03-31T19:37:17.973+0800: 289.996: [scrub string table, 0.0004877 secs][1 CMS-remark: 63K(64K)] 95865K(118016K), 0.0876718 secs] [Times: user=0.08 sys=0.00, real=0.09 secs] 
2024-03-31T19:37:17.976+0800: 290.000: [CMS-concurrent-sweep-start]
2024-03-31T19:37:17.976+0800: 290.000: [CMS-concurrent-sweep: 0.000/0.000 secs] [Times: user=0.00 sys=0.00, real=0.00 secs] 
2024-03-31T19:37:17.977+0800: 290.000: [CMS-concurrent-reset-start]
2024-03-31T19:37:17.978+0800: 290.001: [CMS-concurrent-reset: 0.000/0.000 secs] [Times: user=0.00 sys=0.00, real=0.00 secs] 
2024-03-31T19:37:19.981+0800: 292.004: [GC (CMS Initial Mark) [1 CMS-initial-mark: 63K(64K)] 96044K(118016K), 0.1004835 secs] [Times: user=0.10 sys=0.00, real=0.10 secs] 
2024-03-31T19:37:20.082+0800: 292.106: [CMS-concurrent-mark-start]
2024-03-31T19:37:20.083+0800: 292.106: [CMS-concurrent-mark: 0.000/0.000 secs] [Times: user=0.00 sys=0.00, real=0.00 secs] 
2024-03-31T19:37:20.084+0800: 292.108: [CMS-concurrent-preclean-start]
2024-03-31T19:37:20.086+0800: 292.109: [CMS-concurrent-preclean: 0.001/0.001 secs] [Times: user=0.00 sys=0.00, real=0.01 secs] 
2024-03-31T19:37:20.087+0800: 292.110: [CMS-concurrent-abortable-preclean-start]
2024-03-31T19:37:20.087+0800: 292.111: [CMS-concurrent-abortable-preclean: 0.000/0.000 secs] [Times: user=0.00 sys=0.00, real=0.00 secs] 
2024-03-31T19:37:20.088+0800: 292.111: [GC (CMS Final Remark) [YG occupancy: 95996 K (117952 K)]2024-03-31T19:37:20.088+0800: 292.112: [Rescan (non-parallel) 2024-03-31T19:37:20.089+0800: 292.112: [grey object rescan, 0.0001044 secs]2024-03-31T19:37:20.089+0800: 292.112: [root rescan, 0.0624922 secs]2024-03-31T19:37:20.152+0800: 292.175: [visit unhandled CLDs, 0.0001702 secs]2024-03-31T19:37:20.152+0800: 292.175: [dirty klass scan, 0.0012818 secs], 0.0648824 secs]2024-03-31T19:37:20.154+0800: 292.177: [weak refs processing, 0.0001689 secs]2024-03-31T19:37:20.154+0800: 292.177: [class unloading, 0.0106956 secs]2024-03-31T19:37:20.165+0800: 292.188: [scrub symbol table, 0.0173363 secs]2024-03-31T19:37:20.182+0800: 292.206: [scrub string table, 0.0006643 secs][1 CMS-remark: 63K(64K)] 96060K(118016K), 0.0970640 secs] [Times: user=0.09 sys=0.01, real=0.10 secs] 
2024-03-31T19:37:20.187+0800: 292.211: [CMS-concurrent-sweep-start]
2024-03-31T19:37:20.188+0800: 292.211: [CMS-concurrent-sweep: 0.000/0.000 secs] [Times: user=0.00 sys=0.00, real=0.00 secs] 
2024-03-31T19:37:20.190+0800: 292.213: [CMS-concurrent-reset-start]
2024-03-31T19:37:20.190+0800: 292.214: [CMS-concurrent-reset: 0.000/0.000 secs] [Times: user=0.00 sys=0.00, real=0.00 secs] 
2024-03-31T19:37:22.200+0800: 294.224: [GC (CMS Initial Mark) [1 CMS-initial-mark: 63K(64K)] 96273K(118016K), 0.1034163 secs] [Times: user=0.11 sys=0.00, real=0.10 secs] 
2024-03-31T19:37:22.304+0800: 294.328: [CMS-concurrent-mark-start]
2024-03-31T19:37:22.305+0800: 294.328: [CMS-concurrent-mark: 0.000/0.000 secs] [Times: user=0.00 sys=0.00, real=0.00 secs] 
2024-03-31T19:37:22.306+0800: 294.329: [CMS-concurrent-preclean-start]
2024-03-31T19:37:22.309+0800: 294.332: [CMS-concurrent-preclean: 0.001/0.001 secs] [Times: user=0.00 sys=0.00, real=0.00 secs] 
2024-03-31T19:37:22.310+0800: 294.333: [CMS-concurrent-abortable-preclean-start]
2024-03-31T19:37:22.311+0800: 294.335: [CMS-concurrent-abortable-preclean: 0.000/0.000 secs] [Times: user=0.01 sys=0.00, real=0.00 secs] 
2024-03-31T19:37:22.313+0800: 294.336: [GC (CMS Final Remark) [YG occupancy: 96209 K (117952 K)]2024-03-31T19:37:22.313+0800: 294.337: [Rescan (non-parallel) 2024-03-31T19:37:22.314+0800: 294.337: [grey object rescan, 0.0001012 secs]2024-03-31T19:37:22.314+0800: 294.337: [root rescan, 0.0634845 secs]2024-03-31T19:37:22.377+0800: 294.401: [visit unhandled CLDs, 0.0001641 secs]2024-03-31T19:37:22.378+0800: 294.401: [dirty klass scan, 0.0012662 secs], 0.0656230 secs]2024-03-31T19:37:22.379+0800: 294.402: [weak refs processing, 0.0001371 secs]2024-03-31T19:37:22.379+0800: 294.403: [class unloading, 0.0095301 secs]2024-03-31T19:37:22.389+0800: 294.412: [scrub symbol table, 0.0097660 secs]2024-03-31T19:37:22.399+0800: 294.422: [scrub string table, 0.0004964 secs][1 CMS-remark: 63K(64K)] 96273K(118016K), 0.0883633 secs] [Times: user=0.08 sys=0.01, real=0.09 secs] 
2024-03-31T19:37:22.402+0800: 294.425: [CMS-concurrent-sweep-start]
2024-03-31T19:37:22.402+0800: 294.425: [CMS-concurrent-sweep: 0.000/0.000 secs] [Times: user=0.00 sys=0.00, real=0.00 secs] 
2024-03-31T19:37:22.402+0800: 294.426: [CMS-concurrent-reset-start]
2024-03-31T19:37:22.402+0800: 294.426: [CMS-concurrent-reset: 0.000/0.000 secs] [Times: user=0.00 sys=0.00, real=0.00 secs] 
2024-03-31T19:37:24.405+0800: 296.428: [GC (CMS Initial Mark) [1 CMS-initial-mark: 63K(64K)] 96338K(118016K), 0.0668698 secs] [Times: user=0.06 sys=0.00, real=0.06 secs] 
2024-03-31T19:37:24.472+0800: 296.496: [CMS-concurrent-mark-start]
2024-03-31T19:37:24.473+0800: 296.496: [CMS-concurrent-mark: 0.000/0.000 secs] [Times: user=0.00 sys=0.00, real=0.00 secs] 
2024-03-31T19:37:24.474+0800: 296.497: [CMS-concurrent-preclean-start]
2024-03-31T19:37:24.475+0800: 296.498: [CMS-concurrent-preclean: 0.001/0.001 secs] [Times: user=0.01 sys=0.00, real=0.01 secs] 
2024-03-31T19:37:24.476+0800: 296.499: [CMS-concurrent-abortable-preclean-start]
2024-03-31T19:37:24.476+0800: 296.499: [CMS-concurrent-abortable-preclean: 0.000/0.000 secs] [Times: user=0.00 sys=0.00, real=0.00 secs] 
2024-03-31T19:37:24.476+0800: 296.500: [GC (CMS Final Remark) [YG occupancy: 96274 K (117952 K)]2024-03-31T19:37:24.477+0800: 296.500: [Rescan (non-parallel) 2024-03-31T19:37:24.477+0800: 296.500: [grey object rescan, 0.0001916 secs]2024-03-31T19:37:24.477+0800: 296.500: [root rescan, 0.0652001 secs]2024-03-31T19:37:24.543+0800: 296.566: [visit unhandled CLDs, 0.0001634 secs]2024-03-31T19:37:24.543+0800: 296.566: [dirty klass scan, 0.0017565 secs], 0.0680908 secs]2024-03-31T19:37:24.545+0800: 296.568: [weak refs processing, 0.0002095 secs]2024-03-31T19:37:24.545+0800: 296.569: [class unloading, 0.0099053 secs]2024-03-31T19:37:24.556+0800: 296.579: [scrub symbol table, 0.0121755 secs]2024-03-31T19:37:24.568+0800: 296.591: [scrub string table, 0.0005918 secs][1 CMS-remark: 63K(64K)] 96338K(118016K), 0.0945216 secs] [Times: user=0.09 sys=0.00, real=0.09 secs] 
2024-03-31T19:37:24.572+0800: 296.595: [CMS-concurrent-sweep-start]
2024-03-31T19:37:24.572+0800: 296.595: [CMS-concurrent-sweep: 0.000/0.000 secs] [Times: user=0.00 sys=0.00, real=0.00 secs] 
2024-03-31T19:37:24.572+0800: 296.596: [CMS-concurrent-reset-start]
2024-03-31T19:37:24.572+0800: 296.596: [CMS-concurrent-reset: 0.000/0.000 secs] [Times: user=0.00 sys=0.00, real=0.00 secs] 
2024-03-31T19:37:26.579+0800: 298.603: [GC (CMS Initial Mark) [1 CMS-initial-mark: 63K(64K)] 96526K(118016K), 0.0791416 secs] [Times: user=0.08 sys=0.00, real=0.08 secs] 
2024-03-31T19:37:26.661+0800: 298.684: [CMS-concurrent-mark-start]
2024-03-31T19:37:26.661+0800: 298.685: [CMS-concurrent-mark: 0.000/0.000 secs] [Times: user=0.00 sys=0.00, real=0.00 secs] 
2024-03-31T19:37:26.663+0800: 298.686: [CMS-concurrent-preclean-start]
2024-03-31T19:37:26.666+0800: 298.689: [CMS-concurrent-preclean: 0.002/0.002 secs] [Times: user=0.00 sys=0.00, real=0.01 secs] 
2024-03-31T19:37:26.666+0800: 298.689: [CMS-concurrent-abortable-preclean-start]
2024-03-31T19:37:26.666+0800: 298.690: [CMS-concurrent-abortable-preclean: 0.000/0.000 secs] [Times: user=0.00 sys=0.00, real=0.00 secs] 
2024-03-31T19:37:26.668+0800: 298.691: [GC (CMS Final Remark) [YG occupancy: 96462 K (117952 K)]2024-03-31T19:37:26.668+0800: 298.692: [Rescan (non-parallel) 2024-03-31T19:37:26.669+0800: 298.692: [grey object rescan, 0.0004324 secs]2024-03-31T19:37:26.669+0800: 298.693: [root rescan, 0.0722718 secs]2024-03-31T19:37:26.742+0800: 298.765: [visit unhandled CLDs, 0.0003795 secs]2024-03-31T19:37:26.743+0800: 298.766: [dirty klass scan, 0.0017506 secs], 0.0768158 secs]2024-03-31T19:37:26.746+0800: 298.769: [weak refs processing, 0.0004862 secs]2024-03-31T19:37:26.746+0800: 298.769: [class unloading, 0.0109574 secs]2024-03-31T19:37:26.758+0800: 298.781: [scrub symbol table, 0.0196420 secs]2024-03-31T19:37:26.778+0800: 298.801: [scrub string table, 0.0005994 secs][1 CMS-remark: 63K(64K)] 96526K(118016K), 0.1130050 secs] [Times: user=0.11 sys=0.01, real=0.11 secs] 
2024-03-31T19:37:26.784+0800: 298.807: [CMS-concurrent-sweep-start]
2024-03-31T19:37:26.785+0800: 298.808: [CMS-concurrent-sweep: 0.000/0.000 secs] [Times: user=0.00 sys=0.00, real=0.01 secs] 
2024-03-31T19:37:26.788+0800: 298.811: [CMS-concurrent-reset-start]
2024-03-31T19:37:26.788+0800: 298.811: [CMS-concurrent-reset: 0.000/0.000 secs] [Times: user=0.00 sys=0.00, real=0.00 secs] 
2024-03-31T19:37:28.795+0800: 300.819: [GC (CMS Initial Mark) [1 CMS-initial-mark: 63K(64K)] 97583K(118016K), 0.0782228 secs] [Times: user=0.07 sys=0.00, real=0.07 secs] 
2024-03-31T19:37:28.875+0800: 300.898: [CMS-concurrent-mark-start]
2024-03-31T19:37:28.875+0800: 300.898: [CMS-concurrent-mark: 0.000/0.000 secs] [Times: user=0.01 sys=0.00, real=0.00 secs] 
2024-03-31T19:37:28.876+0800: 300.899: [CMS-concurrent-preclean-start]
2024-03-31T19:37:28.878+0800: 300.901: [CMS-concurrent-preclean: 0.001/0.001 secs] [Times: user=0.00 sys=0.00, real=0.00 secs] 
2024-03-31T19:37:28.878+0800: 300.901: [CMS-concurrent-abortable-preclean-start]
2024-03-31T19:37:28.878+0800: 300.901: [CMS-concurrent-abortable-preclean: 0.000/0.000 secs] [Times: user=0.00 sys=0.00, real=0.00 secs] 
2024-03-31T19:37:28.879+0800: 300.902: [GC (CMS Final Remark) [YG occupancy: 97519 K (117952 K)]2024-03-31T19:37:28.879+0800: 300.902: [Rescan (non-parallel) 2024-03-31T19:37:28.879+0800: 300.902: [grey object rescan, 0.0001069 secs]2024-03-31T19:37:28.879+0800: 300.902: [root rescan, 0.0662735 secs]2024-03-31T19:37:28.946+0800: 300.969: [visit unhandled CLDs, 0.0002185 secs]2024-03-31T19:37:28.946+0800: 300.969: [dirty klass scan, 0.0015994 secs], 0.0689311 secs]2024-03-31T19:37:28.948+0800: 300.971: [weak refs processing, 0.0001780 secs]2024-03-31T19:37:28.948+0800: 300.971: [class unloading, 0.0105730 secs]2024-03-31T19:37:28.959+0800: 300.982: [scrub symbol table, 0.0124176 secs]2024-03-31T19:37:28.972+0800: 300.995: [scrub string table, 0.0005204 secs][1 CMS-remark: 63K(64K)] 97583K(118016K), 0.0958726 secs] [Times: user=0.09 sys=0.00, real=0.10 secs] 
2024-03-31T19:37:28.975+0800: 300.998: [CMS-concurrent-sweep-start]
2024-03-31T19:37:28.975+0800: 300.999: [CMS-concurrent-sweep: 0.000/0.000 secs] [Times: user=0.00 sys=0.00, real=0.00 secs] 
2024-03-31T19:37:28.976+0800: 300.999: [CMS-concurrent-reset-start]
2024-03-31T19:37:28.976+0800: 300.999: [CMS-concurrent-reset: 0.000/0.000 secs] [Times: user=0.00 sys=0.00, real=0.00 secs] 
2024-03-31T19:37:30.987+0800: 303.011: [GC (CMS Initial Mark) [1 CMS-initial-mark: 63K(64K)] 98670K(118016K), 0.1046532 secs] [Times: user=0.11 sys=0.00, real=0.10 secs] 
2024-03-31T19:37:31.093+0800: 303.116: [CMS-concurrent-mark-start]
2024-03-31T19:37:31.093+0800: 303.117: [CMS-concurrent-mark: 0.000/0.000 secs] [Times: user=0.00 sys=0.00, real=0.00 secs] 
2024-03-31T19:37:31.094+0800: 303.117: [CMS-concurrent-preclean-start]
2024-03-31T19:37:31.095+0800: 303.119: [CMS-concurrent-preclean: 0.001/0.001 secs] [Times: user=0.00 sys=0.00, real=0.01 secs] 
2024-03-31T19:37:31.096+0800: 303.119: [CMS-concurrent-abortable-preclean-start]
2024-03-31T19:37:31.096+0800: 303.119: [CMS-concurrent-abortable-preclean: 0.000/0.000 secs] [Times: user=0.00 sys=0.00, real=0.00 secs] 
2024-03-31T19:37:31.096+0800: 303.120: [GC (CMS Final Remark) [YG occupancy: 98606 K (117952 K)]2024-03-31T19:37:31.097+0800: 303.120: [Rescan (non-parallel) 2024-03-31T19:37:31.097+0800: 303.120: [grey object rescan, 0.0001681 secs]2024-03-31T19:37:31.097+0800: 303.121: [root rescan, 0.0776337 secs]2024-03-31T19:37:31.175+0800: 303.199: [visit unhandled CLDs, 0.0001883 secs]2024-03-31T19:37:31.176+0800: 303.199: [dirty klass scan, 0.0016698 secs], 0.0807229 secs]2024-03-31T19:37:31.177+0800: 303.201: [weak refs processing, 0.0002274 secs]2024-03-31T19:37:31.178+0800: 303.201: [class unloading, 0.0103616 secs]2024-03-31T19:37:31.188+0800: 303.212: [scrub symbol table, 0.0130937 secs]2024-03-31T19:37:31.202+0800: 303.225: [scrub string table, 0.0005733 secs][1 CMS-remark: 63K(64K)] 98670K(118016K), 0.1081657 secs] [Times: user=0.11 sys=0.00, real=0.11 secs] 
2024-03-31T19:37:31.205+0800: 303.229: [CMS-concurrent-sweep-start]
2024-03-31T19:37:31.206+0800: 303.230: [CMS-concurrent-sweep: 0.000/0.000 secs] [Times: user=0.00 sys=0.00, real=0.00 secs] 
2024-03-31T19:37:31.208+0800: 303.231: [CMS-concurrent-reset-start]
2024-03-31T19:37:31.208+0800: 303.232: [CMS-concurrent-reset: 0.000/0.000 secs] [Times: user=0.00 sys=0.00, real=0.00 secs] 
2024-03-31T19:37:33.219+0800: 305.242: [GC (CMS Initial Mark) [1 CMS-initial-mark: 63K(64K)] 98841K(118016K), 0.0870540 secs] [Times: user=0.09 sys=0.00, real=0.09 secs] 
2024-03-31T19:37:33.307+0800: 305.330: [CMS-concurrent-mark-start]
2024-03-31T19:37:33.308+0800: 305.331: [CMS-concurrent-mark: 0.000/0.000 secs] [Times: user=0.00 sys=0.00, real=0.00 secs] 
2024-03-31T19:37:33.309+0800: 305.333: [CMS-concurrent-preclean-start]
2024-03-31T19:37:33.311+0800: 305.335: [CMS-concurrent-preclean: 0.002/0.002 secs] [Times: user=0.01 sys=0.00, real=0.00 secs] 
2024-03-31T19:37:33.312+0800: 305.335: [CMS-concurrent-abortable-preclean-start]
2024-03-31T19:37:33.312+0800: 305.335: [CMS-concurrent-abortable-preclean: 0.000/0.000 secs] [Times: user=0.00 sys=0.00, real=0.00 secs] 
2024-03-31T19:37:33.313+0800: 305.336: [GC (CMS Final Remark) [YG occupancy: 98777 K (117952 K)]2024-03-31T19:37:33.313+0800: 305.336: [Rescan (non-parallel) 2024-03-31T19:37:33.313+0800: 305.337: [grey object rescan, 0.0001598 secs]2024-03-31T19:37:33.313+0800: 305.337: [root rescan, 0.0820915 secs]2024-03-31T19:37:33.396+0800: 305.419: [visit unhandled CLDs, 0.0002973 secs]2024-03-31T19:37:33.396+0800: 305.420: [dirty klass scan, 0.0028805 secs], 0.0864243 secs]2024-03-31T19:37:33.399+0800: 305.423: [weak refs processing, 0.0002698 secs]2024-03-31T19:37:33.400+0800: 305.423: [class unloading, 0.0181249 secs]2024-03-31T19:37:33.418+0800: 305.442: [scrub symbol table, 0.0130861 secs]2024-03-31T19:37:33.432+0800: 305.455: [scrub string table, 0.0005480 secs][1 CMS-remark: 63K(64K)] 98841K(118016K), 0.1218246 secs] [Times: user=0.12 sys=0.00, real=0.13 secs] 
2024-03-31T19:37:33.435+0800: 305.459: [CMS-concurrent-sweep-start]
2024-03-31T19:37:33.436+0800: 305.459: [CMS-concurrent-sweep: 0.000/0.000 secs] [Times: user=0.00 sys=0.00, real=0.00 secs] 
2024-03-31T19:37:33.438+0800: 305.462: [CMS-concurrent-reset-start]
2024-03-31T19:37:33.439+0800: 305.463: [CMS-concurrent-reset: 0.000/0.000 secs] [Times: user=0.00 sys=0.00, real=0.00 secs] 
2024-03-31T19:37:35.450+0800: 307.474: [GC (CMS Initial Mark) [1 CMS-initial-mark: 63K(64K)] 99073K(118016K), 0.1180201 secs] [Times: user=0.12 sys=0.00, real=0.12 secs] 
2024-03-31T19:37:35.569+0800: 307.593: [CMS-concurrent-mark-start]
2024-03-31T19:37:35.570+0800: 307.594: [CMS-concurrent-mark: 0.000/0.000 secs] [Times: user=0.00 sys=0.01, real=0.00 secs] 
2024-03-31T19:37:35.572+0800: 307.595: [CMS-concurrent-preclean-start]
2024-03-31T19:37:35.574+0800: 307.597: [CMS-concurrent-preclean: 0.001/0.001 secs] [Times: user=0.00 sys=0.00, real=0.00 secs] 
2024-03-31T19:37:35.575+0800: 307.599: [CMS-concurrent-abortable-preclean-start]
2024-03-31T19:37:35.577+0800: 307.600: [CMS-concurrent-abortable-preclean: 0.000/0.000 secs] [Times: user=0.01 sys=0.00, real=0.00 secs] 
2024-03-31T19:37:35.580+0800: 307.603: [GC (CMS Final Remark) [YG occupancy: 99014 K (117952 K)]2024-03-31T19:37:35.580+0800: 307.603: [Rescan (non-parallel) 2024-03-31T19:37:35.580+0800: 307.603: [grey object rescan, 0.0001349 secs]2024-03-31T19:37:35.580+0800: 307.604: [root rescan, 0.0647963 secs]2024-03-31T19:37:35.645+0800: 307.669: [visit unhandled CLDs, 0.0001692 secs]2024-03-31T19:37:35.646+0800: 307.669: [dirty klass scan, 0.0013754 secs], 0.0672152 secs]2024-03-31T19:37:35.647+0800: 307.671: [weak refs processing, 0.0001557 secs]2024-03-31T19:37:35.647+0800: 307.671: [class unloading, 0.0097069 secs]2024-03-31T19:37:35.657+0800: 307.681: [scrub symbol table, 0.0098589 secs]2024-03-31T19:37:35.667+0800: 307.691: [scrub string table, 0.0004900 secs][1 CMS-remark: 63K(64K)] 99078K(118016K), 0.0904304 secs] [Times: user=0.09 sys=0.00, real=0.09 secs] 
2024-03-31T19:37:35.671+0800: 307.694: [CMS-concurrent-sweep-start]
2024-03-31T19:37:35.671+0800: 307.695: [CMS-concurrent-sweep: 0.000/0.000 secs] [Times: user=0.00 sys=0.00, real=0.00 secs] 
2024-03-31T19:37:35.672+0800: 307.696: [CMS-concurrent-reset-start]
2024-03-31T19:37:35.673+0800: 307.696: [CMS-concurrent-reset: 0.000/0.000 secs] [Times: user=0.00 sys=0.00, real=0.00 secs] 
2024-03-31T19:37:37.674+0800: 309.697: [GC (CMS Initial Mark) [1 CMS-initial-mark: 63K(64K)] 99322K(118016K), 0.0690239 secs] [Times: user=0.07 sys=0.00, real=0.07 secs] 
2024-03-31T19:37:37.744+0800: 309.767: [CMS-concurrent-mark-start]
2024-03-31T19:37:37.745+0800: 309.768: [CMS-concurrent-mark: 0.000/0.000 secs] [Times: user=0.00 sys=0.00, real=0.01 secs] 
2024-03-31T19:37:37.745+0800: 309.769: [CMS-concurrent-preclean-start]
2024-03-31T19:37:37.747+0800: 309.770: [CMS-concurrent-preclean: 0.001/0.001 secs] [Times: user=0.00 sys=0.00, real=0.00 secs] 
2024-03-31T19:37:37.747+0800: 309.771: [CMS-concurrent-abortable-preclean-start]
2024-03-31T19:37:37.747+0800: 309.771: [CMS-concurrent-abortable-preclean: 0.000/0.000 secs] [Times: user=0.00 sys=0.00, real=0.00 secs] 
2024-03-31T19:37:37.748+0800: 309.772: [GC (CMS Final Remark) [YG occupancy: 99258 K (117952 K)]2024-03-31T19:37:37.748+0800: 309.772: [Rescan (non-parallel) 2024-03-31T19:37:37.748+0800: 309.772: [grey object rescan, 0.0001111 secs]2024-03-31T19:37:37.749+0800: 309.772: [root rescan, 0.0661689 secs]2024-03-31T19:37:37.815+0800: 309.839: [visit unhandled CLDs, 0.0001634 secs]2024-03-31T19:37:37.815+0800: 309.839: [dirty klass scan, 0.0013633 secs], 0.0683988 secs]2024-03-31T19:37:37.817+0800: 309.840: [weak refs processing, 0.0001698 secs]2024-03-31T19:37:37.817+0800: 309.841: [class unloading, 0.0099884 secs]2024-03-31T19:37:37.827+0800: 309.851: [scrub symbol table, 0.0098287 secs]2024-03-31T19:37:37.837+0800: 309.861: [scrub string table, 0.0004937 secs][1 CMS-remark: 63K(64K)] 99322K(118016K), 0.0919480 secs] [Times: user=0.09 sys=0.00, real=0.09 secs] 
2024-03-31T19:37:37.841+0800: 309.864: [CMS-concurrent-sweep-start]
2024-03-31T19:37:37.841+0800: 309.864: [CMS-concurrent-sweep: 0.000/0.000 secs] [Times: user=0.00 sys=0.00, real=0.00 secs] 
2024-03-31T19:37:37.841+0800: 309.864: [CMS-concurrent-reset-start]
2024-03-31T19:37:37.841+0800: 309.864: [CMS-concurrent-reset: 0.000/0.000 secs] [Times: user=0.00 sys=0.00, real=0.00 secs] 
2024-03-31T19:37:39.843+0800: 311.867: [GC (CMS Initial Mark) [1 CMS-initial-mark: 63K(64K)] 99461K(118016K), 0.0741213 secs] [Times: user=0.08 sys=0.00, real=0.08 secs] 
2024-03-31T19:37:39.918+0800: 311.941: [CMS-concurrent-mark-start]
2024-03-31T19:37:39.919+0800: 311.942: [CMS-concurrent-mark: 0.000/0.000 secs] [Times: user=0.00 sys=0.00, real=0.00 secs] 
2024-03-31T19:37:39.920+0800: 311.943: [CMS-concurrent-preclean-start]
2024-03-31T19:37:39.922+0800: 311.945: [CMS-concurrent-preclean: 0.001/0.001 secs] [Times: user=0.00 sys=0.00, real=0.00 secs] 
2024-03-31T19:37:39.922+0800: 311.946: [CMS-concurrent-abortable-preclean-start]
2024-03-31T19:37:39.923+0800: 311.946: [CMS-concurrent-abortable-preclean: 0.000/0.000 secs] [Times: user=0.00 sys=0.00, real=0.00 secs] 
2024-03-31T19:37:39.923+0800: 311.947: [GC (CMS Final Remark) [YG occupancy: 99397 K (117952 K)]2024-03-31T19:37:39.924+0800: 311.947: [Rescan (non-parallel) 2024-03-31T19:37:39.924+0800: 311.947: [grey object rescan, 0.0001149 secs]2024-03-31T19:37:39.924+0800: 311.948: [root rescan, 0.0719898 secs]2024-03-31T19:37:39.996+0800: 312.020: [visit unhandled CLDs, 0.0002431 secs]2024-03-31T19:37:39.997+0800: 312.020: [dirty klass scan, 0.0017133 secs], 0.0748964 secs]2024-03-31T19:37:39.999+0800: 312.022: [weak refs processing, 0.0002303 secs]2024-03-31T19:37:39.999+0800: 312.023: [class unloading, 0.0104122 secs]2024-03-31T19:37:40.010+0800: 312.033: [scrub symbol table, 0.0143758 secs]2024-03-31T19:37:40.025+0800: 312.048: [scrub string table, 0.0006745 secs][1 CMS-remark: 63K(64K)] 99461K(118016K), 0.1042567 secs] [Times: user=0.11 sys=0.00, real=0.11 secs] 
2024-03-31T19:37:40.029+0800: 312.052: [CMS-concurrent-sweep-start]
2024-03-31T19:37:40.031+0800: 312.054: [CMS-concurrent-sweep: 0.000/0.000 secs] [Times: user=0.00 sys=0.00, real=0.00 secs] 
2024-03-31T19:37:40.033+0800: 312.056: [CMS-concurrent-reset-start]
2024-03-31T19:37:40.033+0800: 312.057: [CMS-concurrent-reset: 0.000/0.000 secs] [Times: user=0.00 sys=0.00, real=0.00 secs] 
2024-03-31T19:37:42.044+0800: 314.067: [GC (CMS Initial Mark) [1 CMS-initial-mark: 63K(64K)] 99655K(118016K), 0.1090356 secs] [Times: user=0.11 sys=0.00, real=0.11 secs] 
2024-03-31T19:37:42.153+0800: 314.177: [CMS-concurrent-mark-start]
2024-03-31T19:37:42.154+0800: 314.178: [CMS-concurrent-mark: 0.000/0.000 secs] [Times: user=0.00 sys=0.00, real=0.01 secs] 
2024-03-31T19:37:42.155+0800: 314.178: [CMS-concurrent-preclean-start]
2024-03-31T19:37:42.157+0800: 314.180: [CMS-concurrent-preclean: 0.001/0.001 secs] [Times: user=0.01 sys=0.00, real=0.00 secs] 
2024-03-31T19:37:42.157+0800: 314.180: [CMS-concurrent-abortable-preclean-start]
2024-03-31T19:37:42.157+0800: 314.180: [CMS-concurrent-abortable-preclean: 0.000/0.000 secs] [Times: user=0.00 sys=0.00, real=0.00 secs] 
2024-03-31T19:37:42.158+0800: 314.181: [GC (CMS Final Remark) [YG occupancy: 99592 K (117952 K)]2024-03-31T19:37:42.158+0800: 314.181: [Rescan (non-parallel) 2024-03-31T19:37:42.158+0800: 314.181: [grey object rescan, 0.0001071 secs]2024-03-31T19:37:42.158+0800: 314.182: [root rescan, 0.0648173 secs]2024-03-31T19:37:42.223+0800: 314.247: [visit unhandled CLDs, 0.0001672 secs]2024-03-31T19:37:42.223+0800: 314.247: [dirty klass scan, 0.0014123 secs], 0.0671633 secs]2024-03-31T19:37:42.225+0800: 314.249: [weak refs processing, 0.0001423 secs]2024-03-31T19:37:42.225+0800: 314.249: [class unloading, 0.0101951 secs]2024-03-31T19:37:42.236+0800: 314.259: [scrub symbol table, 0.0100222 secs]2024-03-31T19:37:42.246+0800: 314.269: [scrub string table, 0.0005444 secs][1 CMS-remark: 63K(64K)] 99655K(118016K), 0.0909866 secs] [Times: user=0.09 sys=0.00, real=0.09 secs] 
2024-03-31T19:37:42.249+0800: 314.273: [CMS-concurrent-sweep-start]
2024-03-31T19:37:42.249+0800: 314.273: [CMS-concurrent-sweep: 0.000/0.000 secs] [Times: user=0.00 sys=0.00, real=0.00 secs] 
2024-03-31T19:37:42.250+0800: 314.273: [CMS-concurrent-reset-start]
2024-03-31T19:37:42.250+0800: 314.273: [CMS-concurrent-reset: 0.000/0.000 secs] [Times: user=0.00 sys=0.00, real=0.00 secs] 
2024-03-31T19:37:44.257+0800: 316.280: [GC (CMS Initial Mark) [1 CMS-initial-mark: 63K(64K)] 99876K(118016K), 0.0796451 secs] [Times: user=0.08 sys=0.00, real=0.08 secs] 
2024-03-31T19:37:44.337+0800: 316.361: [CMS-concurrent-mark-start]
2024-03-31T19:37:44.338+0800: 316.361: [CMS-concurrent-mark: 0.000/0.000 secs] [Times: user=0.00 sys=0.00, real=0.00 secs] 
2024-03-31T19:37:44.339+0800: 316.362: [CMS-concurrent-preclean-start]
2024-03-31T19:37:44.341+0800: 316.364: [CMS-concurrent-preclean: 0.001/0.001 secs] [Times: user=0.01 sys=0.00, real=0.00 secs] 
2024-03-31T19:37:44.341+0800: 316.365: [CMS-concurrent-abortable-preclean-start]
2024-03-31T19:37:44.341+0800: 316.365: [CMS-concurrent-abortable-preclean: 0.000/0.000 secs] [Times: user=0.00 sys=0.00, real=0.00 secs] 
2024-03-31T19:37:44.342+0800: 316.366: [GC (CMS Final Remark) [YG occupancy: 99812 K (117952 K)]2024-03-31T19:37:44.342+0800: 316.366: [Rescan (non-parallel) 2024-03-31T19:37:44.342+0800: 316.366: [grey object rescan, 0.0001064 secs]2024-03-31T19:37:44.343+0800: 316.366: [root rescan, 0.0677042 secs]2024-03-31T19:37:44.410+0800: 316.434: [visit unhandled CLDs, 0.0002506 secs]2024-03-31T19:37:44.411+0800: 316.434: [dirty klass scan, 0.0016895 secs], 0.0704938 secs]2024-03-31T19:37:44.413+0800: 316.436: [weak refs processing, 0.0001598 secs]2024-03-31T19:37:44.413+0800: 316.437: [class unloading, 0.0105944 secs]2024-03-31T19:37:44.424+0800: 316.447: [scrub symbol table, 0.0144422 secs]2024-03-31T19:37:44.439+0800: 316.462: [scrub string table, 0.0007128 secs][1 CMS-remark: 63K(64K)] 99876K(118016K), 0.0996422 secs] [Times: user=0.10 sys=0.00, real=0.10 secs] 
2024-03-31T19:37:44.443+0800: 316.467: [CMS-concurrent-sweep-start]
2024-03-31T19:37:44.444+0800: 316.468: [CMS-concurrent-sweep: 0.000/0.000 secs] [Times: user=0.00 sys=0.00, real=0.01 secs] 
2024-03-31T19:37:44.447+0800: 316.470: [CMS-concurrent-reset-start]
2024-03-31T19:37:44.447+0800: 316.471: [CMS-concurrent-reset: 0.000/0.000 secs] [Times: user=0.00 sys=0.00, real=0.00 secs] 
2024-03-31T19:37:46.458+0800: 318.482: [GC (CMS Initial Mark) [1 CMS-initial-mark: 63K(64K)] 100223K(118016K), 0.1061946 secs] [Times: user=0.11 sys=0.00, real=0.11 secs] 
2024-03-31T19:37:46.565+0800: 318.589: [CMS-concurrent-mark-start]
2024-03-31T19:37:46.566+0800: 318.590: [CMS-concurrent-mark: 0.000/0.000 secs] [Times: user=0.00 sys=0.00, real=0.00 secs] 
2024-03-31T19:37:46.567+0800: 318.591: [CMS-concurrent-preclean-start]
2024-03-31T19:37:46.569+0800: 318.593: [CMS-concurrent-preclean: 0.001/0.001 secs] [Times: user=0.00 sys=0.00, real=0.00 secs] 
2024-03-31T19:37:46.570+0800: 318.593: [CMS-concurrent-abortable-preclean-start]
2024-03-31T19:37:46.570+0800: 318.594: [CMS-concurrent-abortable-preclean: 0.000/0.000 secs] [Times: user=0.00 sys=0.00, real=0.00 secs] 
2024-03-31T19:37:46.571+0800: 318.595: [GC (CMS Final Remark) [YG occupancy: 100159 K (117952 K)]2024-03-31T19:37:46.572+0800: 318.595: [Rescan (non-parallel) 2024-03-31T19:37:46.572+0800: 318.595: [grey object rescan, 0.0001610 secs]2024-03-31T19:37:46.572+0800: 318.596: [root rescan, 0.0660907 secs]2024-03-31T19:37:46.638+0800: 318.662: [visit unhandled CLDs, 0.0001805 secs]2024-03-31T19:37:46.639+0800: 318.662: [dirty klass scan, 0.0015577 secs], 0.0687510 secs]2024-03-31T19:37:46.640+0800: 318.664: [weak refs processing, 0.0001382 secs]2024-03-31T19:37:46.641+0800: 318.664: [class unloading, 0.0099222 secs]2024-03-31T19:37:46.651+0800: 318.674: [scrub symbol table, 0.0116130 secs]2024-03-31T19:37:46.663+0800: 318.686: [scrub string table, 0.0005719 secs][1 CMS-remark: 63K(64K)] 100223K(118016K), 0.0941380 secs] [Times: user=0.10 sys=0.00, real=0.10 secs] 
2024-03-31T19:37:46.666+0800: 318.690: [CMS-concurrent-sweep-start]
2024-03-31T19:37:46.667+0800: 318.691: [CMS-concurrent-sweep: 0.000/0.000 secs] [Times: user=0.00 sys=0.00, real=0.00 secs] 
2024-03-31T19:37:46.669+0800: 318.693: [CMS-concurrent-reset-start]
2024-03-31T19:37:46.671+0800: 318.695: [CMS-concurrent-reset: 0.000/0.000 secs] [Times: user=0.00 sys=0.00, real=0.00 secs] 
2024-03-31T19:37:48.675+0800: 320.699: [GC (CMS Initial Mark) [1 CMS-initial-mark: 63K(64K)] 100637K(118016K), 0.0817003 secs] [Times: user=0.08 sys=0.01, real=0.08 secs] 
2024-03-31T19:37:48.758+0800: 320.781: [CMS-concurrent-mark-start]
2024-03-31T19:37:48.759+0800: 320.783: [CMS-concurrent-mark: 0.000/0.000 secs] [Times: user=0.00 sys=0.00, real=0.00 secs] 
2024-03-31T19:37:48.762+0800: 320.785: [CMS-concurrent-preclean-start]
2024-03-31T19:37:48.764+0800: 320.787: [CMS-concurrent-preclean: 0.001/0.001 secs] [Times: user=0.01 sys=0.00, real=0.01 secs] 
2024-03-31T19:37:48.765+0800: 320.789: [CMS-concurrent-abortable-preclean-start]
2024-03-31T19:37:48.767+0800: 320.790: [CMS-concurrent-abortable-preclean: 0.000/0.000 secs] [Times: user=0.00 sys=0.00, real=0.00 secs] 
2024-03-31T19:37:48.771+0800: 320.794: [GC (CMS Final Remark) [YG occupancy: 100573 K (117952 K)]2024-03-31T19:37:48.771+0800: 320.794: [Rescan (non-parallel) 2024-03-31T19:37:48.771+0800: 320.794: [grey object rescan, 0.0001126 secs]2024-03-31T19:37:48.771+0800: 320.795: [root rescan, 0.0682270 secs]2024-03-31T19:37:48.840+0800: 320.863: [visit unhandled CLDs, 0.0002941 secs]2024-03-31T19:37:48.840+0800: 320.864: [dirty klass scan, 0.0015322 secs], 0.0709598 secs]2024-03-31T19:37:48.842+0800: 320.865: [weak refs processing, 0.0001527 secs]2024-03-31T19:37:48.842+0800: 320.866: [class unloading, 0.0124563 secs]2024-03-31T19:37:48.855+0800: 320.878: [scrub symbol table, 0.0131313 secs]2024-03-31T19:37:48.868+0800: 320.892: [scrub string table, 0.0005908 secs][1 CMS-remark: 63K(64K)] 100637K(118016K), 0.1006601 secs] [Times: user=0.10 sys=0.00, real=0.10 secs] 
2024-03-31T19:37:48.872+0800: 320.896: [CMS-concurrent-sweep-start]
2024-03-31T19:37:48.873+0800: 320.896: [CMS-concurrent-sweep: 0.000/0.000 secs] [Times: user=0.00 sys=0.00, real=0.00 secs] 
2024-03-31T19:37:48.875+0800: 320.898: [CMS-concurrent-reset-start]
2024-03-31T19:37:48.875+0800: 320.899: [CMS-concurrent-reset: 0.000/0.000 secs] [Times: user=0.00 sys=0.00, real=0.01 secs] 
2024-03-31T19:37:50.886+0800: 322.910: [GC (CMS Initial Mark) [1 CMS-initial-mark: 63K(64K)] 100839K(118016K), 0.1095887 secs] [Times: user=0.10 sys=0.00, real=0.11 secs] 
2024-03-31T19:37:50.996+0800: 323.020: [CMS-concurrent-mark-start]
2024-03-31T19:37:50.997+0800: 323.021: [CMS-concurrent-mark: 0.000/0.000 secs] [Times: user=0.00 sys=0.00, real=0.00 secs] 
2024-03-31T19:37:50.998+0800: 323.022: [CMS-concurrent-preclean-start]
2024-03-31T19:37:51.001+0800: 323.024: [CMS-concurrent-preclean: 0.001/0.001 secs] [Times: user=0.01 sys=0.00, real=0.00 secs] 
2024-03-31T19:37:51.002+0800: 323.025: [CMS-concurrent-abortable-preclean-start]
2024-03-31T19:37:51.003+0800: 323.026: [CMS-concurrent-abortable-preclean: 0.000/0.000 secs] [Times: user=0.00 sys=0.00, real=0.00 secs] 
2024-03-31T19:37:51.005+0800: 323.029: [GC (CMS Final Remark) [YG occupancy: 100775 K (117952 K)]2024-03-31T19:37:51.005+0800: 323.029: [Rescan (non-parallel) 2024-03-31T19:37:51.005+0800: 323.029: [grey object rescan, 0.0001098 secs]2024-03-31T19:37:51.006+0800: 323.029: [root rescan, 0.0678030 secs]2024-03-31T19:37:51.074+0800: 323.097: [visit unhandled CLDs, 0.0001810 secs]2024-03-31T19:37:51.074+0800: 323.097: [dirty klass scan, 0.0014023 secs], 0.0701649 secs]2024-03-31T19:37:51.076+0800: 323.099: [weak refs processing, 0.0001505 secs]2024-03-31T19:37:51.076+0800: 323.099: [class unloading, 0.0114738 secs]2024-03-31T19:37:51.087+0800: 323.111: [scrub symbol table, 0.0104853 secs]2024-03-31T19:37:51.098+0800: 323.122: [scrub string table, 0.0005140 secs][1 CMS-remark: 63K(64K)] 100839K(118016K), 0.0956430 secs] [Times: user=0.10 sys=0.00, real=0.09 secs] 
2024-03-31T19:37:51.101+0800: 323.125: [CMS-concurrent-sweep-start]
2024-03-31T19:37:51.102+0800: 323.125: [CMS-concurrent-sweep: 0.000/0.000 secs] [Times: user=0.00 sys=0.00, real=0.00 secs] 
2024-03-31T19:37:51.103+0800: 323.127: [CMS-concurrent-reset-start]
2024-03-31T19:37:51.104+0800: 323.128: [CMS-concurrent-reset: 0.000/0.000 secs] [Times: user=0.00 sys=0.00, real=0.01 secs] 
2024-03-31T19:37:53.110+0800: 325.134: [GC (CMS Initial Mark) [1 CMS-initial-mark: 63K(64K)] 101041K(118016K), 0.0858995 secs] [Times: user=0.09 sys=0.00, real=0.09 secs] 
2024-03-31T19:37:53.197+0800: 325.221: [CMS-concurrent-mark-start]
2024-03-31T19:37:53.198+0800: 325.222: [CMS-concurrent-mark: 0.000/0.000 secs] [Times: user=0.00 sys=0.00, real=0.00 secs] 
2024-03-31T19:37:53.201+0800: 325.224: [CMS-concurrent-preclean-start]
2024-03-31T19:37:53.204+0800: 325.227: [CMS-concurrent-preclean: 0.002/0.002 secs] [Times: user=0.01 sys=0.00, real=0.01 secs] 
2024-03-31T19:37:53.206+0800: 325.229: [CMS-concurrent-abortable-preclean-start]
2024-03-31T19:37:53.206+0800: 325.230: [CMS-concurrent-abortable-preclean: 0.000/0.000 secs] [Times: user=0.00 sys=0.00, real=0.00 secs] 
2024-03-31T19:37:53.208+0800: 325.231: [GC (CMS Final Remark) [YG occupancy: 100977 K (117952 K)]2024-03-31T19:37:53.208+0800: 325.232: [Rescan (non-parallel) 2024-03-31T19:37:53.208+0800: 325.232: [grey object rescan, 0.0001850 secs]2024-03-31T19:37:53.209+0800: 325.232: [root rescan, 0.0699863 secs]2024-03-31T19:37:53.279+0800: 325.303: [visit unhandled CLDs, 0.0004160 secs]2024-03-31T19:37:53.280+0800: 325.303: [dirty klass scan, 0.0017130 secs], 0.0736480 secs]2024-03-31T19:37:53.282+0800: 325.306: [weak refs processing, 0.0004372 secs]2024-03-31T19:37:53.283+0800: 325.306: [class unloading, 0.0107088 secs]2024-03-31T19:37:53.294+0800: 325.317: [scrub symbol table, 0.0159077 secs]2024-03-31T19:37:53.310+0800: 325.333: [scrub string table, 0.0006477 secs][1 CMS-remark: 63K(64K)] 101041K(118016K), 0.1051140 secs] [Times: user=0.10 sys=0.00, real=0.10 secs] 
2024-03-31T19:37:53.314+0800: 325.337: [CMS-concurrent-sweep-start]
2024-03-31T19:37:53.315+0800: 325.338: [CMS-concurrent-sweep: 0.000/0.000 secs] [Times: user=0.00 sys=0.00, real=0.01 secs] 
2024-03-31T19:37:53.316+0800: 325.340: [CMS-concurrent-reset-start]
2024-03-31T19:37:53.316+0800: 325.340: [CMS-concurrent-reset: 0.000/0.000 secs] [Times: user=0.00 sys=0.00, real=0.00 secs] 
2024-03-31T19:37:55.319+0800: 327.343: [GC (CMS Initial Mark) [1 CMS-initial-mark: 63K(64K)] 101139K(118016K), 0.0761402 secs] [Times: user=0.07 sys=0.00, real=0.08 secs] 
2024-03-31T19:37:55.397+0800: 327.420: [CMS-concurrent-mark-start]
2024-03-31T19:37:55.397+0800: 327.421: [CMS-concurrent-mark: 0.000/0.000 secs] [Times: user=0.01 sys=0.00, real=0.00 secs] 
2024-03-31T19:37:55.399+0800: 327.422: [CMS-concurrent-preclean-start]
2024-03-31T19:37:55.401+0800: 327.424: [CMS-concurrent-preclean: 0.001/0.001 secs] [Times: user=0.00 sys=0.00, real=0.00 secs] 
2024-03-31T19:37:55.401+0800: 327.425: [CMS-concurrent-abortable-preclean-start]
2024-03-31T19:37:55.401+0800: 327.425: [CMS-concurrent-abortable-preclean: 0.000/0.000 secs] [Times: user=0.00 sys=0.00, real=0.00 secs] 
2024-03-31T19:37:55.402+0800: 327.426: [GC (CMS Final Remark) [YG occupancy: 101075 K (117952 K)]2024-03-31T19:37:55.402+0800: 327.426: [Rescan (non-parallel) 2024-03-31T19:37:55.403+0800: 327.426: [grey object rescan, 0.0000912 secs]2024-03-31T19:37:55.403+0800: 327.426: [root rescan, 0.0706041 secs]2024-03-31T19:37:55.474+0800: 327.497: [visit unhandled CLDs, 0.0002490 secs]2024-03-31T19:37:55.474+0800: 327.498: [dirty klass scan, 0.0015866 secs], 0.0734323 secs]2024-03-31T19:37:55.476+0800: 327.500: [weak refs processing, 0.0002321 secs]2024-03-31T19:37:55.477+0800: 327.500: [class unloading, 0.0105536 secs]2024-03-31T19:37:55.487+0800: 327.511: [scrub symbol table, 0.0146538 secs]2024-03-31T19:37:55.502+0800: 327.526: [scrub string table, 0.0006577 secs][1 CMS-remark: 63K(64K)] 101139K(118016K), 0.1029924 secs] [Times: user=0.10 sys=0.00, real=0.11 secs] 
2024-03-31T19:37:55.506+0800: 327.530: [CMS-concurrent-sweep-start]
2024-03-31T19:37:55.508+0800: 327.531: [CMS-concurrent-sweep: 0.000/0.000 secs] [Times: user=0.00 sys=0.00, real=0.00 secs] 
2024-03-31T19:37:55.509+0800: 327.533: [CMS-concurrent-reset-start]
2024-03-31T19:37:55.509+0800: 327.533: [CMS-concurrent-reset: 0.000/0.000 secs] [Times: user=0.00 sys=0.00, real=0.00 secs] 
2024-03-31T19:37:57.517+0800: 329.541: [GC (CMS Initial Mark) [1 CMS-initial-mark: 63K(64K)] 102253K(118016K), 0.0938169 secs] [Times: user=0.09 sys=0.00, real=0.09 secs] 
2024-03-31T19:37:57.612+0800: 329.635: [CMS-concurrent-mark-start]
2024-03-31T19:37:57.613+0800: 329.637: [CMS-concurrent-mark: 0.000/0.000 secs] [Times: user=0.01 sys=0.00, real=0.00 secs] 
2024-03-31T19:37:57.614+0800: 329.637: [CMS-concurrent-preclean-start]
2024-03-31T19:37:57.615+0800: 329.639: [CMS-concurrent-preclean: 0.001/0.001 secs] [Times: user=0.00 sys=0.00, real=0.01 secs] 
2024-03-31T19:37:57.616+0800: 329.639: [CMS-concurrent-abortable-preclean-start]
2024-03-31T19:37:57.616+0800: 329.640: [CMS-concurrent-abortable-preclean: 0.000/0.000 secs] [Times: user=0.00 sys=0.00, real=0.00 secs] 
2024-03-31T19:37:57.617+0800: 329.641: [GC (CMS Final Remark) [YG occupancy: 102189 K (117952 K)]2024-03-31T19:37:57.617+0800: 329.641: [Rescan (non-parallel) 2024-03-31T19:37:57.617+0800: 329.641: [grey object rescan, 0.0000990 secs]2024-03-31T19:37:57.618+0800: 329.641: [root rescan, 0.0706445 secs]2024-03-31T19:37:57.689+0800: 329.712: [visit unhandled CLDs, 0.0003089 secs]2024-03-31T19:37:57.689+0800: 329.713: [dirty klass scan, 0.0016688 secs], 0.0735465 secs]2024-03-31T19:37:57.691+0800: 329.715: [weak refs processing, 0.0001907 secs]2024-03-31T19:37:57.691+0800: 329.715: [class unloading, 0.0104669 secs]2024-03-31T19:37:57.702+0800: 329.726: [scrub symbol table, 0.0120820 secs]2024-03-31T19:37:57.714+0800: 329.738: [scrub string table, 0.0006358 secs][1 CMS-remark: 63K(64K)] 102253K(118016K), 0.1001438 secs] [Times: user=0.10 sys=0.00, real=0.10 secs] 
2024-03-31T19:37:57.718+0800: 329.742: [CMS-concurrent-sweep-start]
2024-03-31T19:37:57.719+0800: 329.743: [CMS-concurrent-sweep: 0.000/0.000 secs] [Times: user=0.00 sys=0.00, real=0.00 secs] 
2024-03-31T19:37:57.720+0800: 329.744: [CMS-concurrent-reset-start]
2024-03-31T19:37:57.722+0800: 329.745: [CMS-concurrent-reset: 0.000/0.000 secs] [Times: user=0.00 sys=0.00, real=0.00 secs] 
2024-03-31T19:37:59.730+0800: 331.753: [GC (CMS Initial Mark) [1 CMS-initial-mark: 63K(64K)] 102850K(118016K), 0.1107770 secs] [Times: user=0.12 sys=0.00, real=0.11 secs] 
2024-03-31T19:37:59.842+0800: 331.865: [CMS-concurrent-mark-start]
2024-03-31T19:37:59.843+0800: 331.866: [CMS-concurrent-mark: 0.000/0.000 secs] [Times: user=0.00 sys=0.00, real=0.00 secs] 
2024-03-31T19:37:59.845+0800: 331.867: [CMS-concurrent-preclean-start]
2024-03-31T19:37:59.848+0800: 331.871: [CMS-concurrent-preclean: 0.001/0.001 secs] [Times: user=0.00 sys=0.00, real=0.01 secs] 
2024-03-31T19:37:59.850+0800: 331.873: [CMS-concurrent-abortable-preclean-start]
2024-03-31T19:37:59.851+0800: 331.874: [CMS-concurrent-abortable-preclean: 0.000/0.000 secs] [Times: user=0.01 sys=0.00, real=0.00 secs] 
2024-03-31T19:37:59.853+0800: 331.875: [GC (CMS Final Remark) [YG occupancy: 102786 K (117952 K)]2024-03-31T19:37:59.853+0800: 331.876: [Rescan (non-parallel) 2024-03-31T19:37:59.853+0800: 331.876: [grey object rescan, 0.0001534 secs]2024-03-31T19:37:59.853+0800: 331.876: [root rescan, 0.0744867 secs]2024-03-31T19:37:59.928+0800: 331.951: [visit unhandled CLDs, 0.0001696 secs]2024-03-31T19:37:59.929+0800: 331.951: [dirty klass scan, 0.0015879 secs], 0.0772468 secs]2024-03-31T19:37:59.930+0800: 331.953: [weak refs processing, 0.0002150 secs]2024-03-31T19:37:59.931+0800: 331.953: [class unloading, 0.0114451 secs]2024-03-31T19:37:59.943+0800: 331.965: [scrub symbol table, 0.0132720 secs]2024-03-31T19:37:59.956+0800: 331.979: [scrub string table, 0.0005954 secs][1 CMS-remark: 63K(64K)] 102850K(118016K), 0.1064488 secs] [Times: user=0.10 sys=0.00, real=0.11 secs] 
2024-03-31T19:37:59.960+0800: 331.983: [CMS-concurrent-sweep-start]
2024-03-31T19:37:59.961+0800: 331.984: [CMS-concurrent-sweep: 0.000/0.000 secs] [Times: user=0.00 sys=0.00, real=0.00 secs] 
2024-03-31T19:37:59.963+0800: 331.986: [CMS-concurrent-reset-start]
2024-03-31T19:37:59.964+0800: 331.986: [CMS-concurrent-reset: 0.000/0.000 secs] [Times: user=0.00 sys=0.00, real=0.00 secs] 
2024-03-31T19:38:01.973+0800: 333.995: [GC (CMS Initial Mark) [1 CMS-initial-mark: 63K(64K)] 103077K(118016K), 0.1070579 secs] [Times: user=0.10 sys=0.00, real=0.11 secs] 
2024-03-31T19:38:02.080+0800: 334.103: [CMS-concurrent-mark-start]
2024-03-31T19:38:02.081+0800: 334.103: [CMS-concurrent-mark: 0.000/0.000 secs] [Times: user=0.00 sys=0.00, real=0.00 secs] 
2024-03-31T19:38:02.082+0800: 334.104: [CMS-concurrent-preclean-start]
2024-03-31T19:38:02.084+0800: 334.106: [CMS-concurrent-preclean: 0.001/0.001 secs] [Times: user=0.01 sys=0.00, real=0.00 secs] 
2024-03-31T19:38:02.085+0800: 334.108: [CMS-concurrent-abortable-preclean-start]
2024-03-31T19:38:02.086+0800: 334.108: [CMS-concurrent-abortable-preclean: 0.000/0.000 secs] [Times: user=0.00 sys=0.00, real=0.01 secs] 
2024-03-31T19:38:02.088+0800: 334.110: [GC (CMS Final Remark) [YG occupancy: 103013 K (117952 K)]2024-03-31T19:38:02.088+0800: 334.110: [Rescan (non-parallel) 2024-03-31T19:38:02.088+0800: 334.111: [grey object rescan, 0.0001019 secs]2024-03-31T19:38:02.088+0800: 334.111: [root rescan, 0.0666705 secs]2024-03-31T19:38:02.155+0800: 334.178: [visit unhandled CLDs, 0.0001633 secs]2024-03-31T19:38:02.155+0800: 334.178: [dirty klass scan, 0.0012659 secs], 0.0688504 secs]2024-03-31T19:38:02.157+0800: 334.179: [weak refs processing, 0.0001335 secs]2024-03-31T19:38:02.157+0800: 334.180: [class unloading, 0.0098347 secs]2024-03-31T19:38:02.167+0800: 334.190: [scrub symbol table, 0.0096796 secs]2024-03-31T19:38:02.177+0800: 334.199: [scrub string table, 0.0005005 secs][1 CMS-remark: 63K(64K)] 103077K(118016K), 0.0919833 secs] [Times: user=0.09 sys=0.00, real=0.09 secs] 
2024-03-31T19:38:02.180+0800: 334.203: [CMS-concurrent-sweep-start]
2024-03-31T19:38:02.181+0800: 334.203: [CMS-concurrent-sweep: 0.000/0.000 secs] [Times: user=0.00 sys=0.00, real=0.00 secs] 
2024-03-31T19:38:02.181+0800: 334.204: [CMS-concurrent-reset-start]
2024-03-31T19:38:02.181+0800: 334.204: [CMS-concurrent-reset: 0.000/0.000 secs] [Times: user=0.00 sys=0.00, real=0.00 secs] 
2024-03-31T19:38:04.186+0800: 336.209: [GC (CMS Initial Mark) [1 CMS-initial-mark: 63K(64K)] 103387K(118016K), 0.0939092 secs] [Times: user=0.09 sys=0.01, real=0.09 secs] 
2024-03-31T19:38:04.281+0800: 336.304: [CMS-concurrent-mark-start]
2024-03-31T19:38:04.282+0800: 336.305: [CMS-concurrent-mark: 0.000/0.000 secs] [Times: user=0.00 sys=0.00, real=0.00 secs] 
2024-03-31T19:38:04.283+0800: 336.305: [CMS-concurrent-preclean-start]
2024-03-31T19:38:04.284+0800: 336.307: [CMS-concurrent-preclean: 0.001/0.001 secs] [Times: user=0.01 sys=0.00, real=0.00 secs] 
2024-03-31T19:38:04.284+0800: 336.307: [CMS-concurrent-abortable-preclean-start]
2024-03-31T19:38:04.284+0800: 336.307: [CMS-concurrent-abortable-preclean: 0.000/0.000 secs] [Times: user=0.00 sys=0.00, real=0.00 secs] 
2024-03-31T19:38:04.285+0800: 336.308: [GC (CMS Final Remark) [YG occupancy: 103323 K (117952 K)]2024-03-31T19:38:04.285+0800: 336.308: [Rescan (non-parallel) 2024-03-31T19:38:04.285+0800: 336.308: [grey object rescan, 0.0001027 secs]2024-03-31T19:38:04.286+0800: 336.308: [root rescan, 0.0671952 secs]2024-03-31T19:38:04.353+0800: 336.376: [visit unhandled CLDs, 0.0001651 secs]2024-03-31T19:38:04.353+0800: 336.376: [dirty klass scan, 0.0013877 secs], 0.0694620 secs]2024-03-31T19:38:04.355+0800: 336.378: [weak refs processing, 0.0002651 secs]2024-03-31T19:38:04.355+0800: 336.378: [class unloading, 0.0124383 secs]2024-03-31T19:38:04.368+0800: 336.391: [scrub symbol table, 0.0102305 secs]2024-03-31T19:38:04.378+0800: 336.401: [scrub string table, 0.0005298 secs][1 CMS-remark: 63K(64K)] 103387K(118016K), 0.0960312 secs] [Times: user=0.09 sys=0.00, real=0.09 secs] 
2024-03-31T19:38:04.382+0800: 336.404: [CMS-concurrent-sweep-start]
2024-03-31T19:38:04.382+0800: 336.405: [CMS-concurrent-sweep: 0.000/0.000 secs] [Times: user=0.00 sys=0.00, real=0.00 secs] 
2024-03-31T19:38:04.382+0800: 336.405: [CMS-concurrent-reset-start]
2024-03-31T19:38:04.383+0800: 336.405: [CMS-concurrent-reset: 0.000/0.000 secs] [Times: user=0.00 sys=0.00, real=0.00 secs] 
2024-03-31T19:38:06.396+0800: 338.418: [GC (CMS Initial Mark) [1 CMS-initial-mark: 63K(64K)] 103445K(118016K), 0.1073091 secs] [Times: user=0.10 sys=0.00, real=0.10 secs] 
2024-03-31T19:38:06.504+0800: 338.526: [CMS-concurrent-mark-start]
2024-03-31T19:38:06.505+0800: 338.528: [CMS-concurrent-mark: 0.000/0.000 secs] [Times: user=0.01 sys=0.00, real=0.01 secs] 
2024-03-31T19:38:06.506+0800: 338.528: [CMS-concurrent-preclean-start]
2024-03-31T19:38:06.507+0800: 338.530: [CMS-concurrent-preclean: 0.001/0.001 secs] [Times: user=0.00 sys=0.00, real=0.00 secs] 
2024-03-31T19:38:06.508+0800: 338.530: [CMS-concurrent-abortable-preclean-start]
2024-03-31T19:38:06.508+0800: 338.531: [CMS-concurrent-abortable-preclean: 0.000/0.000 secs] [Times: user=0.00 sys=0.00, real=0.00 secs] 
2024-03-31T19:38:06.509+0800: 338.531: [GC (CMS Final Remark) [YG occupancy: 103390 K (117952 K)]2024-03-31T19:38:06.509+0800: 338.532: [Rescan (non-parallel) 2024-03-31T19:38:06.509+0800: 338.532: [grey object rescan, 0.0001020 secs]2024-03-31T19:38:06.509+0800: 338.532: [root rescan, 0.0679225 secs]2024-03-31T19:38:06.577+0800: 338.600: [visit unhandled CLDs, 0.0001729 secs]2024-03-31T19:38:06.578+0800: 338.600: [dirty klass scan, 0.0013421 secs], 0.0702195 secs]2024-03-31T19:38:06.579+0800: 338.602: [weak refs processing, 0.0001530 secs]2024-03-31T19:38:06.580+0800: 338.602: [class unloading, 0.0106133 secs]2024-03-31T19:38:06.590+0800: 338.613: [scrub symbol table, 0.0099582 secs]2024-03-31T19:38:06.600+0800: 338.623: [scrub string table, 0.0005240 secs][1 CMS-remark: 63K(64K)] 103454K(118016K), 0.0944938 secs] [Times: user=0.09 sys=0.00, real=0.09 secs] 
2024-03-31T19:38:06.604+0800: 338.627: [CMS-concurrent-sweep-start]
2024-03-31T19:38:06.604+0800: 338.627: [CMS-concurrent-sweep: 0.000/0.000 secs] [Times: user=0.00 sys=0.00, real=0.00 secs] 
2024-03-31T19:38:06.605+0800: 338.627: [CMS-concurrent-reset-start]
2024-03-31T19:38:06.605+0800: 338.628: [CMS-concurrent-reset: 0.000/0.000 secs] [Times: user=0.00 sys=0.00, real=0.01 secs] 
2024-03-31T19:38:08.609+0800: 340.632: [GC (CMS Initial Mark) [1 CMS-initial-mark: 63K(64K)] 103619K(118016K), 0.1027474 secs] [Times: user=0.10 sys=0.00, real=0.10 secs] 
2024-03-31T19:38:08.712+0800: 340.735: [CMS-concurrent-mark-start]
2024-03-31T19:38:08.713+0800: 340.736: [CMS-concurrent-mark: 0.000/0.000 secs] [Times: user=0.00 sys=0.00, real=0.00 secs] 
2024-03-31T19:38:08.714+0800: 340.737: [CMS-concurrent-preclean-start]
2024-03-31T19:38:08.716+0800: 340.738: [CMS-concurrent-preclean: 0.001/0.001 secs] [Times: user=0.00 sys=0.00, real=0.01 secs] 
2024-03-31T19:38:08.716+0800: 340.739: [CMS-concurrent-abortable-preclean-start]
2024-03-31T19:38:08.716+0800: 340.739: [CMS-concurrent-abortable-preclean: 0.000/0.000 secs] [Times: user=0.00 sys=0.00, real=0.00 secs] 
2024-03-31T19:38:08.718+0800: 340.740: [GC (CMS Final Remark) [YG occupancy: 103555 K (117952 K)]2024-03-31T19:38:08.718+0800: 340.740: [Rescan (non-parallel) 2024-03-31T19:38:08.718+0800: 340.741: [grey object rescan, 0.0001146 secs]2024-03-31T19:38:08.718+0800: 340.741: [root rescan, 0.0672063 secs]2024-03-31T19:38:08.786+0800: 340.808: [visit unhandled CLDs, 0.0001633 secs]2024-03-31T19:38:08.786+0800: 340.808: [dirty klass scan, 0.0012558 secs], 0.0693795 secs]2024-03-31T19:38:08.787+0800: 340.810: [weak refs processing, 0.0001333 secs]2024-03-31T19:38:08.787+0800: 340.810: [class unloading, 0.0100083 secs]2024-03-31T19:38:08.798+0800: 340.820: [scrub symbol table, 0.0097497 secs]2024-03-31T19:38:08.808+0800: 340.830: [scrub string table, 0.0004818 secs][1 CMS-remark: 63K(64K)] 103619K(118016K), 0.0926346 secs] [Times: user=0.10 sys=0.01, real=0.09 secs] 
2024-03-31T19:38:08.811+0800: 340.834: [CMS-concurrent-sweep-start]
2024-03-31T19:38:08.812+0800: 340.834: [CMS-concurrent-sweep: 0.000/0.000 secs] [Times: user=0.00 sys=0.00, real=0.00 secs] 
2024-03-31T19:38:08.812+0800: 340.835: [CMS-concurrent-reset-start]
2024-03-31T19:38:08.813+0800: 340.835: [CMS-concurrent-reset: 0.000/0.000 secs] [Times: user=0.00 sys=0.00, real=0.00 secs] 
2024-03-31T19:38:10.822+0800: 342.844: [GC (CMS Initial Mark) [1 CMS-initial-mark: 63K(64K)] 103702K(118016K), 0.1097218 secs] [Times: user=0.11 sys=0.00, real=0.11 secs] 
2024-03-31T19:38:10.932+0800: 342.955: [CMS-concurrent-mark-start]
2024-03-31T19:38:10.933+0800: 342.956: [CMS-concurrent-mark: 0.000/0.000 secs] [Times: user=0.00 sys=0.00, real=0.00 secs] 
2024-03-31T19:38:10.934+0800: 342.957: [CMS-concurrent-preclean-start]
2024-03-31T19:38:10.937+0800: 342.960: [CMS-concurrent-preclean: 0.001/0.001 secs] [Times: user=0.00 sys=0.00, real=0.01 secs] 
2024-03-31T19:38:10.939+0800: 342.961: [CMS-concurrent-abortable-preclean-start]
2024-03-31T19:38:10.951+0800: 342.974: [CMS-concurrent-abortable-preclean: 0.000/0.000 secs] [Times: user=0.02 sys=0.00, real=0.01 secs] 
2024-03-31T19:38:10.953+0800: 342.976: [GC (CMS Final Remark) [YG occupancy: 103639 K (117952 K)]2024-03-31T19:38:10.953+0800: 342.976: [Rescan (non-parallel) 2024-03-31T19:38:10.953+0800: 342.976: [grey object rescan, 0.0001059 secs]2024-03-31T19:38:10.953+0800: 342.976: [root rescan, 0.0675713 secs]2024-03-31T19:38:11.021+0800: 343.044: [visit unhandled CLDs, 0.0001553 secs]2024-03-31T19:38:11.021+0800: 343.044: [dirty klass scan, 0.0012224 secs], 0.0696833 secs]2024-03-31T19:38:11.023+0800: 343.046: [weak refs processing, 0.0001435 secs]2024-03-31T19:38:11.023+0800: 343.046: [class unloading, 0.0098113 secs]2024-03-31T19:38:11.033+0800: 343.056: [scrub symbol table, 0.0096849 secs]2024-03-31T19:38:11.043+0800: 343.066: [scrub string table, 0.0005080 secs][1 CMS-remark: 63K(64K)] 103702K(118016K), 0.0927414 secs] [Times: user=0.09 sys=0.00, real=0.10 secs] 
2024-03-31T19:38:11.047+0800: 343.069: [CMS-concurrent-sweep-start]
2024-03-31T19:38:11.047+0800: 343.070: [CMS-concurrent-sweep: 0.000/0.000 secs] [Times: user=0.00 sys=0.00, real=0.00 secs] 
2024-03-31T19:38:11.048+0800: 343.070: [CMS-concurrent-reset-start]
2024-03-31T19:38:11.048+0800: 343.071: [CMS-concurrent-reset: 0.000/0.000 secs] [Times: user=0.00 sys=0.00, real=0.00 secs] 
2024-03-31T19:38:13.051+0800: 345.074: [GC (CMS Initial Mark) [1 CMS-initial-mark: 63K(64K)] 103914K(118016K), 0.1007213 secs] [Times: user=0.10 sys=0.00, real=0.10 secs] 
2024-03-31T19:38:13.152+0800: 345.175: [CMS-concurrent-mark-start]
2024-03-31T19:38:13.153+0800: 345.176: [CMS-concurrent-mark: 0.000/0.000 secs] [Times: user=0.00 sys=0.00, real=0.00 secs] 
2024-03-31T19:38:13.155+0800: 345.177: [CMS-concurrent-preclean-start]
2024-03-31T19:38:13.157+0800: 345.180: [CMS-concurrent-preclean: 0.001/0.001 secs] [Times: user=0.01 sys=0.00, real=0.01 secs] 
2024-03-31T19:38:13.158+0800: 345.181: [CMS-concurrent-abortable-preclean-start]
2024-03-31T19:38:13.158+0800: 345.181: [CMS-concurrent-abortable-preclean: 0.000/0.000 secs] [Times: user=0.00 sys=0.00, real=0.00 secs] 
2024-03-31T19:38:13.160+0800: 345.182: [GC (CMS Final Remark) [YG occupancy: 103850 K (117952 K)]2024-03-31T19:38:13.160+0800: 345.182: [Rescan (non-parallel) 2024-03-31T19:38:13.160+0800: 345.183: [grey object rescan, 0.0001185 secs]2024-03-31T19:38:13.160+0800: 345.183: [root rescan, 0.0685861 secs]2024-03-31T19:38:13.229+0800: 345.252: [visit unhandled CLDs, 0.0001420 secs]2024-03-31T19:38:13.229+0800: 345.252: [dirty klass scan, 0.0014063 secs], 0.0709063 secs]2024-03-31T19:38:13.231+0800: 345.254: [weak refs processing, 0.0001554 secs]2024-03-31T19:38:13.231+0800: 345.254: [class unloading, 0.0102721 secs]2024-03-31T19:38:13.242+0800: 345.264: [scrub symbol table, 0.0097450 secs]2024-03-31T19:38:13.252+0800: 345.274: [scrub string table, 0.0004898 secs][1 CMS-remark: 63K(64K)] 103914K(118016K), 0.0944879 secs] [Times: user=0.09 sys=0.00, real=0.09 secs] 
2024-03-31T19:38:13.255+0800: 345.277: [CMS-concurrent-sweep-start]
2024-03-31T19:38:13.255+0800: 345.278: [CMS-concurrent-sweep: 0.000/0.000 secs] [Times: user=0.00 sys=0.00, real=0.01 secs] 
2024-03-31T19:38:13.256+0800: 345.278: [CMS-concurrent-reset-start]
2024-03-31T19:38:13.256+0800: 345.279: [CMS-concurrent-reset: 0.000/0.000 secs] [Times: user=0.00 sys=0.00, real=0.00 secs] 
2024-03-31T19:38:15.267+0800: 347.289: [GC (CMS Initial Mark) [1 CMS-initial-mark: 63K(64K)] 104143K(118016K), 0.1079703 secs] [Times: user=0.11 sys=0.00, real=0.11 secs] 
2024-03-31T19:38:15.376+0800: 347.398: [CMS-concurrent-mark-start]
2024-03-31T19:38:15.377+0800: 347.399: [CMS-concurrent-mark: 0.000/0.000 secs] [Times: user=0.00 sys=0.00, real=0.00 secs] 
2024-03-31T19:38:15.377+0800: 347.400: [CMS-concurrent-preclean-start]
2024-03-31T19:38:15.379+0800: 347.401: [CMS-concurrent-preclean: 0.001/0.001 secs] [Times: user=0.00 sys=0.00, real=0.00 secs] 
2024-03-31T19:38:15.379+0800: 347.402: [CMS-concurrent-abortable-preclean-start]
2024-03-31T19:38:15.379+0800: 347.402: [CMS-concurrent-abortable-preclean: 0.000/0.000 secs] [Times: user=0.00 sys=0.00, real=0.00 secs] 
2024-03-31T19:38:15.381+0800: 347.404: [GC (CMS Final Remark) [YG occupancy: 104079 K (117952 K)]2024-03-31T19:38:15.381+0800: 347.404: [Rescan (non-parallel) 2024-03-31T19:38:15.381+0800: 347.404: [grey object rescan, 0.0001304 secs]2024-03-31T19:38:15.382+0800: 347.404: [root rescan, 0.0677592 secs]2024-03-31T19:38:15.450+0800: 347.472: [visit unhandled CLDs, 0.0001741 secs]2024-03-31T19:38:15.450+0800: 347.473: [dirty klass scan, 0.0012750 secs], 0.0700556 secs]2024-03-31T19:38:15.451+0800: 347.474: [weak refs processing, 0.0001334 secs]2024-03-31T19:38:15.452+0800: 347.474: [class unloading, 0.0096682 secs]2024-03-31T19:38:15.462+0800: 347.484: [scrub symbol table, 0.0095221 secs]2024-03-31T19:38:15.471+0800: 347.494: [scrub string table, 0.0004961 secs][1 CMS-remark: 63K(64K)] 104143K(118016K), 0.0929013 secs] [Times: user=0.09 sys=0.00, real=0.09 secs] 
2024-03-31T19:38:15.475+0800: 347.498: [CMS-concurrent-sweep-start]
2024-03-31T19:38:15.476+0800: 347.498: [CMS-concurrent-sweep: 0.000/0.000 secs] [Times: user=0.00 sys=0.00, real=0.01 secs] 
2024-03-31T19:38:15.477+0800: 347.500: [CMS-concurrent-reset-start]
2024-03-31T19:38:15.477+0800: 347.500: [CMS-concurrent-reset: 0.000/0.000 secs] [Times: user=0.01 sys=0.00, real=0.00 secs] 
2024-03-31T19:38:17.486+0800: 349.509: [GC (CMS Initial Mark) [1 CMS-initial-mark: 63K(64K)] 104433K(118016K), 0.1104261 secs] [Times: user=0.11 sys=0.00, real=0.11 secs] 
2024-03-31T19:38:17.597+0800: 349.620: [CMS-concurrent-mark-start]
2024-03-31T19:38:17.598+0800: 349.621: [CMS-concurrent-mark: 0.000/0.000 secs] [Times: user=0.00 sys=0.00, real=0.00 secs] 
2024-03-31T19:38:17.599+0800: 349.622: [CMS-concurrent-preclean-start]
2024-03-31T19:38:17.601+0800: 349.624: [CMS-concurrent-preclean: 0.001/0.001 secs] [Times: user=0.00 sys=0.00, real=0.00 secs] 
2024-03-31T19:38:17.602+0800: 349.624: [CMS-concurrent-abortable-preclean-start]
2024-03-31T19:38:17.602+0800: 349.624: [CMS-concurrent-abortable-preclean: 0.000/0.000 secs] [Times: user=0.00 sys=0.00, real=0.00 secs] 
2024-03-31T19:38:17.603+0800: 349.625: [GC (CMS Final Remark) [YG occupancy: 104374 K (117952 K)]2024-03-31T19:38:17.603+0800: 349.625: [Rescan (non-parallel) 2024-03-31T19:38:17.603+0800: 349.626: [grey object rescan, 0.0001300 secs]2024-03-31T19:38:17.603+0800: 349.626: [root rescan, 0.0677733 secs]2024-03-31T19:38:17.671+0800: 349.694: [visit unhandled CLDs, 0.0001725 secs]2024-03-31T19:38:17.671+0800: 349.694: [dirty klass scan, 0.0014030 secs], 0.0701371 secs]2024-03-31T19:38:17.673+0800: 349.696: [weak refs processing, 0.0001380 secs]2024-03-31T19:38:17.673+0800: 349.696: [class unloading, 0.0099518 secs]2024-03-31T19:38:17.683+0800: 349.706: [scrub symbol table, 0.0096722 secs]2024-03-31T19:38:17.693+0800: 349.716: [scrub string table, 0.0004905 secs][1 CMS-remark: 63K(64K)] 104438K(118016K), 0.0932724 secs] [Times: user=0.09 sys=0.00, real=0.10 secs] 
2024-03-31T19:38:17.697+0800: 349.719: [CMS-concurrent-sweep-start]
2024-03-31T19:38:17.697+0800: 349.720: [CMS-concurrent-sweep: 0.000/0.000 secs] [Times: user=0.00 sys=0.00, real=0.00 secs] 
2024-03-31T19:38:17.698+0800: 349.720: [CMS-concurrent-reset-start]
2024-03-31T19:38:17.698+0800: 349.720: [CMS-concurrent-reset: 0.000/0.000 secs] [Times: user=0.00 sys=0.00, real=0.00 secs] 
2024-03-31T19:38:19.705+0800: 351.728: [GC (CMS Initial Mark) [1 CMS-initial-mark: 63K(64K)] 104666K(118016K), 0.1072099 secs] [Times: user=0.11 sys=0.00, real=0.10 secs] 
2024-03-31T19:38:19.813+0800: 351.836: [CMS-concurrent-mark-start]
2024-03-31T19:38:19.814+0800: 351.836: [CMS-concurrent-mark: 0.000/0.000 secs] [Times: user=0.00 sys=0.00, real=0.00 secs] 
2024-03-31T19:38:19.815+0800: 351.837: [CMS-concurrent-preclean-start]
2024-03-31T19:38:19.816+0800: 351.839: [CMS-concurrent-preclean: 0.001/0.001 secs] [Times: user=0.00 sys=0.00, real=0.01 secs] 
2024-03-31T19:38:19.816+0800: 351.839: [CMS-concurrent-abortable-preclean-start]
2024-03-31T19:38:19.816+0800: 351.839: [CMS-concurrent-abortable-preclean: 0.000/0.000 secs] [Times: user=0.00 sys=0.00, real=0.00 secs] 
2024-03-31T19:38:19.817+0800: 351.840: [GC (CMS Final Remark) [YG occupancy: 104602 K (117952 K)]2024-03-31T19:38:19.818+0800: 351.840: [Rescan (non-parallel) 2024-03-31T19:38:19.818+0800: 351.840: [grey object rescan, 0.0001086 secs]2024-03-31T19:38:19.818+0800: 351.841: [root rescan, 0.0685400 secs]2024-03-31T19:38:19.887+0800: 351.909: [visit unhandled CLDs, 0.0001848 secs]2024-03-31T19:38:19.887+0800: 351.910: [dirty klass scan, 0.0012977 secs], 0.0707712 secs]2024-03-31T19:38:19.889+0800: 351.911: [weak refs processing, 0.0001375 secs]2024-03-31T19:38:19.889+0800: 351.911: [class unloading, 0.0100810 secs]2024-03-31T19:38:19.899+0800: 351.922: [scrub symbol table, 0.0096462 secs]2024-03-31T19:38:19.909+0800: 351.931: [scrub string table, 0.0004705 secs][1 CMS-remark: 63K(64K)] 104666K(118016K), 0.0940728 secs] [Times: user=0.10 sys=0.00, real=0.09 secs] 
2024-03-31T19:38:19.912+0800: 351.935: [CMS-concurrent-sweep-start]
2024-03-31T19:38:19.912+0800: 351.935: [CMS-concurrent-sweep: 0.000/0.000 secs] [Times: user=0.00 sys=0.00, real=0.00 secs] 
2024-03-31T19:38:19.913+0800: 351.935: [CMS-concurrent-reset-start]
2024-03-31T19:38:19.914+0800: 351.936: [CMS-concurrent-reset: 0.000/0.000 secs] [Times: user=0.00 sys=0.00, real=0.00 secs] 
2024-03-31T19:38:21.916+0800: 353.939: [GC (CMS Initial Mark) [1 CMS-initial-mark: 63K(64K)] 104855K(118016K), 0.1037505 secs] [Times: user=0.11 sys=0.00, real=0.10 secs] 
2024-03-31T19:38:22.021+0800: 354.043: [CMS-concurrent-mark-start]
2024-03-31T19:38:22.021+0800: 354.044: [CMS-concurrent-mark: 0.000/0.000 secs] [Times: user=0.00 sys=0.00, real=0.00 secs] 
2024-03-31T19:38:22.023+0800: 354.046: [CMS-concurrent-preclean-start]
2024-03-31T19:38:22.026+0800: 354.049: [CMS-concurrent-preclean: 0.001/0.001 secs] [Times: user=0.00 sys=0.00, real=0.01 secs] 
2024-03-31T19:38:22.028+0800: 354.050: [CMS-concurrent-abortable-preclean-start]
2024-03-31T19:38:22.029+0800: 354.051: [CMS-concurrent-abortable-preclean: 0.000/0.000 secs] [Times: user=0.01 sys=0.00, real=0.00 secs] 
2024-03-31T19:38:22.031+0800: 354.053: [GC (CMS Final Remark) [YG occupancy: 104791 K (117952 K)]2024-03-31T19:38:22.031+0800: 354.053: [Rescan (non-parallel) 2024-03-31T19:38:22.031+0800: 354.053: [grey object rescan, 0.0001130 secs]2024-03-31T19:38:22.031+0800: 354.054: [root rescan, 0.0687319 secs]2024-03-31T19:38:22.100+0800: 354.123: [visit unhandled CLDs, 0.0001525 secs]2024-03-31T19:38:22.100+0800: 354.123: [dirty klass scan, 0.0012870 secs], 0.0709143 secs]2024-03-31T19:38:22.102+0800: 354.124: [weak refs processing, 0.0001362 secs]2024-03-31T19:38:22.102+0800: 354.125: [class unloading, 0.0101178 secs]2024-03-31T19:38:22.112+0800: 354.135: [scrub symbol table, 0.0097122 secs]2024-03-31T19:38:22.122+0800: 354.145: [scrub string table, 0.0004895 secs][1 CMS-remark: 63K(64K)] 104855K(118016K), 0.0942883 secs] [Times: user=0.09 sys=0.00, real=0.10 secs] 
2024-03-31T19:38:22.126+0800: 354.148: [CMS-concurrent-sweep-start]
2024-03-31T19:38:22.126+0800: 354.148: [CMS-concurrent-sweep: 0.000/0.000 secs] [Times: user=0.00 sys=0.00, real=0.00 secs] 
2024-03-31T19:38:22.126+0800: 354.149: [CMS-concurrent-reset-start]
2024-03-31T19:38:22.127+0800: 354.149: [CMS-concurrent-reset: 0.000/0.000 secs] [Times: user=0.00 sys=0.00, real=0.00 secs] 
2024-03-31T19:38:24.135+0800: 356.158: [GC (CMS Initial Mark) [1 CMS-initial-mark: 63K(64K)] 105015K(118016K), 0.1193864 secs] [Times: user=0.12 sys=0.01, real=0.11 secs] 
2024-03-31T19:38:24.255+0800: 356.278: [CMS-concurrent-mark-start]
2024-03-31T19:38:24.255+0800: 356.278: [CMS-concurrent-mark: 0.000/0.000 secs] [Times: user=0.00 sys=0.00, real=0.00 secs] 
2024-03-31T19:38:24.256+0800: 356.279: [CMS-concurrent-preclean-start]
2024-03-31T19:38:24.258+0800: 356.281: [CMS-concurrent-preclean: 0.001/0.001 secs] [Times: user=0.00 sys=0.00, real=0.00 secs] 
2024-03-31T19:38:24.259+0800: 356.282: [CMS-concurrent-abortable-preclean-start]
2024-03-31T19:38:24.260+0800: 356.283: [CMS-concurrent-abortable-preclean: 0.000/0.000 secs] [Times: user=0.00 sys=0.00, real=0.00 secs] 
2024-03-31T19:38:24.261+0800: 356.284: [GC (CMS Final Remark) [YG occupancy: 104952 K (117952 K)]2024-03-31T19:38:24.261+0800: 356.284: [Rescan (non-parallel) 2024-03-31T19:38:24.262+0800: 356.284: [grey object rescan, 0.0001560 secs]2024-03-31T19:38:24.262+0800: 356.284: [root rescan, 0.0681670 secs]2024-03-31T19:38:24.330+0800: 356.353: [visit unhandled CLDs, 0.0001665 secs]2024-03-31T19:38:24.330+0800: 356.353: [dirty klass scan, 0.0013592 secs], 0.0704498 secs]2024-03-31T19:38:24.332+0800: 356.355: [weak refs processing, 0.0002582 secs]2024-03-31T19:38:24.332+0800: 356.355: [class unloading, 0.0102962 secs]2024-03-31T19:38:24.343+0800: 356.366: [scrub symbol table, 0.0137489 secs]2024-03-31T19:38:24.357+0800: 356.380: [scrub string table, 0.0006270 secs][1 CMS-remark: 63K(64K)] 105016K(118016K), 0.0989058 secs] [Times: user=0.10 sys=0.00, real=0.10 secs] 
2024-03-31T19:38:24.361+0800: 356.384: [CMS-concurrent-sweep-start]
2024-03-31T19:38:24.362+0800: 356.385: [CMS-concurrent-sweep: 0.000/0.000 secs] [Times: user=0.00 sys=0.00, real=0.00 secs] 
2024-03-31T19:38:24.364+0800: 356.386: [CMS-concurrent-reset-start]
2024-03-31T19:38:24.364+0800: 356.387: [CMS-concurrent-reset: 0.000/0.000 secs] [Times: user=0.01 sys=0.00, real=0.00 secs] 
2024-03-31T19:38:26.379+0800: 358.402: [GC (CMS Initial Mark) [1 CMS-initial-mark: 63K(64K)] 105070K(118016K), 0.1041241 secs] [Times: user=0.11 sys=0.00, real=0.10 secs] 
2024-03-31T19:38:26.484+0800: 358.507: [CMS-concurrent-mark-start]
2024-03-31T19:38:26.486+0800: 358.508: [CMS-concurrent-mark: 0.000/0.000 secs] [Times: user=0.00 sys=0.00, real=0.01 secs] 
2024-03-31T19:38:26.486+0800: 358.509: [CMS-concurrent-preclean-start]
2024-03-31T19:38:26.488+0800: 358.511: [CMS-concurrent-preclean: 0.001/0.001 secs] [Times: user=0.00 sys=0.00, real=0.00 secs] 
2024-03-31T19:38:26.488+0800: 358.511: [CMS-concurrent-abortable-preclean-start]
2024-03-31T19:38:26.488+0800: 358.511: [CMS-concurrent-abortable-preclean: 0.000/0.000 secs] [Times: user=0.00 sys=0.00, real=0.00 secs] 
2024-03-31T19:38:26.489+0800: 358.512: [GC (CMS Final Remark) [YG occupancy: 105007 K (117952 K)]2024-03-31T19:38:26.489+0800: 358.512: [Rescan (non-parallel) 2024-03-31T19:38:26.489+0800: 358.512: [grey object rescan, 0.0001096 secs]2024-03-31T19:38:26.489+0800: 358.512: [root rescan, 0.0707970 secs]2024-03-31T19:38:26.560+0800: 358.583: [visit unhandled CLDs, 0.0001606 secs]2024-03-31T19:38:26.561+0800: 358.583: [dirty klass scan, 0.0015103 secs], 0.0732689 secs]2024-03-31T19:38:26.563+0800: 358.585: [weak refs processing, 0.0001507 secs]2024-03-31T19:38:26.563+0800: 358.585: [class unloading, 0.0107047 secs]2024-03-31T19:38:26.574+0800: 358.596: [scrub symbol table, 0.0104319 secs]2024-03-31T19:38:26.584+0800: 358.607: [scrub string table, 0.0005549 secs][1 CMS-remark: 63K(64K)] 105071K(118016K), 0.0982032 secs] [Times: user=0.10 sys=0.00, real=0.10 secs] 
2024-03-31T19:38:26.588+0800: 358.610: [CMS-concurrent-sweep-start]
2024-03-31T19:38:26.588+0800: 358.610: [CMS-concurrent-sweep: 0.000/0.000 secs] [Times: user=0.00 sys=0.00, real=0.00 secs] 
2024-03-31T19:38:26.589+0800: 358.612: [CMS-concurrent-reset-start]
2024-03-31T19:38:26.589+0800: 358.612: [CMS-concurrent-reset: 0.000/0.000 secs] [Times: user=0.00 sys=0.00, real=0.00 secs] 
2024-03-31T19:38:28.601+0800: 360.624: [GC (CMS Initial Mark) [1 CMS-initial-mark: 63K(64K)] 105209K(118016K), 0.1088576 secs] [Times: user=0.11 sys=0.00, real=0.11 secs] 
2024-03-31T19:38:28.711+0800: 360.734: [CMS-concurrent-mark-start]
2024-03-31T19:38:28.712+0800: 360.734: [CMS-concurrent-mark: 0.000/0.000 secs] [Times: user=0.00 sys=0.00, real=0.00 secs] 
2024-03-31T19:38:28.713+0800: 360.736: [CMS-concurrent-preclean-start]
2024-03-31T19:38:28.715+0800: 360.737: [CMS-concurrent-preclean: 0.001/0.001 secs] [Times: user=0.00 sys=0.00, real=0.01 secs] 
2024-03-31T19:38:28.715+0800: 360.738: [CMS-concurrent-abortable-preclean-start]
2024-03-31T19:38:28.715+0800: 360.738: [CMS-concurrent-abortable-preclean: 0.000/0.000 secs] [Times: user=0.00 sys=0.00, real=0.00 secs] 
2024-03-31T19:38:28.716+0800: 360.739: [GC (CMS Final Remark) [YG occupancy: 105146 K (117952 K)]2024-03-31T19:38:28.716+0800: 360.739: [Rescan (non-parallel) 2024-03-31T19:38:28.716+0800: 360.739: [grey object rescan, 0.0001399 secs]2024-03-31T19:38:28.717+0800: 360.739: [root rescan, 0.0700338 secs]2024-03-31T19:38:28.787+0800: 360.809: [visit unhandled CLDs, 0.0001715 secs]2024-03-31T19:38:28.787+0800: 360.810: [dirty klass scan, 0.0014499 secs], 0.0724780 secs]2024-03-31T19:38:28.789+0800: 360.811: [weak refs processing, 0.0001490 secs]2024-03-31T19:38:28.789+0800: 360.812: [class unloading, 0.0103492 secs]2024-03-31T19:38:28.800+0800: 360.822: [scrub symbol table, 0.0099019 secs]2024-03-31T19:38:28.810+0800: 360.832: [scrub string table, 0.0005060 secs][1 CMS-remark: 63K(64K)] 105210K(118016K), 0.0965932 secs] [Times: user=0.10 sys=0.00, real=0.09 secs] 
2024-03-31T19:38:28.813+0800: 360.836: [CMS-concurrent-sweep-start]
2024-03-31T19:38:28.813+0800: 360.836: [CMS-concurrent-sweep: 0.000/0.000 secs] [Times: user=0.00 sys=0.00, real=0.00 secs] 
2024-03-31T19:38:28.814+0800: 360.836: [CMS-concurrent-reset-start]
2024-03-31T19:38:28.814+0800: 360.836: [CMS-concurrent-reset: 0.000/0.000 secs] [Times: user=0.00 sys=0.00, real=0.00 secs] 
2024-03-31T19:38:30.823+0800: 362.846: [GC (CMS Initial Mark) [1 CMS-initial-mark: 63K(64K)] 105307K(118016K), 0.1094848 secs] [Times: user=0.11 sys=0.00, real=0.11 secs] 
2024-03-31T19:38:30.933+0800: 362.956: [CMS-concurrent-mark-start]
2024-03-31T19:38:30.934+0800: 362.957: [CMS-concurrent-mark: 0.000/0.000 secs] [Times: user=0.00 sys=0.00, real=0.00 secs] 
2024-03-31T19:38:30.935+0800: 362.957: [CMS-concurrent-preclean-start]
2024-03-31T19:38:30.936+0800: 362.959: [CMS-concurrent-preclean: 0.001/0.001 secs] [Times: user=0.01 sys=0.00, real=0.01 secs] 
2024-03-31T19:38:30.936+0800: 362.959: [CMS-concurrent-abortable-preclean-start]
2024-03-31T19:38:30.937+0800: 362.959: [CMS-concurrent-abortable-preclean: 0.000/0.000 secs] [Times: user=0.00 sys=0.00, real=0.00 secs] 
2024-03-31T19:38:30.937+0800: 362.960: [GC (CMS Final Remark) [YG occupancy: 105245 K (117952 K)]2024-03-31T19:38:30.937+0800: 362.960: [Rescan (non-parallel) 2024-03-31T19:38:30.937+0800: 362.960: [grey object rescan, 0.0001008 secs]2024-03-31T19:38:30.938+0800: 362.960: [root rescan, 0.0703165 secs]2024-03-31T19:38:31.008+0800: 363.031: [visit unhandled CLDs, 0.0001752 secs]2024-03-31T19:38:31.008+0800: 363.031: [dirty klass scan, 0.0013651 secs], 0.0725977 secs]2024-03-31T19:38:31.010+0800: 363.032: [weak refs processing, 0.0001480 secs]2024-03-31T19:38:31.010+0800: 363.033: [class unloading, 0.0098814 secs]2024-03-31T19:38:31.020+0800: 363.043: [scrub symbol table, 0.0095926 secs]2024-03-31T19:38:31.030+0800: 363.053: [scrub string table, 0.0005566 secs][1 CMS-remark: 63K(64K)] 105308K(118016K), 0.0957158 secs] [Times: user=0.09 sys=0.00, real=0.09 secs] 
2024-03-31T19:38:31.034+0800: 363.056: [CMS-concurrent-sweep-start]
2024-03-31T19:38:31.034+0800: 363.056: [CMS-concurrent-sweep: 0.000/0.000 secs] [Times: user=0.00 sys=0.00, real=0.00 secs] 
2024-03-31T19:38:31.035+0800: 363.057: [CMS-concurrent-reset-start]
2024-03-31T19:38:31.035+0800: 363.057: [CMS-concurrent-reset: 0.000/0.000 secs] [Times: user=0.00 sys=0.00, real=0.00 secs] 
2024-03-31T19:38:33.042+0800: 365.065: [GC (CMS Initial Mark) [1 CMS-initial-mark: 63K(64K)] 105461K(118016K), 0.1076360 secs] [Times: user=0.10 sys=0.00, real=0.11 secs] 
2024-03-31T19:38:33.151+0800: 365.173: [CMS-concurrent-mark-start]
2024-03-31T19:38:33.151+0800: 365.174: [CMS-concurrent-mark: 0.000/0.000 secs] [Times: user=0.00 sys=0.00, real=0.00 secs] 
2024-03-31T19:38:33.153+0800: 365.176: [CMS-concurrent-preclean-start]
2024-03-31T19:38:33.156+0800: 365.179: [CMS-concurrent-preclean: 0.001/0.001 secs] [Times: user=0.01 sys=0.00, real=0.01 secs] 
2024-03-31T19:38:33.157+0800: 365.180: [CMS-concurrent-abortable-preclean-start]
2024-03-31T19:38:33.158+0800: 365.181: [CMS-concurrent-abortable-preclean: 0.000/0.000 secs] [Times: user=0.00 sys=0.00, real=0.00 secs] 
2024-03-31T19:38:33.159+0800: 365.182: [GC (CMS Final Remark) [YG occupancy: 105398 K (117952 K)]2024-03-31T19:38:33.159+0800: 365.182: [Rescan (non-parallel) 2024-03-31T19:38:33.159+0800: 365.182: [grey object rescan, 0.0001049 secs]2024-03-31T19:38:33.160+0800: 365.182: [root rescan, 0.0703312 secs]2024-03-31T19:38:33.230+0800: 365.253: [visit unhandled CLDs, 0.0001342 secs]2024-03-31T19:38:33.230+0800: 365.253: [dirty klass scan, 0.0013358 secs], 0.0725750 secs]2024-03-31T19:38:33.232+0800: 365.254: [weak refs processing, 0.0001411 secs]2024-03-31T19:38:33.232+0800: 365.255: [class unloading, 0.0100346 secs]2024-03-31T19:38:33.242+0800: 365.265: [scrub symbol table, 0.0096530 secs]2024-03-31T19:38:33.252+0800: 365.275: [scrub string table, 0.0004867 secs][1 CMS-remark: 63K(64K)] 105462K(118016K), 0.0958778 secs] [Times: user=0.10 sys=0.00, real=0.10 secs] 
2024-03-31T19:38:33.256+0800: 365.278: [CMS-concurrent-sweep-start]
2024-03-31T19:38:33.256+0800: 365.278: [CMS-concurrent-sweep: 0.000/0.000 secs] [Times: user=0.00 sys=0.00, real=0.00 secs] 
2024-03-31T19:38:33.257+0800: 365.279: [CMS-concurrent-reset-start]
2024-03-31T19:38:33.257+0800: 365.279: [CMS-concurrent-reset: 0.000/0.000 secs] [Times: user=0.00 sys=0.00, real=0.00 secs] 
2024-03-31T19:38:35.261+0800: 367.284: [GC (CMS Initial Mark) [1 CMS-initial-mark: 63K(64K)] 105705K(118016K), 0.1028430 secs] [Times: user=0.10 sys=0.00, real=0.10 secs] 
2024-03-31T19:38:35.365+0800: 367.388: [CMS-concurrent-mark-start]
2024-03-31T19:38:35.366+0800: 367.389: [CMS-concurrent-mark: 0.000/0.000 secs] [Times: user=0.01 sys=0.00, real=0.01 secs] 
2024-03-31T19:38:35.367+0800: 367.390: [CMS-concurrent-preclean-start]
2024-03-31T19:38:35.369+0800: 367.392: [CMS-concurrent-preclean: 0.001/0.001 secs] [Times: user=0.00 sys=0.00, real=0.00 secs] 
2024-03-31T19:38:35.370+0800: 367.393: [CMS-concurrent-abortable-preclean-start]
2024-03-31T19:38:35.370+0800: 367.393: [CMS-concurrent-abortable-preclean: 0.000/0.000 secs] [Times: user=0.00 sys=0.00, real=0.00 secs] 
2024-03-31T19:38:35.371+0800: 367.394: [GC (CMS Final Remark) [YG occupancy: 105642 K (117952 K)]2024-03-31T19:38:35.371+0800: 367.394: [Rescan (non-parallel) 2024-03-31T19:38:35.372+0800: 367.394: [grey object rescan, 0.0001093 secs]2024-03-31T19:38:35.372+0800: 367.394: [root rescan, 0.0708827 secs]2024-03-31T19:38:35.443+0800: 367.465: [visit unhandled CLDs, 0.0002006 secs]2024-03-31T19:38:35.443+0800: 367.466: [dirty klass scan, 0.0015299 secs], 0.0733694 secs]2024-03-31T19:38:35.445+0800: 367.467: [weak refs processing, 0.0001447 secs]2024-03-31T19:38:35.445+0800: 367.468: [class unloading, 0.0105431 secs]2024-03-31T19:38:35.456+0800: 367.478: [scrub symbol table, 0.0101277 secs]2024-03-31T19:38:35.466+0800: 367.489: [scrub string table, 0.0005399 secs][1 CMS-remark: 63K(64K)] 105706K(118016K), 0.0980055 secs] [Times: user=0.10 sys=0.00, real=0.10 secs] 
2024-03-31T19:38:35.470+0800: 367.493: [CMS-concurrent-sweep-start]
2024-03-31T19:38:35.471+0800: 367.494: [CMS-concurrent-sweep: 0.000/0.000 secs] [Times: user=0.00 sys=0.00, real=0.00 secs] 
2024-03-31T19:38:35.473+0800: 367.495: [CMS-concurrent-reset-start]
2024-03-31T19:38:35.473+0800: 367.495: [CMS-concurrent-reset: 0.000/0.000 secs] [Times: user=0.00 sys=0.00, real=0.00 secs] 
2024-03-31T19:38:37.476+0800: 369.498: [GC (CMS Initial Mark) [1 CMS-initial-mark: 63K(64K)] 105799K(118016K), 0.0928849 secs] [Times: user=0.09 sys=0.00, real=0.09 secs] 
2024-03-31T19:38:37.569+0800: 369.592: [CMS-concurrent-mark-start]
2024-03-31T19:38:37.570+0800: 369.593: [CMS-concurrent-mark: 0.000/0.000 secs] [Times: user=0.01 sys=0.00, real=0.00 secs] 
2024-03-31T19:38:37.571+0800: 369.594: [CMS-concurrent-preclean-start]
2024-03-31T19:38:37.573+0800: 369.595: [CMS-concurrent-preclean: 0.001/0.001 secs] [Times: user=0.00 sys=0.00, real=0.00 secs] 
2024-03-31T19:38:37.573+0800: 369.595: [CMS-concurrent-abortable-preclean-start]
2024-03-31T19:38:37.573+0800: 369.596: [CMS-concurrent-abortable-preclean: 0.000/0.000 secs] [Times: user=0.00 sys=0.00, real=0.00 secs] 
2024-03-31T19:38:37.574+0800: 369.597: [GC (CMS Final Remark) [YG occupancy: 105736 K (117952 K)]2024-03-31T19:38:37.575+0800: 369.597: [Rescan (non-parallel) 2024-03-31T19:38:37.575+0800: 369.597: [grey object rescan, 0.0001018 secs]2024-03-31T19:38:37.575+0800: 369.597: [root rescan, 0.0698557 secs]2024-03-31T19:38:37.645+0800: 369.667: [visit unhandled CLDs, 0.0001974 secs]2024-03-31T19:38:37.645+0800: 369.668: [dirty klass scan, 0.0013270 secs], 0.0721275 secs]2024-03-31T19:38:37.647+0800: 369.669: [weak refs processing, 0.0001415 secs]2024-03-31T19:38:37.647+0800: 369.669: [class unloading, 0.0100745 secs]2024-03-31T19:38:37.657+0800: 369.680: [scrub symbol table, 0.0097742 secs]2024-03-31T19:38:37.667+0800: 369.690: [scrub string table, 0.0004820 secs][1 CMS-remark: 63K(64K)] 105800K(118016K), 0.0956485 secs] [Times: user=0.10 sys=0.00, real=0.10 secs] 
2024-03-31T19:38:37.671+0800: 369.693: [CMS-concurrent-sweep-start]
2024-03-31T19:38:37.671+0800: 369.694: [CMS-concurrent-sweep: 0.000/0.000 secs] [Times: user=0.00 sys=0.00, real=0.00 secs] 
2024-03-31T19:38:37.672+0800: 369.694: [CMS-concurrent-reset-start]
2024-03-31T19:38:37.672+0800: 369.694: [CMS-concurrent-reset: 0.000/0.000 secs] [Times: user=0.00 sys=0.00, real=0.00 secs] 
2024-03-31T19:38:39.680+0800: 371.702: [GC (CMS Initial Mark) [1 CMS-initial-mark: 63K(64K)] 105978K(118016K), 0.0950134 secs] [Times: user=0.10 sys=0.00, real=0.10 secs] 
2024-03-31T19:38:39.776+0800: 371.798: [CMS-concurrent-mark-start]
2024-03-31T19:38:39.776+0800: 371.799: [CMS-concurrent-mark: 0.000/0.000 secs] [Times: user=0.00 sys=0.00, real=0.00 secs] 
2024-03-31T19:38:39.778+0800: 371.800: [CMS-concurrent-preclean-start]
2024-03-31T19:38:39.780+0800: 371.802: [CMS-concurrent-preclean: 0.001/0.001 secs] [Times: user=0.00 sys=0.00, real=0.00 secs] 
2024-03-31T19:38:39.781+0800: 371.803: [CMS-concurrent-abortable-preclean-start]
2024-03-31T19:38:39.781+0800: 371.804: [CMS-concurrent-abortable-preclean: 0.000/0.000 secs] [Times: user=0.00 sys=0.00, real=0.00 secs] 
2024-03-31T19:38:39.783+0800: 371.806: [GC (CMS Final Remark) [YG occupancy: 105915 K (117952 K)]2024-03-31T19:38:39.784+0800: 371.806: [Rescan (non-parallel) 2024-03-31T19:38:39.784+0800: 371.806: [grey object rescan, 0.0001680 secs]2024-03-31T19:38:39.784+0800: 371.807: [root rescan, 0.0711994 secs]2024-03-31T19:38:39.856+0800: 371.878: [visit unhandled CLDs, 0.0001720 secs]2024-03-31T19:38:39.856+0800: 371.878: [dirty klass scan, 0.0013433 secs], 0.0737390 secs]2024-03-31T19:38:39.857+0800: 371.880: [weak refs processing, 0.0001459 secs]2024-03-31T19:38:39.858+0800: 371.880: [class unloading, 0.0099660 secs]2024-03-31T19:38:39.868+0800: 371.890: [scrub symbol table, 0.0102132 secs]2024-03-31T19:38:39.878+0800: 371.901: [scrub string table, 0.0005195 secs][1 CMS-remark: 63K(64K)] 105979K(118016K), 0.0976853 secs] [Times: user=0.09 sys=0.00, real=0.10 secs] 
2024-03-31T19:38:39.882+0800: 371.904: [CMS-concurrent-sweep-start]
2024-03-31T19:38:39.883+0800: 371.905: [CMS-concurrent-sweep: 0.000/0.000 secs] [Times: user=0.00 sys=0.00, real=0.00 secs] 
2024-03-31T19:38:39.884+0800: 371.907: [CMS-concurrent-reset-start]
2024-03-31T19:38:39.885+0800: 371.907: [CMS-concurrent-reset: 0.000/0.000 secs] [Times: user=0.01 sys=0.00, real=0.00 secs] 
2024-03-31T19:38:41.889+0800: 373.911: [GC (CMS Initial Mark) [1 CMS-initial-mark: 63K(64K)] 106170K(118016K), 0.1053646 secs] [Times: user=0.11 sys=0.00, real=0.10 secs] 
2024-03-31T19:38:41.995+0800: 374.017: [CMS-concurrent-mark-start]
2024-03-31T19:38:41.996+0800: 374.018: [CMS-concurrent-mark: 0.000/0.000 secs] [Times: user=0.00 sys=0.00, real=0.01 secs] 
2024-03-31T19:38:41.997+0800: 374.019: [CMS-concurrent-preclean-start]
2024-03-31T19:38:41.998+0800: 374.020: [CMS-concurrent-preclean: 0.001/0.001 secs] [Times: user=0.00 sys=0.00, real=0.00 secs] 
2024-03-31T19:38:41.998+0800: 374.021: [CMS-concurrent-abortable-preclean-start]
2024-03-31T19:38:41.998+0800: 374.021: [CMS-concurrent-abortable-preclean: 0.000/0.000 secs] [Times: user=0.00 sys=0.00, real=0.00 secs] 
2024-03-31T19:38:41.999+0800: 374.022: [GC (CMS Final Remark) [YG occupancy: 106110 K (117952 K)]2024-03-31T19:38:41.999+0800: 374.022: [Rescan (non-parallel) 2024-03-31T19:38:42.000+0800: 374.022: [grey object rescan, 0.0001513 secs]2024-03-31T19:38:42.000+0800: 374.022: [root rescan, 0.0709778 secs]2024-03-31T19:38:42.071+0800: 374.094: [visit unhandled CLDs, 0.0001615 secs]2024-03-31T19:38:42.071+0800: 374.094: [dirty klass scan, 0.0013779 secs], 0.0734688 secs]2024-03-31T19:38:42.073+0800: 374.096: [weak refs processing, 0.0002105 secs]2024-03-31T19:38:42.073+0800: 374.096: [class unloading, 0.0108166 secs]2024-03-31T19:38:42.084+0800: 374.107: [scrub symbol table, 0.0098788 secs]2024-03-31T19:38:42.094+0800: 374.117: [scrub string table, 0.0005069 secs][1 CMS-remark: 63K(64K)] 106174K(118016K), 0.0980003 secs] [Times: user=0.10 sys=0.00, real=0.10 secs] 
2024-03-31T19:38:42.098+0800: 374.120: [CMS-concurrent-sweep-start]
2024-03-31T19:38:42.098+0800: 374.121: [CMS-concurrent-sweep: 0.000/0.000 secs] [Times: user=0.00 sys=0.00, real=0.00 secs] 
2024-03-31T19:38:42.100+0800: 374.122: [CMS-concurrent-reset-start]
2024-03-31T19:38:42.100+0800: 374.123: [CMS-concurrent-reset: 0.000/0.000 secs] [Times: user=0.00 sys=0.00, real=0.00 secs] 
2024-03-31T19:38:44.103+0800: 376.126: [GC (CMS Initial Mark) [1 CMS-initial-mark: 63K(64K)] 106345K(118016K), 0.1211943 secs] [Times: user=0.12 sys=0.00, real=0.13 secs] 
2024-03-31T19:38:44.226+0800: 376.248: [CMS-concurrent-mark-start]
2024-03-31T19:38:44.226+0800: 376.249: [CMS-concurrent-mark: 0.000/0.000 secs] [Times: user=0.00 sys=0.00, real=0.00 secs] 
2024-03-31T19:38:44.228+0800: 376.250: [CMS-concurrent-preclean-start]
2024-03-31T19:38:44.231+0800: 376.254: [CMS-concurrent-preclean: 0.001/0.001 secs] [Times: user=0.00 sys=0.00, real=0.00 secs] 
2024-03-31T19:38:44.233+0800: 376.255: [CMS-concurrent-abortable-preclean-start]
2024-03-31T19:38:44.234+0800: 376.257: [CMS-concurrent-abortable-preclean: 0.000/0.000 secs] [Times: user=0.00 sys=0.00, real=0.00 secs] 
2024-03-31T19:38:44.236+0800: 376.259: [GC (CMS Final Remark) [YG occupancy: 106282 K (117952 K)]2024-03-31T19:38:44.236+0800: 376.259: [Rescan (non-parallel) 2024-03-31T19:38:44.237+0800: 376.259: [grey object rescan, 0.0001682 secs]2024-03-31T19:38:44.237+0800: 376.259: [root rescan, 0.0717780 secs]2024-03-31T19:38:44.309+0800: 376.331: [visit unhandled CLDs, 0.0002223 secs]2024-03-31T19:38:44.309+0800: 376.332: [dirty klass scan, 0.0015345 secs], 0.0744665 secs]2024-03-31T19:38:44.311+0800: 376.334: [weak refs processing, 0.0001699 secs]2024-03-31T19:38:44.311+0800: 376.334: [class unloading, 0.0104951 secs]2024-03-31T19:38:44.322+0800: 376.345: [scrub symbol table, 0.0103058 secs]2024-03-31T19:38:44.333+0800: 376.355: [scrub string table, 0.0006237 secs][1 CMS-remark: 63K(64K)] 106346K(118016K), 0.0993483 secs] [Times: user=0.09 sys=0.01, real=0.10 secs] 
2024-03-31T19:38:44.337+0800: 376.359: [CMS-concurrent-sweep-start]
2024-03-31T19:38:44.337+0800: 376.360: [CMS-concurrent-sweep: 0.000/0.000 secs] [Times: user=0.00 sys=0.00, real=0.00 secs] 
2024-03-31T19:38:44.339+0800: 376.361: [CMS-concurrent-reset-start]
2024-03-31T19:38:44.339+0800: 376.362: [CMS-concurrent-reset: 0.000/0.000 secs] [Times: user=0.00 sys=0.00, real=0.00 secs] 
2024-03-31T19:38:46.340+0800: 378.363: [GC (CMS Initial Mark) [1 CMS-initial-mark: 63K(64K)] 106451K(118016K), 0.0718064 secs] [Times: user=0.07 sys=0.01, real=0.07 secs] 
2024-03-31T19:38:46.413+0800: 378.435: [CMS-concurrent-mark-start]
2024-03-31T19:38:46.414+0800: 378.436: [CMS-concurrent-mark: 0.000/0.000 secs] [Times: user=0.00 sys=0.00, real=0.00 secs] 
2024-03-31T19:38:46.415+0800: 378.437: [CMS-concurrent-preclean-start]
2024-03-31T19:38:46.417+0800: 378.440: [CMS-concurrent-preclean: 0.001/0.001 secs] [Times: user=0.00 sys=0.00, real=0.01 secs] 
2024-03-31T19:38:46.418+0800: 378.441: [CMS-concurrent-abortable-preclean-start]
2024-03-31T19:38:46.419+0800: 378.441: [CMS-concurrent-abortable-preclean: 0.000/0.000 secs] [Times: user=0.00 sys=0.00, real=0.00 secs] 
2024-03-31T19:38:46.421+0800: 378.443: [GC (CMS Final Remark) [YG occupancy: 106388 K (117952 K)]2024-03-31T19:38:46.421+0800: 378.444: [Rescan (non-parallel) 2024-03-31T19:38:46.421+0800: 378.444: [grey object rescan, 0.0002527 secs]2024-03-31T19:38:46.422+0800: 378.444: [root rescan, 0.0743772 secs]2024-03-31T19:38:46.496+0800: 378.519: [visit unhandled CLDs, 0.0002055 secs]2024-03-31T19:38:46.497+0800: 378.519: [dirty klass scan, 0.0019775 secs], 0.0779181 secs]2024-03-31T19:38:46.499+0800: 378.522: [weak refs processing, 0.0002891 secs]2024-03-31T19:38:46.500+0800: 378.522: [class unloading, 0.0112245 secs]2024-03-31T19:38:46.511+0800: 378.534: [scrub symbol table, 0.0135346 secs]2024-03-31T19:38:46.525+0800: 378.547: [scrub string table, 0.0007585 secs][1 CMS-remark: 63K(64K)] 106452K(118016K), 0.1073852 secs] [Times: user=0.11 sys=0.00, real=0.11 secs] 
2024-03-31T19:38:46.530+0800: 378.552: [CMS-concurrent-sweep-start]
2024-03-31T19:38:46.531+0800: 378.553: [CMS-concurrent-sweep: 0.000/0.000 secs] [Times: user=0.00 sys=0.00, real=0.00 secs] 
2024-03-31T19:38:46.534+0800: 378.556: [CMS-concurrent-reset-start]
2024-03-31T19:38:46.535+0800: 378.557: [CMS-concurrent-reset: 0.000/0.000 secs] [Times: user=0.00 sys=0.00, real=0.00 secs] 
2024-03-31T19:38:48.543+0800: 380.566: [GC (CMS Initial Mark) [1 CMS-initial-mark: 63K(64K)] 106613K(118016K), 0.1176615 secs] [Times: user=0.11 sys=0.00, real=0.12 secs] 
2024-03-31T19:38:48.661+0800: 380.684: [CMS-concurrent-mark-start]
2024-03-31T19:38:48.662+0800: 380.685: [CMS-concurrent-mark: 0.000/0.000 secs] [Times: user=0.00 sys=0.00, real=0.00 secs] 
2024-03-31T19:38:48.663+0800: 380.686: [CMS-concurrent-preclean-start]
2024-03-31T19:38:48.665+0800: 380.687: [CMS-concurrent-preclean: 0.001/0.001 secs] [Times: user=0.01 sys=0.00, real=0.00 secs] 
2024-03-31T19:38:48.665+0800: 380.687: [CMS-concurrent-abortable-preclean-start]
2024-03-31T19:38:48.665+0800: 380.687: [CMS-concurrent-abortable-preclean: 0.000/0.000 secs] [Times: user=0.00 sys=0.00, real=0.01 secs] 
2024-03-31T19:38:48.666+0800: 380.688: [GC (CMS Final Remark) [YG occupancy: 106550 K (117952 K)]2024-03-31T19:38:48.666+0800: 380.688: [Rescan (non-parallel) 2024-03-31T19:38:48.666+0800: 380.689: [grey object rescan, 0.0001433 secs]2024-03-31T19:38:48.666+0800: 380.689: [root rescan, 0.0723656 secs]2024-03-31T19:38:48.739+0800: 380.761: [visit unhandled CLDs, 0.0001976 secs]2024-03-31T19:38:48.739+0800: 380.762: [dirty klass scan, 0.0014329 secs], 0.0748523 secs]2024-03-31T19:38:48.741+0800: 380.763: [weak refs processing, 0.0001554 secs]2024-03-31T19:38:48.741+0800: 380.764: [class unloading, 0.0105364 secs]2024-03-31T19:38:48.752+0800: 380.774: [scrub symbol table, 0.0114551 secs]2024-03-31T19:38:48.764+0800: 380.786: [scrub string table, 0.0005096 secs][1 CMS-remark: 63K(64K)] 106614K(118016K), 0.1006966 secs] [Times: user=0.10 sys=0.00, real=0.10 secs] 
2024-03-31T19:38:48.767+0800: 380.790: [CMS-concurrent-sweep-start]
2024-03-31T19:38:48.768+0800: 380.790: [CMS-concurrent-sweep: 0.000/0.000 secs] [Times: user=0.00 sys=0.00, real=0.00 secs] 
2024-03-31T19:38:48.769+0800: 380.791: [CMS-concurrent-reset-start]
2024-03-31T19:38:48.769+0800: 380.792: [CMS-concurrent-reset: 0.000/0.000 secs] [Times: user=0.00 sys=0.00, real=0.00 secs] 
2024-03-31T19:38:50.778+0800: 382.801: [GC (CMS Initial Mark) [1 CMS-initial-mark: 63K(64K)] 106850K(118016K), 0.1009883 secs] [Times: user=0.10 sys=0.00, real=0.10 secs] 
2024-03-31T19:38:50.880+0800: 382.902: [CMS-concurrent-mark-start]
2024-03-31T19:38:50.880+0800: 382.903: [CMS-concurrent-mark: 0.000/0.000 secs] [Times: user=0.00 sys=0.00, real=0.00 secs] 
2024-03-31T19:38:50.881+0800: 382.904: [CMS-concurrent-preclean-start]
2024-03-31T19:38:50.883+0800: 382.905: [CMS-concurrent-preclean: 0.001/0.001 secs] [Times: user=0.00 sys=0.00, real=0.00 secs] 
2024-03-31T19:38:50.884+0800: 382.906: [CMS-concurrent-abortable-preclean-start]
2024-03-31T19:38:50.884+0800: 382.906: [CMS-concurrent-abortable-preclean: 0.000/0.000 secs] [Times: user=0.00 sys=0.00, real=0.00 secs] 
2024-03-31T19:38:50.885+0800: 382.907: [GC (CMS Final Remark) [YG occupancy: 106787 K (117952 K)]2024-03-31T19:38:50.885+0800: 382.907: [Rescan (non-parallel) 2024-03-31T19:38:50.885+0800: 382.907: [grey object rescan, 0.0001031 secs]2024-03-31T19:38:50.885+0800: 382.908: [root rescan, 0.0700268 secs]2024-03-31T19:38:50.955+0800: 382.978: [visit unhandled CLDs, 0.0001358 secs]2024-03-31T19:38:50.956+0800: 382.978: [dirty klass scan, 0.0013237 secs], 0.0721695 secs]2024-03-31T19:38:50.957+0800: 382.980: [weak refs processing, 0.0001364 secs]2024-03-31T19:38:50.957+0800: 382.980: [class unloading, 0.0099263 secs]2024-03-31T19:38:50.967+0800: 382.990: [scrub symbol table, 0.0095152 secs]2024-03-31T19:38:50.977+0800: 383.000: [scrub string table, 0.0004881 secs][1 CMS-remark: 63K(64K)] 106851K(118016K), 0.0951900 secs] [Times: user=0.10 sys=0.00, real=0.10 secs] 
2024-03-31T19:38:50.981+0800: 383.003: [CMS-concurrent-sweep-start]
2024-03-31T19:38:50.981+0800: 383.003: [CMS-concurrent-sweep: 0.000/0.000 secs] [Times: user=0.00 sys=0.01, real=0.00 secs] 
2024-03-31T19:38:50.982+0800: 383.004: [CMS-concurrent-reset-start]
2024-03-31T19:38:50.982+0800: 383.004: [CMS-concurrent-reset: 0.000/0.000 secs] [Times: user=0.00 sys=0.00, real=0.00 secs] 
2024-03-31T19:38:52.986+0800: 385.009: [GC (CMS Initial Mark) [1 CMS-initial-mark: 63K(64K)] 106939K(118016K), 0.0859167 secs] [Times: user=0.09 sys=0.00, real=0.08 secs] 
2024-03-31T19:38:53.073+0800: 385.095: [CMS-concurrent-mark-start]
2024-03-31T19:38:53.074+0800: 385.096: [CMS-concurrent-mark: 0.000/0.000 secs] [Times: user=0.00 sys=0.01, real=0.00 secs] 
2024-03-31T19:38:53.075+0800: 385.097: [CMS-concurrent-preclean-start]
2024-03-31T19:38:53.076+0800: 385.099: [CMS-concurrent-preclean: 0.001/0.001 secs] [Times: user=0.00 sys=0.00, real=0.01 secs] 
2024-03-31T19:38:53.077+0800: 385.099: [CMS-concurrent-abortable-preclean-start]
2024-03-31T19:38:53.077+0800: 385.099: [CMS-concurrent-abortable-preclean: 0.000/0.000 secs] [Times: user=0.00 sys=0.00, real=0.00 secs] 
2024-03-31T19:38:53.078+0800: 385.101: [GC (CMS Final Remark) [YG occupancy: 106882 K (117952 K)]2024-03-31T19:38:53.079+0800: 385.101: [Rescan (non-parallel) 2024-03-31T19:38:53.079+0800: 385.101: [grey object rescan, 0.0001063 secs]2024-03-31T19:38:53.079+0800: 385.101: [root rescan, 0.0702934 secs]2024-03-31T19:38:53.149+0800: 385.172: [visit unhandled CLDs, 0.0001763 secs]2024-03-31T19:38:53.150+0800: 385.172: [dirty klass scan, 0.0012720 secs], 0.0725365 secs]2024-03-31T19:38:53.151+0800: 385.174: [weak refs processing, 0.0001428 secs]2024-03-31T19:38:53.151+0800: 385.174: [class unloading, 0.0100428 secs]2024-03-31T19:38:53.162+0800: 385.184: [scrub symbol table, 0.0096873 secs]2024-03-31T19:38:53.172+0800: 385.194: [scrub string table, 0.0005257 secs][1 CMS-remark: 63K(64K)] 106946K(118016K), 0.0959240 secs] [Times: user=0.10 sys=0.00, real=0.09 secs] 
2024-03-31T19:38:53.175+0800: 385.198: [CMS-concurrent-sweep-start]
2024-03-31T19:38:53.176+0800: 385.198: [CMS-concurrent-sweep: 0.000/0.000 secs] [Times: user=0.00 sys=0.00, real=0.01 secs] 
2024-03-31T19:38:53.177+0800: 385.200: [CMS-concurrent-reset-start]
2024-03-31T19:38:53.178+0800: 385.200: [CMS-concurrent-reset: 0.000/0.000 secs] [Times: user=0.00 sys=0.00, real=0.00 secs] 
2024-03-31T19:38:55.186+0800: 387.209: [GC (CMS Initial Mark) [1 CMS-initial-mark: 63K(64K)] 107134K(118016K), 0.1078655 secs] [Times: user=0.11 sys=0.00, real=0.10 secs] 
2024-03-31T19:38:55.295+0800: 387.317: [CMS-concurrent-mark-start]
2024-03-31T19:38:55.296+0800: 387.318: [CMS-concurrent-mark: 0.000/0.000 secs] [Times: user=0.00 sys=0.00, real=0.01 secs] 
2024-03-31T19:38:55.297+0800: 387.319: [CMS-concurrent-preclean-start]
2024-03-31T19:38:55.300+0800: 387.322: [CMS-concurrent-preclean: 0.001/0.001 secs] [Times: user=0.01 sys=0.00, real=0.00 secs] 
2024-03-31T19:38:55.302+0800: 387.324: [CMS-concurrent-abortable-preclean-start]
2024-03-31T19:38:55.303+0800: 387.325: [CMS-concurrent-abortable-preclean: 0.000/0.000 secs] [Times: user=0.00 sys=0.00, real=0.00 secs] 
2024-03-31T19:38:55.305+0800: 387.328: [GC (CMS Final Remark) [YG occupancy: 107071 K (117952 K)]2024-03-31T19:38:55.306+0800: 387.328: [Rescan (non-parallel) 2024-03-31T19:38:55.306+0800: 387.328: [grey object rescan, 0.0001053 secs]2024-03-31T19:38:55.306+0800: 387.328: [root rescan, 0.0724868 secs]2024-03-31T19:38:55.379+0800: 387.401: [visit unhandled CLDs, 0.0001696 secs]2024-03-31T19:38:55.379+0800: 387.401: [dirty klass scan, 0.0014288 secs], 0.0748129 secs]2024-03-31T19:38:55.380+0800: 387.403: [weak refs processing, 0.0001485 secs]2024-03-31T19:38:55.381+0800: 387.403: [class unloading, 0.0101236 secs]2024-03-31T19:38:55.391+0800: 387.414: [scrub symbol table, 0.0096295 secs]2024-03-31T19:38:55.401+0800: 387.423: [scrub string table, 0.0004852 secs][1 CMS-remark: 63K(64K)] 107135K(118016K), 0.0982656 secs] [Times: user=0.10 sys=0.00, real=0.09 secs] 
2024-03-31T19:38:55.404+0800: 387.427: [CMS-concurrent-sweep-start]
2024-03-31T19:38:55.405+0800: 387.427: [CMS-concurrent-sweep: 0.000/0.000 secs] [Times: user=0.00 sys=0.00, real=0.00 secs] 
2024-03-31T19:38:55.405+0800: 387.428: [CMS-concurrent-reset-start]
2024-03-31T19:38:55.405+0800: 387.428: [CMS-concurrent-reset: 0.000/0.000 secs] [Times: user=0.00 sys=0.00, real=0.00 secs] 
2024-03-31T19:38:57.415+0800: 389.437: [GC (CMS Initial Mark) [1 CMS-initial-mark: 63K(64K)] 107209K(118016K), 0.1117030 secs] [Times: user=0.11 sys=0.00, real=0.12 secs] 
2024-03-31T19:38:57.527+0800: 389.550: [CMS-concurrent-mark-start]
2024-03-31T19:38:57.528+0800: 389.551: [CMS-concurrent-mark: 0.000/0.000 secs] [Times: user=0.00 sys=0.00, real=0.00 secs] 
2024-03-31T19:38:57.529+0800: 389.552: [CMS-concurrent-preclean-start]
2024-03-31T19:38:57.531+0800: 389.554: [CMS-concurrent-preclean: 0.001/0.001 secs] [Times: user=0.00 sys=0.00, real=0.00 secs] 
2024-03-31T19:38:57.532+0800: 389.554: [CMS-concurrent-abortable-preclean-start]
2024-03-31T19:38:57.532+0800: 389.555: [CMS-concurrent-abortable-preclean: 0.000/0.000 secs] [Times: user=0.00 sys=0.00, real=0.00 secs] 
2024-03-31T19:38:57.533+0800: 389.556: [GC (CMS Final Remark) [YG occupancy: 107152 K (117952 K)]2024-03-31T19:38:57.533+0800: 389.556: [Rescan (non-parallel) 2024-03-31T19:38:57.534+0800: 389.556: [grey object rescan, 0.0001206 secs]2024-03-31T19:38:57.534+0800: 389.556: [root rescan, 0.0714850 secs]2024-03-31T19:38:57.605+0800: 389.628: [visit unhandled CLDs, 0.0001578 secs]2024-03-31T19:38:57.606+0800: 389.628: [dirty klass scan, 0.0014294 secs], 0.0738377 secs]2024-03-31T19:38:57.607+0800: 389.630: [weak refs processing, 0.0001370 secs]2024-03-31T19:38:57.608+0800: 389.630: [class unloading, 0.0100619 secs]2024-03-31T19:38:57.618+0800: 389.640: [scrub symbol table, 0.0095758 secs]2024-03-31T19:38:57.628+0800: 389.650: [scrub string table, 0.0005103 secs][1 CMS-remark: 63K(64K)] 107216K(118016K), 0.0971686 secs] [Times: user=0.10 sys=0.00, real=0.10 secs] 
2024-03-31T19:38:57.631+0800: 389.654: [CMS-concurrent-sweep-start]
2024-03-31T19:38:57.632+0800: 389.654: [CMS-concurrent-sweep: 0.000/0.000 secs] [Times: user=0.00 sys=0.00, real=0.00 secs] 
2024-03-31T19:38:57.633+0800: 389.655: [CMS-concurrent-reset-start]
2024-03-31T19:38:57.633+0800: 389.655: [CMS-concurrent-reset: 0.000/0.000 secs] [Times: user=0.00 sys=0.00, real=0.00 secs] 
2024-03-31T19:38:59.641+0800: 391.664: [GC (CMS Initial Mark) [1 CMS-initial-mark: 63K(64K)] 107408K(118016K), 0.1091370 secs] [Times: user=0.11 sys=0.00, real=0.11 secs] 
2024-03-31T19:38:59.751+0800: 391.774: [CMS-concurrent-mark-start]
2024-03-31T19:38:59.752+0800: 391.775: [CMS-concurrent-mark: 0.000/0.000 secs] [Times: user=0.00 sys=0.00, real=0.00 secs] 
2024-03-31T19:38:59.753+0800: 391.775: [CMS-concurrent-preclean-start]
2024-03-31T19:38:59.754+0800: 391.777: [CMS-concurrent-preclean: 0.001/0.001 secs] [Times: user=0.00 sys=0.00, real=0.00 secs] 
2024-03-31T19:38:59.754+0800: 391.777: [CMS-concurrent-abortable-preclean-start]
2024-03-31T19:38:59.754+0800: 391.777: [CMS-concurrent-abortable-preclean: 0.000/0.000 secs] [Times: user=0.00 sys=0.00, real=0.00 secs] 
2024-03-31T19:38:59.755+0800: 391.778: [GC (CMS Final Remark) [YG occupancy: 107345 K (117952 K)]2024-03-31T19:38:59.755+0800: 391.778: [Rescan (non-parallel) 2024-03-31T19:38:59.755+0800: 391.778: [grey object rescan, 0.0001147 secs]2024-03-31T19:38:59.756+0800: 391.778: [root rescan, 0.0702555 secs]2024-03-31T19:38:59.826+0800: 391.849: [visit unhandled CLDs, 0.0001638 secs]2024-03-31T19:38:59.826+0800: 391.849: [dirty klass scan, 0.0013289 secs], 0.0724512 secs]2024-03-31T19:38:59.828+0800: 391.850: [weak refs processing, 0.0001564 secs]2024-03-31T19:38:59.828+0800: 391.851: [class unloading, 0.0102274 secs]2024-03-31T19:38:59.838+0800: 391.861: [scrub symbol table, 0.0098097 secs]2024-03-31T19:38:59.848+0800: 391.871: [scrub string table, 0.0005583 secs][1 CMS-remark: 63K(64K)] 107409K(118016K), 0.0961583 secs] [Times: user=0.10 sys=0.00, real=0.09 secs] 
2024-03-31T19:38:59.852+0800: 391.874: [CMS-concurrent-sweep-start]
2024-03-31T19:38:59.852+0800: 391.874: [CMS-concurrent-sweep: 0.000/0.000 secs] [Times: user=0.00 sys=0.00, real=0.00 secs] 
2024-03-31T19:38:59.852+0800: 391.875: [CMS-concurrent-reset-start]
2024-03-31T19:38:59.852+0800: 391.875: [CMS-concurrent-reset: 0.000/0.000 secs] [Times: user=0.00 sys=0.00, real=0.00 secs] 
2024-03-31T19:39:01.854+0800: 393.877: [GC (CMS Initial Mark) [1 CMS-initial-mark: 63K(64K)] 107489K(118016K), 0.0711526 secs] [Times: user=0.08 sys=0.00, real=0.08 secs] 
2024-03-31T19:39:01.926+0800: 393.948: [CMS-concurrent-mark-start]
2024-03-31T19:39:01.926+0800: 393.949: [CMS-concurrent-mark: 0.000/0.000 secs] [Times: user=0.00 sys=0.00, real=0.00 secs] 
2024-03-31T19:39:01.927+0800: 393.950: [CMS-concurrent-preclean-start]
2024-03-31T19:39:01.929+0800: 393.952: [CMS-concurrent-preclean: 0.001/0.001 secs] [Times: user=0.00 sys=0.00, real=0.00 secs] 
2024-03-31T19:39:01.930+0800: 393.952: [CMS-concurrent-abortable-preclean-start]
2024-03-31T19:39:01.930+0800: 393.953: [CMS-concurrent-abortable-preclean: 0.000/0.000 secs] [Times: user=0.00 sys=0.00, real=0.00 secs] 
2024-03-31T19:39:01.931+0800: 393.953: [GC (CMS Final Remark) [YG occupancy: 107426 K (117952 K)]2024-03-31T19:39:01.931+0800: 393.954: [Rescan (non-parallel) 2024-03-31T19:39:01.931+0800: 393.954: [grey object rescan, 0.0001181 secs]2024-03-31T19:39:01.931+0800: 393.954: [root rescan, 0.0713328 secs]2024-03-31T19:39:02.003+0800: 394.025: [visit unhandled CLDs, 0.0001708 secs]2024-03-31T19:39:02.003+0800: 394.026: [dirty klass scan, 0.0013222 secs], 0.0735873 secs]2024-03-31T19:39:02.005+0800: 394.027: [weak refs processing, 0.0001402 secs]2024-03-31T19:39:02.005+0800: 394.027: [class unloading, 0.0102374 secs]2024-03-31T19:39:02.015+0800: 394.038: [scrub symbol table, 0.0096778 secs]2024-03-31T19:39:02.025+0800: 394.048: [scrub string table, 0.0004847 secs][1 CMS-remark: 63K(64K)] 107490K(118016K), 0.0970831 secs] [Times: user=0.10 sys=0.00, real=0.10 secs] 
2024-03-31T19:39:02.028+0800: 394.051: [CMS-concurrent-sweep-start]
2024-03-31T19:39:02.029+0800: 394.051: [CMS-concurrent-sweep: 0.000/0.000 secs] [Times: user=0.00 sys=0.00, real=0.00 secs] 
2024-03-31T19:39:02.029+0800: 394.052: [CMS-concurrent-reset-start]
2024-03-31T19:39:02.030+0800: 394.052: [CMS-concurrent-reset: 0.000/0.000 secs] [Times: user=0.00 sys=0.00, real=0.00 secs] 
2024-03-31T19:39:04.034+0800: 396.057: [GC (CMS Initial Mark) [1 CMS-initial-mark: 63K(64K)] 107686K(118016K), 0.0845677 secs] [Times: user=0.08 sys=0.00, real=0.09 secs] 
2024-03-31T19:39:04.119+0800: 396.142: [CMS-concurrent-mark-start]
2024-03-31T19:39:04.120+0800: 396.142: [CMS-concurrent-mark: 0.000/0.000 secs] [Times: user=0.00 sys=0.00, real=0.00 secs] 
2024-03-31T19:39:04.120+0800: 396.143: [CMS-concurrent-preclean-start]
2024-03-31T19:39:04.122+0800: 396.144: [CMS-concurrent-preclean: 0.001/0.001 secs] [Times: user=0.01 sys=0.00, real=0.00 secs] 
2024-03-31T19:39:04.122+0800: 396.145: [CMS-concurrent-abortable-preclean-start]
2024-03-31T19:39:04.122+0800: 396.145: [CMS-concurrent-abortable-preclean: 0.000/0.000 secs] [Times: user=0.00 sys=0.00, real=0.00 secs] 
2024-03-31T19:39:04.123+0800: 396.145: [GC (CMS Final Remark) [YG occupancy: 107623 K (117952 K)]2024-03-31T19:39:04.123+0800: 396.145: [Rescan (non-parallel) 2024-03-31T19:39:04.123+0800: 396.145: [grey object rescan, 0.0001025 secs]2024-03-31T19:39:04.123+0800: 396.146: [root rescan, 0.0715725 secs]2024-03-31T19:39:04.195+0800: 396.217: [visit unhandled CLDs, 0.0001778 secs]2024-03-31T19:39:04.195+0800: 396.218: [dirty klass scan, 0.0013748 secs], 0.0737869 secs]2024-03-31T19:39:04.197+0800: 396.219: [weak refs processing, 0.0001751 secs]2024-03-31T19:39:04.197+0800: 396.220: [class unloading, 0.0100613 secs]2024-03-31T19:39:04.207+0800: 396.230: [scrub symbol table, 0.0096846 secs]2024-03-31T19:39:04.217+0800: 396.240: [scrub string table, 0.0004919 secs][1 CMS-remark: 63K(64K)] 107687K(118016K), 0.0971905 secs] [Times: user=0.09 sys=0.00, real=0.10 secs] 
2024-03-31T19:39:04.220+0800: 396.243: [CMS-concurrent-sweep-start]
2024-03-31T19:39:04.220+0800: 396.243: [CMS-concurrent-sweep: 0.000/0.000 secs] [Times: user=0.00 sys=0.00, real=0.00 secs] 
2024-03-31T19:39:04.220+0800: 396.243: [CMS-concurrent-reset-start]
2024-03-31T19:39:04.220+0800: 396.243: [CMS-concurrent-reset: 0.000/0.000 secs] [Times: user=0.00 sys=0.00, real=0.00 secs] 
2024-03-31T19:39:06.228+0800: 398.251: [GC (CMS Initial Mark) [1 CMS-initial-mark: 63K(64K)] 107941K(118016K), 0.1138308 secs] [Times: user=0.11 sys=0.00, real=0.11 secs] 
2024-03-31T19:39:06.344+0800: 398.366: [CMS-concurrent-mark-start]
2024-03-31T19:39:06.345+0800: 398.367: [CMS-concurrent-mark: 0.000/0.000 secs] [Times: user=0.00 sys=0.00, real=0.00 secs] 
2024-03-31T19:39:06.346+0800: 398.368: [CMS-concurrent-preclean-start]
2024-03-31T19:39:06.349+0800: 398.371: [CMS-concurrent-preclean: 0.001/0.001 secs] [Times: user=0.01 sys=0.00, real=0.00 secs] 
2024-03-31T19:39:06.350+0800: 398.373: [CMS-concurrent-abortable-preclean-start]
2024-03-31T19:39:06.351+0800: 398.374: [CMS-concurrent-abortable-preclean: 0.000/0.000 secs] [Times: user=0.00 sys=0.00, real=0.00 secs] 
2024-03-31T19:39:06.353+0800: 398.376: [GC (CMS Final Remark) [YG occupancy: 107879 K (117952 K)]2024-03-31T19:39:06.353+0800: 398.376: [Rescan (non-parallel) 2024-03-31T19:39:06.353+0800: 398.376: [grey object rescan, 0.0001030 secs]2024-03-31T19:39:06.354+0800: 398.376: [root rescan, 0.0729635 secs]2024-03-31T19:39:06.427+0800: 398.449: [visit unhandled CLDs, 0.0001566 secs]2024-03-31T19:39:06.427+0800: 398.450: [dirty klass scan, 0.0014879 secs], 0.0753118 secs]2024-03-31T19:39:06.429+0800: 398.451: [weak refs processing, 0.0001473 secs]2024-03-31T19:39:06.429+0800: 398.452: [class unloading, 0.0100821 secs]2024-03-31T19:39:06.439+0800: 398.462: [scrub symbol table, 0.0110455 secs]2024-03-31T19:39:06.450+0800: 398.473: [scrub string table, 0.0005404 secs][1 CMS-remark: 63K(64K)] 107943K(118016K), 0.1003232 secs] [Times: user=0.10 sys=0.00, real=0.10 secs] 
2024-03-31T19:39:06.454+0800: 398.477: [CMS-concurrent-sweep-start]
2024-03-31T19:39:06.455+0800: 398.478: [CMS-concurrent-sweep: 0.000/0.000 secs] [Times: user=0.00 sys=0.00, real=0.01 secs] 
2024-03-31T19:39:06.456+0800: 398.479: [CMS-concurrent-reset-start]
2024-03-31T19:39:06.456+0800: 398.479: [CMS-concurrent-reset: 0.000/0.000 secs] [Times: user=0.00 sys=0.00, real=0.00 secs] 
2024-03-31T19:39:08.459+0800: 400.482: [GC (CMS Initial Mark) [1 CMS-initial-mark: 63K(64K)] 108017K(118016K), 0.0825496 secs] [Times: user=0.09 sys=0.00, real=0.08 secs] 
2024-03-31T19:39:08.542+0800: 400.565: [CMS-concurrent-mark-start]
2024-03-31T19:39:08.543+0800: 400.566: [CMS-concurrent-mark: 0.000/0.000 secs] [Times: user=0.00 sys=0.00, real=0.00 secs] 
2024-03-31T19:39:08.544+0800: 400.567: [CMS-concurrent-preclean-start]
2024-03-31T19:39:08.546+0800: 400.569: [CMS-concurrent-preclean: 0.001/0.001 secs] [Times: user=0.00 sys=0.00, real=0.01 secs] 
2024-03-31T19:39:08.547+0800: 400.569: [CMS-concurrent-abortable-preclean-start]
2024-03-31T19:39:08.547+0800: 400.569: [CMS-concurrent-abortable-preclean: 0.000/0.000 secs] [Times: user=0.00 sys=0.00, real=0.00 secs] 
2024-03-31T19:39:08.548+0800: 400.570: [GC (CMS Final Remark) [YG occupancy: 107955 K (117952 K)]2024-03-31T19:39:08.548+0800: 400.571: [Rescan (non-parallel) 2024-03-31T19:39:08.548+0800: 400.571: [grey object rescan, 0.0001061 secs]2024-03-31T19:39:08.548+0800: 400.571: [root rescan, 0.0729203 secs]2024-03-31T19:39:08.621+0800: 400.644: [visit unhandled CLDs, 0.0001776 secs]2024-03-31T19:39:08.622+0800: 400.644: [dirty klass scan, 0.0013957 secs], 0.0752408 secs]2024-03-31T19:39:08.623+0800: 400.646: [weak refs processing, 0.0001663 secs]2024-03-31T19:39:08.624+0800: 400.646: [class unloading, 0.0103200 secs]2024-03-31T19:39:08.634+0800: 400.657: [scrub symbol table, 0.0098211 secs]2024-03-31T19:39:08.644+0800: 400.667: [scrub string table, 0.0004956 secs][1 CMS-remark: 63K(64K)] 108019K(118016K), 0.0989873 secs] [Times: user=0.10 sys=0.00, real=0.10 secs] 
2024-03-31T19:39:08.648+0800: 400.671: [CMS-concurrent-sweep-start]
2024-03-31T19:39:08.649+0800: 400.671: [CMS-concurrent-sweep: 0.000/0.000 secs] [Times: user=0.00 sys=0.00, real=0.00 secs] 
2024-03-31T19:39:08.650+0800: 400.673: [CMS-concurrent-reset-start]
2024-03-31T19:39:08.651+0800: 400.674: [CMS-concurrent-reset: 0.000/0.000 secs] [Times: user=0.00 sys=0.00, real=0.00 secs] 
2024-03-31T19:39:10.660+0800: 402.683: [GC (CMS Initial Mark) [1 CMS-initial-mark: 63K(64K)] 108155K(118016K), 0.1098325 secs] [Times: user=0.11 sys=0.00, real=0.11 secs] 
2024-03-31T19:39:10.770+0800: 402.793: [CMS-concurrent-mark-start]
2024-03-31T19:39:10.771+0800: 402.794: [CMS-concurrent-mark: 0.000/0.000 secs] [Times: user=0.00 sys=0.00, real=0.00 secs] 
2024-03-31T19:39:10.772+0800: 402.795: [CMS-concurrent-preclean-start]
2024-03-31T19:39:10.774+0800: 402.797: [CMS-concurrent-preclean: 0.001/0.001 secs] [Times: user=0.00 sys=0.00, real=0.00 secs] 
2024-03-31T19:39:10.775+0800: 402.797: [CMS-concurrent-abortable-preclean-start]
2024-03-31T19:39:10.775+0800: 402.798: [CMS-concurrent-abortable-preclean: 0.000/0.000 secs] [Times: user=0.00 sys=0.00, real=0.01 secs] 
2024-03-31T19:39:10.776+0800: 402.799: [GC (CMS Final Remark) [YG occupancy: 108093 K (117952 K)]2024-03-31T19:39:10.776+0800: 402.799: [Rescan (non-parallel) 2024-03-31T19:39:10.776+0800: 402.799: [grey object rescan, 0.0001045 secs]2024-03-31T19:39:10.776+0800: 402.799: [root rescan, 0.0724487 secs]2024-03-31T19:39:10.849+0800: 402.872: [visit unhandled CLDs, 0.0001597 secs]2024-03-31T19:39:10.849+0800: 402.872: [dirty klass scan, 0.0014602 secs], 0.0748399 secs]2024-03-31T19:39:10.851+0800: 402.874: [weak refs processing, 0.0001428 secs]2024-03-31T19:39:10.851+0800: 402.874: [class unloading, 0.0105252 secs]2024-03-31T19:39:10.862+0800: 402.885: [scrub symbol table, 0.0114113 secs]2024-03-31T19:39:10.874+0800: 402.896: [scrub string table, 0.0006255 secs][1 CMS-remark: 63K(64K)] 108157K(118016K), 0.1007396 secs] [Times: user=0.10 sys=0.00, real=0.10 secs] 
2024-03-31T19:39:10.877+0800: 402.900: [CMS-concurrent-sweep-start]
2024-03-31T19:39:10.878+0800: 402.901: [CMS-concurrent-sweep: 0.000/0.000 secs] [Times: user=0.00 sys=0.00, real=0.00 secs] 
2024-03-31T19:39:10.879+0800: 402.902: [CMS-concurrent-reset-start]
2024-03-31T19:39:10.880+0800: 402.902: [CMS-concurrent-reset: 0.000/0.000 secs] [Times: user=0.00 sys=0.00, real=0.00 secs] 
2024-03-31T19:39:12.887+0800: 404.910: [GC (CMS Initial Mark) [1 CMS-initial-mark: 63K(64K)] 108293K(118016K), 0.1181849 secs] [Times: user=0.12 sys=0.00, real=0.12 secs] 
2024-03-31T19:39:13.006+0800: 405.029: [CMS-concurrent-mark-start]
2024-03-31T19:39:13.007+0800: 405.030: [CMS-concurrent-mark: 0.000/0.000 secs] [Times: user=0.00 sys=0.00, real=0.00 secs] 
2024-03-31T19:39:13.008+0800: 405.030: [CMS-concurrent-preclean-start]
2024-03-31T19:39:13.010+0800: 405.033: [CMS-concurrent-preclean: 0.001/0.001 secs] [Times: user=0.00 sys=0.00, real=0.00 secs] 
2024-03-31T19:39:13.011+0800: 405.033: [CMS-concurrent-abortable-preclean-start]
2024-03-31T19:39:13.011+0800: 405.033: [CMS-concurrent-abortable-preclean: 0.000/0.000 secs] [Times: user=0.00 sys=0.00, real=0.00 secs] 
2024-03-31T19:39:13.011+0800: 405.034: [GC (CMS Final Remark) [YG occupancy: 108236 K (117952 K)]2024-03-31T19:39:13.012+0800: 405.034: [Rescan (non-parallel) 2024-03-31T19:39:13.012+0800: 405.034: [grey object rescan, 0.0001074 secs]2024-03-31T19:39:13.012+0800: 405.035: [root rescan, 0.0726815 secs]2024-03-31T19:39:13.085+0800: 405.108: [visit unhandled CLDs, 0.0001745 secs]2024-03-31T19:39:13.085+0800: 405.108: [dirty klass scan, 0.0013036 secs], 0.0749275 secs]2024-03-31T19:39:13.087+0800: 405.109: [weak refs processing, 0.0001488 secs]2024-03-31T19:39:13.087+0800: 405.110: [class unloading, 0.0102580 secs]2024-03-31T19:39:13.097+0800: 405.120: [scrub symbol table, 0.0097618 secs]2024-03-31T19:39:13.107+0800: 405.130: [scrub string table, 0.0004727 secs][1 CMS-remark: 63K(64K)] 108299K(118016K), 0.0984898 secs] [Times: user=0.10 sys=0.00, real=0.10 secs] 
2024-03-31T19:39:13.111+0800: 405.134: [CMS-concurrent-sweep-start]
2024-03-31T19:39:13.111+0800: 405.134: [CMS-concurrent-sweep: 0.000/0.000 secs] [Times: user=0.00 sys=0.00, real=0.00 secs] 
2024-03-31T19:39:13.112+0800: 405.135: [CMS-concurrent-reset-start]
2024-03-31T19:39:13.112+0800: 405.135: [CMS-concurrent-reset: 0.000/0.000 secs] [Times: user=0.00 sys=0.00, real=0.00 secs] 
2024-03-31T19:39:15.118+0800: 407.141: [GC (CMS Initial Mark) [1 CMS-initial-mark: 63K(64K)] 108498K(118016K), 0.1137790 secs] [Times: user=0.11 sys=0.00, real=0.11 secs] 
2024-03-31T19:39:15.233+0800: 407.255: [CMS-concurrent-mark-start]
2024-03-31T19:39:15.233+0800: 407.256: [CMS-concurrent-mark: 0.000/0.000 secs] [Times: user=0.00 sys=0.00, real=0.00 secs] 
2024-03-31T19:39:15.234+0800: 407.257: [CMS-concurrent-preclean-start]
2024-03-31T19:39:15.235+0800: 407.258: [CMS-concurrent-preclean: 0.001/0.001 secs] [Times: user=0.01 sys=0.00, real=0.01 secs] 
2024-03-31T19:39:15.236+0800: 407.258: [CMS-concurrent-abortable-preclean-start]
2024-03-31T19:39:15.236+0800: 407.258: [CMS-concurrent-abortable-preclean: 0.000/0.000 secs] [Times: user=0.00 sys=0.00, real=0.00 secs] 
2024-03-31T19:39:15.236+0800: 407.259: [GC (CMS Final Remark) [YG occupancy: 108435 K (117952 K)]2024-03-31T19:39:15.236+0800: 407.259: [Rescan (non-parallel) 2024-03-31T19:39:15.236+0800: 407.259: [grey object rescan, 0.0000959 secs]2024-03-31T19:39:15.237+0800: 407.259: [root rescan, 0.0715595 secs]2024-03-31T19:39:15.309+0800: 407.331: [visit unhandled CLDs, 0.0001794 secs]2024-03-31T19:39:15.309+0800: 407.331: [dirty klass scan, 0.0013924 secs], 0.0739129 secs]2024-03-31T19:39:15.310+0800: 407.333: [weak refs processing, 0.0001496 secs]2024-03-31T19:39:15.311+0800: 407.333: [class unloading, 0.0098663 secs]2024-03-31T19:39:15.321+0800: 407.343: [scrub symbol table, 0.0096136 secs]2024-03-31T19:39:15.330+0800: 407.353: [scrub string table, 0.0004925 secs][1 CMS-remark: 63K(64K)] 108499K(118016K), 0.0969457 secs] [Times: user=0.09 sys=0.00, real=0.09 secs] 
2024-03-31T19:39:15.334+0800: 407.356: [CMS-concurrent-sweep-start]
2024-03-31T19:39:15.334+0800: 407.356: [CMS-concurrent-sweep: 0.000/0.000 secs] [Times: user=0.00 sys=0.00, real=0.00 secs] 
2024-03-31T19:39:15.334+0800: 407.356: [CMS-concurrent-reset-start]
2024-03-31T19:39:15.334+0800: 407.356: [CMS-concurrent-reset: 0.000/0.000 secs] [Times: user=0.00 sys=0.00, real=0.00 secs] 
2024-03-31T19:39:17.335+0800: 409.358: [GC (CMS Initial Mark) [1 CMS-initial-mark: 63K(64K)] 108568K(118016K), 0.0740145 secs] [Times: user=0.08 sys=0.00, real=0.07 secs] 
2024-03-31T19:39:17.410+0800: 409.433: [CMS-concurrent-mark-start]
2024-03-31T19:39:17.412+0800: 409.434: [CMS-concurrent-mark: 0.000/0.000 secs] [Times: user=0.00 sys=0.00, real=0.00 secs] 
2024-03-31T19:39:17.413+0800: 409.436: [CMS-concurrent-preclean-start]
2024-03-31T19:39:17.416+0800: 409.438: [CMS-concurrent-preclean: 0.001/0.001 secs] [Times: user=0.01 sys=0.00, real=0.01 secs] 
2024-03-31T19:39:17.417+0800: 409.440: [CMS-concurrent-abortable-preclean-start]
2024-03-31T19:39:17.418+0800: 409.441: [CMS-concurrent-abortable-preclean: 0.000/0.000 secs] [Times: user=0.00 sys=0.00, real=0.00 secs] 
2024-03-31T19:39:17.420+0800: 409.443: [GC (CMS Final Remark) [YG occupancy: 108505 K (117952 K)]2024-03-31T19:39:17.421+0800: 409.443: [Rescan (non-parallel) 2024-03-31T19:39:17.421+0800: 409.443: [grey object rescan, 0.0001521 secs]2024-03-31T19:39:17.421+0800: 409.444: [root rescan, 0.0744218 secs]2024-03-31T19:39:17.496+0800: 409.518: [visit unhandled CLDs, 0.0001976 secs]2024-03-31T19:39:17.496+0800: 409.519: [dirty klass scan, 0.0013655 secs], 0.0769157 secs]2024-03-31T19:39:17.498+0800: 409.520: [weak refs processing, 0.0001561 secs]2024-03-31T19:39:17.498+0800: 409.521: [class unloading, 0.0104245 secs]2024-03-31T19:39:17.509+0800: 409.531: [scrub symbol table, 0.0118923 secs]2024-03-31T19:39:17.521+0800: 409.543: [scrub string table, 0.0005230 secs][1 CMS-remark: 63K(64K)] 108569K(118016K), 0.1031063 secs] [Times: user=0.10 sys=0.00, real=0.10 secs] 
2024-03-31T19:39:17.524+0800: 409.547: [CMS-concurrent-sweep-start]
2024-03-31T19:39:17.525+0800: 409.547: [CMS-concurrent-sweep: 0.000/0.000 secs] [Times: user=0.00 sys=0.00, real=0.00 secs] 
2024-03-31T19:39:17.526+0800: 409.549: [CMS-concurrent-reset-start]
2024-03-31T19:39:17.527+0800: 409.550: [CMS-concurrent-reset: 0.000/0.000 secs] [Times: user=0.00 sys=0.00, real=0.00 secs] 
2024-03-31T19:39:19.534+0800: 411.557: [GC (CMS Initial Mark) [1 CMS-initial-mark: 63K(64K)] 108908K(118016K), 0.1130746 secs] [Times: user=0.11 sys=0.00, real=0.12 secs] 
2024-03-31T19:39:19.648+0800: 411.671: [CMS-concurrent-mark-start]
2024-03-31T19:39:19.649+0800: 411.672: [CMS-concurrent-mark: 0.000/0.000 secs] [Times: user=0.00 sys=0.00, real=0.00 secs] 
2024-03-31T19:39:19.650+0800: 411.673: [CMS-concurrent-preclean-start]
2024-03-31T19:39:19.652+0800: 411.674: [CMS-concurrent-preclean: 0.001/0.001 secs] [Times: user=0.00 sys=0.00, real=0.00 secs] 
2024-03-31T19:39:19.652+0800: 411.675: [CMS-concurrent-abortable-preclean-start]
2024-03-31T19:39:19.652+0800: 411.675: [CMS-concurrent-abortable-preclean: 0.000/0.000 secs] [Times: user=0.00 sys=0.00, real=0.00 secs] 
2024-03-31T19:39:19.653+0800: 411.675: [GC (CMS Final Remark) [YG occupancy: 108845 K (117952 K)]2024-03-31T19:39:19.653+0800: 411.675: [Rescan (non-parallel) 2024-03-31T19:39:19.653+0800: 411.676: [grey object rescan, 0.0000978 secs]2024-03-31T19:39:19.653+0800: 411.676: [root rescan, 0.0712624 secs]2024-03-31T19:39:19.725+0800: 411.747: [visit unhandled CLDs, 0.0001672 secs]2024-03-31T19:39:19.725+0800: 411.748: [dirty klass scan, 0.0013530 secs], 0.0735366 secs]2024-03-31T19:39:19.726+0800: 411.749: [weak refs processing, 0.0001375 secs]2024-03-31T19:39:19.727+0800: 411.749: [class unloading, 0.0099051 secs]2024-03-31T19:39:19.737+0800: 411.759: [scrub symbol table, 0.0094665 secs]2024-03-31T19:39:19.746+0800: 411.769: [scrub string table, 0.0005085 secs][1 CMS-remark: 63K(64K)] 108909K(118016K), 0.0965470 secs] [Times: user=0.10 sys=0.00, real=0.10 secs] 
2024-03-31T19:39:19.750+0800: 411.772: [CMS-concurrent-sweep-start]
2024-03-31T19:39:19.750+0800: 411.772: [CMS-concurrent-sweep: 0.000/0.000 secs] [Times: user=0.00 sys=0.00, real=0.00 secs] 
2024-03-31T19:39:19.750+0800: 411.773: [CMS-concurrent-reset-start]
2024-03-31T19:39:19.750+0800: 411.773: [CMS-concurrent-reset: 0.000/0.000 secs] [Times: user=0.00 sys=0.00, real=0.00 secs] 
2024-03-31T19:39:21.758+0800: 413.781: [GC (CMS Initial Mark) [1 CMS-initial-mark: 63K(64K)] 109022K(118016K), 0.1119388 secs] [Times: user=0.11 sys=0.00, real=0.11 secs] 
2024-03-31T19:39:21.871+0800: 413.893: [CMS-concurrent-mark-start]
2024-03-31T19:39:21.871+0800: 413.894: [CMS-concurrent-mark: 0.000/0.000 secs] [Times: user=0.00 sys=0.00, real=0.00 secs] 
2024-03-31T19:39:21.872+0800: 413.895: [CMS-concurrent-preclean-start]
2024-03-31T19:39:21.874+0800: 413.897: [CMS-concurrent-preclean: 0.001/0.001 secs] [Times: user=0.00 sys=0.00, real=0.00 secs] 
2024-03-31T19:39:21.874+0800: 413.897: [CMS-concurrent-abortable-preclean-start]
2024-03-31T19:39:21.875+0800: 413.897: [CMS-concurrent-abortable-preclean: 0.000/0.000 secs] [Times: user=0.00 sys=0.00, real=0.00 secs] 
2024-03-31T19:39:21.875+0800: 413.898: [GC (CMS Final Remark) [YG occupancy: 108960 K (117952 K)]2024-03-31T19:39:21.875+0800: 413.898: [Rescan (non-parallel) 2024-03-31T19:39:21.875+0800: 413.898: [grey object rescan, 0.0001007 secs]2024-03-31T19:39:21.876+0800: 413.898: [root rescan, 0.0719220 secs]2024-03-31T19:39:21.948+0800: 413.970: [visit unhandled CLDs, 0.0001519 secs]2024-03-31T19:39:21.948+0800: 413.971: [dirty klass scan, 0.0013551 secs], 0.0741174 secs]2024-03-31T19:39:21.950+0800: 413.972: [weak refs processing, 0.0001372 secs]2024-03-31T19:39:21.950+0800: 413.972: [class unloading, 0.0097870 secs]2024-03-31T19:39:21.960+0800: 413.983: [scrub symbol table, 0.0097373 secs]2024-03-31T19:39:21.970+0800: 413.992: [scrub string table, 0.0004888 secs][1 CMS-remark: 63K(64K)] 109023K(118016K), 0.0972025 secs] [Times: user=0.10 sys=0.00, real=0.09 secs] 
2024-03-31T19:39:21.973+0800: 413.996: [CMS-concurrent-sweep-start]
2024-03-31T19:39:21.974+0800: 413.996: [CMS-concurrent-sweep: 0.000/0.000 secs] [Times: user=0.00 sys=0.00, real=0.00 secs] 
2024-03-31T19:39:21.975+0800: 413.998: [CMS-concurrent-reset-start]
2024-03-31T19:39:21.976+0800: 413.999: [CMS-concurrent-reset: 0.000/0.000 secs] [Times: user=0.00 sys=0.00, real=0.01 secs] 
2024-03-31T19:39:23.977+0800: 416.000: [GC (CMS Initial Mark) [1 CMS-initial-mark: 63K(64K)] 109099K(118016K), 0.0929783 secs] [Times: user=0.09 sys=0.00, real=0.09 secs] 
2024-03-31T19:39:24.071+0800: 416.094: [CMS-concurrent-mark-start]
2024-03-31T19:39:24.072+0800: 416.094: [CMS-concurrent-mark: 0.000/0.000 secs] [Times: user=0.00 sys=0.01, real=0.00 secs] 
2024-03-31T19:39:24.073+0800: 416.095: [CMS-concurrent-preclean-start]
2024-03-31T19:39:24.075+0800: 416.097: [CMS-concurrent-preclean: 0.001/0.001 secs] [Times: user=0.01 sys=0.00, real=0.00 secs] 
2024-03-31T19:39:24.076+0800: 416.098: [CMS-concurrent-abortable-preclean-start]
2024-03-31T19:39:24.076+0800: 416.099: [CMS-concurrent-abortable-preclean: 0.000/0.000 secs] [Times: user=0.00 sys=0.00, real=0.00 secs] 
2024-03-31T19:39:24.077+0800: 416.100: [GC (CMS Final Remark) [YG occupancy: 109039 K (117952 K)]2024-03-31T19:39:24.078+0800: 416.100: [Rescan (non-parallel) 2024-03-31T19:39:24.078+0800: 416.100: [grey object rescan, 0.0000650 secs]2024-03-31T19:39:24.078+0800: 416.100: [root rescan, 0.0717471 secs]2024-03-31T19:39:24.150+0800: 416.172: [visit unhandled CLDs, 0.0001432 secs]2024-03-31T19:39:24.150+0800: 416.173: [dirty klass scan, 0.0013012 secs], 0.0737328 secs]2024-03-31T19:39:24.151+0800: 416.174: [weak refs processing, 0.0001087 secs]2024-03-31T19:39:24.151+0800: 416.174: [class unloading, 0.0101711 secs]2024-03-31T19:39:24.162+0800: 416.185: [scrub symbol table, 0.0096814 secs]2024-03-31T19:39:24.172+0800: 416.194: [scrub string table, 0.0004593 secs][1 CMS-remark: 63K(64K)] 109103K(118016K), 0.0968972 secs] [Times: user=0.09 sys=0.00, real=0.09 secs] 
2024-03-31T19:39:24.175+0800: 416.198: [CMS-concurrent-sweep-start]
2024-03-31T19:39:24.175+0800: 416.198: [CMS-concurrent-sweep: 0.000/0.000 secs] [Times: user=0.00 sys=0.00, real=0.01 secs] 
2024-03-31T19:39:24.176+0800: 416.199: [CMS-concurrent-reset-start]
2024-03-31T19:39:24.177+0800: 416.200: [CMS-concurrent-reset: 0.000/0.000 secs] [Times: user=0.00 sys=0.00, real=0.00 secs] 
2024-03-31T19:39:26.186+0800: 418.209: [GC (CMS Initial Mark) [1 CMS-initial-mark: 63K(64K)] 109278K(118016K), 0.1163589 secs] [Times: user=0.11 sys=0.00, real=0.11 secs] 
2024-03-31T19:39:26.304+0800: 418.326: [CMS-concurrent-mark-start]
2024-03-31T19:39:26.305+0800: 418.327: [CMS-concurrent-mark: 0.000/0.000 secs] [Times: user=0.01 sys=0.00, real=0.00 secs] 
2024-03-31T19:39:26.306+0800: 418.328: [CMS-concurrent-preclean-start]
2024-03-31T19:39:26.308+0800: 418.330: [CMS-concurrent-preclean: 0.001/0.001 secs] [Times: user=0.00 sys=0.00, real=0.00 secs] 
2024-03-31T19:39:26.308+0800: 418.331: [CMS-concurrent-abortable-preclean-start]
2024-03-31T19:39:26.308+0800: 418.331: [CMS-concurrent-abortable-preclean: 0.000/0.000 secs] [Times: user=0.00 sys=0.00, real=0.00 secs] 
2024-03-31T19:39:26.309+0800: 418.332: [GC (CMS Final Remark) [YG occupancy: 109216 K (117952 K)]2024-03-31T19:39:26.309+0800: 418.332: [Rescan (non-parallel) 2024-03-31T19:39:26.310+0800: 418.332: [grey object rescan, 0.0001115 secs]2024-03-31T19:39:26.310+0800: 418.332: [root rescan, 0.0716790 secs]2024-03-31T19:39:26.382+0800: 418.404: [visit unhandled CLDs, 0.0001828 secs]2024-03-31T19:39:26.382+0800: 418.405: [dirty klass scan, 0.0013749 secs], 0.0739628 secs]2024-03-31T19:39:26.384+0800: 418.406: [weak refs processing, 0.0001645 secs]2024-03-31T19:39:26.384+0800: 418.406: [class unloading, 0.0098510 secs]2024-03-31T19:39:26.394+0800: 418.417: [scrub symbol table, 0.0100937 secs]2024-03-31T19:39:26.404+0800: 418.427: [scrub string table, 0.0005020 secs][1 CMS-remark: 63K(64K)] 109280K(118016K), 0.0978534 secs] [Times: user=0.10 sys=0.00, real=0.10 secs] 
2024-03-31T19:39:26.408+0800: 418.431: [CMS-concurrent-sweep-start]
2024-03-31T19:39:26.408+0800: 418.431: [CMS-concurrent-sweep: 0.000/0.000 secs] [Times: user=0.00 sys=0.00, real=0.00 secs] 
2024-03-31T19:39:26.410+0800: 418.432: [CMS-concurrent-reset-start]
2024-03-31T19:39:26.410+0800: 418.433: [CMS-concurrent-reset: 0.000/0.000 secs] [Times: user=0.00 sys=0.00, real=0.00 secs] 
2024-03-31T19:39:28.416+0800: 420.439: [GC (CMS Initial Mark) [1 CMS-initial-mark: 63K(64K)] 109398K(118016K), 0.1140121 secs] [Times: user=0.11 sys=0.00, real=0.11 secs] 
2024-03-31T19:39:28.531+0800: 420.554: [CMS-concurrent-mark-start]
2024-03-31T19:39:28.532+0800: 420.555: [CMS-concurrent-mark: 0.000/0.000 secs] [Times: user=0.00 sys=0.00, real=0.00 secs] 
2024-03-31T19:39:28.533+0800: 420.556: [CMS-concurrent-preclean-start]
2024-03-31T19:39:28.535+0800: 420.558: [CMS-concurrent-preclean: 0.001/0.001 secs] [Times: user=0.01 sys=0.00, real=0.01 secs] 
2024-03-31T19:39:28.538+0800: 420.560: [CMS-concurrent-abortable-preclean-start]
2024-03-31T19:39:28.539+0800: 420.562: [CMS-concurrent-abortable-preclean: 0.000/0.000 secs] [Times: user=0.00 sys=0.00, real=0.00 secs] 
2024-03-31T19:39:28.541+0800: 420.564: [GC (CMS Final Remark) [YG occupancy: 109336 K (117952 K)]2024-03-31T19:39:28.541+0800: 420.564: [Rescan (non-parallel) 2024-03-31T19:39:28.541+0800: 420.564: [grey object rescan, 0.0000733 secs]2024-03-31T19:39:28.541+0800: 420.564: [root rescan, 0.0718378 secs]2024-03-31T19:39:28.613+0800: 420.636: [visit unhandled CLDs, 0.0001298 secs]2024-03-31T19:39:28.614+0800: 420.636: [dirty klass scan, 0.0013223 secs], 0.0738238 secs]2024-03-31T19:39:28.615+0800: 420.638: [weak refs processing, 0.0001008 secs]2024-03-31T19:39:28.615+0800: 420.638: [class unloading, 0.0101543 secs]2024-03-31T19:39:28.625+0800: 420.648: [scrub symbol table, 0.0094496 secs]2024-03-31T19:39:28.635+0800: 420.658: [scrub string table, 0.0004798 secs][1 CMS-remark: 63K(64K)] 109400K(118016K), 0.0967529 secs] [Times: user=0.10 sys=0.00, real=0.10 secs] 
2024-03-31T19:39:28.638+0800: 420.661: [CMS-concurrent-sweep-start]
2024-03-31T19:39:28.639+0800: 420.662: [CMS-concurrent-sweep: 0.000/0.000 secs] [Times: user=0.00 sys=0.00, real=0.00 secs] 
2024-03-31T19:39:28.640+0800: 420.663: [CMS-concurrent-reset-start]
2024-03-31T19:39:28.640+0800: 420.663: [CMS-concurrent-reset: 0.000/0.000 secs] [Times: user=0.00 sys=0.00, real=0.00 secs] 
2024-03-31T19:39:30.647+0800: 422.671: [GC (CMS Initial Mark) [1 CMS-initial-mark: 63K(64K)] 109587K(118016K), 0.1147168 secs] [Times: user=0.11 sys=0.00, real=0.11 secs] 
2024-03-31T19:39:30.762+0800: 422.786: [CMS-concurrent-mark-start]
2024-03-31T19:39:30.763+0800: 422.787: [CMS-concurrent-mark: 0.000/0.000 secs] [Times: user=0.00 sys=0.00, real=0.00 secs] 
2024-03-31T19:39:30.764+0800: 422.788: [CMS-concurrent-preclean-start]
2024-03-31T19:39:30.766+0800: 422.790: [CMS-concurrent-preclean: 0.001/0.001 secs] [Times: user=0.00 sys=0.00, real=0.01 secs] 
2024-03-31T19:39:30.766+0800: 422.790: [CMS-concurrent-abortable-preclean-start]
2024-03-31T19:39:30.767+0800: 422.790: [CMS-concurrent-abortable-preclean: 0.000/0.000 secs] [Times: user=0.01 sys=0.00, real=0.00 secs] 
2024-03-31T19:39:30.767+0800: 422.791: [GC (CMS Final Remark) [YG occupancy: 109529 K (117952 K)]2024-03-31T19:39:30.767+0800: 422.791: [Rescan (non-parallel) 2024-03-31T19:39:30.768+0800: 422.791: [grey object rescan, 0.0000829 secs]2024-03-31T19:39:30.768+0800: 422.791: [root rescan, 0.0718378 secs]2024-03-31T19:39:30.840+0800: 422.864: [visit unhandled CLDs, 0.0001299 secs]2024-03-31T19:39:30.840+0800: 422.864: [dirty klass scan, 0.0013869 secs], 0.0739473 secs]2024-03-31T19:39:30.842+0800: 422.865: [weak refs processing, 0.0001135 secs]2024-03-31T19:39:30.842+0800: 422.865: [class unloading, 0.0100275 secs]2024-03-31T19:39:30.852+0800: 422.876: [scrub symbol table, 0.0094755 secs]2024-03-31T19:39:30.862+0800: 422.885: [scrub string table, 0.0004968 secs][1 CMS-remark: 63K(64K)] 109593K(118016K), 0.0968768 secs] [Times: user=0.09 sys=0.00, real=0.10 secs] 
2024-03-31T19:39:30.865+0800: 422.889: [CMS-concurrent-sweep-start]
2024-03-31T19:39:30.865+0800: 422.889: [CMS-concurrent-sweep: 0.000/0.000 secs] [Times: user=0.00 sys=0.00, real=0.00 secs] 
2024-03-31T19:39:30.865+0800: 422.889: [CMS-concurrent-reset-start]
2024-03-31T19:39:30.865+0800: 422.889: [CMS-concurrent-reset: 0.000/0.000 secs] [Times: user=0.00 sys=0.00, real=0.00 secs] 
2024-03-31T19:39:32.870+0800: 424.893: [GC (CMS Initial Mark) [1 CMS-initial-mark: 63K(64K)] 109687K(118016K), 0.0854583 secs] [Times: user=0.09 sys=0.00, real=0.09 secs] 
2024-03-31T19:39:32.956+0800: 424.980: [CMS-concurrent-mark-start]
2024-03-31T19:39:32.957+0800: 424.980: [CMS-concurrent-mark: 0.000/0.000 secs] [Times: user=0.00 sys=0.00, real=0.00 secs] 
2024-03-31T19:39:32.958+0800: 424.981: [CMS-concurrent-preclean-start]
2024-03-31T19:39:32.959+0800: 424.983: [CMS-concurrent-preclean: 0.001/0.001 secs] [Times: user=0.00 sys=0.00, real=0.00 secs] 
2024-03-31T19:39:32.960+0800: 424.984: [CMS-concurrent-abortable-preclean-start]
2024-03-31T19:39:32.960+0800: 424.984: [CMS-concurrent-abortable-preclean: 0.000/0.000 secs] [Times: user=0.00 sys=0.00, real=0.00 secs] 
2024-03-31T19:39:32.961+0800: 424.985: [GC (CMS Final Remark) [YG occupancy: 109630 K (117952 K)]2024-03-31T19:39:32.961+0800: 424.985: [Rescan (non-parallel) 2024-03-31T19:39:32.961+0800: 424.985: [grey object rescan, 0.0000623 secs]2024-03-31T19:39:32.961+0800: 424.985: [root rescan, 0.0743962 secs]2024-03-31T19:39:33.036+0800: 425.060: [visit unhandled CLDs, 0.0001360 secs]2024-03-31T19:39:33.036+0800: 425.060: [dirty klass scan, 0.0013213 secs], 0.0764794 secs]2024-03-31T19:39:33.038+0800: 425.062: [weak refs processing, 0.0001239 secs]2024-03-31T19:39:33.038+0800: 425.062: [class unloading, 0.0098027 secs]2024-03-31T19:39:33.048+0800: 425.072: [scrub symbol table, 0.0099774 secs]2024-03-31T19:39:33.058+0800: 425.082: [scrub string table, 0.0004490 secs][1 CMS-remark: 63K(64K)] 109693K(118016K), 0.0997144 secs] [Times: user=0.10 sys=0.00, real=0.10 secs] 
2024-03-31T19:39:33.062+0800: 425.085: [CMS-concurrent-sweep-start]
2024-03-31T19:39:33.062+0800: 425.086: [CMS-concurrent-sweep: 0.000/0.000 secs] [Times: user=0.00 sys=0.00, real=0.00 secs] 
2024-03-31T19:39:33.063+0800: 425.087: [CMS-concurrent-reset-start]
2024-03-31T19:39:33.064+0800: 425.088: [CMS-concurrent-reset: 0.000/0.000 secs] [Times: user=0.00 sys=0.00, real=0.01 secs] 
2024-03-31T19:39:35.068+0800: 427.091: [GC (CMS Initial Mark) [1 CMS-initial-mark: 63K(64K)] 109991K(118016K), 0.1117698 secs] [Times: user=0.11 sys=0.00, real=0.11 secs] 
2024-03-31T19:39:35.180+0800: 427.204: [CMS-concurrent-mark-start]
2024-03-31T19:39:35.181+0800: 427.204: [CMS-concurrent-mark: 0.000/0.000 secs] [Times: user=0.00 sys=0.00, real=0.00 secs] 
2024-03-31T19:39:35.182+0800: 427.205: [CMS-concurrent-preclean-start]
2024-03-31T19:39:35.183+0800: 427.207: [CMS-concurrent-preclean: 0.001/0.001 secs] [Times: user=0.01 sys=0.00, real=0.00 secs] 
2024-03-31T19:39:35.184+0800: 427.208: [CMS-concurrent-abortable-preclean-start]
2024-03-31T19:39:35.184+0800: 427.208: [CMS-concurrent-abortable-preclean: 0.000/0.000 secs] [Times: user=0.00 sys=0.00, real=0.01 secs] 
2024-03-31T19:39:35.185+0800: 427.209: [GC (CMS Final Remark) [YG occupancy: 109928 K (117952 K)]2024-03-31T19:39:35.185+0800: 427.209: [Rescan (non-parallel) 2024-03-31T19:39:35.185+0800: 427.209: [grey object rescan, 0.0000662 secs]2024-03-31T19:39:35.185+0800: 427.209: [root rescan, 0.0729438 secs]2024-03-31T19:39:35.258+0800: 427.282: [visit unhandled CLDs, 0.0001905 secs]2024-03-31T19:39:35.259+0800: 427.282: [dirty klass scan, 0.0015286 secs], 0.0753310 secs]2024-03-31T19:39:35.260+0800: 427.284: [weak refs processing, 0.0001505 secs]2024-03-31T19:39:35.261+0800: 427.284: [class unloading, 0.0114149 secs]2024-03-31T19:39:35.272+0800: 427.296: [scrub symbol table, 0.0100824 secs]2024-03-31T19:39:35.283+0800: 427.306: [scrub string table, 0.0006052 secs][1 CMS-remark: 63K(64K)] 109992K(118016K), 0.1006965 secs] [Times: user=0.10 sys=0.00, real=0.10 secs] 
2024-03-31T19:39:35.286+0800: 427.310: [CMS-concurrent-sweep-start]
2024-03-31T19:39:35.287+0800: 427.310: [CMS-concurrent-sweep: 0.000/0.000 secs] [Times: user=0.00 sys=0.00, real=0.00 secs] 
2024-03-31T19:39:35.288+0800: 427.311: [CMS-concurrent-reset-start]
2024-03-31T19:39:35.288+0800: 427.312: [CMS-concurrent-reset: 0.000/0.000 secs] [Times: user=0.00 sys=0.00, real=0.00 secs] 
2024-03-31T19:39:37.303+0800: 429.327: [GC (CMS Initial Mark) [1 CMS-initial-mark: 63K(64K)] 110106K(118016K), 0.0980447 secs] [Times: user=0.10 sys=0.00, real=0.10 secs] 
2024-03-31T19:39:37.402+0800: 429.426: [CMS-concurrent-mark-start]
2024-03-31T19:39:37.403+0800: 429.426: [CMS-concurrent-mark: 0.000/0.000 secs] [Times: user=0.00 sys=0.00, real=0.00 secs] 
2024-03-31T19:39:37.403+0800: 429.427: [CMS-concurrent-preclean-start]
2024-03-31T19:39:37.405+0800: 429.429: [CMS-concurrent-preclean: 0.001/0.001 secs] [Times: user=0.01 sys=0.00, real=0.01 secs] 
2024-03-31T19:39:37.405+0800: 429.429: [CMS-concurrent-abortable-preclean-start]
2024-03-31T19:39:37.405+0800: 429.429: [CMS-concurrent-abortable-preclean: 0.000/0.000 secs] [Times: user=0.00 sys=0.00, real=0.00 secs] 
2024-03-31T19:39:37.406+0800: 429.430: [GC (CMS Final Remark) [YG occupancy: 110043 K (117952 K)]2024-03-31T19:39:37.406+0800: 429.430: [Rescan (non-parallel) 2024-03-31T19:39:37.406+0800: 429.430: [grey object rescan, 0.0001062 secs]2024-03-31T19:39:37.406+0800: 429.430: [root rescan, 0.0741789 secs]2024-03-31T19:39:37.481+0800: 429.504: [visit unhandled CLDs, 0.0001814 secs]2024-03-31T19:39:37.481+0800: 429.505: [dirty klass scan, 0.0014343 secs], 0.0765617 secs]2024-03-31T19:39:37.483+0800: 429.506: [weak refs processing, 0.0001550 secs]2024-03-31T19:39:37.483+0800: 429.507: [class unloading, 0.0101708 secs]2024-03-31T19:39:37.493+0800: 429.517: [scrub symbol table, 0.0099525 secs]2024-03-31T19:39:37.503+0800: 429.527: [scrub string table, 0.0005130 secs][1 CMS-remark: 63K(64K)] 110107K(118016K), 0.1003970 secs] [Times: user=0.10 sys=0.00, real=0.10 secs] 
2024-03-31T19:39:37.507+0800: 429.531: [CMS-concurrent-sweep-start]
2024-03-31T19:39:37.508+0800: 429.532: [CMS-concurrent-sweep: 0.000/0.000 secs] [Times: user=0.00 sys=0.00, real=0.00 secs] 
2024-03-31T19:39:37.509+0800: 429.533: [CMS-concurrent-reset-start]
2024-03-31T19:39:37.510+0800: 429.534: [CMS-concurrent-reset: 0.000/0.000 secs] [Times: user=0.00 sys=0.00, real=0.00 secs] 
2024-03-31T19:39:39.511+0800: 431.535: [GC (CMS Initial Mark) [1 CMS-initial-mark: 63K(64K)] 110248K(118016K), 0.0762669 secs] [Times: user=0.07 sys=0.00, real=0.08 secs] 
2024-03-31T19:39:39.589+0800: 431.613: [CMS-concurrent-mark-start]
2024-03-31T19:39:39.590+0800: 431.614: [CMS-concurrent-mark: 0.000/0.000 secs] [Times: user=0.00 sys=0.00, real=0.00 secs] 
2024-03-31T19:39:39.592+0800: 431.615: [CMS-concurrent-preclean-start]
2024-03-31T19:39:39.594+0800: 431.618: [CMS-concurrent-preclean: 0.001/0.001 secs] [Times: user=0.01 sys=0.00, real=0.01 secs] 
2024-03-31T19:39:39.597+0800: 431.621: [CMS-concurrent-abortable-preclean-start]
2024-03-31T19:39:39.598+0800: 431.622: [CMS-concurrent-abortable-preclean: 0.000/0.000 secs] [Times: user=0.00 sys=0.00, real=0.00 secs] 
2024-03-31T19:39:39.601+0800: 431.625: [GC (CMS Final Remark) [YG occupancy: 110186 K (117952 K)]2024-03-31T19:39:39.601+0800: 431.625: [Rescan (non-parallel) 2024-03-31T19:39:39.601+0800: 431.625: [grey object rescan, 0.0001049 secs]2024-03-31T19:39:39.602+0800: 431.625: [root rescan, 0.0761208 secs]2024-03-31T19:39:39.678+0800: 431.702: [visit unhandled CLDs, 0.0001777 secs]2024-03-31T19:39:39.678+0800: 431.702: [dirty klass scan, 0.0013752 secs], 0.0785336 secs]2024-03-31T19:39:39.680+0800: 431.704: [weak refs processing, 0.0002036 secs]2024-03-31T19:39:39.680+0800: 431.704: [class unloading, 0.0110109 secs]2024-03-31T19:39:39.692+0800: 431.715: [scrub symbol table, 0.0120704 secs]2024-03-31T19:39:39.704+0800: 431.728: [scrub string table, 0.0005287 secs][1 CMS-remark: 63K(64K)] 110250K(118016K), 0.1055671 secs] [Times: user=0.11 sys=0.00, real=0.11 secs] 
2024-03-31T19:39:39.708+0800: 431.731: [CMS-concurrent-sweep-start]
2024-03-31T19:39:39.708+0800: 431.732: [CMS-concurrent-sweep: 0.000/0.000 secs] [Times: user=0.00 sys=0.00, real=0.00 secs] 
2024-03-31T19:39:39.710+0800: 431.734: [CMS-concurrent-reset-start]
2024-03-31T19:39:39.710+0800: 431.734: [CMS-concurrent-reset: 0.000/0.000 secs] [Times: user=0.00 sys=0.00, real=0.00 secs] 
2024-03-31T19:39:41.716+0800: 433.740: [GC (CMS Initial Mark) [1 CMS-initial-mark: 63K(64K)] 110361K(118016K), 0.1142883 secs] [Times: user=0.11 sys=0.00, real=0.11 secs] 
2024-03-31T19:39:41.831+0800: 433.855: [CMS-concurrent-mark-start]
2024-03-31T19:39:41.832+0800: 433.855: [CMS-concurrent-mark: 0.000/0.000 secs] [Times: user=0.01 sys=0.00, real=0.00 secs] 
2024-03-31T19:39:41.832+0800: 433.856: [CMS-concurrent-preclean-start]
2024-03-31T19:39:41.834+0800: 433.858: [CMS-concurrent-preclean: 0.001/0.001 secs] [Times: user=0.00 sys=0.00, real=0.01 secs] 
2024-03-31T19:39:41.834+0800: 433.858: [CMS-concurrent-abortable-preclean-start]
2024-03-31T19:39:41.834+0800: 433.858: [CMS-concurrent-abortable-preclean: 0.000/0.000 secs] [Times: user=0.00 sys=0.00, real=0.00 secs] 
2024-03-31T19:39:41.835+0800: 433.859: [GC (CMS Final Remark) [YG occupancy: 110298 K (117952 K)]2024-03-31T19:39:41.835+0800: 433.859: [Rescan (non-parallel) 2024-03-31T19:39:41.835+0800: 433.859: [grey object rescan, 0.0001015 secs]2024-03-31T19:39:41.836+0800: 433.859: [root rescan, 0.0734300 secs]2024-03-31T19:39:41.909+0800: 433.933: [visit unhandled CLDs, 0.0001393 secs]2024-03-31T19:39:41.909+0800: 433.933: [dirty klass scan, 0.0013250 secs], 0.0756830 secs]2024-03-31T19:39:41.911+0800: 433.935: [weak refs processing, 0.0001376 secs]2024-03-31T19:39:41.911+0800: 433.935: [class unloading, 0.0098570 secs]2024-03-31T19:39:41.921+0800: 433.945: [scrub symbol table, 0.0094240 secs]2024-03-31T19:39:41.931+0800: 433.955: [scrub string table, 0.0004865 secs][1 CMS-remark: 63K(64K)] 110362K(118016K), 0.0985131 secs] [Times: user=0.10 sys=0.00, real=0.10 secs] 
2024-03-31T19:39:41.934+0800: 433.958: [CMS-concurrent-sweep-start]
2024-03-31T19:39:41.935+0800: 433.959: [CMS-concurrent-sweep: 0.000/0.000 secs] [Times: user=0.00 sys=0.00, real=0.00 secs] 
2024-03-31T19:39:41.936+0800: 433.960: [CMS-concurrent-reset-start]
2024-03-31T19:39:41.936+0800: 433.960: [CMS-concurrent-reset: 0.000/0.000 secs] [Times: user=0.00 sys=0.00, real=0.00 secs] 
2024-03-31T19:39:43.944+0800: 435.967: [GC (CMS Initial Mark) [1 CMS-initial-mark: 63K(64K)] 110496K(118016K), 0.1156805 secs] [Times: user=0.12 sys=0.00, real=0.12 secs] 
2024-03-31T19:39:44.060+0800: 436.084: [CMS-concurrent-mark-start]
2024-03-31T19:39:44.061+0800: 436.085: [CMS-concurrent-mark: 0.000/0.000 secs] [Times: user=0.00 sys=0.00, real=0.00 secs] 
2024-03-31T19:39:44.062+0800: 436.086: [CMS-concurrent-preclean-start]
2024-03-31T19:39:44.064+0800: 436.088: [CMS-concurrent-preclean: 0.001/0.001 secs] [Times: user=0.00 sys=0.00, real=0.01 secs] 
2024-03-31T19:39:44.065+0800: 436.089: [CMS-concurrent-abortable-preclean-start]
2024-03-31T19:39:44.065+0800: 436.089: [CMS-concurrent-abortable-preclean: 0.000/0.000 secs] [Times: user=0.00 sys=0.00, real=0.00 secs] 
2024-03-31T19:39:44.066+0800: 436.090: [GC (CMS Final Remark) [YG occupancy: 110434 K (117952 K)]2024-03-31T19:39:44.066+0800: 436.090: [Rescan (non-parallel) 2024-03-31T19:39:44.066+0800: 436.090: [grey object rescan, 0.0001014 secs]2024-03-31T19:39:44.067+0800: 436.090: [root rescan, 0.0752440 secs]2024-03-31T19:39:44.142+0800: 436.166: [visit unhandled CLDs, 0.0002652 secs]2024-03-31T19:39:44.143+0800: 436.166: [dirty klass scan, 0.0016350 secs], 0.0780071 secs]2024-03-31T19:39:44.144+0800: 436.168: [weak refs processing, 0.0001623 secs]2024-03-31T19:39:44.145+0800: 436.168: [class unloading, 0.0111782 secs]2024-03-31T19:39:44.156+0800: 436.180: [scrub symbol table, 0.0098394 secs]2024-03-31T19:39:44.166+0800: 436.190: [scrub string table, 0.0005534 secs][1 CMS-remark: 63K(64K)] 110498K(118016K), 0.1029875 secs] [Times: user=0.10 sys=0.00, real=0.10 secs] 
2024-03-31T19:39:44.170+0800: 436.194: [CMS-concurrent-sweep-start]
2024-03-31T19:39:44.171+0800: 436.195: [CMS-concurrent-sweep: 0.000/0.000 secs] [Times: user=0.00 sys=0.00, real=0.00 secs] 
2024-03-31T19:39:44.172+0800: 436.196: [CMS-concurrent-reset-start]
2024-03-31T19:39:44.172+0800: 436.196: [CMS-concurrent-reset: 0.000/0.000 secs] [Times: user=0.00 sys=0.00, real=0.00 secs] 
2024-03-31T19:39:46.180+0800: 438.204: [GC (CMS Initial Mark) [1 CMS-initial-mark: 63K(64K)] 110723K(118016K), 0.0894578 secs] [Times: user=0.09 sys=0.00, real=0.09 secs] 
2024-03-31T19:39:46.271+0800: 438.294: [CMS-concurrent-mark-start]
2024-03-31T19:39:46.272+0800: 438.295: [CMS-concurrent-mark: 0.000/0.000 secs] [Times: user=0.00 sys=0.00, real=0.00 secs] 
2024-03-31T19:39:46.272+0800: 438.296: [CMS-concurrent-preclean-start]
2024-03-31T19:39:46.274+0800: 438.298: [CMS-concurrent-preclean: 0.001/0.001 secs] [Times: user=0.01 sys=0.00, real=0.01 secs] 
2024-03-31T19:39:46.275+0800: 438.299: [CMS-concurrent-abortable-preclean-start]
2024-03-31T19:39:46.275+0800: 438.299: [CMS-concurrent-abortable-preclean: 0.000/0.000 secs] [Times: user=0.00 sys=0.00, real=0.00 secs] 
2024-03-31T19:39:46.276+0800: 438.300: [GC (CMS Final Remark) [YG occupancy: 110660 K (117952 K)]2024-03-31T19:39:46.277+0800: 438.300: [Rescan (non-parallel) 2024-03-31T19:39:46.277+0800: 438.301: [grey object rescan, 0.0001276 secs]2024-03-31T19:39:46.277+0800: 438.301: [root rescan, 0.0779238 secs]2024-03-31T19:39:46.355+0800: 438.379: [visit unhandled CLDs, 0.0002033 secs]2024-03-31T19:39:46.355+0800: 438.379: [dirty klass scan, 0.0017258 secs], 0.0807985 secs]2024-03-31T19:39:46.358+0800: 438.381: [weak refs processing, 0.0001902 secs]2024-03-31T19:39:46.358+0800: 438.382: [class unloading, 0.0110273 secs]2024-03-31T19:39:46.369+0800: 438.393: [scrub symbol table, 0.0133234 secs]2024-03-31T19:39:46.383+0800: 438.406: [scrub string table, 0.0005897 secs][1 CMS-remark: 63K(64K)] 110724K(118016K), 0.1095799 secs] [Times: user=0.11 sys=0.00, real=0.11 secs] 
2024-03-31T19:39:46.387+0800: 438.411: [CMS-concurrent-sweep-start]
2024-03-31T19:39:46.388+0800: 438.412: [CMS-concurrent-sweep: 0.000/0.000 secs] [Times: user=0.00 sys=0.00, real=0.00 secs] 
2024-03-31T19:39:46.389+0800: 438.413: [CMS-concurrent-reset-start]
2024-03-31T19:39:46.389+0800: 438.413: [CMS-concurrent-reset: 0.000/0.000 secs] [Times: user=0.00 sys=0.00, real=0.00 secs] 
2024-03-31T19:39:48.394+0800: 440.418: [GC (CMS Initial Mark) [1 CMS-initial-mark: 63K(64K)] 110989K(118016K), 0.0919770 secs] [Times: user=0.10 sys=0.00, real=0.09 secs] 
2024-03-31T19:39:48.487+0800: 440.511: [CMS-concurrent-mark-start]
2024-03-31T19:39:48.488+0800: 440.512: [CMS-concurrent-mark: 0.000/0.000 secs] [Times: user=0.00 sys=0.00, real=0.00 secs] 
2024-03-31T19:39:48.489+0800: 440.513: [CMS-concurrent-preclean-start]
2024-03-31T19:39:48.491+0800: 440.515: [CMS-concurrent-preclean: 0.001/0.001 secs] [Times: user=0.00 sys=0.00, real=0.00 secs] 
2024-03-31T19:39:48.491+0800: 440.515: [CMS-concurrent-abortable-preclean-start]
2024-03-31T19:39:48.491+0800: 440.515: [CMS-concurrent-abortable-preclean: 0.000/0.000 secs] [Times: user=0.00 sys=0.00, real=0.00 secs] 
2024-03-31T19:39:48.492+0800: 440.516: [GC (CMS Final Remark) [YG occupancy: 110926 K (117952 K)]2024-03-31T19:39:48.492+0800: 440.516: [Rescan (non-parallel) 2024-03-31T19:39:48.492+0800: 440.516: [grey object rescan, 0.0001101 secs]2024-03-31T19:39:48.493+0800: 440.516: [root rescan, 0.0751197 secs]2024-03-31T19:39:48.568+0800: 440.592: [visit unhandled CLDs, 0.0002633 secs]2024-03-31T19:39:48.569+0800: 440.592: [dirty klass scan, 0.0015500 secs], 0.0778690 secs]2024-03-31T19:39:48.570+0800: 440.594: [weak refs processing, 0.0001843 secs]2024-03-31T19:39:48.571+0800: 440.594: [class unloading, 0.0105104 secs]2024-03-31T19:39:48.581+0800: 440.605: [scrub symbol table, 0.0099321 secs]2024-03-31T19:39:48.592+0800: 440.615: [scrub string table, 0.0005270 secs][1 CMS-remark: 63K(64K)] 110990K(118016K), 0.1022245 secs] [Times: user=0.10 sys=0.00, real=0.11 secs] 
2024-03-31T19:39:48.595+0800: 440.619: [CMS-concurrent-sweep-start]
2024-03-31T19:39:48.596+0800: 440.620: [CMS-concurrent-sweep: 0.000/0.000 secs] [Times: user=0.00 sys=0.00, real=0.00 secs] 
2024-03-31T19:39:48.597+0800: 440.620: [CMS-concurrent-reset-start]
2024-03-31T19:39:48.597+0800: 440.620: [CMS-concurrent-reset: 0.000/0.000 secs] [Times: user=0.00 sys=0.00, real=0.00 secs] 
2024-03-31T19:39:50.606+0800: 442.630: [GC (CMS Initial Mark) [1 CMS-initial-mark: 63K(64K)] 112265K(118016K), 0.0933824 secs] [Times: user=0.10 sys=0.00, real=0.09 secs] 
2024-03-31T19:39:50.700+0800: 442.724: [CMS-concurrent-mark-start]
2024-03-31T19:39:50.701+0800: 442.724: [CMS-concurrent-mark: 0.000/0.000 secs] [Times: user=0.00 sys=0.00, real=0.00 secs] 
2024-03-31T19:39:50.702+0800: 442.726: [CMS-concurrent-preclean-start]
2024-03-31T19:39:50.705+0800: 442.729: [CMS-concurrent-preclean: 0.001/0.001 secs] [Times: user=0.00 sys=0.01, real=0.01 secs] 
2024-03-31T19:39:50.707+0800: 442.731: [CMS-concurrent-abortable-preclean-start]
2024-03-31T19:39:50.708+0800: 442.732: [CMS-concurrent-abortable-preclean: 0.000/0.000 secs] [Times: user=0.00 sys=0.00, real=0.00 secs] 
2024-03-31T19:39:50.710+0800: 442.734: [GC (CMS Final Remark) [YG occupancy: 112203 K (117952 K)]2024-03-31T19:39:50.710+0800: 442.734: [Rescan (non-parallel) 2024-03-31T19:39:50.710+0800: 442.734: [grey object rescan, 0.0000989 secs]2024-03-31T19:39:50.711+0800: 442.734: [root rescan, 0.0771281 secs]2024-03-31T19:39:50.788+0800: 442.812: [visit unhandled CLDs, 0.0001876 secs]2024-03-31T19:39:50.788+0800: 442.812: [dirty klass scan, 0.0013973 secs], 0.0795350 secs]2024-03-31T19:39:50.790+0800: 442.814: [weak refs processing, 0.0001338 secs]2024-03-31T19:39:50.790+0800: 442.814: [class unloading, 0.0102244 secs]2024-03-31T19:39:50.801+0800: 442.824: [scrub symbol table, 0.0104648 secs]2024-03-31T19:39:50.811+0800: 442.835: [scrub string table, 0.0005158 secs][1 CMS-remark: 63K(64K)] 112266K(118016K), 0.1040302 secs] [Times: user=0.10 sys=0.00, real=0.11 secs] 
2024-03-31T19:39:50.815+0800: 442.839: [CMS-concurrent-sweep-start]
2024-03-31T19:39:50.816+0800: 442.839: [CMS-concurrent-sweep: 0.000/0.000 secs] [Times: user=0.00 sys=0.00, real=0.00 secs] 
2024-03-31T19:39:50.817+0800: 442.841: [CMS-concurrent-reset-start]
2024-03-31T19:39:50.818+0800: 442.841: [CMS-concurrent-reset: 0.000/0.000 secs] [Times: user=0.00 sys=0.00, real=0.00 secs] 
2024-03-31T19:39:52.829+0800: 444.853: [GC (CMS Initial Mark) [1 CMS-initial-mark: 63K(64K)] 112420K(118016K), 0.1261859 secs] [Times: user=0.12 sys=0.00, real=0.13 secs] 
2024-03-31T19:39:52.956+0800: 444.980: [CMS-concurrent-mark-start]
2024-03-31T19:39:52.957+0800: 444.980: [CMS-concurrent-mark: 0.000/0.000 secs] [Times: user=0.00 sys=0.01, real=0.00 secs] 
2024-03-31T19:39:52.957+0800: 444.981: [CMS-concurrent-preclean-start]
2024-03-31T19:39:52.959+0800: 444.983: [CMS-concurrent-preclean: 0.001/0.001 secs] [Times: user=0.00 sys=0.00, real=0.00 secs] 
2024-03-31T19:39:52.960+0800: 444.984: [CMS-concurrent-abortable-preclean-start]
2024-03-31T19:39:52.960+0800: 444.984: [CMS-concurrent-abortable-preclean: 0.000/0.000 secs] [Times: user=0.01 sys=0.00, real=0.00 secs] 
2024-03-31T19:39:52.961+0800: 444.985: [GC (CMS Final Remark) [YG occupancy: 112357 K (117952 K)]2024-03-31T19:39:52.961+0800: 444.985: [Rescan (non-parallel) 2024-03-31T19:39:52.962+0800: 444.985: [grey object rescan, 0.0001069 secs]2024-03-31T19:39:52.962+0800: 444.986: [root rescan, 0.0775277 secs]2024-03-31T19:39:53.040+0800: 445.063: [visit unhandled CLDs, 0.0001615 secs]2024-03-31T19:39:53.040+0800: 445.064: [dirty klass scan, 0.0015641 secs], 0.0800858 secs]2024-03-31T19:39:53.042+0800: 445.065: [weak refs processing, 0.0001912 secs]2024-03-31T19:39:53.042+0800: 445.066: [class unloading, 0.0100011 secs]2024-03-31T19:39:53.052+0800: 445.076: [scrub symbol table, 0.0108514 secs]2024-03-31T19:39:53.063+0800: 445.087: [scrub string table, 0.0005459 secs][1 CMS-remark: 63K(64K)] 112421K(118016K), 0.1049683 secs] [Times: user=0.10 sys=0.00, real=0.11 secs] 
2024-03-31T19:39:53.067+0800: 445.091: [CMS-concurrent-sweep-start]
2024-03-31T19:39:53.068+0800: 445.092: [CMS-concurrent-sweep: 0.000/0.000 secs] [Times: user=0.00 sys=0.00, real=0.00 secs] 
2024-03-31T19:39:53.070+0800: 445.094: [CMS-concurrent-reset-start]
2024-03-31T19:39:53.071+0800: 445.095: [CMS-concurrent-reset: 0.000/0.000 secs] [Times: user=0.00 sys=0.00, real=0.00 secs] 
2024-03-31T19:39:55.077+0800: 447.101: [GC (CMS Initial Mark) [1 CMS-initial-mark: 63K(64K)] 112597K(118016K), 0.0744250 secs] [Times: user=0.08 sys=0.00, real=0.07 secs] 
2024-03-31T19:39:55.153+0800: 447.177: [CMS-concurrent-mark-start]
2024-03-31T19:39:55.154+0800: 447.177: [CMS-concurrent-mark: 0.000/0.000 secs] [Times: user=0.00 sys=0.00, real=0.01 secs] 
2024-03-31T19:39:55.155+0800: 447.178: [CMS-concurrent-preclean-start]
2024-03-31T19:39:55.156+0800: 447.180: [CMS-concurrent-preclean: 0.001/0.001 secs] [Times: user=0.00 sys=0.00, real=0.00 secs] 
2024-03-31T19:39:55.157+0800: 447.181: [CMS-concurrent-abortable-preclean-start]
2024-03-31T19:39:55.158+0800: 447.182: [CMS-concurrent-abortable-preclean: 0.000/0.000 secs] [Times: user=0.00 sys=0.00, real=0.00 secs] 
2024-03-31T19:39:55.160+0800: 447.184: [GC (CMS Final Remark) [YG occupancy: 112535 K (117952 K)]2024-03-31T19:39:55.160+0800: 447.184: [Rescan (non-parallel) 2024-03-31T19:39:55.160+0800: 447.184: [grey object rescan, 0.0001059 secs]2024-03-31T19:39:55.161+0800: 447.184: [root rescan, 0.0753030 secs]2024-03-31T19:39:55.236+0800: 447.260: [visit unhandled CLDs, 0.0001649 secs]2024-03-31T19:39:55.236+0800: 447.260: [dirty klass scan, 0.0014337 secs], 0.0776322 secs]2024-03-31T19:39:55.238+0800: 447.262: [weak refs processing, 0.0001387 secs]2024-03-31T19:39:55.238+0800: 447.262: [class unloading, 0.0102345 secs]2024-03-31T19:39:55.249+0800: 447.272: [scrub symbol table, 0.0096203 secs]2024-03-31T19:39:55.258+0800: 447.282: [scrub string table, 0.0004906 secs][1 CMS-remark: 63K(64K)] 112599K(118016K), 0.1012854 secs] [Times: user=0.10 sys=0.00, real=0.10 secs] 
2024-03-31T19:39:55.262+0800: 447.286: [CMS-concurrent-sweep-start]
2024-03-31T19:39:55.263+0800: 447.286: [CMS-concurrent-sweep: 0.000/0.000 secs] [Times: user=0.00 sys=0.00, real=0.00 secs] 
2024-03-31T19:39:55.264+0800: 447.288: [CMS-concurrent-reset-start]
2024-03-31T19:39:55.265+0800: 447.288: [CMS-concurrent-reset: 0.000/0.000 secs] [Times: user=0.00 sys=0.00, real=0.01 secs] 
2024-03-31T19:39:57.272+0800: 449.296: [GC (CMS Initial Mark) [1 CMS-initial-mark: 63K(64K)] 112674K(118016K), 0.1159948 secs] [Times: user=0.11 sys=0.00, real=0.12 secs] 
2024-03-31T19:39:57.389+0800: 449.413: [CMS-concurrent-mark-start]
2024-03-31T19:39:57.390+0800: 449.413: [CMS-concurrent-mark: 0.000/0.000 secs] [Times: user=0.00 sys=0.00, real=0.00 secs] 
2024-03-31T19:39:57.391+0800: 449.414: [CMS-concurrent-preclean-start]
2024-03-31T19:39:57.392+0800: 449.416: [CMS-concurrent-preclean: 0.001/0.001 secs] [Times: user=0.01 sys=0.00, real=0.00 secs] 
2024-03-31T19:39:57.393+0800: 449.416: [CMS-concurrent-abortable-preclean-start]
2024-03-31T19:39:57.393+0800: 449.416: [CMS-concurrent-abortable-preclean: 0.000/0.000 secs] [Times: user=0.00 sys=0.00, real=0.00 secs] 
2024-03-31T19:39:57.393+0800: 449.417: [GC (CMS Final Remark) [YG occupancy: 112613 K (117952 K)]2024-03-31T19:39:57.394+0800: 449.417: [Rescan (non-parallel) 2024-03-31T19:39:57.394+0800: 449.417: [grey object rescan, 0.0001053 secs]2024-03-31T19:39:57.394+0800: 449.418: [root rescan, 0.0753600 secs]2024-03-31T19:39:57.469+0800: 449.493: [visit unhandled CLDs, 0.0001531 secs]2024-03-31T19:39:57.470+0800: 449.493: [dirty klass scan, 0.0013560 secs], 0.0775733 secs]2024-03-31T19:39:57.471+0800: 449.495: [weak refs processing, 0.0001453 secs]2024-03-31T19:39:57.471+0800: 449.495: [class unloading, 0.0098672 secs]2024-03-31T19:39:57.482+0800: 449.505: [scrub symbol table, 0.0096348 secs]2024-03-31T19:39:57.491+0800: 449.515: [scrub string table, 0.0005290 secs][1 CMS-remark: 63K(64K)] 112677K(118016K), 0.1008688 secs] [Times: user=0.10 sys=0.00, real=0.11 secs] 
2024-03-31T19:39:57.495+0800: 449.519: [CMS-concurrent-sweep-start]
2024-03-31T19:39:57.495+0800: 449.519: [CMS-concurrent-sweep: 0.000/0.000 secs] [Times: user=0.00 sys=0.00, real=0.00 secs] 
2024-03-31T19:39:57.497+0800: 449.520: [CMS-concurrent-reset-start]
2024-03-31T19:39:57.497+0800: 449.521: [CMS-concurrent-reset: 0.000/0.000 secs] [Times: user=0.00 sys=0.00, real=0.00 secs] 
2024-03-31T19:39:59.506+0800: 451.530: [GC (CMS Initial Mark) [1 CMS-initial-mark: 63K(64K)] 112844K(118016K), 0.1160556 secs] [Times: user=0.12 sys=0.01, real=0.11 secs] 
2024-03-31T19:39:59.625+0800: 451.646: [CMS-concurrent-mark-start]
2024-03-31T19:39:59.625+0800: 451.647: [CMS-concurrent-mark: 0.000/0.000 secs] [Times: user=0.00 sys=0.00, real=0.00 secs] 
2024-03-31T19:39:59.626+0800: 451.648: [CMS-concurrent-preclean-start]
2024-03-31T19:39:59.628+0800: 451.649: [CMS-concurrent-preclean: 0.001/0.001 secs] [Times: user=0.00 sys=0.00, real=0.01 secs] 
2024-03-31T19:39:59.628+0800: 451.650: [CMS-concurrent-abortable-preclean-start]
2024-03-31T19:39:59.628+0800: 451.650: [CMS-concurrent-abortable-preclean: 0.000/0.000 secs] [Times: user=0.00 sys=0.00, real=0.00 secs] 
2024-03-31T19:39:59.630+0800: 451.651: [GC (CMS Final Remark) [YG occupancy: 112782 K (117952 K)]2024-03-31T19:39:59.630+0800: 451.651: [Rescan (non-parallel) 2024-03-31T19:39:59.630+0800: 451.651: [grey object rescan, 0.0000684 secs]2024-03-31T19:39:59.630+0800: 451.651: [root rescan, 0.0755359 secs]2024-03-31T19:39:59.706+0800: 451.727: [visit unhandled CLDs, 0.0001405 secs]2024-03-31T19:39:59.706+0800: 451.727: [dirty klass scan, 0.0013540 secs], 0.0775986 secs]2024-03-31T19:39:59.707+0800: 451.729: [weak refs processing, 0.0001010 secs]2024-03-31T19:39:59.707+0800: 451.729: [class unloading, 0.0099373 secs]2024-03-31T19:39:59.718+0800: 451.739: [scrub symbol table, 0.0094636 secs]2024-03-31T19:39:59.727+0800: 451.749: [scrub string table, 0.0004333 secs][1 CMS-remark: 63K(64K)] 112846K(118016K), 0.1003519 secs] [Times: user=0.10 sys=0.00, real=0.10 secs] 
2024-03-31T19:39:59.730+0800: 451.752: [CMS-concurrent-sweep-start]
2024-03-31T19:39:59.731+0800: 451.752: [CMS-concurrent-sweep: 0.000/0.000 secs] [Times: user=0.01 sys=0.00, real=0.00 secs] 
2024-03-31T19:39:59.733+0800: 451.754: [CMS-concurrent-reset-start]
2024-03-31T19:39:59.733+0800: 451.755: [CMS-concurrent-reset: 0.000/0.000 secs] [Times: user=0.00 sys=0.00, real=0.00 secs] 
2024-03-31T19:40:01.740+0800: 453.762: [GC (CMS Initial Mark) [1 CMS-initial-mark: 63K(64K)] 113057K(118016K), 0.1156301 secs] [Times: user=0.12 sys=0.00, real=0.12 secs] 
2024-03-31T19:40:01.857+0800: 453.878: [CMS-concurrent-mark-start]
2024-03-31T19:40:01.858+0800: 453.880: [CMS-concurrent-mark: 0.000/0.000 secs] [Times: user=0.00 sys=0.01, real=0.00 secs] 
2024-03-31T19:40:01.860+0800: 453.881: [CMS-concurrent-preclean-start]
2024-03-31T19:40:01.862+0800: 453.884: [CMS-concurrent-preclean: 0.001/0.001 secs] [Times: user=0.00 sys=0.00, real=0.00 secs] 
2024-03-31T19:40:01.864+0800: 453.885: [CMS-concurrent-abortable-preclean-start]
2024-03-31T19:40:01.864+0800: 453.886: [CMS-concurrent-abortable-preclean: 0.000/0.000 secs] [Times: user=0.01 sys=0.00, real=0.00 secs] 
2024-03-31T19:40:01.866+0800: 453.887: [GC (CMS Final Remark) [YG occupancy: 112995 K (117952 K)]2024-03-31T19:40:01.866+0800: 453.887: [Rescan (non-parallel) 2024-03-31T19:40:01.866+0800: 453.887: [grey object rescan, 0.0000679 secs]2024-03-31T19:40:01.866+0800: 453.887: [root rescan, 0.0747859 secs]2024-03-31T19:40:01.941+0800: 453.962: [visit unhandled CLDs, 0.0001126 secs]2024-03-31T19:40:01.941+0800: 453.962: [dirty klass scan, 0.0013232 secs], 0.0767696 secs]2024-03-31T19:40:01.942+0800: 453.964: [weak refs processing, 0.0001171 secs]2024-03-31T19:40:01.943+0800: 453.964: [class unloading, 0.0102294 secs]2024-03-31T19:40:01.953+0800: 453.974: [scrub symbol table, 0.0096001 secs]2024-03-31T19:40:01.963+0800: 453.984: [scrub string table, 0.0004771 secs][1 CMS-remark: 63K(64K)] 113059K(118016K), 0.0999931 secs] [Times: user=0.10 sys=0.00, real=0.10 secs] 
2024-03-31T19:40:01.966+0800: 453.987: [CMS-concurrent-sweep-start]
2024-03-31T19:40:01.967+0800: 453.988: [CMS-concurrent-sweep: 0.000/0.000 secs] [Times: user=0.00 sys=0.00, real=0.01 secs] 
2024-03-31T19:40:01.968+0800: 453.989: [CMS-concurrent-reset-start]
2024-03-31T19:40:01.968+0800: 453.990: [CMS-concurrent-reset: 0.000/0.000 secs] [Times: user=0.00 sys=0.00, real=0.00 secs] 
2024-03-31T19:40:03.977+0800: 455.998: [GC (CMS Initial Mark) [1 CMS-initial-mark: 63K(64K)] 113180K(118016K), 0.1152395 secs] [Times: user=0.12 sys=0.00, real=0.11 secs] 
2024-03-31T19:40:04.093+0800: 456.114: [CMS-concurrent-mark-start]
2024-03-31T19:40:04.094+0800: 456.115: [CMS-concurrent-mark: 0.000/0.000 secs] [Times: user=0.00 sys=0.00, real=0.00 secs] 
2024-03-31T19:40:04.095+0800: 456.116: [CMS-concurrent-preclean-start]
2024-03-31T19:40:04.096+0800: 456.118: [CMS-concurrent-preclean: 0.001/0.001 secs] [Times: user=0.00 sys=0.00, real=0.01 secs] 
2024-03-31T19:40:04.097+0800: 456.118: [CMS-concurrent-abortable-preclean-start]
2024-03-31T19:40:04.097+0800: 456.118: [CMS-concurrent-abortable-preclean: 0.000/0.000 secs] [Times: user=0.00 sys=0.00, real=0.00 secs] 
2024-03-31T19:40:04.098+0800: 456.119: [GC (CMS Final Remark) [YG occupancy: 113120 K (117952 K)]2024-03-31T19:40:04.098+0800: 456.119: [Rescan (non-parallel) 2024-03-31T19:40:04.098+0800: 456.119: [grey object rescan, 0.0000983 secs]2024-03-31T19:40:04.098+0800: 456.120: [root rescan, 0.0750205 secs]2024-03-31T19:40:04.173+0800: 456.195: [visit unhandled CLDs, 0.0001077 secs]2024-03-31T19:40:04.174+0800: 456.195: [dirty klass scan, 0.0012929 secs], 0.0769693 secs]2024-03-31T19:40:04.175+0800: 456.196: [weak refs processing, 0.0001309 secs]2024-03-31T19:40:04.175+0800: 456.197: [class unloading, 0.0100010 secs]2024-03-31T19:40:04.185+0800: 456.207: [scrub symbol table, 0.0097927 secs]2024-03-31T19:40:04.195+0800: 456.217: [scrub string table, 0.0004763 secs][1 CMS-remark: 63K(64K)] 113183K(118016K), 0.1003625 secs] [Times: user=0.10 sys=0.00, real=0.10 secs] 
2024-03-31T19:40:04.199+0800: 456.220: [CMS-concurrent-sweep-start]
2024-03-31T19:40:04.200+0800: 456.221: [CMS-concurrent-sweep: 0.000/0.000 secs] [Times: user=0.00 sys=0.00, real=0.00 secs] 
2024-03-31T19:40:04.201+0800: 456.222: [CMS-concurrent-reset-start]
2024-03-31T19:40:04.202+0800: 456.223: [CMS-concurrent-reset: 0.000/0.000 secs] [Times: user=0.01 sys=0.00, real=0.00 secs] 
2024-03-31T19:40:06.211+0800: 458.232: [GC (CMS Initial Mark) [1 CMS-initial-mark: 63K(64K)] 113553K(118016K), 0.0941062 secs] [Times: user=0.09 sys=0.00, real=0.09 secs] 
2024-03-31T19:40:06.306+0800: 458.327: [CMS-concurrent-mark-start]
2024-03-31T19:40:06.307+0800: 458.328: [CMS-concurrent-mark: 0.000/0.000 secs] [Times: user=0.00 sys=0.00, real=0.01 secs] 
2024-03-31T19:40:06.308+0800: 458.329: [CMS-concurrent-preclean-start]
2024-03-31T19:40:06.310+0800: 458.332: [CMS-concurrent-preclean: 0.001/0.001 secs] [Times: user=0.00 sys=0.00, real=0.00 secs] 
2024-03-31T19:40:06.311+0800: 458.332: [CMS-concurrent-abortable-preclean-start]
2024-03-31T19:40:06.311+0800: 458.333: [CMS-concurrent-abortable-preclean: 0.000/0.000 secs] [Times: user=0.00 sys=0.00, real=0.00 secs] 
2024-03-31T19:40:06.312+0800: 458.334: [GC (CMS Final Remark) [YG occupancy: 113496 K (117952 K)]2024-03-31T19:40:06.312+0800: 458.334: [Rescan (non-parallel) 2024-03-31T19:40:06.313+0800: 458.334: [grey object rescan, 0.0000650 secs]2024-03-31T19:40:06.313+0800: 458.334: [root rescan, 0.0776495 secs]2024-03-31T19:40:06.391+0800: 458.412: [visit unhandled CLDs, 0.0001413 secs]2024-03-31T19:40:06.391+0800: 458.412: [dirty klass scan, 0.0014052 secs], 0.0797824 secs]2024-03-31T19:40:06.392+0800: 458.414: [weak refs processing, 0.0001411 secs]2024-03-31T19:40:06.393+0800: 458.414: [class unloading, 0.0101173 secs]2024-03-31T19:40:06.403+0800: 458.424: [scrub symbol table, 0.0127253 secs]2024-03-31T19:40:06.416+0800: 458.437: [scrub string table, 0.0006337 secs][1 CMS-remark: 63K(64K)] 113560K(118016K), 0.1067198 secs] [Times: user=0.11 sys=0.00, real=0.11 secs] 
2024-03-31T19:40:06.420+0800: 458.441: [CMS-concurrent-sweep-start]
2024-03-31T19:40:06.421+0800: 458.442: [CMS-concurrent-sweep: 0.000/0.000 secs] [Times: user=0.00 sys=0.00, real=0.00 secs] 
2024-03-31T19:40:06.423+0800: 458.444: [CMS-concurrent-reset-start]
2024-03-31T19:40:06.423+0800: 458.445: [CMS-concurrent-reset: 0.000/0.000 secs] [Times: user=0.00 sys=0.00, real=0.00 secs] 
2024-03-31T19:40:08.425+0800: 460.447: [GC (CMS Initial Mark) [1 CMS-initial-mark: 63K(64K)] 113687K(118016K), 0.0769862 secs] [Times: user=0.08 sys=0.00, real=0.08 secs] 
2024-03-31T19:40:08.503+0800: 460.525: [CMS-concurrent-mark-start]
2024-03-31T19:40:08.504+0800: 460.525: [CMS-concurrent-mark: 0.000/0.000 secs] [Times: user=0.00 sys=0.00, real=0.00 secs] 
2024-03-31T19:40:08.505+0800: 460.526: [CMS-concurrent-preclean-start]
2024-03-31T19:40:08.507+0800: 460.528: [CMS-concurrent-preclean: 0.001/0.001 secs] [Times: user=0.00 sys=0.00, real=0.01 secs] 
2024-03-31T19:40:08.507+0800: 460.528: [CMS-concurrent-abortable-preclean-start]
2024-03-31T19:40:08.507+0800: 460.529: [CMS-concurrent-abortable-preclean: 0.000/0.000 secs] [Times: user=0.00 sys=0.00, real=0.00 secs] 
2024-03-31T19:40:08.508+0800: 460.530: [GC (CMS Final Remark) [YG occupancy: 113626 K (117952 K)]2024-03-31T19:40:08.508+0800: 460.530: [Rescan (non-parallel) 2024-03-31T19:40:08.508+0800: 460.530: [grey object rescan, 0.0001100 secs]2024-03-31T19:40:08.509+0800: 460.530: [root rescan, 0.0749223 secs]2024-03-31T19:40:08.584+0800: 460.605: [visit unhandled CLDs, 0.0001590 secs]2024-03-31T19:40:08.584+0800: 460.605: [dirty klass scan, 0.0013984 secs], 0.0772075 secs]2024-03-31T19:40:08.586+0800: 460.607: [weak refs processing, 0.0001449 secs]2024-03-31T19:40:08.586+0800: 460.607: [class unloading, 0.0103520 secs]2024-03-31T19:40:08.596+0800: 460.618: [scrub symbol table, 0.0095875 secs]2024-03-31T19:40:08.606+0800: 460.628: [scrub string table, 0.0005360 secs][1 CMS-remark: 63K(64K)] 113690K(118016K), 0.1011865 secs] [Times: user=0.10 sys=0.00, real=0.10 secs] 
2024-03-31T19:40:08.610+0800: 460.632: [CMS-concurrent-sweep-start]
2024-03-31T19:40:08.611+0800: 460.632: [CMS-concurrent-sweep: 0.000/0.000 secs] [Times: user=0.01 sys=0.00, real=0.00 secs] 
2024-03-31T19:40:08.612+0800: 460.634: [CMS-concurrent-reset-start]
2024-03-31T19:40:08.613+0800: 460.634: [CMS-concurrent-reset: 0.000/0.000 secs] [Times: user=0.00 sys=0.00, real=0.00 secs] 
2024-03-31T19:40:10.632+0800: 462.654: [GC (CMS Initial Mark) [1 CMS-initial-mark: 63K(64K)] 113854K(118016K), 0.1066144 secs] [Times: user=0.11 sys=0.00, real=0.11 secs] 
2024-03-31T19:40:10.740+0800: 462.761: [CMS-concurrent-mark-start]
2024-03-31T19:40:10.740+0800: 462.762: [CMS-concurrent-mark: 0.000/0.000 secs] [Times: user=0.00 sys=0.00, real=0.00 secs] 
2024-03-31T19:40:10.741+0800: 462.763: [CMS-concurrent-preclean-start]
2024-03-31T19:40:10.743+0800: 462.764: [CMS-concurrent-preclean: 0.001/0.001 secs] [Times: user=0.00 sys=0.00, real=0.00 secs] 
2024-03-31T19:40:10.743+0800: 462.764: [CMS-concurrent-abortable-preclean-start]
2024-03-31T19:40:10.743+0800: 462.764: [CMS-concurrent-abortable-preclean: 0.000/0.000 secs] [Times: user=0.00 sys=0.00, real=0.00 secs] 
2024-03-31T19:40:10.744+0800: 462.765: [GC (CMS Final Remark) [YG occupancy: 113792 K (117952 K)]2024-03-31T19:40:10.744+0800: 462.765: [Rescan (non-parallel) 2024-03-31T19:40:10.744+0800: 462.765: [grey object rescan, 0.0001142 secs]2024-03-31T19:40:10.744+0800: 462.766: [root rescan, 0.0785139 secs]2024-03-31T19:40:10.823+0800: 462.845: [visit unhandled CLDs, 0.0002669 secs]2024-03-31T19:40:10.823+0800: 462.845: [dirty klass scan, 0.0015383 secs], 0.0812417 secs]2024-03-31T19:40:10.825+0800: 462.847: [weak refs processing, 0.0001499 secs]2024-03-31T19:40:10.825+0800: 462.847: [class unloading, 0.0109317 secs]2024-03-31T19:40:10.837+0800: 462.858: [scrub symbol table, 0.0101960 secs]2024-03-31T19:40:10.847+0800: 462.868: [scrub string table, 0.0005537 secs][1 CMS-remark: 63K(64K)] 113856K(118016K), 0.1062376 secs] [Times: user=0.10 sys=0.00, real=0.11 secs] 
2024-03-31T19:40:10.851+0800: 462.872: [CMS-concurrent-sweep-start]
2024-03-31T19:40:10.851+0800: 462.873: [CMS-concurrent-sweep: 0.000/0.000 secs] [Times: user=0.01 sys=0.00, real=0.00 secs] 
2024-03-31T19:40:10.852+0800: 462.874: [CMS-concurrent-reset-start]
2024-03-31T19:40:10.853+0800: 462.874: [CMS-concurrent-reset: 0.000/0.000 secs] [Times: user=0.00 sys=0.00, real=0.00 secs] 
2024-03-31T19:40:12.862+0800: 464.884: [GC (CMS Initial Mark) [1 CMS-initial-mark: 63K(64K)] 113973K(118016K), 0.1166733 secs] [Times: user=0.12 sys=0.00, real=0.12 secs] 
2024-03-31T19:40:12.980+0800: 465.001: [CMS-concurrent-mark-start]
2024-03-31T19:40:12.981+0800: 465.003: [CMS-concurrent-mark: 0.000/0.000 secs] [Times: user=0.00 sys=0.00, real=0.00 secs] 
2024-03-31T19:40:12.982+0800: 465.004: [CMS-concurrent-preclean-start]
2024-03-31T19:40:12.985+0800: 465.007: [CMS-concurrent-preclean: 0.001/0.001 secs] [Times: user=0.00 sys=0.00, real=0.00 secs] 
2024-03-31T19:40:12.987+0800: 465.008: [CMS-concurrent-abortable-preclean-start]
2024-03-31T19:40:12.987+0800: 465.009: [CMS-concurrent-abortable-preclean: 0.000/0.000 secs] [Times: user=0.01 sys=0.00, real=0.01 secs] 
2024-03-31T19:40:12.989+0800: 465.010: [GC (CMS Final Remark) [YG occupancy: 113911 K (117952 K)]2024-03-31T19:40:12.989+0800: 465.010: [Rescan (non-parallel) 2024-03-31T19:40:12.989+0800: 465.010: [grey object rescan, 0.0001040 secs]2024-03-31T19:40:12.989+0800: 465.010: [root rescan, 0.0759122 secs]2024-03-31T19:40:13.065+0800: 465.086: [visit unhandled CLDs, 0.0001495 secs]2024-03-31T19:40:13.065+0800: 465.087: [dirty klass scan, 0.0013522 secs], 0.0780032 secs]2024-03-31T19:40:13.067+0800: 465.088: [weak refs processing, 0.0001213 secs]2024-03-31T19:40:13.067+0800: 465.088: [class unloading, 0.0103526 secs]2024-03-31T19:40:13.077+0800: 465.099: [scrub symbol table, 0.0098244 secs]2024-03-31T19:40:13.087+0800: 465.109: [scrub string table, 0.0004625 secs][1 CMS-remark: 63K(64K)] 113975K(118016K), 0.1015775 secs] [Times: user=0.10 sys=0.00, real=0.10 secs] 
2024-03-31T19:40:13.091+0800: 465.112: [CMS-concurrent-sweep-start]
2024-03-31T19:40:13.092+0800: 465.113: [CMS-concurrent-sweep: 0.000/0.000 secs] [Times: user=0.00 sys=0.00, real=0.00 secs] 
2024-03-31T19:40:13.093+0800: 465.114: [CMS-concurrent-reset-start]
2024-03-31T19:40:13.093+0800: 465.115: [CMS-concurrent-reset: 0.000/0.000 secs] [Times: user=0.00 sys=0.00, real=0.00 secs] 
2024-03-31T19:40:15.101+0800: 467.122: [GC (CMS Initial Mark) [1 CMS-initial-mark: 63K(64K)] 114141K(118016K), 0.1200875 secs] [Times: user=0.12 sys=0.00, real=0.12 secs] 
2024-03-31T19:40:15.222+0800: 467.243: [CMS-concurrent-mark-start]
2024-03-31T19:40:15.223+0800: 467.244: [CMS-concurrent-mark: 0.000/0.000 secs] [Times: user=0.00 sys=0.00, real=0.00 secs] 
2024-03-31T19:40:15.223+0800: 467.245: [CMS-concurrent-preclean-start]
2024-03-31T19:40:15.225+0800: 467.246: [CMS-concurrent-preclean: 0.001/0.001 secs] [Times: user=0.00 sys=0.00, real=0.00 secs] 
2024-03-31T19:40:15.225+0800: 467.246: [CMS-concurrent-abortable-preclean-start]
2024-03-31T19:40:15.225+0800: 467.246: [CMS-concurrent-abortable-preclean: 0.000/0.000 secs] [Times: user=0.00 sys=0.00, real=0.00 secs] 
2024-03-31T19:40:15.226+0800: 467.247: [GC (CMS Final Remark) [YG occupancy: 114078 K (117952 K)]2024-03-31T19:40:15.226+0800: 467.247: [Rescan (non-parallel) 2024-03-31T19:40:15.226+0800: 467.247: [grey object rescan, 0.0000684 secs]2024-03-31T19:40:15.226+0800: 467.247: [root rescan, 0.0767886 secs]2024-03-31T19:40:15.303+0800: 467.324: [visit unhandled CLDs, 0.0001474 secs]2024-03-31T19:40:15.303+0800: 467.324: [dirty klass scan, 0.0014858 secs], 0.0790560 secs]2024-03-31T19:40:15.305+0800: 467.326: [weak refs processing, 0.0001359 secs]2024-03-31T19:40:15.305+0800: 467.326: [class unloading, 0.0106612 secs]2024-03-31T19:40:15.316+0800: 467.337: [scrub symbol table, 0.0107618 secs]2024-03-31T19:40:15.327+0800: 467.348: [scrub string table, 0.0005110 secs][1 CMS-remark: 63K(64K)] 114142K(118016K), 0.1043914 secs] [Times: user=0.11 sys=0.00, real=0.11 secs] 
2024-03-31T19:40:15.331+0800: 467.352: [CMS-concurrent-sweep-start]
2024-03-31T19:40:15.331+0800: 467.353: [CMS-concurrent-sweep: 0.000/0.000 secs] [Times: user=0.00 sys=0.00, real=0.00 secs] 
2024-03-31T19:40:15.332+0800: 467.354: [CMS-concurrent-reset-start]
2024-03-31T19:40:15.333+0800: 467.354: [CMS-concurrent-reset: 0.000/0.000 secs] [Times: user=0.00 sys=0.00, real=0.00 secs] 
2024-03-31T19:40:17.343+0800: 469.364: [GC (CMS Initial Mark) [1 CMS-initial-mark: 63K(64K)] 114329K(118016K), 0.0918269 secs] [Times: user=0.09 sys=0.00, real=0.09 secs] 
2024-03-31T19:40:17.435+0800: 469.457: [CMS-concurrent-mark-start]
2024-03-31T19:40:17.436+0800: 469.458: [CMS-concurrent-mark: 0.000/0.000 secs] [Times: user=0.00 sys=0.00, real=0.01 secs] 
2024-03-31T19:40:17.437+0800: 469.458: [CMS-concurrent-preclean-start]
2024-03-31T19:40:17.439+0800: 469.460: [CMS-concurrent-preclean: 0.001/0.001 secs] [Times: user=0.01 sys=0.01, real=0.00 secs] 
2024-03-31T19:40:17.440+0800: 469.461: [CMS-concurrent-abortable-preclean-start]
2024-03-31T19:40:17.440+0800: 469.461: [CMS-concurrent-abortable-preclean: 0.000/0.000 secs] [Times: user=0.00 sys=0.00, real=0.00 secs] 
2024-03-31T19:40:17.441+0800: 469.462: [GC (CMS Final Remark) [YG occupancy: 114268 K (117952 K)]2024-03-31T19:40:17.442+0800: 469.463: [Rescan (non-parallel) 2024-03-31T19:40:17.442+0800: 469.464: [grey object rescan, 0.0002135 secs]2024-03-31T19:40:17.443+0800: 469.464: [root rescan, 0.0949548 secs]2024-03-31T19:40:17.538+0800: 469.559: [visit unhandled CLDs, 0.0002370 secs]2024-03-31T19:40:17.538+0800: 469.560: [dirty klass scan, 0.0017105 secs], 0.0979712 secs]2024-03-31T19:40:17.540+0800: 469.561: [weak refs processing, 0.0001271 secs]2024-03-31T19:40:17.540+0800: 469.562: [class unloading, 0.0120873 secs]2024-03-31T19:40:17.553+0800: 469.574: [scrub symbol table, 0.0136731 secs]2024-03-31T19:40:17.567+0800: 469.588: [scrub string table, 0.0006345 secs][1 CMS-remark: 63K(64K)] 114331K(118016K), 0.1291194 secs] [Times: user=0.13 sys=0.00, real=0.13 secs] 
2024-03-31T19:40:17.571+0800: 469.592: [CMS-concurrent-sweep-start]
2024-03-31T19:40:17.572+0800: 469.593: [CMS-concurrent-sweep: 0.000/0.000 secs] [Times: user=0.00 sys=0.00, real=0.00 secs] 
2024-03-31T19:40:17.574+0800: 469.595: [CMS-concurrent-reset-start]
2024-03-31T19:40:17.574+0800: 469.596: [CMS-concurrent-reset: 0.000/0.000 secs] [Times: user=0.00 sys=0.00, real=0.00 secs] 
2024-03-31T19:40:19.586+0800: 471.608: [GC (CMS Initial Mark) [1 CMS-initial-mark: 63K(64K)] 114602K(118016K), 0.1128816 secs] [Times: user=0.11 sys=0.00, real=0.11 secs] 
2024-03-31T19:40:19.700+0800: 471.721: [CMS-concurrent-mark-start]
2024-03-31T19:40:19.701+0800: 471.722: [CMS-concurrent-mark: 0.000/0.000 secs] [Times: user=0.00 sys=0.00, real=0.00 secs] 
2024-03-31T19:40:19.702+0800: 471.723: [CMS-concurrent-preclean-start]
2024-03-31T19:40:19.703+0800: 471.725: [CMS-concurrent-preclean: 0.001/0.001 secs] [Times: user=0.01 sys=0.00, real=0.00 secs] 
2024-03-31T19:40:19.704+0800: 471.726: [CMS-concurrent-abortable-preclean-start]
2024-03-31T19:40:19.705+0800: 471.726: [CMS-concurrent-abortable-preclean: 0.000/0.000 secs] [Times: user=0.00 sys=0.00, real=0.00 secs] 
2024-03-31T19:40:19.706+0800: 471.727: [GC (CMS Final Remark) [YG occupancy: 114540 K (117952 K)]2024-03-31T19:40:19.706+0800: 471.727: [Rescan (non-parallel) 2024-03-31T19:40:19.706+0800: 471.727: [grey object rescan, 0.0001005 secs]2024-03-31T19:40:19.706+0800: 471.727: [root rescan, 0.0791398 secs]2024-03-31T19:40:19.785+0800: 471.807: [visit unhandled CLDs, 0.0001958 secs]2024-03-31T19:40:19.786+0800: 471.807: [dirty klass scan, 0.0015062 secs], 0.0817025 secs]2024-03-31T19:40:19.788+0800: 471.809: [weak refs processing, 0.0001604 secs]2024-03-31T19:40:19.788+0800: 471.809: [class unloading, 0.0116963 secs]2024-03-31T19:40:19.800+0800: 471.821: [scrub symbol table, 0.0118123 secs]2024-03-31T19:40:19.812+0800: 471.833: [scrub string table, 0.0007372 secs][1 CMS-remark: 63K(64K)] 114603K(118016K), 0.1093950 secs] [Times: user=0.11 sys=0.00, real=0.11 secs] 
2024-03-31T19:40:19.816+0800: 471.837: [CMS-concurrent-sweep-start]
2024-03-31T19:40:19.817+0800: 471.838: [CMS-concurrent-sweep: 0.000/0.000 secs] [Times: user=0.00 sys=0.00, real=0.01 secs] 
2024-03-31T19:40:19.818+0800: 471.839: [CMS-concurrent-reset-start]
2024-03-31T19:40:19.818+0800: 471.840: [CMS-concurrent-reset: 0.000/0.000 secs] [Times: user=0.00 sys=0.00, real=0.00 secs] 
2024-03-31T19:40:21.827+0800: 473.849: [GC (CMS Initial Mark) [1 CMS-initial-mark: 63K(64K)] 114790K(118016K), 0.1175065 secs] [Times: user=0.12 sys=0.00, real=0.11 secs] 
2024-03-31T19:40:21.945+0800: 473.967: [CMS-concurrent-mark-start]
2024-03-31T19:40:21.946+0800: 473.967: [CMS-concurrent-mark: 0.000/0.000 secs] [Times: user=0.00 sys=0.00, real=0.01 secs] 
2024-03-31T19:40:21.947+0800: 473.968: [CMS-concurrent-preclean-start]
2024-03-31T19:40:21.948+0800: 473.970: [CMS-concurrent-preclean: 0.001/0.001 secs] [Times: user=0.00 sys=0.00, real=0.00 secs] 
2024-03-31T19:40:21.948+0800: 473.970: [CMS-concurrent-abortable-preclean-start]
2024-03-31T19:40:21.948+0800: 473.970: [CMS-concurrent-abortable-preclean: 0.000/0.000 secs] [Times: user=0.00 sys=0.00, real=0.00 secs] 
2024-03-31T19:40:21.949+0800: 473.970: [GC (CMS Final Remark) [YG occupancy: 114727 K (117952 K)]2024-03-31T19:40:21.949+0800: 473.971: [Rescan (non-parallel) 2024-03-31T19:40:21.949+0800: 473.971: [grey object rescan, 0.0000635 secs]2024-03-31T19:40:21.949+0800: 473.971: [root rescan, 0.0765155 secs]2024-03-31T19:40:22.026+0800: 474.048: [visit unhandled CLDs, 0.0001080 secs]2024-03-31T19:40:22.026+0800: 474.048: [dirty klass scan, 0.0013610 secs], 0.0785225 secs]2024-03-31T19:40:22.028+0800: 474.049: [weak refs processing, 0.0001213 secs]2024-03-31T19:40:22.028+0800: 474.049: [class unloading, 0.0101292 secs]2024-03-31T19:40:22.038+0800: 474.060: [scrub symbol table, 0.0096211 secs]2024-03-31T19:40:22.048+0800: 474.069: [scrub string table, 0.0006674 secs][1 CMS-remark: 63K(64K)] 114791K(118016K), 0.1020761 secs] [Times: user=0.10 sys=0.00, real=0.10 secs] 
2024-03-31T19:40:22.052+0800: 474.073: [CMS-concurrent-sweep-start]
2024-03-31T19:40:22.053+0800: 474.074: [CMS-concurrent-sweep: 0.000/0.000 secs] [Times: user=0.01 sys=0.00, real=0.00 secs] 
2024-03-31T19:40:22.055+0800: 474.077: [CMS-concurrent-reset-start]
2024-03-31T19:40:22.056+0800: 474.077: [CMS-concurrent-reset: 0.000/0.000 secs] [Times: user=0.00 sys=0.00, real=0.00 secs] 
2024-03-31T19:40:24.064+0800: 476.085: [GC (CMS Initial Mark) [1 CMS-initial-mark: 63K(64K)] 114931K(118016K), 0.1025910 secs] [Times: user=0.11 sys=0.00, real=0.11 secs] 
2024-03-31T19:40:24.168+0800: 476.189: [CMS-concurrent-mark-start]
2024-03-31T19:40:24.169+0800: 476.191: [CMS-concurrent-mark: 0.000/0.000 secs] [Times: user=0.00 sys=0.00, real=0.00 secs] 
2024-03-31T19:40:24.171+0800: 476.192: [CMS-concurrent-preclean-start]
2024-03-31T19:40:24.173+0800: 476.195: [CMS-concurrent-preclean: 0.002/0.002 secs] [Times: user=0.00 sys=0.00, real=0.00 secs] 
2024-03-31T19:40:24.175+0800: 476.197: [CMS-concurrent-abortable-preclean-start]
2024-03-31T19:40:24.177+0800: 476.198: [CMS-concurrent-abortable-preclean: 0.000/0.000 secs] [Times: user=0.01 sys=0.00, real=0.01 secs] 
2024-03-31T19:40:24.179+0800: 476.201: [GC (CMS Final Remark) [YG occupancy: 114869 K (117952 K)]2024-03-31T19:40:24.180+0800: 476.201: [Rescan (non-parallel) 2024-03-31T19:40:24.180+0800: 476.201: [grey object rescan, 0.0001679 secs]2024-03-31T19:40:24.180+0800: 476.201: [root rescan, 0.0874283 secs]2024-03-31T19:40:24.268+0800: 476.289: [visit unhandled CLDs, 0.0002151 secs]2024-03-31T19:40:24.268+0800: 476.289: [dirty klass scan, 0.0017546 secs], 0.0903453 secs]2024-03-31T19:40:24.270+0800: 476.291: [weak refs processing, 0.0001607 secs]2024-03-31T19:40:24.270+0800: 476.292: [class unloading, 0.0106982 secs]2024-03-31T19:40:24.281+0800: 476.303: [scrub symbol table, 0.0152973 secs]2024-03-31T19:40:24.297+0800: 476.318: [scrub string table, 0.0005738 secs][1 CMS-remark: 63K(64K)] 114932K(118016K), 0.1203426 secs] [Times: user=0.12 sys=0.00, real=0.12 secs] 
2024-03-31T19:40:24.301+0800: 476.322: [CMS-concurrent-sweep-start]
2024-03-31T19:40:24.301+0800: 476.322: [CMS-concurrent-sweep: 0.000/0.000 secs] [Times: user=0.00 sys=0.00, real=0.00 secs] 
2024-03-31T19:40:24.303+0800: 476.324: [CMS-concurrent-reset-start]
2024-03-31T19:40:24.303+0800: 476.325: [CMS-concurrent-reset: 0.000/0.000 secs] [Times: user=0.00 sys=0.00, real=0.00 secs] 
2024-03-31T19:40:26.308+0800: 478.329: [GC (CMS Initial Mark) [1 CMS-initial-mark: 63K(64K)] 115106K(118016K), 0.1113024 secs] [Times: user=0.11 sys=0.00, real=0.11 secs] 
2024-03-31T19:40:26.420+0800: 478.442: [CMS-concurrent-mark-start]
2024-03-31T19:40:26.421+0800: 478.442: [CMS-concurrent-mark: 0.000/0.000 secs] [Times: user=0.00 sys=0.00, real=0.00 secs] 
2024-03-31T19:40:26.422+0800: 478.443: [CMS-concurrent-preclean-start]
2024-03-31T19:40:26.424+0800: 478.445: [CMS-concurrent-preclean: 0.001/0.001 secs] [Times: user=0.01 sys=0.00, real=0.00 secs] 
2024-03-31T19:40:26.424+0800: 478.445: [CMS-concurrent-abortable-preclean-start]
2024-03-31T19:40:26.424+0800: 478.445: [CMS-concurrent-abortable-preclean: 0.000/0.000 secs] [Times: user=0.00 sys=0.00, real=0.00 secs] 
2024-03-31T19:40:26.425+0800: 478.446: [GC (CMS Final Remark) [YG occupancy: 115043 K (117952 K)]2024-03-31T19:40:26.425+0800: 478.446: [Rescan (non-parallel) 2024-03-31T19:40:26.425+0800: 478.447: [grey object rescan, 0.0001149 secs]2024-03-31T19:40:26.425+0800: 478.447: [root rescan, 0.0804257 secs]2024-03-31T19:40:26.506+0800: 478.528: [visit unhandled CLDs, 0.0003040 secs]2024-03-31T19:40:26.507+0800: 478.528: [dirty klass scan, 0.0015371 secs], 0.0832874 secs]2024-03-31T19:40:26.508+0800: 478.530: [weak refs processing, 0.0001795 secs]2024-03-31T19:40:26.509+0800: 478.530: [class unloading, 0.0131165 secs]2024-03-31T19:40:26.522+0800: 478.544: [scrub symbol table, 0.0130186 secs]2024-03-31T19:40:26.535+0800: 478.557: [scrub string table, 0.0006239 secs][1 CMS-remark: 63K(64K)] 115107K(118016K), 0.1136805 secs] [Times: user=0.11 sys=0.00, real=0.12 secs] 
2024-03-31T19:40:26.540+0800: 478.561: [CMS-concurrent-sweep-start]
2024-03-31T19:40:26.540+0800: 478.562: [CMS-concurrent-sweep: 0.000/0.000 secs] [Times: user=0.00 sys=0.00, real=0.00 secs] 
2024-03-31T19:40:26.542+0800: 478.563: [CMS-concurrent-reset-start]
2024-03-31T19:40:26.542+0800: 478.563: [CMS-concurrent-reset: 0.000/0.000 secs] [Times: user=0.00 sys=0.00, real=0.00 secs] 
2024-03-31T19:40:28.553+0800: 480.574: [GC (CMS Initial Mark) [1 CMS-initial-mark: 63K(64K)] 115197K(118016K), 0.1183944 secs] [Times: user=0.12 sys=0.00, real=0.12 secs] 
2024-03-31T19:40:28.672+0800: 480.693: [CMS-concurrent-mark-start]
2024-03-31T19:40:28.673+0800: 480.694: [CMS-concurrent-mark: 0.000/0.000 secs] [Times: user=0.00 sys=0.00, real=0.00 secs] 
2024-03-31T19:40:28.674+0800: 480.695: [CMS-concurrent-preclean-start]
2024-03-31T19:40:28.675+0800: 480.697: [CMS-concurrent-preclean: 0.001/0.001 secs] [Times: user=0.00 sys=0.00, real=0.00 secs] 
2024-03-31T19:40:28.676+0800: 480.697: [CMS-concurrent-abortable-preclean-start]
2024-03-31T19:40:28.676+0800: 480.698: [CMS-concurrent-abortable-preclean: 0.000/0.000 secs] [Times: user=0.00 sys=0.00, real=0.01 secs] 
2024-03-31T19:40:28.677+0800: 480.698: [GC (CMS Final Remark) [YG occupancy: 115135 K (117952 K)]2024-03-31T19:40:28.677+0800: 480.699: [Rescan (non-parallel) 2024-03-31T19:40:28.677+0800: 480.699: [grey object rescan, 0.0001048 secs]2024-03-31T19:40:28.677+0800: 480.699: [root rescan, 0.0772332 secs]2024-03-31T19:40:28.755+0800: 480.776: [visit unhandled CLDs, 0.0001527 secs]2024-03-31T19:40:28.755+0800: 480.777: [dirty klass scan, 0.0013651 secs], 0.0794916 secs]2024-03-31T19:40:28.757+0800: 480.778: [weak refs processing, 0.0001502 secs]2024-03-31T19:40:28.757+0800: 480.778: [class unloading, 0.0104689 secs]2024-03-31T19:40:28.768+0800: 480.789: [scrub symbol table, 0.0097265 secs]2024-03-31T19:40:28.778+0800: 480.799: [scrub string table, 0.0005013 secs][1 CMS-remark: 63K(64K)] 115199K(118016K), 0.1033816 secs] [Times: user=0.11 sys=0.00, real=0.10 secs] 
2024-03-31T19:40:28.781+0800: 480.803: [CMS-concurrent-sweep-start]
2024-03-31T19:40:28.782+0800: 480.803: [CMS-concurrent-sweep: 0.000/0.000 secs] [Times: user=0.00 sys=0.00, real=0.00 secs] 
2024-03-31T19:40:28.783+0800: 480.804: [CMS-concurrent-reset-start]
2024-03-31T19:40:28.783+0800: 480.805: [CMS-concurrent-reset: 0.000/0.000 secs] [Times: user=0.00 sys=0.00, real=0.00 secs] 
2024-03-31T19:40:30.786+0800: 482.807: [GC (CMS Initial Mark) [1 CMS-initial-mark: 63K(64K)] 115396K(118016K), 0.0787929 secs] [Times: user=0.08 sys=0.00, real=0.07 secs] 
2024-03-31T19:40:30.866+0800: 482.887: [CMS-concurrent-mark-start]
2024-03-31T19:40:30.867+0800: 482.888: [CMS-concurrent-mark: 0.000/0.000 secs] [Times: user=0.00 sys=0.00, real=0.01 secs] 
2024-03-31T19:40:30.868+0800: 482.889: [CMS-concurrent-preclean-start]
2024-03-31T19:40:30.869+0800: 482.891: [CMS-concurrent-preclean: 0.001/0.001 secs] [Times: user=0.01 sys=0.00, real=0.00 secs] 
2024-03-31T19:40:30.870+0800: 482.891: [CMS-concurrent-abortable-preclean-start]
2024-03-31T19:40:30.870+0800: 482.891: [CMS-concurrent-abortable-preclean: 0.000/0.000 secs] [Times: user=0.00 sys=0.00, real=0.00 secs] 
2024-03-31T19:40:30.871+0800: 482.892: [GC (CMS Final Remark) [YG occupancy: 115335 K (117952 K)]2024-03-31T19:40:30.871+0800: 482.892: [Rescan (non-parallel) 2024-03-31T19:40:30.871+0800: 482.893: [grey object rescan, 0.0001035 secs]2024-03-31T19:40:30.871+0800: 482.893: [root rescan, 0.0823844 secs]2024-03-31T19:40:30.954+0800: 482.975: [visit unhandled CLDs, 0.0001735 secs]2024-03-31T19:40:30.954+0800: 482.976: [dirty klass scan, 0.0015765 secs], 0.0848849 secs]2024-03-31T19:40:30.956+0800: 482.977: [weak refs processing, 0.0001247 secs]2024-03-31T19:40:30.956+0800: 482.978: [class unloading, 0.0108623 secs]2024-03-31T19:40:30.967+0800: 482.989: [scrub symbol table, 0.0101890 secs]2024-03-31T19:40:30.978+0800: 482.999: [scrub string table, 0.0005086 secs][1 CMS-remark: 63K(64K)] 115398K(118016K), 0.1100511 secs] [Times: user=0.11 sys=0.00, real=0.11 secs] 
2024-03-31T19:40:30.982+0800: 483.004: [CMS-concurrent-sweep-start]
2024-03-31T19:40:30.983+0800: 483.004: [CMS-concurrent-sweep: 0.000/0.000 secs] [Times: user=0.00 sys=0.00, real=0.00 secs] 
2024-03-31T19:40:30.984+0800: 483.006: [CMS-concurrent-reset-start]
2024-03-31T19:40:30.985+0800: 483.006: [CMS-concurrent-reset: 0.000/0.000 secs] [Times: user=0.00 sys=0.00, real=0.00 secs] 
2024-03-31T19:40:32.991+0800: 485.013: [GC (CMS Initial Mark) [1 CMS-initial-mark: 63K(64K)] 115568K(118016K), 0.1190011 secs] [Times: user=0.12 sys=0.00, real=0.12 secs] 
2024-03-31T19:40:33.111+0800: 485.133: [CMS-concurrent-mark-start]
2024-03-31T19:40:33.112+0800: 485.133: [CMS-concurrent-mark: 0.000/0.000 secs] [Times: user=0.00 sys=0.00, real=0.00 secs] 
2024-03-31T19:40:33.113+0800: 485.134: [CMS-concurrent-preclean-start]
2024-03-31T19:40:33.114+0800: 485.136: [CMS-concurrent-preclean: 0.001/0.001 secs] [Times: user=0.00 sys=0.00, real=0.00 secs] 
2024-03-31T19:40:33.115+0800: 485.136: [CMS-concurrent-abortable-preclean-start]
2024-03-31T19:40:33.115+0800: 485.136: [CMS-concurrent-abortable-preclean: 0.000/0.000 secs] [Times: user=0.00 sys=0.00, real=0.00 secs] 
2024-03-31T19:40:33.115+0800: 485.137: [GC (CMS Final Remark) [YG occupancy: 115511 K (117952 K)]2024-03-31T19:40:33.115+0800: 485.137: [Rescan (non-parallel) 2024-03-31T19:40:33.115+0800: 485.137: [grey object rescan, 0.0001043 secs]2024-03-31T19:40:33.116+0800: 485.137: [root rescan, 0.0776663 secs]2024-03-31T19:40:33.194+0800: 485.215: [visit unhandled CLDs, 0.0001615 secs]2024-03-31T19:40:33.194+0800: 485.215: [dirty klass scan, 0.0014167 secs], 0.0799498 secs]2024-03-31T19:40:33.195+0800: 485.217: [weak refs processing, 0.0001408 secs]2024-03-31T19:40:33.196+0800: 485.217: [class unloading, 0.0102460 secs]2024-03-31T19:40:33.206+0800: 485.228: [scrub symbol table, 0.0105511 secs]2024-03-31T19:40:33.217+0800: 485.238: [scrub string table, 0.0005361 secs][1 CMS-remark: 63K(64K)] 115575K(118016K), 0.1046044 secs] [Times: user=0.11 sys=0.00, real=0.11 secs] 
2024-03-31T19:40:33.221+0800: 485.242: [CMS-concurrent-sweep-start]
2024-03-31T19:40:33.222+0800: 485.243: [CMS-concurrent-sweep: 0.000/0.000 secs] [Times: user=0.00 sys=0.00, real=0.00 secs] 
2024-03-31T19:40:33.223+0800: 485.245: [CMS-concurrent-reset-start]
2024-03-31T19:40:33.225+0800: 485.247: [CMS-concurrent-reset: 0.000/0.000 secs] [Times: user=0.00 sys=0.00, real=0.00 secs] 
2024-03-31T19:40:35.233+0800: 487.254: [GC (CMS Initial Mark) [1 CMS-initial-mark: 63K(64K)] 115820K(118016K), 0.1229008 secs] [Times: user=0.12 sys=0.00, real=0.12 secs] 
2024-03-31T19:40:35.356+0800: 487.378: [CMS-concurrent-mark-start]
2024-03-31T19:40:35.357+0800: 487.379: [CMS-concurrent-mark: 0.000/0.000 secs] [Times: user=0.01 sys=0.00, real=0.00 secs] 
2024-03-31T19:40:35.359+0800: 487.380: [CMS-concurrent-preclean-start]
2024-03-31T19:40:35.361+0800: 487.382: [CMS-concurrent-preclean: 0.001/0.001 secs] [Times: user=0.00 sys=0.00, real=0.00 secs] 
2024-03-31T19:40:35.362+0800: 487.384: [CMS-concurrent-abortable-preclean-start]
2024-03-31T19:40:35.363+0800: 487.385: [CMS-concurrent-abortable-preclean: 0.000/0.000 secs] [Times: user=0.00 sys=0.00, real=0.00 secs] 
2024-03-31T19:40:35.365+0800: 487.386: [GC (CMS Final Remark) [YG occupancy: 115757 K (117952 K)]2024-03-31T19:40:35.365+0800: 487.387: [Rescan (non-parallel) 2024-03-31T19:40:35.365+0800: 487.387: [grey object rescan, 0.0001188 secs]2024-03-31T19:40:35.366+0800: 487.387: [root rescan, 0.0798627 secs]2024-03-31T19:40:35.446+0800: 487.467: [visit unhandled CLDs, 0.0001846 secs]2024-03-31T19:40:35.446+0800: 487.467: [dirty klass scan, 0.0014475 secs], 0.0822873 secs]2024-03-31T19:40:35.448+0800: 487.469: [weak refs processing, 0.0001398 secs]2024-03-31T19:40:35.448+0800: 487.469: [class unloading, 0.0105249 secs]2024-03-31T19:40:35.459+0800: 487.480: [scrub symbol table, 0.0097315 secs]2024-03-31T19:40:35.469+0800: 487.490: [scrub string table, 0.0004858 secs][1 CMS-remark: 63K(64K)] 115821K(118016K), 0.1062324 secs] [Times: user=0.11 sys=0.00, real=0.11 secs] 
2024-03-31T19:40:35.472+0800: 487.494: [CMS-concurrent-sweep-start]
2024-03-31T19:40:35.473+0800: 487.494: [CMS-concurrent-sweep: 0.000/0.000 secs] [Times: user=0.00 sys=0.00, real=0.00 secs] 
2024-03-31T19:40:35.474+0800: 487.496: [CMS-concurrent-reset-start]
2024-03-31T19:40:35.475+0800: 487.496: [CMS-concurrent-reset: 0.000/0.000 secs] [Times: user=0.00 sys=0.00, real=0.00 secs] 
2024-03-31T19:40:37.484+0800: 489.506: [GC (CMS Initial Mark) [1 CMS-initial-mark: 63K(64K)] 116061K(118016K), 0.1212366 secs] [Times: user=0.12 sys=0.00, real=0.12 secs] 
2024-03-31T19:40:37.606+0800: 489.628: [CMS-concurrent-mark-start]
2024-03-31T19:40:37.607+0800: 489.629: [CMS-concurrent-mark: 0.000/0.000 secs] [Times: user=0.00 sys=0.00, real=0.00 secs] 
2024-03-31T19:40:37.608+0800: 489.629: [CMS-concurrent-preclean-start]
2024-03-31T19:40:37.610+0800: 489.631: [CMS-concurrent-preclean: 0.001/0.001 secs] [Times: user=0.00 sys=0.00, real=0.00 secs] 
2024-03-31T19:40:37.611+0800: 489.632: [CMS-concurrent-abortable-preclean-start]
2024-03-31T19:40:37.611+0800: 489.632: [CMS-concurrent-abortable-preclean: 0.000/0.000 secs] [Times: user=0.00 sys=0.00, real=0.00 secs] 
2024-03-31T19:40:37.611+0800: 489.633: [GC (CMS Final Remark) [YG occupancy: 116000 K (117952 K)]2024-03-31T19:40:37.612+0800: 489.633: [Rescan (non-parallel) 2024-03-31T19:40:37.612+0800: 489.633: [grey object rescan, 0.0001171 secs]2024-03-31T19:40:37.612+0800: 489.633: [root rescan, 0.0828575 secs]2024-03-31T19:40:37.695+0800: 489.717: [visit unhandled CLDs, 0.0001715 secs]2024-03-31T19:40:37.695+0800: 489.717: [dirty klass scan, 0.0015582 secs], 0.0854272 secs]2024-03-31T19:40:37.697+0800: 489.719: [weak refs processing, 0.0002021 secs]2024-03-31T19:40:37.697+0800: 489.719: [class unloading, 0.0147071 secs]2024-03-31T19:40:37.712+0800: 489.734: [scrub symbol table, 0.0126795 secs]2024-03-31T19:40:37.725+0800: 489.747: [scrub string table, 0.0006064 secs][1 CMS-remark: 63K(64K)] 116064K(118016K), 0.1172590 secs] [Times: user=0.12 sys=0.00, real=0.12 secs] 
2024-03-31T19:40:37.730+0800: 489.751: [CMS-concurrent-sweep-start]
2024-03-31T19:40:37.730+0800: 489.752: [CMS-concurrent-sweep: 0.000/0.000 secs] [Times: user=0.00 sys=0.00, real=0.00 secs] 
2024-03-31T19:40:37.732+0800: 489.754: [CMS-concurrent-reset-start]
2024-03-31T19:40:37.733+0800: 489.755: [CMS-concurrent-reset: 0.000/0.000 secs] [Times: user=0.00 sys=0.00, real=0.00 secs] 
2024-03-31T19:40:39.741+0800: 491.763: [GC (CMS Initial Mark) [1 CMS-initial-mark: 63K(64K)] 116299K(118016K), 0.1134604 secs] [Times: user=0.11 sys=0.00, real=0.11 secs] 
2024-03-31T19:40:39.856+0800: 491.877: [CMS-concurrent-mark-start]
2024-03-31T19:40:39.856+0800: 491.878: [CMS-concurrent-mark: 0.000/0.000 secs] [Times: user=0.00 sys=0.00, real=0.01 secs] 
2024-03-31T19:40:39.857+0800: 491.878: [CMS-concurrent-preclean-start]
2024-03-31T19:40:39.859+0800: 491.880: [CMS-concurrent-preclean: 0.001/0.001 secs] [Times: user=0.01 sys=0.00, real=0.00 secs] 
2024-03-31T19:40:39.859+0800: 491.880: [CMS-concurrent-abortable-preclean-start]
2024-03-31T19:40:39.859+0800: 491.881: [CMS-concurrent-abortable-preclean: 0.000/0.000 secs] [Times: user=0.00 sys=0.00, real=0.00 secs] 
2024-03-31T19:40:39.860+0800: 491.882: [GC (CMS Final Remark) [YG occupancy: 116237 K (117952 K)]2024-03-31T19:40:39.860+0800: 491.882: [Rescan (non-parallel) 2024-03-31T19:40:39.860+0800: 491.882: [grey object rescan, 0.0001300 secs]2024-03-31T19:40:39.861+0800: 491.882: [root rescan, 0.0818491 secs]2024-03-31T19:40:39.943+0800: 491.964: [visit unhandled CLDs, 0.0001742 secs]2024-03-31T19:40:39.943+0800: 491.964: [dirty klass scan, 0.0014452 secs], 0.0842800 secs]2024-03-31T19:40:39.945+0800: 491.966: [weak refs processing, 0.0001788 secs]2024-03-31T19:40:39.945+0800: 491.966: [class unloading, 0.0108969 secs]2024-03-31T19:40:39.956+0800: 491.978: [scrub symbol table, 0.0145797 secs]2024-03-31T19:40:39.971+0800: 491.992: [scrub string table, 0.0006264 secs][1 CMS-remark: 63K(64K)] 116300K(118016K), 0.1139857 secs] [Times: user=0.11 sys=0.00, real=0.11 secs] 
2024-03-31T19:40:39.975+0800: 491.997: [CMS-concurrent-sweep-start]
2024-03-31T19:40:39.976+0800: 491.997: [CMS-concurrent-sweep: 0.000/0.000 secs] [Times: user=0.00 sys=0.00, real=0.00 secs] 
2024-03-31T19:40:39.977+0800: 491.999: [CMS-concurrent-reset-start]
2024-03-31T19:40:39.978+0800: 491.999: [CMS-concurrent-reset: 0.000/0.000 secs] [Times: user=0.00 sys=0.00, real=0.00 secs] 
2024-03-31T19:40:41.983+0800: 494.004: [GC (CMS Initial Mark) [1 CMS-initial-mark: 63K(64K)] 116435K(118016K), 0.1098225 secs] [Times: user=0.11 sys=0.00, real=0.11 secs] 
2024-03-31T19:40:42.094+0800: 494.115: [CMS-concurrent-mark-start]
2024-03-31T19:40:42.095+0800: 494.116: [CMS-concurrent-mark: 0.000/0.000 secs] [Times: user=0.00 sys=0.00, real=0.00 secs] 
2024-03-31T19:40:42.096+0800: 494.117: [CMS-concurrent-preclean-start]
2024-03-31T19:40:42.097+0800: 494.119: [CMS-concurrent-preclean: 0.001/0.001 secs] [Times: user=0.00 sys=0.00, real=0.01 secs] 
2024-03-31T19:40:42.098+0800: 494.120: [CMS-concurrent-abortable-preclean-start]
2024-03-31T19:40:42.098+0800: 494.120: [CMS-concurrent-abortable-preclean: 0.000/0.000 secs] [Times: user=0.00 sys=0.00, real=0.00 secs] 
2024-03-31T19:40:42.099+0800: 494.121: [GC (CMS Final Remark) [YG occupancy: 116373 K (117952 K)]2024-03-31T19:40:42.100+0800: 494.121: [Rescan (non-parallel) 2024-03-31T19:40:42.100+0800: 494.121: [grey object rescan, 0.0001093 secs]2024-03-31T19:40:42.100+0800: 494.121: [root rescan, 0.0793135 secs]2024-03-31T19:40:42.180+0800: 494.201: [visit unhandled CLDs, 0.0001638 secs]2024-03-31T19:40:42.180+0800: 494.201: [dirty klass scan, 0.0015158 secs], 0.0817882 secs]2024-03-31T19:40:42.181+0800: 494.203: [weak refs processing, 0.0001475 secs]2024-03-31T19:40:42.182+0800: 494.203: [class unloading, 0.0158513 secs]2024-03-31T19:40:42.198+0800: 494.219: [scrub symbol table, 0.0110449 secs]2024-03-31T19:40:42.209+0800: 494.230: [scrub string table, 0.0004995 secs][1 CMS-remark: 63K(64K)] 116437K(118016K), 0.1128017 secs] [Times: user=0.11 sys=0.00, real=0.11 secs] 
2024-03-31T19:40:42.213+0800: 494.234: [CMS-concurrent-sweep-start]
2024-03-31T19:40:42.214+0800: 494.235: [CMS-concurrent-sweep: 0.000/0.000 secs] [Times: user=0.00 sys=0.00, real=0.00 secs] 
2024-03-31T19:40:42.215+0800: 494.236: [CMS-concurrent-reset-start]
2024-03-31T19:40:42.215+0800: 494.237: [CMS-concurrent-reset: 0.000/0.000 secs] [Times: user=0.00 sys=0.00, real=0.00 secs] 
2024-03-31T19:40:44.244+0800: 496.265: [GC (CMS Initial Mark) [1 CMS-initial-mark: 63K(64K)] 116572K(118016K), 0.1069986 secs] [Times: user=0.11 sys=0.00, real=0.11 secs] 
2024-03-31T19:40:44.351+0800: 496.373: [CMS-concurrent-mark-start]
2024-03-31T19:40:44.352+0800: 496.373: [CMS-concurrent-mark: 0.000/0.000 secs] [Times: user=0.00 sys=0.00, real=0.00 secs] 
2024-03-31T19:40:44.353+0800: 496.374: [CMS-concurrent-preclean-start]
2024-03-31T19:40:44.357+0800: 496.379: [CMS-concurrent-preclean: 0.001/0.001 secs] [Times: user=0.01 sys=0.00, real=0.01 secs] 
2024-03-31T19:40:44.358+0800: 496.380: [CMS-concurrent-abortable-preclean-start]
2024-03-31T19:40:44.359+0800: 496.380: [CMS-concurrent-abortable-preclean: 0.000/0.000 secs] [Times: user=0.00 sys=0.00, real=0.00 secs] 
2024-03-31T19:40:44.360+0800: 496.382: [GC (CMS Final Remark) [YG occupancy: 116509 K (117952 K)]2024-03-31T19:40:44.360+0800: 496.382: [Rescan (non-parallel) 2024-03-31T19:40:44.361+0800: 496.382: [grey object rescan, 0.0001109 secs]2024-03-31T19:40:44.361+0800: 496.382: [root rescan, 0.0809433 secs]2024-03-31T19:40:44.442+0800: 496.463: [visit unhandled CLDs, 0.0001956 secs]2024-03-31T19:40:44.442+0800: 496.464: [dirty klass scan, 0.0014709 secs], 0.0834068 secs]2024-03-31T19:40:44.444+0800: 496.465: [weak refs processing, 0.0001753 secs]2024-03-31T19:40:44.444+0800: 496.466: [class unloading, 0.0104815 secs]2024-03-31T19:40:44.455+0800: 496.476: [scrub symbol table, 0.0097268 secs]2024-03-31T19:40:44.465+0800: 496.486: [scrub string table, 0.0005019 secs][1 CMS-remark: 63K(64K)] 116573K(118016K), 0.1074711 secs] [Times: user=0.11 sys=0.00, real=0.11 secs] 
2024-03-31T19:40:44.469+0800: 496.490: [CMS-concurrent-sweep-start]
2024-03-31T19:40:44.470+0800: 496.491: [CMS-concurrent-sweep: 0.000/0.000 secs] [Times: user=0.00 sys=0.00, real=0.00 secs] 
2024-03-31T19:40:44.473+0800: 496.494: [CMS-concurrent-reset-start]
2024-03-31T19:40:44.474+0800: 496.495: [CMS-concurrent-reset: 0.000/0.000 secs] [Times: user=0.00 sys=0.00, real=0.00 secs] 
2024-03-31T19:40:46.476+0800: 498.497: [GC (CMS Initial Mark) [1 CMS-initial-mark: 63K(64K)] 116763K(118016K), 0.0762733 secs] [Times: user=0.08 sys=0.00, real=0.07 secs] 
2024-03-31T19:40:46.553+0800: 498.575: [CMS-concurrent-mark-start]
2024-03-31T19:40:46.554+0800: 498.576: [CMS-concurrent-mark: 0.000/0.000 secs] [Times: user=0.00 sys=0.01, real=0.00 secs] 
2024-03-31T19:40:46.556+0800: 498.577: [CMS-concurrent-preclean-start]
2024-03-31T19:40:46.558+0800: 498.579: [CMS-concurrent-preclean: 0.001/0.001 secs] [Times: user=0.00 sys=0.00, real=0.01 secs] 
2024-03-31T19:40:46.559+0800: 498.581: [CMS-concurrent-abortable-preclean-start]
2024-03-31T19:40:46.560+0800: 498.582: [CMS-concurrent-abortable-preclean: 0.000/0.000 secs] [Times: user=0.00 sys=0.00, real=0.00 secs] 
2024-03-31T19:40:46.562+0800: 498.583: [GC (CMS Final Remark) [YG occupancy: 116701 K (117952 K)]2024-03-31T19:40:46.562+0800: 498.583: [Rescan (non-parallel) 2024-03-31T19:40:46.562+0800: 498.584: [grey object rescan, 0.0001046 secs]2024-03-31T19:40:46.562+0800: 498.584: [root rescan, 0.0784519 secs]2024-03-31T19:40:46.641+0800: 498.663: [visit unhandled CLDs, 0.0001713 secs]2024-03-31T19:40:46.641+0800: 498.663: [dirty klass scan, 0.0014538 secs], 0.0808487 secs]2024-03-31T19:40:46.643+0800: 498.664: [weak refs processing, 0.0001424 secs]2024-03-31T19:40:46.643+0800: 498.665: [class unloading, 0.0102662 secs]2024-03-31T19:40:46.654+0800: 498.675: [scrub symbol table, 0.0099262 secs]2024-03-31T19:40:46.664+0800: 498.685: [scrub string table, 0.0004928 secs][1 CMS-remark: 63K(64K)] 116765K(118016K), 0.1048150 secs] [Times: user=0.10 sys=0.00, real=0.11 secs] 
2024-03-31T19:40:46.667+0800: 498.689: [CMS-concurrent-sweep-start]
2024-03-31T19:40:46.668+0800: 498.690: [CMS-concurrent-sweep: 0.000/0.000 secs] [Times: user=0.00 sys=0.00, real=0.00 secs] 
2024-03-31T19:40:46.669+0800: 498.691: [CMS-concurrent-reset-start]
2024-03-31T19:40:46.670+0800: 498.691: [CMS-concurrent-reset: 0.000/0.000 secs] [Times: user=0.00 sys=0.00, real=0.00 secs] 
2024-03-31T19:40:48.677+0800: 500.699: [GC (CMS Initial Mark) [1 CMS-initial-mark: 63K(64K)] 116887K(118016K), 0.1153802 secs] [Times: user=0.12 sys=0.00, real=0.11 secs] 
2024-03-31T19:40:48.794+0800: 500.815: [CMS-concurrent-mark-start]
2024-03-31T19:40:48.794+0800: 500.816: [CMS-concurrent-mark: 0.000/0.000 secs] [Times: user=0.00 sys=0.00, real=0.00 secs] 
2024-03-31T19:40:48.795+0800: 500.816: [CMS-concurrent-preclean-start]
2024-03-31T19:40:48.797+0800: 500.818: [CMS-concurrent-preclean: 0.001/0.001 secs] [Times: user=0.00 sys=0.00, real=0.01 secs] 
2024-03-31T19:40:48.797+0800: 500.819: [CMS-concurrent-abortable-preclean-start]
2024-03-31T19:40:48.798+0800: 500.819: [CMS-concurrent-abortable-preclean: 0.000/0.000 secs] [Times: user=0.00 sys=0.00, real=0.00 secs] 
2024-03-31T19:40:48.798+0800: 500.820: [GC (CMS Final Remark) [YG occupancy: 116824 K (117952 K)]2024-03-31T19:40:48.799+0800: 500.820: [Rescan (non-parallel) 2024-03-31T19:40:48.799+0800: 500.820: [grey object rescan, 0.0001383 secs]2024-03-31T19:40:48.799+0800: 500.821: [root rescan, 0.0811963 secs]2024-03-31T19:40:48.881+0800: 500.902: [visit unhandled CLDs, 0.0001734 secs]2024-03-31T19:40:48.881+0800: 500.902: [dirty klass scan, 0.0014080 secs], 0.0837005 secs]2024-03-31T19:40:48.882+0800: 500.904: [weak refs processing, 0.0001620 secs]2024-03-31T19:40:48.883+0800: 500.904: [class unloading, 0.0103968 secs]2024-03-31T19:40:48.893+0800: 500.915: [scrub symbol table, 0.0102545 secs]2024-03-31T19:40:48.904+0800: 500.925: [scrub string table, 0.0006024 secs][1 CMS-remark: 63K(64K)] 116888K(118016K), 0.1082884 secs] [Times: user=0.11 sys=0.00, real=0.11 secs] 
2024-03-31T19:40:48.908+0800: 500.929: [CMS-concurrent-sweep-start]
2024-03-31T19:40:48.909+0800: 500.930: [CMS-concurrent-sweep: 0.000/0.000 secs] [Times: user=0.00 sys=0.00, real=0.00 secs] 
2024-03-31T19:40:48.910+0800: 500.932: [CMS-concurrent-reset-start]
2024-03-31T19:40:48.911+0800: 500.932: [CMS-concurrent-reset: 0.000/0.000 secs] [Times: user=0.00 sys=0.00, real=0.00 secs] 
2024-03-31T19:40:50.918+0800: 502.940: [GC (CMS Initial Mark) [1 CMS-initial-mark: 63K(64K)] 117119K(118016K), 0.1304819 secs] [Times: user=0.13 sys=0.00, real=0.13 secs] 
2024-03-31T19:40:51.049+0800: 503.071: [CMS-concurrent-mark-start]
2024-03-31T19:40:51.050+0800: 503.072: [CMS-concurrent-mark: 0.000/0.000 secs] [Times: user=0.00 sys=0.00, real=0.00 secs] 
2024-03-31T19:40:51.051+0800: 503.072: [CMS-concurrent-preclean-start]
2024-03-31T19:40:51.053+0800: 503.074: [CMS-concurrent-preclean: 0.001/0.001 secs] [Times: user=0.00 sys=0.00, real=0.00 secs] 
2024-03-31T19:40:51.054+0800: 503.075: [CMS-concurrent-abortable-preclean-start]
2024-03-31T19:40:51.054+0800: 503.076: [CMS-concurrent-abortable-preclean: 0.000/0.000 secs] [Times: user=0.00 sys=0.00, real=0.00 secs] 
2024-03-31T19:40:51.056+0800: 503.077: [GC (CMS Final Remark) [YG occupancy: 117059 K (117952 K)]2024-03-31T19:40:51.056+0800: 503.077: [Rescan (non-parallel) 2024-03-31T19:40:51.056+0800: 503.077: [grey object rescan, 0.0000959 secs]2024-03-31T19:40:51.056+0800: 503.078: [root rescan, 0.0812819 secs]2024-03-31T19:40:51.138+0800: 503.159: [visit unhandled CLDs, 0.0001808 secs]2024-03-31T19:40:51.138+0800: 503.159: [dirty klass scan, 0.0015758 secs], 0.0838155 secs]2024-03-31T19:40:51.140+0800: 503.161: [weak refs processing, 0.0001495 secs]2024-03-31T19:40:51.140+0800: 503.161: [class unloading, 0.0106622 secs]2024-03-31T19:40:51.151+0800: 503.172: [scrub symbol table, 0.0110109 secs]2024-03-31T19:40:51.162+0800: 503.183: [scrub string table, 0.0005209 secs][1 CMS-remark: 63K(64K)] 117123K(118016K), 0.1093395 secs] [Times: user=0.10 sys=0.00, real=0.11 secs] 
2024-03-31T19:40:51.166+0800: 503.187: [CMS-concurrent-sweep-start]
2024-03-31T19:40:51.167+0800: 503.188: [CMS-concurrent-sweep: 0.000/0.000 secs] [Times: user=0.00 sys=0.00, real=0.01 secs] 
2024-03-31T19:40:51.169+0800: 503.190: [CMS-concurrent-reset-start]
2024-03-31T19:40:51.169+0800: 503.191: [CMS-concurrent-reset: 0.000/0.000 secs] [Times: user=0.00 sys=0.00, real=0.00 secs] 
2024-03-31T19:40:53.179+0800: 505.201: [GC (CMS Initial Mark) [1 CMS-initial-mark: 63K(64K)] 117299K(118016K), 0.1185725 secs] [Times: user=0.12 sys=0.00, real=0.12 secs] 
2024-03-31T19:40:53.298+0800: 505.320: [CMS-concurrent-mark-start]
2024-03-31T19:40:53.299+0800: 505.321: [CMS-concurrent-mark: 0.000/0.000 secs] [Times: user=0.00 sys=0.00, real=0.00 secs] 
2024-03-31T19:40:53.300+0800: 505.321: [CMS-concurrent-preclean-start]
2024-03-31T19:40:53.302+0800: 505.323: [CMS-concurrent-preclean: 0.001/0.001 secs] [Times: user=0.00 sys=0.00, real=0.00 secs] 
2024-03-31T19:40:53.302+0800: 505.324: [CMS-concurrent-abortable-preclean-start]
2024-03-31T19:40:53.302+0800: 505.324: [CMS-concurrent-abortable-preclean: 0.000/0.000 secs] [Times: user=0.00 sys=0.00, real=0.00 secs] 
2024-03-31T19:40:53.303+0800: 505.324: [GC (CMS Final Remark) [YG occupancy: 117236 K (117952 K)]2024-03-31T19:40:53.303+0800: 505.325: [Rescan (non-parallel) 2024-03-31T19:40:53.303+0800: 505.325: [grey object rescan, 0.0001069 secs]2024-03-31T19:40:53.303+0800: 505.325: [root rescan, 0.0804533 secs]2024-03-31T19:40:53.384+0800: 505.406: [visit unhandled CLDs, 0.0002250 secs]2024-03-31T19:40:53.385+0800: 505.406: [dirty klass scan, 0.0016574 secs], 0.0832125 secs]2024-03-31T19:40:53.386+0800: 505.408: [weak refs processing, 0.0001665 secs]2024-03-31T19:40:53.387+0800: 505.408: [class unloading, 0.0105963 secs]2024-03-31T19:40:53.398+0800: 505.419: [scrub symbol table, 0.0115095 secs]2024-03-31T19:40:53.409+0800: 505.431: [scrub string table, 0.0005382 secs][1 CMS-remark: 63K(64K)] 117300K(118016K), 0.1092559 secs] [Times: user=0.11 sys=0.00, real=0.11 secs] 
2024-03-31T19:40:53.413+0800: 505.434: [CMS-concurrent-sweep-start]
2024-03-31T19:40:53.413+0800: 505.435: [CMS-concurrent-sweep: 0.000/0.000 secs] [Times: user=0.00 sys=0.00, real=0.00 secs] 
2024-03-31T19:40:53.414+0800: 505.436: [CMS-concurrent-reset-start]
2024-03-31T19:40:53.415+0800: 505.436: [CMS-concurrent-reset: 0.000/0.000 secs] [Times: user=0.00 sys=0.00, real=0.00 secs] 
2024-03-31T19:40:55.422+0800: 507.443: [GC (CMS Initial Mark) [1 CMS-initial-mark: 63K(64K)] 117446K(118016K), 0.1217012 secs] [Times: user=0.13 sys=0.00, real=0.12 secs] 
2024-03-31T19:40:55.544+0800: 507.566: [CMS-concurrent-mark-start]
2024-03-31T19:40:55.545+0800: 507.566: [CMS-concurrent-mark: 0.000/0.000 secs] [Times: user=0.00 sys=0.00, real=0.00 secs] 
2024-03-31T19:40:55.546+0800: 507.567: [CMS-concurrent-preclean-start]
2024-03-31T19:40:55.547+0800: 507.568: [CMS-concurrent-preclean: 0.001/0.001 secs] [Times: user=0.00 sys=0.00, real=0.01 secs] 
2024-03-31T19:40:55.547+0800: 507.569: [CMS-concurrent-abortable-preclean-start]
2024-03-31T19:40:55.547+0800: 507.569: [CMS-concurrent-abortable-preclean: 0.000/0.000 secs] [Times: user=0.00 sys=0.00, real=0.00 secs] 
2024-03-31T19:40:55.548+0800: 507.569: [GC (CMS Final Remark) [YG occupancy: 117383 K (117952 K)]2024-03-31T19:40:55.548+0800: 507.570: [Rescan (non-parallel) 2024-03-31T19:40:55.548+0800: 507.570: [grey object rescan, 0.0001165 secs]2024-03-31T19:40:55.548+0800: 507.570: [root rescan, 0.0801470 secs]2024-03-31T19:40:55.629+0800: 507.650: [visit unhandled CLDs, 0.0001968 secs]2024-03-31T19:40:55.629+0800: 507.651: [dirty klass scan, 0.0015487 secs], 0.0826733 secs]2024-03-31T19:40:55.631+0800: 507.652: [weak refs processing, 0.0001846 secs]2024-03-31T19:40:55.631+0800: 507.653: [class unloading, 0.0107700 secs]2024-03-31T19:40:55.642+0800: 507.664: [scrub symbol table, 0.0102190 secs]2024-03-31T19:40:55.653+0800: 507.674: [scrub string table, 0.0005438 secs][1 CMS-remark: 63K(64K)] 117447K(118016K), 0.1078787 secs] [Times: user=0.11 sys=0.00, real=0.11 secs] 
2024-03-31T19:40:55.657+0800: 507.678: [CMS-concurrent-sweep-start]
2024-03-31T19:40:55.657+0800: 507.679: [CMS-concurrent-sweep: 0.000/0.000 secs] [Times: user=0.00 sys=0.00, real=0.00 secs] 
2024-03-31T19:40:55.660+0800: 507.682: [CMS-concurrent-reset-start]
2024-03-31T19:40:55.661+0800: 507.683: [CMS-concurrent-reset: 0.000/0.000 secs] [Times: user=0.00 sys=0.00, real=0.00 secs] 
2024-03-31T19:40:57.676+0800: 509.697: [GC (CMS Initial Mark) [1 CMS-initial-mark: 63K(64K)] 117630K(118016K), 0.1112831 secs] [Times: user=0.11 sys=0.00, real=0.12 secs] 
2024-03-31T19:40:57.789+0800: 509.810: [CMS-concurrent-mark-start]
2024-03-31T19:40:57.790+0800: 509.811: [CMS-concurrent-mark: 0.000/0.000 secs] [Times: user=0.00 sys=0.00, real=0.00 secs] 
2024-03-31T19:40:57.792+0800: 509.813: [CMS-concurrent-preclean-start]
2024-03-31T19:40:57.794+0800: 509.815: [CMS-concurrent-preclean: 0.001/0.001 secs] [Times: user=0.01 sys=0.00, real=0.00 secs] 
2024-03-31T19:40:57.795+0800: 509.817: [CMS-concurrent-abortable-preclean-start]
2024-03-31T19:40:57.797+0800: 509.818: [CMS-concurrent-abortable-preclean: 0.000/0.000 secs] [Times: user=0.00 sys=0.00, real=0.01 secs] 
2024-03-31T19:40:57.799+0800: 509.820: [GC (CMS Final Remark) [YG occupancy: 117570 K (117952 K)]2024-03-31T19:40:57.799+0800: 509.821: [Rescan (non-parallel) 2024-03-31T19:40:57.799+0800: 509.821: [grey object rescan, 0.0001127 secs]2024-03-31T19:40:57.799+0800: 509.821: [root rescan, 0.0794715 secs]2024-03-31T19:40:57.879+0800: 509.901: [visit unhandled CLDs, 0.0001791 secs]2024-03-31T19:40:57.879+0800: 509.901: [dirty klass scan, 0.0015174 secs], 0.0819417 secs]2024-03-31T19:40:57.881+0800: 509.903: [weak refs processing, 0.0001301 secs]2024-03-31T19:40:57.881+0800: 509.903: [class unloading, 0.0102498 secs]2024-03-31T19:40:57.892+0800: 509.913: [scrub symbol table, 0.0098018 secs]2024-03-31T19:40:57.902+0800: 509.923: [scrub string table, 0.0005076 secs][1 CMS-remark: 63K(64K)] 117634K(118016K), 0.1060390 secs] [Times: user=0.10 sys=0.00, real=0.10 secs] 
2024-03-31T19:40:57.906+0800: 509.927: [CMS-concurrent-sweep-start]
2024-03-31T19:40:57.906+0800: 509.928: [CMS-concurrent-sweep: 0.000/0.000 secs] [Times: user=0.00 sys=0.00, real=0.01 secs] 
2024-03-31T19:40:57.908+0800: 509.929: [CMS-concurrent-reset-start]
2024-03-31T19:40:57.908+0800: 509.929: [CMS-concurrent-reset: 0.000/0.000 secs] [Times: user=0.00 sys=0.00, real=0.00 secs] 
2024-03-31T19:40:59.911+0800: 511.932: [GC (CMS Initial Mark) [1 CMS-initial-mark: 63K(64K)] 117699K(118016K), 0.0878960 secs] [Times: user=0.09 sys=0.00, real=0.09 secs] 
2024-03-31T19:41:00.000+0800: 512.021: [CMS-concurrent-mark-start]
2024-03-31T19:41:00.000+0800: 512.021: [CMS-concurrent-mark: 0.000/0.000 secs] [Times: user=0.00 sys=0.00, real=0.00 secs] 
2024-03-31T19:41:00.001+0800: 512.022: [CMS-concurrent-preclean-start]
2024-03-31T19:41:00.003+0800: 512.024: [CMS-concurrent-preclean: 0.001/0.001 secs] [Times: user=0.01 sys=0.00, real=0.00 secs] 
2024-03-31T19:41:00.004+0800: 512.025: [CMS-concurrent-abortable-preclean-start]
2024-03-31T19:41:00.004+0800: 512.025: [CMS-concurrent-abortable-preclean: 0.000/0.000 secs] [Times: user=0.00 sys=0.00, real=0.00 secs] 
2024-03-31T19:41:00.005+0800: 512.026: [GC (CMS Final Remark) [YG occupancy: 117637 K (117952 K)]2024-03-31T19:41:00.005+0800: 512.026: [Rescan (non-parallel) 2024-03-31T19:41:00.006+0800: 512.026: [grey object rescan, 0.0001007 secs]2024-03-31T19:41:00.006+0800: 512.027: [root rescan, 0.0799397 secs]2024-03-31T19:41:00.086+0800: 512.107: [visit unhandled CLDs, 0.0001331 secs]2024-03-31T19:41:00.086+0800: 512.107: [dirty klass scan, 0.0015097 secs], 0.0822866 secs]2024-03-31T19:41:00.088+0800: 512.109: [weak refs processing, 0.0001468 secs]2024-03-31T19:41:00.088+0800: 512.109: [class unloading, 0.0109918 secs]2024-03-31T19:41:00.099+0800: 512.120: [scrub symbol table, 0.0101289 secs]2024-03-31T19:41:00.110+0800: 512.130: [scrub string table, 0.0005111 secs][1 CMS-remark: 63K(64K)] 117701K(118016K), 0.1072551 secs] [Times: user=0.11 sys=0.00, real=0.11 secs] 
2024-03-31T19:41:00.114+0800: 512.135: [CMS-concurrent-sweep-start]
2024-03-31T19:41:00.115+0800: 512.136: [CMS-concurrent-sweep: 0.000/0.000 secs] [Times: user=0.00 sys=0.01, real=0.00 secs] 
2024-03-31T19:41:00.117+0800: 512.137: [CMS-concurrent-reset-start]
2024-03-31T19:41:00.117+0800: 512.138: [CMS-concurrent-reset: 0.000/0.000 secs] [Times: user=0.00 sys=0.00, real=0.01 secs] 
2024-03-31T19:41:02.125+0800: 514.146: [GC (CMS Initial Mark) [1 CMS-initial-mark: 63K(64K)] 117892K(118016K), 0.1190103 secs] [Times: user=0.12 sys=0.00, real=0.12 secs] 
2024-03-31T19:41:02.245+0800: 514.266: [CMS-concurrent-mark-start]
2024-03-31T19:41:02.246+0800: 514.267: [CMS-concurrent-mark: 0.000/0.000 secs] [Times: user=0.00 sys=0.00, real=0.00 secs] 
2024-03-31T19:41:02.247+0800: 514.268: [CMS-concurrent-preclean-start]
2024-03-31T19:41:02.249+0800: 514.270: [CMS-concurrent-preclean: 0.001/0.001 secs] [Times: user=0.01 sys=0.00, real=0.01 secs] 
2024-03-31T19:41:02.249+0800: 514.270: [CMS-concurrent-abortable-preclean-start]
2024-03-31T19:41:02.250+0800: 514.271: [CMS-concurrent-abortable-preclean: 0.000/0.000 secs] [Times: user=0.00 sys=0.00, real=0.00 secs] 
2024-03-31T19:41:02.251+0800: 514.272: [GC (CMS Final Remark) [YG occupancy: 117830 K (117952 K)]2024-03-31T19:41:02.251+0800: 514.272: [Rescan (non-parallel) 2024-03-31T19:41:02.251+0800: 514.272: [grey object rescan, 0.0000965 secs]2024-03-31T19:41:02.251+0800: 514.272: [root rescan, 0.0812918 secs]2024-03-31T19:41:02.333+0800: 514.354: [visit unhandled CLDs, 0.0001613 secs]2024-03-31T19:41:02.333+0800: 514.354: [dirty klass scan, 0.0014549 secs], 0.0836604 secs]2024-03-31T19:41:02.335+0800: 514.355: [weak refs processing, 0.0001503 secs]2024-03-31T19:41:02.335+0800: 514.356: [class unloading, 0.0108455 secs]2024-03-31T19:41:02.346+0800: 514.367: [scrub symbol table, 0.0098106 secs]2024-03-31T19:41:02.356+0800: 514.377: [scrub string table, 0.0005081 secs][1 CMS-remark: 63K(64K)] 117894K(118016K), 0.1080463 secs] [Times: user=0.10 sys=0.00, real=0.11 secs] 
2024-03-31T19:41:02.359+0800: 514.380: [CMS-concurrent-sweep-start]
2024-03-31T19:41:02.360+0800: 514.381: [CMS-concurrent-sweep: 0.000/0.000 secs] [Times: user=0.01 sys=0.00, real=0.00 secs] 
2024-03-31T19:41:02.362+0800: 514.382: [CMS-concurrent-reset-start]
2024-03-31T19:41:02.362+0800: 514.383: [CMS-concurrent-reset: 0.000/0.000 secs] [Times: user=0.00 sys=0.00, real=0.00 secs] 
2024-03-31T19:41:03.422+0800: 515.443: [GC (Allocation Failure) 2024-03-31T19:41:03.423+0800: 515.444: [DefNew: 117951K->117951K(117952K), 0.0005480 secs]2024-03-31T19:41:03.424+0800: 515.445: [CMS: 63K->63K(64K), 0.1825549 secs] 118015K->79886K(118016K), [Metaspace: 78120K->78120K(1122304K)], 0.1853323 secs] [Times: user=0.17 sys=0.01, real=0.19 secs] 
2024-03-31T19:41:03.610+0800: 515.631: [GC (CMS Initial Mark) [1 CMS-initial-mark: 63K(64K)] 79920K(118016K), 0.0586363 secs] [Times: user=0.06 sys=0.00, real=0.06 secs] 
2024-03-31T19:41:03.670+0800: 515.690: [CMS-concurrent-mark-start]
2024-03-31T19:41:03.670+0800: 515.691: [CMS-concurrent-mark: 0.000/0.000 secs] [Times: user=0.00 sys=0.01, real=0.00 secs] 
2024-03-31T19:41:03.672+0800: 515.693: [CMS-concurrent-preclean-start]
2024-03-31T19:41:03.674+0800: 515.695: [CMS-concurrent-preclean: 0.002/0.002 secs] [Times: user=0.00 sys=0.00, real=0.00 secs] 
2024-03-31T19:41:03.675+0800: 515.696: [CMS-concurrent-abortable-preclean-start]
2024-03-31T19:41:03.677+0800: 515.698: [CMS-concurrent-abortable-preclean: 0.000/0.000 secs] [Times: user=0.00 sys=0.00, real=0.01 secs] 
2024-03-31T19:41:03.684+0800: 515.705: [GC (CMS Final Remark) [YG occupancy: 79936 K (117952 K)]2024-03-31T19:41:03.684+0800: 515.705: [Rescan (non-parallel) 2024-03-31T19:41:03.684+0800: 515.705: [grey object rescan, 0.0001237 secs]2024-03-31T19:41:03.685+0800: 515.706: [root rescan, 0.0808682 secs]2024-03-31T19:41:03.766+0800: 515.787: [visit unhandled CLDs, 0.0005302 secs]2024-03-31T19:41:03.767+0800: 515.788: [dirty klass scan, 0.0020035 secs], 0.0848765 secs]2024-03-31T19:41:03.769+0800: 515.790: [weak refs processing, 0.0002255 secs]2024-03-31T19:41:03.770+0800: 515.791: [class unloading, 0.0133320 secs]2024-03-31T19:41:03.783+0800: 515.804: [scrub symbol table, 0.0141662 secs]2024-03-31T19:41:03.798+0800: 515.819: [scrub string table, 0.0005950 secs][1 CMS-remark: 63K(64K)] 79999K(118016K), 0.1170319 secs] [Times: user=0.11 sys=0.00, real=0.12 secs] 
2024-03-31T19:41:03.803+0800: 515.824: [CMS-concurrent-sweep-start]
2024-03-31T19:41:03.805+0800: 515.826: [CMS-concurrent-sweep: 0.000/0.000 secs] [Times: user=0.01 sys=0.00, real=0.00 secs] 
2024-03-31T19:41:03.821+0800: 515.842: [CMS-concurrent-reset-start]
2024-03-31T19:41:03.824+0800: 515.845: [CMS-concurrent-reset: 0.000/0.000 secs] [Times: user=0.01 sys=0.00, real=0.01 secs] 
2024-03-31T19:41:05.825+0800: 517.846: [GC (CMS Initial Mark) [1 CMS-initial-mark: 63K(64K)] 80708K(118016K), 0.0754155 secs] [Times: user=0.07 sys=0.00, real=0.08 secs] 
2024-03-31T19:41:05.901+0800: 517.922: [CMS-concurrent-mark-start]
2024-03-31T19:41:05.902+0800: 517.923: [CMS-concurrent-mark: 0.000/0.000 secs] [Times: user=0.01 sys=0.00, real=0.00 secs] 
2024-03-31T19:41:05.904+0800: 517.925: [CMS-concurrent-preclean-start]
2024-03-31T19:41:05.907+0800: 517.928: [CMS-concurrent-preclean: 0.001/0.001 secs] [Times: user=0.00 sys=0.00, real=0.01 secs] 
2024-03-31T19:41:05.908+0800: 517.929: [CMS-concurrent-abortable-preclean-start]
2024-03-31T19:41:05.910+0800: 517.931: [CMS-concurrent-abortable-preclean: 0.000/0.000 secs] [Times: user=0.00 sys=0.00, real=0.00 secs] 
2024-03-31T19:41:05.915+0800: 517.936: [GC (CMS Final Remark) [YG occupancy: 80644 K (117952 K)]2024-03-31T19:41:05.915+0800: 517.936: [Rescan (non-parallel) 2024-03-31T19:41:05.916+0800: 517.936: [grey object rescan, 0.0001758 secs]2024-03-31T19:41:05.916+0800: 517.937: [root rescan, 0.0610156 secs]2024-03-31T19:41:05.977+0800: 517.998: [visit unhandled CLDs, 0.0001653 secs]2024-03-31T19:41:05.977+0800: 517.998: [dirty klass scan, 0.0015533 secs], 0.0636646 secs]2024-03-31T19:41:05.979+0800: 518.000: [weak refs processing, 0.0001808 secs]2024-03-31T19:41:05.979+0800: 518.000: [class unloading, 0.0111869 secs]2024-03-31T19:41:05.991+0800: 518.012: [scrub symbol table, 0.0134949 secs]2024-03-31T19:41:06.004+0800: 518.025: [scrub string table, 0.0006230 secs][1 CMS-remark: 63K(64K)] 80708K(118016K), 0.0924230 secs] [Times: user=0.09 sys=0.00, real=0.10 secs] 
2024-03-31T19:41:06.009+0800: 518.030: [CMS-concurrent-sweep-start]
2024-03-31T19:41:06.009+0800: 518.030: [CMS-concurrent-sweep: 0.000/0.000 secs] [Times: user=0.00 sys=0.00, real=0.00 secs] 
2024-03-31T19:41:06.011+0800: 518.032: [CMS-concurrent-reset-start]
2024-03-31T19:41:06.012+0800: 518.032: [CMS-concurrent-reset: 0.000/0.000 secs] [Times: user=0.00 sys=0.00, real=0.00 secs] 
2024-03-31T19:41:08.020+0800: 520.041: [GC (CMS Initial Mark) [1 CMS-initial-mark: 63K(64K)] 81053K(118016K), 0.0978971 secs] [Times: user=0.10 sys=0.00, real=0.10 secs] 
2024-03-31T19:41:08.119+0800: 520.140: [CMS-concurrent-mark-start]
2024-03-31T19:41:08.119+0800: 520.140: [CMS-concurrent-mark: 0.000/0.000 secs] [Times: user=0.00 sys=0.00, real=0.00 secs] 
2024-03-31T19:41:08.120+0800: 520.141: [CMS-concurrent-preclean-start]
2024-03-31T19:41:08.121+0800: 520.142: [CMS-concurrent-preclean: 0.001/0.001 secs] [Times: user=0.00 sys=0.00, real=0.00 secs] 
2024-03-31T19:41:08.122+0800: 520.142: [CMS-concurrent-abortable-preclean-start]
2024-03-31T19:41:08.122+0800: 520.143: [CMS-concurrent-abortable-preclean: 0.000/0.000 secs] [Times: user=0.00 sys=0.00, real=0.00 secs] 
2024-03-31T19:41:08.122+0800: 520.143: [GC (CMS Final Remark) [YG occupancy: 80989 K (117952 K)]2024-03-31T19:41:08.122+0800: 520.143: [Rescan (non-parallel) 2024-03-31T19:41:08.122+0800: 520.143: [grey object rescan, 0.0000773 secs]2024-03-31T19:41:08.123+0800: 520.143: [root rescan, 0.0574097 secs]2024-03-31T19:41:08.180+0800: 520.201: [visit unhandled CLDs, 0.0002389 secs]2024-03-31T19:41:08.181+0800: 520.201: [dirty klass scan, 0.0013943 secs], 0.0596728 secs]2024-03-31T19:41:08.182+0800: 520.203: [weak refs processing, 0.0001281 secs]2024-03-31T19:41:08.182+0800: 520.203: [class unloading, 0.0106596 secs]2024-03-31T19:41:08.193+0800: 520.214: [scrub symbol table, 0.0097195 secs]2024-03-31T19:41:08.203+0800: 520.224: [scrub string table, 0.0004606 secs][1 CMS-remark: 63K(64K)] 81053K(118016K), 0.0835357 secs] [Times: user=0.08 sys=0.00, real=0.08 secs] 
2024-03-31T19:41:08.206+0800: 520.227: [CMS-concurrent-sweep-start]
2024-03-31T19:41:08.206+0800: 520.227: [CMS-concurrent-sweep: 0.000/0.000 secs] [Times: user=0.00 sys=0.00, real=0.00 secs] 
2024-03-31T19:41:08.207+0800: 520.228: [CMS-concurrent-reset-start]
2024-03-31T19:41:08.207+0800: 520.228: [CMS-concurrent-reset: 0.000/0.000 secs] [Times: user=0.00 sys=0.00, real=0.00 secs] 
2024-03-31T19:41:10.209+0800: 522.230: [GC (CMS Initial Mark) [1 CMS-initial-mark: 63K(64K)] 81404K(118016K), 0.0621734 secs] [Times: user=0.07 sys=0.00, real=0.06 secs] 
2024-03-31T19:41:10.272+0800: 522.293: [CMS-concurrent-mark-start]
2024-03-31T19:41:10.273+0800: 522.294: [CMS-concurrent-mark: 0.000/0.000 secs] [Times: user=0.00 sys=0.00, real=0.00 secs] 
2024-03-31T19:41:10.274+0800: 522.294: [CMS-concurrent-preclean-start]
2024-03-31T19:41:10.275+0800: 522.296: [CMS-concurrent-preclean: 0.001/0.001 secs] [Times: user=0.00 sys=0.00, real=0.00 secs] 
2024-03-31T19:41:10.275+0800: 522.296: [CMS-concurrent-abortable-preclean-start]
2024-03-31T19:41:10.275+0800: 522.296: [CMS-concurrent-abortable-preclean: 0.000/0.000 secs] [Times: user=0.00 sys=0.00, real=0.00 secs] 
2024-03-31T19:41:10.276+0800: 522.297: [GC (CMS Final Remark) [YG occupancy: 81340 K (117952 K)]2024-03-31T19:41:10.276+0800: 522.297: [Rescan (non-parallel) 2024-03-31T19:41:10.276+0800: 522.297: [grey object rescan, 0.0000720 secs]2024-03-31T19:41:10.276+0800: 522.297: [root rescan, 0.0614888 secs]2024-03-31T19:41:10.338+0800: 522.359: [visit unhandled CLDs, 0.0001143 secs]2024-03-31T19:41:10.338+0800: 522.359: [dirty klass scan, 0.0012696 secs], 0.0634001 secs]2024-03-31T19:41:10.340+0800: 522.360: [weak refs processing, 0.0001008 secs]2024-03-31T19:41:10.340+0800: 522.361: [class unloading, 0.0112528 secs]2024-03-31T19:41:10.351+0800: 522.372: [scrub symbol table, 0.0135997 secs]2024-03-31T19:41:10.365+0800: 522.386: [scrub string table, 0.0005873 secs][1 CMS-remark: 63K(64K)] 81404K(118016K), 0.0921533 secs] [Times: user=0.09 sys=0.00, real=0.10 secs] 
2024-03-31T19:41:10.369+0800: 522.390: [CMS-concurrent-sweep-start]
2024-03-31T19:41:10.369+0800: 522.390: [CMS-concurrent-sweep: 0.000/0.000 secs] [Times: user=0.00 sys=0.00, real=0.00 secs] 
2024-03-31T19:41:10.370+0800: 522.391: [CMS-concurrent-reset-start]
2024-03-31T19:41:10.370+0800: 522.391: [CMS-concurrent-reset: 0.000/0.000 secs] [Times: user=0.00 sys=0.00, real=0.00 secs] 
2024-03-31T19:41:12.373+0800: 524.394: [GC (CMS Initial Mark) [1 CMS-initial-mark: 63K(64K)] 82427K(118016K), 0.0586785 secs] [Times: user=0.06 sys=0.00, real=0.06 secs] 
2024-03-31T19:41:12.433+0800: 524.453: [CMS-concurrent-mark-start]
2024-03-31T19:41:12.433+0800: 524.454: [CMS-concurrent-mark: 0.000/0.000 secs] [Times: user=0.00 sys=0.00, real=0.00 secs] 
2024-03-31T19:41:12.434+0800: 524.455: [CMS-concurrent-preclean-start]
2024-03-31T19:41:12.436+0800: 524.457: [CMS-concurrent-preclean: 0.001/0.001 secs] [Times: user=0.01 sys=0.00, real=0.00 secs] 
2024-03-31T19:41:12.437+0800: 524.458: [CMS-concurrent-abortable-preclean-start]
2024-03-31T19:41:12.437+0800: 524.458: [CMS-concurrent-abortable-preclean: 0.000/0.000 secs] [Times: user=0.00 sys=0.00, real=0.00 secs] 
2024-03-31T19:41:12.438+0800: 524.459: [GC (CMS Final Remark) [YG occupancy: 82364 K (117952 K)]2024-03-31T19:41:12.438+0800: 524.459: [Rescan (non-parallel) 2024-03-31T19:41:12.438+0800: 524.459: [grey object rescan, 0.0000552 secs]2024-03-31T19:41:12.438+0800: 524.459: [root rescan, 0.0600882 secs]2024-03-31T19:41:12.499+0800: 524.520: [visit unhandled CLDs, 0.0001564 secs]2024-03-31T19:41:12.499+0800: 524.520: [dirty klass scan, 0.0014362 secs], 0.0622403 secs]2024-03-31T19:41:12.500+0800: 524.521: [weak refs processing, 0.0001264 secs]2024-03-31T19:41:12.501+0800: 524.521: [class unloading, 0.0113728 secs]2024-03-31T19:41:12.512+0800: 524.533: [scrub symbol table, 0.0133630 secs]2024-03-31T19:41:12.526+0800: 524.547: [scrub string table, 0.0005829 secs][1 CMS-remark: 63K(64K)] 82427K(118016K), 0.0907365 secs] [Times: user=0.09 sys=0.00, real=0.09 secs] 
2024-03-31T19:41:12.529+0800: 524.550: [CMS-concurrent-sweep-start]
2024-03-31T19:41:12.530+0800: 524.551: [CMS-concurrent-sweep: 0.000/0.000 secs] [Times: user=0.00 sys=0.00, real=0.00 secs] 
2024-03-31T19:41:12.530+0800: 524.551: [CMS-concurrent-reset-start]
2024-03-31T19:41:12.531+0800: 524.551: [CMS-concurrent-reset: 0.000/0.000 secs] [Times: user=0.00 sys=0.00, real=0.00 secs] 
2024-03-31T19:41:14.534+0800: 526.555: [GC (CMS Initial Mark) [1 CMS-initial-mark: 63K(64K)] 84014K(118016K), 0.0611204 secs] [Times: user=0.06 sys=0.00, real=0.06 secs] 
2024-03-31T19:41:14.596+0800: 526.617: [CMS-concurrent-mark-start]
2024-03-31T19:41:14.597+0800: 526.618: [CMS-concurrent-mark: 0.000/0.000 secs] [Times: user=0.00 sys=0.00, real=0.01 secs] 
2024-03-31T19:41:14.598+0800: 526.619: [CMS-concurrent-preclean-start]
2024-03-31T19:41:14.599+0800: 526.620: [CMS-concurrent-preclean: 0.001/0.001 secs] [Times: user=0.00 sys=0.00, real=0.00 secs] 
2024-03-31T19:41:14.600+0800: 526.621: [CMS-concurrent-abortable-preclean-start]
2024-03-31T19:41:14.600+0800: 526.621: [CMS-concurrent-abortable-preclean: 0.000/0.000 secs] [Times: user=0.00 sys=0.00, real=0.00 secs] 
2024-03-31T19:41:14.601+0800: 526.622: [GC (CMS Final Remark) [YG occupancy: 83979 K (117952 K)]2024-03-31T19:41:14.601+0800: 526.622: [Rescan (non-parallel) 2024-03-31T19:41:14.601+0800: 526.622: [grey object rescan, 0.0001125 secs]2024-03-31T19:41:14.602+0800: 526.623: [root rescan, 0.0613841 secs]2024-03-31T19:41:14.663+0800: 526.684: [visit unhandled CLDs, 0.0002371 secs]2024-03-31T19:41:14.664+0800: 526.685: [dirty klass scan, 0.0014483 secs], 0.0640657 secs]2024-03-31T19:41:14.666+0800: 526.686: [weak refs processing, 0.0001680 secs]2024-03-31T19:41:14.666+0800: 526.687: [class unloading, 0.0117919 secs]2024-03-31T19:41:14.678+0800: 526.699: [scrub symbol table, 0.0132655 secs]2024-03-31T19:41:14.691+0800: 526.712: [scrub string table, 0.0005405 secs][1 CMS-remark: 63K(64K)] 84043K(118016K), 0.0934953 secs] [Times: user=0.09 sys=0.00, real=0.09 secs] 
2024-03-31T19:41:14.695+0800: 526.716: [CMS-concurrent-sweep-start]
2024-03-31T19:41:14.696+0800: 526.716: [CMS-concurrent-sweep: 0.000/0.000 secs] [Times: user=0.00 sys=0.00, real=0.00 secs] 
2024-03-31T19:41:14.696+0800: 526.717: [CMS-concurrent-reset-start]
2024-03-31T19:41:14.697+0800: 526.718: [CMS-concurrent-reset: 0.000/0.000 secs] [Times: user=0.00 sys=0.00, real=0.01 secs] 
2024-03-31T19:41:16.705+0800: 528.726: [GC (CMS Initial Mark) [1 CMS-initial-mark: 63K(64K)] 85965K(118016K), 0.0995500 secs] [Times: user=0.09 sys=0.00, real=0.10 secs] 
2024-03-31T19:41:16.805+0800: 528.826: [CMS-concurrent-mark-start]
2024-03-31T19:41:16.806+0800: 528.826: [CMS-concurrent-mark: 0.000/0.000 secs] [Times: user=0.01 sys=0.00, real=0.00 secs] 
2024-03-31T19:41:16.806+0800: 528.827: [CMS-concurrent-preclean-start]
2024-03-31T19:41:16.807+0800: 528.828: [CMS-concurrent-preclean: 0.001/0.001 secs] [Times: user=0.00 sys=0.00, real=0.01 secs] 
2024-03-31T19:41:16.807+0800: 528.828: [CMS-concurrent-abortable-preclean-start]
2024-03-31T19:41:16.807+0800: 528.828: [CMS-concurrent-abortable-preclean: 0.000/0.000 secs] [Times: user=0.00 sys=0.00, real=0.00 secs] 
2024-03-31T19:41:16.808+0800: 528.829: [GC (CMS Final Remark) [YG occupancy: 85901 K (117952 K)]2024-03-31T19:41:16.808+0800: 528.829: [Rescan (non-parallel) 2024-03-31T19:41:16.808+0800: 528.829: [grey object rescan, 0.0001105 secs]2024-03-31T19:41:16.809+0800: 528.829: [root rescan, 0.0575044 secs]2024-03-31T19:41:16.866+0800: 528.887: [visit unhandled CLDs, 0.0001548 secs]2024-03-31T19:41:16.867+0800: 528.887: [dirty klass scan, 0.0011765 secs], 0.0595624 secs]2024-03-31T19:41:16.868+0800: 528.889: [weak refs processing, 0.0001319 secs]2024-03-31T19:41:16.868+0800: 528.889: [class unloading, 0.0103178 secs]2024-03-31T19:41:16.879+0800: 528.900: [scrub symbol table, 0.0096847 secs]2024-03-31T19:41:16.889+0800: 528.909: [scrub string table, 0.0005172 secs][1 CMS-remark: 63K(64K)] 85965K(118016K), 0.0832940 secs] [Times: user=0.08 sys=0.01, real=0.08 secs] 
2024-03-31T19:41:16.892+0800: 528.913: [CMS-concurrent-sweep-start]
2024-03-31T19:41:16.892+0800: 528.913: [CMS-concurrent-sweep: 0.000/0.000 secs] [Times: user=0.00 sys=0.00, real=0.00 secs] 
2024-03-31T19:41:16.892+0800: 528.913: [CMS-concurrent-reset-start]
2024-03-31T19:41:16.892+0800: 528.913: [CMS-concurrent-reset: 0.000/0.000 secs] [Times: user=0.00 sys=0.00, real=0.00 secs] 
2024-03-31T19:41:18.897+0800: 530.918: [GC (CMS Initial Mark) [1 CMS-initial-mark: 63K(64K)] 86268K(118016K), 0.1006362 secs] [Times: user=0.10 sys=0.00, real=0.10 secs] 
2024-03-31T19:41:18.999+0800: 531.019: [CMS-concurrent-mark-start]
2024-03-31T19:41:18.999+0800: 531.020: [CMS-concurrent-mark: 0.000/0.000 secs] [Times: user=0.00 sys=0.00, real=0.00 secs] 
2024-03-31T19:41:19.001+0800: 531.022: [CMS-concurrent-preclean-start]
2024-03-31T19:41:19.004+0800: 531.025: [CMS-concurrent-preclean: 0.001/0.001 secs] [Times: user=0.01 sys=0.00, real=0.00 secs] 
2024-03-31T19:41:19.006+0800: 531.027: [CMS-concurrent-abortable-preclean-start]
2024-03-31T19:41:19.007+0800: 531.028: [CMS-concurrent-abortable-preclean: 0.000/0.000 secs] [Times: user=0.00 sys=0.00, real=0.01 secs] 
2024-03-31T19:41:19.010+0800: 531.031: [GC (CMS Final Remark) [YG occupancy: 86205 K (117952 K)]2024-03-31T19:41:19.010+0800: 531.031: [Rescan (non-parallel) 2024-03-31T19:41:19.010+0800: 531.031: [grey object rescan, 0.0000693 secs]2024-03-31T19:41:19.010+0800: 531.031: [root rescan, 0.0596609 secs]2024-03-31T19:41:19.070+0800: 531.091: [visit unhandled CLDs, 0.0001997 secs]2024-03-31T19:41:19.070+0800: 531.091: [dirty klass scan, 0.0015956 secs], 0.0622074 secs]2024-03-31T19:41:19.072+0800: 531.093: [weak refs processing, 0.0002022 secs]2024-03-31T19:41:19.073+0800: 531.093: [class unloading, 0.0114697 secs]2024-03-31T19:41:19.084+0800: 531.105: [scrub symbol table, 0.0128413 secs]2024-03-31T19:41:19.097+0800: 531.118: [scrub string table, 0.0006092 secs][1 CMS-remark: 63K(64K)] 86268K(118016K), 0.0906158 secs] [Times: user=0.09 sys=0.00, real=0.09 secs] 
2024-03-31T19:41:19.101+0800: 531.122: [CMS-concurrent-sweep-start]
2024-03-31T19:41:19.102+0800: 531.122: [CMS-concurrent-sweep: 0.000/0.000 secs] [Times: user=0.00 sys=0.00, real=0.00 secs] 
2024-03-31T19:41:19.102+0800: 531.123: [CMS-concurrent-reset-start]
2024-03-31T19:41:19.103+0800: 531.124: [CMS-concurrent-reset: 0.000/0.000 secs] [Times: user=0.00 sys=0.00, real=0.00 secs] 
2024-03-31T19:41:21.109+0800: 533.130: [GC (CMS Initial Mark) [1 CMS-initial-mark: 63K(64K)] 86637K(118016K), 0.0935608 secs] [Times: user=0.09 sys=0.00, real=0.09 secs] 
2024-03-31T19:41:21.203+0800: 533.224: [CMS-concurrent-mark-start]
2024-03-31T19:41:21.204+0800: 533.225: [CMS-concurrent-mark: 0.000/0.000 secs] [Times: user=0.00 sys=0.00, real=0.00 secs] 
2024-03-31T19:41:21.205+0800: 533.226: [CMS-concurrent-preclean-start]
2024-03-31T19:41:21.206+0800: 533.227: [CMS-concurrent-preclean: 0.001/0.001 secs] [Times: user=0.01 sys=0.00, real=0.00 secs] 
2024-03-31T19:41:21.207+0800: 533.228: [CMS-concurrent-abortable-preclean-start]
2024-03-31T19:41:21.207+0800: 533.228: [CMS-concurrent-abortable-preclean: 0.000/0.000 secs] [Times: user=0.00 sys=0.00, real=0.00 secs] 
2024-03-31T19:41:21.208+0800: 533.229: [GC (CMS Final Remark) [YG occupancy: 86605 K (117952 K)]2024-03-31T19:41:21.208+0800: 533.229: [Rescan (non-parallel) 2024-03-31T19:41:21.208+0800: 533.229: [grey object rescan, 0.0000794 secs]2024-03-31T19:41:21.208+0800: 533.229: [root rescan, 0.0580985 secs]2024-03-31T19:41:21.267+0800: 533.288: [visit unhandled CLDs, 0.0001470 secs]2024-03-31T19:41:21.267+0800: 533.288: [dirty klass scan, 0.0011333 secs], 0.0599530 secs]2024-03-31T19:41:21.268+0800: 533.289: [weak refs processing, 0.0001080 secs]2024-03-31T19:41:21.268+0800: 533.289: [class unloading, 0.0106625 secs]2024-03-31T19:41:21.279+0800: 533.300: [scrub symbol table, 0.0096116 secs]2024-03-31T19:41:21.289+0800: 533.310: [scrub string table, 0.0004708 secs][1 CMS-remark: 63K(64K)] 86668K(118016K), 0.0836590 secs] [Times: user=0.08 sys=0.00, real=0.08 secs] 
2024-03-31T19:41:21.292+0800: 533.313: [CMS-concurrent-sweep-start]
2024-03-31T19:41:21.292+0800: 533.313: [CMS-concurrent-sweep: 0.000/0.000 secs] [Times: user=0.00 sys=0.00, real=0.00 secs] 
2024-03-31T19:41:21.293+0800: 533.314: [CMS-concurrent-reset-start]
2024-03-31T19:41:21.293+0800: 533.314: [CMS-concurrent-reset: 0.000/0.000 secs] [Times: user=0.00 sys=0.00, real=0.00 secs] 
2024-03-31T19:41:23.305+0800: 535.325: [GC (CMS Initial Mark) [1 CMS-initial-mark: 63K(64K)] 86910K(118016K), 0.1003886 secs] [Times: user=0.10 sys=0.00, real=0.10 secs] 
2024-03-31T19:41:23.406+0800: 535.427: [CMS-concurrent-mark-start]
2024-03-31T19:41:23.406+0800: 535.427: [CMS-concurrent-mark: 0.000/0.000 secs] [Times: user=0.00 sys=0.00, real=0.00 secs] 
2024-03-31T19:41:23.407+0800: 535.428: [CMS-concurrent-preclean-start]
2024-03-31T19:41:23.408+0800: 535.429: [CMS-concurrent-preclean: 0.001/0.001 secs] [Times: user=0.00 sys=0.00, real=0.00 secs] 
2024-03-31T19:41:23.409+0800: 535.429: [CMS-concurrent-abortable-preclean-start]
2024-03-31T19:41:23.409+0800: 535.429: [CMS-concurrent-abortable-preclean: 0.000/0.000 secs] [Times: user=0.00 sys=0.00, real=0.00 secs] 
2024-03-31T19:41:23.409+0800: 535.430: [GC (CMS Final Remark) [YG occupancy: 86846 K (117952 K)]2024-03-31T19:41:23.409+0800: 535.430: [Rescan (non-parallel) 2024-03-31T19:41:23.409+0800: 535.430: [grey object rescan, 0.0000762 secs]2024-03-31T19:41:23.410+0800: 535.430: [root rescan, 0.0583238 secs]2024-03-31T19:41:23.468+0800: 535.489: [visit unhandled CLDs, 0.0001280 secs]2024-03-31T19:41:23.468+0800: 535.489: [dirty klass scan, 0.0011860 secs], 0.0602217 secs]2024-03-31T19:41:23.470+0800: 535.491: [weak refs processing, 0.0001094 secs]2024-03-31T19:41:23.470+0800: 535.491: [class unloading, 0.0105995 secs]2024-03-31T19:41:23.481+0800: 535.502: [scrub symbol table, 0.0096876 secs]2024-03-31T19:41:23.490+0800: 535.511: [scrub string table, 0.0004828 secs][1 CMS-remark: 63K(64K)] 86910K(118016K), 0.0843072 secs] [Times: user=0.08 sys=0.00, real=0.08 secs] 
2024-03-31T19:41:23.494+0800: 535.515: [CMS-concurrent-sweep-start]
2024-03-31T19:41:23.495+0800: 535.516: [CMS-concurrent-sweep: 0.000/0.000 secs] [Times: user=0.00 sys=0.00, real=0.00 secs] 
2024-03-31T19:41:23.495+0800: 535.516: [CMS-concurrent-reset-start]
2024-03-31T19:41:23.496+0800: 535.517: [CMS-concurrent-reset: 0.000/0.000 secs] [Times: user=0.00 sys=0.00, real=0.00 secs] 
2024-03-31T19:41:25.498+0800: 537.519: [GC (CMS Initial Mark) [1 CMS-initial-mark: 63K(64K)] 87100K(118016K), 0.0616075 secs] [Times: user=0.06 sys=0.00, real=0.06 secs] 
2024-03-31T19:41:25.561+0800: 537.581: [CMS-concurrent-mark-start]
2024-03-31T19:41:25.561+0800: 537.582: [CMS-concurrent-mark: 0.000/0.000 secs] [Times: user=0.00 sys=0.00, real=0.00 secs] 
2024-03-31T19:41:25.562+0800: 537.583: [CMS-concurrent-preclean-start]
2024-03-31T19:41:25.564+0800: 537.585: [CMS-concurrent-preclean: 0.001/0.001 secs] [Times: user=0.01 sys=0.00, real=0.00 secs] 
2024-03-31T19:41:25.564+0800: 537.585: [CMS-concurrent-abortable-preclean-start]
2024-03-31T19:41:25.564+0800: 537.585: [CMS-concurrent-abortable-preclean: 0.000/0.000 secs] [Times: user=0.00 sys=0.00, real=0.00 secs] 
2024-03-31T19:41:25.565+0800: 537.586: [GC (CMS Final Remark) [YG occupancy: 87037 K (117952 K)]2024-03-31T19:41:25.565+0800: 537.586: [Rescan (non-parallel) 2024-03-31T19:41:25.565+0800: 537.586: [grey object rescan, 0.0000803 secs]2024-03-31T19:41:25.566+0800: 537.586: [root rescan, 0.0595548 secs]2024-03-31T19:41:25.625+0800: 537.646: [visit unhandled CLDs, 0.0002058 secs]2024-03-31T19:41:25.626+0800: 537.647: [dirty klass scan, 0.0011426 secs], 0.0615643 secs]2024-03-31T19:41:25.627+0800: 537.648: [weak refs processing, 0.0001057 secs]2024-03-31T19:41:25.627+0800: 537.648: [class unloading, 0.0105460 secs]2024-03-31T19:41:25.638+0800: 537.659: [scrub symbol table, 0.0100713 secs]2024-03-31T19:41:25.648+0800: 537.669: [scrub string table, 0.0004545 secs][1 CMS-remark: 63K(64K)] 87100K(118016K), 0.0858040 secs] [Times: user=0.08 sys=0.01, real=0.09 secs] 
2024-03-31T19:41:25.652+0800: 537.673: [CMS-concurrent-sweep-start]
2024-03-31T19:41:25.652+0800: 537.673: [CMS-concurrent-sweep: 0.000/0.000 secs] [Times: user=0.00 sys=0.00, real=0.00 secs] 
2024-03-31T19:41:25.653+0800: 537.673: [CMS-concurrent-reset-start]
2024-03-31T19:41:25.653+0800: 537.674: [CMS-concurrent-reset: 0.000/0.000 secs] [Times: user=0.00 sys=0.00, real=0.00 secs] 
2024-03-31T19:41:27.657+0800: 539.678: [GC (CMS Initial Mark) [1 CMS-initial-mark: 63K(64K)] 87578K(118016K), 0.0923293 secs] [Times: user=0.09 sys=0.00, real=0.09 secs] 
2024-03-31T19:41:27.750+0800: 539.771: [CMS-concurrent-mark-start]
2024-03-31T19:41:27.750+0800: 539.771: [CMS-concurrent-mark: 0.000/0.000 secs] [Times: user=0.00 sys=0.00, real=0.00 secs] 
2024-03-31T19:41:27.751+0800: 539.772: [CMS-concurrent-preclean-start]
2024-03-31T19:41:27.753+0800: 539.774: [CMS-concurrent-preclean: 0.001/0.001 secs] [Times: user=0.00 sys=0.00, real=0.00 secs] 
2024-03-31T19:41:27.754+0800: 539.775: [CMS-concurrent-abortable-preclean-start]
2024-03-31T19:41:27.754+0800: 539.775: [CMS-concurrent-abortable-preclean: 0.000/0.000 secs] [Times: user=0.01 sys=0.00, real=0.00 secs] 
2024-03-31T19:41:27.756+0800: 539.777: [GC (CMS Final Remark) [YG occupancy: 87515 K (117952 K)]2024-03-31T19:41:27.756+0800: 539.777: [Rescan (non-parallel) 2024-03-31T19:41:27.756+0800: 539.777: [grey object rescan, 0.0000643 secs]2024-03-31T19:41:27.756+0800: 539.777: [root rescan, 0.0608627 secs]2024-03-31T19:41:27.817+0800: 539.838: [visit unhandled CLDs, 0.0001657 secs]2024-03-31T19:41:27.817+0800: 539.838: [dirty klass scan, 0.0014837 secs], 0.0630794 secs]2024-03-31T19:41:27.819+0800: 539.840: [weak refs processing, 0.0001335 secs]2024-03-31T19:41:27.819+0800: 539.840: [class unloading, 0.0113491 secs]2024-03-31T19:41:27.831+0800: 539.852: [scrub symbol table, 0.0112505 secs]2024-03-31T19:41:27.842+0800: 539.863: [scrub string table, 0.0005263 secs][1 CMS-remark: 63K(64K)] 87578K(118016K), 0.0894185 secs] [Times: user=0.09 sys=0.00, real=0.09 secs] 
2024-03-31T19:41:27.846+0800: 539.867: [CMS-concurrent-sweep-start]
2024-03-31T19:41:27.847+0800: 539.868: [CMS-concurrent-sweep: 0.000/0.000 secs] [Times: user=0.00 sys=0.00, real=0.01 secs] 
2024-03-31T19:41:27.848+0800: 539.869: [CMS-concurrent-reset-start]
2024-03-31T19:41:27.849+0800: 539.870: [CMS-concurrent-reset: 0.000/0.000 secs] [Times: user=0.00 sys=0.00, real=0.00 secs] 
2024-03-31T19:41:29.854+0800: 541.874: [GC (CMS Initial Mark) [1 CMS-initial-mark: 63K(64K)] 87683K(118016K), 0.0863906 secs] [Times: user=0.08 sys=0.00, real=0.09 secs] 
2024-03-31T19:41:29.942+0800: 541.962: [CMS-concurrent-mark-start]
2024-03-31T19:41:29.943+0800: 541.963: [CMS-concurrent-mark: 0.000/0.000 secs] [Times: user=0.01 sys=0.00, real=0.00 secs] 
2024-03-31T19:41:29.943+0800: 541.964: [CMS-concurrent-preclean-start]
2024-03-31T19:41:29.944+0800: 541.965: [CMS-concurrent-preclean: 0.001/0.001 secs] [Times: user=0.00 sys=0.00, real=0.00 secs] 
2024-03-31T19:41:29.945+0800: 541.965: [CMS-concurrent-abortable-preclean-start]
2024-03-31T19:41:29.945+0800: 541.965: [CMS-concurrent-abortable-preclean: 0.000/0.000 secs] [Times: user=0.00 sys=0.00, real=0.00 secs] 
2024-03-31T19:41:29.946+0800: 541.966: [GC (CMS Final Remark) [YG occupancy: 87619 K (117952 K)]2024-03-31T19:41:29.946+0800: 541.966: [Rescan (non-parallel) 2024-03-31T19:41:29.946+0800: 541.966: [grey object rescan, 0.0001187 secs]2024-03-31T19:41:29.946+0800: 541.966: [root rescan, 0.0611855 secs]2024-03-31T19:41:30.008+0800: 542.028: [visit unhandled CLDs, 0.0001495 secs]2024-03-31T19:41:30.008+0800: 542.028: [dirty klass scan, 0.0013393 secs], 0.0634230 secs]2024-03-31T19:41:30.009+0800: 542.030: [weak refs processing, 0.0001247 secs]2024-03-31T19:41:30.009+0800: 542.030: [class unloading, 0.0109572 secs]2024-03-31T19:41:30.021+0800: 542.041: [scrub symbol table, 0.0108156 secs]2024-03-31T19:41:30.032+0800: 542.052: [scrub string table, 0.0004854 secs][1 CMS-remark: 63K(64K)] 87683K(118016K), 0.0889502 secs] [Times: user=0.09 sys=0.00, real=0.09 secs] 
2024-03-31T19:41:30.035+0800: 542.056: [CMS-concurrent-sweep-start]
2024-03-31T19:41:30.035+0800: 542.056: [CMS-concurrent-sweep: 0.000/0.000 secs] [Times: user=0.00 sys=0.00, real=0.00 secs] 
2024-03-31T19:41:30.036+0800: 542.056: [CMS-concurrent-reset-start]
2024-03-31T19:41:30.036+0800: 542.057: [CMS-concurrent-reset: 0.000/0.000 secs] [Times: user=0.00 sys=0.00, real=0.00 secs] 
2024-03-31T19:41:32.045+0800: 544.065: [GC (CMS Initial Mark) [1 CMS-initial-mark: 63K(64K)] 88286K(118016K), 0.0754890 secs] [Times: user=0.08 sys=0.00, real=0.08 secs] 
2024-03-31T19:41:32.121+0800: 544.141: [CMS-concurrent-mark-start]
2024-03-31T19:41:32.122+0800: 544.142: [CMS-concurrent-mark: 0.000/0.000 secs] [Times: user=0.00 sys=0.00, real=0.00 secs] 
2024-03-31T19:41:32.123+0800: 544.143: [CMS-concurrent-preclean-start]
2024-03-31T19:41:32.125+0800: 544.146: [CMS-concurrent-preclean: 0.001/0.001 secs] [Times: user=0.00 sys=0.00, real=0.00 secs] 
2024-03-31T19:41:32.126+0800: 544.146: [CMS-concurrent-abortable-preclean-start]
2024-03-31T19:41:32.127+0800: 544.147: [CMS-concurrent-abortable-preclean: 0.000/0.000 secs] [Times: user=0.00 sys=0.00, real=0.00 secs] 
2024-03-31T19:41:32.130+0800: 544.150: [GC (CMS Final Remark) [YG occupancy: 88222 K (117952 K)]2024-03-31T19:41:32.130+0800: 544.151: [Rescan (non-parallel) 2024-03-31T19:41:32.130+0800: 544.151: [grey object rescan, 0.0001450 secs]2024-03-31T19:41:32.131+0800: 544.151: [root rescan, 0.0620619 secs]2024-03-31T19:41:32.193+0800: 544.213: [visit unhandled CLDs, 0.0002228 secs]2024-03-31T19:41:32.193+0800: 544.213: [dirty klass scan, 0.0017947 secs], 0.0649198 secs]2024-03-31T19:41:32.195+0800: 544.216: [weak refs processing, 0.0001690 secs]2024-03-31T19:41:32.196+0800: 544.216: [class unloading, 0.0118808 secs]2024-03-31T19:41:32.208+0800: 544.228: [scrub symbol table, 0.0133883 secs]2024-03-31T19:41:32.221+0800: 544.242: [scrub string table, 0.0005388 secs][1 CMS-remark: 63K(64K)] 88286K(118016K), 0.0943556 secs] [Times: user=0.09 sys=0.00, real=0.09 secs] 
2024-03-31T19:41:32.226+0800: 544.246: [CMS-concurrent-sweep-start]
2024-03-31T19:41:32.227+0800: 544.247: [CMS-concurrent-sweep: 0.000/0.000 secs] [Times: user=0.00 sys=0.01, real=0.00 secs] 
2024-03-31T19:41:32.230+0800: 544.251: [CMS-concurrent-reset-start]
2024-03-31T19:41:32.231+0800: 544.251: [CMS-concurrent-reset: 0.000/0.000 secs] [Times: user=0.00 sys=0.00, real=0.00 secs] 
2024-03-31T19:41:34.233+0800: 546.253: [GC (CMS Initial Mark) [1 CMS-initial-mark: 63K(64K)] 89488K(118016K), 0.0627903 secs] [Times: user=0.06 sys=0.00, real=0.06 secs] 
2024-03-31T19:41:34.296+0800: 546.317: [CMS-concurrent-mark-start]
2024-03-31T19:41:34.297+0800: 546.318: [CMS-concurrent-mark: 0.000/0.000 secs] [Times: user=0.00 sys=0.00, real=0.01 secs] 
2024-03-31T19:41:34.299+0800: 546.319: [CMS-concurrent-preclean-start]
2024-03-31T19:41:34.301+0800: 546.321: [CMS-concurrent-preclean: 0.001/0.001 secs] [Times: user=0.00 sys=0.00, real=0.00 secs] 
2024-03-31T19:41:34.301+0800: 546.322: [CMS-concurrent-abortable-preclean-start]
2024-03-31T19:41:34.302+0800: 546.323: [CMS-concurrent-abortable-preclean: 0.000/0.000 secs] [Times: user=0.01 sys=0.00, real=0.00 secs] 
2024-03-31T19:41:34.304+0800: 546.325: [GC (CMS Final Remark) [YG occupancy: 89424 K (117952 K)]2024-03-31T19:41:34.304+0800: 546.325: [Rescan (non-parallel) 2024-03-31T19:41:34.304+0800: 546.325: [grey object rescan, 0.0000740 secs]2024-03-31T19:41:34.305+0800: 546.325: [root rescan, 0.0620762 secs]2024-03-31T19:41:34.367+0800: 546.387: [visit unhandled CLDs, 0.0001466 secs]2024-03-31T19:41:34.367+0800: 546.387: [dirty klass scan, 0.0014598 secs], 0.0643401 secs]2024-03-31T19:41:34.369+0800: 546.389: [weak refs processing, 0.0001091 secs]2024-03-31T19:41:34.369+0800: 546.389: [class unloading, 0.0112947 secs]2024-03-31T19:41:34.380+0800: 546.401: [scrub symbol table, 0.0120806 secs]2024-03-31T19:41:34.393+0800: 546.413: [scrub string table, 0.0005659 secs][1 CMS-remark: 63K(64K)] 89488K(118016K), 0.0917166 secs] [Times: user=0.09 sys=0.00, real=0.09 secs] 
2024-03-31T19:41:34.397+0800: 546.417: [CMS-concurrent-sweep-start]
2024-03-31T19:41:34.397+0800: 546.417: [CMS-concurrent-sweep: 0.000/0.000 secs] [Times: user=0.00 sys=0.00, real=0.00 secs] 
2024-03-31T19:41:34.397+0800: 546.417: [CMS-concurrent-reset-start]
2024-03-31T19:41:34.397+0800: 546.418: [CMS-concurrent-reset: 0.000/0.000 secs] [Times: user=0.00 sys=0.00, real=0.00 secs] 
2024-03-31T19:41:36.404+0800: 548.424: [GC (CMS Initial Mark) [1 CMS-initial-mark: 63K(64K)] 90429K(118016K), 0.1042593 secs] [Times: user=0.10 sys=0.00, real=0.11 secs] 
2024-03-31T19:41:36.509+0800: 548.529: [CMS-concurrent-mark-start]
2024-03-31T19:41:36.510+0800: 548.530: [CMS-concurrent-mark: 0.000/0.000 secs] [Times: user=0.01 sys=0.00, real=0.00 secs] 
2024-03-31T19:41:36.510+0800: 548.531: [CMS-concurrent-preclean-start]
2024-03-31T19:41:36.512+0800: 548.532: [CMS-concurrent-preclean: 0.001/0.001 secs] [Times: user=0.00 sys=0.00, real=0.00 secs] 
2024-03-31T19:41:36.512+0800: 548.532: [CMS-concurrent-abortable-preclean-start]
2024-03-31T19:41:36.512+0800: 548.532: [CMS-concurrent-abortable-preclean: 0.000/0.000 secs] [Times: user=0.00 sys=0.00, real=0.00 secs] 
2024-03-31T19:41:36.512+0800: 548.533: [GC (CMS Final Remark) [YG occupancy: 90365 K (117952 K)]2024-03-31T19:41:36.513+0800: 548.533: [Rescan (non-parallel) 2024-03-31T19:41:36.513+0800: 548.533: [grey object rescan, 0.0000989 secs]2024-03-31T19:41:36.513+0800: 548.533: [root rescan, 0.0607130 secs]2024-03-31T19:41:36.574+0800: 548.594: [visit unhandled CLDs, 0.0001519 secs]2024-03-31T19:41:36.574+0800: 548.594: [dirty klass scan, 0.0013037 secs], 0.0629123 secs]2024-03-31T19:41:36.576+0800: 548.596: [weak refs processing, 0.0001454 secs]2024-03-31T19:41:36.576+0800: 548.596: [class unloading, 0.0101557 secs]2024-03-31T19:41:36.586+0800: 548.607: [scrub symbol table, 0.0098622 secs]2024-03-31T19:41:36.596+0800: 548.617: [scrub string table, 0.0004853 secs][1 CMS-remark: 63K(64K)] 90429K(118016K), 0.0866723 secs] [Times: user=0.08 sys=0.00, real=0.09 secs] 
2024-03-31T19:41:36.600+0800: 548.620: [CMS-concurrent-sweep-start]
2024-03-31T19:41:36.600+0800: 548.620: [CMS-concurrent-sweep: 0.000/0.000 secs] [Times: user=0.00 sys=0.00, real=0.00 secs] 
2024-03-31T19:41:36.601+0800: 548.621: [CMS-concurrent-reset-start]
2024-03-31T19:41:36.601+0800: 548.621: [CMS-concurrent-reset: 0.000/0.000 secs] [Times: user=0.00 sys=0.00, real=0.00 secs] 
2024-03-31T19:41:38.612+0800: 550.633: [GC (CMS Initial Mark) [1 CMS-initial-mark: 63K(64K)] 90525K(118016K), 0.1007387 secs] [Times: user=0.10 sys=0.00, real=0.10 secs] 
2024-03-31T19:41:38.714+0800: 550.734: [CMS-concurrent-mark-start]
2024-03-31T19:41:38.715+0800: 550.735: [CMS-concurrent-mark: 0.000/0.000 secs] [Times: user=0.00 sys=0.00, real=0.00 secs] 
2024-03-31T19:41:38.716+0800: 550.736: [CMS-concurrent-preclean-start]
2024-03-31T19:41:38.718+0800: 550.738: [CMS-concurrent-preclean: 0.001/0.001 secs] [Times: user=0.01 sys=0.00, real=0.01 secs] 
2024-03-31T19:41:38.719+0800: 550.739: [CMS-concurrent-abortable-preclean-start]
2024-03-31T19:41:38.719+0800: 550.739: [CMS-concurrent-abortable-preclean: 0.000/0.000 secs] [Times: user=0.00 sys=0.00, real=0.00 secs] 
2024-03-31T19:41:38.720+0800: 550.740: [GC (CMS Final Remark) [YG occupancy: 90462 K (117952 K)]2024-03-31T19:41:38.720+0800: 550.740: [Rescan (non-parallel) 2024-03-31T19:41:38.720+0800: 550.740: [grey object rescan, 0.0001256 secs]2024-03-31T19:41:38.720+0800: 550.741: [root rescan, 0.0604233 secs]2024-03-31T19:41:38.781+0800: 550.801: [visit unhandled CLDs, 0.0001624 secs]2024-03-31T19:41:38.781+0800: 550.802: [dirty klass scan, 0.0012316 secs], 0.0625619 secs]2024-03-31T19:41:38.783+0800: 550.803: [weak refs processing, 0.0001354 secs]2024-03-31T19:41:38.783+0800: 550.803: [class unloading, 0.0104011 secs]2024-03-31T19:41:38.794+0800: 550.814: [scrub symbol table, 0.0095487 secs]2024-03-31T19:41:38.803+0800: 550.824: [scrub string table, 0.0004762 secs][1 CMS-remark: 63K(64K)] 90525K(118016K), 0.0862792 secs] [Times: user=0.08 sys=0.00, real=0.08 secs] 
2024-03-31T19:41:38.807+0800: 550.827: [CMS-concurrent-sweep-start]
2024-03-31T19:41:38.807+0800: 550.827: [CMS-concurrent-sweep: 0.000/0.000 secs] [Times: user=0.00 sys=0.00, real=0.00 secs] 
2024-03-31T19:41:38.807+0800: 550.827: [CMS-concurrent-reset-start]
2024-03-31T19:41:38.807+0800: 550.827: [CMS-concurrent-reset: 0.000/0.000 secs] [Times: user=0.00 sys=0.01, real=0.00 secs] 
2024-03-31T19:41:40.807+0800: 552.828: [GC (CMS Initial Mark) [1 CMS-initial-mark: 63K(64K)] 90786K(118016K), 0.0614362 secs] [Times: user=0.06 sys=0.00, real=0.06 secs] 
2024-03-31T19:41:40.870+0800: 552.890: [CMS-concurrent-mark-start]
2024-03-31T19:41:40.870+0800: 552.890: [CMS-concurrent-mark: 0.000/0.000 secs] [Times: user=0.00 sys=0.00, real=0.00 secs] 
2024-03-31T19:41:40.871+0800: 552.891: [CMS-concurrent-preclean-start]
2024-03-31T19:41:40.872+0800: 552.892: [CMS-concurrent-preclean: 0.001/0.001 secs] [Times: user=0.00 sys=0.00, real=0.00 secs] 
2024-03-31T19:41:40.872+0800: 552.892: [CMS-concurrent-abortable-preclean-start]
2024-03-31T19:41:40.872+0800: 552.892: [CMS-concurrent-abortable-preclean: 0.000/0.000 secs] [Times: user=0.00 sys=0.00, real=0.00 secs] 
2024-03-31T19:41:40.873+0800: 552.893: [GC (CMS Final Remark) [YG occupancy: 90723 K (117952 K)]2024-03-31T19:41:40.873+0800: 552.893: [Rescan (non-parallel) 2024-03-31T19:41:40.873+0800: 552.893: [grey object rescan, 0.0001103 secs]2024-03-31T19:41:40.873+0800: 552.894: [root rescan, 0.0604728 secs]2024-03-31T19:41:40.934+0800: 552.954: [visit unhandled CLDs, 0.0001548 secs]2024-03-31T19:41:40.934+0800: 552.954: [dirty klass scan, 0.0012536 secs], 0.0626260 secs]2024-03-31T19:41:40.936+0800: 552.956: [weak refs processing, 0.0001388 secs]2024-03-31T19:41:40.936+0800: 552.956: [class unloading, 0.0106825 secs]2024-03-31T19:41:40.947+0800: 552.967: [scrub symbol table, 0.0097133 secs]2024-03-31T19:41:40.957+0800: 552.977: [scrub string table, 0.0004863 secs][1 CMS-remark: 63K(64K)] 90786K(118016K), 0.0866855 secs] [Times: user=0.09 sys=0.00, real=0.09 secs] 
2024-03-31T19:41:40.960+0800: 552.980: [CMS-concurrent-sweep-start]
2024-03-31T19:41:40.960+0800: 552.980: [CMS-concurrent-sweep: 0.000/0.000 secs] [Times: user=0.00 sys=0.00, real=0.00 secs] 
2024-03-31T19:41:40.960+0800: 552.981: [CMS-concurrent-reset-start]
2024-03-31T19:41:40.960+0800: 552.981: [CMS-concurrent-reset: 0.000/0.000 secs] [Times: user=0.00 sys=0.00, real=0.00 secs] 
2024-03-31T19:41:42.963+0800: 554.983: [GC (CMS Initial Mark) [1 CMS-initial-mark: 63K(64K)] 91062K(118016K), 0.0787078 secs] [Times: user=0.08 sys=0.00, real=0.08 secs] 
2024-03-31T19:41:43.043+0800: 555.063: [CMS-concurrent-mark-start]
2024-03-31T19:41:43.044+0800: 555.064: [CMS-concurrent-mark: 0.000/0.000 secs] [Times: user=0.00 sys=0.00, real=0.00 secs] 
2024-03-31T19:41:43.044+0800: 555.065: [CMS-concurrent-preclean-start]
2024-03-31T19:41:43.046+0800: 555.066: [CMS-concurrent-preclean: 0.001/0.001 secs] [Times: user=0.00 sys=0.00, real=0.00 secs] 
2024-03-31T19:41:43.046+0800: 555.066: [CMS-concurrent-abortable-preclean-start]
2024-03-31T19:41:43.046+0800: 555.066: [CMS-concurrent-abortable-preclean: 0.000/0.000 secs] [Times: user=0.00 sys=0.00, real=0.00 secs] 
2024-03-31T19:41:43.047+0800: 555.067: [GC (CMS Final Remark) [YG occupancy: 90998 K (117952 K)]2024-03-31T19:41:43.047+0800: 555.067: [Rescan (non-parallel) 2024-03-31T19:41:43.047+0800: 555.068: [grey object rescan, 0.0001405 secs]2024-03-31T19:41:43.048+0800: 555.068: [root rescan, 0.0639900 secs]2024-03-31T19:41:43.112+0800: 555.132: [visit unhandled CLDs, 0.0002025 secs]2024-03-31T19:41:43.112+0800: 555.133: [dirty klass scan, 0.0016117 secs], 0.0669538 secs]2024-03-31T19:41:43.114+0800: 555.135: [weak refs processing, 0.0001738 secs]2024-03-31T19:41:43.115+0800: 555.135: [class unloading, 0.0159435 secs]2024-03-31T19:41:43.131+0800: 555.151: [scrub symbol table, 0.0163962 secs]2024-03-31T19:41:43.147+0800: 555.168: [scrub string table, 0.0005901 secs][1 CMS-remark: 63K(64K)] 91062K(118016K), 0.1037200 secs] [Times: user=0.11 sys=0.00, real=0.11 secs] 
2024-03-31T19:41:43.152+0800: 555.172: [CMS-concurrent-sweep-start]
2024-03-31T19:41:43.153+0800: 555.173: [CMS-concurrent-sweep: 0.000/0.000 secs] [Times: user=0.00 sys=0.00, real=0.00 secs] 
2024-03-31T19:41:43.155+0800: 555.176: [CMS-concurrent-reset-start]
2024-03-31T19:41:43.156+0800: 555.176: [CMS-concurrent-reset: 0.000/0.000 secs] [Times: user=0.00 sys=0.00, real=0.00 secs] 
2024-03-31T19:41:45.165+0800: 557.185: [GC (CMS Initial Mark) [1 CMS-initial-mark: 63K(64K)] 91175K(118016K), 0.1044456 secs] [Times: user=0.10 sys=0.00, real=0.11 secs] 
2024-03-31T19:41:45.270+0800: 557.290: [CMS-concurrent-mark-start]
2024-03-31T19:41:45.270+0800: 557.291: [CMS-concurrent-mark: 0.000/0.000 secs] [Times: user=0.01 sys=0.00, real=0.00 secs] 
2024-03-31T19:41:45.271+0800: 557.291: [CMS-concurrent-preclean-start]
2024-03-31T19:41:45.273+0800: 557.293: [CMS-concurrent-preclean: 0.001/0.001 secs] [Times: user=0.00 sys=0.00, real=0.00 secs] 
2024-03-31T19:41:45.273+0800: 557.293: [CMS-concurrent-abortable-preclean-start]
2024-03-31T19:41:45.273+0800: 557.294: [CMS-concurrent-abortable-preclean: 0.000/0.000 secs] [Times: user=0.00 sys=0.00, real=0.00 secs] 
2024-03-31T19:41:45.274+0800: 557.295: [GC (CMS Final Remark) [YG occupancy: 91114 K (117952 K)]2024-03-31T19:41:45.274+0800: 557.295: [Rescan (non-parallel) 2024-03-31T19:41:45.275+0800: 557.295: [grey object rescan, 0.0001099 secs]2024-03-31T19:41:45.275+0800: 557.295: [root rescan, 0.0618765 secs]2024-03-31T19:41:45.337+0800: 557.357: [visit unhandled CLDs, 0.0001763 secs]2024-03-31T19:41:45.337+0800: 557.357: [dirty klass scan, 0.0014790 secs], 0.0643721 secs]2024-03-31T19:41:45.339+0800: 557.359: [weak refs processing, 0.0001510 secs]2024-03-31T19:41:45.339+0800: 557.359: [class unloading, 0.0107992 secs]2024-03-31T19:41:45.350+0800: 557.370: [scrub symbol table, 0.0112724 secs]2024-03-31T19:41:45.362+0800: 557.382: [scrub string table, 0.0005643 secs][1 CMS-remark: 63K(64K)] 91177K(118016K), 0.0905198 secs] [Times: user=0.09 sys=0.00, real=0.09 secs] 
2024-03-31T19:41:45.366+0800: 557.386: [CMS-concurrent-sweep-start]
2024-03-31T19:41:45.366+0800: 557.386: [CMS-concurrent-sweep: 0.000/0.000 secs] [Times: user=0.00 sys=0.00, real=0.00 secs] 
2024-03-31T19:41:45.367+0800: 557.387: [CMS-concurrent-reset-start]
2024-03-31T19:41:45.368+0800: 557.389: [CMS-concurrent-reset: 0.000/0.000 secs] [Times: user=0.00 sys=0.00, real=0.01 secs] 
2024-03-31T19:41:47.379+0800: 559.399: [GC (CMS Initial Mark) [1 CMS-initial-mark: 63K(64K)] 91296K(118016K), 0.1000307 secs] [Times: user=0.10 sys=0.00, real=0.10 secs] 
2024-03-31T19:41:47.479+0800: 559.500: [CMS-concurrent-mark-start]
2024-03-31T19:41:47.481+0800: 559.501: [CMS-concurrent-mark: 0.000/0.000 secs] [Times: user=0.00 sys=0.00, real=0.00 secs] 
2024-03-31T19:41:47.482+0800: 559.502: [CMS-concurrent-preclean-start]
2024-03-31T19:41:47.484+0800: 559.504: [CMS-concurrent-preclean: 0.001/0.001 secs] [Times: user=0.01 sys=0.00, real=0.00 secs] 
2024-03-31T19:41:47.484+0800: 559.505: [CMS-concurrent-abortable-preclean-start]
2024-03-31T19:41:47.485+0800: 559.505: [CMS-concurrent-abortable-preclean: 0.000/0.000 secs] [Times: user=0.00 sys=0.00, real=0.00 secs] 
2024-03-31T19:41:47.490+0800: 559.510: [GC (CMS Final Remark) [YG occupancy: 91232 K (117952 K)]2024-03-31T19:41:47.490+0800: 559.510: [Rescan (non-parallel) 2024-03-31T19:41:47.490+0800: 559.510: [grey object rescan, 0.0001098 secs]2024-03-31T19:41:47.490+0800: 559.510: [root rescan, 0.0605345 secs]2024-03-31T19:41:47.551+0800: 559.571: [visit unhandled CLDs, 0.0001576 secs]2024-03-31T19:41:47.551+0800: 559.571: [dirty klass scan, 0.0012925 secs], 0.0626950 secs]2024-03-31T19:41:47.553+0800: 559.573: [weak refs processing, 0.0001340 secs]2024-03-31T19:41:47.553+0800: 559.573: [class unloading, 0.0104815 secs]2024-03-31T19:41:47.564+0800: 559.584: [scrub symbol table, 0.0097587 secs]2024-03-31T19:41:47.573+0800: 559.594: [scrub string table, 0.0004860 secs][1 CMS-remark: 63K(64K)] 91296K(118016K), 0.0866025 secs] [Times: user=0.09 sys=0.00, real=0.08 secs] 
2024-03-31T19:41:47.577+0800: 559.597: [CMS-concurrent-sweep-start]
2024-03-31T19:41:47.578+0800: 559.598: [CMS-concurrent-sweep: 0.000/0.000 secs] [Times: user=0.00 sys=0.00, real=0.01 secs] 
2024-03-31T19:41:47.578+0800: 559.598: [CMS-concurrent-reset-start]
2024-03-31T19:41:47.578+0800: 559.598: [CMS-concurrent-reset: 0.000/0.000 secs] [Times: user=0.00 sys=0.00, real=0.00 secs] 
2024-03-31T19:41:49.586+0800: 561.607: [GC (CMS Initial Mark) [1 CMS-initial-mark: 63K(64K)] 91717K(118016K), 0.0871395 secs] [Times: user=0.09 sys=0.00, real=0.09 secs] 
2024-03-31T19:41:49.674+0800: 561.695: [CMS-concurrent-mark-start]
2024-03-31T19:41:49.676+0800: 561.696: [CMS-concurrent-mark: 0.000/0.000 secs] [Times: user=0.00 sys=0.00, real=0.00 secs] 
2024-03-31T19:41:49.677+0800: 561.697: [CMS-concurrent-preclean-start]
2024-03-31T19:41:49.679+0800: 561.699: [CMS-concurrent-preclean: 0.001/0.001 secs] [Times: user=0.00 sys=0.00, real=0.01 secs] 
2024-03-31T19:41:49.680+0800: 561.700: [CMS-concurrent-abortable-preclean-start]
2024-03-31T19:41:49.681+0800: 561.701: [CMS-concurrent-abortable-preclean: 0.000/0.000 secs] [Times: user=0.00 sys=0.00, real=0.00 secs] 
2024-03-31T19:41:49.683+0800: 561.703: [GC (CMS Final Remark) [YG occupancy: 91653 K (117952 K)]2024-03-31T19:41:49.683+0800: 561.703: [Rescan (non-parallel) 2024-03-31T19:41:49.683+0800: 561.703: [grey object rescan, 0.0000971 secs]2024-03-31T19:41:49.683+0800: 561.703: [root rescan, 0.0606448 secs]2024-03-31T19:41:49.744+0800: 561.764: [visit unhandled CLDs, 0.0001518 secs]2024-03-31T19:41:49.744+0800: 561.764: [dirty klass scan, 0.0012469 secs], 0.0627882 secs]2024-03-31T19:41:49.746+0800: 561.766: [weak refs processing, 0.0001324 secs]2024-03-31T19:41:49.746+0800: 561.766: [class unloading, 0.0103016 secs]2024-03-31T19:41:49.756+0800: 561.777: [scrub symbol table, 0.0096603 secs]2024-03-31T19:41:49.766+0800: 561.786: [scrub string table, 0.0005256 secs][1 CMS-remark: 63K(64K)] 91717K(118016K), 0.0865546 secs] [Times: user=0.08 sys=0.00, real=0.09 secs] 
2024-03-31T19:41:49.770+0800: 561.790: [CMS-concurrent-sweep-start]
2024-03-31T19:41:49.770+0800: 561.791: [CMS-concurrent-sweep: 0.000/0.000 secs] [Times: user=0.00 sys=0.00, real=0.00 secs] 
2024-03-31T19:41:49.771+0800: 561.792: [CMS-concurrent-reset-start]
2024-03-31T19:41:49.772+0800: 561.792: [CMS-concurrent-reset: 0.000/0.000 secs] [Times: user=0.00 sys=0.00, real=0.00 secs] 
2024-03-31T19:41:51.775+0800: 563.795: [GC (CMS Initial Mark) [1 CMS-initial-mark: 63K(64K)] 92097K(118016K), 0.0960875 secs] [Times: user=0.10 sys=0.00, real=0.10 secs] 
2024-03-31T19:41:51.872+0800: 563.892: [CMS-concurrent-mark-start]
2024-03-31T19:41:51.873+0800: 563.893: [CMS-concurrent-mark: 0.000/0.000 secs] [Times: user=0.00 sys=0.00, real=0.00 secs] 
2024-03-31T19:41:51.873+0800: 563.894: [CMS-concurrent-preclean-start]
2024-03-31T19:41:51.875+0800: 563.895: [CMS-concurrent-preclean: 0.001/0.001 secs] [Times: user=0.00 sys=0.01, real=0.00 secs] 
2024-03-31T19:41:51.876+0800: 563.896: [CMS-concurrent-abortable-preclean-start]
2024-03-31T19:41:51.876+0800: 563.896: [CMS-concurrent-abortable-preclean: 0.000/0.000 secs] [Times: user=0.00 sys=0.00, real=0.00 secs] 
2024-03-31T19:41:51.877+0800: 563.897: [GC (CMS Final Remark) [YG occupancy: 92033 K (117952 K)]2024-03-31T19:41:51.877+0800: 563.897: [Rescan (non-parallel) 2024-03-31T19:41:51.877+0800: 563.897: [grey object rescan, 0.0001040 secs]2024-03-31T19:41:51.877+0800: 563.898: [root rescan, 0.0611693 secs]2024-03-31T19:41:51.939+0800: 563.959: [visit unhandled CLDs, 0.0001640 secs]2024-03-31T19:41:51.939+0800: 563.959: [dirty klass scan, 0.0013249 secs], 0.0634026 secs]2024-03-31T19:41:51.941+0800: 563.961: [weak refs processing, 0.0001322 secs]2024-03-31T19:41:51.941+0800: 563.961: [class unloading, 0.0102688 secs]2024-03-31T19:41:51.951+0800: 563.972: [scrub symbol table, 0.0097715 secs]2024-03-31T19:41:51.961+0800: 563.982: [scrub string table, 0.0004985 secs][1 CMS-remark: 63K(64K)] 92097K(118016K), 0.0872029 secs] [Times: user=0.09 sys=0.00, real=0.09 secs] 
2024-03-31T19:41:51.965+0800: 563.985: [CMS-concurrent-sweep-start]
2024-03-31T19:41:51.965+0800: 563.985: [CMS-concurrent-sweep: 0.000/0.000 secs] [Times: user=0.00 sys=0.00, real=0.00 secs] 
2024-03-31T19:41:51.965+0800: 563.985: [CMS-concurrent-reset-start]
2024-03-31T19:41:51.965+0800: 563.986: [CMS-concurrent-reset: 0.000/0.000 secs] [Times: user=0.00 sys=0.00, real=0.00 secs] 
2024-03-31T19:41:53.974+0800: 565.995: [GC (CMS Initial Mark) [1 CMS-initial-mark: 63K(64K)] 92319K(118016K), 0.0992136 secs] [Times: user=0.10 sys=0.00, real=0.10 secs] 
2024-03-31T19:41:54.075+0800: 566.095: [CMS-concurrent-mark-start]
2024-03-31T19:41:54.075+0800: 566.096: [CMS-concurrent-mark: 0.000/0.000 secs] [Times: user=0.00 sys=0.00, real=0.00 secs] 
2024-03-31T19:41:54.076+0800: 566.097: [CMS-concurrent-preclean-start]
2024-03-31T19:41:54.077+0800: 566.098: [CMS-concurrent-preclean: 0.001/0.001 secs] [Times: user=0.00 sys=0.00, real=0.01 secs] 
2024-03-31T19:41:54.078+0800: 566.098: [CMS-concurrent-abortable-preclean-start]
2024-03-31T19:41:54.078+0800: 566.098: [CMS-concurrent-abortable-preclean: 0.000/0.000 secs] [Times: user=0.00 sys=0.00, real=0.00 secs] 
2024-03-31T19:41:54.079+0800: 566.099: [GC (CMS Final Remark) [YG occupancy: 92255 K (117952 K)]2024-03-31T19:41:54.079+0800: 566.099: [Rescan (non-parallel) 2024-03-31T19:41:54.079+0800: 566.099: [grey object rescan, 0.0001088 secs]2024-03-31T19:41:54.079+0800: 566.100: [root rescan, 0.0609343 secs]2024-03-31T19:41:54.141+0800: 566.161: [visit unhandled CLDs, 0.0001503 secs]2024-03-31T19:41:54.141+0800: 566.161: [dirty klass scan, 0.0012559 secs], 0.0630712 secs]2024-03-31T19:41:54.142+0800: 566.162: [weak refs processing, 0.0001326 secs]2024-03-31T19:41:54.142+0800: 566.163: [class unloading, 0.0102702 secs]2024-03-31T19:41:54.153+0800: 566.173: [scrub symbol table, 0.0095053 secs]2024-03-31T19:41:54.163+0800: 566.183: [scrub string table, 0.0004695 secs][1 CMS-remark: 63K(64K)] 92319K(118016K), 0.0865451 secs] [Times: user=0.09 sys=0.00, real=0.08 secs] 
2024-03-31T19:41:54.166+0800: 566.186: [CMS-concurrent-sweep-start]
2024-03-31T19:41:54.166+0800: 566.187: [CMS-concurrent-sweep: 0.000/0.000 secs] [Times: user=0.00 sys=0.00, real=0.00 secs] 
2024-03-31T19:41:54.167+0800: 566.187: [CMS-concurrent-reset-start]
2024-03-31T19:41:54.167+0800: 566.188: [CMS-concurrent-reset: 0.000/0.000 secs] [Times: user=0.00 sys=0.00, real=0.01 secs] 
2024-03-31T19:41:56.169+0800: 568.189: [GC (CMS Initial Mark) [1 CMS-initial-mark: 63K(64K)] 92591K(118016K), 0.0635335 secs] [Times: user=0.06 sys=0.00, real=0.06 secs] 
2024-03-31T19:41:56.234+0800: 568.254: [CMS-concurrent-mark-start]
2024-03-31T19:41:56.234+0800: 568.255: [CMS-concurrent-mark: 0.000/0.000 secs] [Times: user=0.00 sys=0.00, real=0.00 secs] 
2024-03-31T19:41:56.235+0800: 568.255: [CMS-concurrent-preclean-start]
2024-03-31T19:41:56.236+0800: 568.256: [CMS-concurrent-preclean: 0.001/0.001 secs] [Times: user=0.00 sys=0.00, real=0.00 secs] 
2024-03-31T19:41:56.236+0800: 568.257: [CMS-concurrent-abortable-preclean-start]
2024-03-31T19:41:56.236+0800: 568.257: [CMS-concurrent-abortable-preclean: 0.000/0.000 secs] [Times: user=0.00 sys=0.00, real=0.00 secs] 
2024-03-31T19:41:56.237+0800: 568.257: [GC (CMS Final Remark) [YG occupancy: 92537 K (117952 K)]2024-03-31T19:41:56.237+0800: 568.257: [Rescan (non-parallel) 2024-03-31T19:41:56.237+0800: 568.257: [grey object rescan, 0.0000921 secs]2024-03-31T19:41:56.237+0800: 568.258: [root rescan, 0.0615255 secs]2024-03-31T19:41:56.299+0800: 568.319: [visit unhandled CLDs, 0.0001389 secs]2024-03-31T19:41:56.299+0800: 568.320: [dirty klass scan, 0.0012081 secs], 0.0634297 secs]2024-03-31T19:41:56.301+0800: 568.321: [weak refs processing, 0.0001074 secs]2024-03-31T19:41:56.301+0800: 568.321: [class unloading, 0.0105342 secs]2024-03-31T19:41:56.311+0800: 568.332: [scrub symbol table, 0.0098925 secs]2024-03-31T19:41:56.321+0800: 568.342: [scrub string table, 0.0004669 secs][1 CMS-remark: 63K(64K)] 92601K(118016K), 0.0874133 secs] [Times: user=0.09 sys=0.00, real=0.09 secs] 
2024-03-31T19:41:56.325+0800: 568.345: [CMS-concurrent-sweep-start]
2024-03-31T19:41:56.325+0800: 568.345: [CMS-concurrent-sweep: 0.000/0.000 secs] [Times: user=0.00 sys=0.00, real=0.00 secs] 
2024-03-31T19:41:56.325+0800: 568.345: [CMS-concurrent-reset-start]
2024-03-31T19:41:56.325+0800: 568.345: [CMS-concurrent-reset: 0.000/0.000 secs] [Times: user=0.00 sys=0.00, real=0.00 secs] 
2024-03-31T19:41:58.328+0800: 570.348: [GC (CMS Initial Mark) [1 CMS-initial-mark: 63K(64K)] 92841K(118016K), 0.0882554 secs] [Times: user=0.09 sys=0.00, real=0.08 secs] 
2024-03-31T19:41:58.417+0800: 570.437: [CMS-concurrent-mark-start]
2024-03-31T19:41:58.418+0800: 570.438: [CMS-concurrent-mark: 0.000/0.000 secs] [Times: user=0.00 sys=0.00, real=0.01 secs] 
2024-03-31T19:41:58.418+0800: 570.439: [CMS-concurrent-preclean-start]
2024-03-31T19:41:58.419+0800: 570.440: [CMS-concurrent-preclean: 0.001/0.001 secs] [Times: user=0.00 sys=0.00, real=0.00 secs] 
2024-03-31T19:41:58.420+0800: 570.440: [CMS-concurrent-abortable-preclean-start]
2024-03-31T19:41:58.420+0800: 570.440: [CMS-concurrent-abortable-preclean: 0.000/0.000 secs] [Times: user=0.00 sys=0.00, real=0.00 secs] 
2024-03-31T19:41:58.420+0800: 570.440: [GC (CMS Final Remark) [YG occupancy: 92778 K (117952 K)]2024-03-31T19:41:58.420+0800: 570.441: [Rescan (non-parallel) 2024-03-31T19:41:58.420+0800: 570.441: [grey object rescan, 0.0000998 secs]2024-03-31T19:41:58.421+0800: 570.441: [root rescan, 0.0613477 secs]2024-03-31T19:41:58.482+0800: 570.502: [visit unhandled CLDs, 0.0001840 secs]2024-03-31T19:41:58.482+0800: 570.503: [dirty klass scan, 0.0012048 secs], 0.0634497 secs]2024-03-31T19:41:58.484+0800: 570.504: [weak refs processing, 0.0001278 secs]2024-03-31T19:41:58.484+0800: 570.504: [class unloading, 0.0103218 secs]2024-03-31T19:41:58.495+0800: 570.515: [scrub symbol table, 0.0095823 secs]2024-03-31T19:41:58.504+0800: 570.525: [scrub string table, 0.0005053 secs][1 CMS-remark: 63K(64K)] 92841K(118016K), 0.0870712 secs] [Times: user=0.09 sys=0.00, real=0.09 secs] 
2024-03-31T19:41:58.508+0800: 570.528: [CMS-concurrent-sweep-start]
2024-03-31T19:41:58.508+0800: 570.528: [CMS-concurrent-sweep: 0.000/0.000 secs] [Times: user=0.00 sys=0.00, real=0.00 secs] 
2024-03-31T19:41:58.508+0800: 570.528: [CMS-concurrent-reset-start]
2024-03-31T19:41:58.508+0800: 570.528: [CMS-concurrent-reset: 0.000/0.000 secs] [Times: user=0.00 sys=0.00, real=0.00 secs] 
2024-03-31T19:42:00.516+0800: 572.537: [GC (CMS Initial Mark) [1 CMS-initial-mark: 63K(64K)] 92982K(118016K), 0.1058255 secs] [Times: user=0.10 sys=0.00, real=0.11 secs] 
2024-03-31T19:42:00.623+0800: 572.644: [CMS-concurrent-mark-start]
2024-03-31T19:42:00.624+0800: 572.645: [CMS-concurrent-mark: 0.000/0.000 secs] [Times: user=0.00 sys=0.00, real=0.00 secs] 
2024-03-31T19:42:00.625+0800: 572.645: [CMS-concurrent-preclean-start]
2024-03-31T19:42:00.626+0800: 572.647: [CMS-concurrent-preclean: 0.001/0.001 secs] [Times: user=0.01 sys=0.00, real=0.00 secs] 
2024-03-31T19:42:00.627+0800: 572.647: [CMS-concurrent-abortable-preclean-start]
2024-03-31T19:42:00.627+0800: 572.647: [CMS-concurrent-abortable-preclean: 0.000/0.000 secs] [Times: user=0.00 sys=0.00, real=0.00 secs] 
2024-03-31T19:42:00.627+0800: 572.648: [GC (CMS Final Remark) [YG occupancy: 93028 K (117952 K)]2024-03-31T19:42:00.627+0800: 572.648: [Rescan (non-parallel) 2024-03-31T19:42:00.628+0800: 572.648: [grey object rescan, 0.0001073 secs]2024-03-31T19:42:00.628+0800: 572.648: [root rescan, 0.0617269 secs]2024-03-31T19:42:00.690+0800: 572.710: [visit unhandled CLDs, 0.0001564 secs]2024-03-31T19:42:00.690+0800: 572.710: [dirty klass scan, 0.0012694 secs], 0.0639285 secs]2024-03-31T19:42:00.692+0800: 572.712: [weak refs processing, 0.0001274 secs]2024-03-31T19:42:00.692+0800: 572.712: [class unloading, 0.0106363 secs]2024-03-31T19:42:00.703+0800: 572.723: [scrub symbol table, 0.0098768 secs]2024-03-31T19:42:00.713+0800: 572.733: [scrub string table, 0.0004896 secs][1 CMS-remark: 63K(64K)] 93092K(118016K), 0.0882510 secs] [Times: user=0.08 sys=0.00, real=0.08 secs] 
2024-03-31T19:42:00.716+0800: 572.737: [CMS-concurrent-sweep-start]
2024-03-31T19:42:00.717+0800: 572.737: [CMS-concurrent-sweep: 0.000/0.000 secs] [Times: user=0.00 sys=0.00, real=0.00 secs] 
2024-03-31T19:42:00.718+0800: 572.738: [CMS-concurrent-reset-start]
2024-03-31T19:42:00.718+0800: 572.739: [CMS-concurrent-reset: 0.000/0.000 secs] [Times: user=0.00 sys=0.00, real=0.00 secs] 
2024-03-31T19:42:02.729+0800: 574.750: [GC (CMS Initial Mark) [1 CMS-initial-mark: 63K(64K)] 93274K(118016K), 0.1011175 secs] [Times: user=0.10 sys=0.00, real=0.10 secs] 
2024-03-31T19:42:02.831+0800: 574.852: [CMS-concurrent-mark-start]
2024-03-31T19:42:02.832+0800: 574.853: [CMS-concurrent-mark: 0.000/0.000 secs] [Times: user=0.00 sys=0.00, real=0.00 secs] 
2024-03-31T19:42:02.834+0800: 574.854: [CMS-concurrent-preclean-start]
2024-03-31T19:42:02.835+0800: 574.856: [CMS-concurrent-preclean: 0.001/0.001 secs] [Times: user=0.00 sys=0.00, real=0.00 secs] 
2024-03-31T19:42:02.836+0800: 574.857: [CMS-concurrent-abortable-preclean-start]
2024-03-31T19:42:02.837+0800: 574.857: [CMS-concurrent-abortable-preclean: 0.000/0.000 secs] [Times: user=0.00 sys=0.01, real=0.00 secs] 
2024-03-31T19:42:02.840+0800: 574.861: [GC (CMS Final Remark) [YG occupancy: 93210 K (117952 K)]2024-03-31T19:42:02.841+0800: 574.861: [Rescan (non-parallel) 2024-03-31T19:42:02.841+0800: 574.861: [grey object rescan, 0.0000680 secs]2024-03-31T19:42:02.841+0800: 574.861: [root rescan, 0.0617540 secs]2024-03-31T19:42:02.903+0800: 574.923: [visit unhandled CLDs, 0.0001222 secs]2024-03-31T19:42:02.903+0800: 574.923: [dirty klass scan, 0.0011957 secs], 0.0635983 secs]2024-03-31T19:42:02.904+0800: 574.925: [weak refs processing, 0.0001291 secs]2024-03-31T19:42:02.904+0800: 574.925: [class unloading, 0.0104063 secs]2024-03-31T19:42:02.915+0800: 574.935: [scrub symbol table, 0.0096988 secs]2024-03-31T19:42:02.925+0800: 574.945: [scrub string table, 0.0004607 secs][1 CMS-remark: 63K(64K)] 93274K(118016K), 0.0872313 secs] [Times: user=0.08 sys=0.00, real=0.09 secs] 
2024-03-31T19:42:02.929+0800: 574.949: [CMS-concurrent-sweep-start]
2024-03-31T19:42:02.930+0800: 574.950: [CMS-concurrent-sweep: 0.000/0.000 secs] [Times: user=0.01 sys=0.00, real=0.00 secs] 
2024-03-31T19:42:02.931+0800: 574.952: [CMS-concurrent-reset-start]
2024-03-31T19:42:02.932+0800: 574.952: [CMS-concurrent-reset: 0.000/0.000 secs] [Times: user=0.00 sys=0.00, real=0.00 secs] 
2024-03-31T19:42:04.946+0800: 576.967: [GC (CMS Initial Mark) [1 CMS-initial-mark: 63K(64K)] 93678K(118016K), 0.1060036 secs] [Times: user=0.11 sys=0.00, real=0.11 secs] 
2024-03-31T19:42:05.053+0800: 577.073: [CMS-concurrent-mark-start]
2024-03-31T19:42:05.054+0800: 577.074: [CMS-concurrent-mark: 0.000/0.000 secs] [Times: user=0.00 sys=0.00, real=0.00 secs] 
2024-03-31T19:42:05.055+0800: 577.076: [CMS-concurrent-preclean-start]
2024-03-31T19:42:05.058+0800: 577.078: [CMS-concurrent-preclean: 0.001/0.001 secs] [Times: user=0.00 sys=0.01, real=0.01 secs] 
2024-03-31T19:42:05.059+0800: 577.079: [CMS-concurrent-abortable-preclean-start]
2024-03-31T19:42:05.059+0800: 577.080: [CMS-concurrent-abortable-preclean: 0.000/0.000 secs] [Times: user=0.00 sys=0.00, real=0.00 secs] 
2024-03-31T19:42:05.061+0800: 577.082: [GC (CMS Final Remark) [YG occupancy: 93614 K (117952 K)]2024-03-31T19:42:05.062+0800: 577.082: [Rescan (non-parallel) 2024-03-31T19:42:05.062+0800: 577.082: [grey object rescan, 0.0000647 secs]2024-03-31T19:42:05.062+0800: 577.082: [root rescan, 0.0632122 secs]2024-03-31T19:42:05.125+0800: 577.146: [visit unhandled CLDs, 0.0001488 secs]2024-03-31T19:42:05.125+0800: 577.146: [dirty klass scan, 0.0013641 secs], 0.0653360 secs]2024-03-31T19:42:05.127+0800: 577.147: [weak refs processing, 0.0001080 secs]2024-03-31T19:42:05.127+0800: 577.148: [class unloading, 0.0109676 secs]2024-03-31T19:42:05.138+0800: 577.159: [scrub symbol table, 0.0097802 secs]2024-03-31T19:42:05.148+0800: 577.169: [scrub string table, 0.0005797 secs][1 CMS-remark: 63K(64K)] 93678K(118016K), 0.0899018 secs] [Times: user=0.09 sys=0.00, real=0.09 secs] 
2024-03-31T19:42:05.152+0800: 577.172: [CMS-concurrent-sweep-start]
2024-03-31T19:42:05.152+0800: 577.173: [CMS-concurrent-sweep: 0.000/0.000 secs] [Times: user=0.00 sys=0.00, real=0.00 secs] 
2024-03-31T19:42:05.152+0800: 577.173: [CMS-concurrent-reset-start]
2024-03-31T19:42:05.152+0800: 577.173: [CMS-concurrent-reset: 0.000/0.000 secs] [Times: user=0.00 sys=0.00, real=0.00 secs] 
2024-03-31T19:42:07.163+0800: 579.184: [GC (CMS Initial Mark) [1 CMS-initial-mark: 63K(64K)] 93790K(118016K), 0.1103418 secs] [Times: user=0.11 sys=0.00, real=0.11 secs] 
2024-03-31T19:42:07.274+0800: 579.295: [CMS-concurrent-mark-start]
2024-03-31T19:42:07.275+0800: 579.296: [CMS-concurrent-mark: 0.000/0.000 secs] [Times: user=0.00 sys=0.00, real=0.00 secs] 
2024-03-31T19:42:07.276+0800: 579.296: [CMS-concurrent-preclean-start]
2024-03-31T19:42:07.277+0800: 579.298: [CMS-concurrent-preclean: 0.001/0.001 secs] [Times: user=0.00 sys=0.00, real=0.01 secs] 
2024-03-31T19:42:07.277+0800: 579.298: [CMS-concurrent-abortable-preclean-start]
2024-03-31T19:42:07.277+0800: 579.298: [CMS-concurrent-abortable-preclean: 0.000/0.000 secs] [Times: user=0.00 sys=0.00, real=0.00 secs] 
2024-03-31T19:42:07.278+0800: 579.299: [GC (CMS Final Remark) [YG occupancy: 93740 K (117952 K)]2024-03-31T19:42:07.278+0800: 579.299: [Rescan (non-parallel) 2024-03-31T19:42:07.278+0800: 579.299: [grey object rescan, 0.0000953 secs]2024-03-31T19:42:07.278+0800: 579.299: [root rescan, 0.0623074 secs]2024-03-31T19:42:07.341+0800: 579.361: [visit unhandled CLDs, 0.0001360 secs]2024-03-31T19:42:07.341+0800: 579.362: [dirty klass scan, 0.0011748 secs], 0.0641689 secs]2024-03-31T19:42:07.342+0800: 579.363: [weak refs processing, 0.0001510 secs]2024-03-31T19:42:07.343+0800: 579.363: [class unloading, 0.0104788 secs]2024-03-31T19:42:07.353+0800: 579.374: [scrub symbol table, 0.0096239 secs]2024-03-31T19:42:07.363+0800: 579.384: [scrub string table, 0.0004574 secs][1 CMS-remark: 63K(64K)] 93804K(118016K), 0.0877768 secs] [Times: user=0.09 sys=0.00, real=0.08 secs] 
2024-03-31T19:42:07.366+0800: 579.387: [CMS-concurrent-sweep-start]
2024-03-31T19:42:07.366+0800: 579.387: [CMS-concurrent-sweep: 0.000/0.000 secs] [Times: user=0.00 sys=0.00, real=0.00 secs] 
2024-03-31T19:42:07.367+0800: 579.387: [CMS-concurrent-reset-start]
2024-03-31T19:42:07.367+0800: 579.387: [CMS-concurrent-reset: 0.000/0.000 secs] [Times: user=0.00 sys=0.00, real=0.00 secs] 
2024-03-31T19:42:09.375+0800: 581.396: [GC (CMS Initial Mark) [1 CMS-initial-mark: 63K(64K)] 94093K(118016K), 0.1045001 secs] [Times: user=0.11 sys=0.00, real=0.11 secs] 
2024-03-31T19:42:09.481+0800: 581.501: [CMS-concurrent-mark-start]
2024-03-31T19:42:09.481+0800: 581.501: [CMS-concurrent-mark: 0.000/0.000 secs] [Times: user=0.00 sys=0.00, real=0.00 secs] 
2024-03-31T19:42:09.482+0800: 581.502: [CMS-concurrent-preclean-start]
2024-03-31T19:42:09.483+0800: 581.504: [CMS-concurrent-preclean: 0.001/0.001 secs] [Times: user=0.00 sys=0.00, real=0.00 secs] 
2024-03-31T19:42:09.484+0800: 581.505: [CMS-concurrent-abortable-preclean-start]
2024-03-31T19:42:09.484+0800: 581.505: [CMS-concurrent-abortable-preclean: 0.000/0.000 secs] [Times: user=0.00 sys=0.00, real=0.00 secs] 
2024-03-31T19:42:09.485+0800: 581.506: [GC (CMS Final Remark) [YG occupancy: 94039 K (117952 K)]2024-03-31T19:42:09.486+0800: 581.506: [Rescan (non-parallel) 2024-03-31T19:42:09.486+0800: 581.506: [grey object rescan, 0.0000623 secs]2024-03-31T19:42:09.486+0800: 581.506: [root rescan, 0.0626227 secs]2024-03-31T19:42:09.549+0800: 581.569: [visit unhandled CLDs, 0.0001275 secs]2024-03-31T19:42:09.549+0800: 581.569: [dirty klass scan, 0.0012418 secs], 0.0645192 secs]2024-03-31T19:42:09.550+0800: 581.571: [weak refs processing, 0.0001340 secs]2024-03-31T19:42:09.550+0800: 581.571: [class unloading, 0.0104952 secs]2024-03-31T19:42:09.561+0800: 581.581: [scrub symbol table, 0.0096347 secs]2024-03-31T19:42:09.571+0800: 581.591: [scrub string table, 0.0005047 secs][1 CMS-remark: 63K(64K)] 94103K(118016K), 0.0881738 secs] [Times: user=0.09 sys=0.00, real=0.09 secs] 
2024-03-31T19:42:09.574+0800: 581.595: [CMS-concurrent-sweep-start]
2024-03-31T19:42:09.574+0800: 581.595: [CMS-concurrent-sweep: 0.000/0.000 secs] [Times: user=0.00 sys=0.00, real=0.00 secs] 
2024-03-31T19:42:09.575+0800: 581.595: [CMS-concurrent-reset-start]
2024-03-31T19:42:09.575+0800: 581.595: [CMS-concurrent-reset: 0.000/0.000 secs] [Times: user=0.00 sys=0.00, real=0.00 secs] 
2024-03-31T19:42:11.577+0800: 583.598: [GC (CMS Initial Mark) [1 CMS-initial-mark: 63K(64K)] 94382K(118016K), 0.0658468 secs] [Times: user=0.07 sys=0.00, real=0.06 secs] 
2024-03-31T19:42:11.644+0800: 583.664: [CMS-concurrent-mark-start]
2024-03-31T19:42:11.645+0800: 583.665: [CMS-concurrent-mark: 0.000/0.000 secs] [Times: user=0.00 sys=0.00, real=0.00 secs] 
2024-03-31T19:42:11.645+0800: 583.666: [CMS-concurrent-preclean-start]
2024-03-31T19:42:11.647+0800: 583.668: [CMS-concurrent-preclean: 0.001/0.001 secs] [Times: user=0.00 sys=0.01, real=0.01 secs] 
2024-03-31T19:42:11.648+0800: 583.668: [CMS-concurrent-abortable-preclean-start]
2024-03-31T19:42:11.648+0800: 583.668: [CMS-concurrent-abortable-preclean: 0.000/0.000 secs] [Times: user=0.00 sys=0.00, real=0.00 secs] 
2024-03-31T19:42:11.649+0800: 583.669: [GC (CMS Final Remark) [YG occupancy: 94318 K (117952 K)]2024-03-31T19:42:11.649+0800: 583.669: [Rescan (non-parallel) 2024-03-31T19:42:11.649+0800: 583.670: [grey object rescan, 0.0001205 secs]2024-03-31T19:42:11.649+0800: 583.670: [root rescan, 0.0628684 secs]2024-03-31T19:42:11.712+0800: 583.733: [visit unhandled CLDs, 0.0001789 secs]2024-03-31T19:42:11.713+0800: 583.733: [dirty klass scan, 0.0012604 secs], 0.0650750 secs]2024-03-31T19:42:11.714+0800: 583.735: [weak refs processing, 0.0001868 secs]2024-03-31T19:42:11.715+0800: 583.735: [class unloading, 0.0111633 secs]2024-03-31T19:42:11.726+0800: 583.746: [scrub symbol table, 0.0099673 secs]2024-03-31T19:42:11.736+0800: 583.756: [scrub string table, 0.0005010 secs][1 CMS-remark: 63K(64K)] 94382K(118016K), 0.0901195 secs] [Times: user=0.09 sys=0.00, real=0.09 secs] 
2024-03-31T19:42:11.740+0800: 583.760: [CMS-concurrent-sweep-start]
2024-03-31T19:42:11.740+0800: 583.760: [CMS-concurrent-sweep: 0.000/0.000 secs] [Times: user=0.00 sys=0.00, real=0.00 secs] 
2024-03-31T19:42:11.740+0800: 583.761: [CMS-concurrent-reset-start]
2024-03-31T19:42:11.741+0800: 583.761: [CMS-concurrent-reset: 0.000/0.000 secs] [Times: user=0.00 sys=0.00, real=0.00 secs] 
2024-03-31T19:42:13.747+0800: 585.768: [GC (CMS Initial Mark) [1 CMS-initial-mark: 63K(64K)] 94592K(118016K), 0.0890797 secs] [Times: user=0.09 sys=0.00, real=0.08 secs] 
2024-03-31T19:42:13.837+0800: 585.857: [CMS-concurrent-mark-start]
2024-03-31T19:42:13.838+0800: 585.858: [CMS-concurrent-mark: 0.000/0.000 secs] [Times: user=0.00 sys=0.00, real=0.01 secs] 
2024-03-31T19:42:13.838+0800: 585.859: [CMS-concurrent-preclean-start]
2024-03-31T19:42:13.839+0800: 585.860: [CMS-concurrent-preclean: 0.001/0.001 secs] [Times: user=0.00 sys=0.00, real=0.00 secs] 
2024-03-31T19:42:13.839+0800: 585.860: [CMS-concurrent-abortable-preclean-start]
2024-03-31T19:42:13.839+0800: 585.860: [CMS-concurrent-abortable-preclean: 0.000/0.000 secs] [Times: user=0.00 sys=0.00, real=0.00 secs] 
2024-03-31T19:42:13.840+0800: 585.860: [GC (CMS Final Remark) [YG occupancy: 94528 K (117952 K)]2024-03-31T19:42:13.840+0800: 585.861: [Rescan (non-parallel) 2024-03-31T19:42:13.840+0800: 585.861: [grey object rescan, 0.0001238 secs]2024-03-31T19:42:13.840+0800: 585.861: [root rescan, 0.0621291 secs]2024-03-31T19:42:13.903+0800: 585.923: [visit unhandled CLDs, 0.0001431 secs]2024-03-31T19:42:13.903+0800: 585.923: [dirty klass scan, 0.0011919 secs], 0.0641820 secs]2024-03-31T19:42:13.904+0800: 585.925: [weak refs processing, 0.0001434 secs]2024-03-31T19:42:13.905+0800: 585.925: [class unloading, 0.0102960 secs]2024-03-31T19:42:13.915+0800: 585.936: [scrub symbol table, 0.0096383 secs]2024-03-31T19:42:13.925+0800: 585.945: [scrub string table, 0.0004881 secs][1 CMS-remark: 63K(64K)] 94592K(118016K), 0.0879286 secs] [Times: user=0.09 sys=0.00, real=0.09 secs] 
2024-03-31T19:42:13.928+0800: 585.949: [CMS-concurrent-sweep-start]
2024-03-31T19:42:13.928+0800: 585.949: [CMS-concurrent-sweep: 0.000/0.000 secs] [Times: user=0.00 sys=0.00, real=0.00 secs] 
2024-03-31T19:42:13.929+0800: 585.949: [CMS-concurrent-reset-start]
2024-03-31T19:42:13.929+0800: 585.949: [CMS-concurrent-reset: 0.000/0.000 secs] [Times: user=0.00 sys=0.00, real=0.00 secs] 
2024-03-31T19:42:15.932+0800: 587.953: [GC (CMS Initial Mark) [1 CMS-initial-mark: 63K(64K)] 94865K(118016K), 0.1154202 secs] [Times: user=0.11 sys=0.00, real=0.12 secs] 
2024-03-31T19:42:16.049+0800: 588.069: [CMS-concurrent-mark-start]
2024-03-31T19:42:16.050+0800: 588.070: [CMS-concurrent-mark: 0.000/0.000 secs] [Times: user=0.00 sys=0.00, real=0.00 secs] 
2024-03-31T19:42:16.050+0800: 588.071: [CMS-concurrent-preclean-start]
2024-03-31T19:42:16.052+0800: 588.072: [CMS-concurrent-preclean: 0.001/0.001 secs] [Times: user=0.00 sys=0.01, real=0.00 secs] 
2024-03-31T19:42:16.052+0800: 588.072: [CMS-concurrent-abortable-preclean-start]
2024-03-31T19:42:16.052+0800: 588.072: [CMS-concurrent-abortable-preclean: 0.000/0.000 secs] [Times: user=0.00 sys=0.00, real=0.00 secs] 
2024-03-31T19:42:16.053+0800: 588.074: [GC (CMS Final Remark) [YG occupancy: 94801 K (117952 K)]2024-03-31T19:42:16.053+0800: 588.074: [Rescan (non-parallel) 2024-03-31T19:42:16.053+0800: 588.074: [grey object rescan, 0.0001010 secs]2024-03-31T19:42:16.054+0800: 588.074: [root rescan, 0.0641233 secs]2024-03-31T19:42:16.118+0800: 588.138: [visit unhandled CLDs, 0.0001805 secs]2024-03-31T19:42:16.118+0800: 588.139: [dirty klass scan, 0.0012780 secs], 0.0663562 secs]2024-03-31T19:42:16.120+0800: 588.140: [weak refs processing, 0.0001544 secs]2024-03-31T19:42:16.120+0800: 588.140: [class unloading, 0.0109232 secs]2024-03-31T19:42:16.131+0800: 588.152: [scrub symbol table, 0.0096593 secs]2024-03-31T19:42:16.141+0800: 588.161: [scrub string table, 0.0004938 secs][1 CMS-remark: 63K(64K)] 94865K(118016K), 0.0908580 secs] [Times: user=0.08 sys=0.00, real=0.09 secs] 
2024-03-31T19:42:16.145+0800: 588.165: [CMS-concurrent-sweep-start]
2024-03-31T19:42:16.145+0800: 588.165: [CMS-concurrent-sweep: 0.000/0.000 secs] [Times: user=0.01 sys=0.00, real=0.00 secs] 
2024-03-31T19:42:16.146+0800: 588.167: [CMS-concurrent-reset-start]
2024-03-31T19:42:16.147+0800: 588.167: [CMS-concurrent-reset: 0.000/0.000 secs] [Times: user=0.00 sys=0.00, real=0.01 secs] 
2024-03-31T19:42:18.154+0800: 590.175: [GC (CMS Initial Mark) [1 CMS-initial-mark: 63K(64K)] 94953K(118016K), 0.1020331 secs] [Times: user=0.10 sys=0.00, real=0.10 secs] 
2024-03-31T19:42:18.257+0800: 590.278: [CMS-concurrent-mark-start]
2024-03-31T19:42:18.259+0800: 590.279: [CMS-concurrent-mark: 0.000/0.000 secs] [Times: user=0.00 sys=0.00, real=0.00 secs] 
2024-03-31T19:42:18.260+0800: 590.281: [CMS-concurrent-preclean-start]
2024-03-31T19:42:18.263+0800: 590.283: [CMS-concurrent-preclean: 0.001/0.001 secs] [Times: user=0.00 sys=0.00, real=0.00 secs] 
2024-03-31T19:42:18.264+0800: 590.284: [CMS-concurrent-abortable-preclean-start]
2024-03-31T19:42:18.264+0800: 590.285: [CMS-concurrent-abortable-preclean: 0.000/0.000 secs] [Times: user=0.00 sys=0.01, real=0.00 secs] 
2024-03-31T19:42:18.270+0800: 590.290: [GC (CMS Final Remark) [YG occupancy: 94890 K (117952 K)]2024-03-31T19:42:18.270+0800: 590.290: [Rescan (non-parallel) 2024-03-31T19:42:18.270+0800: 590.291: [grey object rescan, 0.0000721 secs]2024-03-31T19:42:18.270+0800: 590.291: [root rescan, 0.0626680 secs]2024-03-31T19:42:18.333+0800: 590.354: [visit unhandled CLDs, 0.0001390 secs]2024-03-31T19:42:18.333+0800: 590.354: [dirty klass scan, 0.0011924 secs], 0.0645299 secs]2024-03-31T19:42:18.335+0800: 590.355: [weak refs processing, 0.0000995 secs]2024-03-31T19:42:18.335+0800: 590.355: [class unloading, 0.0103513 secs]2024-03-31T19:42:18.345+0800: 590.366: [scrub symbol table, 0.0095218 secs]2024-03-31T19:42:18.355+0800: 590.375: [scrub string table, 0.0004594 secs][1 CMS-remark: 63K(64K)] 94953K(118016K), 0.0879777 secs] [Times: user=0.09 sys=0.00, real=0.09 secs] 
2024-03-31T19:42:18.359+0800: 590.379: [CMS-concurrent-sweep-start]
2024-03-31T19:42:18.359+0800: 590.380: [CMS-concurrent-sweep: 0.000/0.000 secs] [Times: user=0.00 sys=0.00, real=0.00 secs] 
2024-03-31T19:42:18.360+0800: 590.380: [CMS-concurrent-reset-start]
2024-03-31T19:42:18.360+0800: 590.381: [CMS-concurrent-reset: 0.000/0.000 secs] [Times: user=0.00 sys=0.00, real=0.00 secs] 
2024-03-31T19:42:20.369+0800: 592.389: [GC (CMS Initial Mark) [1 CMS-initial-mark: 63K(64K)] 95349K(118016K), 0.1038102 secs] [Times: user=0.10 sys=0.00, real=0.10 secs] 
2024-03-31T19:42:20.473+0800: 592.493: [CMS-concurrent-mark-start]
2024-03-31T19:42:20.474+0800: 592.494: [CMS-concurrent-mark: 0.000/0.000 secs] [Times: user=0.00 sys=0.00, real=0.00 secs] 
2024-03-31T19:42:20.475+0800: 592.495: [CMS-concurrent-preclean-start]
2024-03-31T19:42:20.477+0800: 592.498: [CMS-concurrent-preclean: 0.001/0.001 secs] [Times: user=0.00 sys=0.00, real=0.01 secs] 
2024-03-31T19:42:20.478+0800: 592.499: [CMS-concurrent-abortable-preclean-start]
2024-03-31T19:42:20.479+0800: 592.499: [CMS-concurrent-abortable-preclean: 0.000/0.000 secs] [Times: user=0.01 sys=0.00, real=0.00 secs] 
2024-03-31T19:42:20.482+0800: 592.502: [GC (CMS Final Remark) [YG occupancy: 95286 K (117952 K)]2024-03-31T19:42:20.482+0800: 592.502: [Rescan (non-parallel) 2024-03-31T19:42:20.482+0800: 592.502: [grey object rescan, 0.0000752 secs]2024-03-31T19:42:20.482+0800: 592.503: [root rescan, 0.0624641 secs]2024-03-31T19:42:20.545+0800: 592.565: [visit unhandled CLDs, 0.0001203 secs]2024-03-31T19:42:20.545+0800: 592.565: [dirty klass scan, 0.0012858 secs], 0.0643946 secs]2024-03-31T19:42:20.546+0800: 592.567: [weak refs processing, 0.0001064 secs]2024-03-31T19:42:20.547+0800: 592.567: [class unloading, 0.0103381 secs]2024-03-31T19:42:20.557+0800: 592.577: [scrub symbol table, 0.0095757 secs]2024-03-31T19:42:20.567+0800: 592.587: [scrub string table, 0.0004623 secs][1 CMS-remark: 63K(64K)] 95349K(118016K), 0.0877659 secs] [Times: user=0.09 sys=0.00, real=0.09 secs] 
2024-03-31T19:42:20.570+0800: 592.591: [CMS-concurrent-sweep-start]
2024-03-31T19:42:20.570+0800: 592.591: [CMS-concurrent-sweep: 0.000/0.000 secs] [Times: user=0.00 sys=0.00, real=0.00 secs] 
2024-03-31T19:42:20.571+0800: 592.591: [CMS-concurrent-reset-start]
2024-03-31T19:42:20.571+0800: 592.591: [CMS-concurrent-reset: 0.000/0.000 secs] [Times: user=0.00 sys=0.00, real=0.00 secs] 
2024-03-31T19:42:22.579+0800: 594.599: [GC (CMS Initial Mark) [1 CMS-initial-mark: 63K(64K)] 95460K(118016K), 0.1106207 secs] [Times: user=0.11 sys=0.00, real=0.11 secs] 
2024-03-31T19:42:22.690+0800: 594.711: [CMS-concurrent-mark-start]
2024-03-31T19:42:22.691+0800: 594.711: [CMS-concurrent-mark: 0.000/0.000 secs] [Times: user=0.00 sys=0.00, real=0.00 secs] 
2024-03-31T19:42:22.692+0800: 594.712: [CMS-concurrent-preclean-start]
2024-03-31T19:42:22.693+0800: 594.714: [CMS-concurrent-preclean: 0.001/0.001 secs] [Times: user=0.01 sys=0.00, real=0.00 secs] 
2024-03-31T19:42:22.694+0800: 594.714: [CMS-concurrent-abortable-preclean-start]
2024-03-31T19:42:22.694+0800: 594.714: [CMS-concurrent-abortable-preclean: 0.000/0.000 secs] [Times: user=0.00 sys=0.00, real=0.00 secs] 
2024-03-31T19:42:22.695+0800: 594.715: [GC (CMS Final Remark) [YG occupancy: 95396 K (117952 K)]2024-03-31T19:42:22.695+0800: 594.715: [Rescan (non-parallel) 2024-03-31T19:42:22.695+0800: 594.715: [grey object rescan, 0.0000729 secs]2024-03-31T19:42:22.695+0800: 594.715: [root rescan, 0.0654429 secs]2024-03-31T19:42:22.761+0800: 594.781: [visit unhandled CLDs, 0.0002080 secs]2024-03-31T19:42:22.761+0800: 594.781: [dirty klass scan, 0.0013883 secs], 0.0676487 secs]2024-03-31T19:42:22.762+0800: 594.783: [weak refs processing, 0.0001084 secs]2024-03-31T19:42:22.763+0800: 594.783: [class unloading, 0.0107603 secs]2024-03-31T19:42:22.774+0800: 594.794: [scrub symbol table, 0.0120404 secs]2024-03-31T19:42:22.786+0800: 594.806: [scrub string table, 0.0004947 secs][1 CMS-remark: 63K(64K)] 95460K(118016K), 0.0942288 secs] [Times: user=0.09 sys=0.00, real=0.10 secs] 
2024-03-31T19:42:22.789+0800: 594.810: [CMS-concurrent-sweep-start]
2024-03-31T19:42:22.789+0800: 594.810: [CMS-concurrent-sweep: 0.000/0.000 secs] [Times: user=0.00 sys=0.00, real=0.00 secs] 
2024-03-31T19:42:22.789+0800: 594.810: [CMS-concurrent-reset-start]
2024-03-31T19:42:22.789+0800: 594.810: [CMS-concurrent-reset: 0.000/0.000 secs] [Times: user=0.00 sys=0.00, real=0.00 secs] 
2024-03-31T19:42:24.801+0800: 596.822: [GC (CMS Initial Mark) [1 CMS-initial-mark: 63K(64K)] 95714K(118016K), 0.1013863 secs] [Times: user=0.10 sys=0.00, real=0.10 secs] 
2024-03-31T19:42:24.903+0800: 596.924: [CMS-concurrent-mark-start]
2024-03-31T19:42:24.904+0800: 596.924: [CMS-concurrent-mark: 0.000/0.000 secs] [Times: user=0.00 sys=0.00, real=0.00 secs] 
2024-03-31T19:42:24.904+0800: 596.925: [CMS-concurrent-preclean-start]
2024-03-31T19:42:24.906+0800: 596.926: [CMS-concurrent-preclean: 0.001/0.001 secs] [Times: user=0.00 sys=0.00, real=0.00 secs] 
2024-03-31T19:42:24.907+0800: 596.927: [CMS-concurrent-abortable-preclean-start]
2024-03-31T19:42:24.907+0800: 596.927: [CMS-concurrent-abortable-preclean: 0.000/0.000 secs] [Times: user=0.00 sys=0.00, real=0.00 secs] 
2024-03-31T19:42:24.908+0800: 596.928: [GC (CMS Final Remark) [YG occupancy: 95650 K (117952 K)]2024-03-31T19:42:24.908+0800: 596.928: [Rescan (non-parallel) 2024-03-31T19:42:24.908+0800: 596.928: [grey object rescan, 0.0000884 secs]2024-03-31T19:42:24.908+0800: 596.929: [root rescan, 0.0637062 secs]2024-03-31T19:42:24.972+0800: 596.992: [visit unhandled CLDs, 0.0001345 secs]2024-03-31T19:42:24.972+0800: 596.993: [dirty klass scan, 0.0012160 secs], 0.0656307 secs]2024-03-31T19:42:24.974+0800: 596.994: [weak refs processing, 0.0001128 secs]2024-03-31T19:42:24.974+0800: 596.994: [class unloading, 0.0105997 secs]2024-03-31T19:42:24.985+0800: 597.005: [scrub symbol table, 0.0096708 secs]2024-03-31T19:42:24.994+0800: 597.015: [scrub string table, 0.0004593 secs][1 CMS-remark: 63K(64K)] 95714K(118016K), 0.0894115 secs] [Times: user=0.09 sys=0.00, real=0.09 secs] 
2024-03-31T19:42:24.998+0800: 597.018: [CMS-concurrent-sweep-start]
2024-03-31T19:42:24.998+0800: 597.018: [CMS-concurrent-sweep: 0.000/0.000 secs] [Times: user=0.00 sys=0.00, real=0.00 secs] 
2024-03-31T19:42:24.998+0800: 597.019: [CMS-concurrent-reset-start]
2024-03-31T19:42:24.999+0800: 597.019: [CMS-concurrent-reset: 0.000/0.000 secs] [Times: user=0.00 sys=0.00, real=0.00 secs] 
2024-03-31T19:42:27.000+0800: 599.020: [GC (CMS Initial Mark) [1 CMS-initial-mark: 63K(64K)] 95851K(118016K), 0.0639495 secs] [Times: user=0.06 sys=0.00, real=0.06 secs] 
2024-03-31T19:42:27.065+0800: 599.085: [CMS-concurrent-mark-start]
2024-03-31T19:42:27.066+0800: 599.086: [CMS-concurrent-mark: 0.000/0.000 secs] [Times: user=0.00 sys=0.00, real=0.00 secs] 
2024-03-31T19:42:27.066+0800: 599.086: [CMS-concurrent-preclean-start]
2024-03-31T19:42:27.068+0800: 599.088: [CMS-concurrent-preclean: 0.001/0.001 secs] [Times: user=0.01 sys=0.00, real=0.01 secs] 
2024-03-31T19:42:27.068+0800: 599.088: [CMS-concurrent-abortable-preclean-start]
2024-03-31T19:42:27.068+0800: 599.088: [CMS-concurrent-abortable-preclean: 0.000/0.000 secs] [Times: user=0.00 sys=0.00, real=0.00 secs] 
2024-03-31T19:42:27.069+0800: 599.089: [GC (CMS Final Remark) [YG occupancy: 95809 K (117952 K)]2024-03-31T19:42:27.069+0800: 599.089: [Rescan (non-parallel) 2024-03-31T19:42:27.069+0800: 599.089: [grey object rescan, 0.0001230 secs]2024-03-31T19:42:27.069+0800: 599.089: [root rescan, 0.0649084 secs]2024-03-31T19:42:27.134+0800: 599.155: [visit unhandled CLDs, 0.0002343 secs]2024-03-31T19:42:27.135+0800: 599.155: [dirty klass scan, 0.0014080 secs], 0.0673760 secs]2024-03-31T19:42:27.136+0800: 599.157: [weak refs processing, 0.0001429 secs]2024-03-31T19:42:27.136+0800: 599.157: [class unloading, 0.0106380 secs]2024-03-31T19:42:27.147+0800: 599.168: [scrub symbol table, 0.0098800 secs]2024-03-31T19:42:27.157+0800: 599.178: [scrub string table, 0.0005238 secs][1 CMS-remark: 63K(64K)] 95873K(118016K), 0.0919055 secs] [Times: user=0.09 sys=0.00, real=0.09 secs] 
2024-03-31T19:42:27.161+0800: 599.182: [CMS-concurrent-sweep-start]
2024-03-31T19:42:27.161+0800: 599.182: [CMS-concurrent-sweep: 0.000/0.000 secs] [Times: user=0.00 sys=0.01, real=0.00 secs] 
2024-03-31T19:42:27.162+0800: 599.182: [CMS-concurrent-reset-start]
2024-03-31T19:42:27.162+0800: 599.182: [CMS-concurrent-reset: 0.000/0.000 secs] [Times: user=0.00 sys=0.00, real=0.00 secs] 
2024-03-31T19:42:29.169+0800: 601.189: [GC (CMS Initial Mark) [1 CMS-initial-mark: 63K(64K)] 96079K(118016K), 0.1111083 secs] [Times: user=0.11 sys=0.00, real=0.11 secs] 
2024-03-31T19:42:29.281+0800: 601.301: [CMS-concurrent-mark-start]
2024-03-31T19:42:29.282+0800: 601.302: [CMS-concurrent-mark: 0.000/0.000 secs] [Times: user=0.00 sys=0.00, real=0.00 secs] 
2024-03-31T19:42:29.283+0800: 601.303: [CMS-concurrent-preclean-start]
2024-03-31T19:42:29.284+0800: 601.305: [CMS-concurrent-preclean: 0.001/0.001 secs] [Times: user=0.01 sys=0.00, real=0.00 secs] 
2024-03-31T19:42:29.285+0800: 601.305: [CMS-concurrent-abortable-preclean-start]
2024-03-31T19:42:29.285+0800: 601.305: [CMS-concurrent-abortable-preclean: 0.000/0.000 secs] [Times: user=0.00 sys=0.00, real=0.00 secs] 
2024-03-31T19:42:29.285+0800: 601.306: [GC (CMS Final Remark) [YG occupancy: 96023 K (117952 K)]2024-03-31T19:42:29.286+0800: 601.306: [Rescan (non-parallel) 2024-03-31T19:42:29.286+0800: 601.306: [grey object rescan, 0.0000838 secs]2024-03-31T19:42:29.286+0800: 601.306: [root rescan, 0.0639014 secs]2024-03-31T19:42:29.350+0800: 601.370: [visit unhandled CLDs, 0.0001244 secs]2024-03-31T19:42:29.350+0800: 601.370: [dirty klass scan, 0.0013025 secs], 0.0658872 secs]2024-03-31T19:42:29.352+0800: 601.372: [weak refs processing, 0.0001152 secs]2024-03-31T19:42:29.352+0800: 601.372: [class unloading, 0.0105618 secs]2024-03-31T19:42:29.362+0800: 601.383: [scrub symbol table, 0.0095764 secs]2024-03-31T19:42:29.372+0800: 601.393: [scrub string table, 0.0004588 secs][1 CMS-remark: 63K(64K)] 96087K(118016K), 0.0895161 secs] [Times: user=0.09 sys=0.00, real=0.09 secs] 
2024-03-31T19:42:29.376+0800: 601.396: [CMS-concurrent-sweep-start]
2024-03-31T19:42:29.376+0800: 601.396: [CMS-concurrent-sweep: 0.000/0.000 secs] [Times: user=0.00 sys=0.00, real=0.00 secs] 
2024-03-31T19:42:29.376+0800: 601.397: [CMS-concurrent-reset-start]
2024-03-31T19:42:29.376+0800: 601.397: [CMS-concurrent-reset: 0.000/0.000 secs] [Times: user=0.00 sys=0.01, real=0.00 secs] 
2024-03-31T19:42:31.393+0800: 603.413: [GC (CMS Initial Mark) [1 CMS-initial-mark: 63K(64K)] 96210K(118016K), 0.1018816 secs] [Times: user=0.10 sys=0.00, real=0.10 secs] 
2024-03-31T19:42:31.496+0800: 603.516: [CMS-concurrent-mark-start]
2024-03-31T19:42:31.496+0800: 603.516: [CMS-concurrent-mark: 0.000/0.000 secs] [Times: user=0.00 sys=0.00, real=0.00 secs] 
2024-03-31T19:42:31.497+0800: 603.517: [CMS-concurrent-preclean-start]
2024-03-31T19:42:31.499+0800: 603.519: [CMS-concurrent-preclean: 0.001/0.001 secs] [Times: user=0.00 sys=0.00, real=0.01 secs] 
2024-03-31T19:42:31.499+0800: 603.519: [CMS-concurrent-abortable-preclean-start]
2024-03-31T19:42:31.499+0800: 603.519: [CMS-concurrent-abortable-preclean: 0.000/0.000 secs] [Times: user=0.00 sys=0.00, real=0.00 secs] 
2024-03-31T19:42:31.500+0800: 603.520: [GC (CMS Final Remark) [YG occupancy: 96146 K (117952 K)]2024-03-31T19:42:31.500+0800: 603.520: [Rescan (non-parallel) 2024-03-31T19:42:31.500+0800: 603.520: [grey object rescan, 0.0000633 secs]2024-03-31T19:42:31.500+0800: 603.520: [root rescan, 0.0646343 secs]2024-03-31T19:42:31.565+0800: 603.585: [visit unhandled CLDs, 0.0001102 secs]2024-03-31T19:42:31.565+0800: 603.585: [dirty klass scan, 0.0012680 secs], 0.0665225 secs]2024-03-31T19:42:31.566+0800: 603.586: [weak refs processing, 0.0001318 secs]2024-03-31T19:42:31.566+0800: 603.587: [class unloading, 0.0104575 secs]2024-03-31T19:42:31.577+0800: 603.597: [scrub symbol table, 0.0097133 secs]2024-03-31T19:42:31.587+0800: 603.607: [scrub string table, 0.0004655 secs][1 CMS-remark: 63K(64K)] 96210K(118016K), 0.0902227 secs] [Times: user=0.09 sys=0.00, real=0.09 secs] 
2024-03-31T19:42:31.591+0800: 603.611: [CMS-concurrent-sweep-start]
2024-03-31T19:42:31.592+0800: 603.612: [CMS-concurrent-sweep: 0.000/0.000 secs] [Times: user=0.00 sys=0.00, real=0.00 secs] 
2024-03-31T19:42:31.593+0800: 603.613: [CMS-concurrent-reset-start]
2024-03-31T19:42:31.594+0800: 603.614: [CMS-concurrent-reset: 0.000/0.000 secs] [Times: user=0.00 sys=0.00, real=0.00 secs] 
2024-03-31T19:42:33.606+0800: 605.626: [GC (CMS Initial Mark) [1 CMS-initial-mark: 63K(64K)] 96298K(118016K), 0.1056888 secs] [Times: user=0.11 sys=0.00, real=0.11 secs] 
2024-03-31T19:42:33.712+0800: 605.732: [CMS-concurrent-mark-start]
2024-03-31T19:42:33.712+0800: 605.732: [CMS-concurrent-mark: 0.000/0.000 secs] [Times: user=0.00 sys=0.00, real=0.00 secs] 
2024-03-31T19:42:33.714+0800: 605.734: [CMS-concurrent-preclean-start]
2024-03-31T19:42:33.717+0800: 605.737: [CMS-concurrent-preclean: 0.001/0.001 secs] [Times: user=0.00 sys=0.00, real=0.00 secs] 
2024-03-31T19:42:33.719+0800: 605.739: [CMS-concurrent-abortable-preclean-start]
2024-03-31T19:42:33.720+0800: 605.740: [CMS-concurrent-abortable-preclean: 0.000/0.000 secs] [Times: user=0.00 sys=0.00, real=0.00 secs] 
2024-03-31T19:42:33.724+0800: 605.744: [GC (CMS Final Remark) [YG occupancy: 96234 K (117952 K)]2024-03-31T19:42:33.724+0800: 605.744: [Rescan (non-parallel) 2024-03-31T19:42:33.724+0800: 605.744: [grey object rescan, 0.0001053 secs]2024-03-31T19:42:33.724+0800: 605.744: [root rescan, 0.0648976 secs]2024-03-31T19:42:33.789+0800: 605.809: [visit unhandled CLDs, 0.0001515 secs]2024-03-31T19:42:33.790+0800: 605.810: [dirty klass scan, 0.0013743 secs], 0.0671405 secs]2024-03-31T19:42:33.791+0800: 605.811: [weak refs processing, 0.0001396 secs]2024-03-31T19:42:33.791+0800: 605.812: [class unloading, 0.0112275 secs]2024-03-31T19:42:33.803+0800: 605.823: [scrub symbol table, 0.0100643 secs]2024-03-31T19:42:33.813+0800: 605.833: [scrub string table, 0.0005301 secs][1 CMS-remark: 63K(64K)] 96298K(118016K), 0.0924101 secs] [Times: user=0.09 sys=0.00, real=0.09 secs] 
2024-03-31T19:42:33.817+0800: 605.837: [CMS-concurrent-sweep-start]
2024-03-31T19:42:33.818+0800: 605.838: [CMS-concurrent-sweep: 0.000/0.000 secs] [Times: user=0.01 sys=0.01, real=0.01 secs] 
2024-03-31T19:42:33.821+0800: 605.841: [CMS-concurrent-reset-start]
2024-03-31T19:42:33.823+0800: 605.843: [CMS-concurrent-reset: 0.000/0.000 secs] [Times: user=0.00 sys=0.00, real=0.00 secs] 
2024-03-31T19:42:35.838+0800: 607.858: [GC (CMS Initial Mark) [1 CMS-initial-mark: 63K(64K)] 96755K(118016K), 0.1036578 secs] [Times: user=0.10 sys=0.01, real=0.11 secs] 
2024-03-31T19:42:35.941+0800: 607.961: [CMS-concurrent-mark-start]
2024-03-31T19:42:35.942+0800: 607.962: [CMS-concurrent-mark: 0.000/0.000 secs] [Times: user=0.00 sys=0.00, real=0.00 secs] 
2024-03-31T19:42:35.944+0800: 607.964: [CMS-concurrent-preclean-start]
2024-03-31T19:42:35.947+0800: 607.967: [CMS-concurrent-preclean: 0.001/0.001 secs] [Times: user=0.01 sys=0.00, real=0.00 secs] 
2024-03-31T19:42:35.949+0800: 607.969: [CMS-concurrent-abortable-preclean-start]
2024-03-31T19:42:35.949+0800: 607.970: [CMS-concurrent-abortable-preclean: 0.000/0.000 secs] [Times: user=0.00 sys=0.00, real=0.01 secs] 
2024-03-31T19:42:35.954+0800: 607.974: [GC (CMS Final Remark) [YG occupancy: 96691 K (117952 K)]2024-03-31T19:42:35.954+0800: 607.974: [Rescan (non-parallel) 2024-03-31T19:42:35.954+0800: 607.974: [grey object rescan, 0.0000884 secs]2024-03-31T19:42:35.954+0800: 607.974: [root rescan, 0.0650650 secs]2024-03-31T19:42:36.020+0800: 608.040: [visit unhandled CLDs, 0.0001170 secs]2024-03-31T19:42:36.020+0800: 608.040: [dirty klass scan, 0.0012800 secs], 0.0670681 secs]2024-03-31T19:42:36.021+0800: 608.041: [weak refs processing, 0.0001120 secs]2024-03-31T19:42:36.021+0800: 608.041: [class unloading, 0.0106413 secs]2024-03-31T19:42:36.032+0800: 608.052: [scrub symbol table, 0.0095746 secs]2024-03-31T19:42:36.042+0800: 608.062: [scrub string table, 0.0004736 secs][1 CMS-remark: 63K(64K)] 96755K(118016K), 0.0909517 secs] [Times: user=0.09 sys=0.00, real=0.09 secs] 
2024-03-31T19:42:36.046+0800: 608.066: [CMS-concurrent-sweep-start]
2024-03-31T19:42:36.046+0800: 608.066: [CMS-concurrent-sweep: 0.000/0.000 secs] [Times: user=0.00 sys=0.00, real=0.00 secs] 
2024-03-31T19:42:36.051+0800: 608.072: [CMS-concurrent-reset-start]
2024-03-31T19:42:36.053+0800: 608.073: [CMS-concurrent-reset: 0.000/0.000 secs] [Times: user=0.00 sys=0.00, real=0.00 secs] 
2024-03-31T19:42:38.073+0800: 610.094: [GC (CMS Initial Mark) [1 CMS-initial-mark: 63K(64K)] 96884K(118016K), 0.0991914 secs] [Times: user=0.10 sys=0.00, real=0.10 secs] 
2024-03-31T19:42:38.173+0800: 610.193: [CMS-concurrent-mark-start]
2024-03-31T19:42:38.175+0800: 610.195: [CMS-concurrent-mark: 0.000/0.000 secs] [Times: user=0.00 sys=0.00, real=0.00 secs] 
2024-03-31T19:42:38.176+0800: 610.196: [CMS-concurrent-preclean-start]
2024-03-31T19:42:38.178+0800: 610.198: [CMS-concurrent-preclean: 0.001/0.001 secs] [Times: user=0.00 sys=0.00, real=0.01 secs] 
2024-03-31T19:42:38.179+0800: 610.199: [CMS-concurrent-abortable-preclean-start]
2024-03-31T19:42:38.180+0800: 610.200: [CMS-concurrent-abortable-preclean: 0.000/0.000 secs] [Times: user=0.00 sys=0.00, real=0.00 secs] 
2024-03-31T19:42:38.182+0800: 610.202: [GC (CMS Final Remark) [YG occupancy: 96821 K (117952 K)]2024-03-31T19:42:38.182+0800: 610.202: [Rescan (non-parallel) 2024-03-31T19:42:38.182+0800: 610.203: [grey object rescan, 0.0000902 secs]2024-03-31T19:42:38.183+0800: 610.203: [root rescan, 0.0652331 secs]2024-03-31T19:42:38.248+0800: 610.268: [visit unhandled CLDs, 0.0001259 secs]2024-03-31T19:42:38.248+0800: 610.268: [dirty klass scan, 0.0013235 secs], 0.0672450 secs]2024-03-31T19:42:38.250+0800: 610.270: [weak refs processing, 0.0001001 secs]2024-03-31T19:42:38.250+0800: 610.270: [class unloading, 0.0105887 secs]2024-03-31T19:42:38.261+0800: 610.281: [scrub symbol table, 0.0095266 secs]2024-03-31T19:42:38.270+0800: 610.290: [scrub string table, 0.0004772 secs][1 CMS-remark: 63K(64K)] 96884K(118016K), 0.0908590 secs] [Times: user=0.09 sys=0.00, real=0.09 secs] 
2024-03-31T19:42:38.274+0800: 610.294: [CMS-concurrent-sweep-start]
2024-03-31T19:42:38.274+0800: 610.294: [CMS-concurrent-sweep: 0.000/0.000 secs] [Times: user=0.01 sys=0.00, real=0.00 secs] 
2024-03-31T19:42:38.274+0800: 610.294: [CMS-concurrent-reset-start]
2024-03-31T19:42:38.274+0800: 610.294: [CMS-concurrent-reset: 0.000/0.000 secs] [Times: user=0.00 sys=0.00, real=0.00 secs] 
2024-03-31T19:42:40.283+0800: 612.304: [GC (CMS Initial Mark) [1 CMS-initial-mark: 63K(64K)] 97028K(118016K), 0.1084732 secs] [Times: user=0.10 sys=0.00, real=0.11 secs] 
2024-03-31T19:42:40.393+0800: 612.413: [CMS-concurrent-mark-start]
2024-03-31T19:42:40.394+0800: 612.414: [CMS-concurrent-mark: 0.000/0.000 secs] [Times: user=0.00 sys=0.00, real=0.00 secs] 
2024-03-31T19:42:40.394+0800: 612.414: [CMS-concurrent-preclean-start]
2024-03-31T19:42:40.396+0800: 612.416: [CMS-concurrent-preclean: 0.001/0.001 secs] [Times: user=0.01 sys=0.00, real=0.00 secs] 
2024-03-31T19:42:40.396+0800: 612.416: [CMS-concurrent-abortable-preclean-start]
2024-03-31T19:42:40.396+0800: 612.417: [CMS-concurrent-abortable-preclean: 0.000/0.000 secs] [Times: user=0.00 sys=0.00, real=0.00 secs] 
2024-03-31T19:42:40.398+0800: 612.418: [GC (CMS Final Remark) [YG occupancy: 96964 K (117952 K)]2024-03-31T19:42:40.398+0800: 612.418: [Rescan (non-parallel) 2024-03-31T19:42:40.398+0800: 612.418: [grey object rescan, 0.0001075 secs]2024-03-31T19:42:40.398+0800: 612.418: [root rescan, 0.0640963 secs]2024-03-31T19:42:40.462+0800: 612.482: [visit unhandled CLDs, 0.0001667 secs]2024-03-31T19:42:40.463+0800: 612.483: [dirty klass scan, 0.0013052 secs], 0.0662691 secs]2024-03-31T19:42:40.464+0800: 612.484: [weak refs processing, 0.0001668 secs]2024-03-31T19:42:40.464+0800: 612.484: [class unloading, 0.0105078 secs]2024-03-31T19:42:40.475+0800: 612.495: [scrub symbol table, 0.0097106 secs]2024-03-31T19:42:40.485+0800: 612.505: [scrub string table, 0.0004883 secs][1 CMS-remark: 63K(64K)] 97028K(118016K), 0.0902365 secs] [Times: user=0.09 sys=0.00, real=0.09 secs] 
2024-03-31T19:42:40.488+0800: 612.509: [CMS-concurrent-sweep-start]
2024-03-31T19:42:40.489+0800: 612.509: [CMS-concurrent-sweep: 0.000/0.000 secs] [Times: user=0.00 sys=0.00, real=0.00 secs] 
2024-03-31T19:42:40.489+0800: 612.509: [CMS-concurrent-reset-start]
2024-03-31T19:42:40.489+0800: 612.509: [CMS-concurrent-reset: 0.000/0.000 secs] [Times: user=0.00 sys=0.00, real=0.00 secs] 
2024-03-31T19:42:42.492+0800: 614.512: [GC (CMS Initial Mark) [1 CMS-initial-mark: 63K(64K)] 97167K(118016K), 0.0649673 secs] [Times: user=0.06 sys=0.00, real=0.06 secs] 
2024-03-31T19:42:42.558+0800: 614.578: [CMS-concurrent-mark-start]
2024-03-31T19:42:42.558+0800: 614.578: [CMS-concurrent-mark: 0.000/0.000 secs] [Times: user=0.00 sys=0.00, real=0.00 secs] 
2024-03-31T19:42:42.559+0800: 614.579: [CMS-concurrent-preclean-start]
2024-03-31T19:42:42.561+0800: 614.581: [CMS-concurrent-preclean: 0.001/0.001 secs] [Times: user=0.00 sys=0.00, real=0.00 secs] 
2024-03-31T19:42:42.561+0800: 614.581: [CMS-concurrent-abortable-preclean-start]
2024-03-31T19:42:42.561+0800: 614.581: [CMS-concurrent-abortable-preclean: 0.000/0.000 secs] [Times: user=0.00 sys=0.00, real=0.00 secs] 
2024-03-31T19:42:42.562+0800: 614.582: [GC (CMS Final Remark) [YG occupancy: 97103 K (117952 K)]2024-03-31T19:42:42.562+0800: 614.582: [Rescan (non-parallel) 2024-03-31T19:42:42.562+0800: 614.582: [grey object rescan, 0.0001223 secs]2024-03-31T19:42:42.562+0800: 614.582: [root rescan, 0.0665874 secs]2024-03-31T19:42:42.629+0800: 614.649: [visit unhandled CLDs, 0.0002046 secs]2024-03-31T19:42:42.629+0800: 614.649: [dirty klass scan, 0.0015217 secs], 0.0692152 secs]2024-03-31T19:42:42.631+0800: 614.651: [weak refs processing, 0.0001550 secs]2024-03-31T19:42:42.631+0800: 614.651: [class unloading, 0.0114369 secs]2024-03-31T19:42:42.643+0800: 614.663: [scrub symbol table, 0.0110511 secs]2024-03-31T19:42:42.654+0800: 614.674: [scrub string table, 0.0006171 secs][1 CMS-remark: 63K(64K)] 97167K(118016K), 0.0959289 secs] [Times: user=0.09 sys=0.00, real=0.10 secs] 
2024-03-31T19:42:42.658+0800: 614.678: [CMS-concurrent-sweep-start]
2024-03-31T19:42:42.658+0800: 614.678: [CMS-concurrent-sweep: 0.000/0.000 secs] [Times: user=0.00 sys=0.00, real=0.00 secs] 
2024-03-31T19:42:42.659+0800: 614.679: [CMS-concurrent-reset-start]
2024-03-31T19:42:42.659+0800: 614.679: [CMS-concurrent-reset: 0.000/0.000 secs] [Times: user=0.00 sys=0.00, real=0.00 secs] 
2024-03-31T19:42:44.663+0800: 616.683: [GC (CMS Initial Mark) [1 CMS-initial-mark: 63K(64K)] 98123K(118016K), 0.0997262 secs] [Times: user=0.10 sys=0.00, real=0.10 secs] 
2024-03-31T19:42:44.763+0800: 616.783: [CMS-concurrent-mark-start]
2024-03-31T19:42:44.764+0800: 616.784: [CMS-concurrent-mark: 0.000/0.000 secs] [Times: user=0.00 sys=0.00, real=0.00 secs] 
2024-03-31T19:42:44.764+0800: 616.784: [CMS-concurrent-preclean-start]
2024-03-31T19:42:44.766+0800: 616.786: [CMS-concurrent-preclean: 0.001/0.001 secs] [Times: user=0.00 sys=0.00, real=0.00 secs] 
2024-03-31T19:42:44.766+0800: 616.786: [CMS-concurrent-abortable-preclean-start]
2024-03-31T19:42:44.766+0800: 616.786: [CMS-concurrent-abortable-preclean: 0.000/0.000 secs] [Times: user=0.00 sys=0.00, real=0.00 secs] 
2024-03-31T19:42:44.767+0800: 616.787: [GC (CMS Final Remark) [YG occupancy: 98070 K (117952 K)]2024-03-31T19:42:44.767+0800: 616.787: [Rescan (non-parallel) 2024-03-31T19:42:44.767+0800: 616.787: [grey object rescan, 0.0000647 secs]2024-03-31T19:42:44.767+0800: 616.787: [root rescan, 0.0659477 secs]2024-03-31T19:42:44.833+0800: 616.853: [visit unhandled CLDs, 0.0001280 secs]2024-03-31T19:42:44.833+0800: 616.853: [dirty klass scan, 0.0013791 secs], 0.0679874 secs]2024-03-31T19:42:44.835+0800: 616.855: [weak refs processing, 0.0000973 secs]2024-03-31T19:42:44.835+0800: 616.855: [class unloading, 0.0107345 secs]2024-03-31T19:42:44.846+0800: 616.866: [scrub symbol table, 0.0094955 secs]2024-03-31T19:42:44.855+0800: 616.875: [scrub string table, 0.0004687 secs][1 CMS-remark: 63K(64K)] 98134K(118016K), 0.0916778 secs] [Times: user=0.10 sys=0.00, real=0.10 secs] 
2024-03-31T19:42:44.859+0800: 616.879: [CMS-concurrent-sweep-start]
2024-03-31T19:42:44.859+0800: 616.879: [CMS-concurrent-sweep: 0.000/0.000 secs] [Times: user=0.00 sys=0.00, real=0.00 secs] 
2024-03-31T19:42:44.859+0800: 616.879: [CMS-concurrent-reset-start]
2024-03-31T19:42:44.859+0800: 616.879: [CMS-concurrent-reset: 0.000/0.000 secs] [Times: user=0.00 sys=0.00, real=0.00 secs] 
2024-03-31T19:42:46.866+0800: 618.887: [GC (CMS Initial Mark) [1 CMS-initial-mark: 63K(64K)] 98274K(118016K), 0.1060056 secs] [Times: user=0.10 sys=0.00, real=0.11 secs] 
2024-03-31T19:42:46.973+0800: 618.993: [CMS-concurrent-mark-start]
2024-03-31T19:42:46.974+0800: 618.994: [CMS-concurrent-mark: 0.000/0.000 secs] [Times: user=0.01 sys=0.00, real=0.00 secs] 
2024-03-31T19:42:46.974+0800: 618.995: [CMS-concurrent-preclean-start]
2024-03-31T19:42:46.976+0800: 618.996: [CMS-concurrent-preclean: 0.001/0.001 secs] [Times: user=0.00 sys=0.00, real=0.00 secs] 
2024-03-31T19:42:46.976+0800: 618.996: [CMS-concurrent-abortable-preclean-start]
2024-03-31T19:42:46.976+0800: 618.996: [CMS-concurrent-abortable-preclean: 0.000/0.000 secs] [Times: user=0.00 sys=0.00, real=0.00 secs] 
2024-03-31T19:42:46.977+0800: 618.997: [GC (CMS Final Remark) [YG occupancy: 98211 K (117952 K)]2024-03-31T19:42:46.977+0800: 618.997: [Rescan (non-parallel) 2024-03-31T19:42:46.977+0800: 618.997: [grey object rescan, 0.0000978 secs]2024-03-31T19:42:46.977+0800: 618.997: [root rescan, 0.0646390 secs]2024-03-31T19:42:47.042+0800: 619.062: [visit unhandled CLDs, 0.0001231 secs]2024-03-31T19:42:47.042+0800: 619.062: [dirty klass scan, 0.0012081 secs], 0.0665241 secs]2024-03-31T19:42:47.043+0800: 619.063: [weak refs processing, 0.0001049 secs]2024-03-31T19:42:47.044+0800: 619.064: [class unloading, 0.0104995 secs]2024-03-31T19:42:47.054+0800: 619.074: [scrub symbol table, 0.0097420 secs]2024-03-31T19:42:47.064+0800: 619.084: [scrub string table, 0.0004568 secs][1 CMS-remark: 63K(64K)] 98274K(118016K), 0.0902820 secs] [Times: user=0.09 sys=0.00, real=0.09 secs] 
2024-03-31T19:42:47.067+0800: 619.087: [CMS-concurrent-sweep-start]
2024-03-31T19:42:47.068+0800: 619.088: [CMS-concurrent-sweep: 0.000/0.000 secs] [Times: user=0.00 sys=0.00, real=0.01 secs] 
2024-03-31T19:42:47.068+0800: 619.088: [CMS-concurrent-reset-start]
2024-03-31T19:42:47.068+0800: 619.089: [CMS-concurrent-reset: 0.000/0.000 secs] [Times: user=0.00 sys=0.00, real=0.00 secs] 
2024-03-31T19:42:49.080+0800: 621.100: [GC (CMS Initial Mark) [1 CMS-initial-mark: 63K(64K)] 98322K(118016K), 0.1129262 secs] [Times: user=0.11 sys=0.00, real=0.11 secs] 
2024-03-31T19:42:49.193+0800: 621.213: [CMS-concurrent-mark-start]
2024-03-31T19:42:49.194+0800: 621.214: [CMS-concurrent-mark: 0.000/0.000 secs] [Times: user=0.00 sys=0.00, real=0.00 secs] 
2024-03-31T19:42:49.195+0800: 621.215: [CMS-concurrent-preclean-start]
2024-03-31T19:42:49.197+0800: 621.217: [CMS-concurrent-preclean: 0.001/0.001 secs] [Times: user=0.00 sys=0.00, real=0.00 secs] 
2024-03-31T19:42:49.197+0800: 621.217: [CMS-concurrent-abortable-preclean-start]
2024-03-31T19:42:49.198+0800: 621.218: [CMS-concurrent-abortable-preclean: 0.000/0.000 secs] [Times: user=0.00 sys=0.00, real=0.01 secs] 
2024-03-31T19:42:49.199+0800: 621.219: [GC (CMS Final Remark) [YG occupancy: 98258 K (117952 K)]2024-03-31T19:42:49.199+0800: 621.219: [Rescan (non-parallel) 2024-03-31T19:42:49.199+0800: 621.219: [grey object rescan, 0.0000647 secs]2024-03-31T19:42:49.199+0800: 621.219: [root rescan, 0.0651511 secs]2024-03-31T19:42:49.264+0800: 621.284: [visit unhandled CLDs, 0.0001268 secs]2024-03-31T19:42:49.265+0800: 621.285: [dirty klass scan, 0.0012153 secs], 0.0670143 secs]2024-03-31T19:42:49.266+0800: 621.286: [weak refs processing, 0.0001121 secs]2024-03-31T19:42:49.266+0800: 621.286: [class unloading, 0.0102573 secs]2024-03-31T19:42:49.277+0800: 621.297: [scrub symbol table, 0.0096595 secs]2024-03-31T19:42:49.286+0800: 621.306: [scrub string table, 0.0004531 secs][1 CMS-remark: 63K(64K)] 98322K(118016K), 0.0905173 secs] [Times: user=0.09 sys=0.00, real=0.09 secs] 
2024-03-31T19:42:49.290+0800: 621.310: [CMS-concurrent-sweep-start]
2024-03-31T19:42:49.290+0800: 621.310: [CMS-concurrent-sweep: 0.000/0.000 secs] [Times: user=0.00 sys=0.00, real=0.00 secs] 
2024-03-31T19:42:49.292+0800: 621.312: [CMS-concurrent-reset-start]
2024-03-31T19:42:49.293+0800: 621.313: [CMS-concurrent-reset: 0.000/0.000 secs] [Times: user=0.00 sys=0.00, real=0.00 secs] 
2024-03-31T19:42:51.298+0800: 623.319: [GC (CMS Initial Mark) [1 CMS-initial-mark: 63K(64K)] 98812K(118016K), 0.1055132 secs] [Times: user=0.11 sys=0.00, real=0.10 secs] 
2024-03-31T19:42:51.404+0800: 623.425: [CMS-concurrent-mark-start]
2024-03-31T19:42:51.405+0800: 623.425: [CMS-concurrent-mark: 0.000/0.000 secs] [Times: user=0.00 sys=0.00, real=0.00 secs] 
2024-03-31T19:42:51.406+0800: 623.427: [CMS-concurrent-preclean-start]
2024-03-31T19:42:51.409+0800: 623.429: [CMS-concurrent-preclean: 0.001/0.001 secs] [Times: user=0.00 sys=0.00, real=0.01 secs] 
2024-03-31T19:42:51.410+0800: 623.430: [CMS-concurrent-abortable-preclean-start]
2024-03-31T19:42:51.410+0800: 623.430: [CMS-concurrent-abortable-preclean: 0.000/0.000 secs] [Times: user=0.00 sys=0.00, real=0.00 secs] 
2024-03-31T19:42:51.415+0800: 623.435: [GC (CMS Final Remark) [YG occupancy: 98748 K (117952 K)]2024-03-31T19:42:51.415+0800: 623.435: [Rescan (non-parallel) 2024-03-31T19:42:51.415+0800: 623.435: [grey object rescan, 0.0000813 secs]2024-03-31T19:42:51.415+0800: 623.435: [root rescan, 0.0664221 secs]2024-03-31T19:42:51.482+0800: 623.502: [visit unhandled CLDs, 0.0001060 secs]2024-03-31T19:42:51.482+0800: 623.502: [dirty klass scan, 0.0012187 secs], 0.0682880 secs]2024-03-31T19:42:51.483+0800: 623.503: [weak refs processing, 0.0001069 secs]2024-03-31T19:42:51.483+0800: 623.503: [class unloading, 0.0105019 secs]2024-03-31T19:42:51.494+0800: 623.514: [scrub symbol table, 0.0102904 secs]2024-03-31T19:42:51.504+0800: 623.525: [scrub string table, 0.0004673 secs][1 CMS-remark: 63K(64K)] 98812K(118016K), 0.0926409 secs] [Times: user=0.09 sys=0.00, real=0.10 secs] 
2024-03-31T19:42:51.508+0800: 623.528: [CMS-concurrent-sweep-start]
2024-03-31T19:42:51.509+0800: 623.529: [CMS-concurrent-sweep: 0.000/0.000 secs] [Times: user=0.00 sys=0.00, real=0.00 secs] 
2024-03-31T19:42:51.511+0800: 623.531: [CMS-concurrent-reset-start]
2024-03-31T19:42:51.512+0800: 623.532: [CMS-concurrent-reset: 0.000/0.000 secs] [Times: user=0.00 sys=0.00, real=0.00 secs] 
2024-03-31T19:42:53.529+0800: 625.549: [GC (CMS Initial Mark) [1 CMS-initial-mark: 63K(64K)] 98873K(118016K), 0.1233881 secs] [Times: user=0.12 sys=0.00, real=0.12 secs] 
2024-03-31T19:42:53.653+0800: 625.673: [CMS-concurrent-mark-start]
2024-03-31T19:42:53.654+0800: 625.674: [CMS-concurrent-mark: 0.000/0.000 secs] [Times: user=0.00 sys=0.00, real=0.00 secs] 
2024-03-31T19:42:53.655+0800: 625.675: [CMS-concurrent-preclean-start]
2024-03-31T19:42:53.657+0800: 625.677: [CMS-concurrent-preclean: 0.001/0.001 secs] [Times: user=0.00 sys=0.00, real=0.00 secs] 
2024-03-31T19:42:53.658+0800: 625.678: [CMS-concurrent-abortable-preclean-start]
2024-03-31T19:42:53.659+0800: 625.679: [CMS-concurrent-abortable-preclean: 0.000/0.000 secs] [Times: user=0.01 sys=0.00, real=0.01 secs] 
2024-03-31T19:42:53.660+0800: 625.680: [GC (CMS Final Remark) [YG occupancy: 98809 K (117952 K)]2024-03-31T19:42:53.661+0800: 625.681: [Rescan (non-parallel) 2024-03-31T19:42:53.661+0800: 625.681: [grey object rescan, 0.0001076 secs]2024-03-31T19:42:53.661+0800: 625.681: [root rescan, 0.0666288 secs]2024-03-31T19:42:53.728+0800: 625.748: [visit unhandled CLDs, 0.0001971 secs]2024-03-31T19:42:53.728+0800: 625.748: [dirty klass scan, 0.0014088 secs], 0.0690493 secs]2024-03-31T19:42:53.730+0800: 625.750: [weak refs processing, 0.0001516 secs]2024-03-31T19:42:53.730+0800: 625.750: [class unloading, 0.0111534 secs]2024-03-31T19:42:53.741+0800: 625.761: [scrub symbol table, 0.0104978 secs]2024-03-31T19:42:53.752+0800: 625.772: [scrub string table, 0.0005209 secs][1 CMS-remark: 63K(64K)] 98873K(118016K), 0.0947179 secs] [Times: user=0.09 sys=0.00, real=0.09 secs] 
2024-03-31T19:42:53.756+0800: 625.776: [CMS-concurrent-sweep-start]
2024-03-31T19:42:53.756+0800: 625.776: [CMS-concurrent-sweep: 0.000/0.000 secs] [Times: user=0.00 sys=0.00, real=0.00 secs] 
2024-03-31T19:42:53.756+0800: 625.776: [CMS-concurrent-reset-start]
2024-03-31T19:42:53.756+0800: 625.776: [CMS-concurrent-reset: 0.000/0.000 secs] [Times: user=0.00 sys=0.00, real=0.00 secs] 
2024-03-31T19:42:55.767+0800: 627.787: [GC (CMS Initial Mark) [1 CMS-initial-mark: 63K(64K)] 99107K(118016K), 0.1003376 secs] [Times: user=0.10 sys=0.00, real=0.11 secs] 
2024-03-31T19:42:55.868+0800: 627.888: [CMS-concurrent-mark-start]
2024-03-31T19:42:55.869+0800: 627.889: [CMS-concurrent-mark: 0.000/0.000 secs] [Times: user=0.00 sys=0.00, real=0.00 secs] 
2024-03-31T19:42:55.869+0800: 627.889: [CMS-concurrent-preclean-start]
2024-03-31T19:42:55.871+0800: 627.891: [CMS-concurrent-preclean: 0.001/0.001 secs] [Times: user=0.00 sys=0.00, real=0.00 secs] 
2024-03-31T19:42:55.871+0800: 627.891: [CMS-concurrent-abortable-preclean-start]
2024-03-31T19:42:55.871+0800: 627.891: [CMS-concurrent-abortable-preclean: 0.000/0.000 secs] [Times: user=0.00 sys=0.00, real=0.00 secs] 
2024-03-31T19:42:55.872+0800: 627.892: [GC (CMS Final Remark) [YG occupancy: 99055 K (117952 K)]2024-03-31T19:42:55.872+0800: 627.892: [Rescan (non-parallel) 2024-03-31T19:42:55.872+0800: 627.892: [grey object rescan, 0.0001075 secs]2024-03-31T19:42:55.872+0800: 627.893: [root rescan, 0.0649310 secs]2024-03-31T19:42:55.938+0800: 627.958: [visit unhandled CLDs, 0.0001513 secs]2024-03-31T19:42:55.938+0800: 627.958: [dirty klass scan, 0.0012355 secs], 0.0670289 secs]2024-03-31T19:42:55.939+0800: 627.959: [weak refs processing, 0.0001426 secs]2024-03-31T19:42:55.940+0800: 627.960: [class unloading, 0.0105108 secs]2024-03-31T19:42:55.950+0800: 627.970: [scrub symbol table, 0.0095185 secs]2024-03-31T19:42:55.960+0800: 627.980: [scrub string table, 0.0005120 secs][1 CMS-remark: 63K(64K)] 99119K(118016K), 0.0908578 secs] [Times: user=0.09 sys=0.00, real=0.09 secs] 
2024-03-31T19:42:55.963+0800: 627.983: [CMS-concurrent-sweep-start]
2024-03-31T19:42:55.963+0800: 627.984: [CMS-concurrent-sweep: 0.000/0.000 secs] [Times: user=0.00 sys=0.00, real=0.00 secs] 
2024-03-31T19:42:55.964+0800: 627.984: [CMS-concurrent-reset-start]
2024-03-31T19:42:55.964+0800: 627.984: [CMS-concurrent-reset: 0.000/0.000 secs] [Times: user=0.00 sys=0.00, real=0.00 secs] 
2024-03-31T19:42:57.965+0800: 629.985: [GC (CMS Initial Mark) [1 CMS-initial-mark: 63K(64K)] 99223K(118016K), 0.0675432 secs] [Times: user=0.07 sys=0.00, real=0.07 secs] 
2024-03-31T19:42:58.033+0800: 630.053: [CMS-concurrent-mark-start]
2024-03-31T19:42:58.033+0800: 630.053: [CMS-concurrent-mark: 0.000/0.000 secs] [Times: user=0.00 sys=0.00, real=0.00 secs] 
2024-03-31T19:42:58.034+0800: 630.054: [CMS-concurrent-preclean-start]
2024-03-31T19:42:58.035+0800: 630.055: [CMS-concurrent-preclean: 0.001/0.001 secs] [Times: user=0.01 sys=0.00, real=0.00 secs] 
2024-03-31T19:42:58.035+0800: 630.055: [CMS-concurrent-abortable-preclean-start]
2024-03-31T19:42:58.035+0800: 630.055: [CMS-concurrent-abortable-preclean: 0.000/0.000 secs] [Times: user=0.00 sys=0.00, real=0.00 secs] 
2024-03-31T19:42:58.036+0800: 630.056: [GC (CMS Final Remark) [YG occupancy: 99160 K (117952 K)]2024-03-31T19:42:58.036+0800: 630.056: [Rescan (non-parallel) 2024-03-31T19:42:58.036+0800: 630.056: [grey object rescan, 0.0001002 secs]2024-03-31T19:42:58.037+0800: 630.057: [root rescan, 0.0664898 secs]2024-03-31T19:42:58.103+0800: 630.123: [visit unhandled CLDs, 0.0002095 secs]2024-03-31T19:42:58.104+0800: 630.124: [dirty klass scan, 0.0014750 secs], 0.0692103 secs]2024-03-31T19:42:58.106+0800: 630.126: [weak refs processing, 0.0002585 secs]2024-03-31T19:42:58.106+0800: 630.126: [class unloading, 0.0114708 secs]2024-03-31T19:42:58.118+0800: 630.138: [scrub symbol table, 0.0101920 secs]2024-03-31T19:42:58.128+0800: 630.148: [scrub string table, 0.0005061 secs][1 CMS-remark: 63K(64K)] 99223K(118016K), 0.0951793 secs] [Times: user=0.09 sys=0.00, real=0.10 secs] 
2024-03-31T19:42:58.132+0800: 630.152: [CMS-concurrent-sweep-start]
2024-03-31T19:42:58.132+0800: 630.153: [CMS-concurrent-sweep: 0.000/0.000 secs] [Times: user=0.00 sys=0.00, real=0.00 secs] 
2024-03-31T19:42:58.133+0800: 630.153: [CMS-concurrent-reset-start]
2024-03-31T19:42:58.134+0800: 630.154: [CMS-concurrent-reset: 0.000/0.000 secs] [Times: user=0.00 sys=0.00, real=0.00 secs] 
2024-03-31T19:43:00.146+0800: 632.165: [GC (CMS Initial Mark) [1 CMS-initial-mark: 63K(64K)] 99670K(118016K), 0.1225605 secs] [Times: user=0.12 sys=0.00, real=0.12 secs] 
2024-03-31T19:43:00.270+0800: 632.288: [CMS-concurrent-mark-start]
2024-03-31T19:43:00.270+0800: 632.289: [CMS-concurrent-mark: 0.000/0.000 secs] [Times: user=0.00 sys=0.00, real=0.00 secs] 
2024-03-31T19:43:00.271+0800: 632.290: [CMS-concurrent-preclean-start]
2024-03-31T19:43:00.273+0800: 632.292: [CMS-concurrent-preclean: 0.001/0.001 secs] [Times: user=0.00 sys=0.00, real=0.00 secs] 
2024-03-31T19:43:00.274+0800: 632.293: [CMS-concurrent-abortable-preclean-start]
2024-03-31T19:43:00.275+0800: 632.293: [CMS-concurrent-abortable-preclean: 0.000/0.000 secs] [Times: user=0.00 sys=0.00, real=0.00 secs] 
2024-03-31T19:43:00.276+0800: 632.294: [GC (CMS Final Remark) [YG occupancy: 99606 K (117952 K)]2024-03-31T19:43:00.276+0800: 632.294: [Rescan (non-parallel) 2024-03-31T19:43:00.276+0800: 632.295: [grey object rescan, 0.0001168 secs]2024-03-31T19:43:00.276+0800: 632.295: [root rescan, 0.0682731 secs]2024-03-31T19:43:00.345+0800: 632.363: [visit unhandled CLDs, 0.0001577 secs]2024-03-31T19:43:00.345+0800: 632.364: [dirty klass scan, 0.0015279 secs], 0.0707000 secs]2024-03-31T19:43:00.347+0800: 632.365: [weak refs processing, 0.0001159 secs]2024-03-31T19:43:00.347+0800: 632.365: [class unloading, 0.0107774 secs]2024-03-31T19:43:00.358+0800: 632.376: [scrub symbol table, 0.0095845 secs]2024-03-31T19:43:00.368+0800: 632.386: [scrub string table, 0.0004756 secs][1 CMS-remark: 63K(64K)] 99670K(118016K), 0.0947224 secs] [Times: user=0.10 sys=0.00, real=0.10 secs] 
2024-03-31T19:43:00.371+0800: 632.389: [CMS-concurrent-sweep-start]
2024-03-31T19:43:00.371+0800: 632.389: [CMS-concurrent-sweep: 0.000/0.000 secs] [Times: user=0.00 sys=0.00, real=0.00 secs] 
2024-03-31T19:43:00.371+0800: 632.390: [CMS-concurrent-reset-start]
2024-03-31T19:43:00.371+0800: 632.390: [CMS-concurrent-reset: 0.000/0.000 secs] [Times: user=0.00 sys=0.00, real=0.00 secs] 
2024-03-31T19:43:02.382+0800: 634.400: [GC (CMS Initial Mark) [1 CMS-initial-mark: 63K(64K)] 99790K(118016K), 0.1084166 secs] [Times: user=0.11 sys=0.00, real=0.11 secs] 
2024-03-31T19:43:02.491+0800: 634.509: [CMS-concurrent-mark-start]
2024-03-31T19:43:02.492+0800: 634.510: [CMS-concurrent-mark: 0.000/0.000 secs] [Times: user=0.00 sys=0.00, real=0.00 secs] 
2024-03-31T19:43:02.493+0800: 634.511: [CMS-concurrent-preclean-start]
2024-03-31T19:43:02.495+0800: 634.513: [CMS-concurrent-preclean: 0.001/0.001 secs] [Times: user=0.00 sys=0.00, real=0.00 secs] 
2024-03-31T19:43:02.495+0800: 634.513: [CMS-concurrent-abortable-preclean-start]
2024-03-31T19:43:02.495+0800: 634.513: [CMS-concurrent-abortable-preclean: 0.000/0.000 secs] [Times: user=0.00 sys=0.00, real=0.00 secs] 
2024-03-31T19:43:02.496+0800: 634.514: [GC (CMS Final Remark) [YG occupancy: 99754 K (117952 K)]2024-03-31T19:43:02.496+0800: 634.514: [Rescan (non-parallel) 2024-03-31T19:43:02.496+0800: 634.514: [grey object rescan, 0.0000648 secs]2024-03-31T19:43:02.496+0800: 634.514: [root rescan, 0.0668372 secs]2024-03-31T19:43:02.563+0800: 634.581: [visit unhandled CLDs, 0.0001893 secs]2024-03-31T19:43:02.563+0800: 634.582: [dirty klass scan, 0.0014356 secs], 0.0690471 secs]2024-03-31T19:43:02.565+0800: 634.583: [weak refs processing, 0.0001045 secs]2024-03-31T19:43:02.565+0800: 634.583: [class unloading, 0.0108935 secs]2024-03-31T19:43:02.576+0800: 634.595: [scrub symbol table, 0.0119481 secs]2024-03-31T19:43:02.588+0800: 634.607: [scrub string table, 0.0004894 secs][1 CMS-remark: 63K(64K)] 99818K(118016K), 0.0956194 secs] [Times: user=0.10 sys=0.00, real=0.10 secs] 
2024-03-31T19:43:02.592+0800: 634.611: [CMS-concurrent-sweep-start]
2024-03-31T19:43:02.593+0800: 634.611: [CMS-concurrent-sweep: 0.000/0.000 secs] [Times: user=0.00 sys=0.00, real=0.00 secs] 
2024-03-31T19:43:02.594+0800: 634.612: [CMS-concurrent-reset-start]
2024-03-31T19:43:02.595+0800: 634.613: [CMS-concurrent-reset: 0.000/0.000 secs] [Times: user=0.00 sys=0.00, real=0.00 secs] 
2024-03-31T19:43:04.607+0800: 636.626: [GC (CMS Initial Mark) [1 CMS-initial-mark: 63K(64K)] 99935K(118016K), 0.0962973 secs] [Times: user=0.09 sys=0.00, real=0.10 secs] 
2024-03-31T19:43:04.704+0800: 636.723: [CMS-concurrent-mark-start]
2024-03-31T19:43:04.705+0800: 636.724: [CMS-concurrent-mark: 0.000/0.000 secs] [Times: user=0.00 sys=0.00, real=0.00 secs] 
2024-03-31T19:43:04.706+0800: 636.725: [CMS-concurrent-preclean-start]
2024-03-31T19:43:04.709+0800: 636.727: [CMS-concurrent-preclean: 0.001/0.001 secs] [Times: user=0.01 sys=0.00, real=0.01 secs] 
2024-03-31T19:43:04.711+0800: 636.729: [CMS-concurrent-abortable-preclean-start]
2024-03-31T19:43:04.713+0800: 636.731: [CMS-concurrent-abortable-preclean: 0.000/0.000 secs] [Times: user=0.00 sys=0.00, real=0.00 secs] 
2024-03-31T19:43:04.717+0800: 636.735: [GC (CMS Final Remark) [YG occupancy: 99888 K (117952 K)]2024-03-31T19:43:04.717+0800: 636.735: [Rescan (non-parallel) 2024-03-31T19:43:04.717+0800: 636.735: [grey object rescan, 0.0001002 secs]2024-03-31T19:43:04.717+0800: 636.735: [root rescan, 0.0689650 secs]2024-03-31T19:43:04.786+0800: 636.805: [visit unhandled CLDs, 0.0001678 secs]2024-03-31T19:43:04.786+0800: 636.805: [dirty klass scan, 0.0013894 secs], 0.0711360 secs]2024-03-31T19:43:04.788+0800: 636.806: [weak refs processing, 0.0001145 secs]2024-03-31T19:43:04.788+0800: 636.806: [class unloading, 0.0114690 secs]2024-03-31T19:43:04.800+0800: 636.818: [scrub symbol table, 0.0100043 secs]2024-03-31T19:43:04.810+0800: 636.828: [scrub string table, 0.0005050 secs][1 CMS-remark: 63K(64K)] 99951K(118016K), 0.0963505 secs] [Times: user=0.09 sys=0.00, real=0.10 secs] 
2024-03-31T19:43:04.814+0800: 636.832: [CMS-concurrent-sweep-start]
2024-03-31T19:43:04.814+0800: 636.832: [CMS-concurrent-sweep: 0.000/0.000 secs] [Times: user=0.00 sys=0.00, real=0.00 secs] 
2024-03-31T19:43:04.814+0800: 636.833: [CMS-concurrent-reset-start]
2024-03-31T19:43:04.815+0800: 636.833: [CMS-concurrent-reset: 0.000/0.000 secs] [Times: user=0.00 sys=0.00, real=0.00 secs] 
2024-03-31T19:43:06.817+0800: 638.836: [GC (CMS Initial Mark) [1 CMS-initial-mark: 63K(64K)] 100344K(118016K), 0.0661505 secs] [Times: user=0.07 sys=0.00, real=0.07 secs] 
2024-03-31T19:43:06.884+0800: 638.903: [CMS-concurrent-mark-start]
2024-03-31T19:43:06.885+0800: 638.903: [CMS-concurrent-mark: 0.000/0.000 secs] [Times: user=0.00 sys=0.00, real=0.00 secs] 
2024-03-31T19:43:06.886+0800: 638.904: [CMS-concurrent-preclean-start]
2024-03-31T19:43:06.888+0800: 638.906: [CMS-concurrent-preclean: 0.001/0.001 secs] [Times: user=0.00 sys=0.00, real=0.00 secs] 
2024-03-31T19:43:06.888+0800: 638.906: [CMS-concurrent-abortable-preclean-start]
2024-03-31T19:43:06.888+0800: 638.907: [CMS-concurrent-abortable-preclean: 0.000/0.000 secs] [Times: user=0.00 sys=0.00, real=0.00 secs] 
2024-03-31T19:43:06.891+0800: 638.909: [GC (CMS Final Remark) [YG occupancy: 100280 K (117952 K)]2024-03-31T19:43:06.891+0800: 638.909: [Rescan (non-parallel) 2024-03-31T19:43:06.891+0800: 638.910: [grey object rescan, 0.0001663 secs]2024-03-31T19:43:06.892+0800: 638.910: [root rescan, 0.0673206 secs]2024-03-31T19:43:06.959+0800: 638.978: [visit unhandled CLDs, 0.0001615 secs]2024-03-31T19:43:06.959+0800: 638.978: [dirty klass scan, 0.0012736 secs], 0.0698084 secs]2024-03-31T19:43:06.961+0800: 638.979: [weak refs processing, 0.0001455 secs]2024-03-31T19:43:06.961+0800: 638.979: [class unloading, 0.0106216 secs]2024-03-31T19:43:06.972+0800: 638.990: [scrub symbol table, 0.0096740 secs]2024-03-31T19:43:06.982+0800: 639.000: [scrub string table, 0.0005107 secs][1 CMS-remark: 63K(64K)] 100344K(118016K), 0.0941984 secs] [Times: user=0.09 sys=0.00, real=0.09 secs] 
2024-03-31T19:43:06.985+0800: 639.004: [CMS-concurrent-sweep-start]
2024-03-31T19:43:06.986+0800: 639.004: [CMS-concurrent-sweep: 0.000/0.000 secs] [Times: user=0.00 sys=0.00, real=0.00 secs] 
2024-03-31T19:43:06.987+0800: 639.005: [CMS-concurrent-reset-start]
2024-03-31T19:43:06.987+0800: 639.006: [CMS-concurrent-reset: 0.000/0.000 secs] [Times: user=0.00 sys=0.00, real=0.00 secs] 
2024-03-31T19:43:08.990+0800: 641.008: [GC (CMS Initial Mark) [1 CMS-initial-mark: 63K(64K)] 100541K(118016K), 0.1002050 secs] [Times: user=0.10 sys=0.00, real=0.10 secs] 
2024-03-31T19:43:09.091+0800: 641.109: [CMS-concurrent-mark-start]
2024-03-31T19:43:09.092+0800: 641.110: [CMS-concurrent-mark: 0.000/0.000 secs] [Times: user=0.00 sys=0.00, real=0.00 secs] 
2024-03-31T19:43:09.093+0800: 641.111: [CMS-concurrent-preclean-start]
2024-03-31T19:43:09.094+0800: 641.113: [CMS-concurrent-preclean: 0.001/0.001 secs] [Times: user=0.00 sys=0.00, real=0.00 secs] 
2024-03-31T19:43:09.095+0800: 641.113: [CMS-concurrent-abortable-preclean-start]
2024-03-31T19:43:09.095+0800: 641.113: [CMS-concurrent-abortable-preclean: 0.000/0.000 secs] [Times: user=0.00 sys=0.00, real=0.00 secs] 
2024-03-31T19:43:09.096+0800: 641.115: [GC (CMS Final Remark) [YG occupancy: 100477 K (117952 K)]2024-03-31T19:43:09.097+0800: 641.115: [Rescan (non-parallel) 2024-03-31T19:43:09.097+0800: 641.115: [grey object rescan, 0.0001087 secs]2024-03-31T19:43:09.097+0800: 641.115: [root rescan, 0.0664238 secs]2024-03-31T19:43:09.164+0800: 641.182: [visit unhandled CLDs, 0.0001573 secs]2024-03-31T19:43:09.164+0800: 641.182: [dirty klass scan, 0.0012700 secs], 0.0686315 secs]2024-03-31T19:43:09.165+0800: 641.184: [weak refs processing, 0.0001657 secs]2024-03-31T19:43:09.166+0800: 641.184: [class unloading, 0.0108650 secs]2024-03-31T19:43:09.177+0800: 641.195: [scrub symbol table, 0.0099631 secs]2024-03-31T19:43:09.187+0800: 641.205: [scrub string table, 0.0005355 secs][1 CMS-remark: 63K(64K)] 100541K(118016K), 0.0935298 secs] [Times: user=0.10 sys=0.00, real=0.10 secs] 
2024-03-31T19:43:09.190+0800: 641.209: [CMS-concurrent-sweep-start]
2024-03-31T19:43:09.191+0800: 641.209: [CMS-concurrent-sweep: 0.000/0.000 secs] [Times: user=0.00 sys=0.00, real=0.00 secs] 
2024-03-31T19:43:09.191+0800: 641.209: [CMS-concurrent-reset-start]
2024-03-31T19:43:09.191+0800: 641.209: [CMS-concurrent-reset: 0.000/0.000 secs] [Times: user=0.00 sys=0.00, real=0.00 secs] 
2024-03-31T19:43:11.198+0800: 643.217: [GC (CMS Initial Mark) [1 CMS-initial-mark: 63K(64K)] 100698K(118016K), 0.1104434 secs] [Times: user=0.10 sys=0.00, real=0.11 secs] 
2024-03-31T19:43:11.310+0800: 643.328: [CMS-concurrent-mark-start]
2024-03-31T19:43:11.310+0800: 643.329: [CMS-concurrent-mark: 0.000/0.000 secs] [Times: user=0.01 sys=0.00, real=0.00 secs] 
2024-03-31T19:43:11.311+0800: 643.330: [CMS-concurrent-preclean-start]
2024-03-31T19:43:11.314+0800: 643.333: [CMS-concurrent-preclean: 0.002/0.002 secs] [Times: user=0.00 sys=0.00, real=0.00 secs] 
2024-03-31T19:43:11.316+0800: 643.334: [CMS-concurrent-abortable-preclean-start]
2024-03-31T19:43:11.316+0800: 643.334: [CMS-concurrent-abortable-preclean: 0.000/0.000 secs] [Times: user=0.00 sys=0.00, real=0.00 secs] 
2024-03-31T19:43:11.317+0800: 643.336: [GC (CMS Final Remark) [YG occupancy: 100634 K (117952 K)]2024-03-31T19:43:11.318+0800: 643.336: [Rescan (non-parallel) 2024-03-31T19:43:11.318+0800: 643.336: [grey object rescan, 0.0001221 secs]2024-03-31T19:43:11.318+0800: 643.337: [root rescan, 0.0683113 secs]2024-03-31T19:43:11.387+0800: 643.405: [visit unhandled CLDs, 0.0001678 secs]2024-03-31T19:43:11.387+0800: 643.405: [dirty klass scan, 0.0013473 secs], 0.0707219 secs]2024-03-31T19:43:11.389+0800: 643.407: [weak refs processing, 0.0001622 secs]2024-03-31T19:43:11.389+0800: 643.407: [class unloading, 0.0106687 secs]2024-03-31T19:43:11.400+0800: 643.418: [scrub symbol table, 0.0096942 secs]2024-03-31T19:43:11.410+0800: 643.428: [scrub string table, 0.0004932 secs][1 CMS-remark: 63K(64K)] 100698K(118016K), 0.0951143 secs] [Times: user=0.09 sys=0.00, real=0.10 secs] 
2024-03-31T19:43:11.414+0800: 643.432: [CMS-concurrent-sweep-start]
2024-03-31T19:43:11.414+0800: 643.432: [CMS-concurrent-sweep: 0.000/0.000 secs] [Times: user=0.01 sys=0.00, real=0.00 secs] 
2024-03-31T19:43:11.415+0800: 643.434: [CMS-concurrent-reset-start]
2024-03-31T19:43:11.416+0800: 643.435: [CMS-concurrent-reset: 0.000/0.000 secs] [Times: user=0.00 sys=0.00, real=0.00 secs] 
2024-03-31T19:43:13.420+0800: 645.439: [GC (CMS Initial Mark) [1 CMS-initial-mark: 63K(64K)] 100784K(118016K), 0.0713273 secs] [Times: user=0.07 sys=0.00, real=0.07 secs] 
2024-03-31T19:43:13.492+0800: 645.511: [CMS-concurrent-mark-start]
2024-03-31T19:43:13.493+0800: 645.511: [CMS-concurrent-mark: 0.000/0.000 secs] [Times: user=0.00 sys=0.00, real=0.00 secs] 
2024-03-31T19:43:13.494+0800: 645.512: [CMS-concurrent-preclean-start]
2024-03-31T19:43:13.496+0800: 645.514: [CMS-concurrent-preclean: 0.001/0.001 secs] [Times: user=0.00 sys=0.00, real=0.00 secs] 
2024-03-31T19:43:13.496+0800: 645.515: [CMS-concurrent-abortable-preclean-start]
2024-03-31T19:43:13.496+0800: 645.515: [CMS-concurrent-abortable-preclean: 0.000/0.000 secs] [Times: user=0.00 sys=0.00, real=0.00 secs] 
2024-03-31T19:43:13.497+0800: 645.516: [GC (CMS Final Remark) [YG occupancy: 100722 K (117952 K)]2024-03-31T19:43:13.498+0800: 645.516: [Rescan (non-parallel) 2024-03-31T19:43:13.498+0800: 645.516: [grey object rescan, 0.0001038 secs]2024-03-31T19:43:13.498+0800: 645.516: [root rescan, 0.0663100 secs]2024-03-31T19:43:13.564+0800: 645.583: [visit unhandled CLDs, 0.0001468 secs]2024-03-31T19:43:13.565+0800: 645.583: [dirty klass scan, 0.0012936 secs], 0.0685067 secs]2024-03-31T19:43:13.566+0800: 645.584: [weak refs processing, 0.0001390 secs]2024-03-31T19:43:13.566+0800: 645.585: [class unloading, 0.0105365 secs]2024-03-31T19:43:13.577+0800: 645.595: [scrub symbol table, 0.0096397 secs]2024-03-31T19:43:13.587+0800: 645.605: [scrub string table, 0.0005082 secs][1 CMS-remark: 63K(64K)] 100786K(118016K), 0.0924450 secs] [Times: user=0.09 sys=0.00, real=0.10 secs] 
2024-03-31T19:43:13.590+0800: 645.609: [CMS-concurrent-sweep-start]
2024-03-31T19:43:13.590+0800: 645.609: [CMS-concurrent-sweep: 0.000/0.000 secs] [Times: user=0.00 sys=0.00, real=0.00 secs] 
2024-03-31T19:43:13.591+0800: 645.609: [CMS-concurrent-reset-start]
2024-03-31T19:43:13.591+0800: 645.609: [CMS-concurrent-reset: 0.000/0.000 secs] [Times: user=0.00 sys=0.00, real=0.00 secs] 
2024-03-31T19:43:15.598+0800: 647.616: [GC (CMS Initial Mark) [1 CMS-initial-mark: 63K(64K)] 101009K(118016K), 0.1167915 secs] [Times: user=0.12 sys=0.00, real=0.12 secs] 
2024-03-31T19:43:15.716+0800: 647.735: [CMS-concurrent-mark-start]
2024-03-31T19:43:15.718+0800: 647.736: [CMS-concurrent-mark: 0.000/0.000 secs] [Times: user=0.00 sys=0.00, real=0.00 secs] 
2024-03-31T19:43:15.719+0800: 647.738: [CMS-concurrent-preclean-start]
2024-03-31T19:43:15.721+0800: 647.739: [CMS-concurrent-preclean: 0.002/0.002 secs] [Times: user=0.01 sys=0.00, real=0.01 secs] 
2024-03-31T19:43:15.721+0800: 647.740: [CMS-concurrent-abortable-preclean-start]
2024-03-31T19:43:15.721+0800: 647.740: [CMS-concurrent-abortable-preclean: 0.000/0.000 secs] [Times: user=0.00 sys=0.00, real=0.00 secs] 
2024-03-31T19:43:15.722+0800: 647.741: [GC (CMS Final Remark) [YG occupancy: 100945 K (117952 K)]2024-03-31T19:43:15.723+0800: 647.741: [Rescan (non-parallel) 2024-03-31T19:43:15.723+0800: 647.741: [grey object rescan, 0.0001344 secs]2024-03-31T19:43:15.723+0800: 647.742: [root rescan, 0.0823597 secs]2024-03-31T19:43:15.806+0800: 647.824: [visit unhandled CLDs, 0.0001785 secs]2024-03-31T19:43:15.806+0800: 647.825: [dirty klass scan, 0.0014570 secs], 0.0849795 secs]2024-03-31T19:43:15.808+0800: 647.826: [weak refs processing, 0.0001334 secs]2024-03-31T19:43:15.808+0800: 647.826: [class unloading, 0.0122773 secs]2024-03-31T19:43:15.821+0800: 647.839: [scrub symbol table, 0.0164409 secs]2024-03-31T19:43:15.837+0800: 647.856: [scrub string table, 0.0005838 secs][1 CMS-remark: 63K(64K)] 101009K(118016K), 0.1181449 secs] [Times: user=0.12 sys=0.00, real=0.12 secs] 
2024-03-31T19:43:15.841+0800: 647.860: [CMS-concurrent-sweep-start]
2024-03-31T19:43:15.842+0800: 647.861: [CMS-concurrent-sweep: 0.000/0.000 secs] [Times: user=0.00 sys=0.00, real=0.00 secs] 
2024-03-31T19:43:15.846+0800: 647.864: [CMS-concurrent-reset-start]
2024-03-31T19:43:15.846+0800: 647.865: [CMS-concurrent-reset: 0.000/0.000 secs] [Times: user=0.00 sys=0.01, real=0.00 secs] 
2024-03-31T19:43:17.860+0800: 649.879: [GC (CMS Initial Mark) [1 CMS-initial-mark: 63K(64K)] 101082K(118016K), 0.1184934 secs] [Times: user=0.12 sys=0.00, real=0.11 secs] 
2024-03-31T19:43:17.980+0800: 649.998: [CMS-concurrent-mark-start]
2024-03-31T19:43:17.981+0800: 649.999: [CMS-concurrent-mark: 0.000/0.000 secs] [Times: user=0.00 sys=0.00, real=0.00 secs] 
2024-03-31T19:43:17.982+0800: 650.001: [CMS-concurrent-preclean-start]
2024-03-31T19:43:17.984+0800: 650.003: [CMS-concurrent-preclean: 0.001/0.001 secs] [Times: user=0.01 sys=0.00, real=0.00 secs] 
2024-03-31T19:43:17.986+0800: 650.004: [CMS-concurrent-abortable-preclean-start]
2024-03-31T19:43:17.987+0800: 650.005: [CMS-concurrent-abortable-preclean: 0.000/0.000 secs] [Times: user=0.00 sys=0.00, real=0.00 secs] 
2024-03-31T19:43:17.990+0800: 650.008: [GC (CMS Final Remark) [YG occupancy: 101021 K (117952 K)]2024-03-31T19:43:17.990+0800: 650.008: [Rescan (non-parallel) 2024-03-31T19:43:17.990+0800: 650.009: [grey object rescan, 0.0001076 secs]2024-03-31T19:43:17.990+0800: 650.009: [root rescan, 0.0683284 secs]2024-03-31T19:43:18.059+0800: 650.077: [visit unhandled CLDs, 0.0002256 secs]2024-03-31T19:43:18.059+0800: 650.078: [dirty klass scan, 0.0015157 secs], 0.0709436 secs]2024-03-31T19:43:18.061+0800: 650.079: [weak refs processing, 0.0001188 secs]2024-03-31T19:43:18.061+0800: 650.080: [class unloading, 0.0121048 secs]2024-03-31T19:43:18.074+0800: 650.092: [scrub symbol table, 0.0102006 secs]2024-03-31T19:43:18.084+0800: 650.102: [scrub string table, 0.0006570 secs][1 CMS-remark: 63K(64K)] 101085K(118016K), 0.0971921 secs] [Times: user=0.10 sys=0.00, real=0.09 secs] 
2024-03-31T19:43:18.088+0800: 650.106: [CMS-concurrent-sweep-start]
2024-03-31T19:43:18.089+0800: 650.107: [CMS-concurrent-sweep: 0.000/0.000 secs] [Times: user=0.00 sys=0.00, real=0.00 secs] 
2024-03-31T19:43:18.090+0800: 650.108: [CMS-concurrent-reset-start]
2024-03-31T19:43:18.090+0800: 650.109: [CMS-concurrent-reset: 0.000/0.000 secs] [Times: user=0.00 sys=0.00, real=0.00 secs] 
2024-03-31T19:43:20.096+0800: 652.115: [GC (CMS Initial Mark) [1 CMS-initial-mark: 63K(64K)] 101355K(118016K), 0.1180175 secs] [Times: user=0.12 sys=0.00, real=0.12 secs] 
2024-03-31T19:43:20.215+0800: 652.234: [CMS-concurrent-mark-start]
2024-03-31T19:43:20.216+0800: 652.234: [CMS-concurrent-mark: 0.000/0.000 secs] [Times: user=0.00 sys=0.00, real=0.00 secs] 
2024-03-31T19:43:20.216+0800: 652.235: [CMS-concurrent-preclean-start]
2024-03-31T19:43:20.218+0800: 652.237: [CMS-concurrent-preclean: 0.001/0.001 secs] [Times: user=0.00 sys=0.01, real=0.00 secs] 
2024-03-31T19:43:20.219+0800: 652.237: [CMS-concurrent-abortable-preclean-start]
2024-03-31T19:43:20.219+0800: 652.238: [CMS-concurrent-abortable-preclean: 0.000/0.000 secs] [Times: user=0.00 sys=0.00, real=0.01 secs] 
2024-03-31T19:43:20.220+0800: 652.239: [GC (CMS Final Remark) [YG occupancy: 101291 K (117952 K)]2024-03-31T19:43:20.220+0800: 652.239: [Rescan (non-parallel) 2024-03-31T19:43:20.221+0800: 652.239: [grey object rescan, 0.0001054 secs]2024-03-31T19:43:20.221+0800: 652.239: [root rescan, 0.0667651 secs]2024-03-31T19:43:20.288+0800: 652.306: [visit unhandled CLDs, 0.0001590 secs]2024-03-31T19:43:20.288+0800: 652.306: [dirty klass scan, 0.0013559 secs], 0.0690625 secs]2024-03-31T19:43:20.290+0800: 652.308: [weak refs processing, 0.0001262 secs]2024-03-31T19:43:20.290+0800: 652.308: [class unloading, 0.0106539 secs]2024-03-31T19:43:20.301+0800: 652.319: [scrub symbol table, 0.0096625 secs]2024-03-31T19:43:20.311+0800: 652.329: [scrub string table, 0.0004916 secs][1 CMS-remark: 63K(64K)] 101355K(118016K), 0.0931106 secs] [Times: user=0.09 sys=0.00, real=0.09 secs] 
2024-03-31T19:43:20.314+0800: 652.332: [CMS-concurrent-sweep-start]
2024-03-31T19:43:20.314+0800: 652.333: [CMS-concurrent-sweep: 0.000/0.000 secs] [Times: user=0.00 sys=0.00, real=0.00 secs] 
2024-03-31T19:43:20.315+0800: 652.333: [CMS-concurrent-reset-start]
2024-03-31T19:43:20.315+0800: 652.333: [CMS-concurrent-reset: 0.000/0.000 secs] [Times: user=0.00 sys=0.00, real=0.00 secs] 
2024-03-31T19:43:22.323+0800: 654.341: [GC (CMS Initial Mark) [1 CMS-initial-mark: 63K(64K)] 101582K(118016K), 0.1083284 secs] [Times: user=0.11 sys=0.00, real=0.11 secs] 
2024-03-31T19:43:22.432+0800: 654.450: [CMS-concurrent-mark-start]
2024-03-31T19:43:22.433+0800: 654.451: [CMS-concurrent-mark: 0.000/0.000 secs] [Times: user=0.00 sys=0.00, real=0.00 secs] 
2024-03-31T19:43:22.433+0800: 654.452: [CMS-concurrent-preclean-start]
2024-03-31T19:43:22.435+0800: 654.453: [CMS-concurrent-preclean: 0.001/0.001 secs] [Times: user=0.01 sys=0.00, real=0.00 secs] 
2024-03-31T19:43:22.435+0800: 654.454: [CMS-concurrent-abortable-preclean-start]
2024-03-31T19:43:22.435+0800: 654.454: [CMS-concurrent-abortable-preclean: 0.000/0.000 secs] [Times: user=0.00 sys=0.00, real=0.00 secs] 
2024-03-31T19:43:22.436+0800: 654.455: [GC (CMS Final Remark) [YG occupancy: 101518 K (117952 K)]2024-03-31T19:43:22.437+0800: 654.455: [Rescan (non-parallel) 2024-03-31T19:43:22.437+0800: 654.455: [grey object rescan, 0.0001079 secs]2024-03-31T19:43:22.437+0800: 654.455: [root rescan, 0.0673001 secs]2024-03-31T19:43:22.504+0800: 654.523: [visit unhandled CLDs, 0.0001660 secs]2024-03-31T19:43:22.505+0800: 654.523: [dirty klass scan, 0.0012438 secs], 0.0694701 secs]2024-03-31T19:43:22.506+0800: 654.525: [weak refs processing, 0.0001340 secs]2024-03-31T19:43:22.506+0800: 654.525: [class unloading, 0.0115721 secs]2024-03-31T19:43:22.518+0800: 654.537: [scrub symbol table, 0.0102928 secs]2024-03-31T19:43:22.529+0800: 654.547: [scrub string table, 0.0005134 secs][1 CMS-remark: 63K(64K)] 101582K(118016K), 0.0953438 secs] [Times: user=0.09 sys=0.00, real=0.10 secs] 
2024-03-31T19:43:22.533+0800: 654.551: [CMS-concurrent-sweep-start]
2024-03-31T19:43:22.533+0800: 654.552: [CMS-concurrent-sweep: 0.000/0.000 secs] [Times: user=0.00 sys=0.00, real=0.00 secs] 
2024-03-31T19:43:22.534+0800: 654.553: [CMS-concurrent-reset-start]
2024-03-31T19:43:22.535+0800: 654.553: [CMS-concurrent-reset: 0.000/0.000 secs] [Times: user=0.00 sys=0.00, real=0.00 secs] 
2024-03-31T19:43:24.543+0800: 656.561: [GC (CMS Initial Mark) [1 CMS-initial-mark: 63K(64K)] 101642K(118016K), 0.0982314 secs] [Times: user=0.10 sys=0.00, real=0.10 secs] 
2024-03-31T19:43:24.642+0800: 656.660: [CMS-concurrent-mark-start]
2024-03-31T19:43:24.643+0800: 656.661: [CMS-concurrent-mark: 0.000/0.000 secs] [Times: user=0.00 sys=0.00, real=0.00 secs] 
2024-03-31T19:43:24.644+0800: 656.662: [CMS-concurrent-preclean-start]
2024-03-31T19:43:24.647+0800: 656.665: [CMS-concurrent-preclean: 0.001/0.001 secs] [Times: user=0.01 sys=0.00, real=0.00 secs] 
2024-03-31T19:43:24.647+0800: 656.666: [CMS-concurrent-abortable-preclean-start]
2024-03-31T19:43:24.648+0800: 656.666: [CMS-concurrent-abortable-preclean: 0.000/0.000 secs] [Times: user=0.00 sys=0.00, real=0.00 secs] 
2024-03-31T19:43:24.649+0800: 656.667: [GC (CMS Final Remark) [YG occupancy: 101578 K (117952 K)]2024-03-31T19:43:24.649+0800: 656.668: [Rescan (non-parallel) 2024-03-31T19:43:24.649+0800: 656.668: [grey object rescan, 0.0001108 secs]2024-03-31T19:43:24.650+0800: 656.668: [root rescan, 0.0673023 secs]2024-03-31T19:43:24.717+0800: 656.735: [visit unhandled CLDs, 0.0001505 secs]2024-03-31T19:43:24.717+0800: 656.736: [dirty klass scan, 0.0013249 secs], 0.0695719 secs]2024-03-31T19:43:24.719+0800: 656.737: [weak refs processing, 0.0001548 secs]2024-03-31T19:43:24.719+0800: 656.737: [class unloading, 0.0114944 secs]2024-03-31T19:43:24.731+0800: 656.749: [scrub symbol table, 0.0103448 secs]2024-03-31T19:43:24.741+0800: 656.760: [scrub string table, 0.0005081 secs][1 CMS-remark: 63K(64K)] 101642K(118016K), 0.0954685 secs] [Times: user=0.09 sys=0.00, real=0.10 secs] 
2024-03-31T19:43:24.745+0800: 656.764: [CMS-concurrent-sweep-start]
2024-03-31T19:43:24.745+0800: 656.764: [CMS-concurrent-sweep: 0.000/0.000 secs] [Times: user=0.00 sys=0.00, real=0.00 secs] 
2024-03-31T19:43:24.746+0800: 656.765: [CMS-concurrent-reset-start]
2024-03-31T19:43:24.747+0800: 656.765: [CMS-concurrent-reset: 0.000/0.000 secs] [Times: user=0.00 sys=0.00, real=0.00 secs] 
2024-03-31T19:43:26.754+0800: 658.773: [GC (CMS Initial Mark) [1 CMS-initial-mark: 63K(64K)] 101850K(118016K), 0.1182442 secs] [Times: user=0.12 sys=0.00, real=0.12 secs] 
2024-03-31T19:43:26.873+0800: 658.891: [CMS-concurrent-mark-start]
2024-03-31T19:43:26.874+0800: 658.892: [CMS-concurrent-mark: 0.000/0.000 secs] [Times: user=0.00 sys=0.01, real=0.00 secs] 
2024-03-31T19:43:26.874+0800: 658.892: [CMS-concurrent-preclean-start]
2024-03-31T19:43:26.875+0800: 658.894: [CMS-concurrent-preclean: 0.001/0.001 secs] [Times: user=0.00 sys=0.00, real=0.00 secs] 
2024-03-31T19:43:26.875+0800: 658.894: [CMS-concurrent-abortable-preclean-start]
2024-03-31T19:43:26.875+0800: 658.894: [CMS-concurrent-abortable-preclean: 0.000/0.000 secs] [Times: user=0.00 sys=0.00, real=0.00 secs] 
2024-03-31T19:43:26.876+0800: 658.894: [GC (CMS Final Remark) [YG occupancy: 101786 K (117952 K)]2024-03-31T19:43:26.876+0800: 658.895: [Rescan (non-parallel) 2024-03-31T19:43:26.876+0800: 658.895: [grey object rescan, 0.0001048 secs]2024-03-31T19:43:26.877+0800: 658.895: [root rescan, 0.0667595 secs]2024-03-31T19:43:26.944+0800: 658.962: [visit unhandled CLDs, 0.0001804 secs]2024-03-31T19:43:26.944+0800: 658.962: [dirty klass scan, 0.0012380 secs], 0.0688951 secs]2024-03-31T19:43:26.945+0800: 658.964: [weak refs processing, 0.0001321 secs]2024-03-31T19:43:26.945+0800: 658.964: [class unloading, 0.0105533 secs]2024-03-31T19:43:26.956+0800: 658.975: [scrub symbol table, 0.0095183 secs]2024-03-31T19:43:26.966+0800: 658.984: [scrub string table, 0.0004923 secs][1 CMS-remark: 63K(64K)] 101850K(118016K), 0.0928024 secs] [Times: user=0.09 sys=0.00, real=0.09 secs] 
2024-03-31T19:43:26.970+0800: 658.988: [CMS-concurrent-sweep-start]
2024-03-31T19:43:26.970+0800: 658.988: [CMS-concurrent-sweep: 0.000/0.000 secs] [Times: user=0.00 sys=0.00, real=0.00 secs] 
2024-03-31T19:43:26.970+0800: 658.989: [CMS-concurrent-reset-start]
2024-03-31T19:43:26.971+0800: 658.989: [CMS-concurrent-reset: 0.000/0.000 secs] [Times: user=0.00 sys=0.00, real=0.00 secs] 
2024-03-31T19:43:28.981+0800: 661.000: [GC (CMS Initial Mark) [1 CMS-initial-mark: 63K(64K)] 101957K(118016K), 0.1002241 secs] [Times: user=0.10 sys=0.00, real=0.10 secs] 
2024-03-31T19:43:29.083+0800: 661.101: [CMS-concurrent-mark-start]
2024-03-31T19:43:29.083+0800: 661.102: [CMS-concurrent-mark: 0.000/0.000 secs] [Times: user=0.00 sys=0.00, real=0.00 secs] 
2024-03-31T19:43:29.084+0800: 661.103: [CMS-concurrent-preclean-start]
2024-03-31T19:43:29.087+0800: 661.105: [CMS-concurrent-preclean: 0.001/0.001 secs] [Times: user=0.00 sys=0.00, real=0.00 secs] 
2024-03-31T19:43:29.088+0800: 661.107: [CMS-concurrent-abortable-preclean-start]
2024-03-31T19:43:29.090+0800: 661.108: [CMS-concurrent-abortable-preclean: 0.000/0.000 secs] [Times: user=0.01 sys=0.00, real=0.01 secs] 
2024-03-31T19:43:29.092+0800: 661.111: [GC (CMS Final Remark) [YG occupancy: 101893 K (117952 K)]2024-03-31T19:43:29.093+0800: 661.111: [Rescan (non-parallel) 2024-03-31T19:43:29.093+0800: 661.111: [grey object rescan, 0.0002101 secs]2024-03-31T19:43:29.093+0800: 661.111: [root rescan, 0.0670600 secs]2024-03-31T19:43:29.160+0800: 661.179: [visit unhandled CLDs, 0.0001727 secs]2024-03-31T19:43:29.161+0800: 661.179: [dirty klass scan, 0.0012947 secs], 0.0693635 secs]2024-03-31T19:43:29.162+0800: 661.180: [weak refs processing, 0.0001369 secs]2024-03-31T19:43:29.162+0800: 661.181: [class unloading, 0.0103963 secs]2024-03-31T19:43:29.173+0800: 661.191: [scrub symbol table, 0.0096304 secs]2024-03-31T19:43:29.183+0800: 661.201: [scrub string table, 0.0004974 secs][1 CMS-remark: 63K(64K)] 101957K(118016K), 0.0931641 secs] [Times: user=0.09 sys=0.00, real=0.09 secs] 
2024-03-31T19:43:29.186+0800: 661.205: [CMS-concurrent-sweep-start]
2024-03-31T19:43:29.187+0800: 661.205: [CMS-concurrent-sweep: 0.000/0.000 secs] [Times: user=0.00 sys=0.00, real=0.00 secs] 
2024-03-31T19:43:29.187+0800: 661.206: [CMS-concurrent-reset-start]
2024-03-31T19:43:29.188+0800: 661.206: [CMS-concurrent-reset: 0.000/0.000 secs] [Times: user=0.00 sys=0.00, real=0.00 secs] 
2024-03-31T19:43:31.194+0800: 663.213: [GC (CMS Initial Mark) [1 CMS-initial-mark: 63K(64K)] 102161K(118016K), 0.1084156 secs] [Times: user=0.10 sys=0.00, real=0.11 secs] 
2024-03-31T19:43:31.303+0800: 663.322: [CMS-concurrent-mark-start]
2024-03-31T19:43:31.303+0800: 663.323: [CMS-concurrent-mark: 0.000/0.000 secs] [Times: user=0.01 sys=0.00, real=0.00 secs] 
2024-03-31T19:43:31.304+0800: 663.323: [CMS-concurrent-preclean-start]
2024-03-31T19:43:31.306+0800: 663.325: [CMS-concurrent-preclean: 0.001/0.001 secs] [Times: user=0.00 sys=0.00, real=0.00 secs] 
2024-03-31T19:43:31.306+0800: 663.325: [CMS-concurrent-abortable-preclean-start]
2024-03-31T19:43:31.306+0800: 663.325: [CMS-concurrent-abortable-preclean: 0.000/0.000 secs] [Times: user=0.00 sys=0.00, real=0.00 secs] 
2024-03-31T19:43:31.307+0800: 663.326: [GC (CMS Final Remark) [YG occupancy: 102098 K (117952 K)]2024-03-31T19:43:31.307+0800: 663.326: [Rescan (non-parallel) 2024-03-31T19:43:31.307+0800: 663.326: [grey object rescan, 0.0001085 secs]2024-03-31T19:43:31.308+0800: 663.327: [root rescan, 0.0673320 secs]2024-03-31T19:43:31.375+0800: 663.394: [visit unhandled CLDs, 0.0001633 secs]2024-03-31T19:43:31.375+0800: 663.394: [dirty klass scan, 0.0012738 secs], 0.0695174 secs]2024-03-31T19:43:31.377+0800: 663.396: [weak refs processing, 0.0001387 secs]2024-03-31T19:43:31.377+0800: 663.396: [class unloading, 0.0105219 secs]2024-03-31T19:43:31.388+0800: 663.407: [scrub symbol table, 0.0096340 secs]2024-03-31T19:43:31.398+0800: 663.417: [scrub string table, 0.0005094 secs][1 CMS-remark: 63K(64K)] 102161K(118016K), 0.0934935 secs] [Times: user=0.09 sys=0.01, real=0.10 secs] 
2024-03-31T19:43:31.401+0800: 663.420: [CMS-concurrent-sweep-start]
2024-03-31T19:43:31.401+0800: 663.420: [CMS-concurrent-sweep: 0.000/0.000 secs] [Times: user=0.00 sys=0.00, real=0.00 secs] 
2024-03-31T19:43:31.402+0800: 663.421: [CMS-concurrent-reset-start]
2024-03-31T19:43:31.402+0800: 663.421: [CMS-concurrent-reset: 0.000/0.000 secs] [Times: user=0.00 sys=0.00, real=0.00 secs] 
2024-03-31T19:43:33.410+0800: 665.429: [GC (CMS Initial Mark) [1 CMS-initial-mark: 63K(64K)] 102290K(118016K), 0.1026761 secs] [Times: user=0.10 sys=0.00, real=0.10 secs] 
2024-03-31T19:43:33.514+0800: 665.533: [CMS-concurrent-mark-start]
2024-03-31T19:43:33.514+0800: 665.533: [CMS-concurrent-mark: 0.000/0.000 secs] [Times: user=0.00 sys=0.00, real=0.00 secs] 
2024-03-31T19:43:33.515+0800: 665.534: [CMS-concurrent-preclean-start]
2024-03-31T19:43:33.517+0800: 665.536: [CMS-concurrent-preclean: 0.001/0.001 secs] [Times: user=0.00 sys=0.00, real=0.00 secs] 
2024-03-31T19:43:33.518+0800: 665.537: [CMS-concurrent-abortable-preclean-start]
2024-03-31T19:43:33.518+0800: 665.537: [CMS-concurrent-abortable-preclean: 0.000/0.000 secs] [Times: user=0.00 sys=0.00, real=0.00 secs] 
2024-03-31T19:43:33.518+0800: 665.537: [GC (CMS Final Remark) [YG occupancy: 102226 K (117952 K)]2024-03-31T19:43:33.519+0800: 665.538: [Rescan (non-parallel) 2024-03-31T19:43:33.519+0800: 665.538: [grey object rescan, 0.0002333 secs]2024-03-31T19:43:33.519+0800: 665.538: [root rescan, 0.0705390 secs]2024-03-31T19:43:33.590+0800: 665.609: [visit unhandled CLDs, 0.0001916 secs]2024-03-31T19:43:33.590+0800: 665.609: [dirty klass scan, 0.0016873 secs], 0.0735258 secs]2024-03-31T19:43:33.592+0800: 665.611: [weak refs processing, 0.0001558 secs]2024-03-31T19:43:33.592+0800: 665.611: [class unloading, 0.0114312 secs]2024-03-31T19:43:33.604+0800: 665.623: [scrub symbol table, 0.0107272 secs]2024-03-31T19:43:33.615+0800: 665.634: [scrub string table, 0.0005850 secs][1 CMS-remark: 63K(64K)] 102290K(118016K), 0.1001694 secs] [Times: user=0.09 sys=0.00, real=0.11 secs] 
2024-03-31T19:43:33.619+0800: 665.638: [CMS-concurrent-sweep-start]
2024-03-31T19:43:33.620+0800: 665.639: [CMS-concurrent-sweep: 0.000/0.000 secs] [Times: user=0.01 sys=0.00, real=0.00 secs] 
2024-03-31T19:43:33.622+0800: 665.641: [CMS-concurrent-reset-start]
2024-03-31T19:43:33.623+0800: 665.642: [CMS-concurrent-reset: 0.000/0.000 secs] [Times: user=0.00 sys=0.00, real=0.00 secs] 
2024-03-31T19:43:35.637+0800: 667.657: [GC (CMS Initial Mark) [1 CMS-initial-mark: 63K(64K)] 102626K(118016K), 0.0955794 secs] [Times: user=0.09 sys=0.00, real=0.10 secs] 
2024-03-31T19:43:35.734+0800: 667.753: [CMS-concurrent-mark-start]
2024-03-31T19:43:35.735+0800: 667.754: [CMS-concurrent-mark: 0.000/0.000 secs] [Times: user=0.00 sys=0.00, real=0.00 secs] 
2024-03-31T19:43:35.735+0800: 667.754: [CMS-concurrent-preclean-start]
2024-03-31T19:43:35.737+0800: 667.756: [CMS-concurrent-preclean: 0.001/0.001 secs] [Times: user=0.01 sys=0.00, real=0.00 secs] 
2024-03-31T19:43:35.738+0800: 667.757: [CMS-concurrent-abortable-preclean-start]
2024-03-31T19:43:35.739+0800: 667.758: [CMS-concurrent-abortable-preclean: 0.000/0.000 secs] [Times: user=0.00 sys=0.00, real=0.01 secs] 
2024-03-31T19:43:35.740+0800: 667.759: [GC (CMS Final Remark) [YG occupancy: 102562 K (117952 K)]2024-03-31T19:43:35.740+0800: 667.759: [Rescan (non-parallel) 2024-03-31T19:43:35.740+0800: 667.760: [grey object rescan, 0.0001047 secs]2024-03-31T19:43:35.741+0800: 667.760: [root rescan, 0.0691290 secs]2024-03-31T19:43:35.810+0800: 667.829: [visit unhandled CLDs, 0.0002092 secs]2024-03-31T19:43:35.810+0800: 667.829: [dirty klass scan, 0.0015530 secs], 0.0716965 secs]2024-03-31T19:43:35.812+0800: 667.831: [weak refs processing, 0.0001550 secs]2024-03-31T19:43:35.812+0800: 667.832: [class unloading, 0.0113190 secs]2024-03-31T19:43:35.824+0800: 667.843: [scrub symbol table, 0.0120909 secs]2024-03-31T19:43:35.836+0800: 667.855: [scrub string table, 0.0005545 secs][1 CMS-remark: 63K(64K)] 102626K(118016K), 0.0992604 secs] [Times: user=0.10 sys=0.00, real=0.10 secs] 
2024-03-31T19:43:35.840+0800: 667.859: [CMS-concurrent-sweep-start]
2024-03-31T19:43:35.841+0800: 667.860: [CMS-concurrent-sweep: 0.000/0.000 secs] [Times: user=0.00 sys=0.00, real=0.00 secs] 
2024-03-31T19:43:35.842+0800: 667.861: [CMS-concurrent-reset-start]
2024-03-31T19:43:35.842+0800: 667.862: [CMS-concurrent-reset: 0.000/0.000 secs] [Times: user=0.00 sys=0.00, real=0.00 secs] 
2024-03-31T19:43:37.852+0800: 669.871: [GC (CMS Initial Mark) [1 CMS-initial-mark: 63K(64K)] 102845K(118016K), 0.1123638 secs] [Times: user=0.12 sys=0.00, real=0.11 secs] 
2024-03-31T19:43:37.965+0800: 669.984: [CMS-concurrent-mark-start]
2024-03-31T19:43:37.966+0800: 669.985: [CMS-concurrent-mark: 0.000/0.000 secs] [Times: user=0.00 sys=0.00, real=0.00 secs] 
2024-03-31T19:43:37.966+0800: 669.985: [CMS-concurrent-preclean-start]
2024-03-31T19:43:37.968+0800: 669.987: [CMS-concurrent-preclean: 0.001/0.001 secs] [Times: user=0.00 sys=0.00, real=0.00 secs] 
2024-03-31T19:43:37.968+0800: 669.987: [CMS-concurrent-abortable-preclean-start]
2024-03-31T19:43:37.968+0800: 669.987: [CMS-concurrent-abortable-preclean: 0.000/0.000 secs] [Times: user=0.00 sys=0.00, real=0.00 secs] 
2024-03-31T19:43:37.969+0800: 669.988: [GC (CMS Final Remark) [YG occupancy: 102781 K (117952 K)]2024-03-31T19:43:37.969+0800: 669.988: [Rescan (non-parallel) 2024-03-31T19:43:37.969+0800: 669.988: [grey object rescan, 0.0001698 secs]2024-03-31T19:43:37.970+0800: 669.989: [root rescan, 0.0681768 secs]2024-03-31T19:43:38.038+0800: 670.057: [visit unhandled CLDs, 0.0001493 secs]2024-03-31T19:43:38.038+0800: 670.057: [dirty klass scan, 0.0012959 secs], 0.0704395 secs]2024-03-31T19:43:38.040+0800: 670.059: [weak refs processing, 0.0001361 secs]2024-03-31T19:43:38.040+0800: 670.059: [class unloading, 0.0106644 secs]2024-03-31T19:43:38.051+0800: 670.070: [scrub symbol table, 0.0095538 secs]2024-03-31T19:43:38.061+0800: 670.080: [scrub string table, 0.0004903 secs][1 CMS-remark: 63K(64K)] 102845K(118016K), 0.0945009 secs] [Times: user=0.10 sys=0.00, real=0.09 secs] 
2024-03-31T19:43:38.064+0800: 670.083: [CMS-concurrent-sweep-start]
2024-03-31T19:43:38.064+0800: 670.083: [CMS-concurrent-sweep: 0.000/0.000 secs] [Times: user=0.00 sys=0.00, real=0.00 secs] 
2024-03-31T19:43:38.065+0800: 670.084: [CMS-concurrent-reset-start]
2024-03-31T19:43:38.065+0800: 670.084: [CMS-concurrent-reset: 0.000/0.000 secs] [Times: user=0.00 sys=0.00, real=0.00 secs] 
2024-03-31T19:43:40.072+0800: 672.091: [GC (CMS Initial Mark) [1 CMS-initial-mark: 63K(64K)] 102915K(118016K), 0.1108178 secs] [Times: user=0.11 sys=0.00, real=0.11 secs] 
2024-03-31T19:43:40.184+0800: 672.203: [CMS-concurrent-mark-start]
2024-03-31T19:43:40.185+0800: 672.204: [CMS-concurrent-mark: 0.000/0.000 secs] [Times: user=0.01 sys=0.00, real=0.00 secs] 
2024-03-31T19:43:40.186+0800: 672.205: [CMS-concurrent-preclean-start]
2024-03-31T19:43:40.188+0800: 672.207: [CMS-concurrent-preclean: 0.001/0.001 secs] [Times: user=0.00 sys=0.00, real=0.00 secs] 
2024-03-31T19:43:40.190+0800: 672.209: [CMS-concurrent-abortable-preclean-start]
2024-03-31T19:43:40.191+0800: 672.211: [CMS-concurrent-abortable-preclean: 0.000/0.000 secs] [Times: user=0.00 sys=0.00, real=0.01 secs] 
2024-03-31T19:43:40.196+0800: 672.215: [GC (CMS Final Remark) [YG occupancy: 102861 K (117952 K)]2024-03-31T19:43:40.196+0800: 672.215: [Rescan (non-parallel) 2024-03-31T19:43:40.196+0800: 672.216: [grey object rescan, 0.0000975 secs]2024-03-31T19:43:40.197+0800: 672.216: [root rescan, 0.0683078 secs]2024-03-31T19:43:40.265+0800: 672.284: [visit unhandled CLDs, 0.0001899 secs]2024-03-31T19:43:40.265+0800: 672.285: [dirty klass scan, 0.0012853 secs], 0.0705152 secs]2024-03-31T19:43:40.267+0800: 672.286: [weak refs processing, 0.0001342 secs]2024-03-31T19:43:40.267+0800: 672.286: [class unloading, 0.0104414 secs]2024-03-31T19:43:40.278+0800: 672.297: [scrub symbol table, 0.0095744 secs]2024-03-31T19:43:40.288+0800: 672.307: [scrub string table, 0.0004792 secs][1 CMS-remark: 63K(64K)] 102925K(118016K), 0.0943198 secs] [Times: user=0.10 sys=0.00, real=0.10 secs] 
2024-03-31T19:43:40.291+0800: 672.310: [CMS-concurrent-sweep-start]
2024-03-31T19:43:40.292+0800: 672.311: [CMS-concurrent-sweep: 0.000/0.000 secs] [Times: user=0.00 sys=0.00, real=0.00 secs] 
2024-03-31T19:43:40.293+0800: 672.312: [CMS-concurrent-reset-start]
2024-03-31T19:43:40.293+0800: 672.312: [CMS-concurrent-reset: 0.000/0.000 secs] [Times: user=0.00 sys=0.00, real=0.00 secs] 
2024-03-31T19:43:42.300+0800: 674.319: [GC (CMS Initial Mark) [1 CMS-initial-mark: 63K(64K)] 103180K(118016K), 0.1130633 secs] [Times: user=0.12 sys=0.00, real=0.11 secs] 
2024-03-31T19:43:42.414+0800: 674.433: [CMS-concurrent-mark-start]
2024-03-31T19:43:42.414+0800: 674.433: [CMS-concurrent-mark: 0.000/0.000 secs] [Times: user=0.00 sys=0.00, real=0.00 secs] 
2024-03-31T19:43:42.415+0800: 674.434: [CMS-concurrent-preclean-start]
2024-03-31T19:43:42.417+0800: 674.436: [CMS-concurrent-preclean: 0.001/0.001 secs] [Times: user=0.00 sys=0.00, real=0.00 secs] 
2024-03-31T19:43:42.417+0800: 674.436: [CMS-concurrent-abortable-preclean-start]
2024-03-31T19:43:42.417+0800: 674.436: [CMS-concurrent-abortable-preclean: 0.000/0.000 secs] [Times: user=0.00 sys=0.00, real=0.00 secs] 
2024-03-31T19:43:42.418+0800: 674.437: [GC (CMS Final Remark) [YG occupancy: 103116 K (117952 K)]2024-03-31T19:43:42.418+0800: 674.438: [Rescan (non-parallel) 2024-03-31T19:43:42.419+0800: 674.438: [grey object rescan, 0.0001108 secs]2024-03-31T19:43:42.419+0800: 674.438: [root rescan, 0.0687601 secs]2024-03-31T19:43:42.488+0800: 674.507: [visit unhandled CLDs, 0.0001730 secs]2024-03-31T19:43:42.488+0800: 674.507: [dirty klass scan, 0.0013156 secs], 0.0710905 secs]2024-03-31T19:43:42.490+0800: 674.509: [weak refs processing, 0.0001395 secs]2024-03-31T19:43:42.490+0800: 674.509: [class unloading, 0.0109440 secs]2024-03-31T19:43:42.501+0800: 674.520: [scrub symbol table, 0.0097949 secs]2024-03-31T19:43:42.511+0800: 674.530: [scrub string table, 0.0005045 secs][1 CMS-remark: 63K(64K)] 103180K(118016K), 0.0956058 secs] [Times: user=0.10 sys=0.00, real=0.10 secs] 
2024-03-31T19:43:42.514+0800: 674.534: [CMS-concurrent-sweep-start]
2024-03-31T19:43:42.515+0800: 674.534: [CMS-concurrent-sweep: 0.000/0.000 secs] [Times: user=0.00 sys=0.00, real=0.00 secs] 
2024-03-31T19:43:42.515+0800: 674.534: [CMS-concurrent-reset-start]
2024-03-31T19:43:42.515+0800: 674.534: [CMS-concurrent-reset: 0.000/0.000 secs] [Times: user=0.00 sys=0.00, real=0.00 secs] 
2024-03-31T19:43:44.523+0800: 676.542: [GC (CMS Initial Mark) [1 CMS-initial-mark: 63K(64K)] 103313K(118016K), 0.1190079 secs] [Times: user=0.11 sys=0.00, real=0.12 secs] 
2024-03-31T19:43:44.643+0800: 676.662: [CMS-concurrent-mark-start]
2024-03-31T19:43:44.644+0800: 676.663: [CMS-concurrent-mark: 0.000/0.000 secs] [Times: user=0.00 sys=0.00, real=0.00 secs] 
2024-03-31T19:43:44.644+0800: 676.663: [CMS-concurrent-preclean-start]
2024-03-31T19:43:44.646+0800: 676.665: [CMS-concurrent-preclean: 0.001/0.001 secs] [Times: user=0.00 sys=0.00, real=0.00 secs] 
2024-03-31T19:43:44.649+0800: 676.668: [CMS-concurrent-abortable-preclean-start]
2024-03-31T19:43:44.649+0800: 676.668: [CMS-concurrent-abortable-preclean: 0.000/0.000 secs] [Times: user=0.00 sys=0.00, real=0.00 secs] 
2024-03-31T19:43:44.649+0800: 676.668: [GC (CMS Final Remark) [YG occupancy: 103249 K (117952 K)]2024-03-31T19:43:44.649+0800: 676.669: [Rescan (non-parallel) 2024-03-31T19:43:44.650+0800: 676.669: [grey object rescan, 0.0001103 secs]2024-03-31T19:43:44.650+0800: 676.669: [root rescan, 0.0686830 secs]2024-03-31T19:43:44.719+0800: 676.738: [visit unhandled CLDs, 0.0001482 secs]2024-03-31T19:43:44.719+0800: 676.738: [dirty klass scan, 0.0012925 secs], 0.0708635 secs]2024-03-31T19:43:44.720+0800: 676.739: [weak refs processing, 0.0001283 secs]2024-03-31T19:43:44.721+0800: 676.740: [class unloading, 0.0110716 secs]2024-03-31T19:43:44.732+0800: 676.751: [scrub symbol table, 0.0098331 secs]2024-03-31T19:43:44.742+0800: 676.761: [scrub string table, 0.0004922 secs][1 CMS-remark: 63K(64K)] 103313K(118016K), 0.0955372 secs] [Times: user=0.09 sys=0.00, real=0.09 secs] 
2024-03-31T19:43:44.745+0800: 676.765: [CMS-concurrent-sweep-start]
2024-03-31T19:43:44.746+0800: 676.765: [CMS-concurrent-sweep: 0.000/0.000 secs] [Times: user=0.00 sys=0.00, real=0.00 secs] 
2024-03-31T19:43:44.747+0800: 676.766: [CMS-concurrent-reset-start]
2024-03-31T19:43:44.748+0800: 676.767: [CMS-concurrent-reset: 0.000/0.000 secs] [Times: user=0.00 sys=0.00, real=0.00 secs] 
2024-03-31T19:43:46.755+0800: 678.774: [GC (CMS Initial Mark) [1 CMS-initial-mark: 63K(64K)] 103753K(118016K), 0.0864030 secs] [Times: user=0.08 sys=0.00, real=0.09 secs] 
2024-03-31T19:43:46.843+0800: 678.862: [CMS-concurrent-mark-start]
2024-03-31T19:43:46.844+0800: 678.863: [CMS-concurrent-mark: 0.000/0.000 secs] [Times: user=0.00 sys=0.00, real=0.00 secs] 
2024-03-31T19:43:46.845+0800: 678.864: [CMS-concurrent-preclean-start]
2024-03-31T19:43:46.846+0800: 678.865: [CMS-concurrent-preclean: 0.001/0.001 secs] [Times: user=0.01 sys=0.00, real=0.00 secs] 
2024-03-31T19:43:46.847+0800: 678.866: [CMS-concurrent-abortable-preclean-start]
2024-03-31T19:43:46.848+0800: 678.867: [CMS-concurrent-abortable-preclean: 0.000/0.000 secs] [Times: user=0.00 sys=0.00, real=0.00 secs] 
2024-03-31T19:43:46.849+0800: 678.868: [GC (CMS Final Remark) [YG occupancy: 103701 K (117952 K)]2024-03-31T19:43:46.849+0800: 678.868: [Rescan (non-parallel) 2024-03-31T19:43:46.849+0800: 678.868: [grey object rescan, 0.0000986 secs]2024-03-31T19:43:46.849+0800: 678.868: [root rescan, 0.0685221 secs]2024-03-31T19:43:46.918+0800: 678.937: [visit unhandled CLDs, 0.0001572 secs]2024-03-31T19:43:46.918+0800: 678.937: [dirty klass scan, 0.0013554 secs], 0.0707546 secs]2024-03-31T19:43:46.920+0800: 678.939: [weak refs processing, 0.0001438 secs]2024-03-31T19:43:46.920+0800: 678.939: [class unloading, 0.0109773 secs]2024-03-31T19:43:46.931+0800: 678.950: [scrub symbol table, 0.0096940 secs]2024-03-31T19:43:46.941+0800: 678.960: [scrub string table, 0.0004998 secs][1 CMS-remark: 63K(64K)] 103765K(118016K), 0.0953381 secs] [Times: user=0.09 sys=0.00, real=0.09 secs] 
2024-03-31T19:43:46.945+0800: 678.964: [CMS-concurrent-sweep-start]
2024-03-31T19:43:46.945+0800: 678.964: [CMS-concurrent-sweep: 0.000/0.000 secs] [Times: user=0.00 sys=0.00, real=0.00 secs] 
2024-03-31T19:43:46.945+0800: 678.964: [CMS-concurrent-reset-start]
2024-03-31T19:43:46.945+0800: 678.964: [CMS-concurrent-reset: 0.000/0.000 secs] [Times: user=0.01 sys=0.00, real=0.00 secs] 
2024-03-31T19:43:48.952+0800: 680.971: [GC (CMS Initial Mark) [1 CMS-initial-mark: 63K(64K)] 103843K(118016K), 0.1123694 secs] [Times: user=0.11 sys=0.00, real=0.11 secs] 
2024-03-31T19:43:49.065+0800: 681.084: [CMS-concurrent-mark-start]
2024-03-31T19:43:49.065+0800: 681.085: [CMS-concurrent-mark: 0.000/0.000 secs] [Times: user=0.00 sys=0.00, real=0.00 secs] 
2024-03-31T19:43:49.066+0800: 681.085: [CMS-concurrent-preclean-start]
2024-03-31T19:43:49.068+0800: 681.087: [CMS-concurrent-preclean: 0.001/0.001 secs] [Times: user=0.01 sys=0.00, real=0.00 secs] 
2024-03-31T19:43:49.068+0800: 681.087: [CMS-concurrent-abortable-preclean-start]
2024-03-31T19:43:49.068+0800: 681.087: [CMS-concurrent-abortable-preclean: 0.000/0.000 secs] [Times: user=0.00 sys=0.00, real=0.00 secs] 
2024-03-31T19:43:49.069+0800: 681.088: [GC (CMS Final Remark) [YG occupancy: 103779 K (117952 K)]2024-03-31T19:43:49.069+0800: 681.088: [Rescan (non-parallel) 2024-03-31T19:43:49.069+0800: 681.088: [grey object rescan, 0.0001010 secs]2024-03-31T19:43:49.069+0800: 681.088: [root rescan, 0.0686802 secs]2024-03-31T19:43:49.138+0800: 681.157: [visit unhandled CLDs, 0.0001610 secs]2024-03-31T19:43:49.138+0800: 681.158: [dirty klass scan, 0.0012180 secs], 0.0708240 secs]2024-03-31T19:43:49.140+0800: 681.159: [weak refs processing, 0.0001311 secs]2024-03-31T19:43:49.140+0800: 681.159: [class unloading, 0.0105667 secs]2024-03-31T19:43:49.151+0800: 681.170: [scrub symbol table, 0.0095941 secs]2024-03-31T19:43:49.161+0800: 681.180: [scrub string table, 0.0004790 secs][1 CMS-remark: 63K(64K)] 103843K(118016K), 0.0947146 secs] [Times: user=0.09 sys=0.00, real=0.09 secs] 
2024-03-31T19:43:49.164+0800: 681.183: [CMS-concurrent-sweep-start]
2024-03-31T19:43:49.164+0800: 681.184: [CMS-concurrent-sweep: 0.000/0.000 secs] [Times: user=0.00 sys=0.00, real=0.00 secs] 
2024-03-31T19:43:49.165+0800: 681.184: [CMS-concurrent-reset-start]
2024-03-31T19:43:49.165+0800: 681.184: [CMS-concurrent-reset: 0.000/0.000 secs] [Times: user=0.00 sys=0.00, real=0.00 secs] 
2024-03-31T19:43:51.169+0800: 683.188: [GC (CMS Initial Mark) [1 CMS-initial-mark: 63K(64K)] 104113K(118016K), 0.0823757 secs] [Times: user=0.08 sys=0.00, real=0.08 secs] 
2024-03-31T19:43:51.252+0800: 683.271: [CMS-concurrent-mark-start]
2024-03-31T19:43:51.253+0800: 683.272: [CMS-concurrent-mark: 0.000/0.000 secs] [Times: user=0.00 sys=0.01, real=0.00 secs] 
2024-03-31T19:43:51.255+0800: 683.274: [CMS-concurrent-preclean-start]
2024-03-31T19:43:51.258+0800: 683.277: [CMS-concurrent-preclean: 0.001/0.001 secs] [Times: user=0.00 sys=0.00, real=0.00 secs] 
2024-03-31T19:43:51.259+0800: 683.279: [CMS-concurrent-abortable-preclean-start]
2024-03-31T19:43:51.261+0800: 683.280: [CMS-concurrent-abortable-preclean: 0.000/0.000 secs] [Times: user=0.00 sys=0.00, real=0.01 secs] 
2024-03-31T19:43:51.263+0800: 683.282: [GC (CMS Final Remark) [YG occupancy: 104049 K (117952 K)]2024-03-31T19:43:51.263+0800: 683.282: [Rescan (non-parallel) 2024-03-31T19:43:51.263+0800: 683.282: [grey object rescan, 0.0001010 secs]2024-03-31T19:43:51.263+0800: 683.283: [root rescan, 0.0690436 secs]2024-03-31T19:43:51.333+0800: 683.352: [visit unhandled CLDs, 0.0001576 secs]2024-03-31T19:43:51.333+0800: 683.352: [dirty klass scan, 0.0013201 secs], 0.0712472 secs]2024-03-31T19:43:51.334+0800: 683.354: [weak refs processing, 0.0001376 secs]2024-03-31T19:43:51.335+0800: 683.354: [class unloading, 0.0110662 secs]2024-03-31T19:43:51.346+0800: 683.365: [scrub symbol table, 0.0096569 secs]2024-03-31T19:43:51.356+0800: 683.375: [scrub string table, 0.0005413 secs][1 CMS-remark: 63K(64K)] 104113K(118016K), 0.0958071 secs] [Times: user=0.10 sys=0.00, real=0.10 secs] 
2024-03-31T19:43:51.359+0800: 683.379: [CMS-concurrent-sweep-start]
2024-03-31T19:43:51.360+0800: 683.379: [CMS-concurrent-sweep: 0.000/0.000 secs] [Times: user=0.00 sys=0.00, real=0.00 secs] 
2024-03-31T19:43:51.361+0800: 683.380: [CMS-concurrent-reset-start]
2024-03-31T19:43:51.361+0800: 683.380: [CMS-concurrent-reset: 0.000/0.000 secs] [Times: user=0.00 sys=0.00, real=0.00 secs] 
2024-03-31T19:43:53.373+0800: 685.393: [GC (CMS Initial Mark) [1 CMS-initial-mark: 63K(64K)] 104280K(118016K), 0.1045509 secs] [Times: user=0.11 sys=0.00, real=0.10 secs] 
2024-03-31T19:43:53.479+0800: 685.498: [CMS-concurrent-mark-start]
2024-03-31T19:43:53.480+0800: 685.499: [CMS-concurrent-mark: 0.000/0.000 secs] [Times: user=0.00 sys=0.00, real=0.00 secs] 
2024-03-31T19:43:53.480+0800: 685.499: [CMS-concurrent-preclean-start]
2024-03-31T19:43:53.482+0800: 685.501: [CMS-concurrent-preclean: 0.001/0.001 secs] [Times: user=0.00 sys=0.00, real=0.00 secs] 
2024-03-31T19:43:53.483+0800: 685.502: [CMS-concurrent-abortable-preclean-start]
2024-03-31T19:43:53.483+0800: 685.502: [CMS-concurrent-abortable-preclean: 0.000/0.000 secs] [Times: user=0.00 sys=0.00, real=0.00 secs] 
2024-03-31T19:43:53.484+0800: 685.503: [GC (CMS Final Remark) [YG occupancy: 104237 K (117952 K)]2024-03-31T19:43:53.484+0800: 685.503: [Rescan (non-parallel) 2024-03-31T19:43:53.484+0800: 685.503: [grey object rescan, 0.0000983 secs]2024-03-31T19:43:53.484+0800: 685.503: [root rescan, 0.0692239 secs]2024-03-31T19:43:53.554+0800: 685.573: [visit unhandled CLDs, 0.0001563 secs]2024-03-31T19:43:53.554+0800: 685.573: [dirty klass scan, 0.0013436 secs], 0.0714359 secs]2024-03-31T19:43:53.555+0800: 685.574: [weak refs processing, 0.0001340 secs]2024-03-31T19:43:53.555+0800: 685.575: [class unloading, 0.0104849 secs]2024-03-31T19:43:53.566+0800: 685.585: [scrub symbol table, 0.0097676 secs]2024-03-31T19:43:53.576+0800: 685.595: [scrub string table, 0.0004907 secs][1 CMS-remark: 63K(64K)] 104301K(118016K), 0.0956056 secs] [Times: user=0.09 sys=0.00, real=0.10 secs] 
2024-03-31T19:43:53.580+0800: 685.599: [CMS-concurrent-sweep-start]
2024-03-31T19:43:53.580+0800: 685.599: [CMS-concurrent-sweep: 0.000/0.000 secs] [Times: user=0.00 sys=0.00, real=0.00 secs] 
2024-03-31T19:43:53.580+0800: 685.599: [CMS-concurrent-reset-start]
2024-03-31T19:43:53.580+0800: 685.599: [CMS-concurrent-reset: 0.000/0.000 secs] [Times: user=0.00 sys=0.00, real=0.00 secs] 
2024-03-31T19:43:55.589+0800: 687.608: [GC (CMS Initial Mark) [1 CMS-initial-mark: 63K(64K)] 104564K(118016K), 0.1107735 secs] [Times: user=0.11 sys=0.00, real=0.11 secs] 
2024-03-31T19:43:55.700+0800: 687.719: [CMS-concurrent-mark-start]
2024-03-31T19:43:55.701+0800: 687.720: [CMS-concurrent-mark: 0.000/0.000 secs] [Times: user=0.00 sys=0.00, real=0.00 secs] 
2024-03-31T19:43:55.701+0800: 687.720: [CMS-concurrent-preclean-start]
2024-03-31T19:43:55.703+0800: 687.722: [CMS-concurrent-preclean: 0.001/0.001 secs] [Times: user=0.00 sys=0.00, real=0.00 secs] 
2024-03-31T19:43:55.703+0800: 687.722: [CMS-concurrent-abortable-preclean-start]
2024-03-31T19:43:55.703+0800: 687.722: [CMS-concurrent-abortable-preclean: 0.000/0.000 secs] [Times: user=0.00 sys=0.00, real=0.00 secs] 
2024-03-31T19:43:55.704+0800: 687.723: [GC (CMS Final Remark) [YG occupancy: 104526 K (117952 K)]2024-03-31T19:43:55.704+0800: 687.723: [Rescan (non-parallel) 2024-03-31T19:43:55.704+0800: 687.724: [grey object rescan, 0.0000985 secs]2024-03-31T19:43:55.705+0800: 687.724: [root rescan, 0.0703104 secs]2024-03-31T19:43:55.775+0800: 687.794: [visit unhandled CLDs, 0.0001751 secs]2024-03-31T19:43:55.776+0800: 687.795: [dirty klass scan, 0.0014432 secs], 0.0728117 secs]2024-03-31T19:43:55.777+0800: 687.796: [weak refs processing, 0.0001429 secs]2024-03-31T19:43:55.778+0800: 687.797: [class unloading, 0.0107013 secs]2024-03-31T19:43:55.788+0800: 687.808: [scrub symbol table, 0.0096141 secs]2024-03-31T19:43:55.798+0800: 687.817: [scrub string table, 0.0004814 secs][1 CMS-remark: 63K(64K)] 104590K(118016K), 0.0969803 secs] [Times: user=0.09 sys=0.01, real=0.10 secs] 
2024-03-31T19:43:55.802+0800: 687.821: [CMS-concurrent-sweep-start]
2024-03-31T19:43:55.802+0800: 687.821: [CMS-concurrent-sweep: 0.000/0.000 secs] [Times: user=0.00 sys=0.00, real=0.00 secs] 
2024-03-31T19:43:55.803+0800: 687.822: [CMS-concurrent-reset-start]
2024-03-31T19:43:55.803+0800: 687.822: [CMS-concurrent-reset: 0.000/0.000 secs] [Times: user=0.00 sys=0.00, real=0.00 secs] 
2024-03-31T19:43:57.807+0800: 689.826: [GC (CMS Initial Mark) [1 CMS-initial-mark: 63K(64K)] 104759K(118016K), 0.1071355 secs] [Times: user=0.11 sys=0.00, real=0.11 secs] 
2024-03-31T19:43:57.915+0800: 689.934: [CMS-concurrent-mark-start]
2024-03-31T19:43:57.916+0800: 689.935: [CMS-concurrent-mark: 0.000/0.000 secs] [Times: user=0.00 sys=0.00, real=0.00 secs] 
2024-03-31T19:43:57.917+0800: 689.936: [CMS-concurrent-preclean-start]
2024-03-31T19:43:57.919+0800: 689.938: [CMS-concurrent-preclean: 0.001/0.001 secs] [Times: user=0.01 sys=0.00, real=0.01 secs] 
2024-03-31T19:43:57.920+0800: 689.939: [CMS-concurrent-abortable-preclean-start]
2024-03-31T19:43:57.920+0800: 689.939: [CMS-concurrent-abortable-preclean: 0.000/0.000 secs] [Times: user=0.00 sys=0.00, real=0.00 secs] 
2024-03-31T19:43:57.921+0800: 689.940: [GC (CMS Final Remark) [YG occupancy: 104695 K (117952 K)]2024-03-31T19:43:57.921+0800: 689.941: [Rescan (non-parallel) 2024-03-31T19:43:57.922+0800: 689.941: [grey object rescan, 0.0001198 secs]2024-03-31T19:43:57.922+0800: 689.941: [root rescan, 0.0722518 secs]2024-03-31T19:43:57.994+0800: 690.013: [visit unhandled CLDs, 0.0002088 secs]2024-03-31T19:43:57.995+0800: 690.014: [dirty klass scan, 0.0015555 secs], 0.0748152 secs]2024-03-31T19:43:57.996+0800: 690.015: [weak refs processing, 0.0001363 secs]2024-03-31T19:43:57.997+0800: 690.016: [class unloading, 0.0115052 secs]2024-03-31T19:43:58.008+0800: 690.027: [scrub symbol table, 0.0103108 secs]2024-03-31T19:43:58.019+0800: 690.038: [scrub string table, 0.0005206 secs][1 CMS-remark: 63K(64K)] 104759K(118016K), 0.1006927 secs] [Times: user=0.09 sys=0.01, real=0.10 secs] 
2024-03-31T19:43:58.023+0800: 690.042: [CMS-concurrent-sweep-start]
2024-03-31T19:43:58.023+0800: 690.043: [CMS-concurrent-sweep: 0.000/0.000 secs] [Times: user=0.00 sys=0.00, real=0.00 secs] 
2024-03-31T19:43:58.025+0800: 690.044: [CMS-concurrent-reset-start]
2024-03-31T19:43:58.025+0800: 690.045: [CMS-concurrent-reset: 0.000/0.000 secs] [Times: user=0.01 sys=0.00, real=0.00 secs] 
2024-03-31T19:44:00.032+0800: 692.052: [GC (CMS Initial Mark) [1 CMS-initial-mark: 63K(64K)] 104788K(118016K), 0.1019162 secs] [Times: user=0.10 sys=0.00, real=0.10 secs] 
2024-03-31T19:44:00.135+0800: 692.154: [CMS-concurrent-mark-start]
2024-03-31T19:44:00.136+0800: 692.155: [CMS-concurrent-mark: 0.000/0.000 secs] [Times: user=0.00 sys=0.00, real=0.00 secs] 
2024-03-31T19:44:00.137+0800: 692.156: [CMS-concurrent-preclean-start]
2024-03-31T19:44:00.138+0800: 692.157: [CMS-concurrent-preclean: 0.001/0.001 secs] [Times: user=0.01 sys=0.00, real=0.00 secs] 
2024-03-31T19:44:00.138+0800: 692.157: [CMS-concurrent-abortable-preclean-start]
2024-03-31T19:44:00.138+0800: 692.157: [CMS-concurrent-abortable-preclean: 0.000/0.000 secs] [Times: user=0.00 sys=0.00, real=0.00 secs] 
2024-03-31T19:44:00.139+0800: 692.158: [GC (CMS Final Remark) [YG occupancy: 104724 K (117952 K)]2024-03-31T19:44:00.139+0800: 692.158: [Rescan (non-parallel) 2024-03-31T19:44:00.140+0800: 692.159: [grey object rescan, 0.0001585 secs]2024-03-31T19:44:00.140+0800: 692.159: [root rescan, 0.0693492 secs]2024-03-31T19:44:00.210+0800: 692.229: [visit unhandled CLDs, 0.0001568 secs]2024-03-31T19:44:00.210+0800: 692.229: [dirty klass scan, 0.0013354 secs], 0.0717232 secs]2024-03-31T19:44:00.211+0800: 692.230: [weak refs processing, 0.0001545 secs]2024-03-31T19:44:00.212+0800: 692.231: [class unloading, 0.0106042 secs]2024-03-31T19:44:00.222+0800: 692.241: [scrub symbol table, 0.0097183 secs]2024-03-31T19:44:00.232+0800: 692.251: [scrub string table, 0.0004973 secs][1 CMS-remark: 63K(64K)] 104788K(118016K), 0.0959471 secs] [Times: user=0.09 sys=0.00, real=0.09 secs] 
2024-03-31T19:44:00.236+0800: 692.255: [CMS-concurrent-sweep-start]
2024-03-31T19:44:00.236+0800: 692.255: [CMS-concurrent-sweep: 0.000/0.000 secs] [Times: user=0.00 sys=0.00, real=0.00 secs] 
2024-03-31T19:44:00.236+0800: 692.256: [CMS-concurrent-reset-start]
2024-03-31T19:44:00.237+0800: 692.256: [CMS-concurrent-reset: 0.000/0.000 secs] [Times: user=0.00 sys=0.01, real=0.00 secs] 
2024-03-31T19:44:02.243+0800: 694.262: [GC (CMS Initial Mark) [1 CMS-initial-mark: 63K(64K)] 105015K(118016K), 0.1135895 secs] [Times: user=0.11 sys=0.00, real=0.11 secs] 
2024-03-31T19:44:02.357+0800: 694.376: [CMS-concurrent-mark-start]
2024-03-31T19:44:02.358+0800: 694.377: [CMS-concurrent-mark: 0.000/0.000 secs] [Times: user=0.00 sys=0.00, real=0.00 secs] 
2024-03-31T19:44:02.359+0800: 694.378: [CMS-concurrent-preclean-start]
2024-03-31T19:44:02.362+0800: 694.381: [CMS-concurrent-preclean: 0.001/0.001 secs] [Times: user=0.01 sys=0.00, real=0.01 secs] 
2024-03-31T19:44:02.363+0800: 694.382: [CMS-concurrent-abortable-preclean-start]
2024-03-31T19:44:02.364+0800: 694.383: [CMS-concurrent-abortable-preclean: 0.000/0.000 secs] [Times: user=0.00 sys=0.00, real=0.00 secs] 
2024-03-31T19:44:02.366+0800: 694.385: [GC (CMS Final Remark) [YG occupancy: 104951 K (117952 K)]2024-03-31T19:44:02.366+0800: 694.385: [Rescan (non-parallel) 2024-03-31T19:44:02.366+0800: 694.385: [grey object rescan, 0.0001125 secs]2024-03-31T19:44:02.366+0800: 694.385: [root rescan, 0.0696605 secs]2024-03-31T19:44:02.436+0800: 694.455: [visit unhandled CLDs, 0.0001493 secs]2024-03-31T19:44:02.436+0800: 694.455: [dirty klass scan, 0.0012825 secs], 0.0718463 secs]2024-03-31T19:44:02.438+0800: 694.457: [weak refs processing, 0.0001305 secs]2024-03-31T19:44:02.438+0800: 694.457: [class unloading, 0.0106677 secs]2024-03-31T19:44:02.449+0800: 694.468: [scrub symbol table, 0.0105500 secs]2024-03-31T19:44:02.460+0800: 694.479: [scrub string table, 0.0005075 secs][1 CMS-remark: 63K(64K)] 105015K(118016K), 0.0969469 secs] [Times: user=0.10 sys=0.00, real=0.10 secs] 
2024-03-31T19:44:02.464+0800: 694.483: [CMS-concurrent-sweep-start]
2024-03-31T19:44:02.464+0800: 694.483: [CMS-concurrent-sweep: 0.000/0.000 secs] [Times: user=0.00 sys=0.00, real=0.00 secs] 
2024-03-31T19:44:02.465+0800: 694.484: [CMS-concurrent-reset-start]
2024-03-31T19:44:02.465+0800: 694.484: [CMS-concurrent-reset: 0.000/0.000 secs] [Times: user=0.00 sys=0.00, real=0.00 secs] 
2024-03-31T19:44:04.475+0800: 696.494: [GC (CMS Initial Mark) [1 CMS-initial-mark: 63K(64K)] 105041K(118016K), 0.1123845 secs] [Times: user=0.11 sys=0.00, real=0.11 secs] 
2024-03-31T19:44:04.588+0800: 696.607: [CMS-concurrent-mark-start]
2024-03-31T19:44:04.589+0800: 696.608: [CMS-concurrent-mark: 0.000/0.000 secs] [Times: user=0.00 sys=0.00, real=0.01 secs] 
2024-03-31T19:44:04.590+0800: 696.609: [CMS-concurrent-preclean-start]
2024-03-31T19:44:04.591+0800: 696.610: [CMS-concurrent-preclean: 0.001/0.001 secs] [Times: user=0.00 sys=0.00, real=0.00 secs] 
2024-03-31T19:44:04.592+0800: 696.611: [CMS-concurrent-abortable-preclean-start]
2024-03-31T19:44:04.592+0800: 696.611: [CMS-concurrent-abortable-preclean: 0.000/0.000 secs] [Times: user=0.00 sys=0.00, real=0.00 secs] 
2024-03-31T19:44:04.592+0800: 696.611: [GC (CMS Final Remark) [YG occupancy: 104978 K (117952 K)]2024-03-31T19:44:04.593+0800: 696.612: [Rescan (non-parallel) 2024-03-31T19:44:04.593+0800: 696.612: [grey object rescan, 0.0000998 secs]2024-03-31T19:44:04.593+0800: 696.612: [root rescan, 0.0714237 secs]2024-03-31T19:44:04.665+0800: 696.684: [visit unhandled CLDs, 0.0002268 secs]2024-03-31T19:44:04.665+0800: 696.684: [dirty klass scan, 0.0015203 secs], 0.0739537 secs]2024-03-31T19:44:04.667+0800: 696.686: [weak refs processing, 0.0001459 secs]2024-03-31T19:44:04.667+0800: 696.686: [class unloading, 0.0114756 secs]2024-03-31T19:44:04.679+0800: 696.698: [scrub symbol table, 0.0102900 secs]2024-03-31T19:44:04.689+0800: 696.708: [scrub string table, 0.0005428 secs][1 CMS-remark: 63K(64K)] 105042K(118016K), 0.1001155 secs] [Times: user=0.10 sys=0.00, real=0.10 secs] 
2024-03-31T19:44:04.693+0800: 696.712: [CMS-concurrent-sweep-start]
2024-03-31T19:44:04.694+0800: 696.713: [CMS-concurrent-sweep: 0.000/0.000 secs] [Times: user=0.00 sys=0.00, real=0.00 secs] 
2024-03-31T19:44:04.695+0800: 696.714: [CMS-concurrent-reset-start]
2024-03-31T19:44:04.695+0800: 696.714: [CMS-concurrent-reset: 0.000/0.000 secs] [Times: user=0.00 sys=0.00, real=0.00 secs] 
2024-03-31T19:44:06.701+0800: 698.720: [GC (CMS Initial Mark) [1 CMS-initial-mark: 63K(64K)] 105243K(118016K), 0.1165554 secs] [Times: user=0.12 sys=0.00, real=0.11 secs] 
2024-03-31T19:44:06.818+0800: 698.837: [CMS-concurrent-mark-start]
2024-03-31T19:44:06.819+0800: 698.838: [CMS-concurrent-mark: 0.000/0.000 secs] [Times: user=0.00 sys=0.00, real=0.01 secs] 
2024-03-31T19:44:06.820+0800: 698.839: [CMS-concurrent-preclean-start]
2024-03-31T19:44:06.822+0800: 698.841: [CMS-concurrent-preclean: 0.001/0.001 secs] [Times: user=0.00 sys=0.00, real=0.00 secs] 
2024-03-31T19:44:06.822+0800: 698.841: [CMS-concurrent-abortable-preclean-start]
2024-03-31T19:44:06.823+0800: 698.842: [CMS-concurrent-abortable-preclean: 0.000/0.000 secs] [Times: user=0.00 sys=0.00, real=0.00 secs] 
2024-03-31T19:44:06.826+0800: 698.845: [GC (CMS Final Remark) [YG occupancy: 105181 K (117952 K)]2024-03-31T19:44:06.826+0800: 698.845: [Rescan (non-parallel) 2024-03-31T19:44:06.826+0800: 698.845: [grey object rescan, 0.0001090 secs]2024-03-31T19:44:06.826+0800: 698.845: [root rescan, 0.0706330 secs]2024-03-31T19:44:06.897+0800: 698.916: [visit unhandled CLDs, 0.0001577 secs]2024-03-31T19:44:06.897+0800: 698.916: [dirty klass scan, 0.0012870 secs], 0.0728152 secs]2024-03-31T19:44:06.899+0800: 698.918: [weak refs processing, 0.0001396 secs]2024-03-31T19:44:06.899+0800: 698.918: [class unloading, 0.0109374 secs]2024-03-31T19:44:06.910+0800: 698.929: [scrub symbol table, 0.0096500 secs]2024-03-31T19:44:06.920+0800: 698.939: [scrub string table, 0.0005084 secs][1 CMS-remark: 63K(64K)] 105244K(118016K), 0.0972935 secs] [Times: user=0.10 sys=0.00, real=0.10 secs] 
2024-03-31T19:44:06.924+0800: 698.943: [CMS-concurrent-sweep-start]
2024-03-31T19:44:06.924+0800: 698.943: [CMS-concurrent-sweep: 0.000/0.000 secs] [Times: user=0.00 sys=0.00, real=0.00 secs] 
2024-03-31T19:44:06.925+0800: 698.944: [CMS-concurrent-reset-start]
2024-03-31T19:44:06.926+0800: 698.945: [CMS-concurrent-reset: 0.000/0.000 secs] [Times: user=0.00 sys=0.00, real=0.00 secs] 
2024-03-31T19:44:08.939+0800: 700.958: [GC (CMS Initial Mark) [1 CMS-initial-mark: 63K(64K)] 105389K(118016K), 0.1095234 secs] [Times: user=0.11 sys=0.00, real=0.10 secs] 
2024-03-31T19:44:09.049+0800: 701.068: [CMS-concurrent-mark-start]
2024-03-31T19:44:09.050+0800: 701.069: [CMS-concurrent-mark: 0.000/0.000 secs] [Times: user=0.00 sys=0.00, real=0.00 secs] 
2024-03-31T19:44:09.051+0800: 701.070: [CMS-concurrent-preclean-start]
2024-03-31T19:44:09.053+0800: 701.072: [CMS-concurrent-preclean: 0.001/0.001 secs] [Times: user=0.00 sys=0.00, real=0.00 secs] 
2024-03-31T19:44:09.054+0800: 701.073: [CMS-concurrent-abortable-preclean-start]
2024-03-31T19:44:09.055+0800: 701.074: [CMS-concurrent-abortable-preclean: 0.000/0.000 secs] [Times: user=0.01 sys=0.00, real=0.00 secs] 
2024-03-31T19:44:09.056+0800: 701.075: [GC (CMS Final Remark) [YG occupancy: 105327 K (117952 K)]2024-03-31T19:44:09.056+0800: 701.075: [Rescan (non-parallel) 2024-03-31T19:44:09.056+0800: 701.075: [grey object rescan, 0.0001023 secs]2024-03-31T19:44:09.056+0800: 701.075: [root rescan, 0.0703644 secs]2024-03-31T19:44:09.127+0800: 701.146: [visit unhandled CLDs, 0.0002143 secs]2024-03-31T19:44:09.127+0800: 701.146: [dirty klass scan, 0.0013701 secs], 0.0727025 secs]2024-03-31T19:44:09.129+0800: 701.148: [weak refs processing, 0.0001393 secs]2024-03-31T19:44:09.129+0800: 701.148: [class unloading, 0.0108732 secs]2024-03-31T19:44:09.140+0800: 701.159: [scrub symbol table, 0.0097349 secs]2024-03-31T19:44:09.150+0800: 701.169: [scrub string table, 0.0005128 secs][1 CMS-remark: 63K(64K)] 105391K(118016K), 0.0971431 secs] [Times: user=0.09 sys=0.01, real=0.10 secs] 
2024-03-31T19:44:09.154+0800: 701.173: [CMS-concurrent-sweep-start]
2024-03-31T19:44:09.154+0800: 701.173: [CMS-concurrent-sweep: 0.000/0.000 secs] [Times: user=0.00 sys=0.00, real=0.00 secs] 
2024-03-31T19:44:09.155+0800: 701.175: [CMS-concurrent-reset-start]
2024-03-31T19:44:09.156+0800: 701.175: [CMS-concurrent-reset: 0.000/0.000 secs] [Times: user=0.00 sys=0.00, real=0.00 secs] 
2024-03-31T19:44:11.161+0800: 703.180: [GC (CMS Initial Mark) [1 CMS-initial-mark: 63K(64K)] 105499K(118016K), 0.1058328 secs] [Times: user=0.10 sys=0.00, real=0.10 secs] 
2024-03-31T19:44:11.268+0800: 703.287: [CMS-concurrent-mark-start]
2024-03-31T19:44:11.269+0800: 703.288: [CMS-concurrent-mark: 0.000/0.000 secs] [Times: user=0.00 sys=0.00, real=0.01 secs] 
2024-03-31T19:44:11.270+0800: 703.289: [CMS-concurrent-preclean-start]
2024-03-31T19:44:11.272+0800: 703.291: [CMS-concurrent-preclean: 0.001/0.001 secs] [Times: user=0.01 sys=0.00, real=0.00 secs] 
2024-03-31T19:44:11.273+0800: 703.292: [CMS-concurrent-abortable-preclean-start]
2024-03-31T19:44:11.273+0800: 703.293: [CMS-concurrent-abortable-preclean: 0.000/0.000 secs] [Times: user=0.00 sys=0.00, real=0.00 secs] 
2024-03-31T19:44:11.274+0800: 703.293: [GC (CMS Final Remark) [YG occupancy: 105438 K (117952 K)]2024-03-31T19:44:11.275+0800: 703.294: [Rescan (non-parallel) 2024-03-31T19:44:11.275+0800: 703.294: [grey object rescan, 0.0001181 secs]2024-03-31T19:44:11.275+0800: 703.294: [root rescan, 0.0736083 secs]2024-03-31T19:44:11.349+0800: 703.368: [visit unhandled CLDs, 0.0001849 secs]2024-03-31T19:44:11.349+0800: 703.368: [dirty klass scan, 0.0015805 secs], 0.0762810 secs]2024-03-31T19:44:11.351+0800: 703.370: [weak refs processing, 0.0001451 secs]2024-03-31T19:44:11.351+0800: 703.370: [class unloading, 0.0115976 secs]2024-03-31T19:44:11.363+0800: 703.382: [scrub symbol table, 0.0102525 secs]2024-03-31T19:44:11.374+0800: 703.393: [scrub string table, 0.0004940 secs][1 CMS-remark: 63K(64K)] 105502K(118016K), 0.1021844 secs] [Times: user=0.10 sys=0.00, real=0.10 secs] 
2024-03-31T19:44:11.378+0800: 703.397: [CMS-concurrent-sweep-start]
2024-03-31T19:44:11.378+0800: 703.397: [CMS-concurrent-sweep: 0.000/0.000 secs] [Times: user=0.00 sys=0.00, real=0.00 secs] 
2024-03-31T19:44:11.379+0800: 703.398: [CMS-concurrent-reset-start]
2024-03-31T19:44:11.380+0800: 703.399: [CMS-concurrent-reset: 0.000/0.000 secs] [Times: user=0.00 sys=0.00, real=0.00 secs] 
2024-03-31T19:44:13.388+0800: 705.407: [GC (CMS Initial Mark) [1 CMS-initial-mark: 63K(64K)] 105604K(118016K), 0.1120794 secs] [Times: user=0.11 sys=0.00, real=0.12 secs] 
2024-03-31T19:44:13.501+0800: 705.520: [CMS-concurrent-mark-start]
2024-03-31T19:44:13.503+0800: 705.522: [CMS-concurrent-mark: 0.000/0.000 secs] [Times: user=0.00 sys=0.00, real=0.00 secs] 
2024-03-31T19:44:13.504+0800: 705.523: [CMS-concurrent-preclean-start]
2024-03-31T19:44:13.507+0800: 705.526: [CMS-concurrent-preclean: 0.001/0.001 secs] [Times: user=0.01 sys=0.00, real=0.00 secs] 
2024-03-31T19:44:13.509+0800: 705.528: [CMS-concurrent-abortable-preclean-start]
2024-03-31T19:44:13.511+0800: 705.530: [CMS-concurrent-abortable-preclean: 0.000/0.000 secs] [Times: user=0.00 sys=0.00, real=0.01 secs] 
2024-03-31T19:44:13.514+0800: 705.533: [GC (CMS Final Remark) [YG occupancy: 105551 K (117952 K)]2024-03-31T19:44:13.514+0800: 705.533: [Rescan (non-parallel) 2024-03-31T19:44:13.514+0800: 705.533: [grey object rescan, 0.0001370 secs]2024-03-31T19:44:13.514+0800: 705.533: [root rescan, 0.0716320 secs]2024-03-31T19:44:13.586+0800: 705.605: [visit unhandled CLDs, 0.0002431 secs]2024-03-31T19:44:13.586+0800: 705.605: [dirty klass scan, 0.0014717 secs], 0.0740878 secs]2024-03-31T19:44:13.588+0800: 705.607: [weak refs processing, 0.0003428 secs]2024-03-31T19:44:13.588+0800: 705.607: [class unloading, 0.0111242 secs]2024-03-31T19:44:13.600+0800: 705.619: [scrub symbol table, 0.0115501 secs]2024-03-31T19:44:13.611+0800: 705.630: [scrub string table, 0.0005386 secs][1 CMS-remark: 63K(64K)] 105615K(118016K), 0.1010424 secs] [Times: user=0.10 sys=0.00, real=0.10 secs] 
2024-03-31T19:44:13.615+0800: 705.634: [CMS-concurrent-sweep-start]
2024-03-31T19:44:13.616+0800: 705.635: [CMS-concurrent-sweep: 0.000/0.000 secs] [Times: user=0.00 sys=0.00, real=0.00 secs] 
2024-03-31T19:44:13.617+0800: 705.636: [CMS-concurrent-reset-start]
2024-03-31T19:44:13.617+0800: 705.637: [CMS-concurrent-reset: 0.000/0.000 secs] [Times: user=0.00 sys=0.00, real=0.00 secs] 
2024-03-31T19:44:15.625+0800: 707.644: [GC (CMS Initial Mark) [1 CMS-initial-mark: 63K(64K)] 105720K(118016K), 0.1070715 secs] [Times: user=0.10 sys=0.00, real=0.11 secs] 
2024-03-31T19:44:15.733+0800: 707.752: [CMS-concurrent-mark-start]
2024-03-31T19:44:15.734+0800: 707.753: [CMS-concurrent-mark: 0.000/0.000 secs] [Times: user=0.00 sys=0.00, real=0.00 secs] 
2024-03-31T19:44:15.735+0800: 707.754: [CMS-concurrent-preclean-start]
2024-03-31T19:44:15.737+0800: 707.756: [CMS-concurrent-preclean: 0.001/0.001 secs] [Times: user=0.01 sys=0.00, real=0.00 secs] 
2024-03-31T19:44:15.737+0800: 707.756: [CMS-concurrent-abortable-preclean-start]
2024-03-31T19:44:15.737+0800: 707.756: [CMS-concurrent-abortable-preclean: 0.000/0.000 secs] [Times: user=0.00 sys=0.00, real=0.00 secs] 
2024-03-31T19:44:15.738+0800: 707.757: [GC (CMS Final Remark) [YG occupancy: 105657 K (117952 K)]2024-03-31T19:44:15.739+0800: 707.758: [Rescan (non-parallel) 2024-03-31T19:44:15.739+0800: 707.758: [grey object rescan, 0.0001205 secs]2024-03-31T19:44:15.739+0800: 707.758: [root rescan, 0.0728628 secs]2024-03-31T19:44:15.812+0800: 707.831: [visit unhandled CLDs, 0.0001847 secs]2024-03-31T19:44:15.812+0800: 707.831: [dirty klass scan, 0.0015630 secs], 0.0754809 secs]2024-03-31T19:44:15.814+0800: 707.833: [weak refs processing, 0.0002164 secs]2024-03-31T19:44:15.815+0800: 707.834: [class unloading, 0.0114412 secs]2024-03-31T19:44:15.826+0800: 707.845: [scrub symbol table, 0.0126492 secs]2024-03-31T19:44:15.839+0800: 707.858: [scrub string table, 0.0005660 secs][1 CMS-remark: 63K(64K)] 105721K(118016K), 0.1040150 secs] [Times: user=0.10 sys=0.00, real=0.11 secs] 
2024-03-31T19:44:15.844+0800: 707.863: [CMS-concurrent-sweep-start]
2024-03-31T19:44:15.844+0800: 707.863: [CMS-concurrent-sweep: 0.000/0.000 secs] [Times: user=0.00 sys=0.00, real=0.00 secs] 
2024-03-31T19:44:15.845+0800: 707.864: [CMS-concurrent-reset-start]
2024-03-31T19:44:15.846+0800: 707.865: [CMS-concurrent-reset: 0.000/0.000 secs] [Times: user=0.00 sys=0.00, real=0.00 secs] 
2024-03-31T19:44:17.850+0800: 709.869: [GC (CMS Initial Mark) [1 CMS-initial-mark: 63K(64K)] 105933K(118016K), 0.1069933 secs] [Times: user=0.11 sys=0.00, real=0.10 secs] 
2024-03-31T19:44:17.958+0800: 709.977: [CMS-concurrent-mark-start]
2024-03-31T19:44:17.959+0800: 709.978: [CMS-concurrent-mark: 0.000/0.000 secs] [Times: user=0.00 sys=0.00, real=0.01 secs] 
2024-03-31T19:44:17.959+0800: 709.978: [CMS-concurrent-preclean-start]
2024-03-31T19:44:17.961+0800: 709.980: [CMS-concurrent-preclean: 0.001/0.001 secs] [Times: user=0.00 sys=0.00, real=0.00 secs] 
2024-03-31T19:44:17.962+0800: 709.981: [CMS-concurrent-abortable-preclean-start]
2024-03-31T19:44:17.962+0800: 709.981: [CMS-concurrent-abortable-preclean: 0.000/0.000 secs] [Times: user=0.00 sys=0.00, real=0.00 secs] 
2024-03-31T19:44:17.962+0800: 709.981: [GC (CMS Final Remark) [YG occupancy: 105870 K (117952 K)]2024-03-31T19:44:17.962+0800: 709.981: [Rescan (non-parallel) 2024-03-31T19:44:17.963+0800: 709.982: [grey object rescan, 0.0001306 secs]2024-03-31T19:44:17.963+0800: 709.982: [root rescan, 0.0736867 secs]2024-03-31T19:44:18.037+0800: 710.056: [visit unhandled CLDs, 0.0001872 secs]2024-03-31T19:44:18.037+0800: 710.056: [dirty klass scan, 0.0014471 secs], 0.0761935 secs]2024-03-31T19:44:18.039+0800: 710.058: [weak refs processing, 0.0001461 secs]2024-03-31T19:44:18.039+0800: 710.058: [class unloading, 0.0111135 secs]2024-03-31T19:44:18.050+0800: 710.069: [scrub symbol table, 0.0098919 secs]2024-03-31T19:44:18.060+0800: 710.080: [scrub string table, 0.0004891 secs][1 CMS-remark: 63K(64K)] 105934K(118016K), 0.1012511 secs] [Times: user=0.10 sys=0.01, real=0.10 secs] 
2024-03-31T19:44:18.064+0800: 710.083: [CMS-concurrent-sweep-start]
2024-03-31T19:44:18.065+0800: 710.084: [CMS-concurrent-sweep: 0.000/0.000 secs] [Times: user=0.00 sys=0.00, real=0.00 secs] 
2024-03-31T19:44:18.066+0800: 710.085: [CMS-concurrent-reset-start]
2024-03-31T19:44:18.067+0800: 710.086: [CMS-concurrent-reset: 0.000/0.000 secs] [Times: user=0.00 sys=0.00, real=0.00 secs] 
2024-03-31T19:44:20.069+0800: 712.088: [GC (CMS Initial Mark) [1 CMS-initial-mark: 63K(64K)] 106169K(118016K), 0.0686757 secs] [Times: user=0.07 sys=0.00, real=0.06 secs] 
2024-03-31T19:44:20.139+0800: 712.158: [CMS-concurrent-mark-start]
2024-03-31T19:44:20.140+0800: 712.159: [CMS-concurrent-mark: 0.000/0.000 secs] [Times: user=0.00 sys=0.00, real=0.00 secs] 
2024-03-31T19:44:20.140+0800: 712.160: [CMS-concurrent-preclean-start]
2024-03-31T19:44:20.142+0800: 712.161: [CMS-concurrent-preclean: 0.001/0.001 secs] [Times: user=0.00 sys=0.00, real=0.00 secs] 
2024-03-31T19:44:20.143+0800: 712.162: [CMS-concurrent-abortable-preclean-start]
2024-03-31T19:44:20.144+0800: 712.163: [CMS-concurrent-abortable-preclean: 0.000/0.000 secs] [Times: user=0.00 sys=0.00, real=0.00 secs] 
2024-03-31T19:44:20.144+0800: 712.163: [GC (CMS Final Remark) [YG occupancy: 106106 K (117952 K)]2024-03-31T19:44:20.144+0800: 712.164: [Rescan (non-parallel) 2024-03-31T19:44:20.145+0800: 712.164: [grey object rescan, 0.0000999 secs]2024-03-31T19:44:20.145+0800: 712.164: [root rescan, 0.0703589 secs]2024-03-31T19:44:20.215+0800: 712.234: [visit unhandled CLDs, 0.0001772 secs]2024-03-31T19:44:20.216+0800: 712.235: [dirty klass scan, 0.0014057 secs], 0.0726482 secs]2024-03-31T19:44:20.217+0800: 712.236: [weak refs processing, 0.0001576 secs]2024-03-31T19:44:20.217+0800: 712.236: [class unloading, 0.0105490 secs]2024-03-31T19:44:20.228+0800: 712.247: [scrub symbol table, 0.0095877 secs]2024-03-31T19:44:20.238+0800: 712.257: [scrub string table, 0.0005015 secs][1 CMS-remark: 63K(64K)] 106170K(118016K), 0.0965788 secs] [Times: user=0.09 sys=0.00, real=0.10 secs] 
2024-03-31T19:44:20.242+0800: 712.261: [CMS-concurrent-sweep-start]
2024-03-31T19:44:20.242+0800: 712.261: [CMS-concurrent-sweep: 0.000/0.000 secs] [Times: user=0.00 sys=0.00, real=0.00 secs] 
2024-03-31T19:44:20.242+0800: 712.261: [CMS-concurrent-reset-start]
2024-03-31T19:44:20.242+0800: 712.261: [CMS-concurrent-reset: 0.000/0.000 secs] [Times: user=0.00 sys=0.00, real=0.00 secs] 
2024-03-31T19:44:22.252+0800: 714.271: [GC (CMS Initial Mark) [1 CMS-initial-mark: 63K(64K)] 106279K(118016K), 0.1170654 secs] [Times: user=0.12 sys=0.00, real=0.12 secs] 
2024-03-31T19:44:22.370+0800: 714.389: [CMS-concurrent-mark-start]
2024-03-31T19:44:22.371+0800: 714.390: [CMS-concurrent-mark: 0.000/0.000 secs] [Times: user=0.00 sys=0.00, real=0.00 secs] 
2024-03-31T19:44:22.372+0800: 714.391: [CMS-concurrent-preclean-start]
2024-03-31T19:44:22.374+0800: 714.393: [CMS-concurrent-preclean: 0.001/0.001 secs] [Times: user=0.01 sys=0.00, real=0.00 secs] 
2024-03-31T19:44:22.375+0800: 714.394: [CMS-concurrent-abortable-preclean-start]
2024-03-31T19:44:22.375+0800: 714.394: [CMS-concurrent-abortable-preclean: 0.000/0.000 secs] [Times: user=0.00 sys=0.00, real=0.00 secs] 
2024-03-31T19:44:22.376+0800: 714.395: [GC (CMS Final Remark) [YG occupancy: 106216 K (117952 K)]2024-03-31T19:44:22.376+0800: 714.395: [Rescan (non-parallel) 2024-03-31T19:44:22.376+0800: 714.395: [grey object rescan, 0.0001111 secs]2024-03-31T19:44:22.376+0800: 714.395: [root rescan, 0.0713853 secs]2024-03-31T19:44:22.448+0800: 714.467: [visit unhandled CLDs, 0.0001698 secs]2024-03-31T19:44:22.448+0800: 714.467: [dirty klass scan, 0.0014476 secs], 0.0737805 secs]2024-03-31T19:44:22.450+0800: 714.469: [weak refs processing, 0.0001399 secs]2024-03-31T19:44:22.450+0800: 714.469: [class unloading, 0.0106330 secs]2024-03-31T19:44:22.461+0800: 714.480: [scrub symbol table, 0.0096906 secs]2024-03-31T19:44:22.471+0800: 714.490: [scrub string table, 0.0005016 secs][1 CMS-remark: 63K(64K)] 106280K(118016K), 0.0979105 secs] [Times: user=0.09 sys=0.00, real=0.10 secs] 
2024-03-31T19:44:22.475+0800: 714.494: [CMS-concurrent-sweep-start]
2024-03-31T19:44:22.475+0800: 714.494: [CMS-concurrent-sweep: 0.000/0.000 secs] [Times: user=0.00 sys=0.00, real=0.00 secs] 
2024-03-31T19:44:22.476+0800: 714.495: [CMS-concurrent-reset-start]
2024-03-31T19:44:22.477+0800: 714.496: [CMS-concurrent-reset: 0.000/0.000 secs] [Times: user=0.00 sys=0.00, real=0.00 secs] 
2024-03-31T19:44:24.486+0800: 716.505: [GC (CMS Initial Mark) [1 CMS-initial-mark: 63K(64K)] 106460K(118016K), 0.1115523 secs] [Times: user=0.12 sys=0.00, real=0.11 secs] 
2024-03-31T19:44:24.598+0800: 716.618: [CMS-concurrent-mark-start]
2024-03-31T19:44:24.599+0800: 716.618: [CMS-concurrent-mark: 0.000/0.000 secs] [Times: user=0.00 sys=0.00, real=0.01 secs] 
2024-03-31T19:44:24.600+0800: 716.619: [CMS-concurrent-preclean-start]
2024-03-31T19:44:24.603+0800: 716.622: [CMS-concurrent-preclean: 0.001/0.001 secs] [Times: user=0.00 sys=0.00, real=0.00 secs] 
2024-03-31T19:44:24.605+0800: 716.624: [CMS-concurrent-abortable-preclean-start]
2024-03-31T19:44:24.606+0800: 716.625: [CMS-concurrent-abortable-preclean: 0.000/0.000 secs] [Times: user=0.00 sys=0.00, real=0.00 secs] 
2024-03-31T19:44:24.610+0800: 716.629: [GC (CMS Final Remark) [YG occupancy: 106397 K (117952 K)]2024-03-31T19:44:24.610+0800: 716.629: [Rescan (non-parallel) 2024-03-31T19:44:24.610+0800: 716.629: [grey object rescan, 0.0001031 secs]2024-03-31T19:44:24.610+0800: 716.629: [root rescan, 0.0705803 secs]2024-03-31T19:44:24.681+0800: 716.700: [visit unhandled CLDs, 0.0001697 secs]2024-03-31T19:44:24.681+0800: 716.700: [dirty klass scan, 0.0013683 secs], 0.0728819 secs]2024-03-31T19:44:24.683+0800: 716.702: [weak refs processing, 0.0001318 secs]2024-03-31T19:44:24.683+0800: 716.702: [class unloading, 0.0106988 secs]2024-03-31T19:44:24.694+0800: 716.713: [scrub symbol table, 0.0095448 secs]2024-03-31T19:44:24.704+0800: 716.723: [scrub string table, 0.0004780 secs][1 CMS-remark: 63K(64K)] 106461K(118016K), 0.0969324 secs] [Times: user=0.09 sys=0.00, real=0.09 secs] 
2024-03-31T19:44:24.708+0800: 716.727: [CMS-concurrent-sweep-start]
2024-03-31T19:44:24.708+0800: 716.727: [CMS-concurrent-sweep: 0.000/0.000 secs] [Times: user=0.00 sys=0.00, real=0.00 secs] 
2024-03-31T19:44:24.708+0800: 716.727: [CMS-concurrent-reset-start]
2024-03-31T19:44:24.708+0800: 716.727: [CMS-concurrent-reset: 0.000/0.000 secs] [Times: user=0.00 sys=0.00, real=0.00 secs] 
2024-03-31T19:44:26.716+0800: 718.735: [GC (CMS Initial Mark) [1 CMS-initial-mark: 63K(64K)] 106611K(118016K), 0.1139706 secs] [Times: user=0.11 sys=0.00, real=0.12 secs] 
2024-03-31T19:44:26.831+0800: 718.850: [CMS-concurrent-mark-start]
2024-03-31T19:44:26.832+0800: 718.851: [CMS-concurrent-mark: 0.000/0.000 secs] [Times: user=0.01 sys=0.00, real=0.00 secs] 
2024-03-31T19:44:26.832+0800: 718.851: [CMS-concurrent-preclean-start]
2024-03-31T19:44:26.834+0800: 718.853: [CMS-concurrent-preclean: 0.001/0.001 secs] [Times: user=0.00 sys=0.00, real=0.00 secs] 
2024-03-31T19:44:26.834+0800: 718.853: [CMS-concurrent-abortable-preclean-start]
2024-03-31T19:44:26.834+0800: 718.853: [CMS-concurrent-abortable-preclean: 0.000/0.000 secs] [Times: user=0.00 sys=0.00, real=0.00 secs] 
2024-03-31T19:44:26.835+0800: 718.854: [GC (CMS Final Remark) [YG occupancy: 106548 K (117952 K)]2024-03-31T19:44:26.835+0800: 718.854: [Rescan (non-parallel) 2024-03-31T19:44:26.835+0800: 718.854: [grey object rescan, 0.0000943 secs]2024-03-31T19:44:26.835+0800: 718.854: [root rescan, 0.0707120 secs]2024-03-31T19:44:26.906+0800: 718.925: [visit unhandled CLDs, 0.0001586 secs]2024-03-31T19:44:26.906+0800: 718.925: [dirty klass scan, 0.0014240 secs], 0.0729896 secs]2024-03-31T19:44:26.908+0800: 718.927: [weak refs processing, 0.0001347 secs]2024-03-31T19:44:26.908+0800: 718.927: [class unloading, 0.0104860 secs]2024-03-31T19:44:26.919+0800: 718.938: [scrub symbol table, 0.0096518 secs]2024-03-31T19:44:26.929+0800: 718.948: [scrub string table, 0.0004837 secs][1 CMS-remark: 63K(64K)] 106612K(118016K), 0.0968977 secs] [Times: user=0.10 sys=0.00, real=0.10 secs] 
2024-03-31T19:44:26.932+0800: 718.951: [CMS-concurrent-sweep-start]
2024-03-31T19:44:26.932+0800: 718.951: [CMS-concurrent-sweep: 0.000/0.000 secs] [Times: user=0.00 sys=0.00, real=0.00 secs] 
2024-03-31T19:44:26.933+0800: 718.952: [CMS-concurrent-reset-start]
2024-03-31T19:44:26.933+0800: 718.952: [CMS-concurrent-reset: 0.000/0.000 secs] [Times: user=0.00 sys=0.00, real=0.00 secs] 
2024-03-31T19:44:28.944+0800: 720.963: [GC (CMS Initial Mark) [1 CMS-initial-mark: 63K(64K)] 106780K(118016K), 0.1176664 secs] [Times: user=0.11 sys=0.00, real=0.12 secs] 
2024-03-31T19:44:29.063+0800: 721.082: [CMS-concurrent-mark-start]
2024-03-31T19:44:29.063+0800: 721.082: [CMS-concurrent-mark: 0.000/0.000 secs] [Times: user=0.01 sys=0.00, real=0.00 secs] 
2024-03-31T19:44:29.064+0800: 721.083: [CMS-concurrent-preclean-start]
2024-03-31T19:44:29.067+0800: 721.086: [CMS-concurrent-preclean: 0.001/0.001 secs] [Times: user=0.00 sys=0.00, real=0.00 secs] 
2024-03-31T19:44:29.067+0800: 721.086: [CMS-concurrent-abortable-preclean-start]
2024-03-31T19:44:29.067+0800: 721.086: [CMS-concurrent-abortable-preclean: 0.000/0.000 secs] [Times: user=0.00 sys=0.00, real=0.00 secs] 
2024-03-31T19:44:29.068+0800: 721.087: [GC (CMS Final Remark) [YG occupancy: 106717 K (117952 K)]2024-03-31T19:44:29.068+0800: 721.087: [Rescan (non-parallel) 2024-03-31T19:44:29.068+0800: 721.087: [grey object rescan, 0.0001048 secs]2024-03-31T19:44:29.069+0800: 721.088: [root rescan, 0.0731340 secs]2024-03-31T19:44:29.142+0800: 721.161: [visit unhandled CLDs, 0.0001870 secs]2024-03-31T19:44:29.142+0800: 721.161: [dirty klass scan, 0.0015420 secs], 0.0756075 secs]2024-03-31T19:44:29.144+0800: 721.163: [weak refs processing, 0.0001508 secs]2024-03-31T19:44:29.144+0800: 721.163: [class unloading, 0.0111805 secs]2024-03-31T19:44:29.156+0800: 721.175: [scrub symbol table, 0.0098922 secs]2024-03-31T19:44:29.166+0800: 721.185: [scrub string table, 0.0005063 secs][1 CMS-remark: 63K(64K)] 106781K(118016K), 0.1007366 secs] [Times: user=0.10 sys=0.00, real=0.11 secs] 
2024-03-31T19:44:29.170+0800: 721.189: [CMS-concurrent-sweep-start]
2024-03-31T19:44:29.170+0800: 721.189: [CMS-concurrent-sweep: 0.000/0.000 secs] [Times: user=0.00 sys=0.00, real=0.00 secs] 
2024-03-31T19:44:29.171+0800: 721.190: [CMS-concurrent-reset-start]
2024-03-31T19:44:29.172+0800: 721.191: [CMS-concurrent-reset: 0.000/0.000 secs] [Times: user=0.00 sys=0.00, real=0.00 secs] 
2024-03-31T19:44:31.182+0800: 723.200: [GC (CMS Initial Mark) [1 CMS-initial-mark: 63K(64K)] 106875K(118016K), 0.1150225 secs] [Times: user=0.11 sys=0.00, real=0.11 secs] 
2024-03-31T19:44:31.298+0800: 723.317: [CMS-concurrent-mark-start]
2024-03-31T19:44:31.299+0800: 723.317: [CMS-concurrent-mark: 0.000/0.000 secs] [Times: user=0.00 sys=0.00, real=0.00 secs] 
2024-03-31T19:44:31.299+0800: 723.318: [CMS-concurrent-preclean-start]
2024-03-31T19:44:31.301+0800: 723.320: [CMS-concurrent-preclean: 0.001/0.001 secs] [Times: user=0.01 sys=0.00, real=0.00 secs] 
2024-03-31T19:44:31.302+0800: 723.321: [CMS-concurrent-abortable-preclean-start]
2024-03-31T19:44:31.303+0800: 723.322: [CMS-concurrent-abortable-preclean: 0.000/0.000 secs] [Times: user=0.00 sys=0.00, real=0.00 secs] 
2024-03-31T19:44:31.304+0800: 723.323: [GC (CMS Final Remark) [YG occupancy: 106812 K (117952 K)]2024-03-31T19:44:31.305+0800: 723.323: [Rescan (non-parallel) 2024-03-31T19:44:31.305+0800: 723.323: [grey object rescan, 0.0002015 secs]2024-03-31T19:44:31.305+0800: 723.324: [root rescan, 0.0728706 secs]2024-03-31T19:44:31.378+0800: 723.397: [visit unhandled CLDs, 0.0002168 secs]2024-03-31T19:44:31.378+0800: 723.397: [dirty klass scan, 0.0014747 secs], 0.0753967 secs]2024-03-31T19:44:31.380+0800: 723.399: [weak refs processing, 0.0001390 secs]2024-03-31T19:44:31.380+0800: 723.399: [class unloading, 0.0108203 secs]2024-03-31T19:44:31.391+0800: 723.410: [scrub symbol table, 0.0099205 secs]2024-03-31T19:44:31.401+0800: 723.420: [scrub string table, 0.0005151 secs][1 CMS-remark: 63K(64K)] 106876K(118016K), 0.1000636 secs] [Times: user=0.10 sys=0.00, real=0.10 secs] 
2024-03-31T19:44:31.405+0800: 723.424: [CMS-concurrent-sweep-start]
2024-03-31T19:44:31.406+0800: 723.425: [CMS-concurrent-sweep: 0.000/0.000 secs] [Times: user=0.00 sys=0.00, real=0.00 secs] 
2024-03-31T19:44:31.407+0800: 723.426: [CMS-concurrent-reset-start]
2024-03-31T19:44:31.408+0800: 723.427: [CMS-concurrent-reset: 0.000/0.000 secs] [Times: user=0.00 sys=0.00, real=0.00 secs] 
2024-03-31T19:44:33.418+0800: 725.436: [GC (CMS Initial Mark) [1 CMS-initial-mark: 63K(64K)] 107157K(118016K), 0.1133725 secs] [Times: user=0.12 sys=0.00, real=0.12 secs] 
2024-03-31T19:44:33.532+0800: 725.551: [CMS-concurrent-mark-start]
2024-03-31T19:44:33.533+0800: 725.551: [CMS-concurrent-mark: 0.000/0.000 secs] [Times: user=0.00 sys=0.00, real=0.00 secs] 
2024-03-31T19:44:33.534+0800: 725.553: [CMS-concurrent-preclean-start]
2024-03-31T19:44:33.536+0800: 725.555: [CMS-concurrent-preclean: 0.001/0.001 secs] [Times: user=0.00 sys=0.00, real=0.00 secs] 
2024-03-31T19:44:33.537+0800: 725.556: [CMS-concurrent-abortable-preclean-start]
2024-03-31T19:44:33.538+0800: 725.556: [CMS-concurrent-abortable-preclean: 0.000/0.000 secs] [Times: user=0.00 sys=0.00, real=0.00 secs] 
2024-03-31T19:44:33.539+0800: 725.557: [GC (CMS Final Remark) [YG occupancy: 107102 K (117952 K)]2024-03-31T19:44:33.539+0800: 725.558: [Rescan (non-parallel) 2024-03-31T19:44:33.539+0800: 725.558: [grey object rescan, 0.0001148 secs]2024-03-31T19:44:33.539+0800: 725.558: [root rescan, 0.0725598 secs]2024-03-31T19:44:33.612+0800: 725.631: [visit unhandled CLDs, 0.0001569 secs]2024-03-31T19:44:33.612+0800: 725.631: [dirty klass scan, 0.0013695 secs], 0.0748289 secs]2024-03-31T19:44:33.614+0800: 725.633: [weak refs processing, 0.0001401 secs]2024-03-31T19:44:33.614+0800: 725.633: [class unloading, 0.0107303 secs]2024-03-31T19:44:33.625+0800: 725.644: [scrub symbol table, 0.0096805 secs]2024-03-31T19:44:33.635+0800: 725.654: [scrub string table, 0.0005134 secs][1 CMS-remark: 63K(64K)] 107166K(118016K), 0.0991728 secs] [Times: user=0.10 sys=0.00, real=0.10 secs] 
2024-03-31T19:44:33.639+0800: 725.657: [CMS-concurrent-sweep-start]
2024-03-31T19:44:33.640+0800: 725.658: [CMS-concurrent-sweep: 0.000/0.000 secs] [Times: user=0.00 sys=0.00, real=0.01 secs] 
2024-03-31T19:44:33.642+0800: 725.661: [CMS-concurrent-reset-start]
2024-03-31T19:44:33.643+0800: 725.662: [CMS-concurrent-reset: 0.000/0.000 secs] [Times: user=0.00 sys=0.00, real=0.00 secs] 
2024-03-31T19:44:35.651+0800: 727.670: [GC (CMS Initial Mark) [1 CMS-initial-mark: 63K(64K)] 107385K(118016K), 0.0995524 secs] [Times: user=0.10 sys=0.00, real=0.10 secs] 
2024-03-31T19:44:35.751+0800: 727.770: [CMS-concurrent-mark-start]
2024-03-31T19:44:35.752+0800: 727.771: [CMS-concurrent-mark: 0.000/0.000 secs] [Times: user=0.00 sys=0.00, real=0.00 secs] 
2024-03-31T19:44:35.754+0800: 727.772: [CMS-concurrent-preclean-start]
2024-03-31T19:44:35.756+0800: 727.775: [CMS-concurrent-preclean: 0.001/0.001 secs] [Times: user=0.01 sys=0.00, real=0.00 secs] 
2024-03-31T19:44:35.758+0800: 727.777: [CMS-concurrent-abortable-preclean-start]
2024-03-31T19:44:35.759+0800: 727.778: [CMS-concurrent-abortable-preclean: 0.000/0.000 secs] [Times: user=0.00 sys=0.00, real=0.01 secs] 
2024-03-31T19:44:35.763+0800: 727.782: [GC (CMS Final Remark) [YG occupancy: 107325 K (117952 K)]2024-03-31T19:44:35.763+0800: 727.782: [Rescan (non-parallel) 2024-03-31T19:44:35.764+0800: 727.782: [grey object rescan, 0.0001013 secs]2024-03-31T19:44:35.764+0800: 727.782: [root rescan, 0.0726392 secs]2024-03-31T19:44:35.837+0800: 727.855: [visit unhandled CLDs, 0.0001827 secs]2024-03-31T19:44:35.837+0800: 727.856: [dirty klass scan, 0.0013198 secs], 0.0748972 secs]2024-03-31T19:44:35.838+0800: 727.857: [weak refs processing, 0.0001291 secs]2024-03-31T19:44:35.839+0800: 727.857: [class unloading, 0.0108722 secs]2024-03-31T19:44:35.850+0800: 727.868: [scrub symbol table, 0.0098902 secs]2024-03-31T19:44:35.860+0800: 727.878: [scrub string table, 0.0004916 secs][1 CMS-remark: 63K(64K)] 107389K(118016K), 0.0994722 secs] [Times: user=0.10 sys=0.00, real=0.10 secs] 
2024-03-31T19:44:35.864+0800: 727.882: [CMS-concurrent-sweep-start]
2024-03-31T19:44:35.865+0800: 727.883: [CMS-concurrent-sweep: 0.000/0.000 secs] [Times: user=0.00 sys=0.00, real=0.00 secs] 
2024-03-31T19:44:35.866+0800: 727.885: [CMS-concurrent-reset-start]
2024-03-31T19:44:35.867+0800: 727.886: [CMS-concurrent-reset: 0.000/0.000 secs] [Times: user=0.01 sys=0.00, real=0.00 secs] 
2024-03-31T19:44:37.869+0800: 729.887: [GC (CMS Initial Mark) [1 CMS-initial-mark: 63K(64K)] 107500K(118016K), 0.0715546 secs] [Times: user=0.07 sys=0.00, real=0.08 secs] 
2024-03-31T19:44:37.941+0800: 729.960: [CMS-concurrent-mark-start]
2024-03-31T19:44:37.941+0800: 729.960: [CMS-concurrent-mark: 0.000/0.000 secs] [Times: user=0.00 sys=0.00, real=0.00 secs] 
2024-03-31T19:44:37.943+0800: 729.961: [CMS-concurrent-preclean-start]
2024-03-31T19:44:37.945+0800: 729.964: [CMS-concurrent-preclean: 0.001/0.001 secs] [Times: user=0.01 sys=0.00, real=0.00 secs] 
2024-03-31T19:44:37.946+0800: 729.965: [CMS-concurrent-abortable-preclean-start]
2024-03-31T19:44:37.947+0800: 729.965: [CMS-concurrent-abortable-preclean: 0.000/0.000 secs] [Times: user=0.00 sys=0.00, real=0.00 secs] 
2024-03-31T19:44:37.948+0800: 729.967: [GC (CMS Final Remark) [YG occupancy: 107440 K (117952 K)]2024-03-31T19:44:37.948+0800: 729.967: [Rescan (non-parallel) 2024-03-31T19:44:37.948+0800: 729.967: [grey object rescan, 0.0001063 secs]2024-03-31T19:44:37.949+0800: 729.967: [root rescan, 0.0724067 secs]2024-03-31T19:44:38.021+0800: 730.040: [visit unhandled CLDs, 0.0001820 secs]2024-03-31T19:44:38.022+0800: 730.040: [dirty klass scan, 0.0013907 secs], 0.0747138 secs]2024-03-31T19:44:38.023+0800: 730.042: [weak refs processing, 0.0001478 secs]2024-03-31T19:44:38.023+0800: 730.042: [class unloading, 0.0111000 secs]2024-03-31T19:44:38.035+0800: 730.053: [scrub symbol table, 0.0096621 secs]2024-03-31T19:44:38.045+0800: 730.063: [scrub string table, 0.0004991 secs][1 CMS-remark: 63K(64K)] 107504K(118016K), 0.0994238 secs] [Times: user=0.10 sys=0.00, real=0.10 secs] 
2024-03-31T19:44:38.049+0800: 730.067: [CMS-concurrent-sweep-start]
2024-03-31T19:44:38.049+0800: 730.068: [CMS-concurrent-sweep: 0.000/0.000 secs] [Times: user=0.00 sys=0.00, real=0.01 secs] 
2024-03-31T19:44:38.051+0800: 730.070: [CMS-concurrent-reset-start]
2024-03-31T19:44:38.052+0800: 730.070: [CMS-concurrent-reset: 0.000/0.000 secs] [Times: user=0.00 sys=0.00, real=0.00 secs] 
2024-03-31T19:44:40.063+0800: 732.082: [GC (CMS Initial Mark) [1 CMS-initial-mark: 63K(64K)] 107681K(118016K), 0.1121030 secs] [Times: user=0.11 sys=0.00, real=0.11 secs] 
2024-03-31T19:44:40.177+0800: 732.195: [CMS-concurrent-mark-start]
2024-03-31T19:44:40.177+0800: 732.196: [CMS-concurrent-mark: 0.000/0.000 secs] [Times: user=0.01 sys=0.00, real=0.00 secs] 
2024-03-31T19:44:40.178+0800: 732.197: [CMS-concurrent-preclean-start]
2024-03-31T19:44:40.180+0800: 732.199: [CMS-concurrent-preclean: 0.001/0.001 secs] [Times: user=0.00 sys=0.00, real=0.01 secs] 
2024-03-31T19:44:40.180+0800: 732.199: [CMS-concurrent-abortable-preclean-start]
2024-03-31T19:44:40.180+0800: 732.199: [CMS-concurrent-abortable-preclean: 0.000/0.000 secs] [Times: user=0.00 sys=0.00, real=0.00 secs] 
2024-03-31T19:44:40.181+0800: 732.200: [GC (CMS Final Remark) [YG occupancy: 107618 K (117952 K)]2024-03-31T19:44:40.181+0800: 732.200: [Rescan (non-parallel) 2024-03-31T19:44:40.181+0800: 732.200: [grey object rescan, 0.0001055 secs]2024-03-31T19:44:40.182+0800: 732.200: [root rescan, 0.0722585 secs]2024-03-31T19:44:40.254+0800: 732.273: [visit unhandled CLDs, 0.0001677 secs]2024-03-31T19:44:40.254+0800: 732.273: [dirty klass scan, 0.0013517 secs], 0.0744695 secs]2024-03-31T19:44:40.256+0800: 732.275: [weak refs processing, 0.0001327 secs]2024-03-31T19:44:40.256+0800: 732.275: [class unloading, 0.0105348 secs]2024-03-31T19:44:40.267+0800: 732.286: [scrub symbol table, 0.0096878 secs]2024-03-31T19:44:40.277+0800: 732.295: [scrub string table, 0.0005833 secs][1 CMS-remark: 63K(64K)] 107682K(118016K), 0.0989013 secs] [Times: user=0.10 sys=0.00, real=0.10 secs] 
2024-03-31T19:44:40.281+0800: 732.300: [CMS-concurrent-sweep-start]
2024-03-31T19:44:40.281+0800: 732.300: [CMS-concurrent-sweep: 0.000/0.000 secs] [Times: user=0.00 sys=0.00, real=0.00 secs] 
2024-03-31T19:44:40.282+0800: 732.301: [CMS-concurrent-reset-start]
2024-03-31T19:44:40.283+0800: 732.302: [CMS-concurrent-reset: 0.000/0.000 secs] [Times: user=0.00 sys=0.00, real=0.00 secs] 
2024-03-31T19:44:42.287+0800: 734.306: [GC (CMS Initial Mark) [1 CMS-initial-mark: 63K(64K)] 107812K(118016K), 0.1168622 secs] [Times: user=0.12 sys=0.00, real=0.12 secs] 
2024-03-31T19:44:42.405+0800: 734.423: [CMS-concurrent-mark-start]
2024-03-31T19:44:42.405+0800: 734.424: [CMS-concurrent-mark: 0.000/0.000 secs] [Times: user=0.00 sys=0.00, real=0.00 secs] 
2024-03-31T19:44:42.406+0800: 734.425: [CMS-concurrent-preclean-start]
2024-03-31T19:44:42.408+0800: 734.427: [CMS-concurrent-preclean: 0.001/0.001 secs] [Times: user=0.00 sys=0.01, real=0.00 secs] 
2024-03-31T19:44:42.409+0800: 734.428: [CMS-concurrent-abortable-preclean-start]
2024-03-31T19:44:42.410+0800: 734.428: [CMS-concurrent-abortable-preclean: 0.000/0.000 secs] [Times: user=0.00 sys=0.00, real=0.01 secs] 
2024-03-31T19:44:42.411+0800: 734.429: [GC (CMS Final Remark) [YG occupancy: 107749 K (117952 K)]2024-03-31T19:44:42.411+0800: 734.430: [Rescan (non-parallel) 2024-03-31T19:44:42.411+0800: 734.430: [grey object rescan, 0.0001070 secs]2024-03-31T19:44:42.411+0800: 734.430: [root rescan, 0.0723085 secs]2024-03-31T19:44:42.484+0800: 734.502: [visit unhandled CLDs, 0.0001670 secs]2024-03-31T19:44:42.484+0800: 734.503: [dirty klass scan, 0.0013748 secs], 0.0745996 secs]2024-03-31T19:44:42.486+0800: 734.504: [weak refs processing, 0.0001341 secs]2024-03-31T19:44:42.486+0800: 734.504: [class unloading, 0.0108960 secs]2024-03-31T19:44:42.497+0800: 734.516: [scrub symbol table, 0.0097330 secs]2024-03-31T19:44:42.507+0800: 734.526: [scrub string table, 0.0005015 secs][1 CMS-remark: 63K(64K)] 107813K(118016K), 0.0991001 secs] [Times: user=0.10 sys=0.00, real=0.10 secs] 
2024-03-31T19:44:42.510+0800: 734.529: [CMS-concurrent-sweep-start]
2024-03-31T19:44:42.511+0800: 734.530: [CMS-concurrent-sweep: 0.000/0.000 secs] [Times: user=0.00 sys=0.00, real=0.00 secs] 
2024-03-31T19:44:42.512+0800: 734.531: [CMS-concurrent-reset-start]
2024-03-31T19:44:42.513+0800: 734.531: [CMS-concurrent-reset: 0.000/0.000 secs] [Times: user=0.00 sys=0.00, real=0.00 secs] 
2024-03-31T19:44:44.520+0800: 736.539: [GC (CMS Initial Mark) [1 CMS-initial-mark: 63K(64K)] 107971K(118016K), 0.1046251 secs] [Times: user=0.10 sys=0.00, real=0.10 secs] 
2024-03-31T19:44:44.625+0800: 736.644: [CMS-concurrent-mark-start]
2024-03-31T19:44:44.626+0800: 736.645: [CMS-concurrent-mark: 0.000/0.000 secs] [Times: user=0.01 sys=0.00, real=0.00 secs] 
2024-03-31T19:44:44.627+0800: 736.646: [CMS-concurrent-preclean-start]
2024-03-31T19:44:44.629+0800: 736.648: [CMS-concurrent-preclean: 0.001/0.001 secs] [Times: user=0.00 sys=0.00, real=0.01 secs] 
2024-03-31T19:44:44.630+0800: 736.649: [CMS-concurrent-abortable-preclean-start]
2024-03-31T19:44:44.631+0800: 736.650: [CMS-concurrent-abortable-preclean: 0.000/0.000 secs] [Times: user=0.00 sys=0.00, real=0.00 secs] 
2024-03-31T19:44:44.633+0800: 736.652: [GC (CMS Final Remark) [YG occupancy: 107910 K (117952 K)]2024-03-31T19:44:44.633+0800: 736.652: [Rescan (non-parallel) 2024-03-31T19:44:44.633+0800: 736.652: [grey object rescan, 0.0001038 secs]2024-03-31T19:44:44.633+0800: 736.652: [root rescan, 0.0753359 secs]2024-03-31T19:44:44.709+0800: 736.728: [visit unhandled CLDs, 0.0001958 secs]2024-03-31T19:44:44.709+0800: 736.728: [dirty klass scan, 0.0015827 secs], 0.0779365 secs]2024-03-31T19:44:44.711+0800: 736.730: [weak refs processing, 0.0002043 secs]2024-03-31T19:44:44.711+0800: 736.730: [class unloading, 0.0111518 secs]2024-03-31T19:44:44.723+0800: 736.742: [scrub symbol table, 0.0113063 secs]2024-03-31T19:44:44.734+0800: 736.753: [scrub string table, 0.0005850 secs][1 CMS-remark: 63K(64K)] 107974K(118016K), 0.1047757 secs] [Times: user=0.11 sys=0.00, real=0.10 secs] 
2024-03-31T19:44:44.739+0800: 736.757: [CMS-concurrent-sweep-start]
2024-03-31T19:44:44.739+0800: 736.758: [CMS-concurrent-sweep: 0.000/0.000 secs] [Times: user=0.00 sys=0.00, real=0.01 secs] 
2024-03-31T19:44:44.741+0800: 736.759: [CMS-concurrent-reset-start]
2024-03-31T19:44:44.741+0800: 736.760: [CMS-concurrent-reset: 0.000/0.000 secs] [Times: user=0.00 sys=0.00, real=0.00 secs] 
2024-03-31T19:44:46.749+0800: 738.768: [GC (CMS Initial Mark) [1 CMS-initial-mark: 63K(64K)] 108092K(118016K), 0.1197740 secs] [Times: user=0.12 sys=0.00, real=0.12 secs] 
2024-03-31T19:44:46.870+0800: 738.889: [CMS-concurrent-mark-start]
2024-03-31T19:44:46.871+0800: 738.890: [CMS-concurrent-mark: 0.000/0.000 secs] [Times: user=0.00 sys=0.01, real=0.00 secs] 
2024-03-31T19:44:46.872+0800: 738.891: [CMS-concurrent-preclean-start]
2024-03-31T19:44:46.874+0800: 738.893: [CMS-concurrent-preclean: 0.001/0.001 secs] [Times: user=0.00 sys=0.00, real=0.00 secs] 
2024-03-31T19:44:46.876+0800: 738.894: [CMS-concurrent-abortable-preclean-start]
2024-03-31T19:44:46.877+0800: 738.896: [CMS-concurrent-abortable-preclean: 0.000/0.000 secs] [Times: user=0.00 sys=0.00, real=0.00 secs] 
2024-03-31T19:44:46.879+0800: 738.898: [GC (CMS Final Remark) [YG occupancy: 108030 K (117952 K)]2024-03-31T19:44:46.879+0800: 738.898: [Rescan (non-parallel) 2024-03-31T19:44:46.880+0800: 738.898: [grey object rescan, 0.0001020 secs]2024-03-31T19:44:46.880+0800: 738.898: [root rescan, 0.0725459 secs]2024-03-31T19:44:46.953+0800: 738.971: [visit unhandled CLDs, 0.0001691 secs]2024-03-31T19:44:46.953+0800: 738.971: [dirty klass scan, 0.0013098 secs], 0.0747746 secs]2024-03-31T19:44:46.954+0800: 738.973: [weak refs processing, 0.0002268 secs]2024-03-31T19:44:46.955+0800: 738.973: [class unloading, 0.0116325 secs]2024-03-31T19:44:46.966+0800: 738.985: [scrub symbol table, 0.0099556 secs]2024-03-31T19:44:46.977+0800: 738.995: [scrub string table, 0.0005074 secs][1 CMS-remark: 63K(64K)] 108094K(118016K), 0.1003944 secs] [Times: user=0.10 sys=0.00, real=0.10 secs] 
2024-03-31T19:44:46.981+0800: 738.999: [CMS-concurrent-sweep-start]
2024-03-31T19:44:46.981+0800: 739.000: [CMS-concurrent-sweep: 0.000/0.000 secs] [Times: user=0.00 sys=0.00, real=0.00 secs] 
2024-03-31T19:44:46.982+0800: 739.001: [CMS-concurrent-reset-start]
2024-03-31T19:44:46.982+0800: 739.001: [CMS-concurrent-reset: 0.000/0.000 secs] [Times: user=0.01 sys=0.00, real=0.00 secs] 
2024-03-31T19:44:48.992+0800: 741.012: [GC (CMS Initial Mark) [1 CMS-initial-mark: 63K(64K)] 108307K(118016K), 0.1133655 secs] [Times: user=0.11 sys=0.00, real=0.11 secs] 
2024-03-31T19:44:49.107+0800: 741.126: [CMS-concurrent-mark-start]
2024-03-31T19:44:49.108+0800: 741.126: [CMS-concurrent-mark: 0.000/0.000 secs] [Times: user=0.00 sys=0.00, real=0.00 secs] 
2024-03-31T19:44:49.109+0800: 741.127: [CMS-concurrent-preclean-start]
2024-03-31T19:44:49.111+0800: 741.129: [CMS-concurrent-preclean: 0.001/0.001 secs] [Times: user=0.00 sys=0.00, real=0.01 secs] 
2024-03-31T19:44:49.111+0800: 741.130: [CMS-concurrent-abortable-preclean-start]
2024-03-31T19:44:49.111+0800: 741.130: [CMS-concurrent-abortable-preclean: 0.000/0.000 secs] [Times: user=0.01 sys=0.00, real=0.00 secs] 
2024-03-31T19:44:49.112+0800: 741.131: [GC (CMS Final Remark) [YG occupancy: 108244 K (117952 K)]2024-03-31T19:44:49.112+0800: 741.131: [Rescan (non-parallel) 2024-03-31T19:44:49.112+0800: 741.131: [grey object rescan, 0.0000986 secs]2024-03-31T19:44:49.113+0800: 741.131: [root rescan, 0.0719972 secs]2024-03-31T19:44:49.185+0800: 741.204: [visit unhandled CLDs, 0.0001561 secs]2024-03-31T19:44:49.185+0800: 741.204: [dirty klass scan, 0.0014750 secs], 0.0744169 secs]2024-03-31T19:44:49.187+0800: 741.206: [weak refs processing, 0.0002559 secs]2024-03-31T19:44:49.187+0800: 741.206: [class unloading, 0.0114983 secs]2024-03-31T19:44:49.199+0800: 741.218: [scrub symbol table, 0.0098903 secs]2024-03-31T19:44:49.209+0800: 741.228: [scrub string table, 0.0004957 secs][1 CMS-remark: 63K(64K)] 108308K(118016K), 0.0998776 secs] [Times: user=0.09 sys=0.00, real=0.10 secs] 
2024-03-31T19:44:49.213+0800: 741.231: [CMS-concurrent-sweep-start]
2024-03-31T19:44:49.213+0800: 741.232: [CMS-concurrent-sweep: 0.000/0.000 secs] [Times: user=0.01 sys=0.00, real=0.00 secs] 
2024-03-31T19:44:49.214+0800: 741.233: [CMS-concurrent-reset-start]
2024-03-31T19:44:49.215+0800: 741.234: [CMS-concurrent-reset: 0.000/0.000 secs] [Times: user=0.00 sys=0.00, real=0.00 secs] 
2024-03-31T19:44:51.223+0800: 743.242: [GC (CMS Initial Mark) [1 CMS-initial-mark: 63K(64K)] 108545K(118016K), 0.1124157 secs] [Times: user=0.11 sys=0.00, real=0.11 secs] 
2024-03-31T19:44:51.337+0800: 743.356: [CMS-concurrent-mark-start]
2024-03-31T19:44:51.337+0800: 743.356: [CMS-concurrent-mark: 0.000/0.000 secs] [Times: user=0.00 sys=0.00, real=0.00 secs] 
2024-03-31T19:44:51.338+0800: 743.357: [CMS-concurrent-preclean-start]
2024-03-31T19:44:51.340+0800: 743.359: [CMS-concurrent-preclean: 0.001/0.001 secs] [Times: user=0.01 sys=0.00, real=0.01 secs] 
2024-03-31T19:44:51.340+0800: 743.359: [CMS-concurrent-abortable-preclean-start]
2024-03-31T19:44:51.340+0800: 743.359: [CMS-concurrent-abortable-preclean: 0.000/0.000 secs] [Times: user=0.00 sys=0.00, real=0.00 secs] 
2024-03-31T19:44:51.341+0800: 743.360: [GC (CMS Final Remark) [YG occupancy: 108483 K (117952 K)]2024-03-31T19:44:51.341+0800: 743.360: [Rescan (non-parallel) 2024-03-31T19:44:51.341+0800: 743.360: [grey object rescan, 0.0001029 secs]2024-03-31T19:44:51.342+0800: 743.360: [root rescan, 0.0730751 secs]2024-03-31T19:44:51.415+0800: 743.434: [visit unhandled CLDs, 0.0001670 secs]2024-03-31T19:44:51.415+0800: 743.434: [dirty klass scan, 0.0013415 secs], 0.0753453 secs]2024-03-31T19:44:51.417+0800: 743.436: [weak refs processing, 0.0001320 secs]2024-03-31T19:44:51.417+0800: 743.436: [class unloading, 0.0106898 secs]2024-03-31T19:44:51.428+0800: 743.447: [scrub symbol table, 0.0098238 secs]2024-03-31T19:44:51.438+0800: 743.457: [scrub string table, 0.0005058 secs][1 CMS-remark: 63K(64K)] 108546K(118016K), 0.0999780 secs] [Times: user=0.10 sys=0.00, real=0.10 secs] 
2024-03-31T19:44:51.442+0800: 743.461: [CMS-concurrent-sweep-start]
2024-03-31T19:44:51.443+0800: 743.461: [CMS-concurrent-sweep: 0.000/0.000 secs] [Times: user=0.00 sys=0.00, real=0.00 secs] 
2024-03-31T19:44:51.444+0800: 743.463: [CMS-concurrent-reset-start]
2024-03-31T19:44:51.445+0800: 743.463: [CMS-concurrent-reset: 0.000/0.000 secs] [Times: user=0.00 sys=0.00, real=0.00 secs] 
2024-03-31T19:44:53.447+0800: 745.466: [GC (CMS Initial Mark) [1 CMS-initial-mark: 63K(64K)] 108737K(118016K), 0.0717602 secs] [Times: user=0.07 sys=0.00, real=0.08 secs] 
2024-03-31T19:44:53.520+0800: 745.539: [CMS-concurrent-mark-start]
2024-03-31T19:44:53.521+0800: 745.539: [CMS-concurrent-mark: 0.000/0.000 secs] [Times: user=0.00 sys=0.00, real=0.00 secs] 
2024-03-31T19:44:53.522+0800: 745.540: [CMS-concurrent-preclean-start]
2024-03-31T19:44:53.524+0800: 745.543: [CMS-concurrent-preclean: 0.001/0.001 secs] [Times: user=0.01 sys=0.01, real=0.00 secs] 
2024-03-31T19:44:53.525+0800: 745.544: [CMS-concurrent-abortable-preclean-start]
2024-03-31T19:44:53.526+0800: 745.544: [CMS-concurrent-abortable-preclean: 0.000/0.000 secs] [Times: user=0.00 sys=0.00, real=0.00 secs] 
2024-03-31T19:44:53.527+0800: 745.545: [GC (CMS Final Remark) [YG occupancy: 108675 K (117952 K)]2024-03-31T19:44:53.527+0800: 745.546: [Rescan (non-parallel) 2024-03-31T19:44:53.527+0800: 745.546: [grey object rescan, 0.0001066 secs]2024-03-31T19:44:53.527+0800: 745.546: [root rescan, 0.0733094 secs]2024-03-31T19:44:53.601+0800: 745.620: [visit unhandled CLDs, 0.0001784 secs]2024-03-31T19:44:53.601+0800: 745.620: [dirty klass scan, 0.0014010 secs], 0.0756595 secs]2024-03-31T19:44:53.603+0800: 745.621: [weak refs processing, 0.0001850 secs]2024-03-31T19:44:53.603+0800: 745.622: [class unloading, 0.0108434 secs]2024-03-31T19:44:53.614+0800: 745.633: [scrub symbol table, 0.0099014 secs]2024-03-31T19:44:53.624+0800: 745.643: [scrub string table, 0.0004931 secs][1 CMS-remark: 63K(64K)] 108739K(118016K), 0.1004332 secs] [Times: user=0.10 sys=0.00, real=0.10 secs] 
2024-03-31T19:44:53.628+0800: 745.647: [CMS-concurrent-sweep-start]
2024-03-31T19:44:53.629+0800: 745.647: [CMS-concurrent-sweep: 0.000/0.000 secs] [Times: user=0.00 sys=0.00, real=0.00 secs] 
2024-03-31T19:44:53.630+0800: 745.649: [CMS-concurrent-reset-start]
2024-03-31T19:44:53.631+0800: 745.650: [CMS-concurrent-reset: 0.000/0.000 secs] [Times: user=0.00 sys=0.00, real=0.00 secs] 
2024-03-31T19:44:55.648+0800: 747.667: [GC (CMS Initial Mark) [1 CMS-initial-mark: 63K(64K)] 108876K(118016K), 0.1166733 secs] [Times: user=0.12 sys=0.00, real=0.12 secs] 
2024-03-31T19:44:55.765+0800: 747.784: [CMS-concurrent-mark-start]
2024-03-31T19:44:55.766+0800: 747.785: [CMS-concurrent-mark: 0.000/0.000 secs] [Times: user=0.00 sys=0.00, real=0.00 secs] 
2024-03-31T19:44:55.767+0800: 747.786: [CMS-concurrent-preclean-start]
2024-03-31T19:44:55.769+0800: 747.788: [CMS-concurrent-preclean: 0.001/0.001 secs] [Times: user=0.00 sys=0.00, real=0.01 secs] 
2024-03-31T19:44:55.770+0800: 747.788: [CMS-concurrent-abortable-preclean-start]
2024-03-31T19:44:55.770+0800: 747.788: [CMS-concurrent-abortable-preclean: 0.000/0.000 secs] [Times: user=0.00 sys=0.00, real=0.00 secs] 
2024-03-31T19:44:55.771+0800: 747.789: [GC (CMS Final Remark) [YG occupancy: 108821 K (117952 K)]2024-03-31T19:44:55.771+0800: 747.789: [Rescan (non-parallel) 2024-03-31T19:44:55.771+0800: 747.790: [grey object rescan, 0.0001006 secs]2024-03-31T19:44:55.771+0800: 747.790: [root rescan, 0.0744207 secs]2024-03-31T19:44:55.846+0800: 747.864: [visit unhandled CLDs, 0.0001766 secs]2024-03-31T19:44:55.846+0800: 747.865: [dirty klass scan, 0.0014492 secs], 0.0767513 secs]2024-03-31T19:44:55.848+0800: 747.866: [weak refs processing, 0.0001320 secs]2024-03-31T19:44:55.848+0800: 747.867: [class unloading, 0.0109085 secs]2024-03-31T19:44:55.859+0800: 747.878: [scrub symbol table, 0.0098198 secs]2024-03-31T19:44:55.869+0800: 747.888: [scrub string table, 0.0004810 secs][1 CMS-remark: 63K(64K)] 108884K(118016K), 0.1013244 secs] [Times: user=0.10 sys=0.00, real=0.10 secs] 
2024-03-31T19:44:55.873+0800: 747.892: [CMS-concurrent-sweep-start]
2024-03-31T19:44:55.873+0800: 747.892: [CMS-concurrent-sweep: 0.000/0.000 secs] [Times: user=0.00 sys=0.00, real=0.00 secs] 
2024-03-31T19:44:55.874+0800: 747.893: [CMS-concurrent-reset-start]
2024-03-31T19:44:55.875+0800: 747.894: [CMS-concurrent-reset: 0.000/0.000 secs] [Times: user=0.00 sys=0.00, real=0.00 secs] 
2024-03-31T19:44:57.882+0800: 749.901: [GC (CMS Initial Mark) [1 CMS-initial-mark: 63K(64K)] 109037K(118016K), 0.1118773 secs] [Times: user=0.12 sys=0.00, real=0.11 secs] 
2024-03-31T19:44:57.994+0800: 750.013: [CMS-concurrent-mark-start]
2024-03-31T19:44:57.995+0800: 750.014: [CMS-concurrent-mark: 0.000/0.000 secs] [Times: user=0.00 sys=0.00, real=0.00 secs] 
2024-03-31T19:44:57.996+0800: 750.015: [CMS-concurrent-preclean-start]
2024-03-31T19:44:57.998+0800: 750.017: [CMS-concurrent-preclean: 0.001/0.001 secs] [Times: user=0.00 sys=0.00, real=0.00 secs] 
2024-03-31T19:44:57.999+0800: 750.018: [CMS-concurrent-abortable-preclean-start]
2024-03-31T19:44:58.000+0800: 750.019: [CMS-concurrent-abortable-preclean: 0.000/0.000 secs] [Times: user=0.00 sys=0.00, real=0.01 secs] 
2024-03-31T19:44:58.001+0800: 750.020: [GC (CMS Final Remark) [YG occupancy: 108975 K (117952 K)]2024-03-31T19:44:58.001+0800: 750.020: [Rescan (non-parallel) 2024-03-31T19:44:58.001+0800: 750.020: [grey object rescan, 0.0001008 secs]2024-03-31T19:44:58.002+0800: 750.020: [root rescan, 0.0729345 secs]2024-03-31T19:44:58.075+0800: 750.094: [visit unhandled CLDs, 0.0001611 secs]2024-03-31T19:44:58.075+0800: 750.094: [dirty klass scan, 0.0013666 secs], 0.0751618 secs]2024-03-31T19:44:58.077+0800: 750.095: [weak refs processing, 0.0001323 secs]2024-03-31T19:44:58.077+0800: 750.096: [class unloading, 0.0105855 secs]2024-03-31T19:44:58.088+0800: 750.107: [scrub symbol table, 0.0095275 secs]2024-03-31T19:44:58.097+0800: 750.116: [scrub string table, 0.0004974 secs][1 CMS-remark: 63K(64K)] 109039K(118016K), 0.0991860 secs] [Times: user=0.10 sys=0.00, real=0.10 secs] 
2024-03-31T19:44:58.101+0800: 750.120: [CMS-concurrent-sweep-start]
2024-03-31T19:44:58.102+0800: 750.121: [CMS-concurrent-sweep: 0.000/0.000 secs] [Times: user=0.00 sys=0.00, real=0.00 secs] 
2024-03-31T19:44:58.103+0800: 750.122: [CMS-concurrent-reset-start]
2024-03-31T19:44:58.104+0800: 750.122: [CMS-concurrent-reset: 0.000/0.000 secs] [Times: user=0.00 sys=0.00, real=0.00 secs] 
2024-03-31T19:45:00.113+0800: 752.132: [GC (CMS Initial Mark) [1 CMS-initial-mark: 63K(64K)] 109212K(118016K), 0.1089075 secs] [Times: user=0.11 sys=0.00, real=0.11 secs] 
2024-03-31T19:45:00.222+0800: 752.241: [CMS-concurrent-mark-start]
2024-03-31T19:45:00.223+0800: 752.242: [CMS-concurrent-mark: 0.000/0.000 secs] [Times: user=0.00 sys=0.00, real=0.00 secs] 
2024-03-31T19:45:00.224+0800: 752.243: [CMS-concurrent-preclean-start]
2024-03-31T19:45:00.226+0800: 752.245: [CMS-concurrent-preclean: 0.001/0.001 secs] [Times: user=0.01 sys=0.00, real=0.00 secs] 
2024-03-31T19:45:00.227+0800: 752.246: [CMS-concurrent-abortable-preclean-start]
2024-03-31T19:45:00.228+0800: 752.246: [CMS-concurrent-abortable-preclean: 0.000/0.000 secs] [Times: user=0.00 sys=0.00, real=0.00 secs] 
2024-03-31T19:45:00.229+0800: 752.247: [GC (CMS Final Remark) [YG occupancy: 109154 K (117952 K)]2024-03-31T19:45:00.229+0800: 752.248: [Rescan (non-parallel) 2024-03-31T19:45:00.229+0800: 752.248: [grey object rescan, 0.0001253 secs]2024-03-31T19:45:00.229+0800: 752.248: [root rescan, 0.0759910 secs]2024-03-31T19:45:00.306+0800: 752.324: [visit unhandled CLDs, 0.0002789 secs]2024-03-31T19:45:00.306+0800: 752.325: [dirty klass scan, 0.0015560 secs], 0.0787980 secs]2024-03-31T19:45:00.308+0800: 752.327: [weak refs processing, 0.0001429 secs]2024-03-31T19:45:00.308+0800: 752.327: [class unloading, 0.0118198 secs]2024-03-31T19:45:00.320+0800: 752.339: [scrub symbol table, 0.0097650 secs]2024-03-31T19:45:00.330+0800: 752.349: [scrub string table, 0.0005405 secs][1 CMS-remark: 63K(64K)] 109218K(118016K), 0.1047374 secs] [Times: user=0.10 sys=0.00, real=0.11 secs] 
2024-03-31T19:45:00.335+0800: 752.353: [CMS-concurrent-sweep-start]
2024-03-31T19:45:00.335+0800: 752.354: [CMS-concurrent-sweep: 0.000/0.000 secs] [Times: user=0.00 sys=0.00, real=0.00 secs] 
2024-03-31T19:45:00.336+0800: 752.355: [CMS-concurrent-reset-start]
2024-03-31T19:45:00.337+0800: 752.356: [CMS-concurrent-reset: 0.000/0.000 secs] [Times: user=0.00 sys=0.00, real=0.00 secs] 
2024-03-31T19:45:02.344+0800: 754.362: [GC (CMS Initial Mark) [1 CMS-initial-mark: 63K(64K)] 109344K(118016K), 0.1014312 secs] [Times: user=0.10 sys=0.00, real=0.10 secs] 
2024-03-31T19:45:02.446+0800: 754.465: [CMS-concurrent-mark-start]
2024-03-31T19:45:02.447+0800: 754.466: [CMS-concurrent-mark: 0.000/0.000 secs] [Times: user=0.00 sys=0.00, real=0.00 secs] 
2024-03-31T19:45:02.447+0800: 754.466: [CMS-concurrent-preclean-start]
2024-03-31T19:45:02.449+0800: 754.468: [CMS-concurrent-preclean: 0.001/0.001 secs] [Times: user=0.00 sys=0.00, real=0.01 secs] 
2024-03-31T19:45:02.449+0800: 754.468: [CMS-concurrent-abortable-preclean-start]
2024-03-31T19:45:02.449+0800: 754.468: [CMS-concurrent-abortable-preclean: 0.000/0.000 secs] [Times: user=0.00 sys=0.00, real=0.00 secs] 
2024-03-31T19:45:02.450+0800: 754.469: [GC (CMS Final Remark) [YG occupancy: 109281 K (117952 K)]2024-03-31T19:45:02.450+0800: 754.469: [Rescan (non-parallel) 2024-03-31T19:45:02.450+0800: 754.469: [grey object rescan, 0.0000635 secs]2024-03-31T19:45:02.450+0800: 754.469: [root rescan, 0.0735126 secs]2024-03-31T19:45:02.524+0800: 754.543: [visit unhandled CLDs, 0.0001472 secs]2024-03-31T19:45:02.524+0800: 754.543: [dirty klass scan, 0.0013740 secs], 0.0755531 secs]2024-03-31T19:45:02.526+0800: 754.545: [weak refs processing, 0.0001033 secs]2024-03-31T19:45:02.526+0800: 754.545: [class unloading, 0.0104692 secs]2024-03-31T19:45:02.537+0800: 754.555: [scrub symbol table, 0.0095144 secs]2024-03-31T19:45:02.546+0800: 754.565: [scrub string table, 0.0004841 secs][1 CMS-remark: 63K(64K)] 109345K(118016K), 0.0991625 secs] [Times: user=0.09 sys=0.00, real=0.10 secs] 
2024-03-31T19:45:02.550+0800: 754.569: [CMS-concurrent-sweep-start]
2024-03-31T19:45:02.551+0800: 754.570: [CMS-concurrent-sweep: 0.000/0.000 secs] [Times: user=0.01 sys=0.00, real=0.00 secs] 
2024-03-31T19:45:02.552+0800: 754.571: [CMS-concurrent-reset-start]
2024-03-31T19:45:02.553+0800: 754.571: [CMS-concurrent-reset: 0.000/0.000 secs] [Times: user=0.00 sys=0.00, real=0.00 secs] 
2024-03-31T19:45:04.564+0800: 756.583: [GC (CMS Initial Mark) [1 CMS-initial-mark: 63K(64K)] 109514K(118016K), 0.1072710 secs] [Times: user=0.11 sys=0.00, real=0.11 secs] 
2024-03-31T19:45:04.673+0800: 756.691: [CMS-concurrent-mark-start]
2024-03-31T19:45:04.673+0800: 756.692: [CMS-concurrent-mark: 0.000/0.000 secs] [Times: user=0.00 sys=0.00, real=0.00 secs] 
2024-03-31T19:45:04.674+0800: 756.693: [CMS-concurrent-preclean-start]
2024-03-31T19:45:04.676+0800: 756.695: [CMS-concurrent-preclean: 0.001/0.001 secs] [Times: user=0.00 sys=0.00, real=0.00 secs] 
2024-03-31T19:45:04.677+0800: 756.696: [CMS-concurrent-abortable-preclean-start]
2024-03-31T19:45:04.678+0800: 756.696: [CMS-concurrent-abortable-preclean: 0.000/0.000 secs] [Times: user=0.00 sys=0.00, real=0.00 secs] 
2024-03-31T19:45:04.679+0800: 756.698: [GC (CMS Final Remark) [YG occupancy: 109454 K (117952 K)]2024-03-31T19:45:04.679+0800: 756.698: [Rescan (non-parallel) 2024-03-31T19:45:04.679+0800: 756.698: [grey object rescan, 0.0000663 secs]2024-03-31T19:45:04.679+0800: 756.698: [root rescan, 0.0752397 secs]2024-03-31T19:45:04.755+0800: 756.773: [visit unhandled CLDs, 0.0001452 secs]2024-03-31T19:45:04.755+0800: 756.774: [dirty klass scan, 0.0013607 secs], 0.0772853 secs]2024-03-31T19:45:04.756+0800: 756.775: [weak refs processing, 0.0001105 secs]2024-03-31T19:45:04.756+0800: 756.775: [class unloading, 0.0109495 secs]2024-03-31T19:45:04.768+0800: 756.786: [scrub symbol table, 0.0098724 secs]2024-03-31T19:45:04.778+0800: 756.796: [scrub string table, 0.0004650 secs][1 CMS-remark: 63K(64K)] 109518K(118016K), 0.1017180 secs] [Times: user=0.11 sys=0.00, real=0.10 secs] 
2024-03-31T19:45:04.781+0800: 756.800: [CMS-concurrent-sweep-start]
2024-03-31T19:45:04.782+0800: 756.801: [CMS-concurrent-sweep: 0.000/0.000 secs] [Times: user=0.00 sys=0.00, real=0.00 secs] 
2024-03-31T19:45:04.784+0800: 756.802: [CMS-concurrent-reset-start]
2024-03-31T19:45:04.784+0800: 756.803: [CMS-concurrent-reset: 0.000/0.000 secs] [Times: user=0.00 sys=0.00, real=0.00 secs] 
2024-03-31T19:45:06.795+0800: 758.814: [GC (CMS Initial Mark) [1 CMS-initial-mark: 63K(64K)] 109823K(118016K), 0.1198309 secs] [Times: user=0.12 sys=0.00, real=0.12 secs] 
2024-03-31T19:45:06.916+0800: 758.935: [CMS-concurrent-mark-start]
2024-03-31T19:45:06.916+0800: 758.935: [CMS-concurrent-mark: 0.000/0.000 secs] [Times: user=0.00 sys=0.00, real=0.00 secs] 
2024-03-31T19:45:06.917+0800: 758.936: [CMS-concurrent-preclean-start]
2024-03-31T19:45:06.919+0800: 758.938: [CMS-concurrent-preclean: 0.001/0.001 secs] [Times: user=0.01 sys=0.00, real=0.01 secs] 
2024-03-31T19:45:06.920+0800: 758.938: [CMS-concurrent-abortable-preclean-start]
2024-03-31T19:45:06.920+0800: 758.939: [CMS-concurrent-abortable-preclean: 0.000/0.000 secs] [Times: user=0.00 sys=0.00, real=0.00 secs] 
2024-03-31T19:45:06.921+0800: 758.940: [GC (CMS Final Remark) [YG occupancy: 109760 K (117952 K)]2024-03-31T19:45:06.921+0800: 758.940: [Rescan (non-parallel) 2024-03-31T19:45:06.921+0800: 758.940: [grey object rescan, 0.0000800 secs]2024-03-31T19:45:06.921+0800: 758.940: [root rescan, 0.0733601 secs]2024-03-31T19:45:06.995+0800: 759.013: [visit unhandled CLDs, 0.0001426 secs]2024-03-31T19:45:06.995+0800: 759.014: [dirty klass scan, 0.0013337 secs], 0.0753717 secs]2024-03-31T19:45:06.996+0800: 759.015: [weak refs processing, 0.0001103 secs]2024-03-31T19:45:06.997+0800: 759.015: [class unloading, 0.0105472 secs]2024-03-31T19:45:07.007+0800: 759.026: [scrub symbol table, 0.0096400 secs]2024-03-31T19:45:07.017+0800: 759.036: [scrub string table, 0.0004635 secs][1 CMS-remark: 63K(64K)] 109824K(118016K), 0.0991108 secs] [Times: user=0.10 sys=0.00, real=0.10 secs] 
2024-03-31T19:45:07.021+0800: 759.040: [CMS-concurrent-sweep-start]
2024-03-31T19:45:07.021+0800: 759.040: [CMS-concurrent-sweep: 0.000/0.000 secs] [Times: user=0.00 sys=0.00, real=0.00 secs] 
2024-03-31T19:45:07.022+0800: 759.041: [CMS-concurrent-reset-start]
2024-03-31T19:45:07.023+0800: 759.042: [CMS-concurrent-reset: 0.000/0.000 secs] [Times: user=0.00 sys=0.00, real=0.00 secs] 
2024-03-31T19:45:09.036+0800: 761.055: [GC (CMS Initial Mark) [1 CMS-initial-mark: 63K(64K)] 109987K(118016K), 0.1011095 secs] [Times: user=0.10 sys=0.00, real=0.10 secs] 
2024-03-31T19:45:09.138+0800: 761.157: [CMS-concurrent-mark-start]
2024-03-31T19:45:09.139+0800: 761.158: [CMS-concurrent-mark: 0.000/0.000 secs] [Times: user=0.00 sys=0.00, real=0.01 secs] 
2024-03-31T19:45:09.140+0800: 761.159: [CMS-concurrent-preclean-start]
2024-03-31T19:45:09.142+0800: 761.161: [CMS-concurrent-preclean: 0.001/0.001 secs] [Times: user=0.01 sys=0.00, real=0.00 secs] 
2024-03-31T19:45:09.143+0800: 761.162: [CMS-concurrent-abortable-preclean-start]
2024-03-31T19:45:09.144+0800: 761.163: [CMS-concurrent-abortable-preclean: 0.000/0.000 secs] [Times: user=0.00 sys=0.00, real=0.00 secs] 
2024-03-31T19:45:09.145+0800: 761.164: [GC (CMS Final Remark) [YG occupancy: 109925 K (117952 K)]2024-03-31T19:45:09.145+0800: 761.164: [Rescan (non-parallel) 2024-03-31T19:45:09.146+0800: 761.164: [grey object rescan, 0.0001477 secs]2024-03-31T19:45:09.146+0800: 761.165: [root rescan, 0.0775832 secs]2024-03-31T19:45:09.224+0800: 761.242: [visit unhandled CLDs, 0.0001393 secs]2024-03-31T19:45:09.224+0800: 761.243: [dirty klass scan, 0.0014577 secs], 0.0798652 secs]2024-03-31T19:45:09.225+0800: 761.244: [weak refs processing, 0.0001213 secs]2024-03-31T19:45:09.226+0800: 761.244: [class unloading, 0.0115292 secs]2024-03-31T19:45:09.237+0800: 761.256: [scrub symbol table, 0.0100161 secs]2024-03-31T19:45:09.248+0800: 761.266: [scrub string table, 0.0008533 secs][1 CMS-remark: 63K(64K)] 109989K(118016K), 0.1058813 secs] [Times: user=0.10 sys=0.00, real=0.11 secs] 
2024-03-31T19:45:09.252+0800: 761.271: [CMS-concurrent-sweep-start]
2024-03-31T19:45:09.253+0800: 761.271: [CMS-concurrent-sweep: 0.000/0.000 secs] [Times: user=0.00 sys=0.01, real=0.00 secs] 
2024-03-31T19:45:09.254+0800: 761.273: [CMS-concurrent-reset-start]
2024-03-31T19:45:09.255+0800: 761.274: [CMS-concurrent-reset: 0.000/0.000 secs] [Times: user=0.00 sys=0.00, real=0.00 secs] 
2024-03-31T19:45:11.263+0800: 763.282: [GC (CMS Initial Mark) [1 CMS-initial-mark: 63K(64K)] 110130K(118016K), 0.1184554 secs] [Times: user=0.11 sys=0.00, real=0.12 secs] 
2024-03-31T19:45:11.382+0800: 763.401: [CMS-concurrent-mark-start]
2024-03-31T19:45:11.383+0800: 763.402: [CMS-concurrent-mark: 0.000/0.000 secs] [Times: user=0.00 sys=0.00, real=0.00 secs] 
2024-03-31T19:45:11.384+0800: 763.403: [CMS-concurrent-preclean-start]
2024-03-31T19:45:11.386+0800: 763.405: [CMS-concurrent-preclean: 0.001/0.001 secs] [Times: user=0.01 sys=0.00, real=0.00 secs] 
2024-03-31T19:45:11.388+0800: 763.407: [CMS-concurrent-abortable-preclean-start]
2024-03-31T19:45:11.388+0800: 763.407: [CMS-concurrent-abortable-preclean: 0.000/0.000 secs] [Times: user=0.00 sys=0.00, real=0.00 secs] 
2024-03-31T19:45:11.389+0800: 763.408: [GC (CMS Final Remark) [YG occupancy: 110067 K (117952 K)]2024-03-31T19:45:11.389+0800: 763.408: [Rescan (non-parallel) 2024-03-31T19:45:11.390+0800: 763.408: [grey object rescan, 0.0001272 secs]2024-03-31T19:45:11.390+0800: 763.409: [root rescan, 0.0759573 secs]2024-03-31T19:45:11.466+0800: 763.485: [visit unhandled CLDs, 0.0001909 secs]2024-03-31T19:45:11.466+0800: 763.485: [dirty klass scan, 0.0014632 secs], 0.0784078 secs]2024-03-31T19:45:11.468+0800: 763.487: [weak refs processing, 0.0001487 secs]2024-03-31T19:45:11.468+0800: 763.487: [class unloading, 0.0109498 secs]2024-03-31T19:45:11.479+0800: 763.498: [scrub symbol table, 0.0098384 secs]2024-03-31T19:45:11.489+0800: 763.508: [scrub string table, 0.0005068 secs][1 CMS-remark: 63K(64K)] 110131K(118016K), 0.1032305 secs] [Times: user=0.10 sys=0.00, real=0.10 secs] 
2024-03-31T19:45:11.493+0800: 763.512: [CMS-concurrent-sweep-start]
2024-03-31T19:45:11.494+0800: 763.512: [CMS-concurrent-sweep: 0.000/0.000 secs] [Times: user=0.00 sys=0.00, real=0.00 secs] 
2024-03-31T19:45:11.495+0800: 763.514: [CMS-concurrent-reset-start]
2024-03-31T19:45:11.495+0800: 763.514: [CMS-concurrent-reset: 0.000/0.000 secs] [Times: user=0.00 sys=0.00, real=0.00 secs] 
2024-03-31T19:45:13.503+0800: 765.522: [GC (CMS Initial Mark) [1 CMS-initial-mark: 63K(64K)] 110297K(118016K), 0.1137058 secs] [Times: user=0.11 sys=0.01, real=0.11 secs] 
2024-03-31T19:45:13.617+0800: 765.636: [CMS-concurrent-mark-start]
2024-03-31T19:45:13.618+0800: 765.637: [CMS-concurrent-mark: 0.000/0.000 secs] [Times: user=0.00 sys=0.00, real=0.00 secs] 
2024-03-31T19:45:13.619+0800: 765.637: [CMS-concurrent-preclean-start]
2024-03-31T19:45:13.620+0800: 765.639: [CMS-concurrent-preclean: 0.001/0.001 secs] [Times: user=0.01 sys=0.00, real=0.01 secs] 
2024-03-31T19:45:13.621+0800: 765.640: [CMS-concurrent-abortable-preclean-start]
2024-03-31T19:45:13.621+0800: 765.640: [CMS-concurrent-abortable-preclean: 0.000/0.000 secs] [Times: user=0.00 sys=0.00, real=0.00 secs] 
2024-03-31T19:45:13.621+0800: 765.640: [GC (CMS Final Remark) [YG occupancy: 110235 K (117952 K)]2024-03-31T19:45:13.622+0800: 765.640: [Rescan (non-parallel) 2024-03-31T19:45:13.622+0800: 765.640: [grey object rescan, 0.0001443 secs]2024-03-31T19:45:13.622+0800: 765.641: [root rescan, 0.0744399 secs]2024-03-31T19:45:13.697+0800: 765.715: [visit unhandled CLDs, 0.0001534 secs]2024-03-31T19:45:13.697+0800: 765.716: [dirty klass scan, 0.0013499 secs], 0.0767318 secs]2024-03-31T19:45:13.698+0800: 765.717: [weak refs processing, 0.0001429 secs]2024-03-31T19:45:13.699+0800: 765.717: [class unloading, 0.0106493 secs]2024-03-31T19:45:13.709+0800: 765.728: [scrub symbol table, 0.0098706 secs]2024-03-31T19:45:13.720+0800: 765.738: [scrub string table, 0.0005122 secs][1 CMS-remark: 63K(64K)] 110299K(118016K), 0.1011792 secs] [Times: user=0.10 sys=0.00, real=0.10 secs] 
2024-03-31T19:45:13.723+0800: 765.742: [CMS-concurrent-sweep-start]
2024-03-31T19:45:13.724+0800: 765.743: [CMS-concurrent-sweep: 0.000/0.000 secs] [Times: user=0.00 sys=0.00, real=0.00 secs] 
2024-03-31T19:45:13.725+0800: 765.744: [CMS-concurrent-reset-start]
2024-03-31T19:45:13.726+0800: 765.745: [CMS-concurrent-reset: 0.000/0.000 secs] [Times: user=0.00 sys=0.00, real=0.00 secs] 
2024-03-31T19:45:15.736+0800: 767.754: [GC (CMS Initial Mark) [1 CMS-initial-mark: 63K(64K)] 110478K(118016K), 0.1235242 secs] [Times: user=0.13 sys=0.00, real=0.13 secs] 
2024-03-31T19:45:15.860+0800: 767.878: [CMS-concurrent-mark-start]
2024-03-31T19:45:15.860+0800: 767.879: [CMS-concurrent-mark: 0.000/0.000 secs] [Times: user=0.00 sys=0.00, real=0.00 secs] 
2024-03-31T19:45:15.861+0800: 767.880: [CMS-concurrent-preclean-start]
2024-03-31T19:45:15.863+0800: 767.882: [CMS-concurrent-preclean: 0.001/0.001 secs] [Times: user=0.00 sys=0.00, real=0.00 secs] 
2024-03-31T19:45:15.864+0800: 767.883: [CMS-concurrent-abortable-preclean-start]
2024-03-31T19:45:15.864+0800: 767.883: [CMS-concurrent-abortable-preclean: 0.000/0.000 secs] [Times: user=0.00 sys=0.00, real=0.00 secs] 
2024-03-31T19:45:15.865+0800: 767.884: [GC (CMS Final Remark) [YG occupancy: 110417 K (117952 K)]2024-03-31T19:45:15.865+0800: 767.884: [Rescan (non-parallel) 2024-03-31T19:45:15.865+0800: 767.884: [grey object rescan, 0.0001032 secs]2024-03-31T19:45:15.865+0800: 767.884: [root rescan, 0.0763653 secs]2024-03-31T19:45:15.942+0800: 767.961: [visit unhandled CLDs, 0.0001461 secs]2024-03-31T19:45:15.942+0800: 767.961: [dirty klass scan, 0.0016195 secs], 0.0789405 secs]2024-03-31T19:45:15.944+0800: 767.963: [weak refs processing, 0.0001659 secs]2024-03-31T19:45:15.944+0800: 767.963: [class unloading, 0.0114581 secs]2024-03-31T19:45:15.956+0800: 767.975: [scrub symbol table, 0.0113916 secs]2024-03-31T19:45:15.968+0800: 767.987: [scrub string table, 0.0005173 secs][1 CMS-remark: 63K(64K)] 110480K(118016K), 0.1061238 secs] [Times: user=0.11 sys=0.00, real=0.11 secs] 
2024-03-31T19:45:15.972+0800: 767.991: [CMS-concurrent-sweep-start]
2024-03-31T19:45:15.973+0800: 767.991: [CMS-concurrent-sweep: 0.000/0.000 secs] [Times: user=0.00 sys=0.00, real=0.00 secs] 
2024-03-31T19:45:15.974+0800: 767.993: [CMS-concurrent-reset-start]
2024-03-31T19:45:15.975+0800: 767.993: [CMS-concurrent-reset: 0.000/0.000 secs] [Times: user=0.00 sys=0.00, real=0.00 secs] 
2024-03-31T19:45:17.985+0800: 770.004: [GC (CMS Initial Mark) [1 CMS-initial-mark: 63K(64K)] 110623K(118016K), 0.1003940 secs] [Times: user=0.10 sys=0.00, real=0.10 secs] 
2024-03-31T19:45:18.086+0800: 770.105: [CMS-concurrent-mark-start]
2024-03-31T19:45:18.087+0800: 770.106: [CMS-concurrent-mark: 0.000/0.000 secs] [Times: user=0.00 sys=0.00, real=0.00 secs] 
2024-03-31T19:45:18.088+0800: 770.107: [CMS-concurrent-preclean-start]
2024-03-31T19:45:18.090+0800: 770.109: [CMS-concurrent-preclean: 0.001/0.001 secs] [Times: user=0.00 sys=0.01, real=0.01 secs] 
2024-03-31T19:45:18.091+0800: 770.109: [CMS-concurrent-abortable-preclean-start]
2024-03-31T19:45:18.091+0800: 770.110: [CMS-concurrent-abortable-preclean: 0.000/0.000 secs] [Times: user=0.00 sys=0.00, real=0.00 secs] 
2024-03-31T19:45:18.092+0800: 770.111: [GC (CMS Final Remark) [YG occupancy: 110567 K (117952 K)]2024-03-31T19:45:18.092+0800: 770.111: [Rescan (non-parallel) 2024-03-31T19:45:18.093+0800: 770.111: [grey object rescan, 0.0001219 secs]2024-03-31T19:45:18.093+0800: 770.112: [root rescan, 0.0780188 secs]2024-03-31T19:45:18.174+0800: 770.193: [visit unhandled CLDs, 0.0002094 secs]2024-03-31T19:45:18.174+0800: 770.193: [dirty klass scan, 0.0015789 secs], 0.0835813 secs]2024-03-31T19:45:18.176+0800: 770.195: [weak refs processing, 0.0001369 secs]2024-03-31T19:45:18.176+0800: 770.195: [class unloading, 0.0112371 secs]2024-03-31T19:45:18.188+0800: 770.207: [scrub symbol table, 0.0114829 secs]2024-03-31T19:45:18.199+0800: 770.218: [scrub string table, 0.0005340 secs][1 CMS-remark: 63K(64K)] 110631K(118016K), 0.1104460 secs] [Times: user=0.11 sys=0.00, real=0.11 secs] 
2024-03-31T19:45:18.204+0800: 770.223: [CMS-concurrent-sweep-start]
2024-03-31T19:45:18.205+0800: 770.223: [CMS-concurrent-sweep: 0.000/0.000 secs] [Times: user=0.00 sys=0.00, real=0.00 secs] 
2024-03-31T19:45:18.207+0800: 770.226: [CMS-concurrent-reset-start]
2024-03-31T19:45:18.208+0800: 770.227: [CMS-concurrent-reset: 0.000/0.000 secs] [Times: user=0.00 sys=0.00, real=0.00 secs] 
2024-03-31T19:45:20.216+0800: 772.235: [GC (CMS Initial Mark) [1 CMS-initial-mark: 63K(64K)] 110973K(118016K), 0.1230388 secs] [Times: user=0.12 sys=0.00, real=0.12 secs] 
2024-03-31T19:45:20.339+0800: 772.358: [CMS-concurrent-mark-start]
2024-03-31T19:45:20.340+0800: 772.358: [CMS-concurrent-mark: 0.000/0.000 secs] [Times: user=0.01 sys=0.00, real=0.00 secs] 
2024-03-31T19:45:20.341+0800: 772.359: [CMS-concurrent-preclean-start]
2024-03-31T19:45:20.343+0800: 772.362: [CMS-concurrent-preclean: 0.001/0.001 secs] [Times: user=0.00 sys=0.00, real=0.00 secs] 
2024-03-31T19:45:20.344+0800: 772.363: [CMS-concurrent-abortable-preclean-start]
2024-03-31T19:45:20.345+0800: 772.364: [CMS-concurrent-abortable-preclean: 0.000/0.000 secs] [Times: user=0.00 sys=0.00, real=0.00 secs] 
2024-03-31T19:45:20.347+0800: 772.366: [GC (CMS Final Remark) [YG occupancy: 110914 K (117952 K)]2024-03-31T19:45:20.347+0800: 772.366: [Rescan (non-parallel) 2024-03-31T19:45:20.348+0800: 772.366: [grey object rescan, 0.0001053 secs]2024-03-31T19:45:20.348+0800: 772.367: [root rescan, 0.0781803 secs]2024-03-31T19:45:20.426+0800: 772.445: [visit unhandled CLDs, 0.0001978 secs]2024-03-31T19:45:20.427+0800: 772.445: [dirty klass scan, 0.0015548 secs], 0.0807561 secs]2024-03-31T19:45:20.428+0800: 772.447: [weak refs processing, 0.0001988 secs]2024-03-31T19:45:20.429+0800: 772.447: [class unloading, 0.0229483 secs]2024-03-31T19:45:20.452+0800: 772.471: [scrub symbol table, 0.0175255 secs]2024-03-31T19:45:20.470+0800: 772.488: [scrub string table, 0.0008615 secs][1 CMS-remark: 63K(64K)] 110978K(118016K), 0.1260615 secs] [Times: user=0.13 sys=0.00, real=0.13 secs] 
2024-03-31T19:45:20.474+0800: 772.493: [CMS-concurrent-sweep-start]
2024-03-31T19:45:20.475+0800: 772.494: [CMS-concurrent-sweep: 0.000/0.000 secs] [Times: user=0.00 sys=0.00, real=0.00 secs] 
2024-03-31T19:45:20.477+0800: 772.496: [CMS-concurrent-reset-start]
2024-03-31T19:45:20.478+0800: 772.497: [CMS-concurrent-reset: 0.000/0.000 secs] [Times: user=0.00 sys=0.00, real=0.00 secs] 
2024-03-31T19:45:22.481+0800: 774.500: [GC (CMS Initial Mark) [1 CMS-initial-mark: 63K(64K)] 111126K(118016K), 0.0939610 secs] [Times: user=0.09 sys=0.00, real=0.09 secs] 
2024-03-31T19:45:22.576+0800: 774.595: [CMS-concurrent-mark-start]
2024-03-31T19:45:22.577+0800: 774.596: [CMS-concurrent-mark: 0.000/0.000 secs] [Times: user=0.00 sys=0.01, real=0.00 secs] 
2024-03-31T19:45:22.578+0800: 774.596: [CMS-concurrent-preclean-start]
2024-03-31T19:45:22.580+0800: 774.598: [CMS-concurrent-preclean: 0.001/0.001 secs] [Times: user=0.01 sys=0.00, real=0.01 secs] 
2024-03-31T19:45:22.581+0800: 774.599: [CMS-concurrent-abortable-preclean-start]
2024-03-31T19:45:22.581+0800: 774.600: [CMS-concurrent-abortable-preclean: 0.000/0.000 secs] [Times: user=0.00 sys=0.00, real=0.00 secs] 
2024-03-31T19:45:22.582+0800: 774.600: [GC (CMS Final Remark) [YG occupancy: 111064 K (117952 K)]2024-03-31T19:45:22.582+0800: 774.601: [Rescan (non-parallel) 2024-03-31T19:45:22.582+0800: 774.601: [grey object rescan, 0.0001002 secs]2024-03-31T19:45:22.582+0800: 774.601: [root rescan, 0.0821473 secs]2024-03-31T19:45:22.665+0800: 774.683: [visit unhandled CLDs, 0.0002445 secs]2024-03-31T19:45:22.665+0800: 774.684: [dirty klass scan, 0.0016474 secs], 0.0849464 secs]2024-03-31T19:45:22.667+0800: 774.686: [weak refs processing, 0.0001987 secs]2024-03-31T19:45:22.667+0800: 774.686: [class unloading, 0.0150067 secs]2024-03-31T19:45:22.683+0800: 774.701: [scrub symbol table, 0.0107751 secs]2024-03-31T19:45:22.694+0800: 774.712: [scrub string table, 0.0005880 secs][1 CMS-remark: 63K(64K)] 111128K(118016K), 0.1154372 secs] [Times: user=0.11 sys=0.00, real=0.11 secs] 
2024-03-31T19:45:22.698+0800: 774.717: [CMS-concurrent-sweep-start]
2024-03-31T19:45:22.699+0800: 774.718: [CMS-concurrent-sweep: 0.000/0.000 secs] [Times: user=0.00 sys=0.00, real=0.01 secs] 
2024-03-31T19:45:22.700+0800: 774.719: [CMS-concurrent-reset-start]
2024-03-31T19:45:22.701+0800: 774.720: [CMS-concurrent-reset: 0.000/0.000 secs] [Times: user=0.00 sys=0.00, real=0.00 secs] 
2024-03-31T19:45:24.706+0800: 776.725: [GC (CMS Initial Mark) [1 CMS-initial-mark: 63K(64K)] 111320K(118016K), 0.0861400 secs] [Times: user=0.08 sys=0.00, real=0.09 secs] 
2024-03-31T19:45:24.793+0800: 776.812: [CMS-concurrent-mark-start]
2024-03-31T19:45:24.794+0800: 776.812: [CMS-concurrent-mark: 0.000/0.000 secs] [Times: user=0.00 sys=0.00, real=0.00 secs] 
2024-03-31T19:45:24.794+0800: 776.813: [CMS-concurrent-preclean-start]
2024-03-31T19:45:24.796+0800: 776.815: [CMS-concurrent-preclean: 0.001/0.001 secs] [Times: user=0.01 sys=0.00, real=0.00 secs] 
2024-03-31T19:45:24.796+0800: 776.815: [CMS-concurrent-abortable-preclean-start]
2024-03-31T19:45:24.796+0800: 776.815: [CMS-concurrent-abortable-preclean: 0.000/0.000 secs] [Times: user=0.00 sys=0.00, real=0.00 secs] 
2024-03-31T19:45:24.797+0800: 776.816: [GC (CMS Final Remark) [YG occupancy: 111262 K (117952 K)]2024-03-31T19:45:24.797+0800: 776.816: [Rescan (non-parallel) 2024-03-31T19:45:24.798+0800: 776.816: [grey object rescan, 0.0001589 secs]2024-03-31T19:45:24.798+0800: 776.817: [root rescan, 0.0866086 secs]2024-03-31T19:45:24.885+0800: 776.903: [visit unhandled CLDs, 0.0001745 secs]2024-03-31T19:45:24.885+0800: 776.904: [dirty klass scan, 0.0015100 secs], 0.0892563 secs]2024-03-31T19:45:24.887+0800: 776.906: [weak refs processing, 0.0001423 secs]2024-03-31T19:45:24.887+0800: 776.906: [class unloading, 0.0118146 secs]2024-03-31T19:45:24.899+0800: 776.918: [scrub symbol table, 0.0134073 secs]2024-03-31T19:45:24.913+0800: 776.932: [scrub string table, 0.0012435 secs][1 CMS-remark: 63K(64K)] 111325K(118016K), 0.1203725 secs] [Times: user=0.12 sys=0.00, real=0.12 secs] 
2024-03-31T19:45:24.921+0800: 776.939: [CMS-concurrent-sweep-start]
2024-03-31T19:45:24.922+0800: 776.941: [CMS-concurrent-sweep: 0.000/0.000 secs] [Times: user=0.00 sys=0.01, real=0.00 secs] 
2024-03-31T19:45:24.926+0800: 776.945: [CMS-concurrent-reset-start]
2024-03-31T19:45:24.928+0800: 776.947: [CMS-concurrent-reset: 0.000/0.000 secs] [Times: user=0.00 sys=0.00, real=0.00 secs] 
2024-03-31T19:45:26.935+0800: 778.954: [GC (CMS Initial Mark) [1 CMS-initial-mark: 63K(64K)] 111474K(118016K), 0.0764442 secs] [Times: user=0.07 sys=0.00, real=0.08 secs] 
2024-03-31T19:45:27.013+0800: 779.031: [CMS-concurrent-mark-start]
2024-03-31T19:45:27.013+0800: 779.032: [CMS-concurrent-mark: 0.000/0.000 secs] [Times: user=0.00 sys=0.00, real=0.00 secs] 
2024-03-31T19:45:27.014+0800: 779.033: [CMS-concurrent-preclean-start]
2024-03-31T19:45:27.017+0800: 779.035: [CMS-concurrent-preclean: 0.001/0.001 secs] [Times: user=0.01 sys=0.00, real=0.00 secs] 
2024-03-31T19:45:27.018+0800: 779.036: [CMS-concurrent-abortable-preclean-start]
2024-03-31T19:45:27.018+0800: 779.037: [CMS-concurrent-abortable-preclean: 0.000/0.000 secs] [Times: user=0.00 sys=0.00, real=0.00 secs] 
2024-03-31T19:45:27.019+0800: 779.038: [GC (CMS Final Remark) [YG occupancy: 111411 K (117952 K)]2024-03-31T19:45:27.019+0800: 779.038: [Rescan (non-parallel) 2024-03-31T19:45:27.019+0800: 779.038: [grey object rescan, 0.0001403 secs]2024-03-31T19:45:27.020+0800: 779.038: [root rescan, 0.0782356 secs]2024-03-31T19:45:27.098+0800: 779.117: [visit unhandled CLDs, 0.0002164 secs]2024-03-31T19:45:27.099+0800: 779.117: [dirty klass scan, 0.0016081 secs], 0.0810802 secs]2024-03-31T19:45:27.100+0800: 779.119: [weak refs processing, 0.0001672 secs]2024-03-31T19:45:27.101+0800: 779.119: [class unloading, 0.0114653 secs]2024-03-31T19:45:27.112+0800: 779.131: [scrub symbol table, 0.0110410 secs]2024-03-31T19:45:27.124+0800: 779.142: [scrub string table, 0.0005535 secs][1 CMS-remark: 63K(64K)] 111475K(118016K), 0.1078144 secs] [Times: user=0.10 sys=0.00, real=0.10 secs] 
2024-03-31T19:45:27.128+0800: 779.147: [CMS-concurrent-sweep-start]
2024-03-31T19:45:27.129+0800: 779.147: [CMS-concurrent-sweep: 0.000/0.000 secs] [Times: user=0.01 sys=0.00, real=0.00 secs] 
2024-03-31T19:45:27.130+0800: 779.149: [CMS-concurrent-reset-start]
2024-03-31T19:45:27.130+0800: 779.149: [CMS-concurrent-reset: 0.000/0.000 secs] [Times: user=0.00 sys=0.00, real=0.00 secs] 
2024-03-31T19:45:29.135+0800: 781.153: [GC (CMS Initial Mark) [1 CMS-initial-mark: 63K(64K)] 111611K(118016K), 0.0988228 secs] [Times: user=0.10 sys=0.00, real=0.10 secs] 
2024-03-31T19:45:29.236+0800: 781.255: [CMS-concurrent-mark-start]
2024-03-31T19:45:29.237+0800: 781.256: [CMS-concurrent-mark: 0.000/0.000 secs] [Times: user=0.00 sys=0.00, real=0.00 secs] 
2024-03-31T19:45:29.239+0800: 781.258: [CMS-concurrent-preclean-start]
2024-03-31T19:45:29.242+0800: 781.261: [CMS-concurrent-preclean: 0.001/0.001 secs] [Times: user=0.00 sys=0.00, real=0.01 secs] 
2024-03-31T19:45:29.243+0800: 781.262: [CMS-concurrent-abortable-preclean-start]
2024-03-31T19:45:29.244+0800: 781.263: [CMS-concurrent-abortable-preclean: 0.000/0.000 secs] [Times: user=0.01 sys=0.00, real=0.00 secs] 
2024-03-31T19:45:29.246+0800: 781.265: [GC (CMS Final Remark) [YG occupancy: 111551 K (117952 K)]2024-03-31T19:45:29.246+0800: 781.265: [Rescan (non-parallel) 2024-03-31T19:45:29.247+0800: 781.266: [grey object rescan, 0.0001730 secs]2024-03-31T19:45:29.247+0800: 781.266: [root rescan, 0.0880329 secs]2024-03-31T19:45:29.336+0800: 781.354: [visit unhandled CLDs, 0.0004410 secs]2024-03-31T19:45:29.336+0800: 781.355: [dirty klass scan, 0.0016183 secs], 0.0915196 secs]2024-03-31T19:45:29.338+0800: 781.357: [weak refs processing, 0.0003134 secs]2024-03-31T19:45:29.339+0800: 781.358: [class unloading, 0.0124359 secs]2024-03-31T19:45:29.352+0800: 781.371: [scrub symbol table, 0.0202140 secs]2024-03-31T19:45:29.372+0800: 781.391: [scrub string table, 0.0006251 secs][1 CMS-remark: 63K(64K)] 111615K(118016K), 0.1300953 secs] [Times: user=0.12 sys=0.00, real=0.13 secs] 
2024-03-31T19:45:29.378+0800: 781.397: [CMS-concurrent-sweep-start]
2024-03-31T19:45:29.378+0800: 781.397: [CMS-concurrent-sweep: 0.000/0.000 secs] [Times: user=0.01 sys=0.00, real=0.00 secs] 
2024-03-31T19:45:29.381+0800: 781.399: [CMS-concurrent-reset-start]
2024-03-31T19:45:29.382+0800: 781.401: [CMS-concurrent-reset: 0.000/0.000 secs] [Times: user=0.00 sys=0.00, real=0.00 secs] 
2024-03-31T19:45:31.390+0800: 783.408: [GC (CMS Initial Mark) [1 CMS-initial-mark: 63K(64K)] 111827K(118016K), 0.1021850 secs] [Times: user=0.10 sys=0.00, real=0.10 secs] 
2024-03-31T19:45:31.493+0800: 783.512: [CMS-concurrent-mark-start]
2024-03-31T19:45:31.494+0800: 783.512: [CMS-concurrent-mark: 0.000/0.000 secs] [Times: user=0.00 sys=0.00, real=0.00 secs] 
2024-03-31T19:45:31.495+0800: 783.513: [CMS-concurrent-preclean-start]
2024-03-31T19:45:31.497+0800: 783.515: [CMS-concurrent-preclean: 0.001/0.001 secs] [Times: user=0.01 sys=0.00, real=0.00 secs] 
2024-03-31T19:45:31.498+0800: 783.516: [CMS-concurrent-abortable-preclean-start]
2024-03-31T19:45:31.499+0800: 783.517: [CMS-concurrent-abortable-preclean: 0.000/0.000 secs] [Times: user=0.00 sys=0.00, real=0.00 secs] 
2024-03-31T19:45:31.499+0800: 783.518: [GC (CMS Final Remark) [YG occupancy: 111764 K (117952 K)]2024-03-31T19:45:31.500+0800: 783.518: [Rescan (non-parallel) 2024-03-31T19:45:31.500+0800: 783.518: [grey object rescan, 0.0001093 secs]2024-03-31T19:45:31.500+0800: 783.518: [root rescan, 0.0776550 secs]2024-03-31T19:45:31.578+0800: 783.596: [visit unhandled CLDs, 0.0001627 secs]2024-03-31T19:45:31.578+0800: 783.596: [dirty klass scan, 0.0014455 secs], 0.0800823 secs]2024-03-31T19:45:31.580+0800: 783.598: [weak refs processing, 0.0001748 secs]2024-03-31T19:45:31.580+0800: 783.598: [class unloading, 0.0111875 secs]2024-03-31T19:45:31.591+0800: 783.610: [scrub symbol table, 0.0110765 secs]2024-03-31T19:45:31.603+0800: 783.621: [scrub string table, 0.0005430 secs][1 CMS-remark: 63K(64K)] 111828K(118016K), 0.1066866 secs] [Times: user=0.10 sys=0.00, real=0.10 secs] 
2024-03-31T19:45:31.607+0800: 783.625: [CMS-concurrent-sweep-start]
2024-03-31T19:45:31.608+0800: 783.626: [CMS-concurrent-sweep: 0.000/0.000 secs] [Times: user=0.01 sys=0.00, real=0.00 secs] 
2024-03-31T19:45:31.609+0800: 783.627: [CMS-concurrent-reset-start]
2024-03-31T19:45:31.610+0800: 783.628: [CMS-concurrent-reset: 0.000/0.000 secs] [Times: user=0.00 sys=0.00, real=0.01 secs] 
2024-03-31T19:45:33.632+0800: 785.650: [GC (CMS Initial Mark) [1 CMS-initial-mark: 63K(64K)] 111934K(118016K), 0.0997548 secs] [Times: user=0.10 sys=0.00, real=0.10 secs] 
2024-03-31T19:45:33.733+0800: 785.751: [CMS-concurrent-mark-start]
2024-03-31T19:45:33.734+0800: 785.752: [CMS-concurrent-mark: 0.000/0.000 secs] [Times: user=0.00 sys=0.00, real=0.00 secs] 
2024-03-31T19:45:33.735+0800: 785.753: [CMS-concurrent-preclean-start]
2024-03-31T19:45:33.737+0800: 785.756: [CMS-concurrent-preclean: 0.001/0.001 secs] [Times: user=0.00 sys=0.00, real=0.00 secs] 
2024-03-31T19:45:33.738+0800: 785.757: [CMS-concurrent-abortable-preclean-start]
2024-03-31T19:45:33.738+0800: 785.757: [CMS-concurrent-abortable-preclean: 0.000/0.000 secs] [Times: user=0.00 sys=0.00, real=0.00 secs] 
2024-03-31T19:45:33.739+0800: 785.758: [GC (CMS Final Remark) [YG occupancy: 111872 K (117952 K)]2024-03-31T19:45:33.740+0800: 785.758: [Rescan (non-parallel) 2024-03-31T19:45:33.740+0800: 785.758: [grey object rescan, 0.0001036 secs]2024-03-31T19:45:33.740+0800: 785.758: [root rescan, 0.0814775 secs]2024-03-31T19:45:33.822+0800: 785.840: [visit unhandled CLDs, 0.0001913 secs]2024-03-31T19:45:33.822+0800: 785.840: [dirty klass scan, 0.0015690 secs], 0.0840670 secs]2024-03-31T19:45:33.824+0800: 785.842: [weak refs processing, 0.0001941 secs]2024-03-31T19:45:33.824+0800: 785.842: [class unloading, 0.0125902 secs]2024-03-31T19:45:33.837+0800: 785.855: [scrub symbol table, 0.0138383 secs]2024-03-31T19:45:33.851+0800: 785.869: [scrub string table, 0.0007226 secs][1 CMS-remark: 63K(64K)] 111936K(118016K), 0.1151823 secs] [Times: user=0.12 sys=0.00, real=0.11 secs] 
2024-03-31T19:45:33.856+0800: 785.874: [CMS-concurrent-sweep-start]
2024-03-31T19:45:33.856+0800: 785.874: [CMS-concurrent-sweep: 0.000/0.000 secs] [Times: user=0.00 sys=0.00, real=0.00 secs] 
2024-03-31T19:45:33.857+0800: 785.875: [CMS-concurrent-reset-start]
2024-03-31T19:45:33.858+0800: 785.876: [CMS-concurrent-reset: 0.000/0.000 secs] [Times: user=0.00 sys=0.00, real=0.00 secs] 
2024-03-31T19:45:35.863+0800: 787.882: [GC (CMS Initial Mark) [1 CMS-initial-mark: 63K(64K)] 112248K(118016K), 0.1141510 secs] [Times: user=0.12 sys=0.00, real=0.11 secs] 
2024-03-31T19:45:35.979+0800: 787.997: [CMS-concurrent-mark-start]
2024-03-31T19:45:35.982+0800: 788.000: [CMS-concurrent-mark: 0.000/0.000 secs] [Times: user=0.00 sys=0.00, real=0.01 secs] 
2024-03-31T19:45:35.984+0800: 788.002: [CMS-concurrent-preclean-start]
2024-03-31T19:45:35.987+0800: 788.005: [CMS-concurrent-preclean: 0.001/0.001 secs] [Times: user=0.00 sys=0.00, real=0.00 secs] 
2024-03-31T19:45:35.989+0800: 788.007: [CMS-concurrent-abortable-preclean-start]
2024-03-31T19:45:35.989+0800: 788.007: [CMS-concurrent-abortable-preclean: 0.000/0.000 secs] [Times: user=0.00 sys=0.00, real=0.00 secs] 
2024-03-31T19:45:35.990+0800: 788.009: [GC (CMS Final Remark) [YG occupancy: 112187 K (117952 K)]2024-03-31T19:45:35.991+0800: 788.009: [Rescan (non-parallel) 2024-03-31T19:45:35.991+0800: 788.009: [grey object rescan, 0.0001299 secs]2024-03-31T19:45:35.991+0800: 788.009: [root rescan, 0.0900405 secs]2024-03-31T19:45:36.081+0800: 788.100: [visit unhandled CLDs, 0.0002340 secs]2024-03-31T19:45:36.082+0800: 788.100: [dirty klass scan, 0.0015715 secs], 0.0930623 secs]2024-03-31T19:45:36.084+0800: 788.102: [weak refs processing, 0.0004612 secs]2024-03-31T19:45:36.085+0800: 788.103: [class unloading, 0.0124196 secs]2024-03-31T19:45:36.098+0800: 788.116: [scrub symbol table, 0.0131615 secs]2024-03-31T19:45:36.111+0800: 788.130: [scrub string table, 0.0015200 secs][1 CMS-remark: 63K(64K)] 112251K(118016K), 0.1264089 secs] [Times: user=0.13 sys=0.00, real=0.12 secs] 
2024-03-31T19:45:36.120+0800: 788.138: [CMS-concurrent-sweep-start]
2024-03-31T19:45:36.121+0800: 788.140: [CMS-concurrent-sweep: 0.000/0.000 secs] [Times: user=0.00 sys=0.00, real=0.00 secs] 
2024-03-31T19:45:36.124+0800: 788.142: [CMS-concurrent-reset-start]
2024-03-31T19:45:36.126+0800: 788.145: [CMS-concurrent-reset: 0.000/0.000 secs] [Times: user=0.00 sys=0.01, real=0.00 secs] 
2024-03-31T19:45:38.131+0800: 790.150: [GC (CMS Initial Mark) [1 CMS-initial-mark: 63K(64K)] 112446K(118016K), 0.1092808 secs] [Times: user=0.11 sys=0.01, real=0.11 secs] 
2024-03-31T19:45:38.241+0800: 790.260: [CMS-concurrent-mark-start]
2024-03-31T19:45:38.242+0800: 790.260: [CMS-concurrent-mark: 0.000/0.000 secs] [Times: user=0.00 sys=0.00, real=0.00 secs] 
2024-03-31T19:45:38.243+0800: 790.261: [CMS-concurrent-preclean-start]
2024-03-31T19:45:38.245+0800: 790.263: [CMS-concurrent-preclean: 0.001/0.001 secs] [Times: user=0.00 sys=0.00, real=0.00 secs] 
2024-03-31T19:45:38.247+0800: 790.265: [CMS-concurrent-abortable-preclean-start]
2024-03-31T19:45:38.247+0800: 790.265: [CMS-concurrent-abortable-preclean: 0.000/0.000 secs] [Times: user=0.01 sys=0.00, real=0.00 secs] 
2024-03-31T19:45:38.248+0800: 790.266: [GC (CMS Final Remark) [YG occupancy: 112384 K (117952 K)]2024-03-31T19:45:38.248+0800: 790.266: [Rescan (non-parallel) 2024-03-31T19:45:38.248+0800: 790.267: [grey object rescan, 0.0001164 secs]2024-03-31T19:45:38.249+0800: 790.267: [root rescan, 0.0772628 secs]2024-03-31T19:45:38.326+0800: 790.344: [visit unhandled CLDs, 0.0001603 secs]2024-03-31T19:45:38.326+0800: 790.345: [dirty klass scan, 0.0014166 secs], 0.0796316 secs]2024-03-31T19:45:38.328+0800: 790.346: [weak refs processing, 0.0001565 secs]2024-03-31T19:45:38.328+0800: 790.346: [class unloading, 0.0112518 secs]2024-03-31T19:45:38.340+0800: 790.358: [scrub symbol table, 0.0098773 secs]2024-03-31T19:45:38.350+0800: 790.368: [scrub string table, 0.0006822 secs][1 CMS-remark: 63K(64K)] 112448K(118016K), 0.1051337 secs] [Times: user=0.10 sys=0.00, real=0.11 secs] 
2024-03-31T19:45:38.354+0800: 790.372: [CMS-concurrent-sweep-start]
2024-03-31T19:45:38.355+0800: 790.373: [CMS-concurrent-sweep: 0.000/0.000 secs] [Times: user=0.00 sys=0.00, real=0.00 secs] 
2024-03-31T19:45:38.357+0800: 790.375: [CMS-concurrent-reset-start]
2024-03-31T19:45:38.357+0800: 790.376: [CMS-concurrent-reset: 0.000/0.000 secs] [Times: user=0.00 sys=0.00, real=0.00 secs] 
2024-03-31T19:45:40.364+0800: 792.382: [GC (CMS Initial Mark) [1 CMS-initial-mark: 63K(64K)] 112590K(118016K), 0.1112917 secs] [Times: user=0.11 sys=0.00, real=0.11 secs] 
2024-03-31T19:45:40.476+0800: 792.494: [CMS-concurrent-mark-start]
2024-03-31T19:45:40.477+0800: 792.495: [CMS-concurrent-mark: 0.000/0.000 secs] [Times: user=0.00 sys=0.00, real=0.00 secs] 
2024-03-31T19:45:40.477+0800: 792.496: [CMS-concurrent-preclean-start]
2024-03-31T19:45:40.479+0800: 792.498: [CMS-concurrent-preclean: 0.001/0.001 secs] [Times: user=0.00 sys=0.00, real=0.01 secs] 
2024-03-31T19:45:40.480+0800: 792.498: [CMS-concurrent-abortable-preclean-start]
2024-03-31T19:45:40.481+0800: 792.499: [CMS-concurrent-abortable-preclean: 0.000/0.000 secs] [Times: user=0.00 sys=0.00, real=0.00 secs] 
2024-03-31T19:45:40.482+0800: 792.500: [GC (CMS Final Remark) [YG occupancy: 112528 K (117952 K)]2024-03-31T19:45:40.482+0800: 792.500: [Rescan (non-parallel) 2024-03-31T19:45:40.482+0800: 792.500: [grey object rescan, 0.0001068 secs]2024-03-31T19:45:40.482+0800: 792.501: [root rescan, 0.0792192 secs]2024-03-31T19:45:40.562+0800: 792.580: [visit unhandled CLDs, 0.0002353 secs]2024-03-31T19:45:40.562+0800: 792.580: [dirty klass scan, 0.0015000 secs], 0.0817842 secs]2024-03-31T19:45:40.564+0800: 792.582: [weak refs processing, 0.0001535 secs]2024-03-31T19:45:40.564+0800: 792.582: [class unloading, 0.0119026 secs]2024-03-31T19:45:40.576+0800: 792.595: [scrub symbol table, 0.0118312 secs]2024-03-31T19:45:40.588+0800: 792.607: [scrub string table, 0.0006022 secs][1 CMS-remark: 63K(64K)] 112592K(118016K), 0.1098453 secs] [Times: user=0.11 sys=0.00, real=0.11 secs] 
2024-03-31T19:45:40.593+0800: 792.611: [CMS-concurrent-sweep-start]
2024-03-31T19:45:40.594+0800: 792.612: [CMS-concurrent-sweep: 0.000/0.000 secs] [Times: user=0.00 sys=0.00, real=0.00 secs] 
2024-03-31T19:45:40.595+0800: 792.614: [CMS-concurrent-reset-start]
2024-03-31T19:45:40.596+0800: 792.614: [CMS-concurrent-reset: 0.000/0.000 secs] [Times: user=0.00 sys=0.00, real=0.00 secs] 
2024-03-31T19:45:42.602+0800: 794.621: [GC (CMS Initial Mark) [1 CMS-initial-mark: 63K(64K)] 112756K(118016K), 0.1019169 secs] [Times: user=0.10 sys=0.00, real=0.10 secs] 
2024-03-31T19:45:42.705+0800: 794.724: [CMS-concurrent-mark-start]
2024-03-31T19:45:42.706+0800: 794.725: [CMS-concurrent-mark: 0.000/0.000 secs] [Times: user=0.00 sys=0.00, real=0.00 secs] 
2024-03-31T19:45:42.707+0800: 794.726: [CMS-concurrent-preclean-start]
2024-03-31T19:45:42.709+0800: 794.728: [CMS-concurrent-preclean: 0.001/0.001 secs] [Times: user=0.01 sys=0.00, real=0.01 secs] 
2024-03-31T19:45:42.710+0800: 794.728: [CMS-concurrent-abortable-preclean-start]
2024-03-31T19:45:42.710+0800: 794.729: [CMS-concurrent-abortable-preclean: 0.000/0.000 secs] [Times: user=0.00 sys=0.00, real=0.00 secs] 
2024-03-31T19:45:42.711+0800: 794.729: [GC (CMS Final Remark) [YG occupancy: 112694 K (117952 K)]2024-03-31T19:45:42.711+0800: 794.730: [Rescan (non-parallel) 2024-03-31T19:45:42.711+0800: 794.730: [grey object rescan, 0.0000985 secs]2024-03-31T19:45:42.712+0800: 794.730: [root rescan, 0.0769202 secs]2024-03-31T19:45:42.789+0800: 794.807: [visit unhandled CLDs, 0.0001347 secs]2024-03-31T19:45:42.789+0800: 794.807: [dirty klass scan, 0.0013519 secs], 0.0791126 secs]2024-03-31T19:45:42.791+0800: 794.809: [weak refs processing, 0.0001358 secs]2024-03-31T19:45:42.791+0800: 794.809: [class unloading, 0.0109626 secs]2024-03-31T19:45:42.802+0800: 794.820: [scrub symbol table, 0.0099079 secs]2024-03-31T19:45:42.812+0800: 794.830: [scrub string table, 0.0007349 secs][1 CMS-remark: 63K(64K)] 112758K(118016K), 0.1046498 secs] [Times: user=0.10 sys=0.00, real=0.10 secs] 
2024-03-31T19:45:42.817+0800: 794.835: [CMS-concurrent-sweep-start]
2024-03-31T19:45:42.818+0800: 794.836: [CMS-concurrent-sweep: 0.000/0.000 secs] [Times: user=0.00 sys=0.00, real=0.00 secs] 
2024-03-31T19:45:42.819+0800: 794.838: [CMS-concurrent-reset-start]
2024-03-31T19:45:42.822+0800: 794.840: [CMS-concurrent-reset: 0.000/0.000 secs] [Times: user=0.00 sys=0.00, real=0.01 secs] 
2024-03-31T19:45:44.824+0800: 796.842: [GC (CMS Initial Mark) [1 CMS-initial-mark: 63K(64K)] 113168K(118016K), 0.0975005 secs] [Times: user=0.10 sys=0.00, real=0.10 secs] 
2024-03-31T19:45:44.923+0800: 796.941: [CMS-concurrent-mark-start]
2024-03-31T19:45:44.924+0800: 796.942: [CMS-concurrent-mark: 0.001/0.001 secs] [Times: user=0.00 sys=0.00, real=0.00 secs] 
2024-03-31T19:45:44.925+0800: 796.944: [CMS-concurrent-preclean-start]
2024-03-31T19:45:44.928+0800: 796.946: [CMS-concurrent-preclean: 0.002/0.002 secs] [Times: user=0.00 sys=0.00, real=0.00 secs] 
2024-03-31T19:45:44.928+0800: 796.946: [CMS-concurrent-abortable-preclean-start]
2024-03-31T19:45:44.928+0800: 796.946: [CMS-concurrent-abortable-preclean: 0.000/0.000 secs] [Times: user=0.00 sys=0.00, real=0.00 secs] 
2024-03-31T19:45:44.929+0800: 796.947: [GC (CMS Final Remark) [YG occupancy: 113106 K (117952 K)]2024-03-31T19:45:44.929+0800: 796.947: [Rescan (non-parallel) 2024-03-31T19:45:44.929+0800: 796.947: [grey object rescan, 0.0001231 secs]2024-03-31T19:45:44.929+0800: 796.948: [root rescan, 0.0813400 secs]2024-03-31T19:45:45.011+0800: 797.029: [visit unhandled CLDs, 0.0003389 secs]2024-03-31T19:45:45.011+0800: 797.030: [dirty klass scan, 0.0018245 secs], 0.0843885 secs]2024-03-31T19:45:45.014+0800: 797.032: [weak refs processing, 0.0002010 secs]2024-03-31T19:45:45.014+0800: 797.032: [class unloading, 0.0184963 secs]2024-03-31T19:45:45.033+0800: 797.051: [scrub symbol table, 0.0166954 secs]2024-03-31T19:45:45.050+0800: 797.068: [scrub string table, 0.0009295 secs][1 CMS-remark: 63K(64K)] 113169K(118016K), 0.1251224 secs] [Times: user=0.12 sys=0.00, real=0.13 secs] 
2024-03-31T19:45:45.055+0800: 797.073: [CMS-concurrent-sweep-start]
2024-03-31T19:45:45.056+0800: 797.074: [CMS-concurrent-sweep: 0.000/0.000 secs] [Times: user=0.01 sys=0.00, real=0.00 secs] 
2024-03-31T19:45:45.058+0800: 797.076: [CMS-concurrent-reset-start]
2024-03-31T19:45:45.060+0800: 797.078: [CMS-concurrent-reset: 0.000/0.000 secs] [Times: user=0.00 sys=0.00, real=0.01 secs] 
2024-03-31T19:45:47.071+0800: 799.089: [GC (CMS Initial Mark) [1 CMS-initial-mark: 63K(64K)] 113265K(118016K), 0.1164837 secs] [Times: user=0.11 sys=0.00, real=0.11 secs] 
2024-03-31T19:45:47.188+0800: 799.206: [CMS-concurrent-mark-start]
2024-03-31T19:45:47.188+0800: 799.207: [CMS-concurrent-mark: 0.000/0.000 secs] [Times: user=0.01 sys=0.00, real=0.00 secs] 
2024-03-31T19:45:47.189+0800: 799.207: [CMS-concurrent-preclean-start]
2024-03-31T19:45:47.191+0800: 799.209: [CMS-concurrent-preclean: 0.001/0.001 secs] [Times: user=0.00 sys=0.00, real=0.01 secs] 
2024-03-31T19:45:47.192+0800: 799.210: [CMS-concurrent-abortable-preclean-start]
2024-03-31T19:45:47.192+0800: 799.210: [CMS-concurrent-abortable-preclean: 0.000/0.000 secs] [Times: user=0.00 sys=0.00, real=0.00 secs] 
2024-03-31T19:45:47.192+0800: 799.211: [GC (CMS Final Remark) [YG occupancy: 113202 K (117952 K)]2024-03-31T19:45:47.193+0800: 799.211: [Rescan (non-parallel) 2024-03-31T19:45:47.193+0800: 799.211: [grey object rescan, 0.0001515 secs]2024-03-31T19:45:47.193+0800: 799.212: [root rescan, 0.0797785 secs]2024-03-31T19:45:47.273+0800: 799.292: [visit unhandled CLDs, 0.0001853 secs]2024-03-31T19:45:47.274+0800: 799.292: [dirty klass scan, 0.0015439 secs], 0.0826693 secs]2024-03-31T19:45:47.275+0800: 799.294: [weak refs processing, 0.0001835 secs]2024-03-31T19:45:47.276+0800: 799.294: [class unloading, 0.0123247 secs]2024-03-31T19:45:47.288+0800: 799.307: [scrub symbol table, 0.0111529 secs]2024-03-31T19:45:47.300+0800: 799.318: [scrub string table, 0.0005779 secs][1 CMS-remark: 63K(64K)] 113266K(118016K), 0.1102410 secs] [Times: user=0.11 sys=0.00, real=0.11 secs] 
2024-03-31T19:45:47.304+0800: 799.322: [CMS-concurrent-sweep-start]
2024-03-31T19:45:47.304+0800: 799.322: [CMS-concurrent-sweep: 0.000/0.000 secs] [Times: user=0.00 sys=0.00, real=0.00 secs] 
2024-03-31T19:45:47.306+0800: 799.324: [CMS-concurrent-reset-start]
2024-03-31T19:45:47.307+0800: 799.325: [CMS-concurrent-reset: 0.000/0.000 secs] [Times: user=0.00 sys=0.00, real=0.00 secs] 
2024-03-31T19:45:49.316+0800: 801.334: [GC (CMS Initial Mark) [1 CMS-initial-mark: 63K(64K)] 113350K(118016K), 0.1190323 secs] [Times: user=0.12 sys=0.00, real=0.12 secs] 
2024-03-31T19:45:49.436+0800: 801.454: [CMS-concurrent-mark-start]
2024-03-31T19:45:49.437+0800: 801.455: [CMS-concurrent-mark: 0.000/0.000 secs] [Times: user=0.00 sys=0.00, real=0.00 secs] 
2024-03-31T19:45:49.438+0800: 801.457: [CMS-concurrent-preclean-start]
2024-03-31T19:45:49.442+0800: 801.460: [CMS-concurrent-preclean: 0.002/0.002 secs] [Times: user=0.00 sys=0.00, real=0.01 secs] 
2024-03-31T19:45:49.444+0800: 801.463: [CMS-concurrent-abortable-preclean-start]
2024-03-31T19:45:49.446+0800: 801.465: [CMS-concurrent-abortable-preclean: 0.000/0.000 secs] [Times: user=0.01 sys=0.00, real=0.00 secs] 
2024-03-31T19:45:49.449+0800: 801.467: [GC (CMS Final Remark) [YG occupancy: 113291 K (117952 K)]2024-03-31T19:45:49.449+0800: 801.468: [Rescan (non-parallel) 2024-03-31T19:45:49.450+0800: 801.468: [grey object rescan, 0.0001585 secs]2024-03-31T19:45:49.450+0800: 801.468: [root rescan, 0.0814008 secs]2024-03-31T19:45:49.532+0800: 801.550: [visit unhandled CLDs, 0.0001733 secs]2024-03-31T19:45:49.532+0800: 801.550: [dirty klass scan, 0.0014946 secs], 0.0840668 secs]2024-03-31T19:45:49.533+0800: 801.552: [weak refs processing, 0.0001527 secs]2024-03-31T19:45:49.534+0800: 801.552: [class unloading, 0.0153996 secs]2024-03-31T19:45:49.549+0800: 801.568: [scrub symbol table, 0.0109946 secs]2024-03-31T19:45:49.561+0800: 801.579: [scrub string table, 0.0005076 secs][1 CMS-remark: 63K(64K)] 113354K(118016K), 0.1150370 secs] [Times: user=0.11 sys=0.00, real=0.12 secs] 
2024-03-31T19:45:49.565+0800: 801.583: [CMS-concurrent-sweep-start]
2024-03-31T19:45:49.566+0800: 801.584: [CMS-concurrent-sweep: 0.000/0.000 secs] [Times: user=0.01 sys=0.00, real=0.00 secs] 
2024-03-31T19:45:49.568+0800: 801.586: [CMS-concurrent-reset-start]
2024-03-31T19:45:49.569+0800: 801.587: [CMS-concurrent-reset: 0.000/0.000 secs] [Times: user=0.00 sys=0.00, real=0.00 secs] 
2024-03-31T19:45:51.576+0800: 803.594: [GC (CMS Initial Mark) [1 CMS-initial-mark: 63K(64K)] 113901K(118016K), 0.1043838 secs] [Times: user=0.10 sys=0.00, real=0.11 secs] 
2024-03-31T19:45:51.682+0800: 803.700: [CMS-concurrent-mark-start]
2024-03-31T19:45:51.683+0800: 803.701: [CMS-concurrent-mark: 0.000/0.000 secs] [Times: user=0.00 sys=0.00, real=0.00 secs] 
2024-03-31T19:45:51.684+0800: 803.702: [CMS-concurrent-preclean-start]
2024-03-31T19:45:51.686+0800: 803.705: [CMS-concurrent-preclean: 0.001/0.001 secs] [Times: user=0.00 sys=0.00, real=0.00 secs] 
2024-03-31T19:45:51.688+0800: 803.706: [CMS-concurrent-abortable-preclean-start]
2024-03-31T19:45:51.689+0800: 803.707: [CMS-concurrent-abortable-preclean: 0.000/0.000 secs] [Times: user=0.00 sys=0.00, real=0.00 secs] 
2024-03-31T19:45:51.690+0800: 803.708: [GC (CMS Final Remark) [YG occupancy: 113838 K (117952 K)]2024-03-31T19:45:51.690+0800: 803.708: [Rescan (non-parallel) 2024-03-31T19:45:51.690+0800: 803.709: [grey object rescan, 0.0001260 secs]2024-03-31T19:45:51.691+0800: 803.709: [root rescan, 0.0825280 secs]2024-03-31T19:45:51.773+0800: 803.792: [visit unhandled CLDs, 0.0002215 secs]2024-03-31T19:45:51.774+0800: 803.792: [dirty klass scan, 0.0016157 secs], 0.0853558 secs]2024-03-31T19:45:51.776+0800: 803.794: [weak refs processing, 0.0002280 secs]2024-03-31T19:45:51.776+0800: 803.794: [class unloading, 0.0142245 secs]2024-03-31T19:45:51.791+0800: 803.809: [scrub symbol table, 0.0142813 secs]2024-03-31T19:45:51.805+0800: 803.823: [scrub string table, 0.0006065 secs][1 CMS-remark: 63K(64K)] 113902K(118016K), 0.1184276 secs] [Times: user=0.12 sys=0.00, real=0.11 secs] 
2024-03-31T19:45:51.810+0800: 803.828: [CMS-concurrent-sweep-start]
2024-03-31T19:45:51.810+0800: 803.829: [CMS-concurrent-sweep: 0.000/0.000 secs] [Times: user=0.00 sys=0.00, real=0.01 secs] 
2024-03-31T19:45:51.812+0800: 803.830: [CMS-concurrent-reset-start]
2024-03-31T19:45:51.813+0800: 803.831: [CMS-concurrent-reset: 0.000/0.000 secs] [Times: user=0.00 sys=0.00, real=0.00 secs] 
2024-03-31T19:45:53.818+0800: 805.836: [GC (CMS Initial Mark) [1 CMS-initial-mark: 63K(64K)] 114014K(118016K), 0.1059444 secs] [Times: user=0.11 sys=0.00, real=0.11 secs] 
2024-03-31T19:45:53.924+0800: 805.942: [CMS-concurrent-mark-start]
2024-03-31T19:45:53.925+0800: 805.943: [CMS-concurrent-mark: 0.000/0.000 secs] [Times: user=0.00 sys=0.01, real=0.00 secs] 
2024-03-31T19:45:53.926+0800: 805.944: [CMS-concurrent-preclean-start]
2024-03-31T19:45:53.928+0800: 805.946: [CMS-concurrent-preclean: 0.001/0.001 secs] [Times: user=0.01 sys=0.00, real=0.00 secs] 
2024-03-31T19:45:53.928+0800: 805.947: [CMS-concurrent-abortable-preclean-start]
2024-03-31T19:45:53.929+0800: 805.947: [CMS-concurrent-abortable-preclean: 0.000/0.000 secs] [Times: user=0.00 sys=0.00, real=0.00 secs] 
2024-03-31T19:45:53.930+0800: 805.948: [GC (CMS Final Remark) [YG occupancy: 113956 K (117952 K)]2024-03-31T19:45:53.930+0800: 805.948: [Rescan (non-parallel) 2024-03-31T19:45:53.930+0800: 805.949: [grey object rescan, 0.0001055 secs]2024-03-31T19:45:53.931+0800: 805.949: [root rescan, 0.0801265 secs]2024-03-31T19:45:54.011+0800: 806.029: [visit unhandled CLDs, 0.0001519 secs]2024-03-31T19:45:54.011+0800: 806.029: [dirty klass scan, 0.0015459 secs], 0.0825700 secs]2024-03-31T19:45:54.013+0800: 806.031: [weak refs processing, 0.0001358 secs]2024-03-31T19:45:54.013+0800: 806.031: [class unloading, 0.0115101 secs]2024-03-31T19:45:54.025+0800: 806.043: [scrub symbol table, 0.0115348 secs]2024-03-31T19:45:54.037+0800: 806.055: [scrub string table, 0.0005542 secs][1 CMS-remark: 63K(64K)] 114020K(118016K), 0.1097841 secs] [Times: user=0.11 sys=0.00, real=0.11 secs] 
2024-03-31T19:45:54.041+0800: 806.059: [CMS-concurrent-sweep-start]
2024-03-31T19:45:54.041+0800: 806.060: [CMS-concurrent-sweep: 0.000/0.000 secs] [Times: user=0.00 sys=0.00, real=0.00 secs] 
2024-03-31T19:45:54.043+0800: 806.061: [CMS-concurrent-reset-start]
2024-03-31T19:45:54.044+0800: 806.062: [CMS-concurrent-reset: 0.000/0.000 secs] [Times: user=0.00 sys=0.00, real=0.00 secs] 
2024-03-31T19:45:56.052+0800: 808.070: [GC (CMS Initial Mark) [1 CMS-initial-mark: 63K(64K)] 114170K(118016K), 0.1177728 secs] [Times: user=0.12 sys=0.01, real=0.12 secs] 
2024-03-31T19:45:56.170+0800: 808.188: [CMS-concurrent-mark-start]
2024-03-31T19:45:56.170+0800: 808.189: [CMS-concurrent-mark: 0.000/0.000 secs] [Times: user=0.00 sys=0.00, real=0.00 secs] 
2024-03-31T19:45:56.171+0800: 808.190: [CMS-concurrent-preclean-start]
2024-03-31T19:45:56.174+0800: 808.192: [CMS-concurrent-preclean: 0.001/0.001 secs] [Times: user=0.00 sys=0.00, real=0.00 secs] 
2024-03-31T19:45:56.175+0800: 808.193: [CMS-concurrent-abortable-preclean-start]
2024-03-31T19:45:56.175+0800: 808.193: [CMS-concurrent-abortable-preclean: 0.000/0.000 secs] [Times: user=0.00 sys=0.00, real=0.00 secs] 
2024-03-31T19:45:56.176+0800: 808.194: [GC (CMS Final Remark) [YG occupancy: 114109 K (117952 K)]2024-03-31T19:45:56.176+0800: 808.194: [Rescan (non-parallel) 2024-03-31T19:45:56.176+0800: 808.194: [grey object rescan, 0.0001278 secs]2024-03-31T19:45:56.176+0800: 808.195: [root rescan, 0.0882110 secs]2024-03-31T19:45:56.265+0800: 808.283: [visit unhandled CLDs, 0.0001420 secs]2024-03-31T19:45:56.265+0800: 808.283: [dirty klass scan, 0.0016340 secs], 0.0907252 secs]2024-03-31T19:45:56.267+0800: 808.285: [weak refs processing, 0.0001486 secs]2024-03-31T19:45:56.267+0800: 808.285: [class unloading, 0.0134839 secs]2024-03-31T19:45:56.281+0800: 808.299: [scrub symbol table, 0.0123462 secs]2024-03-31T19:45:56.293+0800: 808.312: [scrub string table, 0.0005065 secs][1 CMS-remark: 63K(64K)] 114173K(118016K), 0.1206235 secs] [Times: user=0.12 sys=0.00, real=0.12 secs] 
2024-03-31T19:45:56.297+0800: 808.315: [CMS-concurrent-sweep-start]
2024-03-31T19:45:56.298+0800: 808.316: [CMS-concurrent-sweep: 0.000/0.000 secs] [Times: user=0.00 sys=0.00, real=0.00 secs] 
2024-03-31T19:45:56.299+0800: 808.317: [CMS-concurrent-reset-start]
2024-03-31T19:45:56.299+0800: 808.318: [CMS-concurrent-reset: 0.000/0.000 secs] [Times: user=0.01 sys=0.00, real=0.01 secs] 
2024-03-31T19:45:58.303+0800: 810.321: [GC (CMS Initial Mark) [1 CMS-initial-mark: 63K(64K)] 114316K(118016K), 0.1021525 secs] [Times: user=0.10 sys=0.00, real=0.10 secs] 
2024-03-31T19:45:58.406+0800: 810.424: [CMS-concurrent-mark-start]
2024-03-31T19:45:58.407+0800: 810.425: [CMS-concurrent-mark: 0.000/0.000 secs] [Times: user=0.00 sys=0.00, real=0.00 secs] 
2024-03-31T19:45:58.408+0800: 810.426: [CMS-concurrent-preclean-start]
2024-03-31T19:45:58.409+0800: 810.427: [CMS-concurrent-preclean: 0.001/0.001 secs] [Times: user=0.01 sys=0.00, real=0.00 secs] 
2024-03-31T19:45:58.409+0800: 810.428: [CMS-concurrent-abortable-preclean-start]
2024-03-31T19:45:58.409+0800: 810.428: [CMS-concurrent-abortable-preclean: 0.000/0.000 secs] [Times: user=0.00 sys=0.00, real=0.00 secs] 
2024-03-31T19:45:58.410+0800: 810.428: [GC (CMS Final Remark) [YG occupancy: 114253 K (117952 K)]2024-03-31T19:45:58.410+0800: 810.428: [Rescan (non-parallel) 2024-03-31T19:45:58.410+0800: 810.428: [grey object rescan, 0.0000832 secs]2024-03-31T19:45:58.410+0800: 810.429: [root rescan, 0.0784875 secs]2024-03-31T19:45:58.489+0800: 810.507: [visit unhandled CLDs, 0.0001335 secs]2024-03-31T19:45:58.489+0800: 810.508: [dirty klass scan, 0.0013855 secs], 0.0805931 secs]2024-03-31T19:45:58.491+0800: 810.509: [weak refs processing, 0.0001206 secs]2024-03-31T19:45:58.491+0800: 810.509: [class unloading, 0.0129909 secs]2024-03-31T19:45:58.504+0800: 810.522: [scrub symbol table, 0.0103940 secs]2024-03-31T19:45:58.515+0800: 810.533: [scrub string table, 0.0004538 secs][1 CMS-remark: 63K(64K)] 114317K(118016K), 0.1076169 secs] [Times: user=0.11 sys=0.00, real=0.10 secs] 
2024-03-31T19:45:58.518+0800: 810.537: [CMS-concurrent-sweep-start]
2024-03-31T19:45:58.519+0800: 810.537: [CMS-concurrent-sweep: 0.000/0.000 secs] [Times: user=0.00 sys=0.00, real=0.00 secs] 
2024-03-31T19:45:58.520+0800: 810.539: [CMS-concurrent-reset-start]
2024-03-31T19:45:58.521+0800: 810.539: [CMS-concurrent-reset: 0.000/0.000 secs] [Times: user=0.00 sys=0.00, real=0.00 secs] 
2024-03-31T19:46:00.531+0800: 812.548: [GC (CMS Initial Mark) [1 CMS-initial-mark: 63K(64K)] 114511K(118016K), 0.1202491 secs] [Times: user=0.12 sys=0.00, real=0.13 secs] 
2024-03-31T19:46:00.652+0800: 812.669: [CMS-concurrent-mark-start]
2024-03-31T19:46:00.653+0800: 812.669: [CMS-concurrent-mark: 0.000/0.000 secs] [Times: user=0.00 sys=0.00, real=0.00 secs] 
2024-03-31T19:46:00.653+0800: 812.670: [CMS-concurrent-preclean-start]
2024-03-31T19:46:00.656+0800: 812.672: [CMS-concurrent-preclean: 0.001/0.001 secs] [Times: user=0.00 sys=0.00, real=0.00 secs] 
2024-03-31T19:46:00.657+0800: 812.673: [CMS-concurrent-abortable-preclean-start]
2024-03-31T19:46:00.657+0800: 812.674: [CMS-concurrent-abortable-preclean: 0.000/0.000 secs] [Times: user=0.00 sys=0.00, real=0.00 secs] 
2024-03-31T19:46:00.658+0800: 812.675: [GC (CMS Final Remark) [YG occupancy: 114448 K (117952 K)]2024-03-31T19:46:00.658+0800: 812.675: [Rescan (non-parallel) 2024-03-31T19:46:00.658+0800: 812.675: [grey object rescan, 0.0001048 secs]2024-03-31T19:46:00.659+0800: 812.675: [root rescan, 0.0794087 secs]2024-03-31T19:46:00.738+0800: 812.755: [visit unhandled CLDs, 0.0001571 secs]2024-03-31T19:46:00.738+0800: 812.755: [dirty klass scan, 0.0015190 secs], 0.0818586 secs]2024-03-31T19:46:00.740+0800: 812.757: [weak refs processing, 0.0001413 secs]2024-03-31T19:46:00.740+0800: 812.757: [class unloading, 0.0109352 secs]2024-03-31T19:46:00.752+0800: 812.768: [scrub symbol table, 0.0097589 secs]2024-03-31T19:46:00.761+0800: 812.778: [scrub string table, 0.0005589 secs][1 CMS-remark: 63K(64K)] 114512K(118016K), 0.1066187 secs] [Times: user=0.11 sys=0.00, real=0.11 secs] 
2024-03-31T19:46:00.766+0800: 812.782: [CMS-concurrent-sweep-start]
2024-03-31T19:46:00.766+0800: 812.783: [CMS-concurrent-sweep: 0.000/0.000 secs] [Times: user=0.00 sys=0.00, real=0.00 secs] 
2024-03-31T19:46:00.768+0800: 812.785: [CMS-concurrent-reset-start]
2024-03-31T19:46:00.769+0800: 812.785: [CMS-concurrent-reset: 0.000/0.000 secs] [Times: user=0.00 sys=0.00, real=0.00 secs] 
2024-03-31T19:46:02.776+0800: 814.792: [GC (CMS Initial Mark) [1 CMS-initial-mark: 63K(64K)] 114587K(118016K), 0.1014178 secs] [Times: user=0.10 sys=0.00, real=0.10 secs] 
2024-03-31T19:46:02.877+0800: 814.894: [CMS-concurrent-mark-start]
2024-03-31T19:46:02.878+0800: 814.894: [CMS-concurrent-mark: 0.000/0.000 secs] [Times: user=0.00 sys=0.00, real=0.00 secs] 
2024-03-31T19:46:02.879+0800: 814.895: [CMS-concurrent-preclean-start]
2024-03-31T19:46:02.881+0800: 814.897: [CMS-concurrent-preclean: 0.001/0.001 secs] [Times: user=0.01 sys=0.00, real=0.00 secs] 
2024-03-31T19:46:02.882+0800: 814.898: [CMS-concurrent-abortable-preclean-start]
2024-03-31T19:46:02.882+0800: 814.899: [CMS-concurrent-abortable-preclean: 0.000/0.000 secs] [Times: user=0.00 sys=0.00, real=0.00 secs] 
2024-03-31T19:46:02.884+0800: 814.900: [GC (CMS Final Remark) [YG occupancy: 114524 K (117952 K)]2024-03-31T19:46:02.884+0800: 814.901: [Rescan (non-parallel) 2024-03-31T19:46:02.884+0800: 814.901: [grey object rescan, 0.0001019 secs]2024-03-31T19:46:02.884+0800: 814.901: [root rescan, 0.0779844 secs]2024-03-31T19:46:02.962+0800: 814.979: [visit unhandled CLDs, 0.0001823 secs]2024-03-31T19:46:02.963+0800: 814.979: [dirty klass scan, 0.0013856 secs], 0.0802784 secs]2024-03-31T19:46:02.964+0800: 814.981: [weak refs processing, 0.0001326 secs]2024-03-31T19:46:02.964+0800: 814.981: [class unloading, 0.0107879 secs]2024-03-31T19:46:02.975+0800: 814.992: [scrub symbol table, 0.0097215 secs]2024-03-31T19:46:02.985+0800: 815.002: [scrub string table, 0.0005163 secs][1 CMS-remark: 63K(64K)] 114588K(118016K), 0.1046781 secs] [Times: user=0.10 sys=0.00, real=0.10 secs] 
2024-03-31T19:46:02.990+0800: 815.006: [CMS-concurrent-sweep-start]
2024-03-31T19:46:02.990+0800: 815.007: [CMS-concurrent-sweep: 0.000/0.000 secs] [Times: user=0.01 sys=0.00, real=0.00 secs] 
2024-03-31T19:46:02.992+0800: 815.009: [CMS-concurrent-reset-start]
2024-03-31T19:46:02.993+0800: 815.009: [CMS-concurrent-reset: 0.000/0.000 secs] [Times: user=0.00 sys=0.00, real=0.00 secs] 
2024-03-31T19:46:05.004+0800: 817.021: [GC (CMS Initial Mark) [1 CMS-initial-mark: 63K(64K)] 114732K(118016K), 0.1201030 secs] [Times: user=0.12 sys=0.01, real=0.12 secs] 
2024-03-31T19:46:05.125+0800: 817.141: [CMS-concurrent-mark-start]
2024-03-31T19:46:05.125+0800: 817.142: [CMS-concurrent-mark: 0.000/0.000 secs] [Times: user=0.00 sys=0.00, real=0.00 secs] 
2024-03-31T19:46:05.127+0800: 817.143: [CMS-concurrent-preclean-start]
2024-03-31T19:46:05.129+0800: 817.146: [CMS-concurrent-preclean: 0.001/0.001 secs] [Times: user=0.00 sys=0.00, real=0.00 secs] 
2024-03-31T19:46:05.130+0800: 817.147: [CMS-concurrent-abortable-preclean-start]
2024-03-31T19:46:05.132+0800: 817.148: [CMS-concurrent-abortable-preclean: 0.000/0.000 secs] [Times: user=0.00 sys=0.00, real=0.01 secs] 
2024-03-31T19:46:05.133+0800: 817.149: [GC (CMS Final Remark) [YG occupancy: 114688 K (117952 K)]2024-03-31T19:46:05.133+0800: 817.150: [Rescan (non-parallel) 2024-03-31T19:46:05.133+0800: 817.150: [grey object rescan, 0.0001027 secs]2024-03-31T19:46:05.133+0800: 817.150: [root rescan, 0.0792430 secs]2024-03-31T19:46:05.213+0800: 817.229: [visit unhandled CLDs, 0.0001432 secs]2024-03-31T19:46:05.213+0800: 817.230: [dirty klass scan, 0.0013660 secs], 0.0815233 secs]2024-03-31T19:46:05.215+0800: 817.231: [weak refs processing, 0.0001509 secs]2024-03-31T19:46:05.215+0800: 817.232: [class unloading, 0.0107501 secs]2024-03-31T19:46:05.226+0800: 817.243: [scrub symbol table, 0.0098053 secs]2024-03-31T19:46:05.236+0800: 817.252: [scrub string table, 0.0004770 secs][1 CMS-remark: 63K(64K)] 114752K(118016K), 0.1059835 secs] [Times: user=0.11 sys=0.00, real=0.10 secs] 
2024-03-31T19:46:05.240+0800: 817.256: [CMS-concurrent-sweep-start]
2024-03-31T19:46:05.240+0800: 817.257: [CMS-concurrent-sweep: 0.000/0.000 secs] [Times: user=0.00 sys=0.00, real=0.00 secs] 
2024-03-31T19:46:05.242+0800: 817.259: [CMS-concurrent-reset-start]
2024-03-31T19:46:05.243+0800: 817.260: [CMS-concurrent-reset: 0.000/0.000 secs] [Times: user=0.00 sys=0.00, real=0.00 secs] 
2024-03-31T19:46:07.250+0800: 819.267: [GC (CMS Initial Mark) [1 CMS-initial-mark: 63K(64K)] 115012K(118016K), 0.1197108 secs] [Times: user=0.12 sys=0.00, real=0.12 secs] 
2024-03-31T19:46:07.371+0800: 819.388: [CMS-concurrent-mark-start]
2024-03-31T19:46:07.372+0800: 819.389: [CMS-concurrent-mark: 0.000/0.000 secs] [Times: user=0.00 sys=0.00, real=0.01 secs] 
2024-03-31T19:46:07.373+0800: 819.390: [CMS-concurrent-preclean-start]
2024-03-31T19:46:07.375+0800: 819.392: [CMS-concurrent-preclean: 0.001/0.001 secs] [Times: user=0.01 sys=0.00, real=0.00 secs] 
2024-03-31T19:46:07.376+0800: 819.393: [CMS-concurrent-abortable-preclean-start]
2024-03-31T19:46:07.376+0800: 819.393: [CMS-concurrent-abortable-preclean: 0.000/0.000 secs] [Times: user=0.00 sys=0.00, real=0.00 secs] 
2024-03-31T19:46:07.377+0800: 819.394: [GC (CMS Final Remark) [YG occupancy: 114950 K (117952 K)]2024-03-31T19:46:07.377+0800: 819.394: [Rescan (non-parallel) 2024-03-31T19:46:07.377+0800: 819.394: [grey object rescan, 0.0001175 secs]2024-03-31T19:46:07.378+0800: 819.394: [root rescan, 0.0800716 secs]2024-03-31T19:46:07.458+0800: 819.475: [visit unhandled CLDs, 0.0001764 secs]2024-03-31T19:46:07.458+0800: 819.475: [dirty klass scan, 0.0014985 secs], 0.0825286 secs]2024-03-31T19:46:07.460+0800: 819.477: [weak refs processing, 0.0001411 secs]2024-03-31T19:46:07.460+0800: 819.477: [class unloading, 0.0112575 secs]2024-03-31T19:46:07.472+0800: 819.488: [scrub symbol table, 0.0105913 secs]2024-03-31T19:46:07.482+0800: 819.499: [scrub string table, 0.0005716 secs][1 CMS-remark: 63K(64K)] 115014K(118016K), 0.1086425 secs] [Times: user=0.10 sys=0.00, real=0.11 secs] 
2024-03-31T19:46:07.486+0800: 819.503: [CMS-concurrent-sweep-start]
2024-03-31T19:46:07.487+0800: 819.504: [CMS-concurrent-sweep: 0.000/0.000 secs] [Times: user=0.01 sys=0.00, real=0.00 secs] 
2024-03-31T19:46:07.488+0800: 819.505: [CMS-concurrent-reset-start]
2024-03-31T19:46:07.489+0800: 819.506: [CMS-concurrent-reset: 0.000/0.000 secs] [Times: user=0.00 sys=0.00, real=0.00 secs] 
2024-03-31T19:46:09.498+0800: 821.515: [GC (CMS Initial Mark) [1 CMS-initial-mark: 63K(64K)] 115132K(118016K), 0.1198690 secs] [Times: user=0.12 sys=0.00, real=0.12 secs] 
2024-03-31T19:46:09.619+0800: 821.636: [CMS-concurrent-mark-start]
2024-03-31T19:46:09.620+0800: 821.637: [CMS-concurrent-mark: 0.000/0.000 secs] [Times: user=0.00 sys=0.00, real=0.00 secs] 
2024-03-31T19:46:09.620+0800: 821.637: [CMS-concurrent-preclean-start]
2024-03-31T19:46:09.622+0800: 821.639: [CMS-concurrent-preclean: 0.001/0.001 secs] [Times: user=0.00 sys=0.00, real=0.01 secs] 
2024-03-31T19:46:09.623+0800: 821.639: [CMS-concurrent-abortable-preclean-start]
2024-03-31T19:46:09.623+0800: 821.639: [CMS-concurrent-abortable-preclean: 0.000/0.000 secs] [Times: user=0.00 sys=0.00, real=0.00 secs] 
2024-03-31T19:46:09.623+0800: 821.640: [GC (CMS Final Remark) [YG occupancy: 115070 K (117952 K)]2024-03-31T19:46:09.624+0800: 821.640: [Rescan (non-parallel) 2024-03-31T19:46:09.624+0800: 821.641: [grey object rescan, 0.0001063 secs]2024-03-31T19:46:09.624+0800: 821.641: [root rescan, 0.0789810 secs]2024-03-31T19:46:09.703+0800: 821.720: [visit unhandled CLDs, 0.0001540 secs]2024-03-31T19:46:09.703+0800: 821.720: [dirty klass scan, 0.0014519 secs], 0.0813472 secs]2024-03-31T19:46:09.705+0800: 821.722: [weak refs processing, 0.0001392 secs]2024-03-31T19:46:09.705+0800: 821.722: [class unloading, 0.0107160 secs]2024-03-31T19:46:09.716+0800: 821.733: [scrub symbol table, 0.0098381 secs]2024-03-31T19:46:09.726+0800: 821.743: [scrub string table, 0.0004998 secs][1 CMS-remark: 63K(64K)] 115133K(118016K), 0.1058840 secs] [Times: user=0.11 sys=0.00, real=0.10 secs] 
2024-03-31T19:46:09.730+0800: 821.747: [CMS-concurrent-sweep-start]
2024-03-31T19:46:09.730+0800: 821.747: [CMS-concurrent-sweep: 0.000/0.000 secs] [Times: user=0.00 sys=0.00, real=0.00 secs] 
2024-03-31T19:46:09.732+0800: 821.748: [CMS-concurrent-reset-start]
2024-03-31T19:46:09.732+0800: 821.749: [CMS-concurrent-reset: 0.000/0.000 secs] [Times: user=0.00 sys=0.00, real=0.00 secs] 
2024-03-31T19:46:11.736+0800: 823.752: [GC (CMS Initial Mark) [1 CMS-initial-mark: 63K(64K)] 115311K(118016K), 0.1106155 secs] [Times: user=0.11 sys=0.00, real=0.11 secs] 
2024-03-31T19:46:11.847+0800: 823.864: [CMS-concurrent-mark-start]
2024-03-31T19:46:11.848+0800: 823.865: [CMS-concurrent-mark: 0.000/0.000 secs] [Times: user=0.01 sys=0.00, real=0.00 secs] 
2024-03-31T19:46:11.848+0800: 823.865: [CMS-concurrent-preclean-start]
2024-03-31T19:46:11.850+0800: 823.867: [CMS-concurrent-preclean: 0.001/0.001 secs] [Times: user=0.00 sys=0.00, real=0.00 secs] 
2024-03-31T19:46:11.851+0800: 823.868: [CMS-concurrent-abortable-preclean-start]
2024-03-31T19:46:11.851+0800: 823.868: [CMS-concurrent-abortable-preclean: 0.000/0.000 secs] [Times: user=0.00 sys=0.00, real=0.01 secs] 
2024-03-31T19:46:11.852+0800: 823.868: [GC (CMS Final Remark) [YG occupancy: 115248 K (117952 K)]2024-03-31T19:46:11.852+0800: 823.869: [Rescan (non-parallel) 2024-03-31T19:46:11.852+0800: 823.869: [grey object rescan, 0.0000999 secs]2024-03-31T19:46:11.852+0800: 823.869: [root rescan, 0.0802442 secs]2024-03-31T19:46:11.933+0800: 823.949: [visit unhandled CLDs, 0.0001664 secs]2024-03-31T19:46:11.933+0800: 823.950: [dirty klass scan, 0.0014678 secs], 0.0826243 secs]2024-03-31T19:46:11.935+0800: 823.951: [weak refs processing, 0.0001345 secs]2024-03-31T19:46:11.935+0800: 823.951: [class unloading, 0.0110488 secs]2024-03-31T19:46:11.946+0800: 823.963: [scrub symbol table, 0.0104673 secs]2024-03-31T19:46:11.957+0800: 823.973: [scrub string table, 0.0005125 secs][1 CMS-remark: 63K(64K)] 115312K(118016K), 0.1082221 secs] [Times: user=0.11 sys=0.00, real=0.10 secs] 
2024-03-31T19:46:11.961+0800: 823.977: [CMS-concurrent-sweep-start]
2024-03-31T19:46:11.961+0800: 823.978: [CMS-concurrent-sweep: 0.000/0.000 secs] [Times: user=0.00 sys=0.00, real=0.01 secs] 
2024-03-31T19:46:11.963+0800: 823.980: [CMS-concurrent-reset-start]
2024-03-31T19:46:11.964+0800: 823.981: [CMS-concurrent-reset: 0.000/0.000 secs] [Times: user=0.00 sys=0.00, real=0.00 secs] 
2024-03-31T19:46:13.976+0800: 825.993: [GC (CMS Initial Mark) [1 CMS-initial-mark: 63K(64K)] 115417K(118016K), 0.1147214 secs] [Times: user=0.12 sys=0.00, real=0.12 secs] 
2024-03-31T19:46:14.091+0800: 826.108: [CMS-concurrent-mark-start]
2024-03-31T19:46:14.092+0800: 826.109: [CMS-concurrent-mark: 0.000/0.000 secs] [Times: user=0.00 sys=0.00, real=0.00 secs] 
2024-03-31T19:46:14.093+0800: 826.110: [CMS-concurrent-preclean-start]
2024-03-31T19:46:14.095+0800: 826.112: [CMS-concurrent-preclean: 0.001/0.001 secs] [Times: user=0.00 sys=0.01, real=0.00 secs] 
2024-03-31T19:46:14.097+0800: 826.113: [CMS-concurrent-abortable-preclean-start]
2024-03-31T19:46:14.098+0800: 826.115: [CMS-concurrent-abortable-preclean: 0.000/0.000 secs] [Times: user=0.00 sys=0.00, real=0.00 secs] 
2024-03-31T19:46:14.099+0800: 826.116: [GC (CMS Final Remark) [YG occupancy: 115354 K (117952 K)]2024-03-31T19:46:14.099+0800: 826.116: [Rescan (non-parallel) 2024-03-31T19:46:14.100+0800: 826.116: [grey object rescan, 0.0001118 secs]2024-03-31T19:46:14.100+0800: 826.116: [root rescan, 0.0798917 secs]2024-03-31T19:46:14.180+0800: 826.197: [visit unhandled CLDs, 0.0002170 secs]2024-03-31T19:46:14.180+0800: 826.197: [dirty klass scan, 0.0014370 secs], 0.0823263 secs]2024-03-31T19:46:14.182+0800: 826.199: [weak refs processing, 0.0001375 secs]2024-03-31T19:46:14.182+0800: 826.199: [class unloading, 0.0116492 secs]2024-03-31T19:46:14.194+0800: 826.211: [scrub symbol table, 0.0104034 secs]2024-03-31T19:46:14.205+0800: 826.221: [scrub string table, 0.0005230 secs][1 CMS-remark: 63K(64K)] 115418K(118016K), 0.1086279 secs] [Times: user=0.11 sys=0.00, real=0.11 secs] 
2024-03-31T19:46:14.209+0800: 826.225: [CMS-concurrent-sweep-start]
2024-03-31T19:46:14.210+0800: 826.227: [CMS-concurrent-sweep: 0.000/0.000 secs] [Times: user=0.00 sys=0.00, real=0.00 secs] 
2024-03-31T19:46:14.212+0800: 826.229: [CMS-concurrent-reset-start]
2024-03-31T19:46:14.213+0800: 826.229: [CMS-concurrent-reset: 0.000/0.000 secs] [Times: user=0.01 sys=0.00, real=0.00 secs] 
2024-03-31T19:46:16.222+0800: 828.238: [GC (CMS Initial Mark) [1 CMS-initial-mark: 63K(64K)] 115627K(118016K), 0.0980111 secs] [Times: user=0.10 sys=0.00, real=0.09 secs] 
2024-03-31T19:46:16.320+0800: 828.337: [CMS-concurrent-mark-start]
2024-03-31T19:46:16.321+0800: 828.338: [CMS-concurrent-mark: 0.000/0.000 secs] [Times: user=0.00 sys=0.00, real=0.01 secs] 
2024-03-31T19:46:16.322+0800: 828.339: [CMS-concurrent-preclean-start]
2024-03-31T19:46:16.325+0800: 828.341: [CMS-concurrent-preclean: 0.001/0.001 secs] [Times: user=0.01 sys=0.00, real=0.00 secs] 
2024-03-31T19:46:16.325+0800: 828.342: [CMS-concurrent-abortable-preclean-start]
2024-03-31T19:46:16.326+0800: 828.342: [CMS-concurrent-abortable-preclean: 0.000/0.000 secs] [Times: user=0.00 sys=0.00, real=0.00 secs] 
2024-03-31T19:46:16.327+0800: 828.343: [GC (CMS Final Remark) [YG occupancy: 115564 K (117952 K)]2024-03-31T19:46:16.327+0800: 828.344: [Rescan (non-parallel) 2024-03-31T19:46:16.327+0800: 828.344: [grey object rescan, 0.0001188 secs]2024-03-31T19:46:16.327+0800: 828.344: [root rescan, 0.0816553 secs]2024-03-31T19:46:16.409+0800: 828.426: [visit unhandled CLDs, 0.0002087 secs]2024-03-31T19:46:16.409+0800: 828.426: [dirty klass scan, 0.0015443 secs], 0.0842908 secs]2024-03-31T19:46:16.411+0800: 828.428: [weak refs processing, 0.0001466 secs]2024-03-31T19:46:16.411+0800: 828.428: [class unloading, 0.0113481 secs]2024-03-31T19:46:16.423+0800: 828.440: [scrub symbol table, 0.0101873 secs]2024-03-31T19:46:16.434+0800: 828.450: [scrub string table, 0.0005298 secs][1 CMS-remark: 63K(64K)] 115628K(118016K), 0.1100636 secs] [Times: user=0.11 sys=0.00, real=0.11 secs] 
2024-03-31T19:46:16.438+0800: 828.455: [CMS-concurrent-sweep-start]
2024-03-31T19:46:16.438+0800: 828.455: [CMS-concurrent-sweep: 0.000/0.000 secs] [Times: user=0.00 sys=0.00, real=0.00 secs] 
2024-03-31T19:46:16.440+0800: 828.456: [CMS-concurrent-reset-start]
2024-03-31T19:46:16.441+0800: 828.457: [CMS-concurrent-reset: 0.000/0.000 secs] [Times: user=0.00 sys=0.00, real=0.00 secs] 
2024-03-31T19:46:18.447+0800: 830.464: [GC (CMS Initial Mark) [1 CMS-initial-mark: 63K(64K)] 115760K(118016K), 0.1237920 secs] [Times: user=0.12 sys=0.00, real=0.13 secs] 
2024-03-31T19:46:18.572+0800: 830.588: [CMS-concurrent-mark-start]
2024-03-31T19:46:18.573+0800: 830.589: [CMS-concurrent-mark: 0.000/0.000 secs] [Times: user=0.00 sys=0.00, real=0.00 secs] 
2024-03-31T19:46:18.574+0800: 830.590: [CMS-concurrent-preclean-start]
2024-03-31T19:46:18.576+0800: 830.593: [CMS-concurrent-preclean: 0.001/0.001 secs] [Times: user=0.01 sys=0.00, real=0.00 secs] 
2024-03-31T19:46:18.577+0800: 830.593: [CMS-concurrent-abortable-preclean-start]
2024-03-31T19:46:18.577+0800: 830.594: [CMS-concurrent-abortable-preclean: 0.000/0.000 secs] [Times: user=0.00 sys=0.00, real=0.00 secs] 
2024-03-31T19:46:18.578+0800: 830.595: [GC (CMS Final Remark) [YG occupancy: 115697 K (117952 K)]2024-03-31T19:46:18.578+0800: 830.595: [Rescan (non-parallel) 2024-03-31T19:46:18.578+0800: 830.595: [grey object rescan, 0.0001038 secs]2024-03-31T19:46:18.578+0800: 830.595: [root rescan, 0.0788211 secs]2024-03-31T19:46:18.657+0800: 830.674: [visit unhandled CLDs, 0.0001604 secs]2024-03-31T19:46:18.658+0800: 830.674: [dirty klass scan, 0.0014361 secs], 0.0810923 secs]2024-03-31T19:46:18.659+0800: 830.676: [weak refs processing, 0.0001408 secs]2024-03-31T19:46:18.659+0800: 830.676: [class unloading, 0.0114190 secs]2024-03-31T19:46:18.671+0800: 830.688: [scrub symbol table, 0.0108805 secs]2024-03-31T19:46:18.682+0800: 830.699: [scrub string table, 0.0005844 secs][1 CMS-remark: 63K(64K)] 115761K(118016K), 0.1077021 secs] [Times: user=0.11 sys=0.00, real=0.11 secs] 
2024-03-31T19:46:18.686+0800: 830.703: [CMS-concurrent-sweep-start]
2024-03-31T19:46:18.687+0800: 830.703: [CMS-concurrent-sweep: 0.000/0.000 secs] [Times: user=0.00 sys=0.00, real=0.00 secs] 
2024-03-31T19:46:18.688+0800: 830.705: [CMS-concurrent-reset-start]
2024-03-31T19:46:18.689+0800: 830.705: [CMS-concurrent-reset: 0.000/0.000 secs] [Times: user=0.00 sys=0.00, real=0.00 secs] 
2024-03-31T19:46:20.692+0800: 832.709: [GC (CMS Initial Mark) [1 CMS-initial-mark: 63K(64K)] 116020K(118016K), 0.1054086 secs] [Times: user=0.11 sys=0.00, real=0.10 secs] 
2024-03-31T19:46:20.798+0800: 832.815: [CMS-concurrent-mark-start]
2024-03-31T19:46:20.799+0800: 832.816: [CMS-concurrent-mark: 0.000/0.000 secs] [Times: user=0.00 sys=0.00, real=0.00 secs] 
2024-03-31T19:46:20.799+0800: 832.816: [CMS-concurrent-preclean-start]
2024-03-31T19:46:20.801+0800: 832.818: [CMS-concurrent-preclean: 0.001/0.001 secs] [Times: user=0.00 sys=0.00, real=0.01 secs] 
2024-03-31T19:46:20.802+0800: 832.819: [CMS-concurrent-abortable-preclean-start]
2024-03-31T19:46:20.802+0800: 832.819: [CMS-concurrent-abortable-preclean: 0.000/0.000 secs] [Times: user=0.00 sys=0.00, real=0.00 secs] 
2024-03-31T19:46:20.803+0800: 832.820: [GC (CMS Final Remark) [YG occupancy: 115964 K (117952 K)]2024-03-31T19:46:20.803+0800: 832.820: [Rescan (non-parallel) 2024-03-31T19:46:20.804+0800: 832.820: [grey object rescan, 0.0001175 secs]2024-03-31T19:46:20.804+0800: 832.821: [root rescan, 0.0814580 secs]2024-03-31T19:46:20.886+0800: 832.902: [visit unhandled CLDs, 0.0002462 secs]2024-03-31T19:46:20.886+0800: 832.903: [dirty klass scan, 0.0014663 secs], 0.0839879 secs]2024-03-31T19:46:20.888+0800: 832.904: [weak refs processing, 0.0001447 secs]2024-03-31T19:46:20.888+0800: 832.905: [class unloading, 0.0113733 secs]2024-03-31T19:46:20.899+0800: 832.916: [scrub symbol table, 0.0103770 secs]2024-03-31T19:46:20.910+0800: 832.927: [scrub string table, 0.0005056 secs][1 CMS-remark: 63K(64K)] 116028K(118016K), 0.1100648 secs] [Times: user=0.11 sys=0.00, real=0.11 secs] 
2024-03-31T19:46:20.914+0800: 832.931: [CMS-concurrent-sweep-start]
2024-03-31T19:46:20.915+0800: 832.932: [CMS-concurrent-sweep: 0.000/0.000 secs] [Times: user=0.00 sys=0.00, real=0.00 secs] 
2024-03-31T19:46:20.917+0800: 832.933: [CMS-concurrent-reset-start]
2024-03-31T19:46:20.917+0800: 832.934: [CMS-concurrent-reset: 0.000/0.000 secs] [Times: user=0.01 sys=0.00, real=0.00 secs] 
2024-03-31T19:46:22.926+0800: 834.943: [GC (CMS Initial Mark) [1 CMS-initial-mark: 63K(64K)] 116122K(118016K), 0.1247214 secs] [Times: user=0.12 sys=0.00, real=0.13 secs] 
2024-03-31T19:46:23.051+0800: 835.068: [CMS-concurrent-mark-start]
2024-03-31T19:46:23.052+0800: 835.069: [CMS-concurrent-mark: 0.000/0.000 secs] [Times: user=0.00 sys=0.00, real=0.00 secs] 
2024-03-31T19:46:23.053+0800: 835.070: [CMS-concurrent-preclean-start]
2024-03-31T19:46:23.055+0800: 835.072: [CMS-concurrent-preclean: 0.001/0.001 secs] [Times: user=0.01 sys=0.00, real=0.00 secs] 
2024-03-31T19:46:23.058+0800: 835.074: [CMS-concurrent-abortable-preclean-start]
2024-03-31T19:46:23.058+0800: 835.074: [CMS-concurrent-abortable-preclean: 0.000/0.000 secs] [Times: user=0.00 sys=0.00, real=0.00 secs] 
2024-03-31T19:46:23.059+0800: 835.075: [GC (CMS Final Remark) [YG occupancy: 116064 K (117952 K)]2024-03-31T19:46:23.059+0800: 835.076: [Rescan (non-parallel) 2024-03-31T19:46:23.059+0800: 835.076: [grey object rescan, 0.0001272 secs]2024-03-31T19:46:23.059+0800: 835.076: [root rescan, 0.0856091 secs]2024-03-31T19:46:23.145+0800: 835.162: [visit unhandled CLDs, 0.0002400 secs]2024-03-31T19:46:23.145+0800: 835.162: [dirty klass scan, 0.0017482 secs], 0.0885976 secs]2024-03-31T19:46:23.147+0800: 835.164: [weak refs processing, 0.0001850 secs]2024-03-31T19:46:23.148+0800: 835.165: [class unloading, 0.0123463 secs]2024-03-31T19:46:23.160+0800: 835.177: [scrub symbol table, 0.0162412 secs]2024-03-31T19:46:23.177+0800: 835.194: [scrub string table, 0.0005582 secs][1 CMS-remark: 63K(64K)] 116128K(118016K), 0.1218683 secs] [Times: user=0.12 sys=0.00, real=0.13 secs] 
2024-03-31T19:46:23.182+0800: 835.198: [CMS-concurrent-sweep-start]
2024-03-31T19:46:23.182+0800: 835.199: [CMS-concurrent-sweep: 0.000/0.000 secs] [Times: user=0.00 sys=0.00, real=0.00 secs] 
2024-03-31T19:46:23.185+0800: 835.202: [CMS-concurrent-reset-start]
2024-03-31T19:46:23.186+0800: 835.202: [CMS-concurrent-reset: 0.000/0.000 secs] [Times: user=0.00 sys=0.00, real=0.00 secs] 
2024-03-31T19:46:25.197+0800: 837.214: [GC (CMS Initial Mark) [1 CMS-initial-mark: 63K(64K)] 116304K(118016K), 0.1081351 secs] [Times: user=0.11 sys=0.00, real=0.11 secs] 
2024-03-31T19:46:25.306+0800: 837.323: [CMS-concurrent-mark-start]
2024-03-31T19:46:25.307+0800: 837.324: [CMS-concurrent-mark: 0.000/0.000 secs] [Times: user=0.00 sys=0.00, real=0.00 secs] 
2024-03-31T19:46:25.308+0800: 837.324: [CMS-concurrent-preclean-start]
2024-03-31T19:46:25.310+0800: 837.327: [CMS-concurrent-preclean: 0.001/0.001 secs] [Times: user=0.00 sys=0.00, real=0.00 secs] 
2024-03-31T19:46:25.311+0800: 837.327: [CMS-concurrent-abortable-preclean-start]
2024-03-31T19:46:25.311+0800: 837.328: [CMS-concurrent-abortable-preclean: 0.000/0.000 secs] [Times: user=0.00 sys=0.00, real=0.01 secs] 
2024-03-31T19:46:25.312+0800: 837.329: [GC (CMS Final Remark) [YG occupancy: 116247 K (117952 K)]2024-03-31T19:46:25.312+0800: 837.329: [Rescan (non-parallel) 2024-03-31T19:46:25.312+0800: 837.329: [grey object rescan, 0.0000981 secs]2024-03-31T19:46:25.312+0800: 837.329: [root rescan, 0.0790872 secs]2024-03-31T19:46:25.392+0800: 837.409: [visit unhandled CLDs, 0.0001525 secs]2024-03-31T19:46:25.392+0800: 837.409: [dirty klass scan, 0.0013965 secs], 0.0813723 secs]2024-03-31T19:46:25.394+0800: 837.410: [weak refs processing, 0.0001489 secs]2024-03-31T19:46:25.394+0800: 837.411: [class unloading, 0.0108153 secs]2024-03-31T19:46:25.405+0800: 837.422: [scrub symbol table, 0.0097021 secs]2024-03-31T19:46:25.415+0800: 837.432: [scrub string table, 0.0004796 secs][1 CMS-remark: 63K(64K)] 116311K(118016K), 0.1057727 secs] [Times: user=0.10 sys=0.00, real=0.10 secs] 
2024-03-31T19:46:25.418+0800: 837.435: [CMS-concurrent-sweep-start]
2024-03-31T19:46:25.419+0800: 837.436: [CMS-concurrent-sweep: 0.000/0.000 secs] [Times: user=0.00 sys=0.00, real=0.00 secs] 
2024-03-31T19:46:25.420+0800: 837.437: [CMS-concurrent-reset-start]
2024-03-31T19:46:25.421+0800: 837.438: [CMS-concurrent-reset: 0.000/0.000 secs] [Times: user=0.00 sys=0.00, real=0.01 secs] 
2024-03-31T19:46:27.427+0800: 839.444: [GC (CMS Initial Mark) [1 CMS-initial-mark: 63K(64K)] 116446K(118016K), 0.0912872 secs] [Times: user=0.09 sys=0.00, real=0.09 secs] 
2024-03-31T19:46:27.519+0800: 839.536: [CMS-concurrent-mark-start]
2024-03-31T19:46:27.521+0800: 839.538: [CMS-concurrent-mark: 0.000/0.000 secs] [Times: user=0.00 sys=0.00, real=0.01 secs] 
2024-03-31T19:46:27.522+0800: 839.539: [CMS-concurrent-preclean-start]
2024-03-31T19:46:27.525+0800: 839.541: [CMS-concurrent-preclean: 0.001/0.001 secs] [Times: user=0.00 sys=0.00, real=0.00 secs] 
2024-03-31T19:46:27.526+0800: 839.543: [CMS-concurrent-abortable-preclean-start]
2024-03-31T19:46:27.527+0800: 839.544: [CMS-concurrent-abortable-preclean: 0.000/0.000 secs] [Times: user=0.00 sys=0.00, real=0.00 secs] 
2024-03-31T19:46:27.528+0800: 839.545: [GC (CMS Final Remark) [YG occupancy: 116383 K (117952 K)]2024-03-31T19:46:27.528+0800: 839.545: [Rescan (non-parallel) 2024-03-31T19:46:27.528+0800: 839.545: [grey object rescan, 0.0001040 secs]2024-03-31T19:46:27.528+0800: 839.545: [root rescan, 0.0838845 secs]2024-03-31T19:46:27.613+0800: 839.629: [visit unhandled CLDs, 0.0001778 secs]2024-03-31T19:46:27.613+0800: 839.630: [dirty klass scan, 0.0014887 secs], 0.0863979 secs]2024-03-31T19:46:27.615+0800: 839.631: [weak refs processing, 0.0001936 secs]2024-03-31T19:46:27.615+0800: 839.632: [class unloading, 0.0122452 secs]2024-03-31T19:46:27.627+0800: 839.644: [scrub symbol table, 0.0102569 secs]2024-03-31T19:46:27.638+0800: 839.655: [scrub string table, 0.0006015 secs][1 CMS-remark: 63K(64K)] 116447K(118016K), 0.1133163 secs] [Times: user=0.12 sys=0.00, real=0.12 secs] 
2024-03-31T19:46:27.643+0800: 839.659: [CMS-concurrent-sweep-start]
2024-03-31T19:46:27.643+0800: 839.660: [CMS-concurrent-sweep: 0.000/0.000 secs] [Times: user=0.00 sys=0.00, real=0.00 secs] 
2024-03-31T19:46:27.645+0800: 839.662: [CMS-concurrent-reset-start]
2024-03-31T19:46:27.646+0800: 839.663: [CMS-concurrent-reset: 0.000/0.000 secs] [Times: user=0.00 sys=0.00, real=0.00 secs] 
2024-03-31T19:46:29.648+0800: 841.666: [GC (CMS Initial Mark) [1 CMS-initial-mark: 63K(64K)] 116565K(118016K), 0.0992412 secs] [Times: user=0.10 sys=0.00, real=0.10 secs] 
2024-03-31T19:46:29.748+0800: 841.766: [CMS-concurrent-mark-start]
2024-03-31T19:46:29.749+0800: 841.767: [CMS-concurrent-mark: 0.000/0.000 secs] [Times: user=0.00 sys=0.00, real=0.00 secs] 
2024-03-31T19:46:29.750+0800: 841.768: [CMS-concurrent-preclean-start]
2024-03-31T19:46:29.752+0800: 841.770: [CMS-concurrent-preclean: 0.001/0.001 secs] [Times: user=0.00 sys=0.00, real=0.00 secs] 
2024-03-31T19:46:29.753+0800: 841.771: [CMS-concurrent-abortable-preclean-start]
2024-03-31T19:46:29.754+0800: 841.772: [CMS-concurrent-abortable-preclean: 0.000/0.000 secs] [Times: user=0.00 sys=0.00, real=0.00 secs] 
2024-03-31T19:46:29.755+0800: 841.773: [GC (CMS Final Remark) [YG occupancy: 116502 K (117952 K)]2024-03-31T19:46:29.755+0800: 841.773: [Rescan (non-parallel) 2024-03-31T19:46:29.755+0800: 841.773: [grey object rescan, 0.0001138 secs]2024-03-31T19:46:29.755+0800: 841.773: [root rescan, 0.0823772 secs]2024-03-31T19:46:29.838+0800: 841.856: [visit unhandled CLDs, 0.0001942 secs]2024-03-31T19:46:29.838+0800: 841.856: [dirty klass scan, 0.0015891 secs], 0.0850281 secs]2024-03-31T19:46:29.840+0800: 841.858: [weak refs processing, 0.0001531 secs]2024-03-31T19:46:29.840+0800: 841.858: [class unloading, 0.0120985 secs]2024-03-31T19:46:29.853+0800: 841.871: [scrub symbol table, 0.0107300 secs]2024-03-31T19:46:29.863+0800: 841.882: [scrub string table, 0.0005314 secs][1 CMS-remark: 63K(64K)] 116566K(118016K), 0.1121671 secs] [Times: user=0.11 sys=0.00, real=0.11 secs] 
2024-03-31T19:46:29.867+0800: 841.886: [CMS-concurrent-sweep-start]
2024-03-31T19:46:29.868+0800: 841.886: [CMS-concurrent-sweep: 0.000/0.000 secs] [Times: user=0.00 sys=0.01, real=0.00 secs] 
2024-03-31T19:46:29.869+0800: 841.887: [CMS-concurrent-reset-start]
2024-03-31T19:46:29.870+0800: 841.888: [CMS-concurrent-reset: 0.000/0.000 secs] [Times: user=0.00 sys=0.00, real=0.01 secs] 
2024-03-31T19:46:31.877+0800: 843.895: [GC (CMS Initial Mark) [1 CMS-initial-mark: 63K(64K)] 116780K(118016K), 0.0979562 secs] [Times: user=0.10 sys=0.00, real=0.10 secs] 
2024-03-31T19:46:31.975+0800: 843.994: [CMS-concurrent-mark-start]
2024-03-31T19:46:31.976+0800: 843.994: [CMS-concurrent-mark: 0.000/0.000 secs] [Times: user=0.00 sys=0.00, real=0.00 secs] 
2024-03-31T19:46:31.977+0800: 843.995: [CMS-concurrent-preclean-start]
2024-03-31T19:46:31.979+0800: 843.997: [CMS-concurrent-preclean: 0.001/0.001 secs] [Times: user=0.00 sys=0.01, real=0.00 secs] 
2024-03-31T19:46:31.980+0800: 843.998: [CMS-concurrent-abortable-preclean-start]
2024-03-31T19:46:31.980+0800: 843.999: [CMS-concurrent-abortable-preclean: 0.000/0.000 secs] [Times: user=0.00 sys=0.00, real=0.00 secs] 
2024-03-31T19:46:31.981+0800: 843.999: [GC (CMS Final Remark) [YG occupancy: 116717 K (117952 K)]2024-03-31T19:46:31.982+0800: 844.000: [Rescan (non-parallel) 2024-03-31T19:46:31.982+0800: 844.000: [grey object rescan, 0.0001593 secs]2024-03-31T19:46:31.982+0800: 844.000: [root rescan, 0.0845676 secs]2024-03-31T19:46:32.067+0800: 844.085: [visit unhandled CLDs, 0.0001616 secs]2024-03-31T19:46:32.067+0800: 844.086: [dirty klass scan, 0.0016686 secs], 0.0875489 secs]2024-03-31T19:46:32.069+0800: 844.087: [weak refs processing, 0.0002158 secs]2024-03-31T19:46:32.070+0800: 844.088: [class unloading, 0.0127415 secs]2024-03-31T19:46:32.083+0800: 844.101: [scrub symbol table, 0.0103207 secs]2024-03-31T19:46:32.093+0800: 844.111: [scrub string table, 0.0005199 secs][1 CMS-remark: 63K(64K)] 116781K(118016K), 0.1154351 secs] [Times: user=0.12 sys=0.00, real=0.11 secs] 
2024-03-31T19:46:32.097+0800: 844.116: [CMS-concurrent-sweep-start]
2024-03-31T19:46:32.098+0800: 844.116: [CMS-concurrent-sweep: 0.000/0.000 secs] [Times: user=0.00 sys=0.00, real=0.00 secs] 
2024-03-31T19:46:32.099+0800: 844.117: [CMS-concurrent-reset-start]
2024-03-31T19:46:32.100+0800: 844.118: [CMS-concurrent-reset: 0.000/0.000 secs] [Times: user=0.00 sys=0.00, real=0.01 secs] 
2024-03-31T19:46:34.107+0800: 846.125: [GC (CMS Initial Mark) [1 CMS-initial-mark: 63K(64K)] 116860K(118016K), 0.0953434 secs] [Times: user=0.10 sys=0.01, real=0.10 secs] 
2024-03-31T19:46:34.204+0800: 846.222: [CMS-concurrent-mark-start]
2024-03-31T19:46:34.204+0800: 846.223: [CMS-concurrent-mark: 0.000/0.000 secs] [Times: user=0.00 sys=0.00, real=0.00 secs] 
2024-03-31T19:46:34.206+0800: 846.224: [CMS-concurrent-preclean-start]
2024-03-31T19:46:34.208+0800: 846.226: [CMS-concurrent-preclean: 0.002/0.002 secs] [Times: user=0.00 sys=0.00, real=0.00 secs] 
2024-03-31T19:46:34.209+0800: 846.227: [CMS-concurrent-abortable-preclean-start]
2024-03-31T19:46:34.209+0800: 846.228: [CMS-concurrent-abortable-preclean: 0.000/0.000 secs] [Times: user=0.00 sys=0.00, real=0.01 secs] 
2024-03-31T19:46:34.210+0800: 846.228: [GC (CMS Final Remark) [YG occupancy: 116797 K (117952 K)]2024-03-31T19:46:34.210+0800: 846.229: [Rescan (non-parallel) 2024-03-31T19:46:34.211+0800: 846.229: [grey object rescan, 0.0001698 secs]2024-03-31T19:46:34.211+0800: 846.229: [root rescan, 0.0837563 secs]2024-03-31T19:46:34.295+0800: 846.313: [visit unhandled CLDs, 0.0002034 secs]2024-03-31T19:46:34.295+0800: 846.313: [dirty klass scan, 0.0015142 secs], 0.0863746 secs]2024-03-31T19:46:34.297+0800: 846.315: [weak refs processing, 0.0001319 secs]2024-03-31T19:46:34.297+0800: 846.315: [class unloading, 0.0117548 secs]2024-03-31T19:46:34.309+0800: 846.327: [scrub symbol table, 0.0123606 secs]2024-03-31T19:46:34.322+0800: 846.340: [scrub string table, 0.0006075 secs][1 CMS-remark: 63K(64K)] 116861K(118016K), 0.1150848 secs] [Times: user=0.12 sys=0.00, real=0.11 secs] 
2024-03-31T19:46:34.326+0800: 846.345: [CMS-concurrent-sweep-start]
2024-03-31T19:46:34.327+0800: 846.345: [CMS-concurrent-sweep: 0.000/0.000 secs] [Times: user=0.00 sys=0.00, real=0.00 secs] 
2024-03-31T19:46:34.329+0800: 846.347: [CMS-concurrent-reset-start]
2024-03-31T19:46:34.330+0800: 846.348: [CMS-concurrent-reset: 0.000/0.000 secs] [Times: user=0.00 sys=0.00, real=0.01 secs] 
2024-03-31T19:46:36.330+0800: 848.349: [GC (CMS Initial Mark) [1 CMS-initial-mark: 63K(64K)] 117158K(118016K), 0.0878512 secs] [Times: user=0.09 sys=0.00, real=0.08 secs] 
2024-03-31T19:46:36.419+0800: 848.438: [CMS-concurrent-mark-start]
2024-03-31T19:46:36.420+0800: 848.439: [CMS-concurrent-mark: 0.000/0.000 secs] [Times: user=0.00 sys=0.00, real=0.01 secs] 
2024-03-31T19:46:36.421+0800: 848.440: [CMS-concurrent-preclean-start]
2024-03-31T19:46:36.424+0800: 848.442: [CMS-concurrent-preclean: 0.001/0.001 secs] [Times: user=0.00 sys=0.00, real=0.00 secs] 
2024-03-31T19:46:36.425+0800: 848.443: [CMS-concurrent-abortable-preclean-start]
2024-03-31T19:46:36.427+0800: 848.445: [CMS-concurrent-abortable-preclean: 0.000/0.000 secs] [Times: user=0.00 sys=0.00, real=0.00 secs] 
2024-03-31T19:46:36.429+0800: 848.447: [GC (CMS Final Remark) [YG occupancy: 117108 K (117952 K)]2024-03-31T19:46:36.429+0800: 848.447: [Rescan (non-parallel) 2024-03-31T19:46:36.429+0800: 848.447: [grey object rescan, 0.0001239 secs]2024-03-31T19:46:36.429+0800: 848.448: [root rescan, 0.0821352 secs]2024-03-31T19:46:36.512+0800: 848.530: [visit unhandled CLDs, 0.0001683 secs]2024-03-31T19:46:36.512+0800: 848.530: [dirty klass scan, 0.0014590 secs], 0.0845638 secs]2024-03-31T19:46:36.514+0800: 848.532: [weak refs processing, 0.0001630 secs]2024-03-31T19:46:36.514+0800: 848.532: [class unloading, 0.0119674 secs]2024-03-31T19:46:36.526+0800: 848.544: [scrub symbol table, 0.0104723 secs]2024-03-31T19:46:36.537+0800: 848.555: [scrub string table, 0.0005323 secs][1 CMS-remark: 63K(64K)] 117172K(118016K), 0.1113865 secs] [Times: user=0.11 sys=0.00, real=0.12 secs] 
2024-03-31T19:46:36.541+0800: 848.560: [CMS-concurrent-sweep-start]
2024-03-31T19:46:36.542+0800: 848.561: [CMS-concurrent-sweep: 0.000/0.000 secs] [Times: user=0.00 sys=0.00, real=0.00 secs] 
2024-03-31T19:46:36.545+0800: 848.563: [CMS-concurrent-reset-start]
2024-03-31T19:46:36.546+0800: 848.564: [CMS-concurrent-reset: 0.000/0.000 secs] [Times: user=0.00 sys=0.00, real=0.00 secs] 
2024-03-31T19:46:38.549+0800: 850.567: [GC (CMS Initial Mark) [1 CMS-initial-mark: 63K(64K)] 117299K(118016K), 0.0829150 secs] [Times: user=0.08 sys=0.00, real=0.09 secs] 
2024-03-31T19:46:38.632+0800: 850.651: [CMS-concurrent-mark-start]
2024-03-31T19:46:38.633+0800: 850.652: [CMS-concurrent-mark: 0.000/0.000 secs] [Times: user=0.00 sys=0.00, real=0.00 secs] 
2024-03-31T19:46:38.634+0800: 850.653: [CMS-concurrent-preclean-start]
2024-03-31T19:46:38.636+0800: 850.655: [CMS-concurrent-preclean: 0.001/0.001 secs] [Times: user=0.01 sys=0.00, real=0.00 secs] 
2024-03-31T19:46:38.637+0800: 850.656: [CMS-concurrent-abortable-preclean-start]
2024-03-31T19:46:38.638+0800: 850.656: [CMS-concurrent-abortable-preclean: 0.000/0.000 secs] [Times: user=0.00 sys=0.00, real=0.00 secs] 
2024-03-31T19:46:38.638+0800: 850.657: [GC (CMS Final Remark) [YG occupancy: 117236 K (117952 K)]2024-03-31T19:46:38.639+0800: 850.657: [Rescan (non-parallel) 2024-03-31T19:46:38.639+0800: 850.657: [grey object rescan, 0.0001050 secs]2024-03-31T19:46:38.639+0800: 850.657: [root rescan, 0.0834548 secs]2024-03-31T19:46:38.723+0800: 850.741: [visit unhandled CLDs, 0.0001728 secs]2024-03-31T19:46:38.723+0800: 850.741: [dirty klass scan, 0.0014959 secs], 0.0859177 secs]2024-03-31T19:46:38.725+0800: 850.743: [weak refs processing, 0.0001912 secs]2024-03-31T19:46:38.725+0800: 850.743: [class unloading, 0.0113849 secs]2024-03-31T19:46:38.737+0800: 850.755: [scrub symbol table, 0.0100212 secs]2024-03-31T19:46:38.747+0800: 850.765: [scrub string table, 0.0005289 secs][1 CMS-remark: 63K(64K)] 117300K(118016K), 0.1114313 secs] [Times: user=0.11 sys=0.00, real=0.12 secs] 
2024-03-31T19:46:38.751+0800: 850.769: [CMS-concurrent-sweep-start]
2024-03-31T19:46:38.751+0800: 850.769: [CMS-concurrent-sweep: 0.000/0.000 secs] [Times: user=0.00 sys=0.00, real=0.00 secs] 
2024-03-31T19:46:38.752+0800: 850.770: [CMS-concurrent-reset-start]
2024-03-31T19:46:38.753+0800: 850.771: [CMS-concurrent-reset: 0.000/0.000 secs] [Times: user=0.00 sys=0.00, real=0.00 secs] 
2024-03-31T19:46:40.756+0800: 852.775: [GC (CMS Initial Mark) [1 CMS-initial-mark: 63K(64K)] 117402K(118016K), 0.1075027 secs] [Times: user=0.10 sys=0.01, real=0.11 secs] 
2024-03-31T19:46:40.864+0800: 852.883: [CMS-concurrent-mark-start]
2024-03-31T19:46:40.865+0800: 852.883: [CMS-concurrent-mark: 0.000/0.000 secs] [Times: user=0.00 sys=0.00, real=0.00 secs] 
2024-03-31T19:46:40.866+0800: 852.884: [CMS-concurrent-preclean-start]
2024-03-31T19:46:40.868+0800: 852.886: [CMS-concurrent-preclean: 0.001/0.001 secs] [Times: user=0.01 sys=0.00, real=0.00 secs] 
2024-03-31T19:46:40.869+0800: 852.887: [CMS-concurrent-abortable-preclean-start]
2024-03-31T19:46:40.869+0800: 852.887: [CMS-concurrent-abortable-preclean: 0.000/0.000 secs] [Times: user=0.00 sys=0.00, real=0.00 secs] 
2024-03-31T19:46:40.870+0800: 852.888: [GC (CMS Final Remark) [YG occupancy: 117339 K (117952 K)]2024-03-31T19:46:40.870+0800: 852.888: [Rescan (non-parallel) 2024-03-31T19:46:40.870+0800: 852.888: [grey object rescan, 0.0001118 secs]2024-03-31T19:46:40.870+0800: 852.888: [root rescan, 0.0824120 secs]2024-03-31T19:46:40.953+0800: 852.971: [visit unhandled CLDs, 0.0001726 secs]2024-03-31T19:46:40.953+0800: 852.971: [dirty klass scan, 0.0015046 secs], 0.0848651 secs]2024-03-31T19:46:40.955+0800: 852.973: [weak refs processing, 0.0001314 secs]2024-03-31T19:46:40.955+0800: 852.973: [class unloading, 0.0119613 secs]2024-03-31T19:46:40.967+0800: 852.986: [scrub symbol table, 0.0097133 secs]2024-03-31T19:46:40.977+0800: 852.996: [scrub string table, 0.0005417 secs][1 CMS-remark: 63K(64K)] 117403K(118016K), 0.1108468 secs] [Times: user=0.11 sys=0.00, real=0.11 secs] 
2024-03-31T19:46:40.981+0800: 853.000: [CMS-concurrent-sweep-start]
2024-03-31T19:46:40.982+0800: 853.000: [CMS-concurrent-sweep: 0.000/0.000 secs] [Times: user=0.00 sys=0.00, real=0.00 secs] 
2024-03-31T19:46:40.983+0800: 853.002: [CMS-concurrent-reset-start]
2024-03-31T19:46:40.984+0800: 853.002: [CMS-concurrent-reset: 0.000/0.000 secs] [Times: user=0.00 sys=0.00, real=0.00 secs] 
2024-03-31T19:46:42.995+0800: 855.013: [GC (CMS Initial Mark) [1 CMS-initial-mark: 63K(64K)] 117586K(118016K), 0.1083255 secs] [Times: user=0.11 sys=0.00, real=0.11 secs] 
2024-03-31T19:46:43.104+0800: 855.122: [CMS-concurrent-mark-start]
2024-03-31T19:46:43.104+0800: 855.123: [CMS-concurrent-mark: 0.000/0.000 secs] [Times: user=0.00 sys=0.00, real=0.00 secs] 
2024-03-31T19:46:43.105+0800: 855.123: [CMS-concurrent-preclean-start]
2024-03-31T19:46:43.108+0800: 855.126: [CMS-concurrent-preclean: 0.001/0.001 secs] [Times: user=0.00 sys=0.00, real=0.00 secs] 
2024-03-31T19:46:43.108+0800: 855.126: [CMS-concurrent-abortable-preclean-start]
2024-03-31T19:46:43.108+0800: 855.126: [CMS-concurrent-abortable-preclean: 0.000/0.000 secs] [Times: user=0.00 sys=0.00, real=0.00 secs] 
2024-03-31T19:46:43.109+0800: 855.127: [GC (CMS Final Remark) [YG occupancy: 117523 K (117952 K)]2024-03-31T19:46:43.109+0800: 855.127: [Rescan (non-parallel) 2024-03-31T19:46:43.109+0800: 855.128: [grey object rescan, 0.0001095 secs]2024-03-31T19:46:43.110+0800: 855.128: [root rescan, 0.0813938 secs]2024-03-31T19:46:43.191+0800: 855.209: [visit unhandled CLDs, 0.0002099 secs]2024-03-31T19:46:43.191+0800: 855.210: [dirty klass scan, 0.0014675 secs], 0.0839092 secs]2024-03-31T19:46:43.193+0800: 855.211: [weak refs processing, 0.0001345 secs]2024-03-31T19:46:43.193+0800: 855.212: [class unloading, 0.0109114 secs]2024-03-31T19:46:43.205+0800: 855.223: [scrub symbol table, 0.0100506 secs]2024-03-31T19:46:43.215+0800: 855.233: [scrub string table, 0.0005013 secs][1 CMS-remark: 63K(64K)] 117587K(118016K), 0.1088795 secs] [Times: user=0.11 sys=0.00, real=0.11 secs] 
2024-03-31T19:46:43.218+0800: 855.237: [CMS-concurrent-sweep-start]
2024-03-31T19:46:43.219+0800: 855.237: [CMS-concurrent-sweep: 0.000/0.000 secs] [Times: user=0.00 sys=0.00, real=0.00 secs] 
2024-03-31T19:46:43.220+0800: 855.238: [CMS-concurrent-reset-start]
2024-03-31T19:46:43.220+0800: 855.239: [CMS-concurrent-reset: 0.000/0.000 secs] [Times: user=0.00 sys=0.00, real=0.00 secs] 
2024-03-31T19:46:45.227+0800: 857.245: [GC (CMS Initial Mark) [1 CMS-initial-mark: 63K(64K)] 117726K(118016K), 0.1218056 secs] [Times: user=0.12 sys=0.00, real=0.12 secs] 
2024-03-31T19:46:45.349+0800: 857.367: [CMS-concurrent-mark-start]
2024-03-31T19:46:45.350+0800: 857.368: [CMS-concurrent-mark: 0.000/0.000 secs] [Times: user=0.00 sys=0.00, real=0.01 secs] 
2024-03-31T19:46:45.351+0800: 857.369: [CMS-concurrent-preclean-start]
2024-03-31T19:46:45.353+0800: 857.371: [CMS-concurrent-preclean: 0.001/0.001 secs] [Times: user=0.00 sys=0.01, real=0.00 secs] 
2024-03-31T19:46:45.354+0800: 857.372: [CMS-concurrent-abortable-preclean-start]
2024-03-31T19:46:45.354+0800: 857.372: [CMS-concurrent-abortable-preclean: 0.000/0.000 secs] [Times: user=0.00 sys=0.00, real=0.00 secs] 
2024-03-31T19:46:45.355+0800: 857.373: [GC (CMS Final Remark) [YG occupancy: 117664 K (117952 K)]2024-03-31T19:46:45.355+0800: 857.374: [Rescan (non-parallel) 2024-03-31T19:46:45.355+0800: 857.374: [grey object rescan, 0.0001028 secs]2024-03-31T19:46:45.356+0800: 857.374: [root rescan, 0.1093963 secs]2024-03-31T19:46:45.465+0800: 857.484: [visit unhandled CLDs, 0.0001543 secs]2024-03-31T19:46:45.466+0800: 857.484: [dirty klass scan, 0.0014976 secs], 0.1118422 secs]2024-03-31T19:46:45.467+0800: 857.486: [weak refs processing, 0.0001979 secs]2024-03-31T19:46:45.468+0800: 857.486: [class unloading, 0.0119974 secs]2024-03-31T19:46:45.480+0800: 857.498: [scrub symbol table, 0.0135417 secs]2024-03-31T19:46:45.494+0800: 857.512: [scrub string table, 0.0006386 secs][1 CMS-remark: 63K(64K)] 117728K(118016K), 0.1418103 secs] [Times: user=0.14 sys=0.00, real=0.14 secs] 
2024-03-31T19:46:45.498+0800: 857.516: [CMS-concurrent-sweep-start]
2024-03-31T19:46:45.499+0800: 857.517: [CMS-concurrent-sweep: 0.000/0.000 secs] [Times: user=0.00 sys=0.00, real=0.00 secs] 
2024-03-31T19:46:45.501+0800: 857.519: [CMS-concurrent-reset-start]
2024-03-31T19:46:45.502+0800: 857.520: [CMS-concurrent-reset: 0.000/0.000 secs] [Times: user=0.00 sys=0.00, real=0.00 secs] 
2024-03-31T19:46:47.509+0800: 859.527: [GC (CMS Initial Mark) [1 CMS-initial-mark: 63K(64K)] 117902K(118016K), 0.1179641 secs] [Times: user=0.12 sys=0.01, real=0.12 secs] 
2024-03-31T19:46:47.628+0800: 859.646: [CMS-concurrent-mark-start]
2024-03-31T19:46:47.629+0800: 859.647: [CMS-concurrent-mark: 0.000/0.000 secs] [Times: user=0.00 sys=0.00, real=0.00 secs] 
2024-03-31T19:46:47.631+0800: 859.650: [CMS-concurrent-preclean-start]
2024-03-31T19:46:47.635+0800: 859.654: [CMS-concurrent-preclean: 0.001/0.001 secs] [Times: user=0.00 sys=0.01, real=0.00 secs] 
2024-03-31T19:46:47.637+0800: 859.655: [CMS-concurrent-abortable-preclean-start]
2024-03-31T19:46:47.638+0800: 859.656: [CMS-concurrent-abortable-preclean: 0.000/0.000 secs] [Times: user=0.00 sys=0.00, real=0.00 secs] 
2024-03-31T19:46:47.642+0800: 859.661: [GC (CMS Final Remark) [YG occupancy: 117841 K (117952 K)]2024-03-31T19:46:47.643+0800: 859.661: [Rescan (non-parallel) 2024-03-31T19:46:47.643+0800: 859.661: [grey object rescan, 0.0003178 secs]2024-03-31T19:46:47.644+0800: 859.662: [root rescan, 0.0853218 secs]2024-03-31T19:46:47.729+0800: 859.747: [visit unhandled CLDs, 0.0003295 secs]2024-03-31T19:46:47.730+0800: 859.748: [dirty klass scan, 0.0018646 secs], 0.0887320 secs]2024-03-31T19:46:47.732+0800: 859.750: [weak refs processing, 0.0001585 secs]2024-03-31T19:46:47.732+0800: 859.750: [class unloading, 0.0119422 secs]2024-03-31T19:46:47.745+0800: 859.763: [scrub symbol table, 0.0112530 secs]2024-03-31T19:46:47.756+0800: 859.774: [scrub string table, 0.0006155 secs][1 CMS-remark: 63K(64K)] 117905K(118016K), 0.1171544 secs] [Times: user=0.11 sys=0.00, real=0.12 secs] 
2024-03-31T19:46:47.761+0800: 859.779: [CMS-concurrent-sweep-start]
2024-03-31T19:46:47.762+0800: 859.780: [CMS-concurrent-sweep: 0.000/0.000 secs] [Times: user=0.00 sys=0.00, real=0.00 secs] 
2024-03-31T19:46:47.764+0800: 859.782: [CMS-concurrent-reset-start]
2024-03-31T19:46:47.765+0800: 859.784: [CMS-concurrent-reset: 0.000/0.000 secs] [Times: user=0.01 sys=0.00, real=0.00 secs] 
2024-03-31T19:46:49.778+0800: 861.797: [GC (CMS Initial Mark) [1 CMS-initial-mark: 63K(64K)] 118010K(118016K), 0.1224157 secs] [Times: user=0.13 sys=0.00, real=0.13 secs] 
2024-03-31T19:46:49.901+0800: 861.920: [CMS-concurrent-mark-start]
2024-03-31T19:46:49.902+0800: 861.920: [CMS-concurrent-mark: 0.000/0.000 secs] [Times: user=0.00 sys=0.00, real=0.00 secs] 
2024-03-31T19:46:49.903+0800: 861.921: [CMS-concurrent-preclean-start]
2024-03-31T19:46:49.904+0800: 861.923: [CMS-concurrent-preclean: 0.001/0.001 secs] [Times: user=0.00 sys=0.00, real=0.00 secs] 
2024-03-31T19:46:49.905+0800: 861.923: [CMS-concurrent-abortable-preclean-start]
2024-03-31T19:46:49.906+0800: 861.924: [CMS-concurrent-abortable-preclean: 0.000/0.000 secs] [Times: user=0.00 sys=0.00, real=0.00 secs] 
2024-03-31T19:46:49.908+0800: 861.926: [GC (CMS Final Remark) [YG occupancy: 117948 K (117952 K)]2024-03-31T19:46:49.908+0800: 861.926: [Rescan (non-parallel) 2024-03-31T19:46:49.908+0800: 861.926: [grey object rescan, 0.0001001 secs]2024-03-31T19:46:49.908+0800: 861.926: [root rescan, 0.0800445 secs]2024-03-31T19:46:49.991+0800: 862.009: [visit unhandled CLDs, 0.0004347 secs]2024-03-31T19:46:49.991+0800: 862.010: [dirty klass scan, 0.0014464 secs], 0.0870107 secs]2024-03-31T19:46:49.995+0800: 862.013: [weak refs processing, 0.0001439 secs]2024-03-31T19:46:49.995+0800: 862.013: [class unloading, 0.0135826 secs]2024-03-31T19:46:50.009+0800: 862.027: [scrub symbol table, 0.0096279 secs]2024-03-31T19:46:50.019+0800: 862.037: [scrub string table, 0.0005558 secs][1 CMS-remark: 63K(64K)] 118012K(118016K), 0.1143650 secs] [Times: user=0.11 sys=0.00, real=0.12 secs] 
2024-03-31T19:46:50.023+0800: 862.041: [CMS-concurrent-sweep-start]
2024-03-31T19:46:50.023+0800: 862.041: [CMS-concurrent-sweep: 0.000/0.000 secs] [Times: user=0.00 sys=0.00, real=0.00 secs] 
2024-03-31T19:46:50.024+0800: 862.042: [CMS-concurrent-reset-start]
2024-03-31T19:46:50.024+0800: 862.043: [CMS-concurrent-reset: 0.000/0.000 secs] [Times: user=0.00 sys=0.00, real=0.00 secs] 
2024-03-31T19:46:50.025+0800: 862.044: [GC (Allocation Failure) 2024-03-31T19:46:50.026+0800: 862.044: [DefNew: 117952K->117952K(117952K), 0.0001416 secs]2024-03-31T19:46:50.026+0800: 862.044: [CMS: 63K->63K(64K), 0.1722109 secs] 118015K->80215K(118016K), [Metaspace: 78847K->78847K(1122304K)], 0.1729840 secs] [Times: user=0.17 sys=0.01, real=0.17 secs] 
2024-03-31T19:46:52.028+0800: 864.046: [GC (CMS Initial Mark) [1 CMS-initial-mark: 63K(64K)] 81359K(118016K), 0.0595280 secs] [Times: user=0.06 sys=0.00, real=0.06 secs] 
2024-03-31T19:46:52.088+0800: 864.107: [CMS-concurrent-mark-start]
2024-03-31T19:46:52.089+0800: 864.107: [CMS-concurrent-mark: 0.000/0.000 secs] [Times: user=0.00 sys=0.00, real=0.00 secs] 
2024-03-31T19:46:52.090+0800: 864.108: [CMS-concurrent-preclean-start]
2024-03-31T19:46:52.092+0800: 864.110: [CMS-concurrent-preclean: 0.001/0.001 secs] [Times: user=0.00 sys=0.00, real=0.00 secs] 
2024-03-31T19:46:52.092+0800: 864.111: [CMS-concurrent-abortable-preclean-start]
2024-03-31T19:46:52.093+0800: 864.111: [CMS-concurrent-abortable-preclean: 0.000/0.000 secs] [Times: user=0.00 sys=0.00, real=0.00 secs] 
2024-03-31T19:46:52.093+0800: 864.112: [GC (CMS Final Remark) [YG occupancy: 81295 K (117952 K)]2024-03-31T19:46:52.093+0800: 864.112: [Rescan (non-parallel) 2024-03-31T19:46:52.094+0800: 864.112: [grey object rescan, 0.0001145 secs]2024-03-31T19:46:52.094+0800: 864.112: [root rescan, 0.0581894 secs]2024-03-31T19:46:52.152+0800: 864.171: [visit unhandled CLDs, 0.0002271 secs]2024-03-31T19:46:52.153+0800: 864.171: [dirty klass scan, 0.0014263 secs], 0.0607067 secs]2024-03-31T19:46:52.154+0800: 864.173: [weak refs processing, 0.0002397 secs]2024-03-31T19:46:52.155+0800: 864.173: [class unloading, 0.0119934 secs]2024-03-31T19:46:52.167+0800: 864.185: [scrub symbol table, 0.0103416 secs]2024-03-31T19:46:52.177+0800: 864.196: [scrub string table, 0.0006201 secs][1 CMS-remark: 63K(64K)] 81359K(118016K), 0.0876006 secs] [Times: user=0.09 sys=0.00, real=0.09 secs] 
2024-03-31T19:46:52.181+0800: 864.200: [CMS-concurrent-sweep-start]
2024-03-31T19:46:52.181+0800: 864.200: [CMS-concurrent-sweep: 0.000/0.000 secs] [Times: user=0.00 sys=0.00, real=0.00 secs] 
2024-03-31T19:46:52.182+0800: 864.200: [CMS-concurrent-reset-start]
2024-03-31T19:46:52.182+0800: 864.200: [CMS-concurrent-reset: 0.000/0.000 secs] [Times: user=0.00 sys=0.00, real=0.00 secs] 
2024-03-31T19:46:54.187+0800: 866.206: [GC (CMS Initial Mark) [1 CMS-initial-mark: 63K(64K)] 81438K(118016K), 0.1010271 secs] [Times: user=0.10 sys=0.00, real=0.10 secs] 
2024-03-31T19:46:54.289+0800: 866.307: [CMS-concurrent-mark-start]
2024-03-31T19:46:54.290+0800: 866.308: [CMS-concurrent-mark: 0.000/0.000 secs] [Times: user=0.00 sys=0.00, real=0.01 secs] 
2024-03-31T19:46:54.290+0800: 866.308: [CMS-concurrent-preclean-start]
2024-03-31T19:46:54.292+0800: 866.310: [CMS-concurrent-preclean: 0.001/0.001 secs] [Times: user=0.00 sys=0.00, real=0.00 secs] 
2024-03-31T19:46:54.292+0800: 866.310: [CMS-concurrent-abortable-preclean-start]
2024-03-31T19:46:54.292+0800: 866.311: [CMS-concurrent-abortable-preclean: 0.000/0.000 secs] [Times: user=0.00 sys=0.00, real=0.00 secs] 
2024-03-31T19:46:54.293+0800: 866.311: [GC (CMS Final Remark) [YG occupancy: 81374 K (117952 K)]2024-03-31T19:46:54.293+0800: 866.312: [Rescan (non-parallel) 2024-03-31T19:46:54.293+0800: 866.312: [grey object rescan, 0.0001193 secs]2024-03-31T19:46:54.294+0800: 866.312: [root rescan, 0.0568457 secs]2024-03-31T19:46:54.351+0800: 866.369: [visit unhandled CLDs, 0.0001606 secs]2024-03-31T19:46:54.351+0800: 866.369: [dirty klass scan, 0.0011725 secs], 0.0589935 secs]2024-03-31T19:46:54.352+0800: 866.371: [weak refs processing, 0.0001385 secs]2024-03-31T19:46:54.353+0800: 866.371: [class unloading, 0.0109766 secs]2024-03-31T19:46:54.364+0800: 866.382: [scrub symbol table, 0.0097864 secs]2024-03-31T19:46:54.374+0800: 866.392: [scrub string table, 0.0005397 secs][1 CMS-remark: 63K(64K)] 81438K(118016K), 0.0838550 secs] [Times: user=0.08 sys=0.00, real=0.08 secs] 
2024-03-31T19:46:54.378+0800: 866.396: [CMS-concurrent-sweep-start]
2024-03-31T19:46:54.378+0800: 866.396: [CMS-concurrent-sweep: 0.000/0.000 secs] [Times: user=0.00 sys=0.00, real=0.00 secs] 
2024-03-31T19:46:54.378+0800: 866.397: [CMS-concurrent-reset-start]
2024-03-31T19:46:54.379+0800: 866.397: [CMS-concurrent-reset: 0.000/0.000 secs] [Times: user=0.00 sys=0.00, real=0.00 secs] 
2024-03-31T19:46:56.381+0800: 868.399: [GC (CMS Initial Mark) [1 CMS-initial-mark: 63K(64K)] 81719K(118016K), 0.0780992 secs] [Times: user=0.07 sys=0.00, real=0.08 secs] 
2024-03-31T19:46:56.460+0800: 868.478: [CMS-concurrent-mark-start]
2024-03-31T19:46:56.461+0800: 868.479: [CMS-concurrent-mark: 0.000/0.000 secs] [Times: user=0.00 sys=0.00, real=0.00 secs] 
2024-03-31T19:46:56.462+0800: 868.480: [CMS-concurrent-preclean-start]
2024-03-31T19:46:56.464+0800: 868.482: [CMS-concurrent-preclean: 0.001/0.001 secs] [Times: user=0.01 sys=0.00, real=0.00 secs] 
2024-03-31T19:46:56.464+0800: 868.482: [CMS-concurrent-abortable-preclean-start]
2024-03-31T19:46:56.464+0800: 868.483: [CMS-concurrent-abortable-preclean: 0.000/0.000 secs] [Times: user=0.00 sys=0.00, real=0.00 secs] 
2024-03-31T19:46:56.465+0800: 868.484: [GC (CMS Final Remark) [YG occupancy: 81662 K (117952 K)]2024-03-31T19:46:56.465+0800: 868.484: [Rescan (non-parallel) 2024-03-31T19:46:56.465+0800: 868.484: [grey object rescan, 0.0001164 secs]2024-03-31T19:46:56.466+0800: 868.484: [root rescan, 0.0565998 secs]2024-03-31T19:46:56.523+0800: 868.541: [visit unhandled CLDs, 0.0001537 secs]2024-03-31T19:46:56.523+0800: 868.541: [dirty klass scan, 0.0012365 secs], 0.0587394 secs]2024-03-31T19:46:56.524+0800: 868.543: [weak refs processing, 0.0002162 secs]2024-03-31T19:46:56.525+0800: 868.543: [class unloading, 0.0109555 secs]2024-03-31T19:46:56.536+0800: 868.554: [scrub symbol table, 0.0112733 secs]2024-03-31T19:46:56.547+0800: 868.566: [scrub string table, 0.0005259 secs][1 CMS-remark: 63K(64K)] 81726K(118016K), 0.0852775 secs] [Times: user=0.08 sys=0.00, real=0.09 secs] 
2024-03-31T19:46:56.551+0800: 868.569: [CMS-concurrent-sweep-start]
2024-03-31T19:46:56.551+0800: 868.570: [CMS-concurrent-sweep: 0.000/0.000 secs] [Times: user=0.00 sys=0.00, real=0.00 secs] 
2024-03-31T19:46:56.555+0800: 868.573: [CMS-concurrent-reset-start]
2024-03-31T19:46:56.555+0800: 868.573: [CMS-concurrent-reset: 0.000/0.000 secs] [Times: user=0.00 sys=0.00, real=0.00 secs] 
2024-03-31T19:46:58.559+0800: 870.577: [GC (CMS Initial Mark) [1 CMS-initial-mark: 63K(64K)] 81868K(118016K), 0.0799899 secs] [Times: user=0.08 sys=0.00, real=0.09 secs] 
2024-03-31T19:46:58.640+0800: 870.658: [CMS-concurrent-mark-start]
2024-03-31T19:46:58.641+0800: 870.659: [CMS-concurrent-mark: 0.000/0.000 secs] [Times: user=0.00 sys=0.00, real=0.00 secs] 
2024-03-31T19:46:58.641+0800: 870.660: [CMS-concurrent-preclean-start]
2024-03-31T19:46:58.643+0800: 870.662: [CMS-concurrent-preclean: 0.001/0.001 secs] [Times: user=0.00 sys=0.00, real=0.00 secs] 
2024-03-31T19:46:58.644+0800: 870.662: [CMS-concurrent-abortable-preclean-start]
2024-03-31T19:46:58.644+0800: 870.662: [CMS-concurrent-abortable-preclean: 0.000/0.000 secs] [Times: user=0.00 sys=0.00, real=0.00 secs] 
2024-03-31T19:46:58.645+0800: 870.663: [GC (CMS Final Remark) [YG occupancy: 81804 K (117952 K)]2024-03-31T19:46:58.645+0800: 870.663: [Rescan (non-parallel) 2024-03-31T19:46:58.645+0800: 870.663: [grey object rescan, 0.0001253 secs]2024-03-31T19:46:58.645+0800: 870.663: [root rescan, 0.0595598 secs]2024-03-31T19:46:58.705+0800: 870.723: [visit unhandled CLDs, 0.0001725 secs]2024-03-31T19:46:58.705+0800: 870.723: [dirty klass scan, 0.0013283 secs], 0.0618489 secs]2024-03-31T19:46:58.707+0800: 870.725: [weak refs processing, 0.0001365 secs]2024-03-31T19:46:58.707+0800: 870.725: [class unloading, 0.0123903 secs]2024-03-31T19:46:58.720+0800: 870.738: [scrub symbol table, 0.0125598 secs]2024-03-31T19:46:58.732+0800: 870.751: [scrub string table, 0.0005871 secs][1 CMS-remark: 63K(64K)] 81868K(118016K), 0.0909766 secs] [Times: user=0.09 sys=0.00, real=0.09 secs] 
2024-03-31T19:46:58.736+0800: 870.755: [CMS-concurrent-sweep-start]
2024-03-31T19:46:58.737+0800: 870.755: [CMS-concurrent-sweep: 0.000/0.000 secs] [Times: user=0.00 sys=0.00, real=0.00 secs] 
2024-03-31T19:46:58.737+0800: 870.755: [CMS-concurrent-reset-start]
2024-03-31T19:46:58.737+0800: 870.756: [CMS-concurrent-reset: 0.000/0.000 secs] [Times: user=0.00 sys=0.00, real=0.00 secs] 
2024-03-31T19:47:00.741+0800: 872.760: [GC (CMS Initial Mark) [1 CMS-initial-mark: 63K(64K)] 82558K(118016K), 0.0794681 secs] [Times: user=0.09 sys=0.00, real=0.08 secs] 
2024-03-31T19:47:00.822+0800: 872.840: [CMS-concurrent-mark-start]
2024-03-31T19:47:00.823+0800: 872.841: [CMS-concurrent-mark: 0.000/0.000 secs] [Times: user=0.00 sys=0.00, real=0.00 secs] 
2024-03-31T19:47:00.824+0800: 872.842: [CMS-concurrent-preclean-start]
2024-03-31T19:47:00.826+0800: 872.844: [CMS-concurrent-preclean: 0.001/0.001 secs] [Times: user=0.00 sys=0.00, real=0.00 secs] 
2024-03-31T19:47:00.826+0800: 872.845: [CMS-concurrent-abortable-preclean-start]
2024-03-31T19:47:00.827+0800: 872.845: [CMS-concurrent-abortable-preclean: 0.000/0.000 secs] [Times: user=0.00 sys=0.00, real=0.00 secs] 
2024-03-31T19:47:00.827+0800: 872.846: [GC (CMS Final Remark) [YG occupancy: 82494 K (117952 K)]2024-03-31T19:47:00.827+0800: 872.846: [Rescan (non-parallel) 2024-03-31T19:47:00.828+0800: 872.846: [grey object rescan, 0.0000913 secs]2024-03-31T19:47:00.828+0800: 872.846: [root rescan, 0.0599235 secs]2024-03-31T19:47:00.888+0800: 872.906: [visit unhandled CLDs, 0.0002132 secs]2024-03-31T19:47:00.888+0800: 872.907: [dirty klass scan, 0.0013191 secs], 0.0622744 secs]2024-03-31T19:47:00.890+0800: 872.908: [weak refs processing, 0.0001758 secs]2024-03-31T19:47:00.890+0800: 872.909: [class unloading, 0.0120847 secs]2024-03-31T19:47:00.903+0800: 872.921: [scrub symbol table, 0.0129606 secs]2024-03-31T19:47:00.916+0800: 872.934: [scrub string table, 0.0005373 secs][1 CMS-remark: 63K(64K)] 82558K(118016K), 0.0916312 secs] [Times: user=0.09 sys=0.00, real=0.10 secs] 
2024-03-31T19:47:00.920+0800: 872.938: [CMS-concurrent-sweep-start]
2024-03-31T19:47:00.920+0800: 872.938: [CMS-concurrent-sweep: 0.000/0.000 secs] [Times: user=0.00 sys=0.00, real=0.00 secs] 
2024-03-31T19:47:00.920+0800: 872.938: [CMS-concurrent-reset-start]
2024-03-31T19:47:00.920+0800: 872.938: [CMS-concurrent-reset: 0.000/0.000 secs] [Times: user=0.00 sys=0.00, real=0.00 secs] 
2024-03-31T19:47:02.924+0800: 874.942: [GC (CMS Initial Mark) [1 CMS-initial-mark: 63K(64K)] 82896K(118016K), 0.0655723 secs] [Times: user=0.07 sys=0.00, real=0.07 secs] 
2024-03-31T19:47:02.991+0800: 875.009: [CMS-concurrent-mark-start]
2024-03-31T19:47:02.992+0800: 875.010: [CMS-concurrent-mark: 0.000/0.000 secs] [Times: user=0.00 sys=0.00, real=0.00 secs] 
2024-03-31T19:47:02.993+0800: 875.012: [CMS-concurrent-preclean-start]
2024-03-31T19:47:02.995+0800: 875.014: [CMS-concurrent-preclean: 0.001/0.001 secs] [Times: user=0.00 sys=0.00, real=0.00 secs] 
2024-03-31T19:47:02.996+0800: 875.015: [CMS-concurrent-abortable-preclean-start]
2024-03-31T19:47:02.997+0800: 875.016: [CMS-concurrent-abortable-preclean: 0.000/0.000 secs] [Times: user=0.00 sys=0.00, real=0.00 secs] 
2024-03-31T19:47:02.998+0800: 875.016: [GC (CMS Final Remark) [YG occupancy: 82866 K (117952 K)]2024-03-31T19:47:02.998+0800: 875.017: [Rescan (non-parallel) 2024-03-31T19:47:02.998+0800: 875.017: [grey object rescan, 0.0001288 secs]2024-03-31T19:47:02.999+0800: 875.017: [root rescan, 0.0599234 secs]2024-03-31T19:47:03.059+0800: 875.077: [visit unhandled CLDs, 0.0001893 secs]2024-03-31T19:47:03.059+0800: 875.077: [dirty klass scan, 0.0018132 secs], 0.0628775 secs]2024-03-31T19:47:03.061+0800: 875.080: [weak refs processing, 0.0002461 secs]2024-03-31T19:47:03.062+0800: 875.080: [class unloading, 0.0133451 secs]2024-03-31T19:47:03.075+0800: 875.094: [scrub symbol table, 0.0173736 secs]2024-03-31T19:47:03.093+0800: 875.111: [scrub string table, 0.0007448 secs][1 CMS-remark: 63K(64K)] 82930K(118016K), 0.0983712 secs] [Times: user=0.10 sys=0.00, real=0.10 secs] 
2024-03-31T19:47:03.098+0800: 875.116: [CMS-concurrent-sweep-start]
2024-03-31T19:47:03.098+0800: 875.117: [CMS-concurrent-sweep: 0.000/0.000 secs] [Times: user=0.00 sys=0.00, real=0.00 secs] 
2024-03-31T19:47:03.100+0800: 875.118: [CMS-concurrent-reset-start]
2024-03-31T19:47:03.101+0800: 875.119: [CMS-concurrent-reset: 0.000/0.000 secs] [Times: user=0.00 sys=0.00, real=0.00 secs] 
2024-03-31T19:47:05.103+0800: 877.121: [GC (CMS Initial Mark) [1 CMS-initial-mark: 63K(64K)] 84079K(118016K), 0.0606385 secs] [Times: user=0.06 sys=0.00, real=0.06 secs] 
2024-03-31T19:47:05.164+0800: 877.183: [CMS-concurrent-mark-start]
2024-03-31T19:47:05.165+0800: 877.183: [CMS-concurrent-mark: 0.000/0.000 secs] [Times: user=0.00 sys=0.00, real=0.00 secs] 
2024-03-31T19:47:05.166+0800: 877.184: [CMS-concurrent-preclean-start]
2024-03-31T19:47:05.168+0800: 877.186: [CMS-concurrent-preclean: 0.001/0.001 secs] [Times: user=0.00 sys=0.00, real=0.00 secs] 
2024-03-31T19:47:05.169+0800: 877.187: [CMS-concurrent-abortable-preclean-start]
2024-03-31T19:47:05.169+0800: 877.188: [CMS-concurrent-abortable-preclean: 0.000/0.000 secs] [Times: user=0.00 sys=0.00, real=0.01 secs] 
2024-03-31T19:47:05.171+0800: 877.190: [GC (CMS Final Remark) [YG occupancy: 84031 K (117952 K)]2024-03-31T19:47:05.171+0800: 877.190: [Rescan (non-parallel) 2024-03-31T19:47:05.171+0800: 877.190: [grey object rescan, 0.0001768 secs]2024-03-31T19:47:05.172+0800: 877.190: [root rescan, 0.0618970 secs]2024-03-31T19:47:05.234+0800: 877.252: [visit unhandled CLDs, 0.0002242 secs]2024-03-31T19:47:05.234+0800: 877.253: [dirty klass scan, 0.0015545 secs], 0.0646875 secs]2024-03-31T19:47:05.236+0800: 877.255: [weak refs processing, 0.0001756 secs]2024-03-31T19:47:05.236+0800: 877.255: [class unloading, 0.0121058 secs]2024-03-31T19:47:05.249+0800: 877.267: [scrub symbol table, 0.0123933 secs]2024-03-31T19:47:05.261+0800: 877.280: [scrub string table, 0.0005917 secs][1 CMS-remark: 63K(64K)] 84095K(118016K), 0.0937590 secs] [Times: user=0.10 sys=0.00, real=0.09 secs] 
2024-03-31T19:47:05.266+0800: 877.284: [CMS-concurrent-sweep-start]
2024-03-31T19:47:05.267+0800: 877.285: [CMS-concurrent-sweep: 0.000/0.000 secs] [Times: user=0.00 sys=0.00, real=0.00 secs] 
2024-03-31T19:47:05.268+0800: 877.286: [CMS-concurrent-reset-start]
2024-03-31T19:47:05.268+0800: 877.286: [CMS-concurrent-reset: 0.000/0.000 secs] [Times: user=0.00 sys=0.00, real=0.00 secs] 
2024-03-31T19:47:07.275+0800: 879.294: [GC (CMS Initial Mark) [1 CMS-initial-mark: 63K(64K)] 85942K(118016K), 0.1018643 secs] [Times: user=0.10 sys=0.00, real=0.10 secs] 
2024-03-31T19:47:07.378+0800: 879.396: [CMS-concurrent-mark-start]
2024-03-31T19:47:07.379+0800: 879.397: [CMS-concurrent-mark: 0.000/0.000 secs] [Times: user=0.00 sys=0.00, real=0.00 secs] 
2024-03-31T19:47:07.379+0800: 879.398: [CMS-concurrent-preclean-start]
2024-03-31T19:47:07.381+0800: 879.399: [CMS-concurrent-preclean: 0.001/0.001 secs] [Times: user=0.00 sys=0.00, real=0.01 secs] 
2024-03-31T19:47:07.382+0800: 879.400: [CMS-concurrent-abortable-preclean-start]
2024-03-31T19:47:07.382+0800: 879.401: [CMS-concurrent-abortable-preclean: 0.000/0.000 secs] [Times: user=0.00 sys=0.00, real=0.00 secs] 
2024-03-31T19:47:07.383+0800: 879.402: [GC (CMS Final Remark) [YG occupancy: 85889 K (117952 K)]2024-03-31T19:47:07.384+0800: 879.402: [Rescan (non-parallel) 2024-03-31T19:47:07.384+0800: 879.402: [grey object rescan, 0.0001043 secs]2024-03-31T19:47:07.384+0800: 879.402: [root rescan, 0.0583635 secs]2024-03-31T19:47:07.443+0800: 879.461: [visit unhandled CLDs, 0.0001694 secs]2024-03-31T19:47:07.443+0800: 879.461: [dirty klass scan, 0.0011823 secs], 0.0604642 secs]2024-03-31T19:47:07.444+0800: 879.463: [weak refs processing, 0.0001382 secs]2024-03-31T19:47:07.444+0800: 879.463: [class unloading, 0.0114693 secs]2024-03-31T19:47:07.456+0800: 879.475: [scrub symbol table, 0.0103595 secs]2024-03-31T19:47:07.467+0800: 879.485: [scrub string table, 0.0007673 secs][1 CMS-remark: 63K(64K)] 85953K(118016K), 0.0866108 secs] [Times: user=0.09 sys=0.00, real=0.09 secs] 
2024-03-31T19:47:07.471+0800: 879.489: [CMS-concurrent-sweep-start]
2024-03-31T19:47:07.471+0800: 879.489: [CMS-concurrent-sweep: 0.000/0.000 secs] [Times: user=0.00 sys=0.00, real=0.00 secs] 
2024-03-31T19:47:07.471+0800: 879.490: [CMS-concurrent-reset-start]
2024-03-31T19:47:07.472+0800: 879.490: [CMS-concurrent-reset: 0.000/0.000 secs] [Times: user=0.00 sys=0.00, real=0.00 secs] 
2024-03-31T19:47:09.480+0800: 881.498: [GC (CMS Initial Mark) [1 CMS-initial-mark: 63K(64K)] 86126K(118016K), 0.1010780 secs] [Times: user=0.10 sys=0.00, real=0.10 secs] 
2024-03-31T19:47:09.581+0800: 881.600: [CMS-concurrent-mark-start]
2024-03-31T19:47:09.582+0800: 881.600: [CMS-concurrent-mark: 0.000/0.000 secs] [Times: user=0.00 sys=0.00, real=0.00 secs] 
2024-03-31T19:47:09.583+0800: 881.601: [CMS-concurrent-preclean-start]
2024-03-31T19:47:09.585+0800: 881.603: [CMS-concurrent-preclean: 0.001/0.001 secs] [Times: user=0.00 sys=0.00, real=0.00 secs] 
2024-03-31T19:47:09.585+0800: 881.604: [CMS-concurrent-abortable-preclean-start]
2024-03-31T19:47:09.586+0800: 881.604: [CMS-concurrent-abortable-preclean: 0.000/0.000 secs] [Times: user=0.00 sys=0.00, real=0.00 secs] 
2024-03-31T19:47:09.587+0800: 881.605: [GC (CMS Final Remark) [YG occupancy: 86062 K (117952 K)]2024-03-31T19:47:09.587+0800: 881.606: [Rescan (non-parallel) 2024-03-31T19:47:09.587+0800: 881.606: [grey object rescan, 0.0000995 secs]2024-03-31T19:47:09.587+0800: 881.606: [root rescan, 0.0592261 secs]2024-03-31T19:47:09.647+0800: 881.665: [visit unhandled CLDs, 0.0001638 secs]2024-03-31T19:47:09.647+0800: 881.666: [dirty klass scan, 0.0013670 secs], 0.0614856 secs]2024-03-31T19:47:09.649+0800: 881.667: [weak refs processing, 0.0001467 secs]2024-03-31T19:47:09.649+0800: 881.667: [class unloading, 0.0126401 secs]2024-03-31T19:47:09.662+0800: 881.680: [scrub symbol table, 0.0181089 secs]2024-03-31T19:47:09.680+0800: 881.699: [scrub string table, 0.0008053 secs][1 CMS-remark: 63K(64K)] 86126K(118016K), 0.0976792 secs] [Times: user=0.10 sys=0.00, real=0.10 secs] 
2024-03-31T19:47:09.686+0800: 881.705: [CMS-concurrent-sweep-start]
2024-03-31T19:47:09.687+0800: 881.705: [CMS-concurrent-sweep: 0.000/0.000 secs] [Times: user=0.00 sys=0.00, real=0.00 secs] 
2024-03-31T19:47:09.689+0800: 881.708: [CMS-concurrent-reset-start]
2024-03-31T19:47:09.690+0800: 881.708: [CMS-concurrent-reset: 0.000/0.000 secs] [Times: user=0.00 sys=0.00, real=0.01 secs] 
2024-03-31T19:47:11.698+0800: 883.717: [GC (CMS Initial Mark) [1 CMS-initial-mark: 63K(64K)] 86373K(118016K), 0.1114736 secs] [Times: user=0.11 sys=0.00, real=0.12 secs] 
2024-03-31T19:47:11.811+0800: 883.829: [CMS-concurrent-mark-start]
2024-03-31T19:47:11.812+0800: 883.830: [CMS-concurrent-mark: 0.000/0.000 secs] [Times: user=0.00 sys=0.00, real=0.00 secs] 
2024-03-31T19:47:11.812+0800: 883.831: [CMS-concurrent-preclean-start]
2024-03-31T19:47:11.815+0800: 883.833: [CMS-concurrent-preclean: 0.002/0.002 secs] [Times: user=0.01 sys=0.00, real=0.00 secs] 
2024-03-31T19:47:11.817+0800: 883.835: [CMS-concurrent-abortable-preclean-start]
2024-03-31T19:47:11.818+0800: 883.836: [CMS-concurrent-abortable-preclean: 0.000/0.000 secs] [Times: user=0.00 sys=0.00, real=0.00 secs] 
2024-03-31T19:47:11.823+0800: 883.841: [GC (CMS Final Remark) [YG occupancy: 86354 K (117952 K)]2024-03-31T19:47:11.823+0800: 883.842: [Rescan (non-parallel) 2024-03-31T19:47:11.824+0800: 883.842: [grey object rescan, 0.0002812 secs]2024-03-31T19:47:11.824+0800: 883.842: [root rescan, 0.0635275 secs]2024-03-31T19:47:11.888+0800: 883.906: [visit unhandled CLDs, 0.0002310 secs]2024-03-31T19:47:11.888+0800: 883.907: [dirty klass scan, 0.0016540 secs], 0.0669493 secs]2024-03-31T19:47:11.891+0800: 883.909: [weak refs processing, 0.0002813 secs]2024-03-31T19:47:11.891+0800: 883.909: [class unloading, 0.0254547 secs]2024-03-31T19:47:11.917+0800: 883.935: [scrub symbol table, 0.0147276 secs]2024-03-31T19:47:11.932+0800: 883.950: [scrub string table, 0.0006829 secs][1 CMS-remark: 63K(64K)] 86418K(118016K), 0.1123705 secs] [Times: user=0.11 sys=0.00, real=0.11 secs] 
2024-03-31T19:47:11.937+0800: 883.955: [CMS-concurrent-sweep-start]
2024-03-31T19:47:11.938+0800: 883.956: [CMS-concurrent-sweep: 0.000/0.000 secs] [Times: user=0.00 sys=0.01, real=0.00 secs] 
2024-03-31T19:47:11.939+0800: 883.958: [CMS-concurrent-reset-start]
2024-03-31T19:47:11.940+0800: 883.959: [CMS-concurrent-reset: 0.000/0.000 secs] [Times: user=0.00 sys=0.00, real=0.01 secs] 
2024-03-31T19:47:13.951+0800: 885.969: [GC (CMS Initial Mark) [1 CMS-initial-mark: 63K(64K)] 86583K(118016K), 0.0693935 secs] [Times: user=0.07 sys=0.00, real=0.07 secs] 
2024-03-31T19:47:14.021+0800: 886.039: [CMS-concurrent-mark-start]
2024-03-31T19:47:14.022+0800: 886.040: [CMS-concurrent-mark: 0.000/0.000 secs] [Times: user=0.01 sys=0.00, real=0.00 secs] 
2024-03-31T19:47:14.023+0800: 886.041: [CMS-concurrent-preclean-start]
2024-03-31T19:47:14.025+0800: 886.044: [CMS-concurrent-preclean: 0.001/0.001 secs] [Times: user=0.00 sys=0.01, real=0.00 secs] 
2024-03-31T19:47:14.026+0800: 886.044: [CMS-concurrent-abortable-preclean-start]
2024-03-31T19:47:14.026+0800: 886.045: [CMS-concurrent-abortable-preclean: 0.000/0.000 secs] [Times: user=0.00 sys=0.00, real=0.00 secs] 
2024-03-31T19:47:14.027+0800: 886.045: [GC (CMS Final Remark) [YG occupancy: 86531 K (117952 K)]2024-03-31T19:47:14.027+0800: 886.046: [Rescan (non-parallel) 2024-03-31T19:47:14.027+0800: 886.046: [grey object rescan, 0.0001154 secs]2024-03-31T19:47:14.027+0800: 886.046: [root rescan, 0.0629844 secs]2024-03-31T19:47:14.091+0800: 886.109: [visit unhandled CLDs, 0.0003210 secs]2024-03-31T19:47:14.091+0800: 886.110: [dirty klass scan, 0.0020320 secs], 0.0663595 secs]2024-03-31T19:47:14.094+0800: 886.112: [weak refs processing, 0.0001801 secs]2024-03-31T19:47:14.094+0800: 886.112: [class unloading, 0.0148003 secs]2024-03-31T19:47:14.109+0800: 886.128: [scrub symbol table, 0.0136970 secs]2024-03-31T19:47:14.123+0800: 886.141: [scrub string table, 0.0006682 secs][1 CMS-remark: 63K(64K)] 86595K(118016K), 0.0998744 secs] [Times: user=0.10 sys=0.00, real=0.10 secs] 
2024-03-31T19:47:14.128+0800: 886.146: [CMS-concurrent-sweep-start]
2024-03-31T19:47:14.129+0800: 886.147: [CMS-concurrent-sweep: 0.000/0.000 secs] [Times: user=0.00 sys=0.00, real=0.00 secs] 
2024-03-31T19:47:14.131+0800: 886.150: [CMS-concurrent-reset-start]
2024-03-31T19:47:14.133+0800: 886.151: [CMS-concurrent-reset: 0.000/0.000 secs] [Times: user=0.00 sys=0.00, real=0.00 secs] 
2024-03-31T19:47:16.140+0800: 888.159: [GC (CMS Initial Mark) [1 CMS-initial-mark: 63K(64K)] 86848K(118016K), 0.1029860 secs] [Times: user=0.10 sys=0.00, real=0.10 secs] 
2024-03-31T19:47:16.244+0800: 888.263: [CMS-concurrent-mark-start]
2024-03-31T19:47:16.245+0800: 888.264: [CMS-concurrent-mark: 0.000/0.000 secs] [Times: user=0.00 sys=0.01, real=0.00 secs] 
2024-03-31T19:47:16.247+0800: 888.265: [CMS-concurrent-preclean-start]
2024-03-31T19:47:16.249+0800: 888.267: [CMS-concurrent-preclean: 0.001/0.001 secs] [Times: user=0.01 sys=0.00, real=0.00 secs] 
2024-03-31T19:47:16.250+0800: 888.269: [CMS-concurrent-abortable-preclean-start]
2024-03-31T19:47:16.251+0800: 888.270: [CMS-concurrent-abortable-preclean: 0.000/0.000 secs] [Times: user=0.00 sys=0.00, real=0.00 secs] 
2024-03-31T19:47:16.253+0800: 888.271: [GC (CMS Final Remark) [YG occupancy: 86791 K (117952 K)]2024-03-31T19:47:16.253+0800: 888.271: [Rescan (non-parallel) 2024-03-31T19:47:16.253+0800: 888.271: [grey object rescan, 0.0001055 secs]2024-03-31T19:47:16.253+0800: 888.272: [root rescan, 0.0587846 secs]2024-03-31T19:47:16.312+0800: 888.331: [visit unhandled CLDs, 0.0001546 secs]2024-03-31T19:47:16.312+0800: 888.331: [dirty klass scan, 0.0011674 secs], 0.0608277 secs]2024-03-31T19:47:16.314+0800: 888.332: [weak refs processing, 0.0001492 secs]2024-03-31T19:47:16.314+0800: 888.332: [class unloading, 0.0111180 secs]2024-03-31T19:47:16.325+0800: 888.344: [scrub symbol table, 0.0095384 secs]2024-03-31T19:47:16.335+0800: 888.353: [scrub string table, 0.0005143 secs][1 CMS-remark: 63K(64K)] 86855K(118016K), 0.0854081 secs] [Times: user=0.08 sys=0.00, real=0.08 secs] 
2024-03-31T19:47:16.339+0800: 888.357: [CMS-concurrent-sweep-start]
2024-03-31T19:47:16.339+0800: 888.357: [CMS-concurrent-sweep: 0.000/0.000 secs] [Times: user=0.00 sys=0.00, real=0.00 secs] 
2024-03-31T19:47:16.339+0800: 888.358: [CMS-concurrent-reset-start]
2024-03-31T19:47:16.339+0800: 888.358: [CMS-concurrent-reset: 0.000/0.000 secs] [Times: user=0.00 sys=0.00, real=0.00 secs] 
2024-03-31T19:47:18.342+0800: 890.361: [GC (CMS Initial Mark) [1 CMS-initial-mark: 63K(64K)] 87159K(118016K), 0.0864331 secs] [Times: user=0.09 sys=0.00, real=0.09 secs] 
2024-03-31T19:47:18.430+0800: 890.448: [CMS-concurrent-mark-start]
2024-03-31T19:47:18.430+0800: 890.449: [CMS-concurrent-mark: 0.000/0.000 secs] [Times: user=0.00 sys=0.00, real=0.00 secs] 
2024-03-31T19:47:18.431+0800: 890.450: [CMS-concurrent-preclean-start]
2024-03-31T19:47:18.433+0800: 890.451: [CMS-concurrent-preclean: 0.001/0.001 secs] [Times: user=0.00 sys=0.00, real=0.00 secs] 
2024-03-31T19:47:18.434+0800: 890.452: [CMS-concurrent-abortable-preclean-start]
2024-03-31T19:47:18.434+0800: 890.452: [CMS-concurrent-abortable-preclean: 0.000/0.000 secs] [Times: user=0.00 sys=0.00, real=0.00 secs] 
2024-03-31T19:47:18.435+0800: 890.453: [GC (CMS Final Remark) [YG occupancy: 87095 K (117952 K)]2024-03-31T19:47:18.435+0800: 890.453: [Rescan (non-parallel) 2024-03-31T19:47:18.435+0800: 890.453: [grey object rescan, 0.0001057 secs]2024-03-31T19:47:18.435+0800: 890.454: [root rescan, 0.0593268 secs]2024-03-31T19:47:18.495+0800: 890.513: [visit unhandled CLDs, 0.0001580 secs]2024-03-31T19:47:18.495+0800: 890.513: [dirty klass scan, 0.0011950 secs], 0.0613784 secs]2024-03-31T19:47:18.496+0800: 890.515: [weak refs processing, 0.0001420 secs]2024-03-31T19:47:18.497+0800: 890.515: [class unloading, 0.0111765 secs]2024-03-31T19:47:18.508+0800: 890.526: [scrub symbol table, 0.0096238 secs]2024-03-31T19:47:18.518+0800: 890.536: [scrub string table, 0.0005273 secs][1 CMS-remark: 63K(64K)] 87159K(118016K), 0.0862159 secs] [Times: user=0.08 sys=0.00, real=0.09 secs] 
2024-03-31T19:47:18.522+0800: 890.540: [CMS-concurrent-sweep-start]
2024-03-31T19:47:18.522+0800: 890.540: [CMS-concurrent-sweep: 0.000/0.000 secs] [Times: user=0.00 sys=0.00, real=0.00 secs] 
2024-03-31T19:47:18.523+0800: 890.541: [CMS-concurrent-reset-start]
2024-03-31T19:47:18.523+0800: 890.542: [CMS-concurrent-reset: 0.000/0.000 secs] [Times: user=0.00 sys=0.00, real=0.00 secs] 
2024-03-31T19:47:20.545+0800: 892.564: [GC (CMS Initial Mark) [1 CMS-initial-mark: 63K(64K)] 87434K(118016K), 0.0937263 secs] [Times: user=0.10 sys=0.00, real=0.10 secs] 
2024-03-31T19:47:20.640+0800: 892.658: [CMS-concurrent-mark-start]
2024-03-31T19:47:20.641+0800: 892.659: [CMS-concurrent-mark: 0.000/0.000 secs] [Times: user=0.00 sys=0.00, real=0.00 secs] 
2024-03-31T19:47:20.642+0800: 892.660: [CMS-concurrent-preclean-start]
2024-03-31T19:47:20.643+0800: 892.662: [CMS-concurrent-preclean: 0.001/0.001 secs] [Times: user=0.00 sys=0.00, real=0.00 secs] 
2024-03-31T19:47:20.645+0800: 892.663: [CMS-concurrent-abortable-preclean-start]
2024-03-31T19:47:20.646+0800: 892.664: [CMS-concurrent-abortable-preclean: 0.000/0.000 secs] [Times: user=0.00 sys=0.00, real=0.00 secs] 
2024-03-31T19:47:20.646+0800: 892.665: [GC (CMS Final Remark) [YG occupancy: 87491 K (117952 K)]2024-03-31T19:47:20.647+0800: 892.665: [Rescan (non-parallel) 2024-03-31T19:47:20.647+0800: 892.665: [grey object rescan, 0.0001030 secs]2024-03-31T19:47:20.647+0800: 892.665: [root rescan, 0.0595823 secs]2024-03-31T19:47:20.707+0800: 892.725: [visit unhandled CLDs, 0.0001414 secs]2024-03-31T19:47:20.707+0800: 892.725: [dirty klass scan, 0.0012146 secs], 0.0616550 secs]2024-03-31T19:47:20.708+0800: 892.727: [weak refs processing, 0.0001400 secs]2024-03-31T19:47:20.709+0800: 892.727: [class unloading, 0.0111847 secs]2024-03-31T19:47:20.720+0800: 892.738: [scrub symbol table, 0.0100793 secs]2024-03-31T19:47:20.730+0800: 892.749: [scrub string table, 0.0005093 secs][1 CMS-remark: 63K(64K)] 87555K(118016K), 0.0869476 secs] [Times: user=0.09 sys=0.00, real=0.09 secs] 
2024-03-31T19:47:20.734+0800: 892.753: [CMS-concurrent-sweep-start]
2024-03-31T19:47:20.734+0800: 892.753: [CMS-concurrent-sweep: 0.000/0.000 secs] [Times: user=0.00 sys=0.00, real=0.00 secs] 
2024-03-31T19:47:20.735+0800: 892.753: [CMS-concurrent-reset-start]
2024-03-31T19:47:20.735+0800: 892.754: [CMS-concurrent-reset: 0.000/0.000 secs] [Times: user=0.00 sys=0.00, real=0.00 secs] 
2024-03-31T19:47:22.739+0800: 894.757: [GC (CMS Initial Mark) [1 CMS-initial-mark: 63K(64K)] 87825K(118016K), 0.0838091 secs] [Times: user=0.09 sys=0.00, real=0.09 secs] 
2024-03-31T19:47:22.823+0800: 894.842: [CMS-concurrent-mark-start]
2024-03-31T19:47:22.824+0800: 894.843: [CMS-concurrent-mark: 0.000/0.000 secs] [Times: user=0.00 sys=0.00, real=0.00 secs] 
2024-03-31T19:47:22.825+0800: 894.843: [CMS-concurrent-preclean-start]
2024-03-31T19:47:22.827+0800: 894.845: [CMS-concurrent-preclean: 0.001/0.001 secs] [Times: user=0.00 sys=0.00, real=0.00 secs] 
2024-03-31T19:47:22.828+0800: 894.846: [CMS-concurrent-abortable-preclean-start]
2024-03-31T19:47:22.828+0800: 894.846: [CMS-concurrent-abortable-preclean: 0.000/0.000 secs] [Times: user=0.00 sys=0.00, real=0.00 secs] 
2024-03-31T19:47:22.829+0800: 894.847: [GC (CMS Final Remark) [YG occupancy: 87762 K (117952 K)]2024-03-31T19:47:22.829+0800: 894.848: [Rescan (non-parallel) 2024-03-31T19:47:22.829+0800: 894.848: [grey object rescan, 0.0001591 secs]2024-03-31T19:47:22.830+0800: 894.848: [root rescan, 0.0675175 secs]2024-03-31T19:47:22.898+0800: 894.916: [visit unhandled CLDs, 0.0002313 secs]2024-03-31T19:47:22.898+0800: 894.916: [dirty klass scan, 0.0015974 secs], 0.0704863 secs]2024-03-31T19:47:22.900+0800: 894.918: [weak refs processing, 0.0002350 secs]2024-03-31T19:47:22.900+0800: 894.919: [class unloading, 0.0122017 secs]2024-03-31T19:47:22.913+0800: 894.931: [scrub symbol table, 0.0107456 secs]2024-03-31T19:47:22.924+0800: 894.942: [scrub string table, 0.0006865 secs][1 CMS-remark: 63K(64K)] 87825K(118016K), 0.0983024 secs] [Times: user=0.10 sys=0.00, real=0.10 secs] 
2024-03-31T19:47:22.928+0800: 894.946: [CMS-concurrent-sweep-start]
2024-03-31T19:47:22.928+0800: 894.947: [CMS-concurrent-sweep: 0.000/0.000 secs] [Times: user=0.00 sys=0.00, real=0.00 secs] 
2024-03-31T19:47:22.930+0800: 894.948: [CMS-concurrent-reset-start]
2024-03-31T19:47:22.931+0800: 894.949: [CMS-concurrent-reset: 0.000/0.000 secs] [Times: user=0.00 sys=0.00, real=0.00 secs] 
2024-03-31T19:47:24.935+0800: 896.953: [GC (CMS Initial Mark) [1 CMS-initial-mark: 63K(64K)] 88052K(118016K), 0.0814767 secs] [Times: user=0.08 sys=0.00, real=0.08 secs] 
2024-03-31T19:47:25.017+0800: 897.036: [CMS-concurrent-mark-start]
2024-03-31T19:47:25.018+0800: 897.037: [CMS-concurrent-mark: 0.000/0.000 secs] [Times: user=0.00 sys=0.00, real=0.00 secs] 
2024-03-31T19:47:25.019+0800: 897.037: [CMS-concurrent-preclean-start]
2024-03-31T19:47:25.021+0800: 897.040: [CMS-concurrent-preclean: 0.001/0.001 secs] [Times: user=0.00 sys=0.00, real=0.01 secs] 
2024-03-31T19:47:25.021+0800: 897.040: [CMS-concurrent-abortable-preclean-start]
2024-03-31T19:47:25.021+0800: 897.040: [CMS-concurrent-abortable-preclean: 0.000/0.000 secs] [Times: user=0.00 sys=0.00, real=0.00 secs] 
2024-03-31T19:47:25.022+0800: 897.041: [GC (CMS Final Remark) [YG occupancy: 87988 K (117952 K)]2024-03-31T19:47:25.022+0800: 897.041: [Rescan (non-parallel) 2024-03-31T19:47:25.023+0800: 897.041: [grey object rescan, 0.0000988 secs]2024-03-31T19:47:25.023+0800: 897.041: [root rescan, 0.0619360 secs]2024-03-31T19:47:25.085+0800: 897.103: [visit unhandled CLDs, 0.0001989 secs]2024-03-31T19:47:25.085+0800: 897.104: [dirty klass scan, 0.0013845 secs], 0.0642855 secs]2024-03-31T19:47:25.087+0800: 897.105: [weak refs processing, 0.0001305 secs]2024-03-31T19:47:25.087+0800: 897.105: [class unloading, 0.0122517 secs]2024-03-31T19:47:25.099+0800: 897.118: [scrub symbol table, 0.0102866 secs]2024-03-31T19:47:25.110+0800: 897.128: [scrub string table, 0.0005572 secs][1 CMS-remark: 63K(64K)] 88052K(118016K), 0.0908762 secs] [Times: user=0.09 sys=0.00, real=0.09 secs] 
2024-03-31T19:47:25.114+0800: 897.132: [CMS-concurrent-sweep-start]
2024-03-31T19:47:25.114+0800: 897.133: [CMS-concurrent-sweep: 0.000/0.000 secs] [Times: user=0.00 sys=0.00, real=0.00 secs] 
2024-03-31T19:47:25.115+0800: 897.133: [CMS-concurrent-reset-start]
2024-03-31T19:47:25.115+0800: 897.134: [CMS-concurrent-reset: 0.000/0.000 secs] [Times: user=0.00 sys=0.00, real=0.00 secs] 
2024-03-31T19:47:27.120+0800: 899.138: [GC (CMS Initial Mark) [1 CMS-initial-mark: 63K(64K)] 88255K(118016K), 0.0938236 secs] [Times: user=0.09 sys=0.00, real=0.09 secs] 
2024-03-31T19:47:27.214+0800: 899.233: [CMS-concurrent-mark-start]
2024-03-31T19:47:27.215+0800: 899.233: [CMS-concurrent-mark: 0.000/0.000 secs] [Times: user=0.00 sys=0.00, real=0.00 secs] 
2024-03-31T19:47:27.216+0800: 899.235: [CMS-concurrent-preclean-start]
2024-03-31T19:47:27.218+0800: 899.237: [CMS-concurrent-preclean: 0.001/0.001 secs] [Times: user=0.01 sys=0.00, real=0.00 secs] 
2024-03-31T19:47:27.219+0800: 899.237: [CMS-concurrent-abortable-preclean-start]
2024-03-31T19:47:27.220+0800: 899.238: [CMS-concurrent-abortable-preclean: 0.000/0.000 secs] [Times: user=0.00 sys=0.00, real=0.01 secs] 
2024-03-31T19:47:27.220+0800: 899.239: [GC (CMS Final Remark) [YG occupancy: 88192 K (117952 K)]2024-03-31T19:47:27.221+0800: 899.239: [Rescan (non-parallel) 2024-03-31T19:47:27.221+0800: 899.239: [grey object rescan, 0.0001310 secs]2024-03-31T19:47:27.221+0800: 899.239: [root rescan, 0.0624319 secs]2024-03-31T19:47:27.284+0800: 899.302: [visit unhandled CLDs, 0.0003216 secs]2024-03-31T19:47:27.284+0800: 899.303: [dirty klass scan, 0.0018707 secs], 0.0656472 secs]2024-03-31T19:47:27.286+0800: 899.305: [weak refs processing, 0.0001706 secs]2024-03-31T19:47:27.287+0800: 899.305: [class unloading, 0.0119638 secs]2024-03-31T19:47:27.299+0800: 899.317: [scrub symbol table, 0.0105211 secs]2024-03-31T19:47:27.309+0800: 899.328: [scrub string table, 0.0006125 secs][1 CMS-remark: 63K(64K)] 88255K(118016K), 0.0925356 secs] [Times: user=0.09 sys=0.00, real=0.09 secs] 
2024-03-31T19:47:27.314+0800: 899.332: [CMS-concurrent-sweep-start]
2024-03-31T19:47:27.314+0800: 899.333: [CMS-concurrent-sweep: 0.000/0.000 secs] [Times: user=0.00 sys=0.00, real=0.00 secs] 
2024-03-31T19:47:27.315+0800: 899.334: [CMS-concurrent-reset-start]
2024-03-31T19:47:27.316+0800: 899.334: [CMS-concurrent-reset: 0.000/0.000 secs] [Times: user=0.00 sys=0.00, real=0.00 secs] 
2024-03-31T19:47:29.325+0800: 901.344: [GC (CMS Initial Mark) [1 CMS-initial-mark: 63K(64K)] 88784K(118016K), 0.1026090 secs] [Times: user=0.10 sys=0.00, real=0.10 secs] 
2024-03-31T19:47:29.429+0800: 901.447: [CMS-concurrent-mark-start]
2024-03-31T19:47:29.430+0800: 901.448: [CMS-concurrent-mark: 0.000/0.000 secs] [Times: user=0.00 sys=0.00, real=0.01 secs] 
2024-03-31T19:47:29.431+0800: 901.449: [CMS-concurrent-preclean-start]
2024-03-31T19:47:29.433+0800: 901.451: [CMS-concurrent-preclean: 0.001/0.001 secs] [Times: user=0.00 sys=0.00, real=0.00 secs] 
2024-03-31T19:47:29.434+0800: 901.452: [CMS-concurrent-abortable-preclean-start]
2024-03-31T19:47:29.434+0800: 901.453: [CMS-concurrent-abortable-preclean: 0.000/0.000 secs] [Times: user=0.00 sys=0.00, real=0.00 secs] 
2024-03-31T19:47:29.435+0800: 901.454: [GC (CMS Final Remark) [YG occupancy: 88721 K (117952 K)]2024-03-31T19:47:29.435+0800: 901.454: [Rescan (non-parallel) 2024-03-31T19:47:29.435+0800: 901.454: [grey object rescan, 0.0001311 secs]2024-03-31T19:47:29.436+0800: 901.454: [root rescan, 0.0605185 secs]2024-03-31T19:47:29.496+0800: 901.515: [visit unhandled CLDs, 0.0001613 secs]2024-03-31T19:47:29.497+0800: 901.515: [dirty klass scan, 0.0012587 secs], 0.0627275 secs]2024-03-31T19:47:29.498+0800: 901.517: [weak refs processing, 0.0001580 secs]2024-03-31T19:47:29.498+0800: 901.517: [class unloading, 0.0113156 secs]2024-03-31T19:47:29.510+0800: 901.528: [scrub symbol table, 0.0096821 secs]2024-03-31T19:47:29.520+0800: 901.538: [scrub string table, 0.0005281 secs][1 CMS-remark: 63K(64K)] 88784K(118016K), 0.0876770 secs] [Times: user=0.08 sys=0.00, real=0.09 secs] 
2024-03-31T19:47:29.523+0800: 901.542: [CMS-concurrent-sweep-start]
2024-03-31T19:47:29.524+0800: 901.542: [CMS-concurrent-sweep: 0.000/0.000 secs] [Times: user=0.00 sys=0.00, real=0.00 secs] 
2024-03-31T19:47:29.525+0800: 901.543: [CMS-concurrent-reset-start]
2024-03-31T19:47:29.525+0800: 901.544: [CMS-concurrent-reset: 0.000/0.000 secs] [Times: user=0.00 sys=0.00, real=0.00 secs] 
2024-03-31T19:47:31.533+0800: 903.550: [GC (CMS Initial Mark) [1 CMS-initial-mark: 63K(64K)] 88980K(118016K), 0.0755498 secs] [Times: user=0.07 sys=0.00, real=0.07 secs] 
2024-03-31T19:47:31.609+0800: 903.626: [CMS-concurrent-mark-start]
2024-03-31T19:47:31.610+0800: 903.627: [CMS-concurrent-mark: 0.000/0.000 secs] [Times: user=0.00 sys=0.00, real=0.00 secs] 
2024-03-31T19:47:31.611+0800: 903.628: [CMS-concurrent-preclean-start]
2024-03-31T19:47:31.613+0800: 903.629: [CMS-concurrent-preclean: 0.001/0.001 secs] [Times: user=0.01 sys=0.00, real=0.01 secs] 
2024-03-31T19:47:31.613+0800: 903.630: [CMS-concurrent-abortable-preclean-start]
2024-03-31T19:47:31.613+0800: 903.630: [CMS-concurrent-abortable-preclean: 0.000/0.000 secs] [Times: user=0.00 sys=0.00, real=0.00 secs] 
2024-03-31T19:47:31.614+0800: 903.631: [GC (CMS Final Remark) [YG occupancy: 88916 K (117952 K)]2024-03-31T19:47:31.614+0800: 903.631: [Rescan (non-parallel) 2024-03-31T19:47:31.614+0800: 903.631: [grey object rescan, 0.0000956 secs]2024-03-31T19:47:31.614+0800: 903.631: [root rescan, 0.0628998 secs]2024-03-31T19:47:31.678+0800: 903.694: [visit unhandled CLDs, 0.0002202 secs]2024-03-31T19:47:31.678+0800: 903.695: [dirty klass scan, 0.0014015 secs], 0.0655011 secs]2024-03-31T19:47:31.680+0800: 903.696: [weak refs processing, 0.0002413 secs]2024-03-31T19:47:31.680+0800: 903.697: [class unloading, 0.0109569 secs]2024-03-31T19:47:31.691+0800: 903.708: [scrub symbol table, 0.0126221 secs]2024-03-31T19:47:31.704+0800: 903.721: [scrub string table, 0.0006100 secs][1 CMS-remark: 63K(64K)] 88980K(118016K), 0.0936354 secs] [Times: user=0.09 sys=0.01, real=0.09 secs] 
2024-03-31T19:47:31.708+0800: 903.725: [CMS-concurrent-sweep-start]
2024-03-31T19:47:31.709+0800: 903.725: [CMS-concurrent-sweep: 0.000/0.000 secs] [Times: user=0.00 sys=0.00, real=0.00 secs] 
2024-03-31T19:47:31.709+0800: 903.726: [CMS-concurrent-reset-start]
2024-03-31T19:47:31.709+0800: 903.726: [CMS-concurrent-reset: 0.000/0.000 secs] [Times: user=0.00 sys=0.00, real=0.00 secs] 
2024-03-31T19:47:33.717+0800: 905.733: [GC (CMS Initial Mark) [1 CMS-initial-mark: 63K(64K)] 89131K(118016K), 0.1041150 secs] [Times: user=0.11 sys=0.00, real=0.11 secs] 
2024-03-31T19:47:33.822+0800: 905.838: [CMS-concurrent-mark-start]
2024-03-31T19:47:33.823+0800: 905.839: [CMS-concurrent-mark: 0.000/0.000 secs] [Times: user=0.00 sys=0.00, real=0.00 secs] 
2024-03-31T19:47:33.824+0800: 905.840: [CMS-concurrent-preclean-start]
2024-03-31T19:47:33.826+0800: 905.843: [CMS-concurrent-preclean: 0.001/0.001 secs] [Times: user=0.00 sys=0.00, real=0.00 secs] 
2024-03-31T19:47:33.826+0800: 905.843: [CMS-concurrent-abortable-preclean-start]
2024-03-31T19:47:33.827+0800: 905.843: [CMS-concurrent-abortable-preclean: 0.000/0.000 secs] [Times: user=0.00 sys=0.00, real=0.00 secs] 
2024-03-31T19:47:33.828+0800: 905.844: [GC (CMS Final Remark) [YG occupancy: 89067 K (117952 K)]2024-03-31T19:47:33.828+0800: 905.845: [Rescan (non-parallel) 2024-03-31T19:47:33.828+0800: 905.845: [grey object rescan, 0.0001168 secs]2024-03-31T19:47:33.828+0800: 905.845: [root rescan, 0.0622391 secs]2024-03-31T19:47:33.891+0800: 905.907: [visit unhandled CLDs, 0.0002315 secs]2024-03-31T19:47:33.891+0800: 905.908: [dirty klass scan, 0.0013822 secs], 0.0646185 secs]2024-03-31T19:47:33.892+0800: 905.909: [weak refs processing, 0.0001681 secs]2024-03-31T19:47:33.893+0800: 905.910: [class unloading, 0.0119098 secs]2024-03-31T19:47:33.905+0800: 905.922: [scrub symbol table, 0.0098249 secs]2024-03-31T19:47:33.915+0800: 905.932: [scrub string table, 0.0005173 secs][1 CMS-remark: 63K(64K)] 89131K(118016K), 0.0904271 secs] [Times: user=0.09 sys=0.00, real=0.09 secs] 
2024-03-31T19:47:33.919+0800: 905.935: [CMS-concurrent-sweep-start]
2024-03-31T19:47:33.919+0800: 905.935: [CMS-concurrent-sweep: 0.000/0.000 secs] [Times: user=0.00 sys=0.00, real=0.00 secs] 
2024-03-31T19:47:33.919+0800: 905.936: [CMS-concurrent-reset-start]
2024-03-31T19:47:33.919+0800: 905.936: [CMS-concurrent-reset: 0.000/0.000 secs] [Times: user=0.00 sys=0.00, real=0.00 secs] 
2024-03-31T19:47:35.924+0800: 907.941: [GC (CMS Initial Mark) [1 CMS-initial-mark: 63K(64K)] 89497K(118016K), 0.0769539 secs] [Times: user=0.08 sys=0.00, real=0.08 secs] 
2024-03-31T19:47:36.002+0800: 908.019: [CMS-concurrent-mark-start]
2024-03-31T19:47:36.003+0800: 908.020: [CMS-concurrent-mark: 0.000/0.000 secs] [Times: user=0.00 sys=0.00, real=0.00 secs] 
2024-03-31T19:47:36.004+0800: 908.021: [CMS-concurrent-preclean-start]
2024-03-31T19:47:36.006+0800: 908.023: [CMS-concurrent-preclean: 0.001/0.001 secs] [Times: user=0.01 sys=0.00, real=0.00 secs] 
2024-03-31T19:47:36.006+0800: 908.023: [CMS-concurrent-abortable-preclean-start]
2024-03-31T19:47:36.006+0800: 908.023: [CMS-concurrent-abortable-preclean: 0.000/0.000 secs] [Times: user=0.00 sys=0.00, real=0.00 secs] 
2024-03-31T19:47:36.007+0800: 908.024: [GC (CMS Final Remark) [YG occupancy: 89433 K (117952 K)]2024-03-31T19:47:36.008+0800: 908.024: [Rescan (non-parallel) 2024-03-31T19:47:36.008+0800: 908.025: [grey object rescan, 0.0001280 secs]2024-03-31T19:47:36.008+0800: 908.025: [root rescan, 0.0630720 secs]2024-03-31T19:47:36.071+0800: 908.088: [visit unhandled CLDs, 0.0002052 secs]2024-03-31T19:47:36.072+0800: 908.088: [dirty klass scan, 0.0014633 secs], 0.0657349 secs]2024-03-31T19:47:36.073+0800: 908.090: [weak refs processing, 0.0002097 secs]2024-03-31T19:47:36.074+0800: 908.091: [class unloading, 0.0114374 secs]2024-03-31T19:47:36.086+0800: 908.102: [scrub symbol table, 0.0120422 secs]2024-03-31T19:47:36.098+0800: 908.115: [scrub string table, 0.0006679 secs][1 CMS-remark: 63K(64K)] 89497K(118016K), 0.0940046 secs] [Times: user=0.09 sys=0.01, real=0.10 secs] 
2024-03-31T19:47:36.102+0800: 908.119: [CMS-concurrent-sweep-start]
2024-03-31T19:47:36.102+0800: 908.119: [CMS-concurrent-sweep: 0.000/0.000 secs] [Times: user=0.00 sys=0.00, real=0.00 secs] 
2024-03-31T19:47:36.103+0800: 908.120: [CMS-concurrent-reset-start]
2024-03-31T19:47:36.103+0800: 908.120: [CMS-concurrent-reset: 0.000/0.000 secs] [Times: user=0.00 sys=0.00, real=0.00 secs] 
2024-03-31T19:47:38.108+0800: 910.125: [GC (CMS Initial Mark) [1 CMS-initial-mark: 63K(64K)] 89640K(118016K), 0.0825794 secs] [Times: user=0.08 sys=0.00, real=0.09 secs] 
2024-03-31T19:47:38.192+0800: 910.209: [CMS-concurrent-mark-start]
2024-03-31T19:47:38.194+0800: 910.211: [CMS-concurrent-mark: 0.000/0.000 secs] [Times: user=0.01 sys=0.00, real=0.00 secs] 
2024-03-31T19:47:38.196+0800: 910.213: [CMS-concurrent-preclean-start]
2024-03-31T19:47:38.199+0800: 910.216: [CMS-concurrent-preclean: 0.002/0.002 secs] [Times: user=0.00 sys=0.01, real=0.00 secs] 
2024-03-31T19:47:38.202+0800: 910.219: [CMS-concurrent-abortable-preclean-start]
2024-03-31T19:47:38.203+0800: 910.220: [CMS-concurrent-abortable-preclean: 0.000/0.000 secs] [Times: user=0.00 sys=0.00, real=0.01 secs] 
2024-03-31T19:47:38.204+0800: 910.221: [GC (CMS Final Remark) [YG occupancy: 89576 K (117952 K)]2024-03-31T19:47:38.205+0800: 910.222: [Rescan (non-parallel) 2024-03-31T19:47:38.205+0800: 910.222: [grey object rescan, 0.0005166 secs]2024-03-31T19:47:38.206+0800: 910.223: [root rescan, 0.0661834 secs]2024-03-31T19:47:38.274+0800: 910.290: [visit unhandled CLDs, 0.0004108 secs]2024-03-31T19:47:38.274+0800: 910.291: [dirty klass scan, 0.0037752 secs], 0.0735823 secs]2024-03-31T19:47:38.279+0800: 910.296: [weak refs processing, 0.0003975 secs]2024-03-31T19:47:38.279+0800: 910.296: [class unloading, 0.0133755 secs]2024-03-31T19:47:38.293+0800: 910.310: [scrub symbol table, 0.0178766 secs]2024-03-31T19:47:38.311+0800: 910.328: [scrub string table, 0.0006784 secs][1 CMS-remark: 63K(64K)] 89640K(118016K), 0.1106308 secs] [Times: user=0.11 sys=0.00, real=0.11 secs] 
2024-03-31T19:47:38.317+0800: 910.333: [CMS-concurrent-sweep-start]
2024-03-31T19:47:38.317+0800: 910.333: [CMS-concurrent-sweep: 0.000/0.000 secs] [Times: user=0.00 sys=0.00, real=0.00 secs] 
2024-03-31T19:47:38.319+0800: 910.336: [CMS-concurrent-reset-start]
2024-03-31T19:47:38.319+0800: 910.336: [CMS-concurrent-reset: 0.000/0.000 secs] [Times: user=0.00 sys=0.00, real=0.00 secs] 
2024-03-31T19:47:40.325+0800: 912.342: [GC (CMS Initial Mark) [1 CMS-initial-mark: 63K(64K)] 90626K(118016K), 0.0739423 secs] [Times: user=0.07 sys=0.00, real=0.07 secs] 
2024-03-31T19:47:40.400+0800: 912.417: [CMS-concurrent-mark-start]
2024-03-31T19:47:40.400+0800: 912.417: [CMS-concurrent-mark: 0.000/0.000 secs] [Times: user=0.00 sys=0.00, real=0.00 secs] 
2024-03-31T19:47:40.401+0800: 912.418: [CMS-concurrent-preclean-start]
2024-03-31T19:47:40.403+0800: 912.420: [CMS-concurrent-preclean: 0.001/0.001 secs] [Times: user=0.01 sys=0.00, real=0.01 secs] 
2024-03-31T19:47:40.404+0800: 912.421: [CMS-concurrent-abortable-preclean-start]
2024-03-31T19:47:40.404+0800: 912.421: [CMS-concurrent-abortable-preclean: 0.000/0.000 secs] [Times: user=0.00 sys=0.00, real=0.00 secs] 
2024-03-31T19:47:40.405+0800: 912.422: [GC (CMS Final Remark) [YG occupancy: 90562 K (117952 K)]2024-03-31T19:47:40.405+0800: 912.422: [Rescan (non-parallel) 2024-03-31T19:47:40.405+0800: 912.422: [grey object rescan, 0.0001336 secs]2024-03-31T19:47:40.405+0800: 912.422: [root rescan, 0.0630496 secs]2024-03-31T19:47:40.469+0800: 912.485: [visit unhandled CLDs, 0.0002327 secs]2024-03-31T19:47:40.469+0800: 912.486: [dirty klass scan, 0.0016116 secs], 0.0658319 secs]2024-03-31T19:47:40.471+0800: 912.488: [weak refs processing, 0.0001607 secs]2024-03-31T19:47:40.471+0800: 912.488: [class unloading, 0.0120595 secs]2024-03-31T19:47:40.483+0800: 912.500: [scrub symbol table, 0.0117871 secs]2024-03-31T19:47:40.496+0800: 912.512: [scrub string table, 0.0005984 secs][1 CMS-remark: 63K(64K)] 90626K(118016K), 0.0944751 secs] [Times: user=0.09 sys=0.00, real=0.09 secs] 
2024-03-31T19:47:40.500+0800: 912.517: [CMS-concurrent-sweep-start]
2024-03-31T19:47:40.501+0800: 912.517: [CMS-concurrent-sweep: 0.000/0.000 secs] [Times: user=0.00 sys=0.00, real=0.00 secs] 
2024-03-31T19:47:40.502+0800: 912.519: [CMS-concurrent-reset-start]
2024-03-31T19:47:40.502+0800: 912.519: [CMS-concurrent-reset: 0.000/0.000 secs] [Times: user=0.00 sys=0.00, real=0.00 secs] 
2024-03-31T19:47:42.510+0800: 914.527: [GC (CMS Initial Mark) [1 CMS-initial-mark: 63K(64K)] 91527K(118016K), 0.1134670 secs] [Times: user=0.11 sys=0.01, real=0.12 secs] 
2024-03-31T19:47:42.624+0800: 914.641: [CMS-concurrent-mark-start]
2024-03-31T19:47:42.625+0800: 914.642: [CMS-concurrent-mark: 0.000/0.000 secs] [Times: user=0.00 sys=0.00, real=0.00 secs] 
2024-03-31T19:47:42.626+0800: 914.643: [CMS-concurrent-preclean-start]
2024-03-31T19:47:42.628+0800: 914.645: [CMS-concurrent-preclean: 0.001/0.001 secs] [Times: user=0.01 sys=0.00, real=0.00 secs] 
2024-03-31T19:47:42.629+0800: 914.646: [CMS-concurrent-abortable-preclean-start]
2024-03-31T19:47:42.630+0800: 914.647: [CMS-concurrent-abortable-preclean: 0.000/0.000 secs] [Times: user=0.00 sys=0.00, real=0.00 secs] 
2024-03-31T19:47:42.632+0800: 914.649: [GC (CMS Final Remark) [YG occupancy: 91463 K (117952 K)]2024-03-31T19:47:42.632+0800: 914.649: [Rescan (non-parallel) 2024-03-31T19:47:42.632+0800: 914.649: [grey object rescan, 0.0001130 secs]2024-03-31T19:47:42.632+0800: 914.649: [root rescan, 0.0618945 secs]2024-03-31T19:47:42.694+0800: 914.711: [visit unhandled CLDs, 0.0001617 secs]2024-03-31T19:47:42.695+0800: 914.711: [dirty klass scan, 0.0012382 secs], 0.0640552 secs]2024-03-31T19:47:42.696+0800: 914.713: [weak refs processing, 0.0001545 secs]2024-03-31T19:47:42.696+0800: 914.713: [class unloading, 0.0110561 secs]2024-03-31T19:47:42.708+0800: 914.724: [scrub symbol table, 0.0097090 secs]2024-03-31T19:47:42.718+0800: 914.734: [scrub string table, 0.0004907 secs][1 CMS-remark: 63K(64K)] 91527K(118016K), 0.0888580 secs] [Times: user=0.09 sys=0.00, real=0.09 secs] 
2024-03-31T19:47:42.721+0800: 914.738: [CMS-concurrent-sweep-start]
2024-03-31T19:47:42.722+0800: 914.739: [CMS-concurrent-sweep: 0.000/0.000 secs] [Times: user=0.00 sys=0.00, real=0.00 secs] 
2024-03-31T19:47:42.723+0800: 914.739: [CMS-concurrent-reset-start]
2024-03-31T19:47:42.723+0800: 914.740: [CMS-concurrent-reset: 0.000/0.000 secs] [Times: user=0.00 sys=0.00, real=0.00 secs] 
2024-03-31T19:47:44.732+0800: 916.749: [GC (CMS Initial Mark) [1 CMS-initial-mark: 63K(64K)] 91677K(118016K), 0.0745091 secs] [Times: user=0.07 sys=0.00, real=0.07 secs] 
2024-03-31T19:47:44.807+0800: 916.824: [CMS-concurrent-mark-start]
2024-03-31T19:47:44.808+0800: 916.825: [CMS-concurrent-mark: 0.000/0.000 secs] [Times: user=0.00 sys=0.00, real=0.00 secs] 
2024-03-31T19:47:44.809+0800: 916.826: [CMS-concurrent-preclean-start]
2024-03-31T19:47:44.811+0800: 916.828: [CMS-concurrent-preclean: 0.001/0.001 secs] [Times: user=0.01 sys=0.00, real=0.01 secs] 
2024-03-31T19:47:44.812+0800: 916.829: [CMS-concurrent-abortable-preclean-start]
2024-03-31T19:47:44.813+0800: 916.829: [CMS-concurrent-abortable-preclean: 0.000/0.000 secs] [Times: user=0.00 sys=0.00, real=0.00 secs] 
2024-03-31T19:47:44.814+0800: 916.831: [GC (CMS Final Remark) [YG occupancy: 91613 K (117952 K)]2024-03-31T19:47:44.814+0800: 916.831: [Rescan (non-parallel) 2024-03-31T19:47:44.815+0800: 916.831: [grey object rescan, 0.0001783 secs]2024-03-31T19:47:44.815+0800: 916.832: [root rescan, 0.0646690 secs]2024-03-31T19:47:44.880+0800: 916.897: [visit unhandled CLDs, 0.0001648 secs]2024-03-31T19:47:44.880+0800: 916.897: [dirty klass scan, 0.0014761 secs], 0.0672669 secs]2024-03-31T19:47:44.882+0800: 916.899: [weak refs processing, 0.0001658 secs]2024-03-31T19:47:44.882+0800: 916.899: [class unloading, 0.0152116 secs]2024-03-31T19:47:44.898+0800: 916.914: [scrub symbol table, 0.0198065 secs]2024-03-31T19:47:44.918+0800: 916.934: [scrub string table, 0.0006086 secs][1 CMS-remark: 63K(64K)] 91677K(118016K), 0.1069447 secs] [Times: user=0.10 sys=0.00, real=0.11 secs] 
2024-03-31T19:47:44.922+0800: 916.939: [CMS-concurrent-sweep-start]
2024-03-31T19:47:44.922+0800: 916.939: [CMS-concurrent-sweep: 0.000/0.000 secs] [Times: user=0.00 sys=0.00, real=0.00 secs] 
2024-03-31T19:47:44.925+0800: 916.942: [CMS-concurrent-reset-start]
2024-03-31T19:47:44.926+0800: 916.943: [CMS-concurrent-reset: 0.000/0.000 secs] [Times: user=0.00 sys=0.00, real=0.00 secs] 
2024-03-31T19:47:46.938+0800: 918.955: [GC (CMS Initial Mark) [1 CMS-initial-mark: 63K(64K)] 91799K(118016K), 0.1005093 secs] [Times: user=0.10 sys=0.00, real=0.10 secs] 
2024-03-31T19:47:47.040+0800: 919.057: [CMS-concurrent-mark-start]
2024-03-31T19:47:47.041+0800: 919.058: [CMS-concurrent-mark: 0.000/0.000 secs] [Times: user=0.00 sys=0.00, real=0.01 secs] 
2024-03-31T19:47:47.042+0800: 919.058: [CMS-concurrent-preclean-start]
2024-03-31T19:47:47.044+0800: 919.060: [CMS-concurrent-preclean: 0.001/0.001 secs] [Times: user=0.00 sys=0.00, real=0.00 secs] 
2024-03-31T19:47:47.044+0800: 919.061: [CMS-concurrent-abortable-preclean-start]
2024-03-31T19:47:47.045+0800: 919.061: [CMS-concurrent-abortable-preclean: 0.000/0.000 secs] [Times: user=0.00 sys=0.00, real=0.00 secs] 
2024-03-31T19:47:47.046+0800: 919.062: [GC (CMS Final Remark) [YG occupancy: 91735 K (117952 K)]2024-03-31T19:47:47.046+0800: 919.062: [Rescan (non-parallel) 2024-03-31T19:47:47.046+0800: 919.063: [grey object rescan, 0.0001005 secs]2024-03-31T19:47:47.046+0800: 919.063: [root rescan, 0.0636633 secs]2024-03-31T19:47:47.110+0800: 919.127: [visit unhandled CLDs, 0.0001752 secs]2024-03-31T19:47:47.110+0800: 919.127: [dirty klass scan, 0.0016443 secs], 0.0662685 secs]2024-03-31T19:47:47.112+0800: 919.129: [weak refs processing, 0.0001918 secs]2024-03-31T19:47:47.112+0800: 919.129: [class unloading, 0.0200511 secs]2024-03-31T19:47:47.133+0800: 919.150: [scrub symbol table, 0.0146355 secs]2024-03-31T19:47:47.148+0800: 919.164: [scrub string table, 0.0008358 secs][1 CMS-remark: 63K(64K)] 91799K(118016K), 0.1056128 secs] [Times: user=0.10 sys=0.00, real=0.11 secs] 
2024-03-31T19:47:47.152+0800: 919.169: [CMS-concurrent-sweep-start]
2024-03-31T19:47:47.152+0800: 919.169: [CMS-concurrent-sweep: 0.000/0.000 secs] [Times: user=0.00 sys=0.00, real=0.00 secs] 
2024-03-31T19:47:47.154+0800: 919.170: [CMS-concurrent-reset-start]
2024-03-31T19:47:47.154+0800: 919.171: [CMS-concurrent-reset: 0.000/0.000 secs] [Times: user=0.00 sys=0.00, real=0.00 secs] 
2024-03-31T19:47:49.161+0800: 921.178: [GC (CMS Initial Mark) [1 CMS-initial-mark: 63K(64K)] 92021K(118016K), 0.0964236 secs] [Times: user=0.10 sys=0.00, real=0.09 secs] 
2024-03-31T19:47:49.258+0800: 921.275: [CMS-concurrent-mark-start]
2024-03-31T19:47:49.259+0800: 921.276: [CMS-concurrent-mark: 0.000/0.000 secs] [Times: user=0.00 sys=0.00, real=0.00 secs] 
2024-03-31T19:47:49.260+0800: 921.277: [CMS-concurrent-preclean-start]
2024-03-31T19:47:49.262+0800: 921.278: [CMS-concurrent-preclean: 0.001/0.001 secs] [Times: user=0.00 sys=0.00, real=0.01 secs] 
2024-03-31T19:47:49.262+0800: 921.279: [CMS-concurrent-abortable-preclean-start]
2024-03-31T19:47:49.263+0800: 921.280: [CMS-concurrent-abortable-preclean: 0.000/0.000 secs] [Times: user=0.00 sys=0.00, real=0.00 secs] 
2024-03-31T19:47:49.264+0800: 921.281: [GC (CMS Final Remark) [YG occupancy: 91957 K (117952 K)]2024-03-31T19:47:49.264+0800: 921.281: [Rescan (non-parallel) 2024-03-31T19:47:49.264+0800: 921.281: [grey object rescan, 0.0002093 secs]2024-03-31T19:47:49.264+0800: 921.281: [root rescan, 0.0630585 secs]2024-03-31T19:47:49.328+0800: 921.345: [visit unhandled CLDs, 0.0001693 secs]2024-03-31T19:47:49.328+0800: 921.345: [dirty klass scan, 0.0012442 secs], 0.0653309 secs]2024-03-31T19:47:49.330+0800: 921.346: [weak refs processing, 0.0001562 secs]2024-03-31T19:47:49.330+0800: 921.347: [class unloading, 0.0113882 secs]2024-03-31T19:47:49.341+0800: 921.358: [scrub symbol table, 0.0100956 secs]2024-03-31T19:47:49.352+0800: 921.368: [scrub string table, 0.0005140 secs][1 CMS-remark: 63K(64K)] 92021K(118016K), 0.0907956 secs] [Times: user=0.09 sys=0.00, real=0.09 secs] 
2024-03-31T19:47:49.355+0800: 921.372: [CMS-concurrent-sweep-start]
2024-03-31T19:47:49.356+0800: 921.372: [CMS-concurrent-sweep: 0.000/0.000 secs] [Times: user=0.00 sys=0.00, real=0.00 secs] 
2024-03-31T19:47:49.356+0800: 921.373: [CMS-concurrent-reset-start]
2024-03-31T19:47:49.356+0800: 921.373: [CMS-concurrent-reset: 0.000/0.000 secs] [Times: user=0.00 sys=0.00, real=0.00 secs] 
2024-03-31T19:47:51.365+0800: 923.382: [GC (CMS Initial Mark) [1 CMS-initial-mark: 63K(64K)] 92433K(118016K), 0.0868440 secs] [Times: user=0.09 sys=0.00, real=0.09 secs] 
2024-03-31T19:47:51.453+0800: 923.470: [CMS-concurrent-mark-start]
2024-03-31T19:47:51.453+0800: 923.470: [CMS-concurrent-mark: 0.000/0.000 secs] [Times: user=0.00 sys=0.00, real=0.00 secs] 
2024-03-31T19:47:51.454+0800: 923.471: [CMS-concurrent-preclean-start]
2024-03-31T19:47:51.456+0800: 923.473: [CMS-concurrent-preclean: 0.001/0.001 secs] [Times: user=0.00 sys=0.00, real=0.00 secs] 
2024-03-31T19:47:51.457+0800: 923.474: [CMS-concurrent-abortable-preclean-start]
2024-03-31T19:47:51.457+0800: 923.474: [CMS-concurrent-abortable-preclean: 0.000/0.000 secs] [Times: user=0.00 sys=0.00, real=0.00 secs] 
2024-03-31T19:47:51.458+0800: 923.475: [GC (CMS Final Remark) [YG occupancy: 92369 K (117952 K)]2024-03-31T19:47:51.458+0800: 923.475: [Rescan (non-parallel) 2024-03-31T19:47:51.458+0800: 923.475: [grey object rescan, 0.0001630 secs]2024-03-31T19:47:51.458+0800: 923.475: [root rescan, 0.0655448 secs]2024-03-31T19:47:51.524+0800: 923.541: [visit unhandled CLDs, 0.0001788 secs]2024-03-31T19:47:51.524+0800: 923.541: [dirty klass scan, 0.0015293 secs], 0.0681588 secs]2024-03-31T19:47:51.526+0800: 923.543: [weak refs processing, 0.0001445 secs]2024-03-31T19:47:51.526+0800: 923.543: [class unloading, 0.0115492 secs]2024-03-31T19:47:51.538+0800: 923.555: [scrub symbol table, 0.0122420 secs]2024-03-31T19:47:51.551+0800: 923.568: [scrub string table, 0.0005661 secs][1 CMS-remark: 63K(64K)] 92433K(118016K), 0.0963662 secs] [Times: user=0.10 sys=0.00, real=0.10 secs] 
2024-03-31T19:47:51.555+0800: 923.572: [CMS-concurrent-sweep-start]
2024-03-31T19:47:51.555+0800: 923.572: [CMS-concurrent-sweep: 0.000/0.000 secs] [Times: user=0.00 sys=0.00, real=0.00 secs] 
2024-03-31T19:47:51.556+0800: 923.573: [CMS-concurrent-reset-start]
2024-03-31T19:47:51.556+0800: 923.573: [CMS-concurrent-reset: 0.000/0.000 secs] [Times: user=0.00 sys=0.00, real=0.00 secs] 
2024-03-31T19:47:53.562+0800: 925.578: [GC (CMS Initial Mark) [1 CMS-initial-mark: 63K(64K)] 92543K(118016K), 0.0871740 secs] [Times: user=0.09 sys=0.00, real=0.08 secs] 
2024-03-31T19:47:53.650+0800: 925.667: [CMS-concurrent-mark-start]
2024-03-31T19:47:53.651+0800: 925.668: [CMS-concurrent-mark: 0.000/0.000 secs] [Times: user=0.00 sys=0.00, real=0.01 secs] 
2024-03-31T19:47:53.652+0800: 925.669: [CMS-concurrent-preclean-start]
2024-03-31T19:47:53.654+0800: 925.671: [CMS-concurrent-preclean: 0.001/0.001 secs] [Times: user=0.00 sys=0.00, real=0.00 secs] 
2024-03-31T19:47:53.655+0800: 925.671: [CMS-concurrent-abortable-preclean-start]
2024-03-31T19:47:53.655+0800: 925.671: [CMS-concurrent-abortable-preclean: 0.000/0.000 secs] [Times: user=0.00 sys=0.00, real=0.00 secs] 
2024-03-31T19:47:53.656+0800: 925.673: [GC (CMS Final Remark) [YG occupancy: 92490 K (117952 K)]2024-03-31T19:47:53.656+0800: 925.673: [Rescan (non-parallel) 2024-03-31T19:47:53.656+0800: 925.673: [grey object rescan, 0.0001175 secs]2024-03-31T19:47:53.656+0800: 925.673: [root rescan, 0.0645531 secs]2024-03-31T19:47:53.721+0800: 925.738: [visit unhandled CLDs, 0.0002467 secs]2024-03-31T19:47:53.722+0800: 925.739: [dirty klass scan, 0.0015330 secs], 0.0673405 secs]2024-03-31T19:47:53.724+0800: 925.740: [weak refs processing, 0.0001525 secs]2024-03-31T19:47:53.724+0800: 925.741: [class unloading, 0.0121292 secs]2024-03-31T19:47:53.736+0800: 925.753: [scrub symbol table, 0.0103655 secs]2024-03-31T19:47:53.747+0800: 925.764: [scrub string table, 0.0005095 secs][1 CMS-remark: 63K(64K)] 92554K(118016K), 0.0941633 secs] [Times: user=0.09 sys=0.00, real=0.09 secs] 
2024-03-31T19:47:53.751+0800: 925.767: [CMS-concurrent-sweep-start]
2024-03-31T19:47:53.751+0800: 925.768: [CMS-concurrent-sweep: 0.000/0.000 secs] [Times: user=0.00 sys=0.00, real=0.01 secs] 
2024-03-31T19:47:53.752+0800: 925.769: [CMS-concurrent-reset-start]
2024-03-31T19:47:53.753+0800: 925.769: [CMS-concurrent-reset: 0.000/0.000 secs] [Times: user=0.01 sys=0.00, real=0.00 secs] 
2024-03-31T19:47:55.759+0800: 927.776: [GC (CMS Initial Mark) [1 CMS-initial-mark: 63K(64K)] 92724K(118016K), 0.0824359 secs] [Times: user=0.08 sys=0.00, real=0.09 secs] 
2024-03-31T19:47:55.843+0800: 927.859: [CMS-concurrent-mark-start]
2024-03-31T19:47:55.844+0800: 927.860: [CMS-concurrent-mark: 0.000/0.000 secs] [Times: user=0.00 sys=0.00, real=0.00 secs] 
2024-03-31T19:47:55.845+0800: 927.862: [CMS-concurrent-preclean-start]
2024-03-31T19:47:55.848+0800: 927.865: [CMS-concurrent-preclean: 0.002/0.002 secs] [Times: user=0.01 sys=0.00, real=0.00 secs] 
2024-03-31T19:47:55.850+0800: 927.867: [CMS-concurrent-abortable-preclean-start]
2024-03-31T19:47:55.851+0800: 927.868: [CMS-concurrent-abortable-preclean: 0.000/0.000 secs] [Times: user=0.00 sys=0.00, real=0.01 secs] 
2024-03-31T19:47:55.853+0800: 927.870: [GC (CMS Final Remark) [YG occupancy: 92660 K (117952 K)]2024-03-31T19:47:55.853+0800: 927.870: [Rescan (non-parallel) 2024-03-31T19:47:55.854+0800: 927.870: [grey object rescan, 0.0002748 secs]2024-03-31T19:47:55.854+0800: 927.871: [root rescan, 0.0674632 secs]2024-03-31T19:47:55.922+0800: 927.939: [visit unhandled CLDs, 0.0001678 secs]2024-03-31T19:47:55.922+0800: 927.939: [dirty klass scan, 0.0014475 secs], 0.0703270 secs]2024-03-31T19:47:55.924+0800: 927.941: [weak refs processing, 0.0001388 secs]2024-03-31T19:47:55.924+0800: 927.941: [class unloading, 0.0115227 secs]2024-03-31T19:47:55.936+0800: 927.953: [scrub symbol table, 0.0125908 secs]2024-03-31T19:47:55.949+0800: 927.965: [scrub string table, 0.0006425 secs][1 CMS-remark: 63K(64K)] 92724K(118016K), 0.0991895 secs] [Times: user=0.10 sys=0.00, real=0.10 secs] 
2024-03-31T19:47:55.953+0800: 927.970: [CMS-concurrent-sweep-start]
2024-03-31T19:47:55.954+0800: 927.971: [CMS-concurrent-sweep: 0.000/0.000 secs] [Times: user=0.00 sys=0.00, real=0.00 secs] 
2024-03-31T19:47:55.955+0800: 927.972: [CMS-concurrent-reset-start]
2024-03-31T19:47:55.956+0800: 927.973: [CMS-concurrent-reset: 0.000/0.000 secs] [Times: user=0.00 sys=0.00, real=0.00 secs] 
2024-03-31T19:47:57.964+0800: 929.981: [GC (CMS Initial Mark) [1 CMS-initial-mark: 63K(64K)] 92914K(118016K), 0.0882238 secs] [Times: user=0.09 sys=0.00, real=0.09 secs] 
2024-03-31T19:47:58.055+0800: 930.072: [CMS-concurrent-mark-start]
2024-03-31T19:47:58.056+0800: 930.073: [CMS-concurrent-mark: 0.000/0.000 secs] [Times: user=0.00 sys=0.00, real=0.00 secs] 
2024-03-31T19:47:58.057+0800: 930.074: [CMS-concurrent-preclean-start]
2024-03-31T19:47:58.059+0800: 930.076: [CMS-concurrent-preclean: 0.001/0.001 secs] [Times: user=0.01 sys=0.00, real=0.00 secs] 
2024-03-31T19:47:58.060+0800: 930.077: [CMS-concurrent-abortable-preclean-start]
2024-03-31T19:47:58.060+0800: 930.077: [CMS-concurrent-abortable-preclean: 0.000/0.000 secs] [Times: user=0.00 sys=0.00, real=0.00 secs] 
2024-03-31T19:47:58.061+0800: 930.078: [GC (CMS Final Remark) [YG occupancy: 92854 K (117952 K)]2024-03-31T19:47:58.061+0800: 930.078: [Rescan (non-parallel) 2024-03-31T19:47:58.061+0800: 930.078: [grey object rescan, 0.0001194 secs]2024-03-31T19:47:58.062+0800: 930.078: [root rescan, 0.0630353 secs]2024-03-31T19:47:58.125+0800: 930.142: [visit unhandled CLDs, 0.0001756 secs]2024-03-31T19:47:58.125+0800: 930.142: [dirty klass scan, 0.0012218 secs], 0.0652122 secs]2024-03-31T19:47:58.127+0800: 930.143: [weak refs processing, 0.0001430 secs]2024-03-31T19:47:58.127+0800: 930.144: [class unloading, 0.0112021 secs]2024-03-31T19:47:58.138+0800: 930.155: [scrub symbol table, 0.0096611 secs]2024-03-31T19:47:58.148+0800: 930.165: [scrub string table, 0.0004868 secs][1 CMS-remark: 63K(64K)] 92918K(118016K), 0.0900228 secs] [Times: user=0.09 sys=0.00, real=0.09 secs] 
2024-03-31T19:47:58.152+0800: 930.169: [CMS-concurrent-sweep-start]
2024-03-31T19:47:58.152+0800: 930.169: [CMS-concurrent-sweep: 0.000/0.000 secs] [Times: user=0.00 sys=0.00, real=0.00 secs] 
2024-03-31T19:47:58.153+0800: 930.170: [CMS-concurrent-reset-start]
2024-03-31T19:47:58.153+0800: 930.170: [CMS-concurrent-reset: 0.000/0.000 secs] [Times: user=0.00 sys=0.00, real=0.00 secs] 
2024-03-31T19:48:00.157+0800: 932.174: [GC (CMS Initial Mark) [1 CMS-initial-mark: 63K(64K)] 93141K(118016K), 0.0750343 secs] [Times: user=0.07 sys=0.00, real=0.08 secs] 
2024-03-31T19:48:00.232+0800: 932.250: [CMS-concurrent-mark-start]
2024-03-31T19:48:00.234+0800: 932.251: [CMS-concurrent-mark: 0.000/0.000 secs] [Times: user=0.00 sys=0.00, real=0.00 secs] 
2024-03-31T19:48:00.234+0800: 932.251: [CMS-concurrent-preclean-start]
2024-03-31T19:48:00.237+0800: 932.254: [CMS-concurrent-preclean: 0.001/0.001 secs] [Times: user=0.00 sys=0.00, real=0.00 secs] 
2024-03-31T19:48:00.237+0800: 932.254: [CMS-concurrent-abortable-preclean-start]
2024-03-31T19:48:00.237+0800: 932.254: [CMS-concurrent-abortable-preclean: 0.000/0.000 secs] [Times: user=0.00 sys=0.00, real=0.00 secs] 
2024-03-31T19:48:00.239+0800: 932.256: [GC (CMS Final Remark) [YG occupancy: 93077 K (117952 K)]2024-03-31T19:48:00.239+0800: 932.256: [Rescan (non-parallel) 2024-03-31T19:48:00.239+0800: 932.256: [grey object rescan, 0.0001987 secs]2024-03-31T19:48:00.240+0800: 932.257: [root rescan, 0.0667815 secs]2024-03-31T19:48:00.307+0800: 932.324: [visit unhandled CLDs, 0.0001880 secs]2024-03-31T19:48:00.307+0800: 932.324: [dirty klass scan, 0.0016556 secs], 0.0697600 secs]2024-03-31T19:48:00.309+0800: 932.326: [weak refs processing, 0.0005378 secs]2024-03-31T19:48:00.311+0800: 932.328: [class unloading, 0.0129577 secs]2024-03-31T19:48:00.324+0800: 932.341: [scrub symbol table, 0.0110167 secs]2024-03-31T19:48:00.335+0800: 932.352: [scrub string table, 0.0005506 secs][1 CMS-remark: 63K(64K)] 93141K(118016K), 0.0994603 secs] [Times: user=0.09 sys=0.00, real=0.10 secs] 
2024-03-31T19:48:00.339+0800: 932.356: [CMS-concurrent-sweep-start]
2024-03-31T19:48:00.340+0800: 932.357: [CMS-concurrent-sweep: 0.000/0.000 secs] [Times: user=0.00 sys=0.00, real=0.00 secs] 
2024-03-31T19:48:00.341+0800: 932.358: [CMS-concurrent-reset-start]
2024-03-31T19:48:00.342+0800: 932.359: [CMS-concurrent-reset: 0.000/0.000 secs] [Times: user=0.01 sys=0.00, real=0.00 secs] 
2024-03-31T19:48:02.353+0800: 934.370: [GC (CMS Initial Mark) [1 CMS-initial-mark: 63K(64K)] 93406K(118016K), 0.1125972 secs] [Times: user=0.11 sys=0.00, real=0.11 secs] 
2024-03-31T19:48:02.467+0800: 934.484: [CMS-concurrent-mark-start]
2024-03-31T19:48:02.467+0800: 934.485: [CMS-concurrent-mark: 0.000/0.000 secs] [Times: user=0.00 sys=0.00, real=0.00 secs] 
2024-03-31T19:48:02.468+0800: 934.485: [CMS-concurrent-preclean-start]
2024-03-31T19:48:02.470+0800: 934.487: [CMS-concurrent-preclean: 0.001/0.001 secs] [Times: user=0.01 sys=0.00, real=0.00 secs] 
2024-03-31T19:48:02.470+0800: 934.487: [CMS-concurrent-abortable-preclean-start]
2024-03-31T19:48:02.470+0800: 934.487: [CMS-concurrent-abortable-preclean: 0.000/0.000 secs] [Times: user=0.00 sys=0.00, real=0.01 secs] 
2024-03-31T19:48:02.471+0800: 934.488: [GC (CMS Final Remark) [YG occupancy: 93342 K (117952 K)]2024-03-31T19:48:02.471+0800: 934.488: [Rescan (non-parallel) 2024-03-31T19:48:02.471+0800: 934.489: [grey object rescan, 0.0001106 secs]2024-03-31T19:48:02.472+0800: 934.489: [root rescan, 0.0642988 secs]2024-03-31T19:48:02.536+0800: 934.553: [visit unhandled CLDs, 0.0001730 secs]2024-03-31T19:48:02.536+0800: 934.554: [dirty klass scan, 0.0013861 secs], 0.0666132 secs]2024-03-31T19:48:02.538+0800: 934.555: [weak refs processing, 0.0001903 secs]2024-03-31T19:48:02.538+0800: 934.555: [class unloading, 0.0120263 secs]2024-03-31T19:48:02.551+0800: 934.568: [scrub symbol table, 0.0116297 secs]2024-03-31T19:48:02.563+0800: 934.580: [scrub string table, 0.0006324 secs][1 CMS-remark: 63K(64K)] 93406K(118016K), 0.0948618 secs] [Times: user=0.09 sys=0.00, real=0.09 secs] 
2024-03-31T19:48:02.567+0800: 934.584: [CMS-concurrent-sweep-start]
2024-03-31T19:48:02.567+0800: 934.584: [CMS-concurrent-sweep: 0.000/0.000 secs] [Times: user=0.00 sys=0.00, real=0.00 secs] 
2024-03-31T19:48:02.568+0800: 934.585: [CMS-concurrent-reset-start]
2024-03-31T19:48:02.568+0800: 934.585: [CMS-concurrent-reset: 0.000/0.000 secs] [Times: user=0.00 sys=0.00, real=0.00 secs] 
2024-03-31T19:48:04.579+0800: 936.597: [GC (CMS Initial Mark) [1 CMS-initial-mark: 63K(64K)] 93658K(118016K), 0.0983430 secs] [Times: user=0.10 sys=0.00, real=0.10 secs] 
2024-03-31T19:48:04.679+0800: 936.696: [CMS-concurrent-mark-start]
2024-03-31T19:48:04.680+0800: 936.697: [CMS-concurrent-mark: 0.000/0.000 secs] [Times: user=0.00 sys=0.00, real=0.00 secs] 
2024-03-31T19:48:04.680+0800: 936.698: [CMS-concurrent-preclean-start]
2024-03-31T19:48:04.682+0800: 936.699: [CMS-concurrent-preclean: 0.001/0.001 secs] [Times: user=0.00 sys=0.00, real=0.01 secs] 
2024-03-31T19:48:04.683+0800: 936.700: [CMS-concurrent-abortable-preclean-start]
2024-03-31T19:48:04.683+0800: 936.700: [CMS-concurrent-abortable-preclean: 0.000/0.000 secs] [Times: user=0.00 sys=0.00, real=0.00 secs] 
2024-03-31T19:48:04.684+0800: 936.701: [GC (CMS Final Remark) [YG occupancy: 93595 K (117952 K)]2024-03-31T19:48:04.684+0800: 936.701: [Rescan (non-parallel) 2024-03-31T19:48:04.684+0800: 936.701: [grey object rescan, 0.0001172 secs]2024-03-31T19:48:04.684+0800: 936.702: [root rescan, 0.0647930 secs]2024-03-31T19:48:04.750+0800: 936.767: [visit unhandled CLDs, 0.0001698 secs]2024-03-31T19:48:04.750+0800: 936.767: [dirty klass scan, 0.0014949 secs], 0.0673135 secs]2024-03-31T19:48:04.752+0800: 936.769: [weak refs processing, 0.0001439 secs]2024-03-31T19:48:04.752+0800: 936.769: [class unloading, 0.0117014 secs]2024-03-31T19:48:04.764+0800: 936.781: [scrub symbol table, 0.0099361 secs]2024-03-31T19:48:04.774+0800: 936.791: [scrub string table, 0.0005313 secs][1 CMS-remark: 63K(64K)] 93658K(118016K), 0.0933040 secs] [Times: user=0.09 sys=0.00, real=0.09 secs] 
2024-03-31T19:48:04.778+0800: 936.795: [CMS-concurrent-sweep-start]
2024-03-31T19:48:04.778+0800: 936.795: [CMS-concurrent-sweep: 0.000/0.000 secs] [Times: user=0.01 sys=0.00, real=0.00 secs] 
2024-03-31T19:48:04.779+0800: 936.796: [CMS-concurrent-reset-start]
2024-03-31T19:48:04.779+0800: 936.796: [CMS-concurrent-reset: 0.000/0.000 secs] [Times: user=0.00 sys=0.01, real=0.00 secs] 
2024-03-31T19:48:06.786+0800: 938.803: [GC (CMS Initial Mark) [1 CMS-initial-mark: 63K(64K)] 93963K(118016K), 0.1047623 secs] [Times: user=0.11 sys=0.00, real=0.11 secs] 
2024-03-31T19:48:06.891+0800: 938.908: [CMS-concurrent-mark-start]
2024-03-31T19:48:06.892+0800: 938.909: [CMS-concurrent-mark: 0.000/0.000 secs] [Times: user=0.00 sys=0.00, real=0.00 secs] 
2024-03-31T19:48:06.893+0800: 938.910: [CMS-concurrent-preclean-start]
2024-03-31T19:48:06.894+0800: 938.912: [CMS-concurrent-preclean: 0.001/0.001 secs] [Times: user=0.00 sys=0.01, real=0.00 secs] 
2024-03-31T19:48:06.895+0800: 938.913: [CMS-concurrent-abortable-preclean-start]
2024-03-31T19:48:06.896+0800: 938.913: [CMS-concurrent-abortable-preclean: 0.000/0.000 secs] [Times: user=0.00 sys=0.00, real=0.00 secs] 
2024-03-31T19:48:06.898+0800: 938.915: [GC (CMS Final Remark) [YG occupancy: 93899 K (117952 K)]2024-03-31T19:48:06.898+0800: 938.915: [Rescan (non-parallel) 2024-03-31T19:48:06.898+0800: 938.915: [grey object rescan, 0.0001026 secs]2024-03-31T19:48:06.898+0800: 938.915: [root rescan, 0.0635243 secs]2024-03-31T19:48:06.962+0800: 938.979: [visit unhandled CLDs, 0.0001462 secs]2024-03-31T19:48:06.962+0800: 938.979: [dirty klass scan, 0.0012617 secs], 0.0656435 secs]2024-03-31T19:48:06.964+0800: 938.981: [weak refs processing, 0.0001357 secs]2024-03-31T19:48:06.964+0800: 938.981: [class unloading, 0.0110155 secs]2024-03-31T19:48:06.975+0800: 938.992: [scrub symbol table, 0.0097999 secs]2024-03-31T19:48:06.985+0800: 939.002: [scrub string table, 0.0005085 secs][1 CMS-remark: 63K(64K)] 93963K(118016K), 0.0903978 secs] [Times: user=0.09 sys=0.00, real=0.09 secs] 
2024-03-31T19:48:06.989+0800: 939.006: [CMS-concurrent-sweep-start]
2024-03-31T19:48:06.989+0800: 939.006: [CMS-concurrent-sweep: 0.000/0.000 secs] [Times: user=0.00 sys=0.00, real=0.00 secs] 
2024-03-31T19:48:06.989+0800: 939.006: [CMS-concurrent-reset-start]
2024-03-31T19:48:06.989+0800: 939.006: [CMS-concurrent-reset: 0.000/0.000 secs] [Times: user=0.00 sys=0.00, real=0.00 secs] 
2024-03-31T19:48:08.994+0800: 941.011: [GC (CMS Initial Mark) [1 CMS-initial-mark: 63K(64K)] 94139K(118016K), 0.0958382 secs] [Times: user=0.09 sys=0.00, real=0.09 secs] 
2024-03-31T19:48:09.091+0800: 941.108: [CMS-concurrent-mark-start]
2024-03-31T19:48:09.091+0800: 941.109: [CMS-concurrent-mark: 0.000/0.000 secs] [Times: user=0.01 sys=0.00, real=0.00 secs] 
2024-03-31T19:48:09.092+0800: 941.109: [CMS-concurrent-preclean-start]
2024-03-31T19:48:09.094+0800: 941.111: [CMS-concurrent-preclean: 0.001/0.001 secs] [Times: user=0.00 sys=0.00, real=0.00 secs] 
2024-03-31T19:48:09.095+0800: 941.112: [CMS-concurrent-abortable-preclean-start]
2024-03-31T19:48:09.095+0800: 941.112: [CMS-concurrent-abortable-preclean: 0.000/0.000 secs] [Times: user=0.00 sys=0.00, real=0.00 secs] 
2024-03-31T19:48:09.096+0800: 941.113: [GC (CMS Final Remark) [YG occupancy: 94075 K (117952 K)]2024-03-31T19:48:09.096+0800: 941.113: [Rescan (non-parallel) 2024-03-31T19:48:09.096+0800: 941.113: [grey object rescan, 0.0001275 secs]2024-03-31T19:48:09.097+0800: 941.114: [root rescan, 0.0674303 secs]2024-03-31T19:48:09.164+0800: 941.181: [visit unhandled CLDs, 0.0002397 secs]2024-03-31T19:48:09.165+0800: 941.182: [dirty klass scan, 0.0015388 secs], 0.0700876 secs]2024-03-31T19:48:09.166+0800: 941.184: [weak refs processing, 0.0001935 secs]2024-03-31T19:48:09.167+0800: 941.184: [class unloading, 0.0131698 secs]2024-03-31T19:48:09.180+0800: 941.197: [scrub symbol table, 0.0175195 secs]2024-03-31T19:48:09.198+0800: 941.215: [scrub string table, 0.0005885 secs][1 CMS-remark: 63K(64K)] 94139K(118016K), 0.1056051 secs] [Times: user=0.10 sys=0.00, real=0.11 secs] 
2024-03-31T19:48:09.203+0800: 941.220: [CMS-concurrent-sweep-start]
2024-03-31T19:48:09.203+0800: 941.220: [CMS-concurrent-sweep: 0.000/0.000 secs] [Times: user=0.00 sys=0.00, real=0.00 secs] 
2024-03-31T19:48:09.204+0800: 941.221: [CMS-concurrent-reset-start]
2024-03-31T19:48:09.205+0800: 941.222: [CMS-concurrent-reset: 0.000/0.000 secs] [Times: user=0.00 sys=0.00, real=0.00 secs] 
2024-03-31T19:48:11.208+0800: 943.225: [GC (CMS Initial Mark) [1 CMS-initial-mark: 63K(64K)] 94240K(118016K), 0.1033201 secs] [Times: user=0.10 sys=0.00, real=0.11 secs] 
2024-03-31T19:48:11.312+0800: 943.330: [CMS-concurrent-mark-start]
2024-03-31T19:48:11.313+0800: 943.330: [CMS-concurrent-mark: 0.000/0.000 secs] [Times: user=0.00 sys=0.00, real=0.00 secs] 
2024-03-31T19:48:11.314+0800: 943.331: [CMS-concurrent-preclean-start]
2024-03-31T19:48:11.315+0800: 943.332: [CMS-concurrent-preclean: 0.001/0.001 secs] [Times: user=0.01 sys=0.00, real=0.00 secs] 
2024-03-31T19:48:11.316+0800: 943.333: [CMS-concurrent-abortable-preclean-start]
2024-03-31T19:48:11.316+0800: 943.333: [CMS-concurrent-abortable-preclean: 0.000/0.000 secs] [Times: user=0.00 sys=0.00, real=0.00 secs] 
2024-03-31T19:48:11.317+0800: 943.334: [GC (CMS Final Remark) [YG occupancy: 94177 K (117952 K)]2024-03-31T19:48:11.317+0800: 943.334: [Rescan (non-parallel) 2024-03-31T19:48:11.317+0800: 943.334: [grey object rescan, 0.0000977 secs]2024-03-31T19:48:11.317+0800: 943.334: [root rescan, 0.0634788 secs]2024-03-31T19:48:11.381+0800: 943.398: [visit unhandled CLDs, 0.0001379 secs]2024-03-31T19:48:11.381+0800: 943.398: [dirty klass scan, 0.0012687 secs], 0.0656094 secs]2024-03-31T19:48:11.383+0800: 943.400: [weak refs processing, 0.0001344 secs]2024-03-31T19:48:11.383+0800: 943.400: [class unloading, 0.0110276 secs]2024-03-31T19:48:11.394+0800: 943.411: [scrub symbol table, 0.0098155 secs]2024-03-31T19:48:11.404+0800: 943.421: [scrub string table, 0.0005272 secs][1 CMS-remark: 63K(64K)] 94240K(118016K), 0.0903891 secs] [Times: user=0.09 sys=0.00, real=0.09 secs] 
2024-03-31T19:48:11.408+0800: 943.425: [CMS-concurrent-sweep-start]
2024-03-31T19:48:11.408+0800: 943.425: [CMS-concurrent-sweep: 0.000/0.000 secs] [Times: user=0.00 sys=0.00, real=0.00 secs] 
2024-03-31T19:48:11.409+0800: 943.426: [CMS-concurrent-reset-start]
2024-03-31T19:48:11.409+0800: 943.426: [CMS-concurrent-reset: 0.000/0.000 secs] [Times: user=0.00 sys=0.00, real=0.00 secs] 
2024-03-31T19:48:13.421+0800: 945.439: [GC (CMS Initial Mark) [1 CMS-initial-mark: 63K(64K)] 94305K(118016K), 0.1032561 secs] [Times: user=0.10 sys=0.00, real=0.10 secs] 
2024-03-31T19:48:13.525+0800: 945.542: [CMS-concurrent-mark-start]
2024-03-31T19:48:13.525+0800: 945.543: [CMS-concurrent-mark: 0.000/0.000 secs] [Times: user=0.00 sys=0.00, real=0.00 secs] 
2024-03-31T19:48:13.526+0800: 945.543: [CMS-concurrent-preclean-start]
2024-03-31T19:48:13.528+0800: 945.545: [CMS-concurrent-preclean: 0.001/0.001 secs] [Times: user=0.00 sys=0.00, real=0.00 secs] 
2024-03-31T19:48:13.528+0800: 945.545: [CMS-concurrent-abortable-preclean-start]
2024-03-31T19:48:13.529+0800: 945.546: [CMS-concurrent-abortable-preclean: 0.000/0.000 secs] [Times: user=0.00 sys=0.00, real=0.00 secs] 
2024-03-31T19:48:13.531+0800: 945.548: [GC (CMS Final Remark) [YG occupancy: 94243 K (117952 K)]2024-03-31T19:48:13.531+0800: 945.548: [Rescan (non-parallel) 2024-03-31T19:48:13.531+0800: 945.548: [grey object rescan, 0.0001050 secs]2024-03-31T19:48:13.531+0800: 945.548: [root rescan, 0.0636005 secs]2024-03-31T19:48:13.595+0800: 945.612: [visit unhandled CLDs, 0.0001621 secs]2024-03-31T19:48:13.595+0800: 945.612: [dirty klass scan, 0.0012274 secs], 0.0657228 secs]2024-03-31T19:48:13.597+0800: 945.614: [weak refs processing, 0.0001380 secs]2024-03-31T19:48:13.597+0800: 945.614: [class unloading, 0.0112690 secs]2024-03-31T19:48:13.608+0800: 945.626: [scrub symbol table, 0.0097483 secs]2024-03-31T19:48:13.618+0800: 945.635: [scrub string table, 0.0005250 secs][1 CMS-remark: 63K(64K)] 94307K(118016K), 0.0906840 secs] [Times: user=0.08 sys=0.00, real=0.09 secs] 
2024-03-31T19:48:13.622+0800: 945.639: [CMS-concurrent-sweep-start]
2024-03-31T19:48:13.622+0800: 945.639: [CMS-concurrent-sweep: 0.000/0.000 secs] [Times: user=0.01 sys=0.00, real=0.00 secs] 
2024-03-31T19:48:13.622+0800: 945.640: [CMS-concurrent-reset-start]
2024-03-31T19:48:13.623+0800: 945.640: [CMS-concurrent-reset: 0.000/0.000 secs] [Times: user=0.00 sys=0.00, real=0.00 secs] 
2024-03-31T19:48:15.630+0800: 947.647: [GC (CMS Initial Mark) [1 CMS-initial-mark: 63K(64K)] 94503K(118016K), 0.0819737 secs] [Times: user=0.08 sys=0.00, real=0.09 secs] 
2024-03-31T19:48:15.712+0800: 947.729: [CMS-concurrent-mark-start]
2024-03-31T19:48:15.713+0800: 947.730: [CMS-concurrent-mark: 0.000/0.000 secs] [Times: user=0.00 sys=0.00, real=0.00 secs] 
2024-03-31T19:48:15.713+0800: 947.731: [CMS-concurrent-preclean-start]
2024-03-31T19:48:15.715+0800: 947.732: [CMS-concurrent-preclean: 0.001/0.001 secs] [Times: user=0.00 sys=0.00, real=0.00 secs] 
2024-03-31T19:48:15.715+0800: 947.732: [CMS-concurrent-abortable-preclean-start]
2024-03-31T19:48:15.715+0800: 947.732: [CMS-concurrent-abortable-preclean: 0.000/0.000 secs] [Times: user=0.00 sys=0.00, real=0.00 secs] 
2024-03-31T19:48:15.716+0800: 947.733: [GC (CMS Final Remark) [YG occupancy: 94439 K (117952 K)]2024-03-31T19:48:15.716+0800: 947.733: [Rescan (non-parallel) 2024-03-31T19:48:15.716+0800: 947.733: [grey object rescan, 0.0001009 secs]2024-03-31T19:48:15.717+0800: 947.734: [root rescan, 0.0672272 secs]2024-03-31T19:48:15.784+0800: 947.801: [visit unhandled CLDs, 0.0002086 secs]2024-03-31T19:48:15.784+0800: 947.801: [dirty klass scan, 0.0014518 secs], 0.0697423 secs]2024-03-31T19:48:15.786+0800: 947.803: [weak refs processing, 0.0001606 secs]2024-03-31T19:48:15.786+0800: 947.803: [class unloading, 0.0116628 secs]2024-03-31T19:48:15.798+0800: 947.815: [scrub symbol table, 0.0122134 secs]2024-03-31T19:48:15.811+0800: 947.828: [scrub string table, 0.0006668 secs][1 CMS-remark: 63K(64K)] 94503K(118016K), 0.0981107 secs] [Times: user=0.09 sys=0.00, real=0.10 secs] 
2024-03-31T19:48:15.815+0800: 947.832: [CMS-concurrent-sweep-start]
2024-03-31T19:48:15.815+0800: 947.832: [CMS-concurrent-sweep: 0.000/0.000 secs] [Times: user=0.00 sys=0.00, real=0.00 secs] 
2024-03-31T19:48:15.815+0800: 947.832: [CMS-concurrent-reset-start]
2024-03-31T19:48:15.815+0800: 947.832: [CMS-concurrent-reset: 0.000/0.000 secs] [Times: user=0.00 sys=0.00, real=0.00 secs] 
2024-03-31T19:48:17.820+0800: 949.838: [GC (CMS Initial Mark) [1 CMS-initial-mark: 63K(64K)] 94671K(118016K), 0.0778658 secs] [Times: user=0.08 sys=0.01, real=0.07 secs] 
2024-03-31T19:48:17.899+0800: 949.916: [CMS-concurrent-mark-start]
2024-03-31T19:48:17.900+0800: 949.917: [CMS-concurrent-mark: 0.000/0.000 secs] [Times: user=0.00 sys=0.00, real=0.00 secs] 
2024-03-31T19:48:17.901+0800: 949.918: [CMS-concurrent-preclean-start]
2024-03-31T19:48:17.903+0800: 949.920: [CMS-concurrent-preclean: 0.001/0.001 secs] [Times: user=0.00 sys=0.00, real=0.01 secs] 
2024-03-31T19:48:17.903+0800: 949.920: [CMS-concurrent-abortable-preclean-start]
2024-03-31T19:48:17.903+0800: 949.920: [CMS-concurrent-abortable-preclean: 0.000/0.000 secs] [Times: user=0.00 sys=0.00, real=0.00 secs] 
2024-03-31T19:48:17.904+0800: 949.922: [GC (CMS Final Remark) [YG occupancy: 94607 K (117952 K)]2024-03-31T19:48:17.905+0800: 949.922: [Rescan (non-parallel) 2024-03-31T19:48:17.905+0800: 949.922: [grey object rescan, 0.0001642 secs]2024-03-31T19:48:17.905+0800: 949.922: [root rescan, 0.0683307 secs]2024-03-31T19:48:17.974+0800: 949.991: [visit unhandled CLDs, 0.0002347 secs]2024-03-31T19:48:17.974+0800: 949.991: [dirty klass scan, 0.0017045 secs], 0.0711828 secs]2024-03-31T19:48:17.976+0800: 949.993: [weak refs processing, 0.0001386 secs]2024-03-31T19:48:17.976+0800: 949.993: [class unloading, 0.0139450 secs]2024-03-31T19:48:17.991+0800: 950.008: [scrub symbol table, 0.0115736 secs]2024-03-31T19:48:18.003+0800: 950.020: [scrub string table, 0.0006184 secs][1 CMS-remark: 63K(64K)] 94671K(118016K), 0.1016061 secs] [Times: user=0.10 sys=0.00, real=0.10 secs] 
2024-03-31T19:48:18.007+0800: 950.025: [CMS-concurrent-sweep-start]
2024-03-31T19:48:18.009+0800: 950.026: [CMS-concurrent-sweep: 0.000/0.000 secs] [Times: user=0.00 sys=0.00, real=0.00 secs] 
2024-03-31T19:48:18.011+0800: 950.028: [CMS-concurrent-reset-start]
2024-03-31T19:48:18.012+0800: 950.029: [CMS-concurrent-reset: 0.000/0.000 secs] [Times: user=0.00 sys=0.00, real=0.01 secs] 
2024-03-31T19:48:20.021+0800: 952.038: [GC (CMS Initial Mark) [1 CMS-initial-mark: 63K(64K)] 95682K(118016K), 0.0789763 secs] [Times: user=0.08 sys=0.00, real=0.08 secs] 
2024-03-31T19:48:20.101+0800: 952.118: [CMS-concurrent-mark-start]
2024-03-31T19:48:20.102+0800: 952.119: [CMS-concurrent-mark: 0.000/0.000 secs] [Times: user=0.00 sys=0.00, real=0.00 secs] 
2024-03-31T19:48:20.103+0800: 952.120: [CMS-concurrent-preclean-start]
2024-03-31T19:48:20.105+0800: 952.122: [CMS-concurrent-preclean: 0.001/0.001 secs] [Times: user=0.00 sys=0.01, real=0.00 secs] 
2024-03-31T19:48:20.106+0800: 952.123: [CMS-concurrent-abortable-preclean-start]
2024-03-31T19:48:20.106+0800: 952.123: [CMS-concurrent-abortable-preclean: 0.000/0.000 secs] [Times: user=0.01 sys=0.00, real=0.00 secs] 
2024-03-31T19:48:20.107+0800: 952.124: [GC (CMS Final Remark) [YG occupancy: 95618 K (117952 K)]2024-03-31T19:48:20.107+0800: 952.124: [Rescan (non-parallel) 2024-03-31T19:48:20.107+0800: 952.124: [grey object rescan, 0.0000956 secs]2024-03-31T19:48:20.107+0800: 952.125: [root rescan, 0.0672883 secs]2024-03-31T19:48:20.175+0800: 952.192: [visit unhandled CLDs, 0.0001792 secs]2024-03-31T19:48:20.175+0800: 952.192: [dirty klass scan, 0.0013439 secs], 0.0696690 secs]2024-03-31T19:48:20.177+0800: 952.194: [weak refs processing, 0.0001440 secs]2024-03-31T19:48:20.177+0800: 952.194: [class unloading, 0.0109165 secs]2024-03-31T19:48:20.188+0800: 952.205: [scrub symbol table, 0.0097996 secs]2024-03-31T19:48:20.198+0800: 952.215: [scrub string table, 0.0004837 secs][1 CMS-remark: 63K(64K)] 95682K(118016K), 0.0945150 secs] [Times: user=0.09 sys=0.00, real=0.10 secs] 
2024-03-31T19:48:20.202+0800: 952.219: [CMS-concurrent-sweep-start]
2024-03-31T19:48:20.202+0800: 952.220: [CMS-concurrent-sweep: 0.000/0.000 secs] [Times: user=0.00 sys=0.00, real=0.00 secs] 
2024-03-31T19:48:20.203+0800: 952.221: [CMS-concurrent-reset-start]
2024-03-31T19:48:20.204+0800: 952.221: [CMS-concurrent-reset: 0.000/0.000 secs] [Times: user=0.00 sys=0.00, real=0.00 secs] 
2024-03-31T19:48:22.209+0800: 954.226: [GC (CMS Initial Mark) [1 CMS-initial-mark: 63K(64K)] 96484K(118016K), 0.0898063 secs] [Times: user=0.09 sys=0.00, real=0.09 secs] 
2024-03-31T19:48:22.300+0800: 954.317: [CMS-concurrent-mark-start]
2024-03-31T19:48:22.301+0800: 954.318: [CMS-concurrent-mark: 0.000/0.000 secs] [Times: user=0.00 sys=0.00, real=0.01 secs] 
2024-03-31T19:48:22.302+0800: 954.319: [CMS-concurrent-preclean-start]
2024-03-31T19:48:22.304+0800: 954.321: [CMS-concurrent-preclean: 0.001/0.001 secs] [Times: user=0.00 sys=0.00, real=0.00 secs] 
2024-03-31T19:48:22.304+0800: 954.322: [CMS-concurrent-abortable-preclean-start]
2024-03-31T19:48:22.304+0800: 954.322: [CMS-concurrent-abortable-preclean: 0.000/0.000 secs] [Times: user=0.00 sys=0.00, real=0.00 secs] 
2024-03-31T19:48:22.305+0800: 954.323: [GC (CMS Final Remark) [YG occupancy: 96420 K (117952 K)]2024-03-31T19:48:22.306+0800: 954.323: [Rescan (non-parallel) 2024-03-31T19:48:22.306+0800: 954.323: [grey object rescan, 0.0001853 secs]2024-03-31T19:48:22.306+0800: 954.323: [root rescan, 0.0843612 secs]2024-03-31T19:48:22.391+0800: 954.408: [visit unhandled CLDs, 0.0003895 secs]2024-03-31T19:48:22.391+0800: 954.408: [dirty klass scan, 0.0019205 secs], 0.0878976 secs]2024-03-31T19:48:22.395+0800: 954.413: [weak refs processing, 0.0018472 secs]2024-03-31T19:48:22.397+0800: 954.415: [class unloading, 0.0147063 secs]2024-03-31T19:48:22.412+0800: 954.430: [scrub symbol table, 0.0124327 secs]2024-03-31T19:48:22.425+0800: 954.442: [scrub string table, 0.0006651 secs][1 CMS-remark: 63K(64K)] 96484K(118016K), 0.1232418 secs] [Times: user=0.11 sys=0.00, real=0.12 secs] 
2024-03-31T19:48:22.430+0800: 954.447: [CMS-concurrent-sweep-start]
2024-03-31T19:48:22.430+0800: 954.448: [CMS-concurrent-sweep: 0.000/0.000 secs] [Times: user=0.00 sys=0.00, real=0.01 secs] 
2024-03-31T19:48:22.432+0800: 954.449: [CMS-concurrent-reset-start]
2024-03-31T19:48:22.433+0800: 954.450: [CMS-concurrent-reset: 0.000/0.000 secs] [Times: user=0.00 sys=0.00, real=0.00 secs] 
2024-03-31T19:48:24.442+0800: 956.460: [GC (CMS Initial Mark) [1 CMS-initial-mark: 63K(64K)] 96654K(118016K), 0.1152494 secs] [Times: user=0.11 sys=0.00, real=0.11 secs] 
2024-03-31T19:48:24.558+0800: 956.575: [CMS-concurrent-mark-start]
2024-03-31T19:48:24.559+0800: 956.576: [CMS-concurrent-mark: 0.000/0.000 secs] [Times: user=0.00 sys=0.00, real=0.00 secs] 
2024-03-31T19:48:24.560+0800: 956.577: [CMS-concurrent-preclean-start]
2024-03-31T19:48:24.563+0800: 956.580: [CMS-concurrent-preclean: 0.002/0.002 secs] [Times: user=0.00 sys=0.00, real=0.01 secs] 
2024-03-31T19:48:24.564+0800: 956.581: [CMS-concurrent-abortable-preclean-start]
2024-03-31T19:48:24.565+0800: 956.582: [CMS-concurrent-abortable-preclean: 0.000/0.000 secs] [Times: user=0.00 sys=0.00, real=0.00 secs] 
2024-03-31T19:48:24.565+0800: 956.583: [GC (CMS Final Remark) [YG occupancy: 96590 K (117952 K)]2024-03-31T19:48:24.566+0800: 956.583: [Rescan (non-parallel) 2024-03-31T19:48:24.566+0800: 956.583: [grey object rescan, 0.0001481 secs]2024-03-31T19:48:24.566+0800: 956.583: [root rescan, 0.0706751 secs]2024-03-31T19:48:24.637+0800: 956.654: [visit unhandled CLDs, 0.0003124 secs]2024-03-31T19:48:24.638+0800: 956.655: [dirty klass scan, 0.0016162 secs], 0.0735778 secs]2024-03-31T19:48:24.639+0800: 956.657: [weak refs processing, 0.0002834 secs]2024-03-31T19:48:24.640+0800: 956.657: [class unloading, 0.0120863 secs]2024-03-31T19:48:24.652+0800: 956.669: [scrub symbol table, 0.0113377 secs]2024-03-31T19:48:24.664+0800: 956.681: [scrub string table, 0.0005837 secs][1 CMS-remark: 63K(64K)] 96654K(118016K), 0.1022629 secs] [Times: user=0.10 sys=0.00, real=0.10 secs] 
2024-03-31T19:48:24.669+0800: 956.686: [CMS-concurrent-sweep-start]
2024-03-31T19:48:24.670+0800: 956.687: [CMS-concurrent-sweep: 0.000/0.000 secs] [Times: user=0.00 sys=0.00, real=0.00 secs] 
2024-03-31T19:48:24.672+0800: 956.689: [CMS-concurrent-reset-start]
2024-03-31T19:48:24.672+0800: 956.690: [CMS-concurrent-reset: 0.000/0.000 secs] [Times: user=0.00 sys=0.00, real=0.00 secs] 
2024-03-31T19:48:26.680+0800: 958.697: [GC (CMS Initial Mark) [1 CMS-initial-mark: 63K(64K)] 96757K(118016K), 0.1051185 secs] [Times: user=0.11 sys=0.00, real=0.11 secs] 
2024-03-31T19:48:26.786+0800: 958.803: [CMS-concurrent-mark-start]
2024-03-31T19:48:26.787+0800: 958.804: [CMS-concurrent-mark: 0.000/0.000 secs] [Times: user=0.00 sys=0.00, real=0.00 secs] 
2024-03-31T19:48:26.787+0800: 958.804: [CMS-concurrent-preclean-start]
2024-03-31T19:48:26.789+0800: 958.806: [CMS-concurrent-preclean: 0.001/0.001 secs] [Times: user=0.00 sys=0.00, real=0.00 secs] 
2024-03-31T19:48:26.790+0800: 958.807: [CMS-concurrent-abortable-preclean-start]
2024-03-31T19:48:26.790+0800: 958.807: [CMS-concurrent-abortable-preclean: 0.000/0.000 secs] [Times: user=0.00 sys=0.00, real=0.00 secs] 
2024-03-31T19:48:26.791+0800: 958.808: [GC (CMS Final Remark) [YG occupancy: 96694 K (117952 K)]2024-03-31T19:48:26.791+0800: 958.808: [Rescan (non-parallel) 2024-03-31T19:48:26.791+0800: 958.808: [grey object rescan, 0.0001005 secs]2024-03-31T19:48:26.791+0800: 958.809: [root rescan, 0.0661311 secs]2024-03-31T19:48:26.858+0800: 958.875: [visit unhandled CLDs, 0.0001608 secs]2024-03-31T19:48:26.858+0800: 958.875: [dirty klass scan, 0.0013774 secs], 0.0684006 secs]2024-03-31T19:48:26.860+0800: 958.877: [weak refs processing, 0.0001312 secs]2024-03-31T19:48:26.860+0800: 958.877: [class unloading, 0.0109904 secs]2024-03-31T19:48:26.871+0800: 958.888: [scrub symbol table, 0.0097741 secs]2024-03-31T19:48:26.881+0800: 958.898: [scrub string table, 0.0005106 secs][1 CMS-remark: 63K(64K)] 96757K(118016K), 0.0931959 secs] [Times: user=0.09 sys=0.00, real=0.09 secs] 
2024-03-31T19:48:26.885+0800: 958.902: [CMS-concurrent-sweep-start]
2024-03-31T19:48:26.885+0800: 958.902: [CMS-concurrent-sweep: 0.000/0.000 secs] [Times: user=0.00 sys=0.00, real=0.00 secs] 
2024-03-31T19:48:26.885+0800: 958.902: [CMS-concurrent-reset-start]
2024-03-31T19:48:26.885+0800: 958.902: [CMS-concurrent-reset: 0.000/0.000 secs] [Times: user=0.00 sys=0.00, real=0.00 secs] 
2024-03-31T19:48:28.888+0800: 960.905: [GC (CMS Initial Mark) [1 CMS-initial-mark: 63K(64K)] 96975K(118016K), 0.0990204 secs] [Times: user=0.09 sys=0.00, real=0.10 secs] 
2024-03-31T19:48:28.988+0800: 961.005: [CMS-concurrent-mark-start]
2024-03-31T19:48:28.989+0800: 961.006: [CMS-concurrent-mark: 0.000/0.000 secs] [Times: user=0.01 sys=0.00, real=0.00 secs] 
2024-03-31T19:48:28.990+0800: 961.007: [CMS-concurrent-preclean-start]
2024-03-31T19:48:28.992+0800: 961.009: [CMS-concurrent-preclean: 0.001/0.001 secs] [Times: user=0.00 sys=0.00, real=0.01 secs] 
2024-03-31T19:48:28.993+0800: 961.010: [CMS-concurrent-abortable-preclean-start]
2024-03-31T19:48:28.993+0800: 961.010: [CMS-concurrent-abortable-preclean: 0.000/0.000 secs] [Times: user=0.00 sys=0.00, real=0.00 secs] 
2024-03-31T19:48:28.994+0800: 961.011: [GC (CMS Final Remark) [YG occupancy: 96911 K (117952 K)]2024-03-31T19:48:28.994+0800: 961.011: [Rescan (non-parallel) 2024-03-31T19:48:28.994+0800: 961.012: [grey object rescan, 0.0001177 secs]2024-03-31T19:48:28.995+0800: 961.012: [root rescan, 0.0674486 secs]2024-03-31T19:48:29.062+0800: 961.080: [visit unhandled CLDs, 0.0001879 secs]2024-03-31T19:48:29.063+0800: 961.080: [dirty klass scan, 0.0014918 secs], 0.0700024 secs]2024-03-31T19:48:29.064+0800: 961.081: [weak refs processing, 0.0001693 secs]2024-03-31T19:48:29.065+0800: 961.082: [class unloading, 0.0118194 secs]2024-03-31T19:48:29.077+0800: 961.094: [scrub symbol table, 0.0117754 secs]2024-03-31T19:48:29.089+0800: 961.106: [scrub string table, 0.0005851 secs][1 CMS-remark: 63K(64K)] 96975K(118016K), 0.0981933 secs] [Times: user=0.10 sys=0.00, real=0.10 secs] 
2024-03-31T19:48:29.093+0800: 961.110: [CMS-concurrent-sweep-start]
2024-03-31T19:48:29.094+0800: 961.111: [CMS-concurrent-sweep: 0.000/0.000 secs] [Times: user=0.00 sys=0.00, real=0.00 secs] 
2024-03-31T19:48:29.097+0800: 961.114: [CMS-concurrent-reset-start]
2024-03-31T19:48:29.098+0800: 961.115: [CMS-concurrent-reset: 0.000/0.000 secs] [Times: user=0.01 sys=0.00, real=0.00 secs] 
2024-03-31T19:48:31.101+0800: 963.118: [GC (CMS Initial Mark) [1 CMS-initial-mark: 63K(64K)] 97171K(118016K), 0.0801072 secs] [Times: user=0.08 sys=0.00, real=0.08 secs] 
2024-03-31T19:48:31.182+0800: 963.199: [CMS-concurrent-mark-start]
2024-03-31T19:48:31.182+0800: 963.199: [CMS-concurrent-mark: 0.000/0.000 secs] [Times: user=0.00 sys=0.00, real=0.00 secs] 
2024-03-31T19:48:31.184+0800: 963.200: [CMS-concurrent-preclean-start]
2024-03-31T19:48:31.186+0800: 963.203: [CMS-concurrent-preclean: 0.001/0.001 secs] [Times: user=0.00 sys=0.00, real=0.00 secs] 
2024-03-31T19:48:31.187+0800: 963.204: [CMS-concurrent-abortable-preclean-start]
2024-03-31T19:48:31.188+0800: 963.205: [CMS-concurrent-abortable-preclean: 0.000/0.000 secs] [Times: user=0.00 sys=0.00, real=0.00 secs] 
2024-03-31T19:48:31.189+0800: 963.206: [GC (CMS Final Remark) [YG occupancy: 97107 K (117952 K)]2024-03-31T19:48:31.189+0800: 963.206: [Rescan (non-parallel) 2024-03-31T19:48:31.189+0800: 963.206: [grey object rescan, 0.0001068 secs]2024-03-31T19:48:31.189+0800: 963.206: [root rescan, 0.0651635 secs]2024-03-31T19:48:31.255+0800: 963.272: [visit unhandled CLDs, 0.0001461 secs]2024-03-31T19:48:31.255+0800: 963.272: [dirty klass scan, 0.0012155 secs], 0.0672881 secs]2024-03-31T19:48:31.256+0800: 963.273: [weak refs processing, 0.0001447 secs]2024-03-31T19:48:31.257+0800: 963.273: [class unloading, 0.0111370 secs]2024-03-31T19:48:31.268+0800: 963.285: [scrub symbol table, 0.0095269 secs]2024-03-31T19:48:31.278+0800: 963.295: [scrub string table, 0.0004865 secs][1 CMS-remark: 63K(64K)] 97171K(118016K), 0.0919055 secs] [Times: user=0.09 sys=0.00, real=0.10 secs] 
2024-03-31T19:48:31.281+0800: 963.298: [CMS-concurrent-sweep-start]
2024-03-31T19:48:31.282+0800: 963.299: [CMS-concurrent-sweep: 0.000/0.000 secs] [Times: user=0.00 sys=0.00, real=0.00 secs] 
2024-03-31T19:48:31.282+0800: 963.299: [CMS-concurrent-reset-start]
2024-03-31T19:48:31.282+0800: 963.299: [CMS-concurrent-reset: 0.000/0.000 secs] [Times: user=0.00 sys=0.00, real=0.00 secs] 
2024-03-31T19:48:33.290+0800: 965.307: [GC (CMS Initial Mark) [1 CMS-initial-mark: 63K(64K)] 97268K(118016K), 0.0914512 secs] [Times: user=0.09 sys=0.00, real=0.10 secs] 
2024-03-31T19:48:33.382+0800: 965.399: [CMS-concurrent-mark-start]
2024-03-31T19:48:33.383+0800: 965.400: [CMS-concurrent-mark: 0.000/0.000 secs] [Times: user=0.00 sys=0.00, real=0.00 secs] 
2024-03-31T19:48:33.384+0800: 965.401: [CMS-concurrent-preclean-start]
2024-03-31T19:48:33.386+0800: 965.403: [CMS-concurrent-preclean: 0.001/0.001 secs] [Times: user=0.01 sys=0.00, real=0.00 secs] 
2024-03-31T19:48:33.387+0800: 965.404: [CMS-concurrent-abortable-preclean-start]
2024-03-31T19:48:33.387+0800: 965.404: [CMS-concurrent-abortable-preclean: 0.000/0.000 secs] [Times: user=0.00 sys=0.00, real=0.00 secs] 
2024-03-31T19:48:33.388+0800: 965.405: [GC (CMS Final Remark) [YG occupancy: 97204 K (117952 K)]2024-03-31T19:48:33.389+0800: 965.405: [Rescan (non-parallel) 2024-03-31T19:48:33.389+0800: 965.406: [grey object rescan, 0.0001537 secs]2024-03-31T19:48:33.389+0800: 965.406: [root rescan, 0.0687616 secs]2024-03-31T19:48:33.458+0800: 965.475: [visit unhandled CLDs, 0.0002283 secs]2024-03-31T19:48:33.458+0800: 965.475: [dirty klass scan, 0.0016362 secs], 0.0716242 secs]2024-03-31T19:48:33.460+0800: 965.477: [weak refs processing, 0.0001531 secs]2024-03-31T19:48:33.461+0800: 965.477: [class unloading, 0.0117911 secs]2024-03-31T19:48:33.473+0800: 965.489: [scrub symbol table, 0.0100264 secs]2024-03-31T19:48:33.483+0800: 965.500: [scrub string table, 0.0006255 secs][1 CMS-remark: 63K(64K)] 97268K(118016K), 0.0981643 secs] [Times: user=0.10 sys=0.00, real=0.10 secs] 
2024-03-31T19:48:33.488+0800: 965.505: [CMS-concurrent-sweep-start]
2024-03-31T19:48:33.488+0800: 965.505: [CMS-concurrent-sweep: 0.000/0.000 secs] [Times: user=0.00 sys=0.00, real=0.00 secs] 
2024-03-31T19:48:33.490+0800: 965.506: [CMS-concurrent-reset-start]
2024-03-31T19:48:33.490+0800: 965.507: [CMS-concurrent-reset: 0.000/0.000 secs] [Times: user=0.00 sys=0.00, real=0.00 secs] 
2024-03-31T19:48:35.493+0800: 967.510: [GC (CMS Initial Mark) [1 CMS-initial-mark: 63K(64K)] 97503K(118016K), 0.0888296 secs] [Times: user=0.09 sys=0.00, real=0.09 secs] 
2024-03-31T19:48:35.583+0800: 967.600: [CMS-concurrent-mark-start]
2024-03-31T19:48:35.584+0800: 967.600: [CMS-concurrent-mark: 0.000/0.000 secs] [Times: user=0.00 sys=0.00, real=0.00 secs] 
2024-03-31T19:48:35.584+0800: 967.601: [CMS-concurrent-preclean-start]
2024-03-31T19:48:35.586+0800: 967.603: [CMS-concurrent-preclean: 0.001/0.001 secs] [Times: user=0.00 sys=0.01, real=0.00 secs] 
2024-03-31T19:48:35.587+0800: 967.603: [CMS-concurrent-abortable-preclean-start]
2024-03-31T19:48:35.587+0800: 967.604: [CMS-concurrent-abortable-preclean: 0.000/0.000 secs] [Times: user=0.00 sys=0.00, real=0.00 secs] 
2024-03-31T19:48:35.588+0800: 967.605: [GC (CMS Final Remark) [YG occupancy: 97439 K (117952 K)]2024-03-31T19:48:35.588+0800: 967.605: [Rescan (non-parallel) 2024-03-31T19:48:35.588+0800: 967.605: [grey object rescan, 0.0001005 secs]2024-03-31T19:48:35.588+0800: 967.605: [root rescan, 0.0657864 secs]2024-03-31T19:48:35.655+0800: 967.671: [visit unhandled CLDs, 0.0001971 secs]2024-03-31T19:48:35.655+0800: 967.672: [dirty klass scan, 0.0013018 secs], 0.0680265 secs]2024-03-31T19:48:35.656+0800: 967.673: [weak refs processing, 0.0001363 secs]2024-03-31T19:48:35.657+0800: 967.673: [class unloading, 0.0119532 secs]2024-03-31T19:48:35.669+0800: 967.686: [scrub symbol table, 0.0116944 secs]2024-03-31T19:48:35.681+0800: 967.698: [scrub string table, 0.0005431 secs][1 CMS-remark: 63K(64K)] 97503K(118016K), 0.0962494 secs] [Times: user=0.10 sys=0.00, real=0.10 secs] 
2024-03-31T19:48:35.685+0800: 967.702: [CMS-concurrent-sweep-start]
2024-03-31T19:48:35.686+0800: 967.703: [CMS-concurrent-sweep: 0.000/0.000 secs] [Times: user=0.00 sys=0.00, real=0.00 secs] 
2024-03-31T19:48:35.688+0800: 967.705: [CMS-concurrent-reset-start]
2024-03-31T19:48:35.689+0800: 967.706: [CMS-concurrent-reset: 0.000/0.000 secs] [Times: user=0.00 sys=0.00, real=0.00 secs] 
2024-03-31T19:48:37.692+0800: 969.709: [GC (CMS Initial Mark) [1 CMS-initial-mark: 63K(64K)] 97767K(118016K), 0.0897445 secs] [Times: user=0.09 sys=0.00, real=0.09 secs] 
2024-03-31T19:48:37.784+0800: 969.800: [CMS-concurrent-mark-start]
2024-03-31T19:48:37.785+0800: 969.801: [CMS-concurrent-mark: 0.000/0.000 secs] [Times: user=0.00 sys=0.00, real=0.00 secs] 
2024-03-31T19:48:37.786+0800: 969.802: [CMS-concurrent-preclean-start]
2024-03-31T19:48:37.788+0800: 969.805: [CMS-concurrent-preclean: 0.001/0.001 secs] [Times: user=0.00 sys=0.00, real=0.00 secs] 
2024-03-31T19:48:37.789+0800: 969.806: [CMS-concurrent-abortable-preclean-start]
2024-03-31T19:48:37.790+0800: 969.806: [CMS-concurrent-abortable-preclean: 0.000/0.000 secs] [Times: user=0.00 sys=0.00, real=0.00 secs] 
2024-03-31T19:48:37.791+0800: 969.807: [GC (CMS Final Remark) [YG occupancy: 97703 K (117952 K)]2024-03-31T19:48:37.791+0800: 969.808: [Rescan (non-parallel) 2024-03-31T19:48:37.791+0800: 969.808: [grey object rescan, 0.0001851 secs]2024-03-31T19:48:37.791+0800: 969.808: [root rescan, 0.0688966 secs]2024-03-31T19:48:37.860+0800: 969.877: [visit unhandled CLDs, 0.0001745 secs]2024-03-31T19:48:37.861+0800: 969.877: [dirty klass scan, 0.0013759 secs], 0.0714049 secs]2024-03-31T19:48:37.862+0800: 969.879: [weak refs processing, 0.0001542 secs]2024-03-31T19:48:37.862+0800: 969.879: [class unloading, 0.0123968 secs]2024-03-31T19:48:37.875+0800: 969.892: [scrub symbol table, 0.0123502 secs]2024-03-31T19:48:37.888+0800: 969.905: [scrub string table, 0.0005522 secs][1 CMS-remark: 63K(64K)] 97767K(118016K), 0.1008090 secs] [Times: user=0.10 sys=0.00, real=0.11 secs] 
2024-03-31T19:48:37.893+0800: 969.910: [CMS-concurrent-sweep-start]
2024-03-31T19:48:37.893+0800: 969.910: [CMS-concurrent-sweep: 0.000/0.000 secs] [Times: user=0.00 sys=0.00, real=0.00 secs] 
2024-03-31T19:48:37.895+0800: 969.912: [CMS-concurrent-reset-start]
2024-03-31T19:48:37.896+0800: 969.912: [CMS-concurrent-reset: 0.000/0.000 secs] [Times: user=0.00 sys=0.00, real=0.00 secs] 
2024-03-31T19:48:39.906+0800: 971.924: [GC (CMS Initial Mark) [1 CMS-initial-mark: 63K(64K)] 97916K(118016K), 0.1102473 secs] [Times: user=0.11 sys=0.00, real=0.11 secs] 
2024-03-31T19:48:40.017+0800: 972.034: [CMS-concurrent-mark-start]
2024-03-31T19:48:40.018+0800: 972.035: [CMS-concurrent-mark: 0.000/0.000 secs] [Times: user=0.00 sys=0.00, real=0.00 secs] 
2024-03-31T19:48:40.019+0800: 972.036: [CMS-concurrent-preclean-start]
2024-03-31T19:48:40.021+0800: 972.038: [CMS-concurrent-preclean: 0.001/0.001 secs] [Times: user=0.01 sys=0.01, real=0.01 secs] 
2024-03-31T19:48:40.023+0800: 972.039: [CMS-concurrent-abortable-preclean-start]
2024-03-31T19:48:40.023+0800: 972.040: [CMS-concurrent-abortable-preclean: 0.000/0.000 secs] [Times: user=0.00 sys=0.00, real=0.00 secs] 
2024-03-31T19:48:40.024+0800: 972.041: [GC (CMS Final Remark) [YG occupancy: 97852 K (117952 K)]2024-03-31T19:48:40.024+0800: 972.041: [Rescan (non-parallel) 2024-03-31T19:48:40.024+0800: 972.041: [grey object rescan, 0.0001003 secs]2024-03-31T19:48:40.024+0800: 972.041: [root rescan, 0.0669982 secs]2024-03-31T19:48:40.092+0800: 972.109: [visit unhandled CLDs, 0.0002914 secs]2024-03-31T19:48:40.092+0800: 972.109: [dirty klass scan, 0.0015307 secs], 0.0695936 secs]2024-03-31T19:48:40.094+0800: 972.111: [weak refs processing, 0.0001486 secs]2024-03-31T19:48:40.094+0800: 972.111: [class unloading, 0.0114351 secs]2024-03-31T19:48:40.106+0800: 972.123: [scrub symbol table, 0.0106365 secs]2024-03-31T19:48:40.117+0800: 972.133: [scrub string table, 0.0005385 secs][1 CMS-remark: 63K(64K)] 97916K(118016K), 0.0960140 secs] [Times: user=0.09 sys=0.00, real=0.09 secs] 
2024-03-31T19:48:40.120+0800: 972.137: [CMS-concurrent-sweep-start]
2024-03-31T19:48:40.121+0800: 972.137: [CMS-concurrent-sweep: 0.000/0.000 secs] [Times: user=0.00 sys=0.00, real=0.00 secs] 
2024-03-31T19:48:40.121+0800: 972.138: [CMS-concurrent-reset-start]
2024-03-31T19:48:40.121+0800: 972.138: [CMS-concurrent-reset: 0.000/0.000 secs] [Times: user=0.00 sys=0.00, real=0.00 secs] 
2024-03-31T19:48:42.128+0800: 974.145: [GC (CMS Initial Mark) [1 CMS-initial-mark: 63K(64K)] 98115K(118016K), 0.1122620 secs] [Times: user=0.11 sys=0.00, real=0.11 secs] 
2024-03-31T19:48:42.240+0800: 974.257: [CMS-concurrent-mark-start]
2024-03-31T19:48:42.241+0800: 974.258: [CMS-concurrent-mark: 0.000/0.000 secs] [Times: user=0.00 sys=0.00, real=0.01 secs] 
2024-03-31T19:48:42.242+0800: 974.259: [CMS-concurrent-preclean-start]
2024-03-31T19:48:42.244+0800: 974.261: [CMS-concurrent-preclean: 0.001/0.001 secs] [Times: user=0.00 sys=0.00, real=0.00 secs] 
2024-03-31T19:48:42.245+0800: 974.261: [CMS-concurrent-abortable-preclean-start]
2024-03-31T19:48:42.245+0800: 974.262: [CMS-concurrent-abortable-preclean: 0.000/0.000 secs] [Times: user=0.00 sys=0.00, real=0.00 secs] 
2024-03-31T19:48:42.246+0800: 974.263: [GC (CMS Final Remark) [YG occupancy: 98051 K (117952 K)]2024-03-31T19:48:42.247+0800: 974.263: [Rescan (non-parallel) 2024-03-31T19:48:42.247+0800: 974.264: [grey object rescan, 0.0001160 secs]2024-03-31T19:48:42.247+0800: 974.264: [root rescan, 0.0657844 secs]2024-03-31T19:48:42.313+0800: 974.330: [visit unhandled CLDs, 0.0001672 secs]2024-03-31T19:48:42.313+0800: 974.330: [dirty klass scan, 0.0013585 secs], 0.0680736 secs]2024-03-31T19:48:42.315+0800: 974.332: [weak refs processing, 0.0001724 secs]2024-03-31T19:48:42.315+0800: 974.332: [class unloading, 0.0120776 secs]2024-03-31T19:48:42.327+0800: 974.344: [scrub symbol table, 0.0096897 secs]2024-03-31T19:48:42.337+0800: 974.354: [scrub string table, 0.0005430 secs][1 CMS-remark: 63K(64K)] 98115K(118016K), 0.0939522 secs] [Times: user=0.09 sys=0.00, real=0.09 secs] 
2024-03-31T19:48:42.341+0800: 974.358: [CMS-concurrent-sweep-start]
2024-03-31T19:48:42.341+0800: 974.358: [CMS-concurrent-sweep: 0.000/0.000 secs] [Times: user=0.00 sys=0.00, real=0.00 secs] 
2024-03-31T19:48:42.341+0800: 974.358: [CMS-concurrent-reset-start]
2024-03-31T19:48:42.341+0800: 974.358: [CMS-concurrent-reset: 0.000/0.000 secs] [Times: user=0.00 sys=0.00, real=0.00 secs] 
2024-03-31T19:48:44.358+0800: 976.375: [GC (CMS Initial Mark) [1 CMS-initial-mark: 63K(64K)] 98180K(118016K), 0.0959843 secs] [Times: user=0.09 sys=0.00, real=0.10 secs] 
2024-03-31T19:48:44.454+0800: 976.471: [CMS-concurrent-mark-start]
2024-03-31T19:48:44.455+0800: 976.472: [CMS-concurrent-mark: 0.000/0.000 secs] [Times: user=0.00 sys=0.00, real=0.00 secs] 
2024-03-31T19:48:44.456+0800: 976.473: [CMS-concurrent-preclean-start]
2024-03-31T19:48:44.458+0800: 976.475: [CMS-concurrent-preclean: 0.001/0.001 secs] [Times: user=0.01 sys=0.00, real=0.00 secs] 
2024-03-31T19:48:44.459+0800: 976.476: [CMS-concurrent-abortable-preclean-start]
2024-03-31T19:48:44.459+0800: 976.476: [CMS-concurrent-abortable-preclean: 0.000/0.000 secs] [Times: user=0.00 sys=0.00, real=0.00 secs] 
2024-03-31T19:48:44.460+0800: 976.477: [GC (CMS Final Remark) [YG occupancy: 98116 K (117952 K)]2024-03-31T19:48:44.461+0800: 976.477: [Rescan (non-parallel) 2024-03-31T19:48:44.461+0800: 976.478: [grey object rescan, 0.0001067 secs]2024-03-31T19:48:44.461+0800: 976.478: [root rescan, 0.0670980 secs]2024-03-31T19:48:44.528+0800: 976.545: [visit unhandled CLDs, 0.0001593 secs]2024-03-31T19:48:44.528+0800: 976.545: [dirty klass scan, 0.0013430 secs], 0.0692690 secs]2024-03-31T19:48:44.530+0800: 976.547: [weak refs processing, 0.0001136 secs]2024-03-31T19:48:44.530+0800: 976.547: [class unloading, 0.0111961 secs]2024-03-31T19:48:44.541+0800: 976.558: [scrub symbol table, 0.0107919 secs]2024-03-31T19:48:44.552+0800: 976.569: [scrub string table, 0.0007047 secs][1 CMS-remark: 63K(64K)] 98180K(118016K), 0.0956306 secs] [Times: user=0.09 sys=0.00, real=0.10 secs] 
2024-03-31T19:48:44.557+0800: 976.574: [CMS-concurrent-sweep-start]
2024-03-31T19:48:44.557+0800: 976.574: [CMS-concurrent-sweep: 0.000/0.000 secs] [Times: user=0.00 sys=0.00, real=0.00 secs] 
2024-03-31T19:48:44.557+0800: 976.574: [CMS-concurrent-reset-start]
2024-03-31T19:48:44.558+0800: 976.574: [CMS-concurrent-reset: 0.000/0.000 secs] [Times: user=0.00 sys=0.00, real=0.00 secs] 
2024-03-31T19:48:46.558+0800: 978.575: [GC (CMS Initial Mark) [1 CMS-initial-mark: 63K(64K)] 98403K(118016K), 0.0667441 secs] [Times: user=0.07 sys=0.00, real=0.07 secs] 
2024-03-31T19:48:46.626+0800: 978.643: [CMS-concurrent-mark-start]
2024-03-31T19:48:46.627+0800: 978.644: [CMS-concurrent-mark: 0.000/0.000 secs] [Times: user=0.00 sys=0.00, real=0.00 secs] 
2024-03-31T19:48:46.627+0800: 978.644: [CMS-concurrent-preclean-start]
2024-03-31T19:48:46.629+0800: 978.646: [CMS-concurrent-preclean: 0.001/0.001 secs] [Times: user=0.01 sys=0.00, real=0.00 secs] 
2024-03-31T19:48:46.629+0800: 978.646: [CMS-concurrent-abortable-preclean-start]
2024-03-31T19:48:46.629+0800: 978.646: [CMS-concurrent-abortable-preclean: 0.000/0.000 secs] [Times: user=0.00 sys=0.00, real=0.00 secs] 
2024-03-31T19:48:46.630+0800: 978.647: [GC (CMS Final Remark) [YG occupancy: 98339 K (117952 K)]2024-03-31T19:48:46.630+0800: 978.647: [Rescan (non-parallel) 2024-03-31T19:48:46.630+0800: 978.647: [grey object rescan, 0.0001008 secs]2024-03-31T19:48:46.630+0800: 978.647: [root rescan, 0.0663613 secs]2024-03-31T19:48:46.697+0800: 978.714: [visit unhandled CLDs, 0.0001631 secs]2024-03-31T19:48:46.697+0800: 978.714: [dirty klass scan, 0.0013103 secs], 0.0685707 secs]2024-03-31T19:48:46.699+0800: 978.716: [weak refs processing, 0.0001392 secs]2024-03-31T19:48:46.699+0800: 978.716: [class unloading, 0.0110191 secs]2024-03-31T19:48:46.710+0800: 978.727: [scrub symbol table, 0.0096912 secs]2024-03-31T19:48:46.720+0800: 978.737: [scrub string table, 0.0005045 secs][1 CMS-remark: 63K(64K)] 98403K(118016K), 0.0933057 secs] [Times: user=0.09 sys=0.00, real=0.10 secs] 
2024-03-31T19:48:46.724+0800: 978.741: [CMS-concurrent-sweep-start]
2024-03-31T19:48:46.724+0800: 978.741: [CMS-concurrent-sweep: 0.000/0.000 secs] [Times: user=0.00 sys=0.00, real=0.00 secs] 
2024-03-31T19:48:46.724+0800: 978.741: [CMS-concurrent-reset-start]
2024-03-31T19:48:46.724+0800: 978.741: [CMS-concurrent-reset: 0.000/0.000 secs] [Times: user=0.00 sys=0.00, real=0.00 secs] 
2024-03-31T19:48:48.734+0800: 980.752: [GC (CMS Initial Mark) [1 CMS-initial-mark: 63K(64K)] 98612K(118016K), 0.1085794 secs] [Times: user=0.11 sys=0.00, real=0.11 secs] 
2024-03-31T19:48:48.844+0800: 980.861: [CMS-concurrent-mark-start]
2024-03-31T19:48:48.844+0800: 980.861: [CMS-concurrent-mark: 0.000/0.000 secs] [Times: user=0.00 sys=0.00, real=0.00 secs] 
2024-03-31T19:48:48.845+0800: 980.862: [CMS-concurrent-preclean-start]
2024-03-31T19:48:48.846+0800: 980.863: [CMS-concurrent-preclean: 0.001/0.001 secs] [Times: user=0.00 sys=0.00, real=0.00 secs] 
2024-03-31T19:48:48.847+0800: 980.864: [CMS-concurrent-abortable-preclean-start]
2024-03-31T19:48:48.848+0800: 980.865: [CMS-concurrent-abortable-preclean: 0.000/0.000 secs] [Times: user=0.00 sys=0.00, real=0.00 secs] 
2024-03-31T19:48:48.849+0800: 980.865: [GC (CMS Final Remark) [YG occupancy: 98548 K (117952 K)]2024-03-31T19:48:48.849+0800: 980.866: [Rescan (non-parallel) 2024-03-31T19:48:48.849+0800: 980.866: [grey object rescan, 0.0001076 secs]2024-03-31T19:48:48.849+0800: 980.866: [root rescan, 0.0668744 secs]2024-03-31T19:48:48.916+0800: 980.933: [visit unhandled CLDs, 0.0003295 secs]2024-03-31T19:48:48.917+0800: 980.934: [dirty klass scan, 0.0014772 secs], 0.0696573 secs]2024-03-31T19:48:48.919+0800: 980.935: [weak refs processing, 0.0001550 secs]2024-03-31T19:48:48.919+0800: 980.936: [class unloading, 0.0116558 secs]2024-03-31T19:48:48.931+0800: 980.948: [scrub symbol table, 0.0100825 secs]2024-03-31T19:48:48.941+0800: 980.958: [scrub string table, 0.0005198 secs][1 CMS-remark: 63K(64K)] 98612K(118016K), 0.0958115 secs] [Times: user=0.10 sys=0.00, real=0.10 secs] 
2024-03-31T19:48:48.945+0800: 980.962: [CMS-concurrent-sweep-start]
2024-03-31T19:48:48.945+0800: 980.962: [CMS-concurrent-sweep: 0.000/0.000 secs] [Times: user=0.00 sys=0.00, real=0.00 secs] 
2024-03-31T19:48:48.945+0800: 980.962: [CMS-concurrent-reset-start]
2024-03-31T19:48:48.945+0800: 980.962: [CMS-concurrent-reset: 0.000/0.000 secs] [Times: user=0.00 sys=0.00, real=0.00 secs] 
2024-03-31T19:48:50.955+0800: 982.971: [GC (CMS Initial Mark) [1 CMS-initial-mark: 63K(64K)] 98883K(118016K), 0.1047757 secs] [Times: user=0.11 sys=0.00, real=0.10 secs] 
2024-03-31T19:48:51.060+0800: 983.077: [CMS-concurrent-mark-start]
2024-03-31T19:48:51.061+0800: 983.078: [CMS-concurrent-mark: 0.000/0.000 secs] [Times: user=0.00 sys=0.00, real=0.01 secs] 
2024-03-31T19:48:51.062+0800: 983.079: [CMS-concurrent-preclean-start]
2024-03-31T19:48:51.064+0800: 983.081: [CMS-concurrent-preclean: 0.001/0.001 secs] [Times: user=0.00 sys=0.00, real=0.00 secs] 
2024-03-31T19:48:51.065+0800: 983.081: [CMS-concurrent-abortable-preclean-start]
2024-03-31T19:48:51.065+0800: 983.081: [CMS-concurrent-abortable-preclean: 0.000/0.000 secs] [Times: user=0.00 sys=0.00, real=0.00 secs] 
2024-03-31T19:48:51.065+0800: 983.082: [GC (CMS Final Remark) [YG occupancy: 98835 K (117952 K)]2024-03-31T19:48:51.066+0800: 983.082: [Rescan (non-parallel) 2024-03-31T19:48:51.066+0800: 983.083: [grey object rescan, 0.0001355 secs]2024-03-31T19:48:51.066+0800: 983.083: [root rescan, 0.0687479 secs]2024-03-31T19:48:51.135+0800: 983.152: [visit unhandled CLDs, 0.0001895 secs]2024-03-31T19:48:51.135+0800: 983.152: [dirty klass scan, 0.0016193 secs], 0.0714560 secs]2024-03-31T19:48:51.137+0800: 983.154: [weak refs processing, 0.0002022 secs]2024-03-31T19:48:51.137+0800: 983.154: [class unloading, 0.0115635 secs]2024-03-31T19:48:51.149+0800: 983.166: [scrub symbol table, 0.0099952 secs]2024-03-31T19:48:51.159+0800: 983.176: [scrub string table, 0.0005100 secs][1 CMS-remark: 63K(64K)] 98898K(118016K), 0.0972275 secs] [Times: user=0.10 sys=0.00, real=0.10 secs] 
2024-03-31T19:48:51.164+0800: 983.180: [CMS-concurrent-sweep-start]
2024-03-31T19:48:51.164+0800: 983.181: [CMS-concurrent-sweep: 0.000/0.000 secs] [Times: user=0.00 sys=0.00, real=0.00 secs] 
2024-03-31T19:48:51.165+0800: 983.182: [CMS-concurrent-reset-start]
2024-03-31T19:48:51.166+0800: 983.182: [CMS-concurrent-reset: 0.000/0.000 secs] [Times: user=0.00 sys=0.00, real=0.00 secs] 
2024-03-31T19:48:53.172+0800: 985.189: [GC (CMS Initial Mark) [1 CMS-initial-mark: 63K(64K)] 98996K(118016K), 0.1045695 secs] [Times: user=0.11 sys=0.00, real=0.10 secs] 
2024-03-31T19:48:53.277+0800: 985.294: [CMS-concurrent-mark-start]
2024-03-31T19:48:53.278+0800: 985.295: [CMS-concurrent-mark: 0.000/0.000 secs] [Times: user=0.00 sys=0.01, real=0.00 secs] 
2024-03-31T19:48:53.279+0800: 985.296: [CMS-concurrent-preclean-start]
2024-03-31T19:48:53.281+0800: 985.298: [CMS-concurrent-preclean: 0.001/0.001 secs] [Times: user=0.00 sys=0.00, real=0.01 secs] 
2024-03-31T19:48:53.283+0800: 985.300: [CMS-concurrent-abortable-preclean-start]
2024-03-31T19:48:53.283+0800: 985.300: [CMS-concurrent-abortable-preclean: 0.000/0.000 secs] [Times: user=0.00 sys=0.00, real=0.00 secs] 
2024-03-31T19:48:53.284+0800: 985.301: [GC (CMS Final Remark) [YG occupancy: 98932 K (117952 K)]2024-03-31T19:48:53.284+0800: 985.301: [Rescan (non-parallel) 2024-03-31T19:48:53.285+0800: 985.301: [grey object rescan, 0.0001230 secs]2024-03-31T19:48:53.285+0800: 985.302: [root rescan, 0.0688931 secs]2024-03-31T19:48:53.354+0800: 985.371: [visit unhandled CLDs, 0.0001427 secs]2024-03-31T19:48:53.354+0800: 985.371: [dirty klass scan, 0.0013984 secs], 0.0713725 secs]2024-03-31T19:48:53.356+0800: 985.373: [weak refs processing, 0.0001808 secs]2024-03-31T19:48:53.356+0800: 985.373: [class unloading, 0.0119992 secs]2024-03-31T19:48:53.368+0800: 985.385: [scrub symbol table, 0.0110255 secs]2024-03-31T19:48:53.380+0800: 985.397: [scrub string table, 0.0005999 secs][1 CMS-remark: 63K(64K)] 98996K(118016K), 0.0990754 secs] [Times: user=0.10 sys=0.00, real=0.10 secs] 
2024-03-31T19:48:53.384+0800: 985.401: [CMS-concurrent-sweep-start]
2024-03-31T19:48:53.385+0800: 985.402: [CMS-concurrent-sweep: 0.000/0.000 secs] [Times: user=0.00 sys=0.00, real=0.00 secs] 
2024-03-31T19:48:53.386+0800: 985.403: [CMS-concurrent-reset-start]
2024-03-31T19:48:53.387+0800: 985.404: [CMS-concurrent-reset: 0.000/0.000 secs] [Times: user=0.00 sys=0.00, real=0.00 secs] 
2024-03-31T19:48:55.396+0800: 987.413: [GC (CMS Initial Mark) [1 CMS-initial-mark: 63K(64K)] 99175K(118016K), 0.1140062 secs] [Times: user=0.11 sys=0.00, real=0.12 secs] 
2024-03-31T19:48:55.511+0800: 987.528: [CMS-concurrent-mark-start]
2024-03-31T19:48:55.512+0800: 987.529: [CMS-concurrent-mark: 0.000/0.000 secs] [Times: user=0.00 sys=0.00, real=0.00 secs] 
2024-03-31T19:48:55.512+0800: 987.529: [CMS-concurrent-preclean-start]
2024-03-31T19:48:55.514+0800: 987.531: [CMS-concurrent-preclean: 0.001/0.001 secs] [Times: user=0.01 sys=0.00, real=0.00 secs] 
2024-03-31T19:48:55.514+0800: 987.531: [CMS-concurrent-abortable-preclean-start]
2024-03-31T19:48:55.514+0800: 987.531: [CMS-concurrent-abortable-preclean: 0.000/0.000 secs] [Times: user=0.00 sys=0.00, real=0.00 secs] 
2024-03-31T19:48:55.515+0800: 987.532: [GC (CMS Final Remark) [YG occupancy: 99119 K (117952 K)]2024-03-31T19:48:55.515+0800: 987.532: [Rescan (non-parallel) 2024-03-31T19:48:55.515+0800: 987.532: [grey object rescan, 0.0001038 secs]2024-03-31T19:48:55.516+0800: 987.532: [root rescan, 0.0689718 secs]2024-03-31T19:48:55.585+0800: 987.602: [visit unhandled CLDs, 0.0001830 secs]2024-03-31T19:48:55.585+0800: 987.602: [dirty klass scan, 0.0015508 secs], 0.0714614 secs]2024-03-31T19:48:55.587+0800: 987.604: [weak refs processing, 0.0001358 secs]2024-03-31T19:48:55.587+0800: 987.604: [class unloading, 0.0113583 secs]2024-03-31T19:48:55.599+0800: 987.616: [scrub symbol table, 0.0110355 secs]2024-03-31T19:48:55.610+0800: 987.627: [scrub string table, 0.0005148 secs][1 CMS-remark: 63K(64K)] 99183K(118016K), 0.0980898 secs] [Times: user=0.09 sys=0.00, real=0.10 secs] 
2024-03-31T19:48:55.614+0800: 987.631: [CMS-concurrent-sweep-start]
2024-03-31T19:48:55.614+0800: 987.631: [CMS-concurrent-sweep: 0.000/0.000 secs] [Times: user=0.00 sys=0.00, real=0.00 secs] 
2024-03-31T19:48:55.614+0800: 987.631: [CMS-concurrent-reset-start]
2024-03-31T19:48:55.615+0800: 987.632: [CMS-concurrent-reset: 0.000/0.000 secs] [Times: user=0.00 sys=0.01, real=0.00 secs] 
2024-03-31T19:48:57.619+0800: 989.636: [GC (CMS Initial Mark) [1 CMS-initial-mark: 63K(64K)] 99350K(118016K), 0.1135111 secs] [Times: user=0.11 sys=0.00, real=0.12 secs] 
2024-03-31T19:48:57.734+0800: 989.751: [CMS-concurrent-mark-start]
2024-03-31T19:48:57.734+0800: 989.751: [CMS-concurrent-mark: 0.000/0.000 secs] [Times: user=0.00 sys=0.00, real=0.00 secs] 
2024-03-31T19:48:57.735+0800: 989.752: [CMS-concurrent-preclean-start]
2024-03-31T19:48:57.737+0800: 989.754: [CMS-concurrent-preclean: 0.001/0.001 secs] [Times: user=0.00 sys=0.00, real=0.00 secs] 
2024-03-31T19:48:57.737+0800: 989.754: [CMS-concurrent-abortable-preclean-start]
2024-03-31T19:48:57.737+0800: 989.754: [CMS-concurrent-abortable-preclean: 0.000/0.000 secs] [Times: user=0.00 sys=0.00, real=0.00 secs] 
2024-03-31T19:48:57.738+0800: 989.755: [GC (CMS Final Remark) [YG occupancy: 99286 K (117952 K)]2024-03-31T19:48:57.738+0800: 989.755: [Rescan (non-parallel) 2024-03-31T19:48:57.738+0800: 989.755: [grey object rescan, 0.0001040 secs]2024-03-31T19:48:57.738+0800: 989.755: [root rescan, 0.0669765 secs]2024-03-31T19:48:57.805+0800: 989.822: [visit unhandled CLDs, 0.0001592 secs]2024-03-31T19:48:57.806+0800: 989.822: [dirty klass scan, 0.0013706 secs], 0.0691993 secs]2024-03-31T19:48:57.807+0800: 989.824: [weak refs processing, 0.0001364 secs]2024-03-31T19:48:57.807+0800: 989.824: [class unloading, 0.0110760 secs]2024-03-31T19:48:57.819+0800: 989.836: [scrub symbol table, 0.0097488 secs]2024-03-31T19:48:57.829+0800: 989.845: [scrub string table, 0.0004946 secs][1 CMS-remark: 63K(64K)] 99350K(118016K), 0.0940453 secs] [Times: user=0.10 sys=0.00, real=0.10 secs] 
2024-03-31T19:48:57.832+0800: 989.849: [CMS-concurrent-sweep-start]
2024-03-31T19:48:57.832+0800: 989.849: [CMS-concurrent-sweep: 0.000/0.000 secs] [Times: user=0.00 sys=0.00, real=0.00 secs] 
2024-03-31T19:48:57.833+0800: 989.849: [CMS-concurrent-reset-start]
2024-03-31T19:48:57.833+0800: 989.849: [CMS-concurrent-reset: 0.000/0.000 secs] [Times: user=0.00 sys=0.00, real=0.00 secs] 
2024-03-31T19:48:59.844+0800: 991.860: [GC (CMS Initial Mark) [1 CMS-initial-mark: 63K(64K)] 99442K(118016K), 0.0966446 secs] [Times: user=0.10 sys=0.00, real=0.09 secs] 
2024-03-31T19:48:59.942+0800: 991.958: [CMS-concurrent-mark-start]
2024-03-31T19:48:59.943+0800: 991.959: [CMS-concurrent-mark: 0.000/0.000 secs] [Times: user=0.00 sys=0.00, real=0.00 secs] 
2024-03-31T19:48:59.944+0800: 991.960: [CMS-concurrent-preclean-start]
2024-03-31T19:48:59.946+0800: 991.961: [CMS-concurrent-preclean: 0.001/0.001 secs] [Times: user=0.00 sys=0.00, real=0.00 secs] 
2024-03-31T19:48:59.946+0800: 991.962: [CMS-concurrent-abortable-preclean-start]
2024-03-31T19:48:59.947+0800: 991.962: [CMS-concurrent-abortable-preclean: 0.000/0.000 secs] [Times: user=0.00 sys=0.00, real=0.00 secs] 
2024-03-31T19:48:59.950+0800: 991.966: [GC (CMS Final Remark) [YG occupancy: 99412 K (117952 K)]2024-03-31T19:48:59.950+0800: 991.966: [Rescan (non-parallel) 2024-03-31T19:48:59.950+0800: 991.966: [grey object rescan, 0.0001273 secs]2024-03-31T19:48:59.951+0800: 991.966: [root rescan, 0.0692952 secs]2024-03-31T19:49:00.020+0800: 992.036: [visit unhandled CLDs, 0.0001693 secs]2024-03-31T19:49:00.020+0800: 992.036: [dirty klass scan, 0.0015284 secs], 0.0717821 secs]2024-03-31T19:49:00.022+0800: 992.038: [weak refs processing, 0.0001385 secs]2024-03-31T19:49:00.022+0800: 992.038: [class unloading, 0.0116079 secs]2024-03-31T19:49:00.034+0800: 992.050: [scrub symbol table, 0.0122657 secs]2024-03-31T19:49:00.047+0800: 992.063: [scrub string table, 0.0005338 secs][1 CMS-remark: 63K(64K)] 99476K(118016K), 0.1002020 secs] [Times: user=0.09 sys=0.00, real=0.10 secs] 
2024-03-31T19:49:00.051+0800: 992.067: [CMS-concurrent-sweep-start]
2024-03-31T19:49:00.052+0800: 992.068: [CMS-concurrent-sweep: 0.000/0.000 secs] [Times: user=0.00 sys=0.00, real=0.01 secs] 
2024-03-31T19:49:00.054+0800: 992.070: [CMS-concurrent-reset-start]
2024-03-31T19:49:00.055+0800: 992.071: [CMS-concurrent-reset: 0.000/0.000 secs] [Times: user=0.00 sys=0.00, real=0.00 secs] 
2024-03-31T19:49:02.059+0800: 994.074: [GC (CMS Initial Mark) [1 CMS-initial-mark: 63K(64K)] 99748K(118016K), 0.0690607 secs] [Times: user=0.07 sys=0.00, real=0.07 secs] 
2024-03-31T19:49:02.128+0800: 994.144: [CMS-concurrent-mark-start]
2024-03-31T19:49:02.129+0800: 994.145: [CMS-concurrent-mark: 0.000/0.000 secs] [Times: user=0.00 sys=0.00, real=0.00 secs] 
2024-03-31T19:49:02.130+0800: 994.145: [CMS-concurrent-preclean-start]
2024-03-31T19:49:02.131+0800: 994.147: [CMS-concurrent-preclean: 0.001/0.001 secs] [Times: user=0.01 sys=0.00, real=0.00 secs] 
2024-03-31T19:49:02.132+0800: 994.148: [CMS-concurrent-abortable-preclean-start]
2024-03-31T19:49:02.133+0800: 994.148: [CMS-concurrent-abortable-preclean: 0.000/0.000 secs] [Times: user=0.00 sys=0.00, real=0.00 secs] 
2024-03-31T19:49:02.133+0800: 994.149: [GC (CMS Final Remark) [YG occupancy: 99686 K (117952 K)]2024-03-31T19:49:02.134+0800: 994.149: [Rescan (non-parallel) 2024-03-31T19:49:02.134+0800: 994.149: [grey object rescan, 0.0000766 secs]2024-03-31T19:49:02.134+0800: 994.150: [root rescan, 0.0678349 secs]2024-03-31T19:49:02.202+0800: 994.218: [visit unhandled CLDs, 0.0001538 secs]2024-03-31T19:49:02.202+0800: 994.218: [dirty klass scan, 0.0014115 secs], 0.0700238 secs]2024-03-31T19:49:02.204+0800: 994.220: [weak refs processing, 0.0001189 secs]2024-03-31T19:49:02.204+0800: 994.220: [class unloading, 0.0110786 secs]2024-03-31T19:49:02.215+0800: 994.231: [scrub symbol table, 0.0098323 secs]2024-03-31T19:49:02.225+0800: 994.241: [scrub string table, 0.0004856 secs][1 CMS-remark: 63K(64K)] 99750K(118016K), 0.0947864 secs] [Times: user=0.09 sys=0.00, real=0.09 secs] 
2024-03-31T19:49:02.229+0800: 994.244: [CMS-concurrent-sweep-start]
2024-03-31T19:49:02.229+0800: 994.245: [CMS-concurrent-sweep: 0.000/0.000 secs] [Times: user=0.00 sys=0.00, real=0.00 secs] 
2024-03-31T19:49:02.229+0800: 994.245: [CMS-concurrent-reset-start]
2024-03-31T19:49:02.229+0800: 994.245: [CMS-concurrent-reset: 0.000/0.000 secs] [Times: user=0.00 sys=0.00, real=0.00 secs] 
2024-03-31T19:49:04.239+0800: 996.255: [GC (CMS Initial Mark) [1 CMS-initial-mark: 63K(64K)] 99890K(118016K), 0.1008553 secs] [Times: user=0.10 sys=0.00, real=0.10 secs] 
2024-03-31T19:49:04.341+0800: 996.356: [CMS-concurrent-mark-start]
2024-03-31T19:49:04.341+0800: 996.357: [CMS-concurrent-mark: 0.000/0.000 secs] [Times: user=0.00 sys=0.00, real=0.00 secs] 
2024-03-31T19:49:04.342+0800: 996.358: [CMS-concurrent-preclean-start]
2024-03-31T19:49:04.344+0800: 996.359: [CMS-concurrent-preclean: 0.001/0.001 secs] [Times: user=0.00 sys=0.00, real=0.01 secs] 
2024-03-31T19:49:04.344+0800: 996.360: [CMS-concurrent-abortable-preclean-start]
2024-03-31T19:49:04.345+0800: 996.361: [CMS-concurrent-abortable-preclean: 0.000/0.000 secs] [Times: user=0.00 sys=0.00, real=0.00 secs] 
2024-03-31T19:49:04.346+0800: 996.362: [GC (CMS Final Remark) [YG occupancy: 99851 K (117952 K)]2024-03-31T19:49:04.346+0800: 996.362: [Rescan (non-parallel) 2024-03-31T19:49:04.346+0800: 996.362: [grey object rescan, 0.0000810 secs]2024-03-31T19:49:04.346+0800: 996.362: [root rescan, 0.0676763 secs]2024-03-31T19:49:04.414+0800: 996.430: [visit unhandled CLDs, 0.0001370 secs]2024-03-31T19:49:04.414+0800: 996.430: [dirty klass scan, 0.0013671 secs], 0.0697953 secs]2024-03-31T19:49:04.416+0800: 996.432: [weak refs processing, 0.0001123 secs]2024-03-31T19:49:04.416+0800: 996.432: [class unloading, 0.0120038 secs]2024-03-31T19:49:04.428+0800: 996.444: [scrub symbol table, 0.0100693 secs]2024-03-31T19:49:04.439+0800: 996.454: [scrub string table, 0.0005078 secs][1 CMS-remark: 63K(64K)] 99915K(118016K), 0.0960109 secs] [Times: user=0.09 sys=0.00, real=0.10 secs] 
2024-03-31T19:49:04.443+0800: 996.458: [CMS-concurrent-sweep-start]
2024-03-31T19:49:04.443+0800: 996.458: [CMS-concurrent-sweep: 0.000/0.000 secs] [Times: user=0.00 sys=0.00, real=0.00 secs] 
2024-03-31T19:49:04.443+0800: 996.459: [CMS-concurrent-reset-start]
2024-03-31T19:49:04.443+0800: 996.459: [CMS-concurrent-reset: 0.000/0.000 secs] [Times: user=0.00 sys=0.00, real=0.00 secs] 
2024-03-31T19:49:06.450+0800: 998.466: [GC (CMS Initial Mark) [1 CMS-initial-mark: 63K(64K)] 100144K(118016K), 0.1109025 secs] [Times: user=0.11 sys=0.00, real=0.11 secs] 
2024-03-31T19:49:06.561+0800: 998.577: [CMS-concurrent-mark-start]
2024-03-31T19:49:06.562+0800: 998.578: [CMS-concurrent-mark: 0.000/0.000 secs] [Times: user=0.00 sys=0.01, real=0.01 secs] 
2024-03-31T19:49:06.563+0800: 998.579: [CMS-concurrent-preclean-start]
2024-03-31T19:49:06.565+0800: 998.581: [CMS-concurrent-preclean: 0.001/0.001 secs] [Times: user=0.01 sys=0.00, real=0.00 secs] 
2024-03-31T19:49:06.566+0800: 998.582: [CMS-concurrent-abortable-preclean-start]
2024-03-31T19:49:06.567+0800: 998.582: [CMS-concurrent-abortable-preclean: 0.000/0.000 secs] [Times: user=0.00 sys=0.00, real=0.00 secs] 
2024-03-31T19:49:06.568+0800: 998.584: [GC (CMS Final Remark) [YG occupancy: 100108 K (117952 K)]2024-03-31T19:49:06.568+0800: 998.584: [Rescan (non-parallel) 2024-03-31T19:49:06.568+0800: 998.584: [grey object rescan, 0.0000643 secs]2024-03-31T19:49:06.568+0800: 998.584: [root rescan, 0.0683448 secs]2024-03-31T19:49:06.637+0800: 998.653: [visit unhandled CLDs, 0.0001329 secs]2024-03-31T19:49:06.637+0800: 998.653: [dirty klass scan, 0.0012472 secs], 0.0702574 secs]2024-03-31T19:49:06.639+0800: 998.654: [weak refs processing, 0.0002042 secs]2024-03-31T19:49:06.639+0800: 998.655: [class unloading, 0.0110493 secs]2024-03-31T19:49:06.650+0800: 998.666: [scrub symbol table, 0.0096682 secs]2024-03-31T19:49:06.660+0800: 998.676: [scrub string table, 0.0004618 secs][1 CMS-remark: 63K(64K)] 100172K(118016K), 0.0951589 secs] [Times: user=0.09 sys=0.00, real=0.10 secs] 
2024-03-31T19:49:06.664+0800: 998.679: [CMS-concurrent-sweep-start]
2024-03-31T19:49:06.664+0800: 998.680: [CMS-concurrent-sweep: 0.000/0.000 secs] [Times: user=0.00 sys=0.00, real=0.00 secs] 
2024-03-31T19:49:06.665+0800: 998.681: [CMS-concurrent-reset-start]
2024-03-31T19:49:06.665+0800: 998.681: [CMS-concurrent-reset: 0.000/0.000 secs] [Times: user=0.01 sys=0.00, real=0.00 secs] 
2024-03-31T19:49:08.674+0800: 1000.690: [GC (CMS Initial Mark) [1 CMS-initial-mark: 63K(64K)] 100270K(118016K), 0.1035185 secs] [Times: user=0.10 sys=0.00, real=0.10 secs] 
2024-03-31T19:49:08.778+0800: 1000.794: [CMS-concurrent-mark-start]
2024-03-31T19:49:08.779+0800: 1000.795: [CMS-concurrent-mark: 0.000/0.000 secs] [Times: user=0.00 sys=0.00, real=0.00 secs] 
2024-03-31T19:49:08.780+0800: 1000.795: [CMS-concurrent-preclean-start]
2024-03-31T19:49:08.781+0800: 1000.797: [CMS-concurrent-preclean: 0.001/0.001 secs] [Times: user=0.01 sys=0.00, real=0.00 secs] 
2024-03-31T19:49:08.782+0800: 1000.798: [CMS-concurrent-abortable-preclean-start]
2024-03-31T19:49:08.783+0800: 1000.799: [CMS-concurrent-abortable-preclean: 0.000/0.000 secs] [Times: user=0.00 sys=0.00, real=0.01 secs] 
2024-03-31T19:49:08.784+0800: 1000.800: [GC (CMS Final Remark) [YG occupancy: 100231 K (117952 K)]2024-03-31T19:49:08.784+0800: 1000.800: [Rescan (non-parallel) 2024-03-31T19:49:08.784+0800: 1000.800: [grey object rescan, 0.0000732 secs]2024-03-31T19:49:08.784+0800: 1000.800: [root rescan, 0.0677166 secs]2024-03-31T19:49:08.852+0800: 1000.868: [visit unhandled CLDs, 0.0001465 secs]2024-03-31T19:49:08.852+0800: 1000.868: [dirty klass scan, 0.0012987 secs], 0.0697273 secs]2024-03-31T19:49:08.854+0800: 1000.870: [weak refs processing, 0.0001254 secs]2024-03-31T19:49:08.854+0800: 1000.870: [class unloading, 0.0112064 secs]2024-03-31T19:49:08.865+0800: 1000.881: [scrub symbol table, 0.0097198 secs]2024-03-31T19:49:08.875+0800: 1000.891: [scrub string table, 0.0004973 secs][1 CMS-remark: 63K(64K)] 100295K(118016K), 0.0944656 secs] [Times: user=0.09 sys=0.00, real=0.09 secs] 
2024-03-31T19:49:08.879+0800: 1000.895: [CMS-concurrent-sweep-start]
2024-03-31T19:49:08.879+0800: 1000.895: [CMS-concurrent-sweep: 0.000/0.000 secs] [Times: user=0.01 sys=0.00, real=0.00 secs] 
2024-03-31T19:49:08.880+0800: 1000.896: [CMS-concurrent-reset-start]
2024-03-31T19:49:08.880+0800: 1000.896: [CMS-concurrent-reset: 0.000/0.000 secs] [Times: user=0.00 sys=0.00, real=0.00 secs] 
2024-03-31T19:49:10.887+0800: 1002.903: [GC (CMS Initial Mark) [1 CMS-initial-mark: 63K(64K)] 100439K(118016K), 0.0977604 secs] [Times: user=0.10 sys=0.00, real=0.10 secs] 
2024-03-31T19:49:10.986+0800: 1003.001: [CMS-concurrent-mark-start]
2024-03-31T19:49:10.987+0800: 1003.002: [CMS-concurrent-mark: 0.000/0.000 secs] [Times: user=0.00 sys=0.00, real=0.00 secs] 
2024-03-31T19:49:10.988+0800: 1003.003: [CMS-concurrent-preclean-start]
2024-03-31T19:49:10.990+0800: 1003.006: [CMS-concurrent-preclean: 0.001/0.001 secs] [Times: user=0.00 sys=0.01, real=0.00 secs] 
2024-03-31T19:49:10.991+0800: 1003.007: [CMS-concurrent-abortable-preclean-start]
2024-03-31T19:49:10.992+0800: 1003.008: [CMS-concurrent-abortable-preclean: 0.000/0.000 secs] [Times: user=0.00 sys=0.00, real=0.01 secs] 
2024-03-31T19:49:10.993+0800: 1003.009: [GC (CMS Final Remark) [YG occupancy: 100375 K (117952 K)]2024-03-31T19:49:10.993+0800: 1003.009: [Rescan (non-parallel) 2024-03-31T19:49:10.993+0800: 1003.009: [grey object rescan, 0.0001310 secs]2024-03-31T19:49:10.994+0800: 1003.009: [root rescan, 0.0678790 secs]2024-03-31T19:49:11.062+0800: 1003.078: [visit unhandled CLDs, 0.0001696 secs]2024-03-31T19:49:11.062+0800: 1003.078: [dirty klass scan, 0.0013281 secs], 0.0702005 secs]2024-03-31T19:49:11.064+0800: 1003.079: [weak refs processing, 0.0001604 secs]2024-03-31T19:49:11.064+0800: 1003.080: [class unloading, 0.0111188 secs]2024-03-31T19:49:11.075+0800: 1003.091: [scrub symbol table, 0.0105426 secs]2024-03-31T19:49:11.086+0800: 1003.102: [scrub string table, 0.0006945 secs][1 CMS-remark: 63K(64K)] 100439K(118016K), 0.0965669 secs] [Times: user=0.09 sys=0.00, real=0.09 secs] 
2024-03-31T19:49:11.090+0800: 1003.106: [CMS-concurrent-sweep-start]
2024-03-31T19:49:11.090+0800: 1003.106: [CMS-concurrent-sweep: 0.000/0.000 secs] [Times: user=0.00 sys=0.00, real=0.00 secs] 
2024-03-31T19:49:11.091+0800: 1003.107: [CMS-concurrent-reset-start]
2024-03-31T19:49:11.091+0800: 1003.107: [CMS-concurrent-reset: 0.000/0.000 secs] [Times: user=0.00 sys=0.00, real=0.00 secs] 
2024-03-31T19:49:13.099+0800: 1005.115: [GC (CMS Initial Mark) [1 CMS-initial-mark: 63K(64K)] 100676K(118016K), 0.1101620 secs] [Times: user=0.11 sys=0.00, real=0.11 secs] 
2024-03-31T19:49:13.210+0800: 1005.225: [CMS-concurrent-mark-start]
2024-03-31T19:49:13.210+0800: 1005.226: [CMS-concurrent-mark: 0.000/0.000 secs] [Times: user=0.00 sys=0.00, real=0.00 secs] 
2024-03-31T19:49:13.211+0800: 1005.227: [CMS-concurrent-preclean-start]
2024-03-31T19:49:13.213+0800: 1005.228: [CMS-concurrent-preclean: 0.001/0.001 secs] [Times: user=0.00 sys=0.00, real=0.01 secs] 
2024-03-31T19:49:13.213+0800: 1005.229: [CMS-concurrent-abortable-preclean-start]
2024-03-31T19:49:13.214+0800: 1005.230: [CMS-concurrent-abortable-preclean: 0.000/0.000 secs] [Times: user=0.00 sys=0.00, real=0.00 secs] 
2024-03-31T19:49:13.215+0800: 1005.231: [GC (CMS Final Remark) [YG occupancy: 100622 K (117952 K)]2024-03-31T19:49:13.216+0800: 1005.231: [Rescan (non-parallel) 2024-03-31T19:49:13.216+0800: 1005.231: [grey object rescan, 0.0000628 secs]2024-03-31T19:49:13.216+0800: 1005.232: [root rescan, 0.0694817 secs]2024-03-31T19:49:13.286+0800: 1005.301: [visit unhandled CLDs, 0.0002210 secs]2024-03-31T19:49:13.286+0800: 1005.302: [dirty klass scan, 0.0015530 secs], 0.0718929 secs]2024-03-31T19:49:13.288+0800: 1005.303: [weak refs processing, 0.0001851 secs]2024-03-31T19:49:13.288+0800: 1005.304: [class unloading, 0.0121288 secs]2024-03-31T19:49:13.300+0800: 1005.316: [scrub symbol table, 0.0102071 secs]2024-03-31T19:49:13.310+0800: 1005.326: [scrub string table, 0.0004665 secs][1 CMS-remark: 63K(64K)] 100686K(118016K), 0.0982094 secs] [Times: user=0.10 sys=0.00, real=0.10 secs] 
2024-03-31T19:49:13.315+0800: 1005.331: [CMS-concurrent-sweep-start]
2024-03-31T19:49:13.316+0800: 1005.331: [CMS-concurrent-sweep: 0.000/0.000 secs] [Times: user=0.00 sys=0.00, real=0.00 secs] 
2024-03-31T19:49:13.318+0800: 1005.333: [CMS-concurrent-reset-start]
2024-03-31T19:49:13.318+0800: 1005.334: [CMS-concurrent-reset: 0.000/0.000 secs] [Times: user=0.01 sys=0.00, real=0.00 secs] 
2024-03-31T19:49:15.321+0800: 1007.337: [GC (CMS Initial Mark) [1 CMS-initial-mark: 63K(64K)] 100781K(118016K), 0.0973381 secs] [Times: user=0.10 sys=0.00, real=0.10 secs] 
2024-03-31T19:49:15.419+0800: 1007.435: [CMS-concurrent-mark-start]
2024-03-31T19:49:15.421+0800: 1007.437: [CMS-concurrent-mark: 0.000/0.000 secs] [Times: user=0.00 sys=0.00, real=0.00 secs] 
2024-03-31T19:49:15.422+0800: 1007.438: [CMS-concurrent-preclean-start]
2024-03-31T19:49:15.425+0800: 1007.441: [CMS-concurrent-preclean: 0.001/0.001 secs] [Times: user=0.00 sys=0.00, real=0.01 secs] 
2024-03-31T19:49:15.426+0800: 1007.442: [CMS-concurrent-abortable-preclean-start]
2024-03-31T19:49:15.427+0800: 1007.443: [CMS-concurrent-abortable-preclean: 0.000/0.000 secs] [Times: user=0.01 sys=0.00, real=0.00 secs] 
2024-03-31T19:49:15.430+0800: 1007.446: [GC (CMS Final Remark) [YG occupancy: 100717 K (117952 K)]2024-03-31T19:49:15.430+0800: 1007.446: [Rescan (non-parallel) 2024-03-31T19:49:15.430+0800: 1007.446: [grey object rescan, 0.0000754 secs]2024-03-31T19:49:15.430+0800: 1007.446: [root rescan, 0.0690944 secs]2024-03-31T19:49:15.500+0800: 1007.515: [visit unhandled CLDs, 0.0001605 secs]2024-03-31T19:49:15.500+0800: 1007.516: [dirty klass scan, 0.0014146 secs], 0.0713203 secs]2024-03-31T19:49:15.501+0800: 1007.517: [weak refs processing, 0.0001164 secs]2024-03-31T19:49:15.502+0800: 1007.517: [class unloading, 0.0123603 secs]2024-03-31T19:49:15.514+0800: 1007.530: [scrub symbol table, 0.0097487 secs]2024-03-31T19:49:15.524+0800: 1007.540: [scrub string table, 0.0004755 secs][1 CMS-remark: 63K(64K)] 100781K(118016K), 0.0973540 secs] [Times: user=0.10 sys=0.00, real=0.10 secs] 
2024-03-31T19:49:15.528+0800: 1007.544: [CMS-concurrent-sweep-start]
2024-03-31T19:49:15.529+0800: 1007.545: [CMS-concurrent-sweep: 0.000/0.000 secs] [Times: user=0.00 sys=0.00, real=0.00 secs] 
2024-03-31T19:49:15.531+0800: 1007.547: [CMS-concurrent-reset-start]
2024-03-31T19:49:15.532+0800: 1007.548: [CMS-concurrent-reset: 0.000/0.000 secs] [Times: user=0.00 sys=0.00, real=0.01 secs] 
2024-03-31T19:49:17.535+0800: 1009.551: [GC (CMS Initial Mark) [1 CMS-initial-mark: 63K(64K)] 101058K(118016K), 0.0746395 secs] [Times: user=0.08 sys=0.00, real=0.07 secs] 
2024-03-31T19:49:17.611+0800: 1009.626: [CMS-concurrent-mark-start]
2024-03-31T19:49:17.611+0800: 1009.627: [CMS-concurrent-mark: 0.000/0.000 secs] [Times: user=0.00 sys=0.00, real=0.00 secs] 
2024-03-31T19:49:17.612+0800: 1009.628: [CMS-concurrent-preclean-start]
2024-03-31T19:49:17.614+0800: 1009.630: [CMS-concurrent-preclean: 0.001/0.001 secs] [Times: user=0.00 sys=0.00, real=0.01 secs] 
2024-03-31T19:49:17.614+0800: 1009.630: [CMS-concurrent-abortable-preclean-start]
2024-03-31T19:49:17.614+0800: 1009.630: [CMS-concurrent-abortable-preclean: 0.000/0.000 secs] [Times: user=0.00 sys=0.00, real=0.00 secs] 
2024-03-31T19:49:17.615+0800: 1009.631: [GC (CMS Final Remark) [YG occupancy: 100994 K (117952 K)]2024-03-31T19:49:17.615+0800: 1009.631: [Rescan (non-parallel) 2024-03-31T19:49:17.615+0800: 1009.631: [grey object rescan, 0.0002018 secs]2024-03-31T19:49:17.616+0800: 1009.632: [root rescan, 0.0711310 secs]2024-03-31T19:49:17.687+0800: 1009.703: [visit unhandled CLDs, 0.0002078 secs]2024-03-31T19:49:17.688+0800: 1009.703: [dirty klass scan, 0.0016489 secs], 0.0741541 secs]2024-03-31T19:49:17.690+0800: 1009.705: [weak refs processing, 0.0002143 secs]2024-03-31T19:49:17.690+0800: 1009.706: [class unloading, 0.0125157 secs]2024-03-31T19:49:17.703+0800: 1009.719: [scrub symbol table, 0.0114563 secs]2024-03-31T19:49:17.714+0800: 1009.730: [scrub string table, 0.0005836 secs][1 CMS-remark: 63K(64K)] 101058K(118016K), 0.1025762 secs] [Times: user=0.10 sys=0.00, real=0.10 secs] 
2024-03-31T19:49:17.719+0800: 1009.734: [CMS-concurrent-sweep-start]
2024-03-31T19:49:17.719+0800: 1009.735: [CMS-concurrent-sweep: 0.000/0.000 secs] [Times: user=0.00 sys=0.00, real=0.00 secs] 
2024-03-31T19:49:17.721+0800: 1009.737: [CMS-concurrent-reset-start]
2024-03-31T19:49:17.722+0800: 1009.738: [CMS-concurrent-reset: 0.000/0.000 secs] [Times: user=0.00 sys=0.00, real=0.01 secs] 
2024-03-31T19:49:19.735+0800: 1011.751: [GC (CMS Initial Mark) [1 CMS-initial-mark: 63K(64K)] 101277K(118016K), 0.1077381 secs] [Times: user=0.10 sys=0.00, real=0.11 secs] 
2024-03-31T19:49:19.843+0800: 1011.859: [CMS-concurrent-mark-start]
2024-03-31T19:49:19.844+0800: 1011.860: [CMS-concurrent-mark: 0.000/0.000 secs] [Times: user=0.01 sys=0.00, real=0.00 secs] 
2024-03-31T19:49:19.845+0800: 1011.861: [CMS-concurrent-preclean-start]
2024-03-31T19:49:19.847+0800: 1011.863: [CMS-concurrent-preclean: 0.001/0.001 secs] [Times: user=0.00 sys=0.00, real=0.00 secs] 
2024-03-31T19:49:19.847+0800: 1011.863: [CMS-concurrent-abortable-preclean-start]
2024-03-31T19:49:19.848+0800: 1011.863: [CMS-concurrent-abortable-preclean: 0.000/0.000 secs] [Times: user=0.00 sys=0.00, real=0.00 secs] 
2024-03-31T19:49:19.848+0800: 1011.864: [GC (CMS Final Remark) [YG occupancy: 101213 K (117952 K)]2024-03-31T19:49:19.849+0800: 1011.864: [Rescan (non-parallel) 2024-03-31T19:49:19.849+0800: 1011.865: [grey object rescan, 0.0001087 secs]2024-03-31T19:49:19.849+0800: 1011.865: [root rescan, 0.0700211 secs]2024-03-31T19:49:19.919+0800: 1011.935: [visit unhandled CLDs, 0.0001680 secs]2024-03-31T19:49:19.920+0800: 1011.935: [dirty klass scan, 0.0013718 secs], 0.0723048 secs]2024-03-31T19:49:19.921+0800: 1011.937: [weak refs processing, 0.0001368 secs]2024-03-31T19:49:19.921+0800: 1011.937: [class unloading, 0.0115471 secs]2024-03-31T19:49:19.933+0800: 1011.949: [scrub symbol table, 0.0102051 secs]2024-03-31T19:49:19.943+0800: 1011.959: [scrub string table, 0.0005205 secs][1 CMS-remark: 63K(64K)] 101277K(118016K), 0.0982353 secs] [Times: user=0.10 sys=0.00, real=0.10 secs] 
2024-03-31T19:49:19.947+0800: 1011.963: [CMS-concurrent-sweep-start]
2024-03-31T19:49:19.948+0800: 1011.963: [CMS-concurrent-sweep: 0.000/0.000 secs] [Times: user=0.00 sys=0.00, real=0.00 secs] 
2024-03-31T19:49:19.949+0800: 1011.965: [CMS-concurrent-reset-start]
2024-03-31T19:49:19.949+0800: 1011.965: [CMS-concurrent-reset: 0.000/0.000 secs] [Times: user=0.00 sys=0.00, real=0.00 secs] 
2024-03-31T19:49:21.967+0800: 1013.983: [GC (CMS Initial Mark) [1 CMS-initial-mark: 63K(64K)] 101597K(118016K), 0.0924087 secs] [Times: user=0.09 sys=0.00, real=0.09 secs] 
2024-03-31T19:49:22.061+0800: 1014.077: [CMS-concurrent-mark-start]
2024-03-31T19:49:22.062+0800: 1014.078: [CMS-concurrent-mark: 0.000/0.000 secs] [Times: user=0.00 sys=0.00, real=0.01 secs] 
2024-03-31T19:49:22.064+0800: 1014.079: [CMS-concurrent-preclean-start]
2024-03-31T19:49:22.067+0800: 1014.083: [CMS-concurrent-preclean: 0.002/0.002 secs] [Times: user=0.01 sys=0.00, real=0.00 secs] 
2024-03-31T19:49:22.067+0800: 1014.083: [CMS-concurrent-abortable-preclean-start]
2024-03-31T19:49:22.067+0800: 1014.083: [CMS-concurrent-abortable-preclean: 0.000/0.000 secs] [Times: user=0.00 sys=0.00, real=0.00 secs] 
2024-03-31T19:49:22.068+0800: 1014.084: [GC (CMS Final Remark) [YG occupancy: 101533 K (117952 K)]2024-03-31T19:49:22.069+0800: 1014.084: [Rescan (non-parallel) 2024-03-31T19:49:22.069+0800: 1014.085: [grey object rescan, 0.0001139 secs]2024-03-31T19:49:22.069+0800: 1014.085: [root rescan, 0.0744429 secs]2024-03-31T19:49:22.144+0800: 1014.160: [visit unhandled CLDs, 0.0003961 secs]2024-03-31T19:49:22.145+0800: 1014.161: [dirty klass scan, 0.0019678 secs], 0.0783430 secs]2024-03-31T19:49:22.147+0800: 1014.163: [weak refs processing, 0.0002856 secs]2024-03-31T19:49:22.148+0800: 1014.164: [class unloading, 0.0239373 secs]2024-03-31T19:49:22.172+0800: 1014.188: [scrub symbol table, 0.0212235 secs]2024-03-31T19:49:22.194+0800: 1014.210: [scrub string table, 0.0011998 secs][1 CMS-remark: 63K(64K)] 101597K(118016K), 0.1300730 secs] [Times: user=0.12 sys=0.00, real=0.13 secs] 
2024-03-31T19:49:22.201+0800: 1014.216: [CMS-concurrent-sweep-start]
2024-03-31T19:49:22.202+0800: 1014.218: [CMS-concurrent-sweep: 0.000/0.000 secs] [Times: user=0.01 sys=0.00, real=0.01 secs] 
2024-03-31T19:49:22.204+0800: 1014.220: [CMS-concurrent-reset-start]
2024-03-31T19:49:22.205+0800: 1014.221: [CMS-concurrent-reset: 0.000/0.000 secs] [Times: user=0.00 sys=0.00, real=0.00 secs] 
2024-03-31T19:49:24.211+0800: 1016.227: [GC (CMS Initial Mark) [1 CMS-initial-mark: 63K(64K)] 102407K(118016K), 0.0890504 secs] [Times: user=0.09 sys=0.00, real=0.09 secs] 
2024-03-31T19:49:24.301+0800: 1016.317: [CMS-concurrent-mark-start]
2024-03-31T19:49:24.302+0800: 1016.318: [CMS-concurrent-mark: 0.000/0.000 secs] [Times: user=0.00 sys=0.00, real=0.01 secs] 
2024-03-31T19:49:24.303+0800: 1016.319: [CMS-concurrent-preclean-start]
2024-03-31T19:49:24.305+0800: 1016.321: [CMS-concurrent-preclean: 0.001/0.001 secs] [Times: user=0.01 sys=0.00, real=0.00 secs] 
2024-03-31T19:49:24.306+0800: 1016.322: [CMS-concurrent-abortable-preclean-start]
2024-03-31T19:49:24.306+0800: 1016.322: [CMS-concurrent-abortable-preclean: 0.000/0.000 secs] [Times: user=0.00 sys=0.00, real=0.00 secs] 
2024-03-31T19:49:24.308+0800: 1016.323: [GC (CMS Final Remark) [YG occupancy: 102354 K (117952 K)]2024-03-31T19:49:24.308+0800: 1016.324: [Rescan (non-parallel) 2024-03-31T19:49:24.308+0800: 1016.324: [grey object rescan, 0.0001555 secs]2024-03-31T19:49:24.308+0800: 1016.324: [root rescan, 0.0726554 secs]2024-03-31T19:49:24.381+0800: 1016.397: [visit unhandled CLDs, 0.0002056 secs]2024-03-31T19:49:24.381+0800: 1016.397: [dirty klass scan, 0.0015889 secs], 0.0753532 secs]2024-03-31T19:49:24.383+0800: 1016.399: [weak refs processing, 0.0001400 secs]2024-03-31T19:49:24.383+0800: 1016.399: [class unloading, 0.0139573 secs]2024-03-31T19:49:24.398+0800: 1016.413: [scrub symbol table, 0.0172299 secs]2024-03-31T19:49:24.415+0800: 1016.431: [scrub string table, 0.0006031 secs][1 CMS-remark: 63K(64K)] 102418K(118016K), 0.1110303 secs] [Times: user=0.11 sys=0.00, real=0.11 secs] 
2024-03-31T19:49:24.420+0800: 1016.436: [CMS-concurrent-sweep-start]
2024-03-31T19:49:24.420+0800: 1016.436: [CMS-concurrent-sweep: 0.000/0.000 secs] [Times: user=0.00 sys=0.00, real=0.00 secs] 
2024-03-31T19:49:24.421+0800: 1016.437: [CMS-concurrent-reset-start]
2024-03-31T19:49:24.422+0800: 1016.438: [CMS-concurrent-reset: 0.000/0.000 secs] [Times: user=0.00 sys=0.00, real=0.01 secs] 
2024-03-31T19:49:26.432+0800: 1018.448: [GC (CMS Initial Mark) [1 CMS-initial-mark: 63K(64K)] 103103K(118016K), 0.0855160 secs] [Times: user=0.09 sys=0.00, real=0.09 secs] 
2024-03-31T19:49:26.517+0800: 1018.533: [CMS-concurrent-mark-start]
2024-03-31T19:49:26.518+0800: 1018.534: [CMS-concurrent-mark: 0.000/0.000 secs] [Times: user=0.00 sys=0.00, real=0.00 secs] 
2024-03-31T19:49:26.519+0800: 1018.535: [CMS-concurrent-preclean-start]
2024-03-31T19:49:26.522+0800: 1018.538: [CMS-concurrent-preclean: 0.001/0.001 secs] [Times: user=0.00 sys=0.00, real=0.01 secs] 
2024-03-31T19:49:26.523+0800: 1018.539: [CMS-concurrent-abortable-preclean-start]
2024-03-31T19:49:26.523+0800: 1018.539: [CMS-concurrent-abortable-preclean: 0.000/0.000 secs] [Times: user=0.00 sys=0.00, real=0.00 secs] 
2024-03-31T19:49:26.525+0800: 1018.540: [GC (CMS Final Remark) [YG occupancy: 103039 K (117952 K)]2024-03-31T19:49:26.525+0800: 1018.541: [Rescan (non-parallel) 2024-03-31T19:49:26.525+0800: 1018.541: [grey object rescan, 0.0001285 secs]2024-03-31T19:49:26.525+0800: 1018.541: [root rescan, 0.0865428 secs]2024-03-31T19:49:26.612+0800: 1018.628: [visit unhandled CLDs, 0.0002353 secs]2024-03-31T19:49:26.612+0800: 1018.628: [dirty klass scan, 0.0015998 secs], 0.0891189 secs]2024-03-31T19:49:26.614+0800: 1018.630: [weak refs processing, 0.0001522 secs]2024-03-31T19:49:26.614+0800: 1018.630: [class unloading, 0.0165647 secs]2024-03-31T19:49:26.631+0800: 1018.647: [scrub symbol table, 0.0142777 secs]2024-03-31T19:49:26.646+0800: 1018.661: [scrub string table, 0.0007201 secs][1 CMS-remark: 63K(64K)] 103103K(118016K), 0.1248243 secs] [Times: user=0.13 sys=0.00, real=0.12 secs] 
2024-03-31T19:49:26.650+0800: 1018.666: [CMS-concurrent-sweep-start]
2024-03-31T19:49:26.652+0800: 1018.668: [CMS-concurrent-sweep: 0.000/0.000 secs] [Times: user=0.00 sys=0.00, real=0.01 secs] 
2024-03-31T19:49:26.654+0800: 1018.670: [CMS-concurrent-reset-start]
2024-03-31T19:49:26.655+0800: 1018.671: [CMS-concurrent-reset: 0.000/0.000 secs] [Times: user=0.00 sys=0.00, real=0.00 secs] 
2024-03-31T19:49:28.661+0800: 1020.677: [GC (CMS Initial Mark) [1 CMS-initial-mark: 63K(64K)] 103873K(118016K), 0.0866154 secs] [Times: user=0.08 sys=0.00, real=0.09 secs] 
2024-03-31T19:49:28.749+0800: 1020.764: [CMS-concurrent-mark-start]
2024-03-31T19:49:28.749+0800: 1020.765: [CMS-concurrent-mark: 0.000/0.000 secs] [Times: user=0.00 sys=0.00, real=0.00 secs] 
2024-03-31T19:49:28.750+0800: 1020.766: [CMS-concurrent-preclean-start]
2024-03-31T19:49:28.752+0800: 1020.768: [CMS-concurrent-preclean: 0.001/0.001 secs] [Times: user=0.00 sys=0.00, real=0.01 secs] 
2024-03-31T19:49:28.752+0800: 1020.768: [CMS-concurrent-abortable-preclean-start]
2024-03-31T19:49:28.753+0800: 1020.768: [CMS-concurrent-abortable-preclean: 0.000/0.000 secs] [Times: user=0.00 sys=0.00, real=0.00 secs] 
2024-03-31T19:49:28.753+0800: 1020.769: [GC (CMS Final Remark) [YG occupancy: 103812 K (117952 K)]2024-03-31T19:49:28.754+0800: 1020.769: [Rescan (non-parallel) 2024-03-31T19:49:28.754+0800: 1020.769: [grey object rescan, 0.0000767 secs]2024-03-31T19:49:28.754+0800: 1020.770: [root rescan, 0.0730326 secs]2024-03-31T19:49:28.827+0800: 1020.843: [visit unhandled CLDs, 0.0001322 secs]2024-03-31T19:49:28.827+0800: 1020.843: [dirty klass scan, 0.0013844 secs], 0.0750757 secs]2024-03-31T19:49:28.829+0800: 1020.844: [weak refs processing, 0.0001042 secs]2024-03-31T19:49:28.829+0800: 1020.845: [class unloading, 0.0118761 secs]2024-03-31T19:49:28.841+0800: 1020.857: [scrub symbol table, 0.0115445 secs]2024-03-31T19:49:28.853+0800: 1020.868: [scrub string table, 0.0005482 secs][1 CMS-remark: 63K(64K)] 103875K(118016K), 0.1026283 secs] [Times: user=0.10 sys=0.00, real=0.10 secs] 
2024-03-31T19:49:28.857+0800: 1020.873: [CMS-concurrent-sweep-start]
2024-03-31T19:49:28.858+0800: 1020.873: [CMS-concurrent-sweep: 0.000/0.000 secs] [Times: user=0.00 sys=0.00, real=0.00 secs] 
2024-03-31T19:49:28.860+0800: 1020.876: [CMS-concurrent-reset-start]
2024-03-31T19:49:28.861+0800: 1020.876: [CMS-concurrent-reset: 0.000/0.000 secs] [Times: user=0.00 sys=0.00, real=0.00 secs] 
2024-03-31T19:49:30.862+0800: 1022.878: [GC (CMS Initial Mark) [1 CMS-initial-mark: 63K(64K)] 104959K(118016K), 0.0742137 secs] [Times: user=0.07 sys=0.00, real=0.07 secs] 
2024-03-31T19:49:30.937+0800: 1022.954: [CMS-concurrent-mark-start]
2024-03-31T19:49:30.938+0800: 1022.954: [CMS-concurrent-mark: 0.000/0.000 secs] [Times: user=0.00 sys=0.00, real=0.00 secs] 
2024-03-31T19:49:30.939+0800: 1022.955: [CMS-concurrent-preclean-start]
2024-03-31T19:49:30.941+0800: 1022.957: [CMS-concurrent-preclean: 0.001/0.001 secs] [Times: user=0.00 sys=0.01, real=0.00 secs] 
2024-03-31T19:49:30.942+0800: 1022.958: [CMS-concurrent-abortable-preclean-start]
2024-03-31T19:49:30.942+0800: 1022.959: [CMS-concurrent-abortable-preclean: 0.000/0.000 secs] [Times: user=0.00 sys=0.00, real=0.00 secs] 
2024-03-31T19:49:30.944+0800: 1022.960: [GC (CMS Final Remark) [YG occupancy: 104896 K (117952 K)]2024-03-31T19:49:30.944+0800: 1022.960: [Rescan (non-parallel) 2024-03-31T19:49:30.944+0800: 1022.960: [grey object rescan, 0.0001127 secs]2024-03-31T19:49:30.944+0800: 1022.961: [root rescan, 0.0730291 secs]2024-03-31T19:49:31.018+0800: 1023.034: [visit unhandled CLDs, 0.0003048 secs]2024-03-31T19:49:31.018+0800: 1023.034: [dirty klass scan, 0.0016365 secs], 0.0757931 secs]2024-03-31T19:49:31.020+0800: 1023.036: [weak refs processing, 0.0001871 secs]2024-03-31T19:49:31.020+0800: 1023.037: [class unloading, 0.0127391 secs]2024-03-31T19:49:31.033+0800: 1023.050: [scrub symbol table, 0.0113410 secs]2024-03-31T19:49:31.045+0800: 1023.061: [scrub string table, 0.0006597 secs][1 CMS-remark: 63K(64K)] 104959K(118016K), 0.1049820 secs] [Times: user=0.11 sys=0.00, real=0.10 secs] 
2024-03-31T19:49:31.050+0800: 1023.067: [CMS-concurrent-sweep-start]
2024-03-31T19:49:31.052+0800: 1023.068: [CMS-concurrent-sweep: 0.000/0.000 secs] [Times: user=0.00 sys=0.00, real=0.01 secs] 
2024-03-31T19:49:31.055+0800: 1023.071: [CMS-concurrent-reset-start]
2024-03-31T19:49:31.056+0800: 1023.072: [CMS-concurrent-reset: 0.000/0.000 secs] [Times: user=0.00 sys=0.00, real=0.00 secs] 
2024-03-31T19:49:33.063+0800: 1025.080: [GC (CMS Initial Mark) [1 CMS-initial-mark: 63K(64K)] 105103K(118016K), 0.1173579 secs] [Times: user=0.12 sys=0.00, real=0.11 secs] 
2024-03-31T19:49:33.181+0800: 1025.198: [CMS-concurrent-mark-start]
2024-03-31T19:49:33.182+0800: 1025.199: [CMS-concurrent-mark: 0.000/0.000 secs] [Times: user=0.00 sys=0.00, real=0.00 secs] 
2024-03-31T19:49:33.183+0800: 1025.200: [CMS-concurrent-preclean-start]
2024-03-31T19:49:33.186+0800: 1025.202: [CMS-concurrent-preclean: 0.002/0.002 secs] [Times: user=0.00 sys=0.00, real=0.00 secs] 
2024-03-31T19:49:33.186+0800: 1025.203: [CMS-concurrent-abortable-preclean-start]
2024-03-31T19:49:33.187+0800: 1025.203: [CMS-concurrent-abortable-preclean: 0.000/0.000 secs] [Times: user=0.00 sys=0.00, real=0.00 secs] 
2024-03-31T19:49:33.188+0800: 1025.204: [GC (CMS Final Remark) [YG occupancy: 105040 K (117952 K)]2024-03-31T19:49:33.188+0800: 1025.204: [Rescan (non-parallel) 2024-03-31T19:49:33.188+0800: 1025.204: [grey object rescan, 0.0001246 secs]2024-03-31T19:49:33.188+0800: 1025.205: [root rescan, 0.0730540 secs]2024-03-31T19:49:33.262+0800: 1025.278: [visit unhandled CLDs, 0.0001553 secs]2024-03-31T19:49:33.262+0800: 1025.278: [dirty klass scan, 0.0013992 secs], 0.0753580 secs]2024-03-31T19:49:33.263+0800: 1025.280: [weak refs processing, 0.0001544 secs]2024-03-31T19:49:33.264+0800: 1025.280: [class unloading, 0.0115023 secs]2024-03-31T19:49:33.275+0800: 1025.292: [scrub symbol table, 0.0105250 secs]2024-03-31T19:49:33.286+0800: 1025.303: [scrub string table, 0.0005072 secs][1 CMS-remark: 63K(64K)] 105103K(118016K), 0.1016815 secs] [Times: user=0.10 sys=0.00, real=0.10 secs] 
2024-03-31T19:49:33.290+0800: 1025.307: [CMS-concurrent-sweep-start]
2024-03-31T19:49:33.291+0800: 1025.307: [CMS-concurrent-sweep: 0.000/0.000 secs] [Times: user=0.00 sys=0.00, real=0.00 secs] 
2024-03-31T19:49:33.292+0800: 1025.308: [CMS-concurrent-reset-start]
2024-03-31T19:49:33.293+0800: 1025.309: [CMS-concurrent-reset: 0.000/0.000 secs] [Times: user=0.00 sys=0.01, real=0.00 secs] 
2024-03-31T19:49:35.303+0800: 1027.319: [GC (CMS Initial Mark) [1 CMS-initial-mark: 63K(64K)] 105241K(118016K), 0.1137766 secs] [Times: user=0.11 sys=0.00, real=0.11 secs] 
2024-03-31T19:49:35.417+0800: 1027.434: [CMS-concurrent-mark-start]
2024-03-31T19:49:35.418+0800: 1027.434: [CMS-concurrent-mark: 0.000/0.000 secs] [Times: user=0.00 sys=0.00, real=0.00 secs] 
2024-03-31T19:49:35.418+0800: 1027.435: [CMS-concurrent-preclean-start]
2024-03-31T19:49:35.420+0800: 1027.437: [CMS-concurrent-preclean: 0.001/0.001 secs] [Times: user=0.00 sys=0.00, real=0.00 secs] 
2024-03-31T19:49:35.421+0800: 1027.437: [CMS-concurrent-abortable-preclean-start]
2024-03-31T19:49:35.421+0800: 1027.437: [CMS-concurrent-abortable-preclean: 0.000/0.000 secs] [Times: user=0.00 sys=0.00, real=0.00 secs] 
2024-03-31T19:49:35.422+0800: 1027.438: [GC (CMS Final Remark) [YG occupancy: 105178 K (117952 K)]2024-03-31T19:49:35.422+0800: 1027.438: [Rescan (non-parallel) 2024-03-31T19:49:35.422+0800: 1027.439: [grey object rescan, 0.0001783 secs]2024-03-31T19:49:35.423+0800: 1027.439: [root rescan, 0.0796050 secs]2024-03-31T19:49:35.503+0800: 1027.519: [visit unhandled CLDs, 0.0002037 secs]2024-03-31T19:49:35.503+0800: 1027.519: [dirty klass scan, 0.0015617 secs], 0.0825065 secs]2024-03-31T19:49:35.505+0800: 1027.521: [weak refs processing, 0.0002139 secs]2024-03-31T19:49:35.505+0800: 1027.521: [class unloading, 0.0122041 secs]2024-03-31T19:49:35.517+0800: 1027.534: [scrub symbol table, 0.0120053 secs]2024-03-31T19:49:35.530+0800: 1027.546: [scrub string table, 0.0006400 secs][1 CMS-remark: 63K(64K)] 105242K(118016K), 0.1116392 secs] [Times: user=0.11 sys=0.00, real=0.11 secs] 
2024-03-31T19:49:35.534+0800: 1027.551: [CMS-concurrent-sweep-start]
2024-03-31T19:49:35.535+0800: 1027.551: [CMS-concurrent-sweep: 0.000/0.000 secs] [Times: user=0.00 sys=0.00, real=0.00 secs] 
2024-03-31T19:49:35.537+0800: 1027.553: [CMS-concurrent-reset-start]
2024-03-31T19:49:35.538+0800: 1027.554: [CMS-concurrent-reset: 0.000/0.000 secs] [Times: user=0.00 sys=0.01, real=0.00 secs] 
2024-03-31T19:49:37.544+0800: 1029.561: [GC (CMS Initial Mark) [1 CMS-initial-mark: 63K(64K)] 105465K(118016K), 0.1141135 secs] [Times: user=0.12 sys=0.00, real=0.11 secs] 
2024-03-31T19:49:37.660+0800: 1029.676: [CMS-concurrent-mark-start]
2024-03-31T19:49:37.660+0800: 1029.677: [CMS-concurrent-mark: 0.000/0.000 secs] [Times: user=0.00 sys=0.00, real=0.00 secs] 
2024-03-31T19:49:37.662+0800: 1029.678: [CMS-concurrent-preclean-start]
2024-03-31T19:49:37.664+0800: 1029.681: [CMS-concurrent-preclean: 0.001/0.001 secs] [Times: user=0.01 sys=0.00, real=0.01 secs] 
2024-03-31T19:49:37.666+0800: 1029.682: [CMS-concurrent-abortable-preclean-start]
2024-03-31T19:49:37.667+0800: 1029.683: [CMS-concurrent-abortable-preclean: 0.000/0.000 secs] [Times: user=0.00 sys=0.00, real=0.00 secs] 
2024-03-31T19:49:37.669+0800: 1029.685: [GC (CMS Final Remark) [YG occupancy: 105404 K (117952 K)]2024-03-31T19:49:37.669+0800: 1029.685: [Rescan (non-parallel) 2024-03-31T19:49:37.669+0800: 1029.686: [grey object rescan, 0.0001099 secs]2024-03-31T19:49:37.669+0800: 1029.686: [root rescan, 0.0739330 secs]2024-03-31T19:49:37.744+0800: 1029.760: [visit unhandled CLDs, 0.0001765 secs]2024-03-31T19:49:37.744+0800: 1029.760: [dirty klass scan, 0.0015940 secs], 0.0766067 secs]2024-03-31T19:49:37.746+0800: 1029.762: [weak refs processing, 0.0001453 secs]2024-03-31T19:49:37.746+0800: 1029.762: [class unloading, 0.0120840 secs]2024-03-31T19:49:37.758+0800: 1029.775: [scrub symbol table, 0.0111168 secs]2024-03-31T19:49:37.770+0800: 1029.786: [scrub string table, 0.0005434 secs][1 CMS-remark: 63K(64K)] 105468K(118016K), 0.1041450 secs] [Times: user=0.10 sys=0.00, real=0.11 secs] 
2024-03-31T19:49:37.774+0800: 1029.790: [CMS-concurrent-sweep-start]
2024-03-31T19:49:37.775+0800: 1029.791: [CMS-concurrent-sweep: 0.000/0.000 secs] [Times: user=0.00 sys=0.00, real=0.00 secs] 
2024-03-31T19:49:37.777+0800: 1029.793: [CMS-concurrent-reset-start]
2024-03-31T19:49:37.778+0800: 1029.794: [CMS-concurrent-reset: 0.000/0.000 secs] [Times: user=0.00 sys=0.00, real=0.00 secs] 
2024-03-31T19:49:39.782+0800: 1031.799: [GC (CMS Initial Mark) [1 CMS-initial-mark: 63K(64K)] 105673K(118016K), 0.0756299 secs] [Times: user=0.08 sys=0.00, real=0.07 secs] 
2024-03-31T19:49:39.859+0800: 1031.875: [CMS-concurrent-mark-start]
2024-03-31T19:49:39.860+0800: 1031.876: [CMS-concurrent-mark: 0.000/0.000 secs] [Times: user=0.00 sys=0.00, real=0.00 secs] 
2024-03-31T19:49:39.860+0800: 1031.877: [CMS-concurrent-preclean-start]
2024-03-31T19:49:39.862+0800: 1031.878: [CMS-concurrent-preclean: 0.001/0.001 secs] [Times: user=0.00 sys=0.00, real=0.01 secs] 
2024-03-31T19:49:39.862+0800: 1031.879: [CMS-concurrent-abortable-preclean-start]
2024-03-31T19:49:39.863+0800: 1031.879: [CMS-concurrent-abortable-preclean: 0.000/0.000 secs] [Times: user=0.00 sys=0.00, real=0.00 secs] 
2024-03-31T19:49:39.864+0800: 1031.880: [GC (CMS Final Remark) [YG occupancy: 105610 K (117952 K)]2024-03-31T19:49:39.864+0800: 1031.880: [Rescan (non-parallel) 2024-03-31T19:49:39.864+0800: 1031.881: [grey object rescan, 0.0000858 secs]2024-03-31T19:49:39.864+0800: 1031.881: [root rescan, 0.0746416 secs]2024-03-31T19:49:39.939+0800: 1031.956: [visit unhandled CLDs, 0.0002058 secs]2024-03-31T19:49:39.940+0800: 1031.956: [dirty klass scan, 0.0015618 secs], 0.0772703 secs]2024-03-31T19:49:39.941+0800: 1031.958: [weak refs processing, 0.0002282 secs]2024-03-31T19:49:39.942+0800: 1031.958: [class unloading, 0.0120630 secs]2024-03-31T19:49:39.954+0800: 1031.971: [scrub symbol table, 0.0124753 secs]2024-03-31T19:49:39.967+0800: 1031.983: [scrub string table, 0.0005653 secs][1 CMS-remark: 63K(64K)] 105674K(118016K), 0.1064887 secs] [Times: user=0.11 sys=0.00, real=0.10 secs] 
2024-03-31T19:49:39.972+0800: 1031.988: [CMS-concurrent-sweep-start]
2024-03-31T19:49:39.972+0800: 1031.989: [CMS-concurrent-sweep: 0.000/0.000 secs] [Times: user=0.00 sys=0.01, real=0.00 secs] 
2024-03-31T19:49:39.974+0800: 1031.990: [CMS-concurrent-reset-start]
2024-03-31T19:49:39.975+0800: 1031.991: [CMS-concurrent-reset: 0.000/0.000 secs] [Times: user=0.00 sys=0.00, real=0.00 secs] 
2024-03-31T19:49:41.982+0800: 1033.999: [GC (CMS Initial Mark) [1 CMS-initial-mark: 63K(64K)] 105801K(118016K), 0.1120881 secs] [Times: user=0.11 sys=0.00, real=0.11 secs] 
2024-03-31T19:49:42.095+0800: 1034.112: [CMS-concurrent-mark-start]
2024-03-31T19:49:42.096+0800: 1034.112: [CMS-concurrent-mark: 0.000/0.000 secs] [Times: user=0.00 sys=0.01, real=0.00 secs] 
2024-03-31T19:49:42.097+0800: 1034.113: [CMS-concurrent-preclean-start]
2024-03-31T19:49:42.099+0800: 1034.115: [CMS-concurrent-preclean: 0.001/0.001 secs] [Times: user=0.00 sys=0.00, real=0.00 secs] 
2024-03-31T19:49:42.099+0800: 1034.116: [CMS-concurrent-abortable-preclean-start]
2024-03-31T19:49:42.100+0800: 1034.116: [CMS-concurrent-abortable-preclean: 0.000/0.000 secs] [Times: user=0.00 sys=0.00, real=0.00 secs] 
2024-03-31T19:49:42.100+0800: 1034.117: [GC (CMS Final Remark) [YG occupancy: 105743 K (117952 K)]2024-03-31T19:49:42.101+0800: 1034.117: [Rescan (non-parallel) 2024-03-31T19:49:42.101+0800: 1034.117: [grey object rescan, 0.0001029 secs]2024-03-31T19:49:42.101+0800: 1034.117: [root rescan, 0.0714941 secs]2024-03-31T19:49:42.173+0800: 1034.189: [visit unhandled CLDs, 0.0001764 secs]2024-03-31T19:49:42.173+0800: 1034.189: [dirty klass scan, 0.0014259 secs], 0.0737972 secs]2024-03-31T19:49:42.174+0800: 1034.191: [weak refs processing, 0.0001386 secs]2024-03-31T19:49:42.175+0800: 1034.191: [class unloading, 0.0119922 secs]2024-03-31T19:49:42.187+0800: 1034.203: [scrub symbol table, 0.0097713 secs]2024-03-31T19:49:42.197+0800: 1034.213: [scrub string table, 0.0005344 secs][1 CMS-remark: 63K(64K)] 105807K(118016K), 0.0996587 secs] [Times: user=0.10 sys=0.00, real=0.10 secs] 
2024-03-31T19:49:42.201+0800: 1034.217: [CMS-concurrent-sweep-start]
2024-03-31T19:49:42.202+0800: 1034.218: [CMS-concurrent-sweep: 0.000/0.000 secs] [Times: user=0.00 sys=0.00, real=0.01 secs] 
2024-03-31T19:49:42.203+0800: 1034.219: [CMS-concurrent-reset-start]
2024-03-31T19:49:42.203+0800: 1034.220: [CMS-concurrent-reset: 0.000/0.000 secs] [Times: user=0.00 sys=0.00, real=0.00 secs] 
2024-03-31T19:49:44.206+0800: 1036.223: [GC (CMS Initial Mark) [1 CMS-initial-mark: 63K(64K)] 105997K(118016K), 0.0743083 secs] [Times: user=0.07 sys=0.00, real=0.07 secs] 
2024-03-31T19:49:44.281+0800: 1036.298: [CMS-concurrent-mark-start]
2024-03-31T19:49:44.282+0800: 1036.298: [CMS-concurrent-mark: 0.000/0.000 secs] [Times: user=0.00 sys=0.00, real=0.00 secs] 
2024-03-31T19:49:44.283+0800: 1036.299: [CMS-concurrent-preclean-start]
2024-03-31T19:49:44.285+0800: 1036.301: [CMS-concurrent-preclean: 0.001/0.001 secs] [Times: user=0.01 sys=0.00, real=0.00 secs] 
2024-03-31T19:49:44.286+0800: 1036.302: [CMS-concurrent-abortable-preclean-start]
2024-03-31T19:49:44.287+0800: 1036.303: [CMS-concurrent-abortable-preclean: 0.000/0.000 secs] [Times: user=0.00 sys=0.00, real=0.00 secs] 
2024-03-31T19:49:44.288+0800: 1036.304: [GC (CMS Final Remark) [YG occupancy: 105934 K (117952 K)]2024-03-31T19:49:44.288+0800: 1036.305: [Rescan (non-parallel) 2024-03-31T19:49:44.288+0800: 1036.305: [grey object rescan, 0.0001044 secs]2024-03-31T19:49:44.289+0800: 1036.305: [root rescan, 0.0731435 secs]2024-03-31T19:49:44.362+0800: 1036.378: [visit unhandled CLDs, 0.0003154 secs]2024-03-31T19:49:44.362+0800: 1036.379: [dirty klass scan, 0.0017779 secs], 0.0761760 secs]2024-03-31T19:49:44.365+0800: 1036.381: [weak refs processing, 0.0003010 secs]2024-03-31T19:49:44.365+0800: 1036.381: [class unloading, 0.0121614 secs]2024-03-31T19:49:44.377+0800: 1036.394: [scrub symbol table, 0.0111790 secs]2024-03-31T19:49:44.389+0800: 1036.405: [scrub string table, 0.0005034 secs][1 CMS-remark: 63K(64K)] 105998K(118016K), 0.1043460 secs] [Times: user=0.10 sys=0.00, real=0.11 secs] 
2024-03-31T19:49:44.393+0800: 1036.410: [CMS-concurrent-sweep-start]
2024-03-31T19:49:44.394+0800: 1036.410: [CMS-concurrent-sweep: 0.000/0.000 secs] [Times: user=0.00 sys=0.00, real=0.00 secs] 
2024-03-31T19:49:44.395+0800: 1036.411: [CMS-concurrent-reset-start]
2024-03-31T19:49:44.395+0800: 1036.411: [CMS-concurrent-reset: 0.000/0.000 secs] [Times: user=0.00 sys=0.00, real=0.00 secs] 
2024-03-31T19:49:46.396+0800: 1038.413: [GC (CMS Initial Mark) [1 CMS-initial-mark: 63K(64K)] 106202K(118016K), 0.0823028 secs] [Times: user=0.08 sys=0.00, real=0.08 secs] 
2024-03-31T19:49:46.480+0800: 1038.496: [CMS-concurrent-mark-start]
2024-03-31T19:49:46.481+0800: 1038.497: [CMS-concurrent-mark: 0.000/0.000 secs] [Times: user=0.00 sys=0.00, real=0.00 secs] 
2024-03-31T19:49:46.482+0800: 1038.498: [CMS-concurrent-preclean-start]
2024-03-31T19:49:46.483+0800: 1038.500: [CMS-concurrent-preclean: 0.001/0.001 secs] [Times: user=0.01 sys=0.00, real=0.01 secs] 
2024-03-31T19:49:46.484+0800: 1038.501: [CMS-concurrent-abortable-preclean-start]
2024-03-31T19:49:46.485+0800: 1038.501: [CMS-concurrent-abortable-preclean: 0.000/0.000 secs] [Times: user=0.00 sys=0.00, real=0.00 secs] 
2024-03-31T19:49:46.486+0800: 1038.503: [GC (CMS Final Remark) [YG occupancy: 106139 K (117952 K)]2024-03-31T19:49:46.486+0800: 1038.503: [Rescan (non-parallel) 2024-03-31T19:49:46.486+0800: 1038.503: [grey object rescan, 0.0001349 secs]2024-03-31T19:49:46.487+0800: 1038.503: [root rescan, 0.0753161 secs]2024-03-31T19:49:46.562+0800: 1038.579: [visit unhandled CLDs, 0.0002230 secs]2024-03-31T19:49:46.563+0800: 1038.579: [dirty klass scan, 0.0014921 secs], 0.0777763 secs]2024-03-31T19:49:46.564+0800: 1038.581: [weak refs processing, 0.0001333 secs]2024-03-31T19:49:46.564+0800: 1038.581: [class unloading, 0.0122204 secs]2024-03-31T19:49:46.577+0800: 1038.593: [scrub symbol table, 0.0100490 secs]2024-03-31T19:49:46.587+0800: 1038.604: [scrub string table, 0.0005195 secs][1 CMS-remark: 63K(64K)] 106203K(118016K), 0.1043157 secs] [Times: user=0.10 sys=0.00, real=0.10 secs] 
2024-03-31T19:49:46.591+0800: 1038.608: [CMS-concurrent-sweep-start]
2024-03-31T19:49:46.592+0800: 1038.608: [CMS-concurrent-sweep: 0.000/0.000 secs] [Times: user=0.00 sys=0.00, real=0.00 secs] 
2024-03-31T19:49:46.593+0800: 1038.610: [CMS-concurrent-reset-start]
2024-03-31T19:49:46.594+0800: 1038.610: [CMS-concurrent-reset: 0.000/0.000 secs] [Times: user=0.00 sys=0.00, real=0.00 secs] 
2024-03-31T19:49:48.600+0800: 1040.616: [GC (CMS Initial Mark) [1 CMS-initial-mark: 63K(64K)] 106390K(118016K), 0.1126530 secs] [Times: user=0.11 sys=0.00, real=0.12 secs] 
2024-03-31T19:49:48.713+0800: 1040.730: [CMS-concurrent-mark-start]
2024-03-31T19:49:48.714+0800: 1040.731: [CMS-concurrent-mark: 0.000/0.000 secs] [Times: user=0.01 sys=0.00, real=0.00 secs] 
2024-03-31T19:49:48.715+0800: 1040.732: [CMS-concurrent-preclean-start]
2024-03-31T19:49:48.717+0800: 1040.734: [CMS-concurrent-preclean: 0.001/0.001 secs] [Times: user=0.00 sys=0.00, real=0.00 secs] 
2024-03-31T19:49:48.718+0800: 1040.734: [CMS-concurrent-abortable-preclean-start]
2024-03-31T19:49:48.719+0800: 1040.735: [CMS-concurrent-abortable-preclean: 0.000/0.000 secs] [Times: user=0.00 sys=0.00, real=0.00 secs] 
2024-03-31T19:49:48.720+0800: 1040.737: [GC (CMS Final Remark) [YG occupancy: 106328 K (117952 K)]2024-03-31T19:49:48.720+0800: 1040.737: [Rescan (non-parallel) 2024-03-31T19:49:48.720+0800: 1040.737: [grey object rescan, 0.0001065 secs]2024-03-31T19:49:48.721+0800: 1040.737: [root rescan, 0.0731914 secs]2024-03-31T19:49:48.794+0800: 1040.811: [visit unhandled CLDs, 0.0001725 secs]2024-03-31T19:49:48.794+0800: 1040.811: [dirty klass scan, 0.0013320 secs], 0.0754586 secs]2024-03-31T19:49:48.796+0800: 1040.812: [weak refs processing, 0.0001741 secs]2024-03-31T19:49:48.796+0800: 1040.813: [class unloading, 0.0120819 secs]2024-03-31T19:49:48.808+0800: 1040.825: [scrub symbol table, 0.0102197 secs]2024-03-31T19:49:48.819+0800: 1040.835: [scrub string table, 0.0005478 secs][1 CMS-remark: 63K(64K)] 106391K(118016K), 0.1019108 secs] [Times: user=0.10 sys=0.00, real=0.11 secs] 
2024-03-31T19:49:48.823+0800: 1040.839: [CMS-concurrent-sweep-start]
2024-03-31T19:49:48.823+0800: 1040.840: [CMS-concurrent-sweep: 0.000/0.000 secs] [Times: user=0.00 sys=0.00, real=0.00 secs] 
2024-03-31T19:49:48.824+0800: 1040.841: [CMS-concurrent-reset-start]
2024-03-31T19:49:48.825+0800: 1040.841: [CMS-concurrent-reset: 0.000/0.000 secs] [Times: user=0.00 sys=0.00, real=0.00 secs] 
2024-03-31T19:49:50.827+0800: 1042.843: [GC (CMS Initial Mark) [1 CMS-initial-mark: 63K(64K)] 106592K(118016K), 0.0787750 secs] [Times: user=0.07 sys=0.00, real=0.08 secs] 
2024-03-31T19:49:50.907+0800: 1042.923: [CMS-concurrent-mark-start]
2024-03-31T19:49:50.909+0800: 1042.925: [CMS-concurrent-mark: 0.000/0.000 secs] [Times: user=0.01 sys=0.00, real=0.00 secs] 
2024-03-31T19:49:50.911+0800: 1042.928: [CMS-concurrent-preclean-start]
2024-03-31T19:49:50.914+0800: 1042.931: [CMS-concurrent-preclean: 0.002/0.002 secs] [Times: user=0.00 sys=0.00, real=0.01 secs] 
2024-03-31T19:49:50.916+0800: 1042.932: [CMS-concurrent-abortable-preclean-start]
2024-03-31T19:49:50.917+0800: 1042.934: [CMS-concurrent-abortable-preclean: 0.000/0.000 secs] [Times: user=0.01 sys=0.00, real=0.00 secs] 
2024-03-31T19:49:50.920+0800: 1042.937: [GC (CMS Final Remark) [YG occupancy: 106535 K (117952 K)]2024-03-31T19:49:50.920+0800: 1042.937: [Rescan (non-parallel) 2024-03-31T19:49:50.921+0800: 1042.937: [grey object rescan, 0.0002143 secs]2024-03-31T19:49:50.921+0800: 1042.937: [root rescan, 0.0774362 secs]2024-03-31T19:49:50.999+0800: 1043.015: [visit unhandled CLDs, 0.0002021 secs]2024-03-31T19:49:50.999+0800: 1043.015: [dirty klass scan, 0.0016077 secs], 0.0802775 secs]2024-03-31T19:49:51.001+0800: 1043.017: [weak refs processing, 0.0001609 secs]2024-03-31T19:49:51.001+0800: 1043.017: [class unloading, 0.0130665 secs]2024-03-31T19:49:51.014+0800: 1043.031: [scrub symbol table, 0.0124523 secs]2024-03-31T19:49:51.027+0800: 1043.044: [scrub string table, 0.0005605 secs][1 CMS-remark: 63K(64K)] 106599K(118016K), 0.1104758 secs] [Times: user=0.11 sys=0.00, real=0.11 secs] 
2024-03-31T19:49:51.032+0800: 1043.048: [CMS-concurrent-sweep-start]
2024-03-31T19:49:51.034+0800: 1043.051: [CMS-concurrent-sweep: 0.000/0.000 secs] [Times: user=0.00 sys=0.00, real=0.00 secs] 
2024-03-31T19:49:51.040+0800: 1043.056: [CMS-concurrent-reset-start]
2024-03-31T19:49:51.041+0800: 1043.058: [CMS-concurrent-reset: 0.000/0.000 secs] [Times: user=0.01 sys=0.00, real=0.01 secs] 
2024-03-31T19:49:53.050+0800: 1045.067: [GC (CMS Initial Mark) [1 CMS-initial-mark: 63K(64K)] 109681K(118016K), 0.1162029 secs] [Times: user=0.12 sys=0.00, real=0.12 secs] 
2024-03-31T19:49:53.167+0800: 1045.184: [CMS-concurrent-mark-start]
2024-03-31T19:49:53.168+0800: 1045.184: [CMS-concurrent-mark: 0.000/0.000 secs] [Times: user=0.00 sys=0.00, real=0.00 secs] 
2024-03-31T19:49:53.169+0800: 1045.185: [CMS-concurrent-preclean-start]
2024-03-31T19:49:53.170+0800: 1045.187: [CMS-concurrent-preclean: 0.001/0.001 secs] [Times: user=0.00 sys=0.00, real=0.00 secs] 
2024-03-31T19:49:53.171+0800: 1045.187: [CMS-concurrent-abortable-preclean-start]
2024-03-31T19:49:53.171+0800: 1045.187: [CMS-concurrent-abortable-preclean: 0.000/0.000 secs] [Times: user=0.00 sys=0.00, real=0.00 secs] 
2024-03-31T19:49:53.172+0800: 1045.188: [GC (CMS Final Remark) [YG occupancy: 109618 K (117952 K)]2024-03-31T19:49:53.172+0800: 1045.188: [Rescan (non-parallel) 2024-03-31T19:49:53.172+0800: 1045.189: [grey object rescan, 0.0001114 secs]2024-03-31T19:49:53.172+0800: 1045.189: [root rescan, 0.0775731 secs]2024-03-31T19:49:53.250+0800: 1045.267: [visit unhandled CLDs, 0.0001698 secs]2024-03-31T19:49:53.251+0800: 1045.267: [dirty klass scan, 0.0015327 secs], 0.0801662 secs]2024-03-31T19:49:53.252+0800: 1045.269: [weak refs processing, 0.0001399 secs]2024-03-31T19:49:53.253+0800: 1045.269: [class unloading, 0.0125205 secs]2024-03-31T19:49:53.265+0800: 1045.282: [scrub symbol table, 0.0126520 secs]2024-03-31T19:49:53.278+0800: 1045.295: [scrub string table, 0.0005790 secs][1 CMS-remark: 63K(64K)] 109682K(118016K), 0.1098901 secs] [Times: user=0.11 sys=0.00, real=0.11 secs] 
2024-03-31T19:49:53.282+0800: 1045.299: [CMS-concurrent-sweep-start]
2024-03-31T19:49:53.283+0800: 1045.299: [CMS-concurrent-sweep: 0.000/0.000 secs] [Times: user=0.00 sys=0.00, real=0.00 secs] 
2024-03-31T19:49:53.284+0800: 1045.301: [CMS-concurrent-reset-start]
2024-03-31T19:49:53.285+0800: 1045.301: [CMS-concurrent-reset: 0.000/0.000 secs] [Times: user=0.00 sys=0.00, real=0.00 secs] 
2024-03-31T19:49:55.291+0800: 1047.308: [GC (CMS Initial Mark) [1 CMS-initial-mark: 63K(64K)] 109824K(118016K), 0.0952080 secs] [Times: user=0.10 sys=0.00, real=0.09 secs] 
2024-03-31T19:49:55.388+0800: 1047.405: [CMS-concurrent-mark-start]
2024-03-31T19:49:55.389+0800: 1047.406: [CMS-concurrent-mark: 0.000/0.000 secs] [Times: user=0.00 sys=0.00, real=0.00 secs] 
2024-03-31T19:49:55.390+0800: 1047.407: [CMS-concurrent-preclean-start]
2024-03-31T19:49:55.392+0800: 1047.409: [CMS-concurrent-preclean: 0.001/0.001 secs] [Times: user=0.01 sys=0.00, real=0.01 secs] 
2024-03-31T19:49:55.393+0800: 1047.410: [CMS-concurrent-abortable-preclean-start]
2024-03-31T19:49:55.394+0800: 1047.410: [CMS-concurrent-abortable-preclean: 0.000/0.000 secs] [Times: user=0.00 sys=0.00, real=0.00 secs] 
2024-03-31T19:49:55.395+0800: 1047.411: [GC (CMS Final Remark) [YG occupancy: 109762 K (117952 K)]2024-03-31T19:49:55.395+0800: 1047.411: [Rescan (non-parallel) 2024-03-31T19:49:55.395+0800: 1047.411: [grey object rescan, 0.0002487 secs]2024-03-31T19:49:55.395+0800: 1047.412: [root rescan, 0.0773836 secs]2024-03-31T19:49:55.473+0800: 1047.490: [visit unhandled CLDs, 0.0001940 secs]2024-03-31T19:49:55.474+0800: 1047.490: [dirty klass scan, 0.0016870 secs], 0.0804375 secs]2024-03-31T19:49:55.476+0800: 1047.492: [weak refs processing, 0.0001967 secs]2024-03-31T19:49:55.476+0800: 1047.492: [class unloading, 0.0121943 secs]2024-03-31T19:49:55.488+0800: 1047.505: [scrub symbol table, 0.0128718 secs]2024-03-31T19:49:55.501+0800: 1047.518: [scrub string table, 0.0005292 secs][1 CMS-remark: 63K(64K)] 109826K(118016K), 0.1098362 secs] [Times: user=0.10 sys=0.00, real=0.11 secs] 
2024-03-31T19:49:55.505+0800: 1047.522: [CMS-concurrent-sweep-start]
2024-03-31T19:49:55.506+0800: 1047.522: [CMS-concurrent-sweep: 0.000/0.000 secs] [Times: user=0.00 sys=0.01, real=0.00 secs] 
2024-03-31T19:49:55.507+0800: 1047.524: [CMS-concurrent-reset-start]
2024-03-31T19:49:55.508+0800: 1047.524: [CMS-concurrent-reset: 0.000/0.000 secs] [Times: user=0.01 sys=0.00, real=0.00 secs] 
2024-03-31T19:49:57.517+0800: 1049.533: [GC (CMS Initial Mark) [1 CMS-initial-mark: 63K(64K)] 110044K(118016K), 0.1153803 secs] [Times: user=0.12 sys=0.00, real=0.12 secs] 
2024-03-31T19:49:57.633+0800: 1049.649: [CMS-concurrent-mark-start]
2024-03-31T19:49:57.634+0800: 1049.650: [CMS-concurrent-mark: 0.000/0.000 secs] [Times: user=0.00 sys=0.00, real=0.00 secs] 
2024-03-31T19:49:57.634+0800: 1049.651: [CMS-concurrent-preclean-start]
2024-03-31T19:49:57.636+0800: 1049.653: [CMS-concurrent-preclean: 0.001/0.001 secs] [Times: user=0.00 sys=0.00, real=0.00 secs] 
2024-03-31T19:49:57.637+0800: 1049.654: [CMS-concurrent-abortable-preclean-start]
2024-03-31T19:49:57.638+0800: 1049.655: [CMS-concurrent-abortable-preclean: 0.000/0.000 secs] [Times: user=0.00 sys=0.00, real=0.00 secs] 
2024-03-31T19:49:57.639+0800: 1049.656: [GC (CMS Final Remark) [YG occupancy: 109984 K (117952 K)]2024-03-31T19:49:57.640+0800: 1049.656: [Rescan (non-parallel) 2024-03-31T19:49:57.640+0800: 1049.656: [grey object rescan, 0.0001064 secs]2024-03-31T19:49:57.640+0800: 1049.656: [root rescan, 0.0759701 secs]2024-03-31T19:49:57.716+0800: 1049.733: [visit unhandled CLDs, 0.0001994 secs]2024-03-31T19:49:57.717+0800: 1049.733: [dirty klass scan, 0.0015288 secs], 0.0787175 secs]2024-03-31T19:49:57.718+0800: 1049.735: [weak refs processing, 0.0001573 secs]2024-03-31T19:49:57.719+0800: 1049.735: [class unloading, 0.0127320 secs]2024-03-31T19:49:57.732+0800: 1049.748: [scrub symbol table, 0.0107068 secs]2024-03-31T19:49:57.743+0800: 1049.759: [scrub string table, 0.0005175 secs][1 CMS-remark: 63K(64K)] 110048K(118016K), 0.1065451 secs] [Times: user=0.11 sys=0.00, real=0.11 secs] 
2024-03-31T19:49:57.747+0800: 1049.763: [CMS-concurrent-sweep-start]
2024-03-31T19:49:57.748+0800: 1049.764: [CMS-concurrent-sweep: 0.000/0.000 secs] [Times: user=0.00 sys=0.00, real=0.00 secs] 
2024-03-31T19:49:57.750+0800: 1049.766: [CMS-concurrent-reset-start]
2024-03-31T19:49:57.750+0800: 1049.767: [CMS-concurrent-reset: 0.000/0.000 secs] [Times: user=0.00 sys=0.00, real=0.00 secs] 
2024-03-31T19:49:59.764+0800: 1051.780: [GC (CMS Initial Mark) [1 CMS-initial-mark: 63K(64K)] 110261K(118016K), 0.1228767 secs] [Times: user=0.12 sys=0.00, real=0.12 secs] 
2024-03-31T19:49:59.889+0800: 1051.905: [CMS-concurrent-mark-start]
2024-03-31T19:49:59.890+0800: 1051.906: [CMS-concurrent-mark: 0.000/0.000 secs] [Times: user=0.00 sys=0.00, real=0.00 secs] 
2024-03-31T19:49:59.891+0800: 1051.907: [CMS-concurrent-preclean-start]
2024-03-31T19:49:59.893+0800: 1051.910: [CMS-concurrent-preclean: 0.001/0.001 secs] [Times: user=0.01 sys=0.00, real=0.01 secs] 
2024-03-31T19:49:59.895+0800: 1051.911: [CMS-concurrent-abortable-preclean-start]
2024-03-31T19:49:59.896+0800: 1051.912: [CMS-concurrent-abortable-preclean: 0.000/0.000 secs] [Times: user=0.00 sys=0.00, real=0.00 secs] 
2024-03-31T19:49:59.898+0800: 1051.914: [GC (CMS Final Remark) [YG occupancy: 110203 K (117952 K)]2024-03-31T19:49:59.898+0800: 1051.914: [Rescan (non-parallel) 2024-03-31T19:49:59.898+0800: 1051.914: [grey object rescan, 0.0001040 secs]2024-03-31T19:49:59.898+0800: 1051.914: [root rescan, 0.0763556 secs]2024-03-31T19:49:59.975+0800: 1051.991: [visit unhandled CLDs, 0.0001795 secs]2024-03-31T19:49:59.975+0800: 1051.991: [dirty klass scan, 0.0015049 secs], 0.0789115 secs]2024-03-31T19:49:59.977+0800: 1051.993: [weak refs processing, 0.0001904 secs]2024-03-31T19:49:59.977+0800: 1051.993: [class unloading, 0.0232533 secs]2024-03-31T19:50:00.001+0800: 1052.017: [scrub symbol table, 0.0138193 secs]2024-03-31T19:50:00.015+0800: 1052.031: [scrub string table, 0.0008353 secs][1 CMS-remark: 63K(64K)] 110267K(118016K), 0.1206385 secs] [Times: user=0.12 sys=0.01, real=0.12 secs] 
2024-03-31T19:50:00.019+0800: 1052.035: [CMS-concurrent-sweep-start]
2024-03-31T19:50:00.020+0800: 1052.036: [CMS-concurrent-sweep: 0.000/0.000 secs] [Times: user=0.00 sys=0.00, real=0.00 secs] 
2024-03-31T19:50:00.022+0800: 1052.038: [CMS-concurrent-reset-start]
2024-03-31T19:50:00.023+0800: 1052.039: [CMS-concurrent-reset: 0.000/0.000 secs] [Times: user=0.01 sys=0.00, real=0.01 secs] 
2024-03-31T19:50:02.028+0800: 1054.044: [GC (CMS Initial Mark) [1 CMS-initial-mark: 63K(64K)] 110480K(118016K), 0.0748976 secs] [Times: user=0.08 sys=0.00, real=0.08 secs] 
2024-03-31T19:50:02.104+0800: 1054.120: [CMS-concurrent-mark-start]
2024-03-31T19:50:02.104+0800: 1054.120: [CMS-concurrent-mark: 0.000/0.000 secs] [Times: user=0.00 sys=0.00, real=0.00 secs] 
2024-03-31T19:50:02.105+0800: 1054.121: [CMS-concurrent-preclean-start]
2024-03-31T19:50:02.107+0800: 1054.123: [CMS-concurrent-preclean: 0.001/0.001 secs] [Times: user=0.00 sys=0.00, real=0.00 secs] 
2024-03-31T19:50:02.107+0800: 1054.123: [CMS-concurrent-abortable-preclean-start]
2024-03-31T19:50:02.108+0800: 1054.124: [CMS-concurrent-abortable-preclean: 0.000/0.000 secs] [Times: user=0.00 sys=0.00, real=0.00 secs] 
2024-03-31T19:50:02.108+0800: 1054.124: [GC (CMS Final Remark) [YG occupancy: 110417 K (117952 K)]2024-03-31T19:50:02.109+0800: 1054.125: [Rescan (non-parallel) 2024-03-31T19:50:02.109+0800: 1054.125: [grey object rescan, 0.0001103 secs]2024-03-31T19:50:02.109+0800: 1054.125: [root rescan, 0.0742836 secs]2024-03-31T19:50:02.183+0800: 1054.199: [visit unhandled CLDs, 0.0001880 secs]2024-03-31T19:50:02.184+0800: 1054.200: [dirty klass scan, 0.0014027 secs], 0.0766737 secs]2024-03-31T19:50:02.185+0800: 1054.201: [weak refs processing, 0.0001395 secs]2024-03-31T19:50:02.186+0800: 1054.202: [class unloading, 0.0115490 secs]2024-03-31T19:50:02.197+0800: 1054.213: [scrub symbol table, 0.0111716 secs]2024-03-31T19:50:02.209+0800: 1054.225: [scrub string table, 0.0005566 secs][1 CMS-remark: 63K(64K)] 110481K(118016K), 0.1038799 secs] [Times: user=0.10 sys=0.00, real=0.11 secs] 
2024-03-31T19:50:02.213+0800: 1054.229: [CMS-concurrent-sweep-start]
2024-03-31T19:50:02.214+0800: 1054.230: [CMS-concurrent-sweep: 0.000/0.000 secs] [Times: user=0.00 sys=0.00, real=0.00 secs] 
2024-03-31T19:50:02.214+0800: 1054.231: [CMS-concurrent-reset-start]
2024-03-31T19:50:02.215+0800: 1054.231: [CMS-concurrent-reset: 0.000/0.000 secs] [Times: user=0.01 sys=0.00, real=0.00 secs] 
2024-03-31T19:50:04.221+0800: 1056.237: [GC (CMS Initial Mark) [1 CMS-initial-mark: 63K(64K)] 110620K(118016K), 0.0954210 secs] [Times: user=0.10 sys=0.00, real=0.10 secs] 
2024-03-31T19:50:04.318+0800: 1056.334: [CMS-concurrent-mark-start]
2024-03-31T19:50:04.318+0800: 1056.334: [CMS-concurrent-mark: 0.000/0.000 secs] [Times: user=0.00 sys=0.00, real=0.00 secs] 
2024-03-31T19:50:04.319+0800: 1056.335: [CMS-concurrent-preclean-start]
2024-03-31T19:50:04.321+0800: 1056.337: [CMS-concurrent-preclean: 0.001/0.001 secs] [Times: user=0.00 sys=0.00, real=0.00 secs] 
2024-03-31T19:50:04.322+0800: 1056.338: [CMS-concurrent-abortable-preclean-start]
2024-03-31T19:50:04.322+0800: 1056.338: [CMS-concurrent-abortable-preclean: 0.000/0.000 secs] [Times: user=0.00 sys=0.00, real=0.01 secs] 
2024-03-31T19:50:04.323+0800: 1056.339: [GC (CMS Final Remark) [YG occupancy: 110558 K (117952 K)]2024-03-31T19:50:04.323+0800: 1056.339: [Rescan (non-parallel) 2024-03-31T19:50:04.323+0800: 1056.339: [grey object rescan, 0.0001705 secs]2024-03-31T19:50:04.323+0800: 1056.339: [root rescan, 0.0777552 secs]2024-03-31T19:50:04.401+0800: 1056.417: [visit unhandled CLDs, 0.0002665 secs]2024-03-31T19:50:04.402+0800: 1056.418: [dirty klass scan, 0.0015771 secs], 0.0805445 secs]2024-03-31T19:50:04.404+0800: 1056.420: [weak refs processing, 0.0001508 secs]2024-03-31T19:50:04.404+0800: 1056.420: [class unloading, 0.0130480 secs]2024-03-31T19:50:04.417+0800: 1056.433: [scrub symbol table, 0.0134923 secs]2024-03-31T19:50:04.431+0800: 1056.447: [scrub string table, 0.0006645 secs][1 CMS-remark: 63K(64K)] 110622K(118016K), 0.1119627 secs] [Times: user=0.11 sys=0.00, real=0.11 secs] 
2024-03-31T19:50:04.436+0800: 1056.452: [CMS-concurrent-sweep-start]
2024-03-31T19:50:04.437+0800: 1056.453: [CMS-concurrent-sweep: 0.000/0.000 secs] [Times: user=0.00 sys=0.00, real=0.00 secs] 
2024-03-31T19:50:04.439+0800: 1056.455: [CMS-concurrent-reset-start]
2024-03-31T19:50:04.440+0800: 1056.456: [CMS-concurrent-reset: 0.000/0.000 secs] [Times: user=0.00 sys=0.00, real=0.00 secs] 
2024-03-31T19:50:06.448+0800: 1058.464: [GC (CMS Initial Mark) [1 CMS-initial-mark: 63K(64K)] 110959K(118016K), 0.1134068 secs] [Times: user=0.11 sys=0.00, real=0.12 secs] 
2024-03-31T19:50:06.562+0800: 1058.578: [CMS-concurrent-mark-start]
2024-03-31T19:50:06.562+0800: 1058.578: [CMS-concurrent-mark: 0.000/0.000 secs] [Times: user=0.00 sys=0.00, real=0.00 secs] 
2024-03-31T19:50:06.563+0800: 1058.579: [CMS-concurrent-preclean-start]
2024-03-31T19:50:06.565+0800: 1058.581: [CMS-concurrent-preclean: 0.001/0.001 secs] [Times: user=0.00 sys=0.00, real=0.00 secs] 
2024-03-31T19:50:06.566+0800: 1058.582: [CMS-concurrent-abortable-preclean-start]
2024-03-31T19:50:06.567+0800: 1058.583: [CMS-concurrent-abortable-preclean: 0.000/0.000 secs] [Times: user=0.00 sys=0.00, real=0.00 secs] 
2024-03-31T19:50:06.568+0800: 1058.584: [GC (CMS Final Remark) [YG occupancy: 110905 K (117952 K)]2024-03-31T19:50:06.568+0800: 1058.584: [Rescan (non-parallel) 2024-03-31T19:50:06.568+0800: 1058.584: [grey object rescan, 0.0001110 secs]2024-03-31T19:50:06.569+0800: 1058.585: [root rescan, 0.0750808 secs]2024-03-31T19:50:06.644+0800: 1058.660: [visit unhandled CLDs, 0.0002575 secs]2024-03-31T19:50:06.644+0800: 1058.660: [dirty klass scan, 0.0019443 secs], 0.0788290 secs]2024-03-31T19:50:06.648+0800: 1058.664: [weak refs processing, 0.0005278 secs]2024-03-31T19:50:06.648+0800: 1058.664: [class unloading, 0.0160658 secs]2024-03-31T19:50:06.665+0800: 1058.681: [scrub symbol table, 0.0229032 secs]2024-03-31T19:50:06.688+0800: 1058.705: [scrub string table, 0.0006738 secs][1 CMS-remark: 63K(64K)] 110969K(118016K), 0.1250814 secs] [Times: user=0.12 sys=0.00, real=0.13 secs] 
2024-03-31T19:50:06.695+0800: 1058.711: [CMS-concurrent-sweep-start]
2024-03-31T19:50:06.696+0800: 1058.712: [CMS-concurrent-sweep: 0.000/0.000 secs] [Times: user=0.00 sys=0.00, real=0.00 secs] 
2024-03-31T19:50:06.697+0800: 1058.713: [CMS-concurrent-reset-start]
2024-03-31T19:50:06.698+0800: 1058.714: [CMS-concurrent-reset: 0.000/0.000 secs] [Times: user=0.00 sys=0.00, real=0.00 secs] 
2024-03-31T19:50:08.703+0800: 1060.719: [GC (CMS Initial Mark) [1 CMS-initial-mark: 63K(64K)] 111151K(118016K), 0.0729150 secs] [Times: user=0.07 sys=0.00, real=0.07 secs] 
2024-03-31T19:50:08.776+0800: 1060.792: [CMS-concurrent-mark-start]
2024-03-31T19:50:08.777+0800: 1060.793: [CMS-concurrent-mark: 0.000/0.000 secs] [Times: user=0.01 sys=0.00, real=0.00 secs] 
2024-03-31T19:50:08.778+0800: 1060.794: [CMS-concurrent-preclean-start]
2024-03-31T19:50:08.780+0800: 1060.796: [CMS-concurrent-preclean: 0.001/0.001 secs] [Times: user=0.00 sys=0.00, real=0.00 secs] 
2024-03-31T19:50:08.780+0800: 1060.796: [CMS-concurrent-abortable-preclean-start]
2024-03-31T19:50:08.780+0800: 1060.796: [CMS-concurrent-abortable-preclean: 0.000/0.000 secs] [Times: user=0.00 sys=0.00, real=0.00 secs] 
2024-03-31T19:50:08.781+0800: 1060.797: [GC (CMS Final Remark) [YG occupancy: 111088 K (117952 K)]2024-03-31T19:50:08.781+0800: 1060.797: [Rescan (non-parallel) 2024-03-31T19:50:08.781+0800: 1060.797: [grey object rescan, 0.0000993 secs]2024-03-31T19:50:08.781+0800: 1060.797: [root rescan, 0.0738035 secs]2024-03-31T19:50:08.855+0800: 1060.872: [visit unhandled CLDs, 0.0001496 secs]2024-03-31T19:50:08.856+0800: 1060.872: [dirty klass scan, 0.0014390 secs], 0.0761116 secs]2024-03-31T19:50:08.857+0800: 1060.873: [weak refs processing, 0.0001492 secs]2024-03-31T19:50:08.858+0800: 1060.874: [class unloading, 0.0126568 secs]2024-03-31T19:50:08.870+0800: 1060.887: [scrub symbol table, 0.0099956 secs]2024-03-31T19:50:08.881+0800: 1060.897: [scrub string table, 0.0005395 secs][1 CMS-remark: 63K(64K)] 111152K(118016K), 0.1030350 secs] [Times: user=0.10 sys=0.00, real=0.11 secs] 
2024-03-31T19:50:08.885+0800: 1060.901: [CMS-concurrent-sweep-start]
2024-03-31T19:50:08.885+0800: 1060.901: [CMS-concurrent-sweep: 0.000/0.000 secs] [Times: user=0.00 sys=0.00, real=0.00 secs] 
2024-03-31T19:50:08.886+0800: 1060.902: [CMS-concurrent-reset-start]
2024-03-31T19:50:08.887+0800: 1060.903: [CMS-concurrent-reset: 0.000/0.000 secs] [Times: user=0.00 sys=0.00, real=0.00 secs] 
2024-03-31T19:50:10.891+0800: 1062.907: [GC (CMS Initial Mark) [1 CMS-initial-mark: 63K(64K)] 111321K(118016K), 0.0937663 secs] [Times: user=0.10 sys=0.00, real=0.10 secs] 
2024-03-31T19:50:10.985+0800: 1063.002: [CMS-concurrent-mark-start]
2024-03-31T19:50:10.986+0800: 1063.002: [CMS-concurrent-mark: 0.000/0.000 secs] [Times: user=0.00 sys=0.00, real=0.00 secs] 
2024-03-31T19:50:10.988+0800: 1063.004: [CMS-concurrent-preclean-start]
2024-03-31T19:50:10.990+0800: 1063.006: [CMS-concurrent-preclean: 0.001/0.001 secs] [Times: user=0.00 sys=0.01, real=0.00 secs] 
2024-03-31T19:50:10.992+0800: 1063.008: [CMS-concurrent-abortable-preclean-start]
2024-03-31T19:50:10.994+0800: 1063.010: [CMS-concurrent-abortable-preclean: 0.000/0.000 secs] [Times: user=0.00 sys=0.00, real=0.01 secs] 
2024-03-31T19:50:10.996+0800: 1063.012: [GC (CMS Final Remark) [YG occupancy: 111258 K (117952 K)]2024-03-31T19:50:10.996+0800: 1063.012: [Rescan (non-parallel) 2024-03-31T19:50:10.996+0800: 1063.012: [grey object rescan, 0.0002780 secs]2024-03-31T19:50:10.996+0800: 1063.013: [root rescan, 0.0787260 secs]2024-03-31T19:50:11.075+0800: 1063.092: [visit unhandled CLDs, 0.0001970 secs]2024-03-31T19:50:11.076+0800: 1063.092: [dirty klass scan, 0.0015160 secs], 0.0815565 secs]2024-03-31T19:50:11.078+0800: 1063.094: [weak refs processing, 0.0001521 secs]2024-03-31T19:50:11.078+0800: 1063.094: [class unloading, 0.0118967 secs]2024-03-31T19:50:11.090+0800: 1063.106: [scrub symbol table, 0.0107533 secs]2024-03-31T19:50:11.101+0800: 1063.117: [scrub string table, 0.0005415 secs][1 CMS-remark: 63K(64K)] 111322K(118016K), 0.1087666 secs] [Times: user=0.11 sys=0.00, real=0.11 secs] 
2024-03-31T19:50:11.105+0800: 1063.121: [CMS-concurrent-sweep-start]
2024-03-31T19:50:11.105+0800: 1063.122: [CMS-concurrent-sweep: 0.000/0.000 secs] [Times: user=0.00 sys=0.00, real=0.00 secs] 
2024-03-31T19:50:11.107+0800: 1063.123: [CMS-concurrent-reset-start]
2024-03-31T19:50:11.108+0800: 1063.124: [CMS-concurrent-reset: 0.000/0.000 secs] [Times: user=0.00 sys=0.00, real=0.00 secs] 
2024-03-31T19:50:13.116+0800: 1065.132: [GC (CMS Initial Mark) [1 CMS-initial-mark: 63K(64K)] 113833K(118016K), 0.1172200 secs] [Times: user=0.11 sys=0.00, real=0.12 secs] 
2024-03-31T19:50:13.234+0800: 1065.250: [CMS-concurrent-mark-start]
2024-03-31T19:50:13.234+0800: 1065.250: [CMS-concurrent-mark: 0.000/0.000 secs] [Times: user=0.01 sys=0.00, real=0.00 secs] 
2024-03-31T19:50:13.235+0800: 1065.251: [CMS-concurrent-preclean-start]
2024-03-31T19:50:13.237+0800: 1065.253: [CMS-concurrent-preclean: 0.001/0.001 secs] [Times: user=0.00 sys=0.00, real=0.00 secs] 
2024-03-31T19:50:13.238+0800: 1065.254: [CMS-concurrent-abortable-preclean-start]
2024-03-31T19:50:13.238+0800: 1065.254: [CMS-concurrent-abortable-preclean: 0.000/0.000 secs] [Times: user=0.00 sys=0.00, real=0.00 secs] 
2024-03-31T19:50:13.239+0800: 1065.255: [GC (CMS Final Remark) [YG occupancy: 113771 K (117952 K)]2024-03-31T19:50:13.240+0800: 1065.256: [Rescan (non-parallel) 2024-03-31T19:50:13.240+0800: 1065.256: [grey object rescan, 0.0001042 secs]2024-03-31T19:50:13.240+0800: 1065.256: [root rescan, 0.0799351 secs]2024-03-31T19:50:13.320+0800: 1065.336: [visit unhandled CLDs, 0.0001987 secs]2024-03-31T19:50:13.320+0800: 1065.336: [dirty klass scan, 0.0018708 secs], 0.0829427 secs]2024-03-31T19:50:13.323+0800: 1065.339: [weak refs processing, 0.0001636 secs]2024-03-31T19:50:13.323+0800: 1065.339: [class unloading, 0.0125617 secs]2024-03-31T19:50:13.336+0800: 1065.352: [scrub symbol table, 0.0133200 secs]2024-03-31T19:50:13.349+0800: 1065.365: [scrub string table, 0.0005885 secs][1 CMS-remark: 63K(64K)] 113835K(118016K), 0.1135060 secs] [Times: user=0.11 sys=0.00, real=0.12 secs] 
2024-03-31T19:50:13.354+0800: 1065.370: [CMS-concurrent-sweep-start]
2024-03-31T19:50:13.354+0800: 1065.371: [CMS-concurrent-sweep: 0.000/0.000 secs] [Times: user=0.00 sys=0.00, real=0.00 secs] 
2024-03-31T19:50:13.356+0800: 1065.372: [CMS-concurrent-reset-start]
2024-03-31T19:50:13.356+0800: 1065.372: [CMS-concurrent-reset: 0.000/0.000 secs] [Times: user=0.00 sys=0.00, real=0.00 secs] 
2024-03-31T19:50:15.364+0800: 1067.380: [GC (CMS Initial Mark) [1 CMS-initial-mark: 63K(64K)] 114057K(118016K), 0.1012002 secs] [Times: user=0.10 sys=0.00, real=0.10 secs] 
2024-03-31T19:50:15.466+0800: 1067.482: [CMS-concurrent-mark-start]
2024-03-31T19:50:15.467+0800: 1067.483: [CMS-concurrent-mark: 0.000/0.000 secs] [Times: user=0.01 sys=0.00, real=0.00 secs] 
2024-03-31T19:50:15.467+0800: 1067.483: [CMS-concurrent-preclean-start]
2024-03-31T19:50:15.469+0800: 1067.485: [CMS-concurrent-preclean: 0.001/0.001 secs] [Times: user=0.00 sys=0.00, real=0.00 secs] 
2024-03-31T19:50:15.469+0800: 1067.485: [CMS-concurrent-abortable-preclean-start]
2024-03-31T19:50:15.469+0800: 1067.485: [CMS-concurrent-abortable-preclean: 0.000/0.000 secs] [Times: user=0.00 sys=0.00, real=0.00 secs] 
2024-03-31T19:50:15.470+0800: 1067.486: [GC (CMS Final Remark) [YG occupancy: 113994 K (117952 K)]2024-03-31T19:50:15.470+0800: 1067.486: [Rescan (non-parallel) 2024-03-31T19:50:15.470+0800: 1067.486: [grey object rescan, 0.0000868 secs]2024-03-31T19:50:15.470+0800: 1067.486: [root rescan, 0.0784788 secs]2024-03-31T19:50:15.549+0800: 1067.565: [visit unhandled CLDs, 0.0001817 secs]2024-03-31T19:50:15.549+0800: 1067.566: [dirty klass scan, 0.0015231 secs], 0.0809013 secs]2024-03-31T19:50:15.551+0800: 1067.567: [weak refs processing, 0.0001783 secs]2024-03-31T19:50:15.552+0800: 1067.568: [class unloading, 0.0116170 secs]2024-03-31T19:50:15.563+0800: 1067.579: [scrub symbol table, 0.0100726 secs]2024-03-31T19:50:15.574+0800: 1067.590: [scrub string table, 0.0005348 secs][1 CMS-remark: 63K(64K)] 114058K(118016K), 0.1068848 secs] [Times: user=0.11 sys=0.00, real=0.11 secs] 
2024-03-31T19:50:15.578+0800: 1067.594: [CMS-concurrent-sweep-start]
2024-03-31T19:50:15.578+0800: 1067.594: [CMS-concurrent-sweep: 0.000/0.000 secs] [Times: user=0.00 sys=0.00, real=0.00 secs] 
2024-03-31T19:50:15.580+0800: 1067.596: [CMS-concurrent-reset-start]
2024-03-31T19:50:15.581+0800: 1067.597: [CMS-concurrent-reset: 0.000/0.000 secs] [Times: user=0.00 sys=0.00, real=0.00 secs] 
2024-03-31T19:50:17.584+0800: 1069.601: [GC (CMS Initial Mark) [1 CMS-initial-mark: 63K(64K)] 114254K(118016K), 0.0989039 secs] [Times: user=0.10 sys=0.00, real=0.10 secs] 
2024-03-31T19:50:17.684+0800: 1069.700: [CMS-concurrent-mark-start]
2024-03-31T19:50:17.685+0800: 1069.701: [CMS-concurrent-mark: 0.000/0.000 secs] [Times: user=0.00 sys=0.00, real=0.00 secs] 
2024-03-31T19:50:17.686+0800: 1069.702: [CMS-concurrent-preclean-start]
2024-03-31T19:50:17.688+0800: 1069.704: [CMS-concurrent-preclean: 0.001/0.001 secs] [Times: user=0.00 sys=0.00, real=0.00 secs] 
2024-03-31T19:50:17.689+0800: 1069.705: [CMS-concurrent-abortable-preclean-start]
2024-03-31T19:50:17.690+0800: 1069.706: [CMS-concurrent-abortable-preclean: 0.000/0.000 secs] [Times: user=0.00 sys=0.00, real=0.00 secs] 
2024-03-31T19:50:17.692+0800: 1069.708: [GC (CMS Final Remark) [YG occupancy: 114192 K (117952 K)]2024-03-31T19:50:17.692+0800: 1069.708: [Rescan (non-parallel) 2024-03-31T19:50:17.692+0800: 1069.708: [grey object rescan, 0.0001228 secs]2024-03-31T19:50:17.692+0800: 1069.708: [root rescan, 0.0776773 secs]2024-03-31T19:50:17.770+0800: 1069.786: [visit unhandled CLDs, 0.0002120 secs]2024-03-31T19:50:17.770+0800: 1069.786: [dirty klass scan, 0.0015116 secs], 0.0802538 secs]2024-03-31T19:50:17.772+0800: 1069.788: [weak refs processing, 0.0001413 secs]2024-03-31T19:50:17.772+0800: 1069.788: [class unloading, 0.0122793 secs]2024-03-31T19:50:17.785+0800: 1069.801: [scrub symbol table, 0.0100500 secs]2024-03-31T19:50:17.795+0800: 1069.811: [scrub string table, 0.0005510 secs][1 CMS-remark: 63K(64K)] 114256K(118016K), 0.1067804 secs] [Times: user=0.11 sys=0.01, real=0.10 secs] 
2024-03-31T19:50:17.799+0800: 1069.815: [CMS-concurrent-sweep-start]
2024-03-31T19:50:17.800+0800: 1069.816: [CMS-concurrent-sweep: 0.000/0.000 secs] [Times: user=0.00 sys=0.00, real=0.00 secs] 
2024-03-31T19:50:17.801+0800: 1069.817: [CMS-concurrent-reset-start]
2024-03-31T19:50:17.802+0800: 1069.818: [CMS-concurrent-reset: 0.000/0.000 secs] [Times: user=0.00 sys=0.00, real=0.01 secs] 
2024-03-31T19:50:19.806+0800: 1071.822: [GC (CMS Initial Mark) [1 CMS-initial-mark: 63K(64K)] 114456K(118016K), 0.1121981 secs] [Times: user=0.11 sys=0.00, real=0.11 secs] 
2024-03-31T19:50:19.919+0800: 1071.935: [CMS-concurrent-mark-start]
2024-03-31T19:50:19.920+0800: 1071.936: [CMS-concurrent-mark: 0.000/0.000 secs] [Times: user=0.00 sys=0.00, real=0.00 secs] 
2024-03-31T19:50:19.921+0800: 1071.937: [CMS-concurrent-preclean-start]
2024-03-31T19:50:19.923+0800: 1071.939: [CMS-concurrent-preclean: 0.001/0.001 secs] [Times: user=0.01 sys=0.00, real=0.01 secs] 
2024-03-31T19:50:19.924+0800: 1071.940: [CMS-concurrent-abortable-preclean-start]
2024-03-31T19:50:19.925+0800: 1071.941: [CMS-concurrent-abortable-preclean: 0.000/0.000 secs] [Times: user=0.00 sys=0.00, real=0.00 secs] 
2024-03-31T19:50:19.926+0800: 1071.942: [GC (CMS Final Remark) [YG occupancy: 114395 K (117952 K)]2024-03-31T19:50:19.926+0800: 1071.942: [Rescan (non-parallel) 2024-03-31T19:50:19.926+0800: 1071.942: [grey object rescan, 0.0001265 secs]2024-03-31T19:50:19.926+0800: 1071.942: [root rescan, 0.0785226 secs]2024-03-31T19:50:20.005+0800: 1072.021: [visit unhandled CLDs, 0.0001764 secs]2024-03-31T19:50:20.005+0800: 1072.021: [dirty klass scan, 0.0015332 secs], 0.0810858 secs]2024-03-31T19:50:20.007+0800: 1072.023: [weak refs processing, 0.0001355 secs]2024-03-31T19:50:20.007+0800: 1072.023: [class unloading, 0.0122528 secs]2024-03-31T19:50:20.020+0800: 1072.036: [scrub symbol table, 0.0113022 secs]2024-03-31T19:50:20.031+0800: 1072.047: [scrub string table, 0.0005613 secs][1 CMS-remark: 63K(64K)] 114459K(118016K), 0.1091888 secs] [Times: user=0.10 sys=0.00, real=0.11 secs] 
2024-03-31T19:50:20.036+0800: 1072.052: [CMS-concurrent-sweep-start]
2024-03-31T19:50:20.037+0800: 1072.053: [CMS-concurrent-sweep: 0.000/0.000 secs] [Times: user=0.00 sys=0.00, real=0.00 secs] 
2024-03-31T19:50:20.039+0800: 1072.055: [CMS-concurrent-reset-start]
2024-03-31T19:50:20.040+0800: 1072.056: [CMS-concurrent-reset: 0.000/0.000 secs] [Times: user=0.00 sys=0.00, real=0.00 secs] 
2024-03-31T19:50:22.049+0800: 1074.065: [GC (CMS Initial Mark) [1 CMS-initial-mark: 63K(64K)] 114738K(118016K), 0.1149415 secs] [Times: user=0.11 sys=0.00, real=0.12 secs] 
2024-03-31T19:50:22.164+0800: 1074.181: [CMS-concurrent-mark-start]
2024-03-31T19:50:22.166+0800: 1074.182: [CMS-concurrent-mark: 0.000/0.000 secs] [Times: user=0.00 sys=0.01, real=0.00 secs] 
2024-03-31T19:50:22.167+0800: 1074.183: [CMS-concurrent-preclean-start]
2024-03-31T19:50:22.169+0800: 1074.185: [CMS-concurrent-preclean: 0.001/0.001 secs] [Times: user=0.00 sys=0.00, real=0.00 secs] 
2024-03-31T19:50:22.170+0800: 1074.186: [CMS-concurrent-abortable-preclean-start]
2024-03-31T19:50:22.170+0800: 1074.187: [CMS-concurrent-abortable-preclean: 0.000/0.000 secs] [Times: user=0.00 sys=0.00, real=0.00 secs] 
2024-03-31T19:50:22.172+0800: 1074.188: [GC (CMS Final Remark) [YG occupancy: 114685 K (117952 K)]2024-03-31T19:50:22.172+0800: 1074.188: [Rescan (non-parallel) 2024-03-31T19:50:22.172+0800: 1074.188: [grey object rescan, 0.0000960 secs]2024-03-31T19:50:22.172+0800: 1074.188: [root rescan, 0.0766000 secs]2024-03-31T19:50:22.249+0800: 1074.265: [visit unhandled CLDs, 0.0001640 secs]2024-03-31T19:50:22.249+0800: 1074.265: [dirty klass scan, 0.0013612 secs], 0.0788788 secs]2024-03-31T19:50:22.251+0800: 1074.267: [weak refs processing, 0.0001418 secs]2024-03-31T19:50:22.251+0800: 1074.267: [class unloading, 0.0112122 secs]2024-03-31T19:50:22.263+0800: 1074.279: [scrub symbol table, 0.0112553 secs]2024-03-31T19:50:22.274+0800: 1074.290: [scrub string table, 0.0005573 secs][1 CMS-remark: 63K(64K)] 114748K(118016K), 0.1056987 secs] [Times: user=0.10 sys=0.00, real=0.10 secs] 
2024-03-31T19:50:22.279+0800: 1074.295: [CMS-concurrent-sweep-start]
2024-03-31T19:50:22.279+0800: 1074.295: [CMS-concurrent-sweep: 0.000/0.000 secs] [Times: user=0.00 sys=0.00, real=0.00 secs] 
2024-03-31T19:50:22.281+0800: 1074.297: [CMS-concurrent-reset-start]
2024-03-31T19:50:22.282+0800: 1074.298: [CMS-concurrent-reset: 0.000/0.000 secs] [Times: user=0.01 sys=0.00, real=0.01 secs] 
2024-03-31T19:50:24.285+0800: 1076.301: [GC (CMS Initial Mark) [1 CMS-initial-mark: 63K(64K)] 114942K(118016K), 0.0975055 secs] [Times: user=0.10 sys=0.00, real=0.10 secs] 
2024-03-31T19:50:24.384+0800: 1076.400: [CMS-concurrent-mark-start]
2024-03-31T19:50:24.384+0800: 1076.400: [CMS-concurrent-mark: 0.000/0.000 secs] [Times: user=0.00 sys=0.00, real=0.00 secs] 
2024-03-31T19:50:24.385+0800: 1076.401: [CMS-concurrent-preclean-start]
2024-03-31T19:50:24.387+0800: 1076.403: [CMS-concurrent-preclean: 0.001/0.001 secs] [Times: user=0.00 sys=0.00, real=0.00 secs] 
2024-03-31T19:50:24.388+0800: 1076.404: [CMS-concurrent-abortable-preclean-start]
2024-03-31T19:50:24.388+0800: 1076.404: [CMS-concurrent-abortable-preclean: 0.000/0.000 secs] [Times: user=0.00 sys=0.00, real=0.00 secs] 
2024-03-31T19:50:24.388+0800: 1076.404: [GC (CMS Final Remark) [YG occupancy: 114879 K (117952 K)]2024-03-31T19:50:24.389+0800: 1076.405: [Rescan (non-parallel) 2024-03-31T19:50:24.389+0800: 1076.405: [grey object rescan, 0.0001053 secs]2024-03-31T19:50:24.389+0800: 1076.405: [root rescan, 0.0777841 secs]2024-03-31T19:50:24.467+0800: 1076.483: [visit unhandled CLDs, 0.0001676 secs]2024-03-31T19:50:24.467+0800: 1076.483: [dirty klass scan, 0.0015387 secs], 0.0802587 secs]2024-03-31T19:50:24.469+0800: 1076.485: [weak refs processing, 0.0001359 secs]2024-03-31T19:50:24.469+0800: 1076.485: [class unloading, 0.0123730 secs]2024-03-31T19:50:24.482+0800: 1076.498: [scrub symbol table, 0.0113488 secs]2024-03-31T19:50:24.493+0800: 1076.509: [scrub string table, 0.0005605 secs][1 CMS-remark: 63K(64K)] 114943K(118016K), 0.1084016 secs] [Times: user=0.11 sys=0.00, real=0.11 secs] 
2024-03-31T19:50:24.498+0800: 1076.514: [CMS-concurrent-sweep-start]
2024-03-31T19:50:24.498+0800: 1076.514: [CMS-concurrent-sweep: 0.000/0.000 secs] [Times: user=0.00 sys=0.00, real=0.00 secs] 
2024-03-31T19:50:24.499+0800: 1076.515: [CMS-concurrent-reset-start]
2024-03-31T19:50:24.500+0800: 1076.516: [CMS-concurrent-reset: 0.000/0.000 secs] [Times: user=0.00 sys=0.00, real=0.00 secs] 
2024-03-31T19:50:26.507+0800: 1078.523: [GC (CMS Initial Mark) [1 CMS-initial-mark: 63K(64K)] 115206K(118016K), 0.1142980 secs] [Times: user=0.11 sys=0.00, real=0.12 secs] 
2024-03-31T19:50:26.622+0800: 1078.638: [CMS-concurrent-mark-start]
2024-03-31T19:50:26.622+0800: 1078.638: [CMS-concurrent-mark: 0.000/0.000 secs] [Times: user=0.00 sys=0.00, real=0.00 secs] 
2024-03-31T19:50:26.623+0800: 1078.639: [CMS-concurrent-preclean-start]
2024-03-31T19:50:26.625+0800: 1078.641: [CMS-concurrent-preclean: 0.001/0.001 secs] [Times: user=0.00 sys=0.00, real=0.00 secs] 
2024-03-31T19:50:26.625+0800: 1078.641: [CMS-concurrent-abortable-preclean-start]
2024-03-31T19:50:26.626+0800: 1078.642: [CMS-concurrent-abortable-preclean: 0.000/0.000 secs] [Times: user=0.01 sys=0.00, real=0.00 secs] 
2024-03-31T19:50:26.627+0800: 1078.643: [GC (CMS Final Remark) [YG occupancy: 115144 K (117952 K)]2024-03-31T19:50:26.628+0800: 1078.644: [Rescan (non-parallel) 2024-03-31T19:50:26.628+0800: 1078.644: [grey object rescan, 0.0000988 secs]2024-03-31T19:50:26.628+0800: 1078.644: [root rescan, 0.0757465 secs]2024-03-31T19:50:26.704+0800: 1078.720: [visit unhandled CLDs, 0.0001659 secs]2024-03-31T19:50:26.704+0800: 1078.720: [dirty klass scan, 0.0013869 secs], 0.0780274 secs]2024-03-31T19:50:26.706+0800: 1078.722: [weak refs processing, 0.0001328 secs]2024-03-31T19:50:26.706+0800: 1078.722: [class unloading, 0.0115292 secs]2024-03-31T19:50:26.718+0800: 1078.734: [scrub symbol table, 0.0097753 secs]2024-03-31T19:50:26.728+0800: 1078.744: [scrub string table, 0.0005045 secs][1 CMS-remark: 63K(64K)] 115208K(118016K), 0.1033977 secs] [Times: user=0.10 sys=0.00, real=0.10 secs] 
2024-03-31T19:50:26.732+0800: 1078.748: [CMS-concurrent-sweep-start]
2024-03-31T19:50:26.732+0800: 1078.748: [CMS-concurrent-sweep: 0.000/0.000 secs] [Times: user=0.00 sys=0.00, real=0.01 secs] 
2024-03-31T19:50:26.734+0800: 1078.750: [CMS-concurrent-reset-start]
2024-03-31T19:50:26.735+0800: 1078.751: [CMS-concurrent-reset: 0.000/0.000 secs] [Times: user=0.00 sys=0.00, real=0.00 secs] 
2024-03-31T19:50:28.745+0800: 1080.761: [GC (CMS Initial Mark) [1 CMS-initial-mark: 63K(64K)] 115441K(118016K), 0.1172231 secs] [Times: user=0.12 sys=0.00, real=0.12 secs] 
2024-03-31T19:50:28.863+0800: 1080.879: [CMS-concurrent-mark-start]
2024-03-31T19:50:28.864+0800: 1080.880: [CMS-concurrent-mark: 0.000/0.000 secs] [Times: user=0.00 sys=0.00, real=0.00 secs] 
2024-03-31T19:50:28.865+0800: 1080.881: [CMS-concurrent-preclean-start]
2024-03-31T19:50:28.867+0800: 1080.883: [CMS-concurrent-preclean: 0.001/0.001 secs] [Times: user=0.00 sys=0.00, real=0.00 secs] 
2024-03-31T19:50:28.868+0800: 1080.884: [CMS-concurrent-abortable-preclean-start]
2024-03-31T19:50:28.868+0800: 1080.884: [CMS-concurrent-abortable-preclean: 0.000/0.000 secs] [Times: user=0.00 sys=0.00, real=0.00 secs] 
2024-03-31T19:50:28.869+0800: 1080.885: [GC (CMS Final Remark) [YG occupancy: 115378 K (117952 K)]2024-03-31T19:50:28.869+0800: 1080.885: [Rescan (non-parallel) 2024-03-31T19:50:28.869+0800: 1080.885: [grey object rescan, 0.0000935 secs]2024-03-31T19:50:28.869+0800: 1080.885: [root rescan, 0.0767840 secs]2024-03-31T19:50:28.947+0800: 1080.963: [visit unhandled CLDs, 0.0002103 secs]2024-03-31T19:50:28.947+0800: 1080.963: [dirty klass scan, 0.0014707 secs], 0.0791846 secs]2024-03-31T19:50:28.948+0800: 1080.965: [weak refs processing, 0.0001346 secs]2024-03-31T19:50:28.949+0800: 1080.965: [class unloading, 0.0113214 secs]2024-03-31T19:50:28.960+0800: 1080.976: [scrub symbol table, 0.0098565 secs]2024-03-31T19:50:28.970+0800: 1080.986: [scrub string table, 0.0005105 secs][1 CMS-remark: 63K(64K)] 115442K(118016K), 0.1044550 secs] [Times: user=0.11 sys=0.00, real=0.11 secs] 
2024-03-31T19:50:28.975+0800: 1080.991: [CMS-concurrent-sweep-start]
2024-03-31T19:50:28.975+0800: 1080.991: [CMS-concurrent-sweep: 0.000/0.000 secs] [Times: user=0.00 sys=0.00, real=0.00 secs] 
2024-03-31T19:50:28.976+0800: 1080.992: [CMS-concurrent-reset-start]
2024-03-31T19:50:28.977+0800: 1080.993: [CMS-concurrent-reset: 0.000/0.000 secs] [Times: user=0.00 sys=0.00, real=0.00 secs] 
2024-03-31T19:50:30.990+0800: 1083.006: [GC (CMS Initial Mark) [1 CMS-initial-mark: 63K(64K)] 115650K(118016K), 0.1082303 secs] [Times: user=0.11 sys=0.00, real=0.11 secs] 
2024-03-31T19:50:31.099+0800: 1083.115: [CMS-concurrent-mark-start]
2024-03-31T19:50:31.100+0800: 1083.116: [CMS-concurrent-mark: 0.000/0.000 secs] [Times: user=0.00 sys=0.00, real=0.00 secs] 
2024-03-31T19:50:31.101+0800: 1083.117: [CMS-concurrent-preclean-start]
2024-03-31T19:50:31.103+0800: 1083.119: [CMS-concurrent-preclean: 0.001/0.001 secs] [Times: user=0.01 sys=0.00, real=0.01 secs] 
2024-03-31T19:50:31.104+0800: 1083.120: [CMS-concurrent-abortable-preclean-start]
2024-03-31T19:50:31.104+0800: 1083.120: [CMS-concurrent-abortable-preclean: 0.000/0.000 secs] [Times: user=0.00 sys=0.00, real=0.00 secs] 
2024-03-31T19:50:31.105+0800: 1083.120: [GC (CMS Final Remark) [YG occupancy: 115587 K (117952 K)]2024-03-31T19:50:31.105+0800: 1083.121: [Rescan (non-parallel) 2024-03-31T19:50:31.105+0800: 1083.121: [grey object rescan, 0.0000995 secs]2024-03-31T19:50:31.105+0800: 1083.121: [root rescan, 0.0783480 secs]2024-03-31T19:50:31.184+0800: 1083.200: [visit unhandled CLDs, 0.0001588 secs]2024-03-31T19:50:31.184+0800: 1083.200: [dirty klass scan, 0.0014809 secs], 0.0807990 secs]2024-03-31T19:50:31.186+0800: 1083.202: [weak refs processing, 0.0001538 secs]2024-03-31T19:50:31.186+0800: 1083.202: [class unloading, 0.0114535 secs]2024-03-31T19:50:31.198+0800: 1083.214: [scrub symbol table, 0.0109717 secs]2024-03-31T19:50:31.209+0800: 1083.225: [scrub string table, 0.0005404 secs][1 CMS-remark: 63K(64K)] 115651K(118016K), 0.1078642 secs] [Times: user=0.10 sys=0.00, real=0.11 secs] 
2024-03-31T19:50:31.213+0800: 1083.229: [CMS-concurrent-sweep-start]
2024-03-31T19:50:31.214+0800: 1083.230: [CMS-concurrent-sweep: 0.000/0.000 secs] [Times: user=0.00 sys=0.01, real=0.00 secs] 
2024-03-31T19:50:31.217+0800: 1083.232: [CMS-concurrent-reset-start]
2024-03-31T19:50:31.218+0800: 1083.234: [CMS-concurrent-reset: 0.000/0.000 secs] [Times: user=0.01 sys=0.00, real=0.00 secs] 
2024-03-31T19:50:33.221+0800: 1085.237: [GC (CMS Initial Mark) [1 CMS-initial-mark: 63K(64K)] 115834K(118016K), 0.1259425 secs] [Times: user=0.12 sys=0.01, real=0.13 secs] 
2024-03-31T19:50:33.348+0800: 1085.364: [CMS-concurrent-mark-start]
2024-03-31T19:50:33.350+0800: 1085.366: [CMS-concurrent-mark: 0.000/0.000 secs] [Times: user=0.01 sys=0.00, real=0.00 secs] 
2024-03-31T19:50:33.352+0800: 1085.368: [CMS-concurrent-preclean-start]
2024-03-31T19:50:33.355+0800: 1085.371: [CMS-concurrent-preclean: 0.002/0.002 secs] [Times: user=0.00 sys=0.00, real=0.01 secs] 
2024-03-31T19:50:33.356+0800: 1085.372: [CMS-concurrent-abortable-preclean-start]
2024-03-31T19:50:33.356+0800: 1085.372: [CMS-concurrent-abortable-preclean: 0.000/0.000 secs] [Times: user=0.00 sys=0.00, real=0.00 secs] 
2024-03-31T19:50:33.358+0800: 1085.373: [GC (CMS Final Remark) [YG occupancy: 115771 K (117952 K)]2024-03-31T19:50:33.358+0800: 1085.374: [Rescan (non-parallel) 2024-03-31T19:50:33.358+0800: 1085.374: [grey object rescan, 0.0001869 secs]2024-03-31T19:50:33.358+0800: 1085.374: [root rescan, 0.1154415 secs]2024-03-31T19:50:33.474+0800: 1085.490: [visit unhandled CLDs, 0.0002403 secs]2024-03-31T19:50:33.474+0800: 1085.490: [dirty klass scan, 0.0016110 secs], 0.1184460 secs]2024-03-31T19:50:33.476+0800: 1085.492: [weak refs processing, 0.0001940 secs]2024-03-31T19:50:33.477+0800: 1085.493: [class unloading, 0.0122103 secs]2024-03-31T19:50:33.489+0800: 1085.505: [scrub symbol table, 0.0136255 secs]2024-03-31T19:50:33.503+0800: 1085.519: [scrub string table, 0.0007118 secs][1 CMS-remark: 63K(64K)] 115835K(118016K), 0.1494248 secs] [Times: user=0.15 sys=0.00, real=0.15 secs] 
2024-03-31T19:50:33.508+0800: 1085.524: [CMS-concurrent-sweep-start]
2024-03-31T19:50:33.509+0800: 1085.525: [CMS-concurrent-sweep: 0.000/0.000 secs] [Times: user=0.00 sys=0.00, real=0.00 secs] 
2024-03-31T19:50:33.513+0800: 1085.529: [CMS-concurrent-reset-start]
2024-03-31T19:50:33.514+0800: 1085.530: [CMS-concurrent-reset: 0.000/0.000 secs] [Times: user=0.00 sys=0.00, real=0.00 secs] 
2024-03-31T19:50:35.522+0800: 1087.538: [GC (CMS Initial Mark) [1 CMS-initial-mark: 63K(64K)] 116059K(118016K), 0.1136916 secs] [Times: user=0.11 sys=0.00, real=0.11 secs] 
2024-03-31T19:50:35.637+0800: 1087.653: [CMS-concurrent-mark-start]
2024-03-31T19:50:35.638+0800: 1087.654: [CMS-concurrent-mark: 0.000/0.000 secs] [Times: user=0.00 sys=0.01, real=0.00 secs] 
2024-03-31T19:50:35.639+0800: 1087.655: [CMS-concurrent-preclean-start]
2024-03-31T19:50:35.641+0800: 1087.657: [CMS-concurrent-preclean: 0.001/0.001 secs] [Times: user=0.01 sys=0.00, real=0.01 secs] 
2024-03-31T19:50:35.642+0800: 1087.658: [CMS-concurrent-abortable-preclean-start]
2024-03-31T19:50:35.643+0800: 1087.658: [CMS-concurrent-abortable-preclean: 0.000/0.000 secs] [Times: user=0.00 sys=0.00, real=0.00 secs] 
2024-03-31T19:50:35.644+0800: 1087.660: [GC (CMS Final Remark) [YG occupancy: 116000 K (117952 K)]2024-03-31T19:50:35.644+0800: 1087.660: [Rescan (non-parallel) 2024-03-31T19:50:35.644+0800: 1087.660: [grey object rescan, 0.0000941 secs]2024-03-31T19:50:35.644+0800: 1087.660: [root rescan, 0.0772503 secs]2024-03-31T19:50:35.722+0800: 1087.738: [visit unhandled CLDs, 0.0001514 secs]2024-03-31T19:50:35.722+0800: 1087.738: [dirty klass scan, 0.0013808 secs], 0.0794833 secs]2024-03-31T19:50:35.723+0800: 1087.739: [weak refs processing, 0.0001307 secs]2024-03-31T19:50:35.724+0800: 1087.740: [class unloading, 0.0123550 secs]2024-03-31T19:50:35.736+0800: 1087.752: [scrub symbol table, 0.0100735 secs]2024-03-31T19:50:35.747+0800: 1087.762: [scrub string table, 0.0005666 secs][1 CMS-remark: 63K(64K)] 116064K(118016K), 0.1062911 secs] [Times: user=0.11 sys=0.00, real=0.10 secs] 
2024-03-31T19:50:35.752+0800: 1087.768: [CMS-concurrent-sweep-start]
2024-03-31T19:50:35.752+0800: 1087.768: [CMS-concurrent-sweep: 0.000/0.000 secs] [Times: user=0.00 sys=0.00, real=0.01 secs] 
2024-03-31T19:50:35.754+0800: 1087.770: [CMS-concurrent-reset-start]
2024-03-31T19:50:35.755+0800: 1087.771: [CMS-concurrent-reset: 0.000/0.000 secs] [Times: user=0.00 sys=0.00, real=0.00 secs] 
2024-03-31T19:50:37.756+0800: 1089.772: [GC (CMS Initial Mark) [1 CMS-initial-mark: 63K(64K)] 116358K(118016K), 0.0812380 secs] [Times: user=0.08 sys=0.00, real=0.08 secs] 
2024-03-31T19:50:37.838+0800: 1089.854: [CMS-concurrent-mark-start]
2024-03-31T19:50:37.839+0800: 1089.855: [CMS-concurrent-mark: 0.000/0.000 secs] [Times: user=0.00 sys=0.00, real=0.00 secs] 
2024-03-31T19:50:37.840+0800: 1089.856: [CMS-concurrent-preclean-start]
2024-03-31T19:50:37.842+0800: 1089.858: [CMS-concurrent-preclean: 0.001/0.001 secs] [Times: user=0.00 sys=0.00, real=0.01 secs] 
2024-03-31T19:50:37.843+0800: 1089.859: [CMS-concurrent-abortable-preclean-start]
2024-03-31T19:50:37.844+0800: 1089.860: [CMS-concurrent-abortable-preclean: 0.000/0.000 secs] [Times: user=0.00 sys=0.00, real=0.00 secs] 
2024-03-31T19:50:37.845+0800: 1089.861: [GC (CMS Final Remark) [YG occupancy: 116297 K (117952 K)]2024-03-31T19:50:37.845+0800: 1089.861: [Rescan (non-parallel) 2024-03-31T19:50:37.845+0800: 1089.861: [grey object rescan, 0.0001012 secs]2024-03-31T19:50:37.846+0800: 1089.862: [root rescan, 0.0793567 secs]2024-03-31T19:50:37.925+0800: 1089.941: [visit unhandled CLDs, 0.0001843 secs]2024-03-31T19:50:37.925+0800: 1089.941: [dirty klass scan, 0.0015105 secs], 0.0818006 secs]2024-03-31T19:50:37.927+0800: 1089.943: [weak refs processing, 0.0001447 secs]2024-03-31T19:50:37.927+0800: 1089.943: [class unloading, 0.0115486 secs]2024-03-31T19:50:37.939+0800: 1089.955: [scrub symbol table, 0.0134698 secs]2024-03-31T19:50:37.953+0800: 1089.969: [scrub string table, 0.0005389 secs][1 CMS-remark: 63K(64K)] 116361K(118016K), 0.1111650 secs] [Times: user=0.11 sys=0.00, real=0.11 secs] 
2024-03-31T19:50:38.017+0800: 1090.033: [CMS-concurrent-sweep-start]
2024-03-31T19:50:38.018+0800: 1090.034: [CMS-concurrent-sweep: 0.000/0.000 secs] [Times: user=0.06 sys=0.00, real=0.06 secs] 
2024-03-31T19:50:38.021+0800: 1090.037: [CMS-concurrent-reset-start]
2024-03-31T19:50:38.022+0800: 1090.038: [CMS-concurrent-reset: 0.000/0.000 secs] [Times: user=0.00 sys=0.00, real=0.01 secs] 
2024-03-31T19:50:40.036+0800: 1092.052: [GC (CMS Initial Mark) [1 CMS-initial-mark: 63K(64K)] 116604K(118016K), 0.1162539 secs] [Times: user=0.11 sys=0.00, real=0.12 secs] 
2024-03-31T19:50:40.153+0800: 1092.169: [CMS-concurrent-mark-start]
2024-03-31T19:50:40.154+0800: 1092.170: [CMS-concurrent-mark: 0.000/0.000 secs] [Times: user=0.01 sys=0.00, real=0.00 secs] 
2024-03-31T19:50:40.156+0800: 1092.172: [CMS-concurrent-preclean-start]
2024-03-31T19:50:40.158+0800: 1092.174: [CMS-concurrent-preclean: 0.001/0.001 secs] [Times: user=0.00 sys=0.01, real=0.00 secs] 
2024-03-31T19:50:40.159+0800: 1092.175: [CMS-concurrent-abortable-preclean-start]
2024-03-31T19:50:40.160+0800: 1092.176: [CMS-concurrent-abortable-preclean: 0.000/0.000 secs] [Times: user=0.00 sys=0.00, real=0.00 secs] 
2024-03-31T19:50:40.161+0800: 1092.177: [GC (CMS Final Remark) [YG occupancy: 116545 K (117952 K)]2024-03-31T19:50:40.162+0800: 1092.178: [Rescan (non-parallel) 2024-03-31T19:50:40.162+0800: 1092.178: [grey object rescan, 0.0002010 secs]2024-03-31T19:50:40.163+0800: 1092.178: [root rescan, 0.0803493 secs]2024-03-31T19:50:40.243+0800: 1092.259: [visit unhandled CLDs, 0.0002011 secs]2024-03-31T19:50:40.243+0800: 1092.259: [dirty klass scan, 0.0014315 secs], 0.0831278 secs]2024-03-31T19:50:40.245+0800: 1092.261: [weak refs processing, 0.0001446 secs]2024-03-31T19:50:40.245+0800: 1092.261: [class unloading, 0.0114133 secs]2024-03-31T19:50:40.257+0800: 1092.273: [scrub symbol table, 0.0097953 secs]2024-03-31T19:50:40.267+0800: 1092.283: [scrub string table, 0.0005105 secs][1 CMS-remark: 63K(64K)] 116609K(118016K), 0.1086060 secs] [Times: user=0.11 sys=0.00, real=0.11 secs] 
2024-03-31T19:50:40.271+0800: 1092.287: [CMS-concurrent-sweep-start]
2024-03-31T19:50:40.272+0800: 1092.288: [CMS-concurrent-sweep: 0.000/0.000 secs] [Times: user=0.00 sys=0.00, real=0.01 secs] 
2024-03-31T19:50:40.273+0800: 1092.289: [CMS-concurrent-reset-start]
2024-03-31T19:50:40.273+0800: 1092.289: [CMS-concurrent-reset: 0.000/0.000 secs] [Times: user=0.00 sys=0.00, real=0.00 secs] 
2024-03-31T19:50:42.283+0800: 1094.299: [GC (CMS Initial Mark) [1 CMS-initial-mark: 63K(64K)] 116730K(118016K), 0.1169346 secs] [Times: user=0.12 sys=0.00, real=0.11 secs] 
2024-03-31T19:50:42.401+0800: 1094.417: [CMS-concurrent-mark-start]
2024-03-31T19:50:42.402+0800: 1094.417: [CMS-concurrent-mark: 0.000/0.000 secs] [Times: user=0.00 sys=0.00, real=0.01 secs] 
2024-03-31T19:50:42.402+0800: 1094.418: [CMS-concurrent-preclean-start]
2024-03-31T19:50:42.404+0800: 1094.420: [CMS-concurrent-preclean: 0.001/0.001 secs] [Times: user=0.00 sys=0.00, real=0.00 secs] 
2024-03-31T19:50:42.405+0800: 1094.421: [CMS-concurrent-abortable-preclean-start]
2024-03-31T19:50:42.406+0800: 1094.422: [CMS-concurrent-abortable-preclean: 0.000/0.000 secs] [Times: user=0.00 sys=0.00, real=0.00 secs] 
2024-03-31T19:50:42.407+0800: 1094.423: [GC (CMS Final Remark) [YG occupancy: 116667 K (117952 K)]2024-03-31T19:50:42.407+0800: 1094.423: [Rescan (non-parallel) 2024-03-31T19:50:42.407+0800: 1094.423: [grey object rescan, 0.0001110 secs]2024-03-31T19:50:42.407+0800: 1094.423: [root rescan, 0.0772334 secs]2024-03-31T19:50:42.485+0800: 1094.501: [visit unhandled CLDs, 0.0001747 secs]2024-03-31T19:50:42.485+0800: 1094.501: [dirty klass scan, 0.0013605 secs], 0.0794966 secs]2024-03-31T19:50:42.487+0800: 1094.503: [weak refs processing, 0.0001463 secs]2024-03-31T19:50:42.487+0800: 1094.503: [class unloading, 0.0111042 secs]2024-03-31T19:50:42.498+0800: 1094.514: [scrub symbol table, 0.0096815 secs]2024-03-31T19:50:42.508+0800: 1094.524: [scrub string table, 0.0005105 secs][1 CMS-remark: 63K(64K)] 116731K(118016K), 0.1043048 secs] [Times: user=0.11 sys=0.00, real=0.10 secs] 
2024-03-31T19:50:42.512+0800: 1094.528: [CMS-concurrent-sweep-start]
2024-03-31T19:50:42.513+0800: 1094.529: [CMS-concurrent-sweep: 0.000/0.000 secs] [Times: user=0.00 sys=0.00, real=0.00 secs] 
2024-03-31T19:50:42.513+0800: 1094.529: [CMS-concurrent-reset-start]
2024-03-31T19:50:42.513+0800: 1094.529: [CMS-concurrent-reset: 0.000/0.000 secs] [Times: user=0.00 sys=0.00, real=0.00 secs] 
2024-03-31T19:50:44.523+0800: 1096.539: [GC (CMS Initial Mark) [1 CMS-initial-mark: 63K(64K)] 116965K(118016K), 0.1180473 secs] [Times: user=0.11 sys=0.00, real=0.11 secs] 
2024-03-31T19:50:44.641+0800: 1096.657: [CMS-concurrent-mark-start]
2024-03-31T19:50:44.642+0800: 1096.658: [CMS-concurrent-mark: 0.000/0.000 secs] [Times: user=0.00 sys=0.00, real=0.01 secs] 
2024-03-31T19:50:44.643+0800: 1096.659: [CMS-concurrent-preclean-start]
2024-03-31T19:50:44.645+0800: 1096.661: [CMS-concurrent-preclean: 0.001/0.001 secs] [Times: user=0.00 sys=0.00, real=0.00 secs] 
2024-03-31T19:50:44.647+0800: 1096.663: [CMS-concurrent-abortable-preclean-start]
2024-03-31T19:50:44.648+0800: 1096.664: [CMS-concurrent-abortable-preclean: 0.000/0.000 secs] [Times: user=0.00 sys=0.00, real=0.00 secs] 
2024-03-31T19:50:44.651+0800: 1096.667: [GC (CMS Final Remark) [YG occupancy: 116912 K (117952 K)]2024-03-31T19:50:44.651+0800: 1096.667: [Rescan (non-parallel) 2024-03-31T19:50:44.651+0800: 1096.667: [grey object rescan, 0.0001456 secs]2024-03-31T19:50:44.651+0800: 1096.667: [root rescan, 0.0806142 secs]2024-03-31T19:50:44.732+0800: 1096.748: [visit unhandled CLDs, 0.0002012 secs]2024-03-31T19:50:44.733+0800: 1096.749: [dirty klass scan, 0.0015295 secs], 0.0832155 secs]2024-03-31T19:50:44.734+0800: 1096.750: [weak refs processing, 0.0001564 secs]2024-03-31T19:50:44.735+0800: 1096.751: [class unloading, 0.0122738 secs]2024-03-31T19:50:44.747+0800: 1096.763: [scrub symbol table, 0.0124467 secs]2024-03-31T19:50:44.760+0800: 1096.776: [scrub string table, 0.0006342 secs][1 CMS-remark: 63K(64K)] 116976K(118016K), 0.1127178 secs] [Times: user=0.12 sys=0.00, real=0.12 secs] 
2024-03-31T19:50:44.765+0800: 1096.780: [CMS-concurrent-sweep-start]
2024-03-31T19:50:44.766+0800: 1096.781: [CMS-concurrent-sweep: 0.000/0.000 secs] [Times: user=0.00 sys=0.00, real=0.00 secs] 
2024-03-31T19:50:44.768+0800: 1096.783: [CMS-concurrent-reset-start]
2024-03-31T19:50:44.769+0800: 1096.785: [CMS-concurrent-reset: 0.000/0.000 secs] [Times: user=0.00 sys=0.00, real=0.00 secs] 
2024-03-31T19:50:46.777+0800: 1098.793: [GC (CMS Initial Mark) [1 CMS-initial-mark: 63K(64K)] 117202K(118016K), 0.1236864 secs] [Times: user=0.13 sys=0.00, real=0.12 secs] 
2024-03-31T19:50:46.902+0800: 1098.918: [CMS-concurrent-mark-start]
2024-03-31T19:50:46.902+0800: 1098.918: [CMS-concurrent-mark: 0.000/0.000 secs] [Times: user=0.00 sys=0.00, real=0.01 secs] 
2024-03-31T19:50:46.903+0800: 1098.919: [CMS-concurrent-preclean-start]
2024-03-31T19:50:46.905+0800: 1098.921: [CMS-concurrent-preclean: 0.001/0.001 secs] [Times: user=0.00 sys=0.00, real=0.00 secs] 
2024-03-31T19:50:46.906+0800: 1098.922: [CMS-concurrent-abortable-preclean-start]
2024-03-31T19:50:46.906+0800: 1098.922: [CMS-concurrent-abortable-preclean: 0.000/0.000 secs] [Times: user=0.00 sys=0.00, real=0.00 secs] 
2024-03-31T19:50:46.907+0800: 1098.923: [GC (CMS Final Remark) [YG occupancy: 117139 K (117952 K)]2024-03-31T19:50:46.907+0800: 1098.923: [Rescan (non-parallel) 2024-03-31T19:50:46.908+0800: 1098.923: [grey object rescan, 0.0001034 secs]2024-03-31T19:50:46.908+0800: 1098.924: [root rescan, 0.0876234 secs]2024-03-31T19:50:46.996+0800: 1099.012: [visit unhandled CLDs, 0.0003439 secs]2024-03-31T19:50:46.996+0800: 1099.012: [dirty klass scan, 0.0020116 secs], 0.0909693 secs]2024-03-31T19:50:46.999+0800: 1099.015: [weak refs processing, 0.0002848 secs]2024-03-31T19:50:46.999+0800: 1099.015: [class unloading, 0.0139043 secs]2024-03-31T19:50:47.013+0800: 1099.029: [scrub symbol table, 0.0107091 secs]2024-03-31T19:50:47.024+0800: 1099.040: [scrub string table, 0.0006898 secs][1 CMS-remark: 63K(64K)] 117203K(118016K), 0.1204093 secs] [Times: user=0.12 sys=0.00, real=0.12 secs] 
2024-03-31T19:50:47.029+0800: 1099.045: [CMS-concurrent-sweep-start]
2024-03-31T19:50:47.029+0800: 1099.045: [CMS-concurrent-sweep: 0.000/0.000 secs] [Times: user=0.00 sys=0.00, real=0.00 secs] 
2024-03-31T19:50:47.031+0800: 1099.047: [CMS-concurrent-reset-start]
2024-03-31T19:50:47.032+0800: 1099.047: [CMS-concurrent-reset: 0.000/0.000 secs] [Times: user=0.00 sys=0.00, real=0.01 secs] 
2024-03-31T19:50:49.039+0800: 1101.055: [GC (CMS Initial Mark) [1 CMS-initial-mark: 63K(64K)] 117353K(118016K), 0.1166909 secs] [Times: user=0.11 sys=0.00, real=0.12 secs] 
2024-03-31T19:50:49.156+0800: 1101.172: [CMS-concurrent-mark-start]
2024-03-31T19:50:49.157+0800: 1101.173: [CMS-concurrent-mark: 0.000/0.000 secs] [Times: user=0.01 sys=0.00, real=0.00 secs] 
2024-03-31T19:50:49.157+0800: 1101.173: [CMS-concurrent-preclean-start]
2024-03-31T19:50:49.159+0800: 1101.175: [CMS-concurrent-preclean: 0.001/0.001 secs] [Times: user=0.00 sys=0.00, real=0.00 secs] 
2024-03-31T19:50:49.159+0800: 1101.175: [CMS-concurrent-abortable-preclean-start]
2024-03-31T19:50:49.159+0800: 1101.175: [CMS-concurrent-abortable-preclean: 0.000/0.000 secs] [Times: user=0.00 sys=0.00, real=0.00 secs] 
2024-03-31T19:50:49.160+0800: 1101.176: [GC (CMS Final Remark) [YG occupancy: 117290 K (117952 K)]2024-03-31T19:50:49.160+0800: 1101.176: [Rescan (non-parallel) 2024-03-31T19:50:49.160+0800: 1101.176: [grey object rescan, 0.0000847 secs]2024-03-31T19:50:49.160+0800: 1101.176: [root rescan, 0.0785039 secs]2024-03-31T19:50:49.239+0800: 1101.255: [visit unhandled CLDs, 0.0001623 secs]2024-03-31T19:50:49.239+0800: 1101.255: [dirty klass scan, 0.0013848 secs], 0.0806505 secs]2024-03-31T19:50:49.241+0800: 1101.257: [weak refs processing, 0.0001088 secs]2024-03-31T19:50:49.241+0800: 1101.257: [class unloading, 0.0111495 secs]2024-03-31T19:50:49.252+0800: 1101.268: [scrub symbol table, 0.0097725 secs]2024-03-31T19:50:49.262+0800: 1101.278: [scrub string table, 0.0004787 secs][1 CMS-remark: 63K(64K)] 117354K(118016K), 0.1053424 secs] [Times: user=0.10 sys=0.00, real=0.11 secs] 
2024-03-31T19:50:49.266+0800: 1101.282: [CMS-concurrent-sweep-start]
2024-03-31T19:50:49.267+0800: 1101.283: [CMS-concurrent-sweep: 0.000/0.000 secs] [Times: user=0.01 sys=0.00, real=0.00 secs] 
2024-03-31T19:50:49.269+0800: 1101.285: [CMS-concurrent-reset-start]
2024-03-31T19:50:49.270+0800: 1101.286: [CMS-concurrent-reset: 0.000/0.000 secs] [Times: user=0.00 sys=0.00, real=0.00 secs] 
2024-03-31T19:50:51.276+0800: 1103.292: [GC (CMS Initial Mark) [1 CMS-initial-mark: 63K(64K)] 117579K(118016K), 0.1039298 secs] [Times: user=0.11 sys=0.00, real=0.10 secs] 
2024-03-31T19:50:51.381+0800: 1103.397: [CMS-concurrent-mark-start]
2024-03-31T19:50:51.382+0800: 1103.398: [CMS-concurrent-mark: 0.000/0.000 secs] [Times: user=0.00 sys=0.00, real=0.01 secs] 
2024-03-31T19:50:51.384+0800: 1103.399: [CMS-concurrent-preclean-start]
2024-03-31T19:50:51.386+0800: 1103.402: [CMS-concurrent-preclean: 0.001/0.001 secs] [Times: user=0.00 sys=0.01, real=0.00 secs] 
2024-03-31T19:50:51.387+0800: 1103.403: [CMS-concurrent-abortable-preclean-start]
2024-03-31T19:50:51.388+0800: 1103.404: [CMS-concurrent-abortable-preclean: 0.000/0.000 secs] [Times: user=0.01 sys=0.00, real=0.00 secs] 
2024-03-31T19:50:51.390+0800: 1103.406: [GC (CMS Final Remark) [YG occupancy: 117521 K (117952 K)]2024-03-31T19:50:51.391+0800: 1103.406: [Rescan (non-parallel) 2024-03-31T19:50:51.391+0800: 1103.407: [grey object rescan, 0.0001188 secs]2024-03-31T19:50:51.391+0800: 1103.407: [root rescan, 0.0798953 secs]2024-03-31T19:50:51.471+0800: 1103.487: [visit unhandled CLDs, 0.0001785 secs]2024-03-31T19:50:51.471+0800: 1103.487: [dirty klass scan, 0.0015387 secs], 0.0824034 secs]2024-03-31T19:50:51.473+0800: 1103.489: [weak refs processing, 0.0001441 secs]2024-03-31T19:50:51.473+0800: 1103.489: [class unloading, 0.0115104 secs]2024-03-31T19:50:51.485+0800: 1103.501: [scrub symbol table, 0.0098000 secs]2024-03-31T19:50:51.495+0800: 1103.511: [scrub string table, 0.0005028 secs][1 CMS-remark: 63K(64K)] 117585K(118016K), 0.1077744 secs] [Times: user=0.10 sys=0.00, real=0.11 secs] 
2024-03-31T19:50:51.499+0800: 1103.515: [CMS-concurrent-sweep-start]
2024-03-31T19:50:51.499+0800: 1103.515: [CMS-concurrent-sweep: 0.000/0.000 secs] [Times: user=0.00 sys=0.00, real=0.00 secs] 
2024-03-31T19:50:51.502+0800: 1103.518: [CMS-concurrent-reset-start]
2024-03-31T19:50:51.503+0800: 1103.519: [CMS-concurrent-reset: 0.000/0.000 secs] [Times: user=0.00 sys=0.00, real=0.01 secs] 
2024-03-31T19:50:53.505+0800: 1105.521: [GC (CMS Initial Mark) [1 CMS-initial-mark: 63K(64K)] 117856K(118016K), 0.0892983 secs] [Times: user=0.09 sys=0.00, real=0.09 secs] 
2024-03-31T19:50:53.595+0800: 1105.611: [CMS-concurrent-mark-start]
2024-03-31T19:50:53.596+0800: 1105.612: [CMS-concurrent-mark: 0.000/0.000 secs] [Times: user=0.00 sys=0.00, real=0.00 secs] 
2024-03-31T19:50:53.597+0800: 1105.613: [CMS-concurrent-preclean-start]
2024-03-31T19:50:53.601+0800: 1105.617: [CMS-concurrent-preclean: 0.002/0.002 secs] [Times: user=0.01 sys=0.00, real=0.00 secs] 
2024-03-31T19:50:53.602+0800: 1105.618: [CMS-concurrent-abortable-preclean-start]
2024-03-31T19:50:53.603+0800: 1105.619: [CMS-concurrent-abortable-preclean: 0.000/0.000 secs] [Times: user=0.00 sys=0.00, real=0.01 secs] 
2024-03-31T19:50:53.606+0800: 1105.622: [GC (CMS Final Remark) [YG occupancy: 117794 K (117952 K)]2024-03-31T19:50:53.606+0800: 1105.622: [Rescan (non-parallel) 2024-03-31T19:50:53.606+0800: 1105.622: [grey object rescan, 0.0001197 secs]2024-03-31T19:50:53.606+0800: 1105.622: [root rescan, 0.0917050 secs]2024-03-31T19:50:53.698+0800: 1105.714: [visit unhandled CLDs, 0.0001761 secs]2024-03-31T19:50:53.699+0800: 1105.714: [dirty klass scan, 0.0015425 secs], 0.0942183 secs]2024-03-31T19:50:53.700+0800: 1105.716: [weak refs processing, 0.0001768 secs]2024-03-31T19:50:53.701+0800: 1105.717: [class unloading, 0.0146537 secs]2024-03-31T19:50:53.716+0800: 1105.731: [scrub symbol table, 0.0138116 secs]2024-03-31T19:50:53.730+0800: 1105.746: [scrub string table, 0.0008678 secs][1 CMS-remark: 63K(64K)] 117858K(118016K), 0.1280150 secs] [Times: user=0.12 sys=0.00, real=0.13 secs] 
2024-03-31T19:50:53.735+0800: 1105.751: [CMS-concurrent-sweep-start]
2024-03-31T19:50:53.736+0800: 1105.751: [CMS-concurrent-sweep: 0.000/0.000 secs] [Times: user=0.01 sys=0.00, real=0.00 secs] 
2024-03-31T19:50:53.737+0800: 1105.753: [CMS-concurrent-reset-start]
2024-03-31T19:50:53.738+0800: 1105.754: [CMS-concurrent-reset: 0.000/0.000 secs] [Times: user=0.00 sys=0.00, real=0.00 secs] 
2024-03-31T19:50:55.745+0800: 1107.761: [GC (CMS Initial Mark) [1 CMS-initial-mark: 63K(64K)] 118000K(118016K), 0.1287665 secs] [Times: user=0.13 sys=0.00, real=0.13 secs] 
2024-03-31T19:50:55.875+0800: 1107.891: [CMS-concurrent-mark-start]
2024-03-31T19:50:55.876+0800: 1107.892: [CMS-concurrent-mark: 0.000/0.000 secs] [Times: user=0.00 sys=0.00, real=0.00 secs] 
2024-03-31T19:50:55.876+0800: 1107.892: [CMS-concurrent-preclean-start]
2024-03-31T19:50:55.879+0800: 1107.895: [CMS-concurrent-preclean: 0.001/0.001 secs] [Times: user=0.00 sys=0.00, real=0.00 secs] 
2024-03-31T19:50:55.880+0800: 1107.896: [CMS-concurrent-abortable-preclean-start]
2024-03-31T19:50:55.881+0800: 1107.897: [CMS-concurrent-abortable-preclean: 0.000/0.000 secs] [Times: user=0.00 sys=0.00, real=0.00 secs] 
2024-03-31T19:50:55.883+0800: 1107.899: [GC (CMS Final Remark) [YG occupancy: 117947 K (117952 K)]2024-03-31T19:50:55.883+0800: 1107.899: [Rescan (non-parallel) 2024-03-31T19:50:55.883+0800: 1107.899: [grey object rescan, 0.0001012 secs]2024-03-31T19:50:55.884+0800: 1107.900: [root rescan, 0.0805893 secs]2024-03-31T19:50:55.964+0800: 1107.980: [visit unhandled CLDs, 0.0001901 secs]2024-03-31T19:50:55.965+0800: 1107.981: [dirty klass scan, 0.0014215 secs], 0.0829783 secs]2024-03-31T19:50:55.966+0800: 1107.982: [weak refs processing, 0.0002012 secs]2024-03-31T19:50:55.967+0800: 1107.983: [class unloading, 0.0217144 secs]2024-03-31T19:50:55.989+0800: 1108.005: [scrub symbol table, 0.0117268 secs]2024-03-31T19:50:56.001+0800: 1108.016: [scrub string table, 0.0005413 secs][1 CMS-remark: 63K(64K)] 118011K(118016K), 0.1208519 secs] [Times: user=0.12 sys=0.00, real=0.12 secs] 
2024-03-31T19:50:56.005+0800: 1108.021: [CMS-concurrent-sweep-start]
2024-03-31T19:50:56.006+0800: 1108.022: [CMS-concurrent-sweep: 0.000/0.000 secs] [Times: user=0.00 sys=0.00, real=0.00 secs] 
2024-03-31T19:50:56.008+0800: 1108.024: [CMS-concurrent-reset-start]
2024-03-31T19:50:56.009+0800: 1108.025: [CMS-concurrent-reset: 0.000/0.000 secs] [Times: user=0.01 sys=0.00, real=0.00 secs] 
2024-03-31T19:50:56.010+0800: 1108.026: [GC (Allocation Failure) 2024-03-31T19:50:56.010+0800: 1108.026: [DefNew: 117951K->117951K(117952K), 0.0001668 secs]2024-03-31T19:50:56.011+0800: 1108.027: [CMS: 63K->63K(64K), 0.1728073 secs] 118015K->80620K(118016K), [Metaspace: 79632K->79632K(1122304K)], 0.1736108 secs] [Times: user=0.16 sys=0.01, real=0.18 secs] 
2024-03-31T19:50:58.015+0800: 1110.031: [GC (CMS Initial Mark) [1 CMS-initial-mark: 63K(64K)] 81159K(118016K), 0.0752306 secs] [Times: user=0.08 sys=0.00, real=0.07 secs] 
2024-03-31T19:50:58.091+0800: 1110.107: [CMS-concurrent-mark-start]
2024-03-31T19:50:58.092+0800: 1110.108: [CMS-concurrent-mark: 0.000/0.000 secs] [Times: user=0.00 sys=0.00, real=0.01 secs] 
2024-03-31T19:50:58.093+0800: 1110.109: [CMS-concurrent-preclean-start]
2024-03-31T19:50:58.094+0800: 1110.110: [CMS-concurrent-preclean: 0.001/0.001 secs] [Times: user=0.00 sys=0.00, real=0.00 secs] 
2024-03-31T19:50:58.095+0800: 1110.111: [CMS-concurrent-abortable-preclean-start]
2024-03-31T19:50:58.095+0800: 1110.111: [CMS-concurrent-abortable-preclean: 0.000/0.000 secs] [Times: user=0.00 sys=0.00, real=0.00 secs] 
2024-03-31T19:50:58.096+0800: 1110.112: [GC (CMS Final Remark) [YG occupancy: 81095 K (117952 K)]2024-03-31T19:50:58.096+0800: 1110.112: [Rescan (non-parallel) 2024-03-31T19:50:58.096+0800: 1110.112: [grey object rescan, 0.0001075 secs]2024-03-31T19:50:58.097+0800: 1110.112: [root rescan, 0.0564672 secs]2024-03-31T19:50:58.153+0800: 1110.169: [visit unhandled CLDs, 0.0001632 secs]2024-03-31T19:50:58.154+0800: 1110.169: [dirty klass scan, 0.0011899 secs], 0.0585670 secs]2024-03-31T19:50:58.155+0800: 1110.171: [weak refs processing, 0.0001370 secs]2024-03-31T19:50:58.155+0800: 1110.171: [class unloading, 0.0120473 secs]2024-03-31T19:50:58.167+0800: 1110.183: [scrub symbol table, 0.0100685 secs]2024-03-31T19:50:58.178+0800: 1110.194: [scrub string table, 0.0004994 secs][1 CMS-remark: 63K(64K)] 81159K(118016K), 0.0848027 secs] [Times: user=0.09 sys=0.00, real=0.08 secs] 
2024-03-31T19:50:58.182+0800: 1110.197: [CMS-concurrent-sweep-start]
2024-03-31T19:50:58.182+0800: 1110.198: [CMS-concurrent-sweep: 0.000/0.000 secs] [Times: user=0.00 sys=0.00, real=0.01 secs] 
2024-03-31T19:50:58.182+0800: 1110.198: [CMS-concurrent-reset-start]
2024-03-31T19:50:58.183+0800: 1110.199: [CMS-concurrent-reset: 0.000/0.000 secs] [Times: user=0.00 sys=0.00, real=0.00 secs] 
2024-03-31T19:51:00.185+0800: 1112.201: [GC (CMS Initial Mark) [1 CMS-initial-mark: 63K(64K)] 82116K(118016K), 0.0675058 secs] [Times: user=0.06 sys=0.00, real=0.07 secs] 
2024-03-31T19:51:00.254+0800: 1112.269: [CMS-concurrent-mark-start]
2024-03-31T19:51:00.254+0800: 1112.270: [CMS-concurrent-mark: 0.000/0.000 secs] [Times: user=0.00 sys=0.00, real=0.00 secs] 
2024-03-31T19:51:00.255+0800: 1112.270: [CMS-concurrent-preclean-start]
2024-03-31T19:51:00.256+0800: 1112.272: [CMS-concurrent-preclean: 0.001/0.001 secs] [Times: user=0.01 sys=0.00, real=0.00 secs] 
2024-03-31T19:51:00.257+0800: 1112.272: [CMS-concurrent-abortable-preclean-start]
2024-03-31T19:51:00.257+0800: 1112.273: [CMS-concurrent-abortable-preclean: 0.000/0.000 secs] [Times: user=0.00 sys=0.00, real=0.00 secs] 
2024-03-31T19:51:00.258+0800: 1112.273: [GC (CMS Final Remark) [YG occupancy: 82052 K (117952 K)]2024-03-31T19:51:00.258+0800: 1112.273: [Rescan (non-parallel) 2024-03-31T19:51:00.258+0800: 1112.274: [grey object rescan, 0.0001285 secs]2024-03-31T19:51:00.258+0800: 1112.274: [root rescan, 0.0568076 secs]2024-03-31T19:51:00.315+0800: 1112.331: [visit unhandled CLDs, 0.0001699 secs]2024-03-31T19:51:00.316+0800: 1112.331: [dirty klass scan, 0.0011963 secs], 0.0589184 secs]2024-03-31T19:51:00.317+0800: 1112.332: [weak refs processing, 0.0001362 secs]2024-03-31T19:51:00.317+0800: 1112.333: [class unloading, 0.0111355 secs]2024-03-31T19:51:00.329+0800: 1112.344: [scrub symbol table, 0.0098681 secs]2024-03-31T19:51:00.339+0800: 1112.354: [scrub string table, 0.0005126 secs][1 CMS-remark: 63K(64K)] 82116K(118016K), 0.0839542 secs] [Times: user=0.08 sys=0.00, real=0.08 secs] 
2024-03-31T19:51:00.342+0800: 1112.358: [CMS-concurrent-sweep-start]
2024-03-31T19:51:00.343+0800: 1112.358: [CMS-concurrent-sweep: 0.000/0.000 secs] [Times: user=0.00 sys=0.00, real=0.00 secs] 
2024-03-31T19:51:00.343+0800: 1112.358: [CMS-concurrent-reset-start]
2024-03-31T19:51:00.343+0800: 1112.359: [CMS-concurrent-reset: 0.000/0.000 secs] [Times: user=0.00 sys=0.00, real=0.00 secs] 
2024-03-31T19:51:02.348+0800: 1114.364: [GC (CMS Initial Mark) [1 CMS-initial-mark: 63K(64K)] 82610K(118016K), 0.0983511 secs] [Times: user=0.10 sys=0.00, real=0.10 secs] 
2024-03-31T19:51:02.447+0800: 1114.463: [CMS-concurrent-mark-start]
2024-03-31T19:51:02.448+0800: 1114.464: [CMS-concurrent-mark: 0.000/0.000 secs] [Times: user=0.00 sys=0.00, real=0.00 secs] 
2024-03-31T19:51:02.449+0800: 1114.464: [CMS-concurrent-preclean-start]
2024-03-31T19:51:02.451+0800: 1114.466: [CMS-concurrent-preclean: 0.001/0.001 secs] [Times: user=0.00 sys=0.00, real=0.00 secs] 
2024-03-31T19:51:02.451+0800: 1114.467: [CMS-concurrent-abortable-preclean-start]
2024-03-31T19:51:02.452+0800: 1114.467: [CMS-concurrent-abortable-preclean: 0.000/0.000 secs] [Times: user=0.00 sys=0.00, real=0.00 secs] 
2024-03-31T19:51:02.453+0800: 1114.469: [GC (CMS Final Remark) [YG occupancy: 82546 K (117952 K)]2024-03-31T19:51:02.453+0800: 1114.469: [Rescan (non-parallel) 2024-03-31T19:51:02.453+0800: 1114.469: [grey object rescan, 0.0000994 secs]2024-03-31T19:51:02.454+0800: 1114.469: [root rescan, 0.0572518 secs]2024-03-31T19:51:02.511+0800: 1114.527: [visit unhandled CLDs, 0.0002022 secs]2024-03-31T19:51:02.511+0800: 1114.527: [dirty klass scan, 0.0012492 secs], 0.0594358 secs]2024-03-31T19:51:02.513+0800: 1114.528: [weak refs processing, 0.0001496 secs]2024-03-31T19:51:02.513+0800: 1114.529: [class unloading, 0.0111232 secs]2024-03-31T19:51:02.525+0800: 1114.540: [scrub symbol table, 0.0098090 secs]2024-03-31T19:51:02.535+0800: 1114.550: [scrub string table, 0.0004880 secs][1 CMS-remark: 63K(64K)] 82610K(118016K), 0.0844595 secs] [Times: user=0.08 sys=0.00, real=0.08 secs] 
2024-03-31T19:51:02.538+0800: 1114.554: [CMS-concurrent-sweep-start]
2024-03-31T19:51:02.538+0800: 1114.554: [CMS-concurrent-sweep: 0.000/0.000 secs] [Times: user=0.00 sys=0.00, real=0.00 secs] 
2024-03-31T19:51:02.539+0800: 1114.554: [CMS-concurrent-reset-start]
2024-03-31T19:51:02.539+0800: 1114.554: [CMS-concurrent-reset: 0.000/0.000 secs] [Times: user=0.00 sys=0.00, real=0.00 secs] 
2024-03-31T19:51:04.548+0800: 1116.563: [GC (CMS Initial Mark) [1 CMS-initial-mark: 63K(64K)] 82871K(118016K), 0.0997338 secs] [Times: user=0.10 sys=0.00, real=0.10 secs] 
2024-03-31T19:51:04.648+0800: 1116.663: [CMS-concurrent-mark-start]
2024-03-31T19:51:04.648+0800: 1116.664: [CMS-concurrent-mark: 0.000/0.000 secs] [Times: user=0.00 sys=0.00, real=0.00 secs] 
2024-03-31T19:51:04.650+0800: 1116.665: [CMS-concurrent-preclean-start]
2024-03-31T19:51:04.651+0800: 1116.667: [CMS-concurrent-preclean: 0.001/0.001 secs] [Times: user=0.00 sys=0.00, real=0.00 secs] 
2024-03-31T19:51:04.652+0800: 1116.668: [CMS-concurrent-abortable-preclean-start]
2024-03-31T19:51:04.653+0800: 1116.668: [CMS-concurrent-abortable-preclean: 0.000/0.000 secs] [Times: user=0.00 sys=0.00, real=0.01 secs] 
2024-03-31T19:51:04.654+0800: 1116.669: [GC (CMS Final Remark) [YG occupancy: 82807 K (117952 K)]2024-03-31T19:51:04.654+0800: 1116.669: [Rescan (non-parallel) 2024-03-31T19:51:04.654+0800: 1116.670: [grey object rescan, 0.0001087 secs]2024-03-31T19:51:04.654+0800: 1116.670: [root rescan, 0.0602506 secs]2024-03-31T19:51:04.715+0800: 1116.730: [visit unhandled CLDs, 0.0001710 secs]2024-03-31T19:51:04.715+0800: 1116.731: [dirty klass scan, 0.0013568 secs], 0.0626369 secs]2024-03-31T19:51:04.717+0800: 1116.732: [weak refs processing, 0.0001663 secs]2024-03-31T19:51:04.717+0800: 1116.733: [class unloading, 0.0137089 secs]2024-03-31T19:51:04.731+0800: 1116.746: [scrub symbol table, 0.0110830 secs]2024-03-31T19:51:04.742+0800: 1116.758: [scrub string table, 0.0005224 secs][1 CMS-remark: 63K(64K)] 82871K(118016K), 0.0920390 secs] [Times: user=0.09 sys=0.00, real=0.09 secs] 
2024-03-31T19:51:04.746+0800: 1116.762: [CMS-concurrent-sweep-start]
2024-03-31T19:51:04.747+0800: 1116.762: [CMS-concurrent-sweep: 0.000/0.000 secs] [Times: user=0.00 sys=0.00, real=0.00 secs] 
2024-03-31T19:51:04.747+0800: 1116.762: [CMS-concurrent-reset-start]
2024-03-31T19:51:04.747+0800: 1116.762: [CMS-concurrent-reset: 0.000/0.000 secs] [Times: user=0.00 sys=0.00, real=0.00 secs] 
2024-03-31T19:51:06.754+0800: 1118.770: [GC (CMS Initial Mark) [1 CMS-initial-mark: 63K(64K)] 83422K(118016K), 0.0920017 secs] [Times: user=0.09 sys=0.00, real=0.09 secs] 
2024-03-31T19:51:06.847+0800: 1118.862: [CMS-concurrent-mark-start]
2024-03-31T19:51:06.847+0800: 1118.863: [CMS-concurrent-mark: 0.000/0.000 secs] [Times: user=0.00 sys=0.00, real=0.00 secs] 
2024-03-31T19:51:06.848+0800: 1118.864: [CMS-concurrent-preclean-start]
2024-03-31T19:51:06.850+0800: 1118.865: [CMS-concurrent-preclean: 0.001/0.001 secs] [Times: user=0.00 sys=0.00, real=0.00 secs] 
2024-03-31T19:51:06.850+0800: 1118.866: [CMS-concurrent-abortable-preclean-start]
2024-03-31T19:51:06.850+0800: 1118.866: [CMS-concurrent-abortable-preclean: 0.000/0.000 secs] [Times: user=0.00 sys=0.00, real=0.00 secs] 
2024-03-31T19:51:06.851+0800: 1118.867: [GC (CMS Final Remark) [YG occupancy: 83358 K (117952 K)]2024-03-31T19:51:06.851+0800: 1118.867: [Rescan (non-parallel) 2024-03-31T19:51:06.851+0800: 1118.867: [grey object rescan, 0.0001281 secs]2024-03-31T19:51:06.852+0800: 1118.867: [root rescan, 0.0578416 secs]2024-03-31T19:51:06.910+0800: 1118.925: [visit unhandled CLDs, 0.0001654 secs]2024-03-31T19:51:06.910+0800: 1118.925: [dirty klass scan, 0.0012160 secs], 0.0600002 secs]2024-03-31T19:51:06.911+0800: 1118.927: [weak refs processing, 0.0001418 secs]2024-03-31T19:51:06.912+0800: 1118.927: [class unloading, 0.0114732 secs]2024-03-31T19:51:06.923+0800: 1118.939: [scrub symbol table, 0.0097346 secs]2024-03-31T19:51:06.933+0800: 1118.949: [scrub string table, 0.0005003 secs][1 CMS-remark: 63K(64K)] 83422K(118016K), 0.0852723 secs] [Times: user=0.09 sys=0.00, real=0.09 secs] 
2024-03-31T19:51:06.937+0800: 1118.952: [CMS-concurrent-sweep-start]
2024-03-31T19:51:06.937+0800: 1118.952: [CMS-concurrent-sweep: 0.000/0.000 secs] [Times: user=0.00 sys=0.00, real=0.00 secs] 
2024-03-31T19:51:06.937+0800: 1118.952: [CMS-concurrent-reset-start]
2024-03-31T19:51:06.937+0800: 1118.953: [CMS-concurrent-reset: 0.000/0.000 secs] [Times: user=0.00 sys=0.00, real=0.00 secs] 
2024-03-31T19:51:08.938+0800: 1120.954: [GC (CMS Initial Mark) [1 CMS-initial-mark: 63K(64K)] 83663K(118016K), 0.0584365 secs] [Times: user=0.05 sys=0.00, real=0.06 secs] 
2024-03-31T19:51:08.998+0800: 1121.013: [CMS-concurrent-mark-start]
2024-03-31T19:51:08.998+0800: 1121.014: [CMS-concurrent-mark: 0.000/0.000 secs] [Times: user=0.00 sys=0.00, real=0.00 secs] 
2024-03-31T19:51:08.999+0800: 1121.015: [CMS-concurrent-preclean-start]
2024-03-31T19:51:09.001+0800: 1121.016: [CMS-concurrent-preclean: 0.001/0.001 secs] [Times: user=0.01 sys=0.00, real=0.00 secs] 
2024-03-31T19:51:09.001+0800: 1121.017: [CMS-concurrent-abortable-preclean-start]
2024-03-31T19:51:09.002+0800: 1121.017: [CMS-concurrent-abortable-preclean: 0.000/0.000 secs] [Times: user=0.00 sys=0.00, real=0.00 secs] 
2024-03-31T19:51:09.003+0800: 1121.018: [GC (CMS Final Remark) [YG occupancy: 83600 K (117952 K)]2024-03-31T19:51:09.003+0800: 1121.018: [Rescan (non-parallel) 2024-03-31T19:51:09.003+0800: 1121.018: [grey object rescan, 0.0001527 secs]2024-03-31T19:51:09.003+0800: 1121.019: [root rescan, 0.0608320 secs]2024-03-31T19:51:09.064+0800: 1121.080: [visit unhandled CLDs, 0.0002030 secs]2024-03-31T19:51:09.065+0800: 1121.080: [dirty klass scan, 0.0017111 secs], 0.0639913 secs]2024-03-31T19:51:09.067+0800: 1121.082: [weak refs processing, 0.0001875 secs]2024-03-31T19:51:09.067+0800: 1121.083: [class unloading, 0.0128407 secs]2024-03-31T19:51:09.080+0800: 1121.096: [scrub symbol table, 0.0115112 secs]2024-03-31T19:51:09.092+0800: 1121.107: [scrub string table, 0.0005459 secs][1 CMS-remark: 63K(64K)] 83663K(118016K), 0.0930153 secs] [Times: user=0.09 sys=0.00, real=0.09 secs] 
2024-03-31T19:51:09.096+0800: 1121.112: [CMS-concurrent-sweep-start]
2024-03-31T19:51:09.097+0800: 1121.112: [CMS-concurrent-sweep: 0.000/0.000 secs] [Times: user=0.00 sys=0.01, real=0.00 secs] 
2024-03-31T19:51:09.097+0800: 1121.113: [CMS-concurrent-reset-start]
2024-03-31T19:51:09.097+0800: 1121.113: [CMS-concurrent-reset: 0.000/0.000 secs] [Times: user=0.00 sys=0.00, real=0.00 secs] 
2024-03-31T19:51:11.110+0800: 1123.126: [GC (CMS Initial Mark) [1 CMS-initial-mark: 63K(64K)] 84193K(118016K), 0.0979034 secs] [Times: user=0.10 sys=0.00, real=0.10 secs] 
2024-03-31T19:51:11.209+0800: 1123.225: [CMS-concurrent-mark-start]
2024-03-31T19:51:11.210+0800: 1123.225: [CMS-concurrent-mark: 0.000/0.000 secs] [Times: user=0.00 sys=0.00, real=0.00 secs] 
2024-03-31T19:51:11.211+0800: 1123.226: [CMS-concurrent-preclean-start]
2024-03-31T19:51:11.212+0800: 1123.228: [CMS-concurrent-preclean: 0.001/0.001 secs] [Times: user=0.00 sys=0.00, real=0.01 secs] 
2024-03-31T19:51:11.213+0800: 1123.228: [CMS-concurrent-abortable-preclean-start]
2024-03-31T19:51:11.213+0800: 1123.228: [CMS-concurrent-abortable-preclean: 0.000/0.000 secs] [Times: user=0.00 sys=0.00, real=0.00 secs] 
2024-03-31T19:51:11.214+0800: 1123.229: [GC (CMS Final Remark) [YG occupancy: 84129 K (117952 K)]2024-03-31T19:51:11.214+0800: 1123.229: [Rescan (non-parallel) 2024-03-31T19:51:11.214+0800: 1123.229: [grey object rescan, 0.0001048 secs]2024-03-31T19:51:11.214+0800: 1123.229: [root rescan, 0.0576283 secs]2024-03-31T19:51:11.272+0800: 1123.287: [visit unhandled CLDs, 0.0001644 secs]2024-03-31T19:51:11.272+0800: 1123.288: [dirty klass scan, 0.0011402 secs], 0.0597570 secs]2024-03-31T19:51:11.274+0800: 1123.289: [weak refs processing, 0.0001312 secs]2024-03-31T19:51:11.274+0800: 1123.289: [class unloading, 0.0111280 secs]2024-03-31T19:51:11.285+0800: 1123.301: [scrub symbol table, 0.0096940 secs]2024-03-31T19:51:11.295+0800: 1123.310: [scrub string table, 0.0004978 secs][1 CMS-remark: 63K(64K)] 84193K(118016K), 0.0846336 secs] [Times: user=0.08 sys=0.01, real=0.08 secs] 
2024-03-31T19:51:11.299+0800: 1123.314: [CMS-concurrent-sweep-start]
2024-03-31T19:51:11.299+0800: 1123.314: [CMS-concurrent-sweep: 0.000/0.000 secs] [Times: user=0.01 sys=0.00, real=0.00 secs] 
2024-03-31T19:51:11.299+0800: 1123.315: [CMS-concurrent-reset-start]
2024-03-31T19:51:11.300+0800: 1123.315: [CMS-concurrent-reset: 0.000/0.000 secs] [Times: user=0.00 sys=0.00, real=0.00 secs] 
2024-03-31T19:51:13.308+0800: 1125.323: [GC (CMS Initial Mark) [1 CMS-initial-mark: 63K(64K)] 84345K(118016K), 0.0870346 secs] [Times: user=0.09 sys=0.00, real=0.09 secs] 
2024-03-31T19:51:13.396+0800: 1125.411: [CMS-concurrent-mark-start]
2024-03-31T19:51:13.396+0800: 1125.411: [CMS-concurrent-mark: 0.000/0.000 secs] [Times: user=0.00 sys=0.00, real=0.00 secs] 
2024-03-31T19:51:13.397+0800: 1125.412: [CMS-concurrent-preclean-start]
2024-03-31T19:51:13.398+0800: 1125.413: [CMS-concurrent-preclean: 0.001/0.001 secs] [Times: user=0.00 sys=0.00, real=0.00 secs] 
2024-03-31T19:51:13.398+0800: 1125.414: [CMS-concurrent-abortable-preclean-start]
2024-03-31T19:51:13.398+0800: 1125.414: [CMS-concurrent-abortable-preclean: 0.000/0.000 secs] [Times: user=0.00 sys=0.00, real=0.00 secs] 
2024-03-31T19:51:13.399+0800: 1125.414: [GC (CMS Final Remark) [YG occupancy: 84281 K (117952 K)]2024-03-31T19:51:13.399+0800: 1125.414: [Rescan (non-parallel) 2024-03-31T19:51:13.399+0800: 1125.415: [grey object rescan, 0.0001676 secs]2024-03-31T19:51:13.399+0800: 1125.415: [root rescan, 0.0589927 secs]2024-03-31T19:51:13.459+0800: 1125.474: [visit unhandled CLDs, 0.0001600 secs]2024-03-31T19:51:13.459+0800: 1125.474: [dirty klass scan, 0.0012600 secs], 0.0612261 secs]2024-03-31T19:51:13.460+0800: 1125.476: [weak refs processing, 0.0001527 secs]2024-03-31T19:51:13.461+0800: 1125.476: [class unloading, 0.0121554 secs]2024-03-31T19:51:13.473+0800: 1125.488: [scrub symbol table, 0.0099727 secs]2024-03-31T19:51:13.483+0800: 1125.499: [scrub string table, 0.0004978 secs][1 CMS-remark: 63K(64K)] 84345K(118016K), 0.0875559 secs] [Times: user=0.09 sys=0.00, real=0.09 secs] 
2024-03-31T19:51:13.487+0800: 1125.503: [CMS-concurrent-sweep-start]
2024-03-31T19:51:13.488+0800: 1125.503: [CMS-concurrent-sweep: 0.000/0.000 secs] [Times: user=0.00 sys=0.00, real=0.00 secs] 
2024-03-31T19:51:13.489+0800: 1125.504: [CMS-concurrent-reset-start]
2024-03-31T19:51:13.490+0800: 1125.505: [CMS-concurrent-reset: 0.000/0.000 secs] [Times: user=0.00 sys=0.00, real=0.00 secs] 
2024-03-31T19:51:15.491+0800: 1127.507: [GC (CMS Initial Mark) [1 CMS-initial-mark: 63K(64K)] 84839K(118016K), 0.0599213 secs] [Times: user=0.06 sys=0.00, real=0.06 secs] 
2024-03-31T19:51:15.552+0800: 1127.568: [CMS-concurrent-mark-start]
2024-03-31T19:51:15.553+0800: 1127.569: [CMS-concurrent-mark: 0.000/0.000 secs] [Times: user=0.00 sys=0.00, real=0.00 secs] 
2024-03-31T19:51:15.554+0800: 1127.570: [CMS-concurrent-preclean-start]
2024-03-31T19:51:15.556+0800: 1127.572: [CMS-concurrent-preclean: 0.001/0.001 secs] [Times: user=0.00 sys=0.00, real=0.00 secs] 
2024-03-31T19:51:15.558+0800: 1127.573: [CMS-concurrent-abortable-preclean-start]
2024-03-31T19:51:15.558+0800: 1127.574: [CMS-concurrent-abortable-preclean: 0.000/0.000 secs] [Times: user=0.00 sys=0.00, real=0.00 secs] 
2024-03-31T19:51:15.559+0800: 1127.575: [GC (CMS Final Remark) [YG occupancy: 84775 K (117952 K)]2024-03-31T19:51:15.559+0800: 1127.575: [Rescan (non-parallel) 2024-03-31T19:51:15.560+0800: 1127.575: [grey object rescan, 0.0002194 secs]2024-03-31T19:51:15.560+0800: 1127.575: [root rescan, 0.0610825 secs]2024-03-31T19:51:15.621+0800: 1127.637: [visit unhandled CLDs, 0.0002368 secs]2024-03-31T19:51:15.622+0800: 1127.637: [dirty klass scan, 0.0014731 secs], 0.0637429 secs]2024-03-31T19:51:15.623+0800: 1127.639: [weak refs processing, 0.0001416 secs]2024-03-31T19:51:15.624+0800: 1127.639: [class unloading, 0.0133039 secs]2024-03-31T19:51:15.637+0800: 1127.653: [scrub symbol table, 0.0103768 secs]2024-03-31T19:51:15.648+0800: 1127.663: [scrub string table, 0.0005314 secs][1 CMS-remark: 63K(64K)] 84839K(118016K), 0.0918638 secs] [Times: user=0.09 sys=0.00, real=0.09 secs] 
2024-03-31T19:51:15.652+0800: 1127.667: [CMS-concurrent-sweep-start]
2024-03-31T19:51:15.652+0800: 1127.667: [CMS-concurrent-sweep: 0.000/0.000 secs] [Times: user=0.00 sys=0.00, real=0.00 secs] 
2024-03-31T19:51:15.652+0800: 1127.668: [CMS-concurrent-reset-start]
2024-03-31T19:51:15.652+0800: 1127.668: [CMS-concurrent-reset: 0.000/0.000 secs] [Times: user=0.00 sys=0.00, real=0.00 secs] 
2024-03-31T19:51:17.660+0800: 1129.676: [GC (CMS Initial Mark) [1 CMS-initial-mark: 63K(64K)] 85034K(118016K), 0.1059642 secs] [Times: user=0.10 sys=0.00, real=0.11 secs] 
2024-03-31T19:51:17.767+0800: 1129.783: [CMS-concurrent-mark-start]
2024-03-31T19:51:17.768+0800: 1129.784: [CMS-concurrent-mark: 0.000/0.000 secs] [Times: user=0.00 sys=0.00, real=0.00 secs] 
2024-03-31T19:51:17.769+0800: 1129.785: [CMS-concurrent-preclean-start]
2024-03-31T19:51:17.771+0800: 1129.787: [CMS-concurrent-preclean: 0.001/0.001 secs] [Times: user=0.01 sys=0.00, real=0.00 secs] 
2024-03-31T19:51:17.772+0800: 1129.788: [CMS-concurrent-abortable-preclean-start]
2024-03-31T19:51:17.773+0800: 1129.788: [CMS-concurrent-abortable-preclean: 0.000/0.000 secs] [Times: user=0.00 sys=0.00, real=0.01 secs] 
2024-03-31T19:51:17.774+0800: 1129.789: [GC (CMS Final Remark) [YG occupancy: 84970 K (117952 K)]2024-03-31T19:51:17.774+0800: 1129.789: [Rescan (non-parallel) 2024-03-31T19:51:17.774+0800: 1129.789: [grey object rescan, 0.0001052 secs]2024-03-31T19:51:17.774+0800: 1129.789: [root rescan, 0.0589860 secs]2024-03-31T19:51:17.833+0800: 1129.849: [visit unhandled CLDs, 0.0001719 secs]2024-03-31T19:51:17.834+0800: 1129.849: [dirty klass scan, 0.0012369 secs], 0.0611632 secs]2024-03-31T19:51:17.835+0800: 1129.850: [weak refs processing, 0.0001391 secs]2024-03-31T19:51:17.835+0800: 1129.851: [class unloading, 0.0116686 secs]2024-03-31T19:51:17.847+0800: 1129.862: [scrub symbol table, 0.0098280 secs]2024-03-31T19:51:17.857+0800: 1129.872: [scrub string table, 0.0005230 secs][1 CMS-remark: 63K(64K)] 85034K(118016K), 0.0868015 secs] [Times: user=0.08 sys=0.00, real=0.08 secs] 
2024-03-31T19:51:17.861+0800: 1129.876: [CMS-concurrent-sweep-start]
2024-03-31T19:51:17.861+0800: 1129.876: [CMS-concurrent-sweep: 0.000/0.000 secs] [Times: user=0.00 sys=0.00, real=0.00 secs] 
2024-03-31T19:51:17.861+0800: 1129.877: [CMS-concurrent-reset-start]
2024-03-31T19:51:17.861+0800: 1129.877: [CMS-concurrent-reset: 0.000/0.000 secs] [Times: user=0.00 sys=0.00, real=0.00 secs] 
2024-03-31T19:51:19.868+0800: 1131.884: [GC (CMS Initial Mark) [1 CMS-initial-mark: 63K(64K)] 85399K(118016K), 0.1010707 secs] [Times: user=0.10 sys=0.00, real=0.10 secs] 
2024-03-31T19:51:19.970+0800: 1131.985: [CMS-concurrent-mark-start]
2024-03-31T19:51:19.971+0800: 1131.986: [CMS-concurrent-mark: 0.000/0.000 secs] [Times: user=0.00 sys=0.00, real=0.00 secs] 
2024-03-31T19:51:19.972+0800: 1131.987: [CMS-concurrent-preclean-start]
2024-03-31T19:51:19.974+0800: 1131.990: [CMS-concurrent-preclean: 0.001/0.001 secs] [Times: user=0.01 sys=0.00, real=0.01 secs] 
2024-03-31T19:51:19.975+0800: 1131.990: [CMS-concurrent-abortable-preclean-start]
2024-03-31T19:51:19.975+0800: 1131.991: [CMS-concurrent-abortable-preclean: 0.000/0.000 secs] [Times: user=0.00 sys=0.00, real=0.00 secs] 
2024-03-31T19:51:19.977+0800: 1131.992: [GC (CMS Final Remark) [YG occupancy: 85335 K (117952 K)]2024-03-31T19:51:19.977+0800: 1131.993: [Rescan (non-parallel) 2024-03-31T19:51:19.978+0800: 1131.993: [grey object rescan, 0.0001106 secs]2024-03-31T19:51:19.978+0800: 1131.993: [root rescan, 0.0597579 secs]2024-03-31T19:51:20.038+0800: 1132.053: [visit unhandled CLDs, 0.0002230 secs]2024-03-31T19:51:20.038+0800: 1132.053: [dirty klass scan, 0.0012866 secs], 0.0621175 secs]2024-03-31T19:51:20.040+0800: 1132.055: [weak refs processing, 0.0001627 secs]2024-03-31T19:51:20.040+0800: 1132.055: [class unloading, 0.0116614 secs]2024-03-31T19:51:20.052+0800: 1132.067: [scrub symbol table, 0.0096301 secs]2024-03-31T19:51:20.062+0800: 1132.077: [scrub string table, 0.0005307 secs][1 CMS-remark: 63K(64K)] 85399K(118016K), 0.0881708 secs] [Times: user=0.09 sys=0.00, real=0.09 secs] 
2024-03-31T19:51:20.066+0800: 1132.081: [CMS-concurrent-sweep-start]
2024-03-31T19:51:20.066+0800: 1132.082: [CMS-concurrent-sweep: 0.000/0.000 secs] [Times: user=0.00 sys=0.00, real=0.00 secs] 
2024-03-31T19:51:20.067+0800: 1132.083: [CMS-concurrent-reset-start]
2024-03-31T19:51:20.067+0800: 1132.083: [CMS-concurrent-reset: 0.000/0.000 secs] [Times: user=0.00 sys=0.00, real=0.00 secs] 
2024-03-31T19:51:22.075+0800: 1134.090: [GC (CMS Initial Mark) [1 CMS-initial-mark: 63K(64K)] 85909K(118016K), 0.0730480 secs] [Times: user=0.07 sys=0.00, real=0.07 secs] 
2024-03-31T19:51:22.149+0800: 1134.164: [CMS-concurrent-mark-start]
2024-03-31T19:51:22.150+0800: 1134.165: [CMS-concurrent-mark: 0.000/0.000 secs] [Times: user=0.00 sys=0.00, real=0.00 secs] 
2024-03-31T19:51:22.150+0800: 1134.165: [CMS-concurrent-preclean-start]
2024-03-31T19:51:22.151+0800: 1134.166: [CMS-concurrent-preclean: 0.001/0.001 secs] [Times: user=0.00 sys=0.00, real=0.00 secs] 
2024-03-31T19:51:22.151+0800: 1134.167: [CMS-concurrent-abortable-preclean-start]
2024-03-31T19:51:22.151+0800: 1134.167: [CMS-concurrent-abortable-preclean: 0.000/0.000 secs] [Times: user=0.00 sys=0.00, real=0.00 secs] 
2024-03-31T19:51:22.152+0800: 1134.167: [GC (CMS Final Remark) [YG occupancy: 85845 K (117952 K)]2024-03-31T19:51:22.152+0800: 1134.167: [Rescan (non-parallel) 2024-03-31T19:51:22.152+0800: 1134.168: [grey object rescan, 0.0001028 secs]2024-03-31T19:51:22.152+0800: 1134.168: [root rescan, 0.0589963 secs]2024-03-31T19:51:22.212+0800: 1134.227: [visit unhandled CLDs, 0.0002985 secs]2024-03-31T19:51:22.212+0800: 1134.227: [dirty klass scan, 0.0015155 secs], 0.0617315 secs]2024-03-31T19:51:22.214+0800: 1134.229: [weak refs processing, 0.0001903 secs]2024-03-31T19:51:22.214+0800: 1134.230: [class unloading, 0.0121673 secs]2024-03-31T19:51:22.227+0800: 1134.242: [scrub symbol table, 0.0106825 secs]2024-03-31T19:51:22.238+0800: 1134.253: [scrub string table, 0.0005600 secs][1 CMS-remark: 63K(64K)] 85909K(118016K), 0.0889451 secs] [Times: user=0.08 sys=0.00, real=0.09 secs] 
2024-03-31T19:51:22.242+0800: 1134.257: [CMS-concurrent-sweep-start]
2024-03-31T19:51:22.242+0800: 1134.257: [CMS-concurrent-sweep: 0.000/0.000 secs] [Times: user=0.00 sys=0.00, real=0.00 secs] 
2024-03-31T19:51:22.242+0800: 1134.257: [CMS-concurrent-reset-start]
2024-03-31T19:51:22.242+0800: 1134.257: [CMS-concurrent-reset: 0.000/0.000 secs] [Times: user=0.00 sys=0.00, real=0.00 secs] 
2024-03-31T19:51:24.257+0800: 1136.273: [GC (CMS Initial Mark) [1 CMS-initial-mark: 63K(64K)] 86126K(118016K), 0.1014908 secs] [Times: user=0.10 sys=0.00, real=0.10 secs] 
2024-03-31T19:51:24.359+0800: 1136.375: [CMS-concurrent-mark-start]
2024-03-31T19:51:24.360+0800: 1136.375: [CMS-concurrent-mark: 0.000/0.000 secs] [Times: user=0.00 sys=0.00, real=0.00 secs] 
2024-03-31T19:51:24.361+0800: 1136.376: [CMS-concurrent-preclean-start]
2024-03-31T19:51:24.362+0800: 1136.378: [CMS-concurrent-preclean: 0.001/0.001 secs] [Times: user=0.01 sys=0.00, real=0.01 secs] 
2024-03-31T19:51:24.363+0800: 1136.378: [CMS-concurrent-abortable-preclean-start]
2024-03-31T19:51:24.364+0800: 1136.379: [CMS-concurrent-abortable-preclean: 0.000/0.000 secs] [Times: user=0.00 sys=0.00, real=0.00 secs] 
2024-03-31T19:51:24.364+0800: 1136.380: [GC (CMS Final Remark) [YG occupancy: 86063 K (117952 K)]2024-03-31T19:51:24.365+0800: 1136.380: [Rescan (non-parallel) 2024-03-31T19:51:24.365+0800: 1136.380: [grey object rescan, 0.0002251 secs]2024-03-31T19:51:24.365+0800: 1136.381: [root rescan, 0.0610118 secs]2024-03-31T19:51:24.427+0800: 1136.442: [visit unhandled CLDs, 0.0002262 secs]2024-03-31T19:51:24.427+0800: 1136.442: [dirty klass scan, 0.0014666 secs], 0.0638803 secs]2024-03-31T19:51:24.429+0800: 1136.444: [weak refs processing, 0.0001339 secs]2024-03-31T19:51:24.429+0800: 1136.444: [class unloading, 0.0132235 secs]2024-03-31T19:51:24.442+0800: 1136.458: [scrub symbol table, 0.0106455 secs]2024-03-31T19:51:24.453+0800: 1136.469: [scrub string table, 0.0005141 secs][1 CMS-remark: 63K(64K)] 86126K(118016K), 0.0920493 secs] [Times: user=0.09 sys=0.00, real=0.09 secs] 
2024-03-31T19:51:24.457+0800: 1136.472: [CMS-concurrent-sweep-start]
2024-03-31T19:51:24.457+0800: 1136.473: [CMS-concurrent-sweep: 0.000/0.000 secs] [Times: user=0.00 sys=0.01, real=0.00 secs] 
2024-03-31T19:51:24.457+0800: 1136.473: [CMS-concurrent-reset-start]
2024-03-31T19:51:24.457+0800: 1136.473: [CMS-concurrent-reset: 0.000/0.000 secs] [Times: user=0.00 sys=0.00, real=0.00 secs] 
2024-03-31T19:51:26.468+0800: 1138.483: [GC (CMS Initial Mark) [1 CMS-initial-mark: 63K(64K)] 86550K(118016K), 0.1110683 secs] [Times: user=0.11 sys=0.00, real=0.11 secs] 
2024-03-31T19:51:26.580+0800: 1138.595: [CMS-concurrent-mark-start]
2024-03-31T19:51:26.580+0800: 1138.596: [CMS-concurrent-mark: 0.000/0.000 secs] [Times: user=0.00 sys=0.00, real=0.00 secs] 
2024-03-31T19:51:26.581+0800: 1138.597: [CMS-concurrent-preclean-start]
2024-03-31T19:51:26.583+0800: 1138.598: [CMS-concurrent-preclean: 0.001/0.001 secs] [Times: user=0.00 sys=0.01, real=0.01 secs] 
2024-03-31T19:51:26.583+0800: 1138.598: [CMS-concurrent-abortable-preclean-start]
2024-03-31T19:51:26.583+0800: 1138.598: [CMS-concurrent-abortable-preclean: 0.000/0.000 secs] [Times: user=0.00 sys=0.00, real=0.00 secs] 
2024-03-31T19:51:26.584+0800: 1138.599: [GC (CMS Final Remark) [YG occupancy: 86486 K (117952 K)]2024-03-31T19:51:26.584+0800: 1138.599: [Rescan (non-parallel) 2024-03-31T19:51:26.584+0800: 1138.599: [grey object rescan, 0.0001189 secs]2024-03-31T19:51:26.584+0800: 1138.600: [root rescan, 0.0595452 secs]2024-03-31T19:51:26.644+0800: 1138.659: [visit unhandled CLDs, 0.0001898 secs]2024-03-31T19:51:26.644+0800: 1138.660: [dirty klass scan, 0.0011897 secs], 0.0616791 secs]2024-03-31T19:51:26.646+0800: 1138.661: [weak refs processing, 0.0001272 secs]2024-03-31T19:51:26.646+0800: 1138.661: [class unloading, 0.0119522 secs]2024-03-31T19:51:26.658+0800: 1138.674: [scrub symbol table, 0.0100825 secs]2024-03-31T19:51:26.668+0800: 1138.684: [scrub string table, 0.0005002 secs][1 CMS-remark: 63K(64K)] 86550K(118016K), 0.0878073 secs] [Times: user=0.09 sys=0.00, real=0.08 secs] 
2024-03-31T19:51:26.672+0800: 1138.688: [CMS-concurrent-sweep-start]
2024-03-31T19:51:26.672+0800: 1138.688: [CMS-concurrent-sweep: 0.000/0.000 secs] [Times: user=0.00 sys=0.00, real=0.01 secs] 
2024-03-31T19:51:26.673+0800: 1138.689: [CMS-concurrent-reset-start]
2024-03-31T19:51:26.674+0800: 1138.689: [CMS-concurrent-reset: 0.000/0.000 secs] [Times: user=0.00 sys=0.00, real=0.00 secs] 
2024-03-31T19:51:28.685+0800: 1140.701: [GC (CMS Initial Mark) [1 CMS-initial-mark: 63K(64K)] 86705K(118016K), 0.0957380 secs] [Times: user=0.10 sys=0.00, real=0.09 secs] 
2024-03-31T19:51:28.782+0800: 1140.797: [CMS-concurrent-mark-start]
2024-03-31T19:51:28.782+0800: 1140.798: [CMS-concurrent-mark: 0.000/0.000 secs] [Times: user=0.00 sys=0.00, real=0.01 secs] 
2024-03-31T19:51:28.784+0800: 1140.799: [CMS-concurrent-preclean-start]
2024-03-31T19:51:28.786+0800: 1140.802: [CMS-concurrent-preclean: 0.001/0.001 secs] [Times: user=0.00 sys=0.00, real=0.00 secs] 
2024-03-31T19:51:28.787+0800: 1140.802: [CMS-concurrent-abortable-preclean-start]
2024-03-31T19:51:28.788+0800: 1140.803: [CMS-concurrent-abortable-preclean: 0.000/0.000 secs] [Times: user=0.00 sys=0.01, real=0.00 secs] 
2024-03-31T19:51:28.789+0800: 1140.804: [GC (CMS Final Remark) [YG occupancy: 86645 K (117952 K)]2024-03-31T19:51:28.789+0800: 1140.805: [Rescan (non-parallel) 2024-03-31T19:51:28.789+0800: 1140.805: [grey object rescan, 0.0001575 secs]2024-03-31T19:51:28.790+0800: 1140.805: [root rescan, 0.0611942 secs]2024-03-31T19:51:28.851+0800: 1140.867: [visit unhandled CLDs, 0.0001913 secs]2024-03-31T19:51:28.851+0800: 1140.867: [dirty klass scan, 0.0014338 secs], 0.0637636 secs]2024-03-31T19:51:28.853+0800: 1140.868: [weak refs processing, 0.0001463 secs]2024-03-31T19:51:28.853+0800: 1140.869: [class unloading, 0.0119865 secs]2024-03-31T19:51:28.865+0800: 1140.881: [scrub symbol table, 0.0114391 secs]2024-03-31T19:51:28.877+0800: 1140.893: [scrub string table, 0.0005343 secs][1 CMS-remark: 63K(64K)] 86709K(118016K), 0.0916606 secs] [Times: user=0.09 sys=0.00, real=0.09 secs] 
2024-03-31T19:51:28.881+0800: 1140.897: [CMS-concurrent-sweep-start]
2024-03-31T19:51:28.882+0800: 1140.897: [CMS-concurrent-sweep: 0.000/0.000 secs] [Times: user=0.00 sys=0.00, real=0.00 secs] 
2024-03-31T19:51:28.883+0800: 1140.898: [CMS-concurrent-reset-start]
2024-03-31T19:51:28.884+0800: 1140.899: [CMS-concurrent-reset: 0.000/0.000 secs] [Times: user=0.00 sys=0.00, real=0.00 secs] 
2024-03-31T19:51:30.890+0800: 1142.905: [GC (CMS Initial Mark) [1 CMS-initial-mark: 63K(64K)] 87198K(118016K), 0.0617270 secs] [Times: user=0.06 sys=0.00, real=0.06 secs] 
2024-03-31T19:51:30.952+0800: 1142.968: [CMS-concurrent-mark-start]
2024-03-31T19:51:30.953+0800: 1142.968: [CMS-concurrent-mark: 0.000/0.000 secs] [Times: user=0.00 sys=0.00, real=0.00 secs] 
2024-03-31T19:51:30.954+0800: 1142.969: [CMS-concurrent-preclean-start]
2024-03-31T19:51:30.955+0800: 1142.971: [CMS-concurrent-preclean: 0.001/0.001 secs] [Times: user=0.00 sys=0.00, real=0.00 secs] 
2024-03-31T19:51:30.956+0800: 1142.972: [CMS-concurrent-abortable-preclean-start]
2024-03-31T19:51:30.957+0800: 1142.972: [CMS-concurrent-abortable-preclean: 0.000/0.000 secs] [Times: user=0.00 sys=0.00, real=0.00 secs] 
2024-03-31T19:51:30.958+0800: 1142.974: [GC (CMS Final Remark) [YG occupancy: 87134 K (117952 K)]2024-03-31T19:51:30.958+0800: 1142.974: [Rescan (non-parallel) 2024-03-31T19:51:30.958+0800: 1142.974: [grey object rescan, 0.0001057 secs]2024-03-31T19:51:30.959+0800: 1142.974: [root rescan, 0.0593073 secs]2024-03-31T19:51:31.018+0800: 1143.034: [visit unhandled CLDs, 0.0001483 secs]2024-03-31T19:51:31.018+0800: 1143.034: [dirty klass scan, 0.0011736 secs], 0.0613185 secs]2024-03-31T19:51:31.020+0800: 1143.035: [weak refs processing, 0.0001298 secs]2024-03-31T19:51:31.020+0800: 1143.035: [class unloading, 0.0111945 secs]2024-03-31T19:51:31.031+0800: 1143.047: [scrub symbol table, 0.0097185 secs]2024-03-31T19:51:31.041+0800: 1143.057: [scrub string table, 0.0004933 secs][1 CMS-remark: 63K(64K)] 87198K(118016K), 0.0862415 secs] [Times: user=0.08 sys=0.00, real=0.09 secs] 
2024-03-31T19:51:31.045+0800: 1143.060: [CMS-concurrent-sweep-start]
2024-03-31T19:51:31.045+0800: 1143.060: [CMS-concurrent-sweep: 0.000/0.000 secs] [Times: user=0.01 sys=0.00, real=0.00 secs] 
2024-03-31T19:51:31.045+0800: 1143.061: [CMS-concurrent-reset-start]
2024-03-31T19:51:31.046+0800: 1143.061: [CMS-concurrent-reset: 0.000/0.000 secs] [Times: user=0.00 sys=0.00, real=0.00 secs] 
2024-03-31T19:51:33.058+0800: 1145.073: [GC (CMS Initial Mark) [1 CMS-initial-mark: 63K(64K)] 87350K(118016K), 0.0979032 secs] [Times: user=0.09 sys=0.00, real=0.10 secs] 
2024-03-31T19:51:33.157+0800: 1145.172: [CMS-concurrent-mark-start]
2024-03-31T19:51:33.157+0800: 1145.173: [CMS-concurrent-mark: 0.000/0.000 secs] [Times: user=0.01 sys=0.00, real=0.00 secs] 
2024-03-31T19:51:33.158+0800: 1145.174: [CMS-concurrent-preclean-start]
2024-03-31T19:51:33.159+0800: 1145.175: [CMS-concurrent-preclean: 0.001/0.001 secs] [Times: user=0.00 sys=0.00, real=0.00 secs] 
2024-03-31T19:51:33.160+0800: 1145.175: [CMS-concurrent-abortable-preclean-start]
2024-03-31T19:51:33.160+0800: 1145.175: [CMS-concurrent-abortable-preclean: 0.000/0.000 secs] [Times: user=0.00 sys=0.00, real=0.00 secs] 
2024-03-31T19:51:33.160+0800: 1145.176: [GC (CMS Final Remark) [YG occupancy: 87287 K (117952 K)]2024-03-31T19:51:33.160+0800: 1145.176: [Rescan (non-parallel) 2024-03-31T19:51:33.161+0800: 1145.176: [grey object rescan, 0.0001037 secs]2024-03-31T19:51:33.161+0800: 1145.176: [root rescan, 0.0595038 secs]2024-03-31T19:51:33.221+0800: 1145.236: [visit unhandled CLDs, 0.0001743 secs]2024-03-31T19:51:33.221+0800: 1145.236: [dirty klass scan, 0.0012087 secs], 0.0615887 secs]2024-03-31T19:51:33.222+0800: 1145.238: [weak refs processing, 0.0001420 secs]2024-03-31T19:51:33.222+0800: 1145.238: [class unloading, 0.0111610 secs]2024-03-31T19:51:33.234+0800: 1145.249: [scrub symbol table, 0.0096934 secs]2024-03-31T19:51:33.244+0800: 1145.259: [scrub string table, 0.0005079 secs][1 CMS-remark: 63K(64K)] 87350K(118016K), 0.0864710 secs] [Times: user=0.08 sys=0.00, real=0.09 secs] 
2024-03-31T19:51:33.247+0800: 1145.263: [CMS-concurrent-sweep-start]
2024-03-31T19:51:33.247+0800: 1145.263: [CMS-concurrent-sweep: 0.000/0.000 secs] [Times: user=0.00 sys=0.00, real=0.00 secs] 
2024-03-31T19:51:33.248+0800: 1145.263: [CMS-concurrent-reset-start]
2024-03-31T19:51:33.248+0800: 1145.263: [CMS-concurrent-reset: 0.000/0.000 secs] [Times: user=0.00 sys=0.00, real=0.00 secs] 
2024-03-31T19:51:35.253+0800: 1147.269: [GC (CMS Initial Mark) [1 CMS-initial-mark: 63K(64K)] 87633K(118016K), 0.0807735 secs] [Times: user=0.08 sys=0.00, real=0.08 secs] 
2024-03-31T19:51:35.335+0800: 1147.350: [CMS-concurrent-mark-start]
2024-03-31T19:51:35.335+0800: 1147.351: [CMS-concurrent-mark: 0.000/0.000 secs] [Times: user=0.01 sys=0.00, real=0.00 secs] 
2024-03-31T19:51:35.336+0800: 1147.352: [CMS-concurrent-preclean-start]
2024-03-31T19:51:35.338+0800: 1147.353: [CMS-concurrent-preclean: 0.001/0.001 secs] [Times: user=0.00 sys=0.00, real=0.00 secs] 
2024-03-31T19:51:35.338+0800: 1147.354: [CMS-concurrent-abortable-preclean-start]
2024-03-31T19:51:35.339+0800: 1147.354: [CMS-concurrent-abortable-preclean: 0.000/0.000 secs] [Times: user=0.00 sys=0.00, real=0.00 secs] 
2024-03-31T19:51:35.340+0800: 1147.355: [GC (CMS Final Remark) [YG occupancy: 87569 K (117952 K)]2024-03-31T19:51:35.340+0800: 1147.355: [Rescan (non-parallel) 2024-03-31T19:51:35.340+0800: 1147.356: [grey object rescan, 0.0001084 secs]2024-03-31T19:51:35.340+0800: 1147.356: [root rescan, 0.0599217 secs]2024-03-31T19:51:35.400+0800: 1147.416: [visit unhandled CLDs, 0.0001553 secs]2024-03-31T19:51:35.401+0800: 1147.416: [dirty klass scan, 0.0011749 secs], 0.0619955 secs]2024-03-31T19:51:35.402+0800: 1147.418: [weak refs processing, 0.0001454 secs]2024-03-31T19:51:35.402+0800: 1147.418: [class unloading, 0.0112926 secs]2024-03-31T19:51:35.414+0800: 1147.430: [scrub symbol table, 0.0122147 secs]2024-03-31T19:51:35.427+0800: 1147.442: [scrub string table, 0.0006953 secs][1 CMS-remark: 63K(64K)] 87633K(118016K), 0.0904908 secs] [Times: user=0.09 sys=0.00, real=0.09 secs] 
2024-03-31T19:51:35.431+0800: 1147.447: [CMS-concurrent-sweep-start]
2024-03-31T19:51:35.431+0800: 1147.447: [CMS-concurrent-sweep: 0.000/0.000 secs] [Times: user=0.00 sys=0.00, real=0.00 secs] 
2024-03-31T19:51:35.432+0800: 1147.448: [CMS-concurrent-reset-start]
2024-03-31T19:51:35.433+0800: 1147.448: [CMS-concurrent-reset: 0.000/0.000 secs] [Times: user=0.00 sys=0.00, real=0.01 secs] 
2024-03-31T19:51:37.443+0800: 1149.459: [GC (CMS Initial Mark) [1 CMS-initial-mark: 63K(64K)] 88086K(118016K), 0.0983273 secs] [Times: user=0.10 sys=0.00, real=0.09 secs] 
2024-03-31T19:51:37.543+0800: 1149.558: [CMS-concurrent-mark-start]
2024-03-31T19:51:37.543+0800: 1149.559: [CMS-concurrent-mark: 0.000/0.000 secs] [Times: user=0.00 sys=0.00, real=0.00 secs] 
2024-03-31T19:51:37.544+0800: 1149.560: [CMS-concurrent-preclean-start]
2024-03-31T19:51:37.546+0800: 1149.561: [CMS-concurrent-preclean: 0.001/0.001 secs] [Times: user=0.01 sys=0.00, real=0.00 secs] 
2024-03-31T19:51:37.546+0800: 1149.562: [CMS-concurrent-abortable-preclean-start]
2024-03-31T19:51:37.546+0800: 1149.562: [CMS-concurrent-abortable-preclean: 0.000/0.000 secs] [Times: user=0.00 sys=0.00, real=0.00 secs] 
2024-03-31T19:51:37.547+0800: 1149.562: [GC (CMS Final Remark) [YG occupancy: 88024 K (117952 K)]2024-03-31T19:51:37.547+0800: 1149.563: [Rescan (non-parallel) 2024-03-31T19:51:37.547+0800: 1149.563: [grey object rescan, 0.0001196 secs]2024-03-31T19:51:37.547+0800: 1149.563: [root rescan, 0.0597684 secs]2024-03-31T19:51:37.607+0800: 1149.623: [visit unhandled CLDs, 0.0001703 secs]2024-03-31T19:51:37.608+0800: 1149.623: [dirty klass scan, 0.0011942 secs], 0.0618928 secs]2024-03-31T19:51:37.609+0800: 1149.625: [weak refs processing, 0.0001345 secs]2024-03-31T19:51:37.609+0800: 1149.625: [class unloading, 0.0111633 secs]2024-03-31T19:51:37.621+0800: 1149.636: [scrub symbol table, 0.0096878 secs]2024-03-31T19:51:37.631+0800: 1149.646: [scrub string table, 0.0005137 secs][1 CMS-remark: 63K(64K)] 88088K(118016K), 0.0867891 secs] [Times: user=0.08 sys=0.00, real=0.09 secs] 
2024-03-31T19:51:37.634+0800: 1149.650: [CMS-concurrent-sweep-start]
2024-03-31T19:51:37.635+0800: 1149.650: [CMS-concurrent-sweep: 0.000/0.000 secs] [Times: user=0.00 sys=0.00, real=0.00 secs] 
2024-03-31T19:51:37.635+0800: 1149.650: [CMS-concurrent-reset-start]
2024-03-31T19:51:37.635+0800: 1149.651: [CMS-concurrent-reset: 0.000/0.000 secs] [Times: user=0.00 sys=0.00, real=0.00 secs] 
2024-03-31T19:51:39.643+0800: 1151.658: [GC (CMS Initial Mark) [1 CMS-initial-mark: 63K(64K)] 88232K(118016K), 0.0949498 secs] [Times: user=0.09 sys=0.00, real=0.09 secs] 
2024-03-31T19:51:39.739+0800: 1151.754: [CMS-concurrent-mark-start]
2024-03-31T19:51:39.739+0800: 1151.755: [CMS-concurrent-mark: 0.000/0.000 secs] [Times: user=0.00 sys=0.00, real=0.00 secs] 
2024-03-31T19:51:39.740+0800: 1151.756: [CMS-concurrent-preclean-start]
2024-03-31T19:51:39.742+0800: 1151.757: [CMS-concurrent-preclean: 0.001/0.001 secs] [Times: user=0.00 sys=0.00, real=0.00 secs] 
2024-03-31T19:51:39.742+0800: 1151.758: [CMS-concurrent-abortable-preclean-start]
2024-03-31T19:51:39.742+0800: 1151.758: [CMS-concurrent-abortable-preclean: 0.000/0.000 secs] [Times: user=0.00 sys=0.00, real=0.01 secs] 
2024-03-31T19:51:39.743+0800: 1151.758: [GC (CMS Final Remark) [YG occupancy: 88168 K (117952 K)]2024-03-31T19:51:39.743+0800: 1151.759: [Rescan (non-parallel) 2024-03-31T19:51:39.743+0800: 1151.759: [grey object rescan, 0.0001028 secs]2024-03-31T19:51:39.743+0800: 1151.759: [root rescan, 0.0643515 secs]2024-03-31T19:51:39.812+0800: 1151.827: [visit unhandled CLDs, 0.0001844 secs]2024-03-31T19:51:39.812+0800: 1151.827: [dirty klass scan, 0.0014603 secs], 0.0703346 secs]2024-03-31T19:51:39.814+0800: 1151.829: [weak refs processing, 0.0001419 secs]2024-03-31T19:51:39.814+0800: 1151.829: [class unloading, 0.0116401 secs]2024-03-31T19:51:39.826+0800: 1151.841: [scrub symbol table, 0.0101576 secs]2024-03-31T19:51:39.836+0800: 1151.852: [scrub string table, 0.0005229 secs][1 CMS-remark: 63K(64K)] 88232K(118016K), 0.0965375 secs] [Times: user=0.09 sys=0.00, real=0.09 secs] 
2024-03-31T19:51:39.840+0800: 1151.856: [CMS-concurrent-sweep-start]
2024-03-31T19:51:39.841+0800: 1151.856: [CMS-concurrent-sweep: 0.000/0.000 secs] [Times: user=0.00 sys=0.00, real=0.00 secs] 
2024-03-31T19:51:39.843+0800: 1151.858: [CMS-concurrent-reset-start]
2024-03-31T19:51:39.844+0800: 1151.859: [CMS-concurrent-reset: 0.000/0.000 secs] [Times: user=0.01 sys=0.00, real=0.01 secs] 
2024-03-31T19:51:41.850+0800: 1153.866: [GC (CMS Initial Mark) [1 CMS-initial-mark: 63K(64K)] 88535K(118016K), 0.0983763 secs] [Times: user=0.10 sys=0.00, real=0.10 secs] 
2024-03-31T19:51:41.949+0800: 1153.965: [CMS-concurrent-mark-start]
2024-03-31T19:51:41.950+0800: 1153.966: [CMS-concurrent-mark: 0.000/0.000 secs] [Times: user=0.00 sys=0.00, real=0.00 secs] 
2024-03-31T19:51:41.951+0800: 1153.967: [CMS-concurrent-preclean-start]
2024-03-31T19:51:41.953+0800: 1153.969: [CMS-concurrent-preclean: 0.001/0.001 secs] [Times: user=0.00 sys=0.00, real=0.01 secs] 
2024-03-31T19:51:41.954+0800: 1153.970: [CMS-concurrent-abortable-preclean-start]
2024-03-31T19:51:41.955+0800: 1153.971: [CMS-concurrent-abortable-preclean: 0.000/0.000 secs] [Times: user=0.00 sys=0.00, real=0.00 secs] 
2024-03-31T19:51:41.957+0800: 1153.972: [GC (CMS Final Remark) [YG occupancy: 88471 K (117952 K)]2024-03-31T19:51:41.957+0800: 1153.972: [Rescan (non-parallel) 2024-03-31T19:51:41.957+0800: 1153.973: [grey object rescan, 0.0001190 secs]2024-03-31T19:51:41.957+0800: 1153.973: [root rescan, 0.0617917 secs]2024-03-31T19:51:42.019+0800: 1154.035: [visit unhandled CLDs, 0.0001591 secs]2024-03-31T19:51:42.020+0800: 1154.035: [dirty klass scan, 0.0012870 secs], 0.0640244 secs]2024-03-31T19:51:42.021+0800: 1154.037: [weak refs processing, 0.0001330 secs]2024-03-31T19:51:42.021+0800: 1154.037: [class unloading, 0.0124262 secs]2024-03-31T19:51:42.034+0800: 1154.050: [scrub symbol table, 0.0103518 secs]2024-03-31T19:51:42.044+0800: 1154.060: [scrub string table, 0.0005122 secs][1 CMS-remark: 63K(64K)] 88535K(118016K), 0.0910231 secs] [Times: user=0.09 sys=0.00, real=0.09 secs] 
2024-03-31T19:51:42.049+0800: 1154.064: [CMS-concurrent-sweep-start]
2024-03-31T19:51:42.049+0800: 1154.065: [CMS-concurrent-sweep: 0.000/0.000 secs] [Times: user=0.00 sys=0.00, real=0.00 secs] 
2024-03-31T19:51:42.051+0800: 1154.066: [CMS-concurrent-reset-start]
2024-03-31T19:51:42.051+0800: 1154.067: [CMS-concurrent-reset: 0.000/0.000 secs] [Times: user=0.00 sys=0.00, real=0.00 secs] 
2024-03-31T19:51:44.057+0800: 1156.073: [GC (CMS Initial Mark) [1 CMS-initial-mark: 63K(64K)] 88746K(118016K), 0.1005265 secs] [Times: user=0.10 sys=0.00, real=0.10 secs] 
2024-03-31T19:51:44.159+0800: 1156.174: [CMS-concurrent-mark-start]
2024-03-31T19:51:44.159+0800: 1156.175: [CMS-concurrent-mark: 0.000/0.000 secs] [Times: user=0.00 sys=0.00, real=0.00 secs] 
2024-03-31T19:51:44.161+0800: 1156.176: [CMS-concurrent-preclean-start]
2024-03-31T19:51:44.163+0800: 1156.178: [CMS-concurrent-preclean: 0.001/0.001 secs] [Times: user=0.00 sys=0.00, real=0.01 secs] 
2024-03-31T19:51:44.163+0800: 1156.179: [CMS-concurrent-abortable-preclean-start]
2024-03-31T19:51:44.164+0800: 1156.179: [CMS-concurrent-abortable-preclean: 0.000/0.000 secs] [Times: user=0.01 sys=0.00, real=0.00 secs] 
2024-03-31T19:51:44.165+0800: 1156.181: [GC (CMS Final Remark) [YG occupancy: 88682 K (117952 K)]2024-03-31T19:51:44.165+0800: 1156.181: [Rescan (non-parallel) 2024-03-31T19:51:44.165+0800: 1156.181: [grey object rescan, 0.0001063 secs]2024-03-31T19:51:44.166+0800: 1156.181: [root rescan, 0.0617205 secs]2024-03-31T19:51:44.228+0800: 1156.243: [visit unhandled CLDs, 0.0001693 secs]2024-03-31T19:51:44.228+0800: 1156.243: [dirty klass scan, 0.0012427 secs], 0.0639110 secs]2024-03-31T19:51:44.229+0800: 1156.245: [weak refs processing, 0.0001382 secs]2024-03-31T19:51:44.230+0800: 1156.245: [class unloading, 0.0113973 secs]2024-03-31T19:51:44.241+0800: 1156.257: [scrub symbol table, 0.0097826 secs]2024-03-31T19:51:44.251+0800: 1156.267: [scrub string table, 0.0004944 secs][1 CMS-remark: 63K(64K)] 88746K(118016K), 0.0891780 secs] [Times: user=0.08 sys=0.00, real=0.09 secs] 
2024-03-31T19:51:44.255+0800: 1156.270: [CMS-concurrent-sweep-start]
2024-03-31T19:51:44.255+0800: 1156.271: [CMS-concurrent-sweep: 0.000/0.000 secs] [Times: user=0.00 sys=0.00, real=0.00 secs] 
2024-03-31T19:51:44.255+0800: 1156.271: [CMS-concurrent-reset-start]
2024-03-31T19:51:44.255+0800: 1156.271: [CMS-concurrent-reset: 0.000/0.000 secs] [Times: user=0.00 sys=0.00, real=0.00 secs] 
2024-03-31T19:51:46.257+0800: 1158.272: [GC (CMS Initial Mark) [1 CMS-initial-mark: 63K(64K)] 89080K(118016K), 0.0598034 secs] [Times: user=0.06 sys=0.00, real=0.06 secs] 
2024-03-31T19:51:46.317+0800: 1158.333: [CMS-concurrent-mark-start]
2024-03-31T19:51:46.318+0800: 1158.333: [CMS-concurrent-mark: 0.000/0.000 secs] [Times: user=0.00 sys=0.00, real=0.00 secs] 
2024-03-31T19:51:46.318+0800: 1158.334: [CMS-concurrent-preclean-start]
2024-03-31T19:51:46.320+0800: 1158.336: [CMS-concurrent-preclean: 0.001/0.001 secs] [Times: user=0.00 sys=0.00, real=0.00 secs] 
2024-03-31T19:51:46.321+0800: 1158.336: [CMS-concurrent-abortable-preclean-start]
2024-03-31T19:51:46.321+0800: 1158.337: [CMS-concurrent-abortable-preclean: 0.000/0.000 secs] [Times: user=0.00 sys=0.00, real=0.00 secs] 
2024-03-31T19:51:46.322+0800: 1158.337: [GC (CMS Final Remark) [YG occupancy: 89027 K (117952 K)]2024-03-31T19:51:46.322+0800: 1158.338: [Rescan (non-parallel) 2024-03-31T19:51:46.322+0800: 1158.338: [grey object rescan, 0.0001033 secs]2024-03-31T19:51:46.322+0800: 1158.338: [root rescan, 0.0607589 secs]2024-03-31T19:51:46.383+0800: 1158.399: [visit unhandled CLDs, 0.0001923 secs]2024-03-31T19:51:46.384+0800: 1158.399: [dirty klass scan, 0.0012204 secs], 0.0629116 secs]2024-03-31T19:51:46.385+0800: 1158.401: [weak refs processing, 0.0001377 secs]2024-03-31T19:51:46.385+0800: 1158.401: [class unloading, 0.0117754 secs]2024-03-31T19:51:46.397+0800: 1158.413: [scrub symbol table, 0.0113007 secs]2024-03-31T19:51:46.409+0800: 1158.424: [scrub string table, 0.0005832 secs][1 CMS-remark: 63K(64K)] 89091K(118016K), 0.0904463 secs] [Times: user=0.09 sys=0.00, real=0.10 secs] 
2024-03-31T19:51:46.413+0800: 1158.429: [CMS-concurrent-sweep-start]
2024-03-31T19:51:46.413+0800: 1158.429: [CMS-concurrent-sweep: 0.000/0.000 secs] [Times: user=0.00 sys=0.00, real=0.00 secs] 
2024-03-31T19:51:46.414+0800: 1158.429: [CMS-concurrent-reset-start]
2024-03-31T19:51:46.414+0800: 1158.430: [CMS-concurrent-reset: 0.000/0.000 secs] [Times: user=0.00 sys=0.00, real=0.00 secs] 
2024-03-31T19:51:48.419+0800: 1160.435: [GC (CMS Initial Mark) [1 CMS-initial-mark: 63K(64K)] 89200K(118016K), 0.0980881 secs] [Times: user=0.09 sys=0.00, real=0.10 secs] 
2024-03-31T19:51:48.519+0800: 1160.534: [CMS-concurrent-mark-start]
2024-03-31T19:51:48.520+0800: 1160.535: [CMS-concurrent-mark: 0.000/0.000 secs] [Times: user=0.00 sys=0.00, real=0.00 secs] 
2024-03-31T19:51:48.520+0800: 1160.536: [CMS-concurrent-preclean-start]
2024-03-31T19:51:48.522+0800: 1160.538: [CMS-concurrent-preclean: 0.001/0.001 secs] [Times: user=0.01 sys=0.00, real=0.01 secs] 
2024-03-31T19:51:48.523+0800: 1160.539: [CMS-concurrent-abortable-preclean-start]
2024-03-31T19:51:48.524+0800: 1160.539: [CMS-concurrent-abortable-preclean: 0.000/0.000 secs] [Times: user=0.00 sys=0.00, real=0.00 secs] 
2024-03-31T19:51:48.526+0800: 1160.541: [GC (CMS Final Remark) [YG occupancy: 89171 K (117952 K)]2024-03-31T19:51:48.526+0800: 1160.541: [Rescan (non-parallel) 2024-03-31T19:51:48.526+0800: 1160.541: [grey object rescan, 0.0001158 secs]2024-03-31T19:51:48.526+0800: 1160.542: [root rescan, 0.0615256 secs]2024-03-31T19:51:48.588+0800: 1160.603: [visit unhandled CLDs, 0.0001697 secs]2024-03-31T19:51:48.588+0800: 1160.604: [dirty klass scan, 0.0012295 secs], 0.0636658 secs]2024-03-31T19:51:48.590+0800: 1160.605: [weak refs processing, 0.0001358 secs]2024-03-31T19:51:48.590+0800: 1160.605: [class unloading, 0.0119763 secs]2024-03-31T19:51:48.602+0800: 1160.617: [scrub symbol table, 0.0103435 secs]2024-03-31T19:51:48.613+0800: 1160.628: [scrub string table, 0.0005987 secs][1 CMS-remark: 63K(64K)] 89235K(118016K), 0.0904313 secs] [Times: user=0.09 sys=0.00, real=0.09 secs] 
2024-03-31T19:51:48.617+0800: 1160.632: [CMS-concurrent-sweep-start]
2024-03-31T19:51:48.617+0800: 1160.633: [CMS-concurrent-sweep: 0.000/0.000 secs] [Times: user=0.00 sys=0.00, real=0.00 secs] 
2024-03-31T19:51:48.618+0800: 1160.633: [CMS-concurrent-reset-start]
2024-03-31T19:51:48.618+0800: 1160.633: [CMS-concurrent-reset: 0.000/0.000 secs] [Times: user=0.00 sys=0.00, real=0.00 secs] 
2024-03-31T19:51:50.620+0800: 1162.636: [GC (CMS Initial Mark) [1 CMS-initial-mark: 63K(64K)] 89703K(118016K), 0.0828367 secs] [Times: user=0.08 sys=0.00, real=0.09 secs] 
2024-03-31T19:51:50.704+0800: 1162.719: [CMS-concurrent-mark-start]
2024-03-31T19:51:50.705+0800: 1162.720: [CMS-concurrent-mark: 0.000/0.000 secs] [Times: user=0.01 sys=0.00, real=0.00 secs] 
2024-03-31T19:51:50.706+0800: 1162.721: [CMS-concurrent-preclean-start]
2024-03-31T19:51:50.708+0800: 1162.723: [CMS-concurrent-preclean: 0.001/0.001 secs] [Times: user=0.00 sys=0.00, real=0.00 secs] 
2024-03-31T19:51:50.708+0800: 1162.724: [CMS-concurrent-abortable-preclean-start]
2024-03-31T19:51:50.709+0800: 1162.724: [CMS-concurrent-abortable-preclean: 0.000/0.000 secs] [Times: user=0.00 sys=0.00, real=0.00 secs] 
2024-03-31T19:51:50.711+0800: 1162.727: [GC (CMS Final Remark) [YG occupancy: 89639 K (117952 K)]2024-03-31T19:51:50.711+0800: 1162.727: [Rescan (non-parallel) 2024-03-31T19:51:50.712+0800: 1162.727: [grey object rescan, 0.0001594 secs]2024-03-31T19:51:50.712+0800: 1162.727: [root rescan, 0.0625503 secs]2024-03-31T19:51:50.775+0800: 1162.790: [visit unhandled CLDs, 0.0001674 secs]2024-03-31T19:51:50.775+0800: 1162.790: [dirty klass scan, 0.0013566 secs], 0.0648782 secs]2024-03-31T19:51:50.776+0800: 1162.792: [weak refs processing, 0.0001425 secs]2024-03-31T19:51:50.777+0800: 1162.792: [class unloading, 0.0133642 secs]2024-03-31T19:51:50.790+0800: 1162.806: [scrub symbol table, 0.0099357 secs]2024-03-31T19:51:50.800+0800: 1162.816: [scrub string table, 0.0005985 secs][1 CMS-remark: 63K(64K)] 89703K(118016K), 0.0924163 secs] [Times: user=0.09 sys=0.00, real=0.10 secs] 
2024-03-31T19:51:50.804+0800: 1162.820: [CMS-concurrent-sweep-start]
2024-03-31T19:51:50.805+0800: 1162.820: [CMS-concurrent-sweep: 0.000/0.000 secs] [Times: user=0.00 sys=0.00, real=0.00 secs] 
2024-03-31T19:51:50.806+0800: 1162.822: [CMS-concurrent-reset-start]
2024-03-31T19:51:50.806+0800: 1162.822: [CMS-concurrent-reset: 0.000/0.000 secs] [Times: user=0.00 sys=0.00, real=0.00 secs] 
2024-03-31T19:51:52.813+0800: 1164.829: [GC (CMS Initial Mark) [1 CMS-initial-mark: 63K(64K)] 89998K(118016K), 0.0928049 secs] [Times: user=0.09 sys=0.00, real=0.09 secs] 
2024-03-31T19:51:52.907+0800: 1164.923: [CMS-concurrent-mark-start]
2024-03-31T19:51:52.908+0800: 1164.923: [CMS-concurrent-mark: 0.000/0.000 secs] [Times: user=0.00 sys=0.00, real=0.00 secs] 
2024-03-31T19:51:52.909+0800: 1164.924: [CMS-concurrent-preclean-start]
2024-03-31T19:51:52.910+0800: 1164.926: [CMS-concurrent-preclean: 0.001/0.001 secs] [Times: user=0.01 sys=0.01, real=0.00 secs] 
2024-03-31T19:51:52.911+0800: 1164.926: [CMS-concurrent-abortable-preclean-start]
2024-03-31T19:51:52.911+0800: 1164.927: [CMS-concurrent-abortable-preclean: 0.000/0.000 secs] [Times: user=0.00 sys=0.00, real=0.00 secs] 
2024-03-31T19:51:52.912+0800: 1164.928: [GC (CMS Final Remark) [YG occupancy: 89934 K (117952 K)]2024-03-31T19:51:52.912+0800: 1164.928: [Rescan (non-parallel) 2024-03-31T19:51:52.912+0800: 1164.928: [grey object rescan, 0.0001060 secs]2024-03-31T19:51:52.913+0800: 1164.928: [root rescan, 0.0610710 secs]2024-03-31T19:51:52.974+0800: 1164.989: [visit unhandled CLDs, 0.0001575 secs]2024-03-31T19:51:52.974+0800: 1164.990: [dirty klass scan, 0.0012318 secs], 0.0631721 secs]2024-03-31T19:51:52.976+0800: 1164.991: [weak refs processing, 0.0001632 secs]2024-03-31T19:51:52.976+0800: 1164.991: [class unloading, 0.0112108 secs]2024-03-31T19:51:52.987+0800: 1165.003: [scrub symbol table, 0.0098993 secs]2024-03-31T19:51:52.997+0800: 1165.013: [scrub string table, 0.0004860 secs][1 CMS-remark: 63K(64K)] 89998K(118016K), 0.0884124 secs] [Times: user=0.08 sys=0.00, real=0.08 secs] 
2024-03-31T19:51:53.001+0800: 1165.017: [CMS-concurrent-sweep-start]
2024-03-31T19:51:53.002+0800: 1165.017: [CMS-concurrent-sweep: 0.000/0.000 secs] [Times: user=0.01 sys=0.00, real=0.00 secs] 
2024-03-31T19:51:53.003+0800: 1165.018: [CMS-concurrent-reset-start]
2024-03-31T19:51:53.003+0800: 1165.019: [CMS-concurrent-reset: 0.000/0.000 secs] [Times: user=0.00 sys=0.00, real=0.00 secs] 
2024-03-31T19:51:55.012+0800: 1167.027: [GC (CMS Initial Mark) [1 CMS-initial-mark: 63K(64K)] 90226K(118016K), 0.0975894 secs] [Times: user=0.10 sys=0.00, real=0.10 secs] 
2024-03-31T19:51:55.110+0800: 1167.126: [CMS-concurrent-mark-start]
2024-03-31T19:51:55.111+0800: 1167.126: [CMS-concurrent-mark: 0.000/0.000 secs] [Times: user=0.00 sys=0.00, real=0.00 secs] 
2024-03-31T19:51:55.112+0800: 1167.127: [CMS-concurrent-preclean-start]
2024-03-31T19:51:55.114+0800: 1167.130: [CMS-concurrent-preclean: 0.001/0.001 secs] [Times: user=0.00 sys=0.00, real=0.01 secs] 
2024-03-31T19:51:55.115+0800: 1167.131: [CMS-concurrent-abortable-preclean-start]
2024-03-31T19:51:55.116+0800: 1167.132: [CMS-concurrent-abortable-preclean: 0.000/0.000 secs] [Times: user=0.00 sys=0.00, real=0.00 secs] 
2024-03-31T19:51:55.118+0800: 1167.133: [GC (CMS Final Remark) [YG occupancy: 90162 K (117952 K)]2024-03-31T19:51:55.118+0800: 1167.133: [Rescan (non-parallel) 2024-03-31T19:51:55.118+0800: 1167.134: [grey object rescan, 0.0001691 secs]2024-03-31T19:51:55.118+0800: 1167.134: [root rescan, 0.0634241 secs]2024-03-31T19:51:55.182+0800: 1167.198: [visit unhandled CLDs, 0.0002782 secs]2024-03-31T19:51:55.183+0800: 1167.198: [dirty klass scan, 0.0014748 secs], 0.0663101 secs]2024-03-31T19:51:55.184+0800: 1167.200: [weak refs processing, 0.0001549 secs]2024-03-31T19:51:55.185+0800: 1167.200: [class unloading, 0.0124060 secs]2024-03-31T19:51:55.197+0800: 1167.213: [scrub symbol table, 0.0105362 secs]2024-03-31T19:51:55.208+0800: 1167.224: [scrub string table, 0.0005208 secs][1 CMS-remark: 63K(64K)] 90226K(118016K), 0.0938081 secs] [Times: user=0.10 sys=0.00, real=0.09 secs] 
2024-03-31T19:51:55.212+0800: 1167.228: [CMS-concurrent-sweep-start]
2024-03-31T19:51:55.212+0800: 1167.228: [CMS-concurrent-sweep: 0.000/0.000 secs] [Times: user=0.00 sys=0.00, real=0.00 secs] 
2024-03-31T19:51:55.214+0800: 1167.229: [CMS-concurrent-reset-start]
2024-03-31T19:51:55.215+0800: 1167.230: [CMS-concurrent-reset: 0.000/0.000 secs] [Times: user=0.00 sys=0.00, real=0.00 secs] 
2024-03-31T19:51:57.228+0800: 1169.244: [GC (CMS Initial Mark) [1 CMS-initial-mark: 63K(64K)] 90549K(118016K), 0.1023823 secs] [Times: user=0.10 sys=0.00, real=0.10 secs] 
2024-03-31T19:51:57.331+0800: 1169.347: [CMS-concurrent-mark-start]
2024-03-31T19:51:57.332+0800: 1169.348: [CMS-concurrent-mark: 0.000/0.000 secs] [Times: user=0.00 sys=0.00, real=0.01 secs] 
2024-03-31T19:51:57.333+0800: 1169.349: [CMS-concurrent-preclean-start]
2024-03-31T19:51:57.335+0800: 1169.351: [CMS-concurrent-preclean: 0.001/0.001 secs] [Times: user=0.00 sys=0.00, real=0.00 secs] 
2024-03-31T19:51:57.336+0800: 1169.352: [CMS-concurrent-abortable-preclean-start]
2024-03-31T19:51:57.336+0800: 1169.352: [CMS-concurrent-abortable-preclean: 0.000/0.000 secs] [Times: user=0.00 sys=0.00, real=0.00 secs] 
2024-03-31T19:51:57.337+0800: 1169.353: [GC (CMS Final Remark) [YG occupancy: 90486 K (117952 K)]2024-03-31T19:51:57.337+0800: 1169.353: [Rescan (non-parallel) 2024-03-31T19:51:57.338+0800: 1169.353: [grey object rescan, 0.0000982 secs]2024-03-31T19:51:57.338+0800: 1169.353: [root rescan, 0.0632906 secs]2024-03-31T19:51:57.401+0800: 1169.417: [visit unhandled CLDs, 0.0001914 secs]2024-03-31T19:51:57.402+0800: 1169.417: [dirty klass scan, 0.0015424 secs], 0.0658670 secs]2024-03-31T19:51:57.403+0800: 1169.419: [weak refs processing, 0.0001510 secs]2024-03-31T19:51:57.404+0800: 1169.419: [class unloading, 0.0123193 secs]2024-03-31T19:51:57.416+0800: 1169.432: [scrub symbol table, 0.0116611 secs]2024-03-31T19:51:57.428+0800: 1169.444: [scrub string table, 0.0005568 secs][1 CMS-remark: 63K(64K)] 90549K(118016K), 0.0941697 secs] [Times: user=0.09 sys=0.00, real=0.09 secs] 
2024-03-31T19:51:57.432+0800: 1169.448: [CMS-concurrent-sweep-start]
2024-03-31T19:51:57.432+0800: 1169.448: [CMS-concurrent-sweep: 0.000/0.000 secs] [Times: user=0.00 sys=0.00, real=0.00 secs] 
2024-03-31T19:51:57.432+0800: 1169.448: [CMS-concurrent-reset-start]
2024-03-31T19:51:57.432+0800: 1169.448: [CMS-concurrent-reset: 0.000/0.000 secs] [Times: user=0.00 sys=0.00, real=0.00 secs] 
2024-03-31T19:51:59.442+0800: 1171.458: [GC (CMS Initial Mark) [1 CMS-initial-mark: 63K(64K)] 90699K(118016K), 0.1179075 secs] [Times: user=0.11 sys=0.00, real=0.12 secs] 
2024-03-31T19:51:59.559+0800: 1171.575: [CMS-concurrent-mark-start]
2024-03-31T19:51:59.560+0800: 1171.575: [CMS-concurrent-mark: 0.000/0.000 secs] [Times: user=0.00 sys=0.00, real=0.00 secs] 
2024-03-31T19:51:59.561+0800: 1171.576: [CMS-concurrent-preclean-start]
2024-03-31T19:51:59.562+0800: 1171.578: [CMS-concurrent-preclean: 0.001/0.001 secs] [Times: user=0.01 sys=0.00, real=0.01 secs] 
2024-03-31T19:51:59.562+0800: 1171.578: [CMS-concurrent-abortable-preclean-start]
2024-03-31T19:51:59.562+0800: 1171.578: [CMS-concurrent-abortable-preclean: 0.000/0.000 secs] [Times: user=0.00 sys=0.00, real=0.00 secs] 
2024-03-31T19:51:59.563+0800: 1171.579: [GC (CMS Final Remark) [YG occupancy: 90635 K (117952 K)]2024-03-31T19:51:59.563+0800: 1171.579: [Rescan (non-parallel) 2024-03-31T19:51:59.563+0800: 1171.579: [grey object rescan, 0.0001702 secs]2024-03-31T19:51:59.564+0800: 1171.579: [root rescan, 0.0614452 secs]2024-03-31T19:51:59.625+0800: 1171.641: [visit unhandled CLDs, 0.0001880 secs]2024-03-31T19:51:59.626+0800: 1171.641: [dirty klass scan, 0.0012460 secs], 0.0636694 secs]2024-03-31T19:51:59.627+0800: 1171.643: [weak refs processing, 0.0001362 secs]2024-03-31T19:51:59.627+0800: 1171.643: [class unloading, 0.0112346 secs]2024-03-31T19:51:59.639+0800: 1171.654: [scrub symbol table, 0.0098428 secs]2024-03-31T19:51:59.649+0800: 1171.664: [scrub string table, 0.0005075 secs][1 CMS-remark: 63K(64K)] 90699K(118016K), 0.0888218 secs] [Times: user=0.09 sys=0.00, real=0.09 secs] 
2024-03-31T19:51:59.653+0800: 1171.668: [CMS-concurrent-sweep-start]
2024-03-31T19:51:59.653+0800: 1171.668: [CMS-concurrent-sweep: 0.000/0.000 secs] [Times: user=0.00 sys=0.00, real=0.00 secs] 
2024-03-31T19:51:59.653+0800: 1171.669: [CMS-concurrent-reset-start]
2024-03-31T19:51:59.654+0800: 1171.669: [CMS-concurrent-reset: 0.000/0.000 secs] [Times: user=0.00 sys=0.00, real=0.00 secs] 
2024-03-31T19:52:01.655+0800: 1173.671: [GC (CMS Initial Mark) [1 CMS-initial-mark: 63K(64K)] 91030K(118016K), 0.0604822 secs] [Times: user=0.06 sys=0.00, real=0.06 secs] 
2024-03-31T19:52:01.717+0800: 1173.732: [CMS-concurrent-mark-start]
2024-03-31T19:52:01.717+0800: 1173.733: [CMS-concurrent-mark: 0.000/0.000 secs] [Times: user=0.01 sys=0.00, real=0.00 secs] 
2024-03-31T19:52:01.717+0800: 1173.733: [CMS-concurrent-preclean-start]
2024-03-31T19:52:01.718+0800: 1173.734: [CMS-concurrent-preclean: 0.001/0.001 secs] [Times: user=0.00 sys=0.00, real=0.00 secs] 
2024-03-31T19:52:01.719+0800: 1173.734: [CMS-concurrent-abortable-preclean-start]
2024-03-31T19:52:01.719+0800: 1173.734: [CMS-concurrent-abortable-preclean: 0.000/0.000 secs] [Times: user=0.00 sys=0.00, real=0.00 secs] 
2024-03-31T19:52:01.719+0800: 1173.735: [GC (CMS Final Remark) [YG occupancy: 90998 K (117952 K)]2024-03-31T19:52:01.719+0800: 1173.735: [Rescan (non-parallel) 2024-03-31T19:52:01.720+0800: 1173.735: [grey object rescan, 0.0000993 secs]2024-03-31T19:52:01.720+0800: 1173.735: [root rescan, 0.0620510 secs]2024-03-31T19:52:01.782+0800: 1173.798: [visit unhandled CLDs, 0.0001523 secs]2024-03-31T19:52:01.782+0800: 1173.798: [dirty klass scan, 0.0011864 secs], 0.0641083 secs]2024-03-31T19:52:01.784+0800: 1173.799: [weak refs processing, 0.0001528 secs]2024-03-31T19:52:01.784+0800: 1173.800: [class unloading, 0.0115643 secs]2024-03-31T19:52:01.796+0800: 1173.811: [scrub symbol table, 0.0095470 secs]2024-03-31T19:52:01.805+0800: 1173.821: [scrub string table, 0.0005227 secs][1 CMS-remark: 63K(64K)] 91061K(118016K), 0.0893173 secs] [Times: user=0.09 sys=0.00, real=0.09 secs] 
2024-03-31T19:52:01.810+0800: 1173.825: [CMS-concurrent-sweep-start]
2024-03-31T19:52:01.810+0800: 1173.826: [CMS-concurrent-sweep: 0.000/0.000 secs] [Times: user=0.00 sys=0.00, real=0.00 secs] 
2024-03-31T19:52:01.811+0800: 1173.827: [CMS-concurrent-reset-start]
2024-03-31T19:52:01.811+0800: 1173.827: [CMS-concurrent-reset: 0.000/0.000 secs] [Times: user=0.00 sys=0.00, real=0.00 secs] 
2024-03-31T19:52:03.820+0800: 1175.836: [GC (CMS Initial Mark) [1 CMS-initial-mark: 63K(64K)] 91294K(118016K), 0.1019096 secs] [Times: user=0.10 sys=0.00, real=0.11 secs] 
2024-03-31T19:52:03.923+0800: 1175.939: [CMS-concurrent-mark-start]
2024-03-31T19:52:03.924+0800: 1175.939: [CMS-concurrent-mark: 0.000/0.000 secs] [Times: user=0.00 sys=0.00, real=0.00 secs] 
2024-03-31T19:52:03.924+0800: 1175.940: [CMS-concurrent-preclean-start]
2024-03-31T19:52:03.925+0800: 1175.941: [CMS-concurrent-preclean: 0.001/0.001 secs] [Times: user=0.00 sys=0.00, real=0.00 secs] 
2024-03-31T19:52:03.926+0800: 1175.941: [CMS-concurrent-abortable-preclean-start]
2024-03-31T19:52:03.926+0800: 1175.941: [CMS-concurrent-abortable-preclean: 0.000/0.000 secs] [Times: user=0.00 sys=0.00, real=0.00 secs] 
2024-03-31T19:52:03.926+0800: 1175.942: [GC (CMS Final Remark) [YG occupancy: 91231 K (117952 K)]2024-03-31T19:52:03.926+0800: 1175.942: [Rescan (non-parallel) 2024-03-31T19:52:03.927+0800: 1175.942: [grey object rescan, 0.0001280 secs]2024-03-31T19:52:03.927+0800: 1175.942: [root rescan, 0.0620838 secs]2024-03-31T19:52:03.989+0800: 1176.005: [visit unhandled CLDs, 0.0001519 secs]2024-03-31T19:52:03.989+0800: 1176.005: [dirty klass scan, 0.0012688 secs], 0.0643121 secs]2024-03-31T19:52:03.991+0800: 1176.006: [weak refs processing, 0.0001337 secs]2024-03-31T19:52:03.991+0800: 1176.007: [class unloading, 0.0111444 secs]2024-03-31T19:52:04.002+0800: 1176.018: [scrub symbol table, 0.0097353 secs]2024-03-31T19:52:04.012+0800: 1176.028: [scrub string table, 0.0005092 secs][1 CMS-remark: 63K(64K)] 91294K(118016K), 0.0892502 secs] [Times: user=0.09 sys=0.00, real=0.09 secs] 
2024-03-31T19:52:04.016+0800: 1176.032: [CMS-concurrent-sweep-start]
2024-03-31T19:52:04.016+0800: 1176.032: [CMS-concurrent-sweep: 0.000/0.000 secs] [Times: user=0.00 sys=0.00, real=0.00 secs] 
2024-03-31T19:52:04.017+0800: 1176.033: [CMS-concurrent-reset-start]
2024-03-31T19:52:04.018+0800: 1176.033: [CMS-concurrent-reset: 0.000/0.000 secs] [Times: user=0.00 sys=0.00, real=0.00 secs] 
2024-03-31T19:52:06.028+0800: 1178.044: [GC (CMS Initial Mark) [1 CMS-initial-mark: 63K(64K)] 91595K(118016K), 0.1037193 secs] [Times: user=0.10 sys=0.00, real=0.11 secs] 
2024-03-31T19:52:06.133+0800: 1178.149: [CMS-concurrent-mark-start]
2024-03-31T19:52:06.134+0800: 1178.150: [CMS-concurrent-mark: 0.000/0.000 secs] [Times: user=0.00 sys=0.01, real=0.00 secs] 
2024-03-31T19:52:06.135+0800: 1178.150: [CMS-concurrent-preclean-start]
2024-03-31T19:52:06.136+0800: 1178.152: [CMS-concurrent-preclean: 0.001/0.001 secs] [Times: user=0.00 sys=0.00, real=0.00 secs] 
2024-03-31T19:52:06.137+0800: 1178.152: [CMS-concurrent-abortable-preclean-start]
2024-03-31T19:52:06.137+0800: 1178.152: [CMS-concurrent-abortable-preclean: 0.000/0.000 secs] [Times: user=0.00 sys=0.00, real=0.00 secs] 
2024-03-31T19:52:06.137+0800: 1178.153: [GC (CMS Final Remark) [YG occupancy: 91531 K (117952 K)]2024-03-31T19:52:06.138+0800: 1178.153: [Rescan (non-parallel) 2024-03-31T19:52:06.138+0800: 1178.153: [grey object rescan, 0.0001000 secs]2024-03-31T19:52:06.138+0800: 1178.154: [root rescan, 0.0621732 secs]2024-03-31T19:52:06.200+0800: 1178.216: [visit unhandled CLDs, 0.0001589 secs]2024-03-31T19:52:06.200+0800: 1178.216: [dirty klass scan, 0.0012900 secs], 0.0643550 secs]2024-03-31T19:52:06.202+0800: 1178.218: [weak refs processing, 0.0001390 secs]2024-03-31T19:52:06.202+0800: 1178.218: [class unloading, 0.0111317 secs]2024-03-31T19:52:06.214+0800: 1178.229: [scrub symbol table, 0.0096422 secs]2024-03-31T19:52:06.223+0800: 1178.239: [scrub string table, 0.0005116 secs][1 CMS-remark: 63K(64K)] 91595K(118016K), 0.0892305 secs] [Times: user=0.09 sys=0.00, real=0.09 secs] 
2024-03-31T19:52:06.227+0800: 1178.243: [CMS-concurrent-sweep-start]
2024-03-31T19:52:06.228+0800: 1178.244: [CMS-concurrent-sweep: 0.000/0.000 secs] [Times: user=0.00 sys=0.00, real=0.00 secs] 
2024-03-31T19:52:06.229+0800: 1178.244: [CMS-concurrent-reset-start]
2024-03-31T19:52:06.229+0800: 1178.245: [CMS-concurrent-reset: 0.000/0.000 secs] [Times: user=0.00 sys=0.00, real=0.00 secs] 
2024-03-31T19:52:08.238+0800: 1180.254: [GC (CMS Initial Mark) [1 CMS-initial-mark: 63K(64K)] 91847K(118016K), 0.1031795 secs] [Times: user=0.10 sys=0.00, real=0.10 secs] 
2024-03-31T19:52:08.342+0800: 1180.358: [CMS-concurrent-mark-start]
2024-03-31T19:52:08.343+0800: 1180.359: [CMS-concurrent-mark: 0.000/0.000 secs] [Times: user=0.00 sys=0.00, real=0.00 secs] 
2024-03-31T19:52:08.344+0800: 1180.360: [CMS-concurrent-preclean-start]
2024-03-31T19:52:08.346+0800: 1180.361: [CMS-concurrent-preclean: 0.001/0.001 secs] [Times: user=0.00 sys=0.00, real=0.00 secs] 
2024-03-31T19:52:08.346+0800: 1180.362: [CMS-concurrent-abortable-preclean-start]
2024-03-31T19:52:08.347+0800: 1180.362: [CMS-concurrent-abortable-preclean: 0.000/0.000 secs] [Times: user=0.00 sys=0.00, real=0.00 secs] 
2024-03-31T19:52:08.347+0800: 1180.363: [GC (CMS Final Remark) [YG occupancy: 91818 K (117952 K)]2024-03-31T19:52:08.348+0800: 1180.363: [Rescan (non-parallel) 2024-03-31T19:52:08.348+0800: 1180.363: [grey object rescan, 0.0001118 secs]2024-03-31T19:52:08.348+0800: 1180.364: [root rescan, 0.0620943 secs]2024-03-31T19:52:08.410+0800: 1180.426: [visit unhandled CLDs, 0.0001590 secs]2024-03-31T19:52:08.410+0800: 1180.426: [dirty klass scan, 0.0012340 secs], 0.0642712 secs]2024-03-31T19:52:08.412+0800: 1180.428: [weak refs processing, 0.0001394 secs]2024-03-31T19:52:08.412+0800: 1180.428: [class unloading, 0.0111452 secs]2024-03-31T19:52:08.424+0800: 1180.439: [scrub symbol table, 0.0096743 secs]2024-03-31T19:52:08.433+0800: 1180.449: [scrub string table, 0.0005147 secs][1 CMS-remark: 63K(64K)] 91882K(118016K), 0.0893644 secs] [Times: user=0.09 sys=0.00, real=0.09 secs] 
2024-03-31T19:52:08.437+0800: 1180.453: [CMS-concurrent-sweep-start]
2024-03-31T19:52:08.438+0800: 1180.453: [CMS-concurrent-sweep: 0.000/0.000 secs] [Times: user=0.00 sys=0.00, real=0.00 secs] 
2024-03-31T19:52:08.439+0800: 1180.454: [CMS-concurrent-reset-start]
2024-03-31T19:52:08.439+0800: 1180.455: [CMS-concurrent-reset: 0.000/0.000 secs] [Times: user=0.00 sys=0.00, real=0.00 secs] 
2024-03-31T19:52:10.450+0800: 1182.466: [GC (CMS Initial Mark) [1 CMS-initial-mark: 63K(64K)] 92135K(118016K), 0.1052051 secs] [Times: user=0.10 sys=0.00, real=0.11 secs] 
2024-03-31T19:52:10.554+0800: 1182.570: [CMS-concurrent-mark-start]
2024-03-31T19:52:10.555+0800: 1182.571: [CMS-concurrent-mark: 0.000/0.000 secs] [Times: user=0.00 sys=0.00, real=0.00 secs] 
2024-03-31T19:52:10.557+0800: 1182.573: [CMS-concurrent-preclean-start]
2024-03-31T19:52:10.559+0800: 1182.575: [CMS-concurrent-preclean: 0.001/0.001 secs] [Times: user=0.01 sys=0.00, real=0.00 secs] 
2024-03-31T19:52:10.561+0800: 1182.576: [CMS-concurrent-abortable-preclean-start]
2024-03-31T19:52:10.562+0800: 1182.577: [CMS-concurrent-abortable-preclean: 0.000/0.000 secs] [Times: user=0.00 sys=0.00, real=0.00 secs] 
2024-03-31T19:52:10.563+0800: 1182.579: [GC (CMS Final Remark) [YG occupancy: 92077 K (117952 K)]2024-03-31T19:52:10.563+0800: 1182.579: [Rescan (non-parallel) 2024-03-31T19:52:10.564+0800: 1182.579: [grey object rescan, 0.0001098 secs]2024-03-31T19:52:10.564+0800: 1182.580: [root rescan, 0.0645990 secs]2024-03-31T19:52:10.629+0800: 1182.644: [visit unhandled CLDs, 0.0001894 secs]2024-03-31T19:52:10.629+0800: 1182.645: [dirty klass scan, 0.0013352 secs], 0.0669366 secs]2024-03-31T19:52:10.630+0800: 1182.646: [weak refs processing, 0.0001486 secs]2024-03-31T19:52:10.631+0800: 1182.646: [class unloading, 0.0120537 secs]2024-03-31T19:52:10.643+0800: 1182.659: [scrub symbol table, 0.0096518 secs]2024-03-31T19:52:10.653+0800: 1182.668: [scrub string table, 0.0004912 secs][1 CMS-remark: 63K(64K)] 92141K(118016K), 0.0927114 secs] [Times: user=0.09 sys=0.00, real=0.09 secs] 
2024-03-31T19:52:10.657+0800: 1182.672: [CMS-concurrent-sweep-start]
2024-03-31T19:52:10.657+0800: 1182.673: [CMS-concurrent-sweep: 0.000/0.000 secs] [Times: user=0.00 sys=0.00, real=0.00 secs] 
2024-03-31T19:52:10.658+0800: 1182.673: [CMS-concurrent-reset-start]
2024-03-31T19:52:10.658+0800: 1182.674: [CMS-concurrent-reset: 0.000/0.000 secs] [Times: user=0.00 sys=0.00, real=0.00 secs] 
2024-03-31T19:52:12.667+0800: 1184.682: [GC (CMS Initial Mark) [1 CMS-initial-mark: 63K(64K)] 92328K(118016K), 0.1062537 secs] [Times: user=0.11 sys=0.00, real=0.11 secs] 
2024-03-31T19:52:12.774+0800: 1184.789: [CMS-concurrent-mark-start]
2024-03-31T19:52:12.774+0800: 1184.790: [CMS-concurrent-mark: 0.000/0.000 secs] [Times: user=0.00 sys=0.00, real=0.00 secs] 
2024-03-31T19:52:12.775+0800: 1184.791: [CMS-concurrent-preclean-start]
2024-03-31T19:52:12.777+0800: 1184.792: [CMS-concurrent-preclean: 0.001/0.001 secs] [Times: user=0.00 sys=0.00, real=0.00 secs] 
2024-03-31T19:52:12.777+0800: 1184.793: [CMS-concurrent-abortable-preclean-start]
2024-03-31T19:52:12.777+0800: 1184.793: [CMS-concurrent-abortable-preclean: 0.000/0.000 secs] [Times: user=0.00 sys=0.00, real=0.00 secs] 
2024-03-31T19:52:12.778+0800: 1184.794: [GC (CMS Final Remark) [YG occupancy: 92264 K (117952 K)]2024-03-31T19:52:12.778+0800: 1184.794: [Rescan (non-parallel) 2024-03-31T19:52:12.779+0800: 1184.794: [grey object rescan, 0.0001036 secs]2024-03-31T19:52:12.779+0800: 1184.795: [root rescan, 0.0629430 secs]2024-03-31T19:52:12.842+0800: 1184.858: [visit unhandled CLDs, 0.0001614 secs]2024-03-31T19:52:12.842+0800: 1184.858: [dirty klass scan, 0.0011944 secs], 0.0650761 secs]2024-03-31T19:52:12.844+0800: 1184.859: [weak refs processing, 0.0001325 secs]2024-03-31T19:52:12.844+0800: 1184.860: [class unloading, 0.0112696 secs]2024-03-31T19:52:12.855+0800: 1184.871: [scrub symbol table, 0.0097360 secs]2024-03-31T19:52:12.865+0800: 1184.881: [scrub string table, 0.0005290 secs][1 CMS-remark: 63K(64K)] 92328K(118016K), 0.0901791 secs] [Times: user=0.09 sys=0.00, real=0.09 secs] 
2024-03-31T19:52:12.869+0800: 1184.885: [CMS-concurrent-sweep-start]
2024-03-31T19:52:12.869+0800: 1184.885: [CMS-concurrent-sweep: 0.000/0.000 secs] [Times: user=0.00 sys=0.00, real=0.00 secs] 
2024-03-31T19:52:12.869+0800: 1184.885: [CMS-concurrent-reset-start]
2024-03-31T19:52:12.869+0800: 1184.885: [CMS-concurrent-reset: 0.000/0.000 secs] [Times: user=0.00 sys=0.00, real=0.00 secs] 
2024-03-31T19:52:14.876+0800: 1186.891: [GC (CMS Initial Mark) [1 CMS-initial-mark: 63K(64K)] 92452K(118016K), 0.1049403 secs] [Times: user=0.10 sys=0.00, real=0.10 secs] 
2024-03-31T19:52:15.032+0800: 1187.048: [CMS-concurrent-mark-start]
2024-03-31T19:52:15.033+0800: 1187.049: [CMS-concurrent-mark: 0.000/0.000 secs] [Times: user=0.06 sys=0.00, real=0.06 secs] 
2024-03-31T19:52:15.034+0800: 1187.050: [CMS-concurrent-preclean-start]
2024-03-31T19:52:15.036+0800: 1187.052: [CMS-concurrent-preclean: 0.001/0.001 secs] [Times: user=0.00 sys=0.00, real=0.00 secs] 
2024-03-31T19:52:15.036+0800: 1187.052: [CMS-concurrent-abortable-preclean-start]
2024-03-31T19:52:15.036+0800: 1187.052: [CMS-concurrent-abortable-preclean: 0.000/0.000 secs] [Times: user=0.00 sys=0.00, real=0.00 secs] 
2024-03-31T19:52:15.037+0800: 1187.053: [GC (CMS Final Remark) [YG occupancy: 92388 K (117952 K)]2024-03-31T19:52:15.037+0800: 1187.053: [Rescan (non-parallel) 2024-03-31T19:52:15.037+0800: 1187.053: [grey object rescan, 0.0001211 secs]2024-03-31T19:52:15.038+0800: 1187.053: [root rescan, 0.0628781 secs]2024-03-31T19:52:15.101+0800: 1187.117: [visit unhandled CLDs, 0.0001748 secs]2024-03-31T19:52:15.101+0800: 1187.117: [dirty klass scan, 0.0012378 secs], 0.0650790 secs]2024-03-31T19:52:15.102+0800: 1187.118: [weak refs processing, 0.0001486 secs]2024-03-31T19:52:15.103+0800: 1187.118: [class unloading, 0.0110938 secs]2024-03-31T19:52:15.114+0800: 1187.130: [scrub symbol table, 0.0098336 secs]2024-03-31T19:52:15.124+0800: 1187.140: [scrub string table, 0.0005153 secs][1 CMS-remark: 63K(64K)] 92452K(118016K), 0.0901478 secs] [Times: user=0.09 sys=0.00, real=0.09 secs] 
2024-03-31T19:52:15.128+0800: 1187.144: [CMS-concurrent-sweep-start]
2024-03-31T19:52:15.128+0800: 1187.144: [CMS-concurrent-sweep: 0.000/0.000 secs] [Times: user=0.00 sys=0.00, real=0.00 secs] 
2024-03-31T19:52:15.129+0800: 1187.144: [CMS-concurrent-reset-start]
2024-03-31T19:52:15.129+0800: 1187.145: [CMS-concurrent-reset: 0.000/0.000 secs] [Times: user=0.00 sys=0.00, real=0.00 secs] 
2024-03-31T19:52:17.134+0800: 1189.150: [GC (CMS Initial Mark) [1 CMS-initial-mark: 63K(64K)] 92858K(118016K), 0.0723443 secs] [Times: user=0.08 sys=0.00, real=0.07 secs] 
2024-03-31T19:52:17.207+0800: 1189.223: [CMS-concurrent-mark-start]
2024-03-31T19:52:17.208+0800: 1189.224: [CMS-concurrent-mark: 0.000/0.000 secs] [Times: user=0.00 sys=0.00, real=0.00 secs] 
2024-03-31T19:52:17.209+0800: 1189.225: [CMS-concurrent-preclean-start]
2024-03-31T19:52:17.211+0800: 1189.226: [CMS-concurrent-preclean: 0.001/0.001 secs] [Times: user=0.00 sys=0.00, real=0.00 secs] 
2024-03-31T19:52:17.211+0800: 1189.227: [CMS-concurrent-abortable-preclean-start]
2024-03-31T19:52:17.211+0800: 1189.227: [CMS-concurrent-abortable-preclean: 0.000/0.000 secs] [Times: user=0.00 sys=0.00, real=0.00 secs] 
2024-03-31T19:52:17.212+0800: 1189.227: [GC (CMS Final Remark) [YG occupancy: 92794 K (117952 K)]2024-03-31T19:52:17.212+0800: 1189.228: [Rescan (non-parallel) 2024-03-31T19:52:17.212+0800: 1189.228: [grey object rescan, 0.0001615 secs]2024-03-31T19:52:17.212+0800: 1189.228: [root rescan, 0.0650296 secs]2024-03-31T19:52:17.278+0800: 1189.294: [visit unhandled CLDs, 0.0003028 secs]2024-03-31T19:52:17.278+0800: 1189.294: [dirty klass scan, 0.0015455 secs], 0.0678719 secs]2024-03-31T19:52:17.280+0800: 1189.296: [weak refs processing, 0.0001592 secs]2024-03-31T19:52:17.280+0800: 1189.296: [class unloading, 0.0120888 secs]2024-03-31T19:52:17.293+0800: 1189.308: [scrub symbol table, 0.0108344 secs]2024-03-31T19:52:17.303+0800: 1189.319: [scrub string table, 0.0005408 secs][1 CMS-remark: 63K(64K)] 92858K(118016K), 0.0952328 secs] [Times: user=0.09 sys=0.00, real=0.10 secs] 
2024-03-31T19:52:17.307+0800: 1189.323: [CMS-concurrent-sweep-start]
2024-03-31T19:52:17.308+0800: 1189.323: [CMS-concurrent-sweep: 0.000/0.000 secs] [Times: user=0.00 sys=0.00, real=0.00 secs] 
2024-03-31T19:52:17.308+0800: 1189.323: [CMS-concurrent-reset-start]
2024-03-31T19:52:17.308+0800: 1189.323: [CMS-concurrent-reset: 0.000/0.000 secs] [Times: user=0.00 sys=0.00, real=0.00 secs] 
2024-03-31T19:52:19.314+0800: 1191.330: [GC (CMS Initial Mark) [1 CMS-initial-mark: 63K(64K)] 93002K(118016K), 0.0860659 secs] [Times: user=0.09 sys=0.00, real=0.08 secs] 
2024-03-31T19:52:19.401+0800: 1191.417: [CMS-concurrent-mark-start]
2024-03-31T19:52:19.402+0800: 1191.418: [CMS-concurrent-mark: 0.000/0.000 secs] [Times: user=0.00 sys=0.00, real=0.01 secs] 
2024-03-31T19:52:19.403+0800: 1191.419: [CMS-concurrent-preclean-start]
2024-03-31T19:52:19.406+0800: 1191.422: [CMS-concurrent-preclean: 0.001/0.001 secs] [Times: user=0.01 sys=0.00, real=0.00 secs] 
2024-03-31T19:52:19.407+0800: 1191.422: [CMS-concurrent-abortable-preclean-start]
2024-03-31T19:52:19.407+0800: 1191.423: [CMS-concurrent-abortable-preclean: 0.000/0.000 secs] [Times: user=0.00 sys=0.00, real=0.00 secs] 
2024-03-31T19:52:19.408+0800: 1191.424: [GC (CMS Final Remark) [YG occupancy: 92938 K (117952 K)]2024-03-31T19:52:19.408+0800: 1191.424: [Rescan (non-parallel) 2024-03-31T19:52:19.408+0800: 1191.424: [grey object rescan, 0.0001130 secs]2024-03-31T19:52:19.409+0800: 1191.424: [root rescan, 0.0677880 secs]2024-03-31T19:52:19.477+0800: 1191.492: [visit unhandled CLDs, 0.0002593 secs]2024-03-31T19:52:19.477+0800: 1191.493: [dirty klass scan, 0.0015243 secs], 0.0705300 secs]2024-03-31T19:52:19.479+0800: 1191.495: [weak refs processing, 0.0002416 secs]2024-03-31T19:52:19.479+0800: 1191.495: [class unloading, 0.0154945 secs]2024-03-31T19:52:19.495+0800: 1191.511: [scrub symbol table, 0.0140738 secs]2024-03-31T19:52:19.509+0800: 1191.525: [scrub string table, 0.0009645 secs][1 CMS-remark: 63K(64K)] 93002K(118016K), 0.1050706 secs] [Times: user=0.10 sys=0.00, real=0.11 secs] 
2024-03-31T19:52:19.514+0800: 1191.530: [CMS-concurrent-sweep-start]
2024-03-31T19:52:19.515+0800: 1191.530: [CMS-concurrent-sweep: 0.000/0.000 secs] [Times: user=0.00 sys=0.00, real=0.00 secs] 
2024-03-31T19:52:19.516+0800: 1191.532: [CMS-concurrent-reset-start]
2024-03-31T19:52:19.517+0800: 1191.533: [CMS-concurrent-reset: 0.000/0.000 secs] [Times: user=0.01 sys=0.00, real=0.00 secs] 
2024-03-31T19:52:21.534+0800: 1193.550: [GC (CMS Initial Mark) [1 CMS-initial-mark: 63K(64K)] 93220K(118016K), 0.0922856 secs] [Times: user=0.09 sys=0.00, real=0.09 secs] 
2024-03-31T19:52:21.627+0800: 1193.643: [CMS-concurrent-mark-start]
2024-03-31T19:52:21.628+0800: 1193.643: [CMS-concurrent-mark: 0.000/0.000 secs] [Times: user=0.00 sys=0.00, real=0.00 secs] 
2024-03-31T19:52:21.629+0800: 1193.645: [CMS-concurrent-preclean-start]
2024-03-31T19:52:21.631+0800: 1193.647: [CMS-concurrent-preclean: 0.001/0.001 secs] [Times: user=0.01 sys=0.00, real=0.00 secs] 
2024-03-31T19:52:21.633+0800: 1193.648: [CMS-concurrent-abortable-preclean-start]
2024-03-31T19:52:21.634+0800: 1193.650: [CMS-concurrent-abortable-preclean: 0.000/0.000 secs] [Times: user=0.00 sys=0.00, real=0.01 secs] 
2024-03-31T19:52:21.637+0800: 1193.652: [GC (CMS Final Remark) [YG occupancy: 93159 K (117952 K)]2024-03-31T19:52:21.637+0800: 1193.652: [Rescan (non-parallel) 2024-03-31T19:52:21.637+0800: 1193.653: [grey object rescan, 0.0001164 secs]2024-03-31T19:52:21.637+0800: 1193.653: [root rescan, 0.0637453 secs]2024-03-31T19:52:21.701+0800: 1193.717: [visit unhandled CLDs, 0.0001442 secs]2024-03-31T19:52:21.701+0800: 1193.717: [dirty klass scan, 0.0013237 secs], 0.0659815 secs]2024-03-31T19:52:21.703+0800: 1193.719: [weak refs processing, 0.0002605 secs]2024-03-31T19:52:21.703+0800: 1193.719: [class unloading, 0.0161923 secs]2024-03-31T19:52:21.720+0800: 1193.735: [scrub symbol table, 0.0119718 secs]2024-03-31T19:52:21.732+0800: 1193.748: [scrub string table, 0.0005423 secs][1 CMS-remark: 63K(64K)] 93223K(118016K), 0.0987516 secs] [Times: user=0.10 sys=0.00, real=0.10 secs] 
2024-03-31T19:52:21.736+0800: 1193.752: [CMS-concurrent-sweep-start]
2024-03-31T19:52:21.737+0800: 1193.753: [CMS-concurrent-sweep: 0.000/0.000 secs] [Times: user=0.00 sys=0.00, real=0.00 secs] 
2024-03-31T19:52:21.739+0800: 1193.754: [CMS-concurrent-reset-start]
2024-03-31T19:52:21.740+0800: 1193.755: [CMS-concurrent-reset: 0.000/0.000 secs] [Times: user=0.00 sys=0.00, real=0.00 secs] 
2024-03-31T19:52:23.746+0800: 1195.761: [GC (CMS Initial Mark) [1 CMS-initial-mark: 63K(64K)] 93470K(118016K), 0.0880045 secs] [Times: user=0.09 sys=0.00, real=0.09 secs] 
2024-03-31T19:52:23.835+0800: 1195.850: [CMS-concurrent-mark-start]
2024-03-31T19:52:23.835+0800: 1195.851: [CMS-concurrent-mark: 0.000/0.000 secs] [Times: user=0.00 sys=0.00, real=0.00 secs] 
2024-03-31T19:52:23.836+0800: 1195.852: [CMS-concurrent-preclean-start]
2024-03-31T19:52:23.838+0800: 1195.854: [CMS-concurrent-preclean: 0.002/0.002 secs] [Times: user=0.01 sys=0.00, real=0.00 secs] 
2024-03-31T19:52:23.839+0800: 1195.855: [CMS-concurrent-abortable-preclean-start]
2024-03-31T19:52:23.839+0800: 1195.855: [CMS-concurrent-abortable-preclean: 0.000/0.000 secs] [Times: user=0.00 sys=0.00, real=0.00 secs] 
2024-03-31T19:52:23.841+0800: 1195.856: [GC (CMS Final Remark) [YG occupancy: 93406 K (117952 K)]2024-03-31T19:52:23.841+0800: 1195.856: [Rescan (non-parallel) 2024-03-31T19:52:23.841+0800: 1195.857: [grey object rescan, 0.0001526 secs]2024-03-31T19:52:23.841+0800: 1195.857: [root rescan, 0.0687517 secs]2024-03-31T19:52:23.910+0800: 1195.926: [visit unhandled CLDs, 0.0001932 secs]2024-03-31T19:52:23.911+0800: 1195.926: [dirty klass scan, 0.0016650 secs], 0.0715419 secs]2024-03-31T19:52:23.912+0800: 1195.928: [weak refs processing, 0.0002213 secs]2024-03-31T19:52:23.913+0800: 1195.928: [class unloading, 0.0158922 secs]2024-03-31T19:52:23.929+0800: 1195.945: [scrub symbol table, 0.0113671 secs]2024-03-31T19:52:23.941+0800: 1195.956: [scrub string table, 0.0006158 secs][1 CMS-remark: 63K(64K)] 93470K(118016K), 0.1036725 secs] [Times: user=0.10 sys=0.00, real=0.11 secs] 
2024-03-31T19:52:23.945+0800: 1195.961: [CMS-concurrent-sweep-start]
2024-03-31T19:52:23.946+0800: 1195.961: [CMS-concurrent-sweep: 0.000/0.000 secs] [Times: user=0.00 sys=0.00, real=0.00 secs] 
2024-03-31T19:52:23.947+0800: 1195.963: [CMS-concurrent-reset-start]
2024-03-31T19:52:23.948+0800: 1195.964: [CMS-concurrent-reset: 0.000/0.000 secs] [Times: user=0.00 sys=0.01, real=0.00 secs] 
2024-03-31T19:52:25.953+0800: 1197.969: [GC (CMS Initial Mark) [1 CMS-initial-mark: 63K(64K)] 93711K(118016K), 0.0886366 secs] [Times: user=0.08 sys=0.00, real=0.09 secs] 
2024-03-31T19:52:26.043+0800: 1198.059: [CMS-concurrent-mark-start]
2024-03-31T19:52:26.044+0800: 1198.060: [CMS-concurrent-mark: 0.000/0.000 secs] [Times: user=0.01 sys=0.00, real=0.00 secs] 
2024-03-31T19:52:26.045+0800: 1198.061: [CMS-concurrent-preclean-start]
2024-03-31T19:52:26.048+0800: 1198.063: [CMS-concurrent-preclean: 0.001/0.001 secs] [Times: user=0.00 sys=0.00, real=0.00 secs] 
2024-03-31T19:52:26.049+0800: 1198.065: [CMS-concurrent-abortable-preclean-start]
2024-03-31T19:52:26.050+0800: 1198.065: [CMS-concurrent-abortable-preclean: 0.000/0.000 secs] [Times: user=0.00 sys=0.00, real=0.00 secs] 
2024-03-31T19:52:26.051+0800: 1198.067: [GC (CMS Final Remark) [YG occupancy: 93653 K (117952 K)]2024-03-31T19:52:26.051+0800: 1198.067: [Rescan (non-parallel) 2024-03-31T19:52:26.051+0800: 1198.067: [grey object rescan, 0.0001295 secs]2024-03-31T19:52:26.051+0800: 1198.067: [root rescan, 0.0680001 secs]2024-03-31T19:52:26.120+0800: 1198.136: [visit unhandled CLDs, 0.0002438 secs]2024-03-31T19:52:26.120+0800: 1198.136: [dirty klass scan, 0.0018178 secs], 0.0710826 secs]2024-03-31T19:52:26.122+0800: 1198.138: [weak refs processing, 0.0001753 secs]2024-03-31T19:52:26.122+0800: 1198.138: [class unloading, 0.0176858 secs]2024-03-31T19:52:26.140+0800: 1198.156: [scrub symbol table, 0.0138238 secs]2024-03-31T19:52:26.155+0800: 1198.170: [scrub string table, 0.0005641 secs][1 CMS-remark: 63K(64K)] 93717K(118016K), 0.1072105 secs] [Times: user=0.11 sys=0.00, real=0.11 secs] 
2024-03-31T19:52:26.159+0800: 1198.175: [CMS-concurrent-sweep-start]
2024-03-31T19:52:26.160+0800: 1198.176: [CMS-concurrent-sweep: 0.000/0.000 secs] [Times: user=0.00 sys=0.00, real=0.00 secs] 
2024-03-31T19:52:26.161+0800: 1198.177: [CMS-concurrent-reset-start]
2024-03-31T19:52:26.162+0800: 1198.178: [CMS-concurrent-reset: 0.000/0.000 secs] [Times: user=0.00 sys=0.00, real=0.01 secs] 
2024-03-31T19:52:28.168+0800: 1200.184: [GC (CMS Initial Mark) [1 CMS-initial-mark: 63K(64K)] 93882K(118016K), 0.1055603 secs] [Times: user=0.10 sys=0.00, real=0.11 secs] 
2024-03-31T19:52:28.274+0800: 1200.290: [CMS-concurrent-mark-start]
2024-03-31T19:52:28.275+0800: 1200.291: [CMS-concurrent-mark: 0.000/0.000 secs] [Times: user=0.00 sys=0.00, real=0.00 secs] 
2024-03-31T19:52:28.276+0800: 1200.291: [CMS-concurrent-preclean-start]
2024-03-31T19:52:28.278+0800: 1200.293: [CMS-concurrent-preclean: 0.001/0.001 secs] [Times: user=0.01 sys=0.00, real=0.00 secs] 
2024-03-31T19:52:28.278+0800: 1200.294: [CMS-concurrent-abortable-preclean-start]
2024-03-31T19:52:28.279+0800: 1200.295: [CMS-concurrent-abortable-preclean: 0.000/0.000 secs] [Times: user=0.00 sys=0.00, real=0.00 secs] 
2024-03-31T19:52:28.280+0800: 1200.295: [GC (CMS Final Remark) [YG occupancy: 93818 K (117952 K)]2024-03-31T19:52:28.280+0800: 1200.295: [Rescan (non-parallel) 2024-03-31T19:52:28.280+0800: 1200.296: [grey object rescan, 0.0001070 secs]2024-03-31T19:52:28.280+0800: 1200.296: [root rescan, 0.0642447 secs]2024-03-31T19:52:28.345+0800: 1200.360: [visit unhandled CLDs, 0.0001620 secs]2024-03-31T19:52:28.345+0800: 1200.361: [dirty klass scan, 0.0013069 secs], 0.0664382 secs]2024-03-31T19:52:28.346+0800: 1200.362: [weak refs processing, 0.0001306 secs]2024-03-31T19:52:28.347+0800: 1200.362: [class unloading, 0.0113804 secs]2024-03-31T19:52:28.358+0800: 1200.374: [scrub symbol table, 0.0096932 secs]2024-03-31T19:52:28.368+0800: 1200.384: [scrub string table, 0.0004881 secs][1 CMS-remark: 63K(64K)] 93882K(118016K), 0.0916330 secs] [Times: user=0.09 sys=0.00, real=0.09 secs] 
2024-03-31T19:52:28.372+0800: 1200.388: [CMS-concurrent-sweep-start]
2024-03-31T19:52:28.372+0800: 1200.388: [CMS-concurrent-sweep: 0.000/0.000 secs] [Times: user=0.00 sys=0.00, real=0.00 secs] 
2024-03-31T19:52:28.373+0800: 1200.389: [CMS-concurrent-reset-start]
2024-03-31T19:52:28.373+0800: 1200.389: [CMS-concurrent-reset: 0.000/0.000 secs] [Times: user=0.00 sys=0.00, real=0.00 secs] 
2024-03-31T19:52:30.388+0800: 1202.404: [GC (CMS Initial Mark) [1 CMS-initial-mark: 63K(64K)] 94036K(118016K), 0.0964889 secs] [Times: user=0.10 sys=0.00, real=0.10 secs] 
2024-03-31T19:52:30.486+0800: 1202.501: [CMS-concurrent-mark-start]
2024-03-31T19:52:30.487+0800: 1202.503: [CMS-concurrent-mark: 0.000/0.000 secs] [Times: user=0.00 sys=0.00, real=0.00 secs] 
2024-03-31T19:52:30.489+0800: 1202.504: [CMS-concurrent-preclean-start]
2024-03-31T19:52:30.492+0800: 1202.507: [CMS-concurrent-preclean: 0.002/0.002 secs] [Times: user=0.01 sys=0.00, real=0.00 secs] 
2024-03-31T19:52:30.494+0800: 1202.509: [CMS-concurrent-abortable-preclean-start]
2024-03-31T19:52:30.495+0800: 1202.510: [CMS-concurrent-abortable-preclean: 0.000/0.000 secs] [Times: user=0.00 sys=0.00, real=0.00 secs] 
2024-03-31T19:52:30.498+0800: 1202.513: [GC (CMS Final Remark) [YG occupancy: 93972 K (117952 K)]2024-03-31T19:52:30.499+0800: 1202.514: [Rescan (non-parallel) 2024-03-31T19:52:30.499+0800: 1202.514: [grey object rescan, 0.0001560 secs]2024-03-31T19:52:30.499+0800: 1202.514: [root rescan, 0.0679931 secs]2024-03-31T19:52:30.568+0800: 1202.584: [visit unhandled CLDs, 0.0005316 secs]2024-03-31T19:52:30.570+0800: 1202.585: [dirty klass scan, 0.0023213 secs], 0.0733878 secs]2024-03-31T19:52:30.572+0800: 1202.588: [weak refs processing, 0.0002397 secs]2024-03-31T19:52:30.573+0800: 1202.588: [class unloading, 0.0143008 secs]2024-03-31T19:52:30.587+0800: 1202.603: [scrub symbol table, 0.0154580 secs]2024-03-31T19:52:30.603+0800: 1202.618: [scrub string table, 0.0006359 secs][1 CMS-remark: 63K(64K)] 94036K(118016K), 0.1086818 secs] [Times: user=0.10 sys=0.00, real=0.11 secs] 
2024-03-31T19:52:30.608+0800: 1202.623: [CMS-concurrent-sweep-start]
2024-03-31T19:52:30.609+0800: 1202.624: [CMS-concurrent-sweep: 0.000/0.000 secs] [Times: user=0.00 sys=0.00, real=0.00 secs] 
2024-03-31T19:52:30.611+0800: 1202.626: [CMS-concurrent-reset-start]
2024-03-31T19:52:30.612+0800: 1202.628: [CMS-concurrent-reset: 0.000/0.000 secs] [Times: user=0.00 sys=0.00, real=0.01 secs] 
2024-03-31T19:52:32.622+0800: 1204.637: [GC (CMS Initial Mark) [1 CMS-initial-mark: 63K(64K)] 94281K(118016K), 0.0961894 secs] [Times: user=0.10 sys=0.00, real=0.10 secs] 
2024-03-31T19:52:32.719+0800: 1204.734: [CMS-concurrent-mark-start]
2024-03-31T19:52:32.720+0800: 1204.735: [CMS-concurrent-mark: 0.000/0.000 secs] [Times: user=0.00 sys=0.00, real=0.00 secs] 
2024-03-31T19:52:32.721+0800: 1204.736: [CMS-concurrent-preclean-start]
2024-03-31T19:52:32.723+0800: 1204.738: [CMS-concurrent-preclean: 0.001/0.001 secs] [Times: user=0.00 sys=0.00, real=0.01 secs] 
2024-03-31T19:52:32.723+0800: 1204.739: [CMS-concurrent-abortable-preclean-start]
2024-03-31T19:52:32.724+0800: 1204.739: [CMS-concurrent-abortable-preclean: 0.000/0.000 secs] [Times: user=0.00 sys=0.00, real=0.00 secs] 
2024-03-31T19:52:32.726+0800: 1204.741: [GC (CMS Final Remark) [YG occupancy: 94217 K (117952 K)]2024-03-31T19:52:32.726+0800: 1204.742: [Rescan (non-parallel) 2024-03-31T19:52:32.726+0800: 1204.742: [grey object rescan, 0.0001011 secs]2024-03-31T19:52:32.727+0800: 1204.742: [root rescan, 0.0642127 secs]2024-03-31T19:52:32.791+0800: 1204.806: [visit unhandled CLDs, 0.0001511 secs]2024-03-31T19:52:32.791+0800: 1204.807: [dirty klass scan, 0.0013584 secs], 0.0664616 secs]2024-03-31T19:52:32.793+0800: 1204.808: [weak refs processing, 0.0001417 secs]2024-03-31T19:52:32.793+0800: 1204.808: [class unloading, 0.0118015 secs]2024-03-31T19:52:32.805+0800: 1204.820: [scrub symbol table, 0.0097726 secs]2024-03-31T19:52:32.815+0800: 1204.830: [scrub string table, 0.0005180 secs][1 CMS-remark: 63K(64K)] 94281K(118016K), 0.0921586 secs] [Times: user=0.09 sys=0.00, real=0.09 secs] 
2024-03-31T19:52:32.819+0800: 1204.834: [CMS-concurrent-sweep-start]
2024-03-31T19:52:32.819+0800: 1204.834: [CMS-concurrent-sweep: 0.000/0.000 secs] [Times: user=0.00 sys=0.00, real=0.00 secs] 
2024-03-31T19:52:32.821+0800: 1204.836: [CMS-concurrent-reset-start]
2024-03-31T19:52:32.821+0800: 1204.836: [CMS-concurrent-reset: 0.000/0.000 secs] [Times: user=0.00 sys=0.00, real=0.00 secs] 
2024-03-31T19:52:34.827+0800: 1206.843: [GC (CMS Initial Mark) [1 CMS-initial-mark: 63K(64K)] 94432K(118016K), 0.0937340 secs] [Times: user=0.09 sys=0.00, real=0.09 secs] 
2024-03-31T19:52:34.922+0800: 1206.937: [CMS-concurrent-mark-start]
2024-03-31T19:52:34.923+0800: 1206.938: [CMS-concurrent-mark: 0.000/0.000 secs] [Times: user=0.00 sys=0.00, real=0.01 secs] 
2024-03-31T19:52:34.923+0800: 1206.938: [CMS-concurrent-preclean-start]
2024-03-31T19:52:34.925+0800: 1206.940: [CMS-concurrent-preclean: 0.001/0.001 secs] [Times: user=0.01 sys=0.00, real=0.00 secs] 
2024-03-31T19:52:34.925+0800: 1206.940: [CMS-concurrent-abortable-preclean-start]
2024-03-31T19:52:34.925+0800: 1206.940: [CMS-concurrent-abortable-preclean: 0.000/0.000 secs] [Times: user=0.00 sys=0.00, real=0.00 secs] 
2024-03-31T19:52:34.926+0800: 1206.941: [GC (CMS Final Remark) [YG occupancy: 94368 K (117952 K)]2024-03-31T19:52:34.926+0800: 1206.941: [Rescan (non-parallel) 2024-03-31T19:52:34.926+0800: 1206.942: [grey object rescan, 0.0001060 secs]2024-03-31T19:52:34.927+0800: 1206.942: [root rescan, 0.0669580 secs]2024-03-31T19:52:34.994+0800: 1207.009: [visit unhandled CLDs, 0.0001773 secs]2024-03-31T19:52:34.994+0800: 1207.009: [dirty klass scan, 0.0014638 secs], 0.0693185 secs]2024-03-31T19:52:34.996+0800: 1207.011: [weak refs processing, 0.0001416 secs]2024-03-31T19:52:34.996+0800: 1207.011: [class unloading, 0.0123239 secs]2024-03-31T19:52:35.009+0800: 1207.024: [scrub symbol table, 0.0105274 secs]2024-03-31T19:52:35.019+0800: 1207.034: [scrub string table, 0.0005371 secs][1 CMS-remark: 63K(64K)] 94432K(118016K), 0.0967052 secs] [Times: user=0.09 sys=0.00, real=0.10 secs] 
2024-03-31T19:52:35.024+0800: 1207.039: [CMS-concurrent-sweep-start]
2024-03-31T19:52:35.024+0800: 1207.040: [CMS-concurrent-sweep: 0.000/0.000 secs] [Times: user=0.00 sys=0.00, real=0.00 secs] 
2024-03-31T19:52:35.026+0800: 1207.041: [CMS-concurrent-reset-start]
2024-03-31T19:52:35.026+0800: 1207.042: [CMS-concurrent-reset: 0.000/0.000 secs] [Times: user=0.01 sys=0.00, real=0.00 secs] 
2024-03-31T19:52:37.037+0800: 1209.052: [GC (CMS Initial Mark) [1 CMS-initial-mark: 63K(64K)] 94897K(118016K), 0.1095998 secs] [Times: user=0.11 sys=0.00, real=0.11 secs] 
2024-03-31T19:52:37.147+0800: 1209.163: [CMS-concurrent-mark-start]
2024-03-31T19:52:37.148+0800: 1209.163: [CMS-concurrent-mark: 0.000/0.000 secs] [Times: user=0.00 sys=0.00, real=0.00 secs] 
2024-03-31T19:52:37.149+0800: 1209.164: [CMS-concurrent-preclean-start]
2024-03-31T19:52:37.151+0800: 1209.166: [CMS-concurrent-preclean: 0.001/0.001 secs] [Times: user=0.00 sys=0.00, real=0.00 secs] 
2024-03-31T19:52:37.151+0800: 1209.167: [CMS-concurrent-abortable-preclean-start]
2024-03-31T19:52:37.152+0800: 1209.167: [CMS-concurrent-abortable-preclean: 0.000/0.000 secs] [Times: user=0.00 sys=0.00, real=0.00 secs] 
2024-03-31T19:52:37.154+0800: 1209.169: [GC (CMS Final Remark) [YG occupancy: 94834 K (117952 K)]2024-03-31T19:52:37.154+0800: 1209.169: [Rescan (non-parallel) 2024-03-31T19:52:37.154+0800: 1209.169: [grey object rescan, 0.0002188 secs]2024-03-31T19:52:37.154+0800: 1209.170: [root rescan, 0.0670722 secs]2024-03-31T19:52:37.222+0800: 1209.237: [visit unhandled CLDs, 0.0002030 secs]2024-03-31T19:52:37.222+0800: 1209.237: [dirty klass scan, 0.0013108 secs], 0.0696426 secs]2024-03-31T19:52:37.224+0800: 1209.239: [weak refs processing, 0.0001455 secs]2024-03-31T19:52:37.224+0800: 1209.239: [class unloading, 0.0115133 secs]2024-03-31T19:52:37.236+0800: 1209.251: [scrub symbol table, 0.0117901 secs]2024-03-31T19:52:37.248+0800: 1209.263: [scrub string table, 0.0005475 secs][1 CMS-remark: 63K(64K)] 94897K(118016K), 0.0975258 secs] [Times: user=0.10 sys=0.00, real=0.09 secs] 
2024-03-31T19:52:37.252+0800: 1209.267: [CMS-concurrent-sweep-start]
2024-03-31T19:52:37.253+0800: 1209.268: [CMS-concurrent-sweep: 0.000/0.000 secs] [Times: user=0.00 sys=0.00, real=0.01 secs] 
2024-03-31T19:52:37.254+0800: 1209.269: [CMS-concurrent-reset-start]
2024-03-31T19:52:37.255+0800: 1209.270: [CMS-concurrent-reset: 0.000/0.000 secs] [Times: user=0.00 sys=0.00, real=0.00 secs] 
2024-03-31T19:52:39.263+0800: 1211.278: [GC (CMS Initial Mark) [1 CMS-initial-mark: 63K(64K)] 94963K(118016K), 0.0929657 secs] [Times: user=0.09 sys=0.00, real=0.09 secs] 
2024-03-31T19:52:39.357+0800: 1211.372: [CMS-concurrent-mark-start]
2024-03-31T19:52:39.357+0800: 1211.373: [CMS-concurrent-mark: 0.000/0.000 secs] [Times: user=0.00 sys=0.00, real=0.00 secs] 
2024-03-31T19:52:39.358+0800: 1211.373: [CMS-concurrent-preclean-start]
2024-03-31T19:52:39.360+0800: 1211.375: [CMS-concurrent-preclean: 0.001/0.001 secs] [Times: user=0.00 sys=0.00, real=0.00 secs] 
2024-03-31T19:52:39.361+0800: 1211.376: [CMS-concurrent-abortable-preclean-start]
2024-03-31T19:52:39.361+0800: 1211.376: [CMS-concurrent-abortable-preclean: 0.000/0.000 secs] [Times: user=0.00 sys=0.00, real=0.00 secs] 
2024-03-31T19:52:39.362+0800: 1211.377: [GC (CMS Final Remark) [YG occupancy: 94907 K (117952 K)]2024-03-31T19:52:39.362+0800: 1211.377: [Rescan (non-parallel) 2024-03-31T19:52:39.362+0800: 1211.377: [grey object rescan, 0.0001024 secs]2024-03-31T19:52:39.363+0800: 1211.378: [root rescan, 0.0653107 secs]2024-03-31T19:52:39.428+0800: 1211.443: [visit unhandled CLDs, 0.0001613 secs]2024-03-31T19:52:39.428+0800: 1211.443: [dirty klass scan, 0.0012367 secs], 0.0674472 secs]2024-03-31T19:52:39.430+0800: 1211.445: [weak refs processing, 0.0001349 secs]2024-03-31T19:52:39.430+0800: 1211.445: [class unloading, 0.0116783 secs]2024-03-31T19:52:39.442+0800: 1211.457: [scrub symbol table, 0.0099447 secs]2024-03-31T19:52:39.452+0800: 1211.467: [scrub string table, 0.0005129 secs][1 CMS-remark: 63K(64K)] 94971K(118016K), 0.0931872 secs] [Times: user=0.09 sys=0.00, real=0.10 secs] 
2024-03-31T19:52:39.456+0800: 1211.471: [CMS-concurrent-sweep-start]
2024-03-31T19:52:39.456+0800: 1211.471: [CMS-concurrent-sweep: 0.000/0.000 secs] [Times: user=0.00 sys=0.01, real=0.00 secs] 
2024-03-31T19:52:39.456+0800: 1211.472: [CMS-concurrent-reset-start]
2024-03-31T19:52:39.457+0800: 1211.472: [CMS-concurrent-reset: 0.000/0.000 secs] [Times: user=0.00 sys=0.00, real=0.00 secs] 
2024-03-31T19:52:41.460+0800: 1213.475: [GC (CMS Initial Mark) [1 CMS-initial-mark: 63K(64K)] 95209K(118016K), 0.0864883 secs] [Times: user=0.08 sys=0.00, real=0.09 secs] 
2024-03-31T19:52:41.547+0800: 1213.562: [CMS-concurrent-mark-start]
2024-03-31T19:52:41.547+0800: 1213.563: [CMS-concurrent-mark: 0.000/0.000 secs] [Times: user=0.01 sys=0.00, real=0.00 secs] 
2024-03-31T19:52:41.549+0800: 1213.564: [CMS-concurrent-preclean-start]
2024-03-31T19:52:41.551+0800: 1213.566: [CMS-concurrent-preclean: 0.001/0.001 secs] [Times: user=0.00 sys=0.00, real=0.00 secs] 
2024-03-31T19:52:41.552+0800: 1213.567: [CMS-concurrent-abortable-preclean-start]
2024-03-31T19:52:41.553+0800: 1213.568: [CMS-concurrent-abortable-preclean: 0.000/0.000 secs] [Times: user=0.00 sys=0.00, real=0.01 secs] 
2024-03-31T19:52:41.556+0800: 1213.571: [GC (CMS Final Remark) [YG occupancy: 95160 K (117952 K)]2024-03-31T19:52:41.556+0800: 1213.571: [Rescan (non-parallel) 2024-03-31T19:52:41.556+0800: 1213.571: [grey object rescan, 0.0001248 secs]2024-03-31T19:52:41.556+0800: 1213.571: [root rescan, 0.0668943 secs]2024-03-31T19:52:41.623+0800: 1213.639: [visit unhandled CLDs, 0.0002051 secs]2024-03-31T19:52:41.624+0800: 1213.639: [dirty klass scan, 0.0013034 secs], 0.0692383 secs]2024-03-31T19:52:41.625+0800: 1213.640: [weak refs processing, 0.0001412 secs]2024-03-31T19:52:41.625+0800: 1213.641: [class unloading, 0.0113258 secs]2024-03-31T19:52:41.637+0800: 1213.652: [scrub symbol table, 0.0096972 secs]2024-03-31T19:52:41.647+0800: 1213.662: [scrub string table, 0.0005826 secs][1 CMS-remark: 63K(64K)] 95224K(118016K), 0.0949320 secs] [Times: user=0.10 sys=0.00, real=0.09 secs] 
2024-03-31T19:52:41.651+0800: 1213.666: [CMS-concurrent-sweep-start]
2024-03-31T19:52:41.652+0800: 1213.667: [CMS-concurrent-sweep: 0.000/0.000 secs] [Times: user=0.00 sys=0.00, real=0.00 secs] 
2024-03-31T19:52:41.653+0800: 1213.668: [CMS-concurrent-reset-start]
2024-03-31T19:52:41.653+0800: 1213.668: [CMS-concurrent-reset: 0.000/0.000 secs] [Times: user=0.00 sys=0.00, real=0.00 secs] 
2024-03-31T19:52:43.664+0800: 1215.680: [GC (CMS Initial Mark) [1 CMS-initial-mark: 63K(64K)] 95431K(118016K), 0.1071719 secs] [Times: user=0.11 sys=0.00, real=0.10 secs] 
2024-03-31T19:52:43.772+0800: 1215.787: [CMS-concurrent-mark-start]
2024-03-31T19:52:43.773+0800: 1215.788: [CMS-concurrent-mark: 0.000/0.000 secs] [Times: user=0.00 sys=0.00, real=0.01 secs] 
2024-03-31T19:52:43.774+0800: 1215.789: [CMS-concurrent-preclean-start]
2024-03-31T19:52:43.775+0800: 1215.790: [CMS-concurrent-preclean: 0.001/0.001 secs] [Times: user=0.00 sys=0.00, real=0.00 secs] 
2024-03-31T19:52:43.776+0800: 1215.791: [CMS-concurrent-abortable-preclean-start]
2024-03-31T19:52:43.777+0800: 1215.792: [CMS-concurrent-abortable-preclean: 0.000/0.000 secs] [Times: user=0.00 sys=0.00, real=0.00 secs] 
2024-03-31T19:52:43.779+0800: 1215.794: [GC (CMS Final Remark) [YG occupancy: 95367 K (117952 K)]2024-03-31T19:52:43.779+0800: 1215.794: [Rescan (non-parallel) 2024-03-31T19:52:43.779+0800: 1215.794: [grey object rescan, 0.0001091 secs]2024-03-31T19:52:43.779+0800: 1215.794: [root rescan, 0.0652080 secs]2024-03-31T19:52:43.845+0800: 1215.860: [visit unhandled CLDs, 0.0001724 secs]2024-03-31T19:52:43.845+0800: 1215.860: [dirty klass scan, 0.0013320 secs], 0.0674514 secs]2024-03-31T19:52:43.846+0800: 1215.862: [weak refs processing, 0.0001519 secs]2024-03-31T19:52:43.847+0800: 1215.862: [class unloading, 0.0112271 secs]2024-03-31T19:52:43.858+0800: 1215.873: [scrub symbol table, 0.0097459 secs]2024-03-31T19:52:43.868+0800: 1215.883: [scrub string table, 0.0005255 secs][1 CMS-remark: 63K(64K)] 95431K(118016K), 0.0926111 secs] [Times: user=0.09 sys=0.00, real=0.09 secs] 
2024-03-31T19:52:43.872+0800: 1215.887: [CMS-concurrent-sweep-start]
2024-03-31T19:52:43.873+0800: 1215.888: [CMS-concurrent-sweep: 0.000/0.000 secs] [Times: user=0.01 sys=0.00, real=0.01 secs] 
2024-03-31T19:52:43.873+0800: 1215.888: [CMS-concurrent-reset-start]
2024-03-31T19:52:43.873+0800: 1215.889: [CMS-concurrent-reset: 0.000/0.000 secs] [Times: user=0.00 sys=0.00, real=0.00 secs] 
2024-03-31T19:52:45.882+0800: 1217.897: [GC (CMS Initial Mark) [1 CMS-initial-mark: 63K(64K)] 95730K(118016K), 0.1094480 secs] [Times: user=0.11 sys=0.00, real=0.11 secs] 
2024-03-31T19:52:45.992+0800: 1218.007: [CMS-concurrent-mark-start]
2024-03-31T19:52:45.993+0800: 1218.008: [CMS-concurrent-mark: 0.000/0.000 secs] [Times: user=0.01 sys=0.00, real=0.01 secs] 
2024-03-31T19:52:45.993+0800: 1218.009: [CMS-concurrent-preclean-start]
2024-03-31T19:52:45.995+0800: 1218.010: [CMS-concurrent-preclean: 0.001/0.001 secs] [Times: user=0.00 sys=0.00, real=0.00 secs] 
2024-03-31T19:52:45.996+0800: 1218.011: [CMS-concurrent-abortable-preclean-start]
2024-03-31T19:52:45.996+0800: 1218.011: [CMS-concurrent-abortable-preclean: 0.000/0.000 secs] [Times: user=0.00 sys=0.00, real=0.00 secs] 
2024-03-31T19:52:45.997+0800: 1218.012: [GC (CMS Final Remark) [YG occupancy: 95666 K (117952 K)]2024-03-31T19:52:45.997+0800: 1218.012: [Rescan (non-parallel) 2024-03-31T19:52:45.997+0800: 1218.012: [grey object rescan, 0.0001321 secs]2024-03-31T19:52:45.997+0800: 1218.012: [root rescan, 0.0656766 secs]2024-03-31T19:52:46.063+0800: 1218.078: [visit unhandled CLDs, 0.0001728 secs]2024-03-31T19:52:46.063+0800: 1218.079: [dirty klass scan, 0.0012538 secs], 0.0679098 secs]2024-03-31T19:52:46.065+0800: 1218.080: [weak refs processing, 0.0001480 secs]2024-03-31T19:52:46.065+0800: 1218.080: [class unloading, 0.0113230 secs]2024-03-31T19:52:46.077+0800: 1218.092: [scrub symbol table, 0.0096885 secs]2024-03-31T19:52:46.086+0800: 1218.102: [scrub string table, 0.0005064 secs][1 CMS-remark: 63K(64K)] 95730K(118016K), 0.0930014 secs] [Times: user=0.09 sys=0.00, real=0.09 secs] 
2024-03-31T19:52:46.090+0800: 1218.105: [CMS-concurrent-sweep-start]
2024-03-31T19:52:46.090+0800: 1218.105: [CMS-concurrent-sweep: 0.000/0.000 secs] [Times: user=0.00 sys=0.00, real=0.00 secs] 
2024-03-31T19:52:46.091+0800: 1218.106: [CMS-concurrent-reset-start]
2024-03-31T19:52:46.091+0800: 1218.106: [CMS-concurrent-reset: 0.000/0.000 secs] [Times: user=0.00 sys=0.00, real=0.00 secs] 
2024-03-31T19:52:48.100+0800: 1220.115: [GC (CMS Initial Mark) [1 CMS-initial-mark: 63K(64K)] 95824K(118016K), 0.1059995 secs] [Times: user=0.10 sys=0.00, real=0.11 secs] 
2024-03-31T19:52:48.206+0800: 1220.221: [CMS-concurrent-mark-start]
2024-03-31T19:52:48.207+0800: 1220.222: [CMS-concurrent-mark: 0.000/0.000 secs] [Times: user=0.00 sys=0.00, real=0.00 secs] 
2024-03-31T19:52:48.207+0800: 1220.223: [CMS-concurrent-preclean-start]
2024-03-31T19:52:48.209+0800: 1220.224: [CMS-concurrent-preclean: 0.001/0.001 secs] [Times: user=0.00 sys=0.00, real=0.00 secs] 
2024-03-31T19:52:48.210+0800: 1220.225: [CMS-concurrent-abortable-preclean-start]
2024-03-31T19:52:48.210+0800: 1220.225: [CMS-concurrent-abortable-preclean: 0.000/0.000 secs] [Times: user=0.00 sys=0.00, real=0.00 secs] 
2024-03-31T19:52:48.211+0800: 1220.226: [GC (CMS Final Remark) [YG occupancy: 95760 K (117952 K)]2024-03-31T19:52:48.211+0800: 1220.226: [Rescan (non-parallel) 2024-03-31T19:52:48.211+0800: 1220.226: [grey object rescan, 0.0001239 secs]2024-03-31T19:52:48.211+0800: 1220.226: [root rescan, 0.0654303 secs]2024-03-31T19:52:48.277+0800: 1220.292: [visit unhandled CLDs, 0.0001707 secs]2024-03-31T19:52:48.277+0800: 1220.292: [dirty klass scan, 0.0012502 secs], 0.0676117 secs]2024-03-31T19:52:48.279+0800: 1220.294: [weak refs processing, 0.0001424 secs]2024-03-31T19:52:48.279+0800: 1220.294: [class unloading, 0.0116868 secs]2024-03-31T19:52:48.291+0800: 1220.306: [scrub symbol table, 0.0097654 secs]2024-03-31T19:52:48.301+0800: 1220.316: [scrub string table, 0.0004925 secs][1 CMS-remark: 63K(64K)] 95824K(118016K), 0.0931554 secs] [Times: user=0.09 sys=0.00, real=0.10 secs] 
2024-03-31T19:52:48.304+0800: 1220.320: [CMS-concurrent-sweep-start]
2024-03-31T19:52:48.304+0800: 1220.320: [CMS-concurrent-sweep: 0.000/0.000 secs] [Times: user=0.00 sys=0.00, real=0.00 secs] 
2024-03-31T19:52:48.305+0800: 1220.320: [CMS-concurrent-reset-start]
2024-03-31T19:52:48.305+0800: 1220.320: [CMS-concurrent-reset: 0.000/0.000 secs] [Times: user=0.00 sys=0.00, real=0.00 secs] 
2024-03-31T19:52:50.316+0800: 1222.331: [GC (CMS Initial Mark) [1 CMS-initial-mark: 63K(64K)] 96079K(118016K), 0.1043930 secs] [Times: user=0.10 sys=0.00, real=0.10 secs] 
2024-03-31T19:52:50.421+0800: 1222.436: [CMS-concurrent-mark-start]
2024-03-31T19:52:50.422+0800: 1222.437: [CMS-concurrent-mark: 0.000/0.000 secs] [Times: user=0.00 sys=0.00, real=0.00 secs] 
2024-03-31T19:52:50.423+0800: 1222.438: [CMS-concurrent-preclean-start]
2024-03-31T19:52:50.424+0800: 1222.439: [CMS-concurrent-preclean: 0.001/0.001 secs] [Times: user=0.01 sys=0.00, real=0.01 secs] 
2024-03-31T19:52:50.425+0800: 1222.440: [CMS-concurrent-abortable-preclean-start]
2024-03-31T19:52:50.425+0800: 1222.440: [CMS-concurrent-abortable-preclean: 0.000/0.000 secs] [Times: user=0.00 sys=0.00, real=0.00 secs] 
2024-03-31T19:52:50.426+0800: 1222.441: [GC (CMS Final Remark) [YG occupancy: 96015 K (117952 K)]2024-03-31T19:52:50.426+0800: 1222.441: [Rescan (non-parallel) 2024-03-31T19:52:50.426+0800: 1222.441: [grey object rescan, 0.0001043 secs]2024-03-31T19:52:50.426+0800: 1222.441: [root rescan, 0.0664271 secs]2024-03-31T19:52:50.493+0800: 1222.508: [visit unhandled CLDs, 0.0001737 secs]2024-03-31T19:52:50.493+0800: 1222.508: [dirty klass scan, 0.0012720 secs], 0.0686101 secs]2024-03-31T19:52:50.495+0800: 1222.510: [weak refs processing, 0.0001648 secs]2024-03-31T19:52:50.495+0800: 1222.510: [class unloading, 0.0112629 secs]2024-03-31T19:52:50.506+0800: 1222.521: [scrub symbol table, 0.0096181 secs]2024-03-31T19:52:50.516+0800: 1222.531: [scrub string table, 0.0005137 secs][1 CMS-remark: 63K(64K)] 96079K(118016K), 0.0937922 secs] [Times: user=0.09 sys=0.00, real=0.09 secs] 
2024-03-31T19:52:50.520+0800: 1222.535: [CMS-concurrent-sweep-start]
2024-03-31T19:52:50.520+0800: 1222.535: [CMS-concurrent-sweep: 0.000/0.000 secs] [Times: user=0.00 sys=0.00, real=0.00 secs] 
2024-03-31T19:52:50.521+0800: 1222.536: [CMS-concurrent-reset-start]
2024-03-31T19:52:50.521+0800: 1222.536: [CMS-concurrent-reset: 0.000/0.000 secs] [Times: user=0.00 sys=0.00, real=0.00 secs] 
2024-03-31T19:52:52.527+0800: 1224.543: [GC (CMS Initial Mark) [1 CMS-initial-mark: 63K(64K)] 96371K(118016K), 0.1040251 secs] [Times: user=0.10 sys=0.00, real=0.10 secs] 
2024-03-31T19:52:52.632+0800: 1224.648: [CMS-concurrent-mark-start]
2024-03-31T19:52:52.634+0800: 1224.649: [CMS-concurrent-mark: 0.000/0.000 secs] [Times: user=0.00 sys=0.01, real=0.01 secs] 
2024-03-31T19:52:52.634+0800: 1224.650: [CMS-concurrent-preclean-start]
2024-03-31T19:52:52.636+0800: 1224.652: [CMS-concurrent-preclean: 0.001/0.001 secs] [Times: user=0.01 sys=0.00, real=0.00 secs] 
2024-03-31T19:52:52.638+0800: 1224.653: [CMS-concurrent-abortable-preclean-start]
2024-03-31T19:52:52.638+0800: 1224.653: [CMS-concurrent-abortable-preclean: 0.000/0.000 secs] [Times: user=0.00 sys=0.00, real=0.00 secs] 
2024-03-31T19:52:52.639+0800: 1224.654: [GC (CMS Final Remark) [YG occupancy: 96307 K (117952 K)]2024-03-31T19:52:52.639+0800: 1224.654: [Rescan (non-parallel) 2024-03-31T19:52:52.639+0800: 1224.654: [grey object rescan, 0.0001023 secs]2024-03-31T19:52:52.639+0800: 1224.654: [root rescan, 0.0653700 secs]2024-03-31T19:52:52.705+0800: 1224.720: [visit unhandled CLDs, 0.0001645 secs]2024-03-31T19:52:52.705+0800: 1224.720: [dirty klass scan, 0.0012265 secs], 0.0675041 secs]2024-03-31T19:52:52.707+0800: 1224.722: [weak refs processing, 0.0001453 secs]2024-03-31T19:52:52.707+0800: 1224.722: [class unloading, 0.0111501 secs]2024-03-31T19:52:52.718+0800: 1224.733: [scrub symbol table, 0.0095362 secs]2024-03-31T19:52:52.728+0800: 1224.743: [scrub string table, 0.0005060 secs][1 CMS-remark: 63K(64K)] 96371K(118016K), 0.0923130 secs] [Times: user=0.09 sys=0.00, real=0.09 secs] 
2024-03-31T19:52:52.732+0800: 1224.747: [CMS-concurrent-sweep-start]
2024-03-31T19:52:52.732+0800: 1224.747: [CMS-concurrent-sweep: 0.000/0.000 secs] [Times: user=0.00 sys=0.00, real=0.00 secs] 
2024-03-31T19:52:52.732+0800: 1224.747: [CMS-concurrent-reset-start]
2024-03-31T19:52:52.732+0800: 1224.747: [CMS-concurrent-reset: 0.000/0.000 secs] [Times: user=0.00 sys=0.00, real=0.00 secs] 
2024-03-31T19:52:54.741+0800: 1226.756: [GC (CMS Initial Mark) [1 CMS-initial-mark: 63K(64K)] 96527K(118016K), 0.1055786 secs] [Times: user=0.11 sys=0.00, real=0.11 secs] 
2024-03-31T19:52:54.847+0800: 1226.862: [CMS-concurrent-mark-start]
2024-03-31T19:52:54.847+0800: 1226.863: [CMS-concurrent-mark: 0.000/0.000 secs] [Times: user=0.00 sys=0.00, real=0.00 secs] 
2024-03-31T19:52:54.849+0800: 1226.864: [CMS-concurrent-preclean-start]
2024-03-31T19:52:54.850+0800: 1226.865: [CMS-concurrent-preclean: 0.001/0.001 secs] [Times: user=0.00 sys=0.00, real=0.00 secs] 
2024-03-31T19:52:54.851+0800: 1226.866: [CMS-concurrent-abortable-preclean-start]
2024-03-31T19:52:54.852+0800: 1226.867: [CMS-concurrent-abortable-preclean: 0.000/0.000 secs] [Times: user=0.00 sys=0.00, real=0.00 secs] 
2024-03-31T19:52:54.854+0800: 1226.869: [GC (CMS Final Remark) [YG occupancy: 96463 K (117952 K)]2024-03-31T19:52:54.854+0800: 1226.869: [Rescan (non-parallel) 2024-03-31T19:52:54.854+0800: 1226.869: [grey object rescan, 0.0001063 secs]2024-03-31T19:52:54.854+0800: 1226.869: [root rescan, 0.0660971 secs]2024-03-31T19:52:54.920+0800: 1226.936: [visit unhandled CLDs, 0.0001699 secs]2024-03-31T19:52:54.921+0800: 1226.936: [dirty klass scan, 0.0012785 secs], 0.0683233 secs]2024-03-31T19:52:54.922+0800: 1226.937: [weak refs processing, 0.0001603 secs]2024-03-31T19:52:54.922+0800: 1226.938: [class unloading, 0.0130242 secs]2024-03-31T19:52:54.936+0800: 1226.951: [scrub symbol table, 0.0097996 secs]2024-03-31T19:52:54.946+0800: 1226.961: [scrub string table, 0.0005108 secs][1 CMS-remark: 63K(64K)] 96527K(118016K), 0.0953775 secs] [Times: user=0.10 sys=0.00, real=0.09 secs] 
2024-03-31T19:52:54.949+0800: 1226.965: [CMS-concurrent-sweep-start]
2024-03-31T19:52:54.950+0800: 1226.965: [CMS-concurrent-sweep: 0.000/0.000 secs] [Times: user=0.00 sys=0.00, real=0.00 secs] 
2024-03-31T19:52:54.951+0800: 1226.966: [CMS-concurrent-reset-start]
2024-03-31T19:52:54.951+0800: 1226.966: [CMS-concurrent-reset: 0.000/0.000 secs] [Times: user=0.00 sys=0.00, real=0.00 secs] 
2024-03-31T19:52:56.964+0800: 1228.979: [GC (CMS Initial Mark) [1 CMS-initial-mark: 63K(64K)] 96839K(118016K), 0.0980041 secs] [Times: user=0.09 sys=0.00, real=0.10 secs] 
2024-03-31T19:52:57.063+0800: 1229.078: [CMS-concurrent-mark-start]
2024-03-31T19:52:57.064+0800: 1229.079: [CMS-concurrent-mark: 0.000/0.000 secs] [Times: user=0.00 sys=0.00, real=0.00 secs] 
2024-03-31T19:52:57.064+0800: 1229.079: [CMS-concurrent-preclean-start]
2024-03-31T19:52:57.066+0800: 1229.081: [CMS-concurrent-preclean: 0.001/0.001 secs] [Times: user=0.01 sys=0.00, real=0.00 secs] 
2024-03-31T19:52:57.067+0800: 1229.082: [CMS-concurrent-abortable-preclean-start]
2024-03-31T19:52:57.067+0800: 1229.082: [CMS-concurrent-abortable-preclean: 0.000/0.000 secs] [Times: user=0.00 sys=0.00, real=0.00 secs] 
2024-03-31T19:52:57.069+0800: 1229.084: [GC (CMS Final Remark) [YG occupancy: 96782 K (117952 K)]2024-03-31T19:52:57.069+0800: 1229.084: [Rescan (non-parallel) 2024-03-31T19:52:57.069+0800: 1229.084: [grey object rescan, 0.0000986 secs]2024-03-31T19:52:57.069+0800: 1229.084: [root rescan, 0.0661417 secs]2024-03-31T19:52:57.135+0800: 1229.151: [visit unhandled CLDs, 0.0001766 secs]2024-03-31T19:52:57.136+0800: 1229.151: [dirty klass scan, 0.0013354 secs], 0.0684155 secs]2024-03-31T19:52:57.137+0800: 1229.152: [weak refs processing, 0.0001375 secs]2024-03-31T19:52:57.137+0800: 1229.153: [class unloading, 0.0115082 secs]2024-03-31T19:52:57.149+0800: 1229.164: [scrub symbol table, 0.0098339 secs]2024-03-31T19:52:57.159+0800: 1229.174: [scrub string table, 0.0004980 secs][1 CMS-remark: 63K(64K)] 96845K(118016K), 0.0939143 secs] [Times: user=0.09 sys=0.00, real=0.10 secs] 
2024-03-31T19:52:57.163+0800: 1229.178: [CMS-concurrent-sweep-start]
2024-03-31T19:52:57.163+0800: 1229.178: [CMS-concurrent-sweep: 0.000/0.000 secs] [Times: user=0.00 sys=0.00, real=0.00 secs] 
2024-03-31T19:52:57.164+0800: 1229.179: [CMS-concurrent-reset-start]
2024-03-31T19:52:57.164+0800: 1229.179: [CMS-concurrent-reset: 0.000/0.000 secs] [Times: user=0.00 sys=0.00, real=0.00 secs] 
2024-03-31T19:52:59.175+0800: 1231.190: [GC (CMS Initial Mark) [1 CMS-initial-mark: 63K(64K)] 97096K(118016K), 0.0935546 secs] [Times: user=0.10 sys=0.00, real=0.09 secs] 
2024-03-31T19:52:59.269+0800: 1231.284: [CMS-concurrent-mark-start]
2024-03-31T19:52:59.269+0800: 1231.284: [CMS-concurrent-mark: 0.000/0.000 secs] [Times: user=0.00 sys=0.00, real=0.00 secs] 
2024-03-31T19:52:59.270+0800: 1231.286: [CMS-concurrent-preclean-start]
2024-03-31T19:52:59.272+0800: 1231.287: [CMS-concurrent-preclean: 0.001/0.001 secs] [Times: user=0.00 sys=0.00, real=0.00 secs] 
2024-03-31T19:52:59.273+0800: 1231.288: [CMS-concurrent-abortable-preclean-start]
2024-03-31T19:52:59.273+0800: 1231.289: [CMS-concurrent-abortable-preclean: 0.000/0.000 secs] [Times: user=0.00 sys=0.00, real=0.00 secs] 
2024-03-31T19:52:59.274+0800: 1231.290: [GC (CMS Final Remark) [YG occupancy: 97032 K (117952 K)]2024-03-31T19:52:59.275+0800: 1231.290: [Rescan (non-parallel) 2024-03-31T19:52:59.275+0800: 1231.290: [grey object rescan, 0.0001038 secs]2024-03-31T19:52:59.275+0800: 1231.290: [root rescan, 0.0663916 secs]2024-03-31T19:52:59.342+0800: 1231.357: [visit unhandled CLDs, 0.0001804 secs]2024-03-31T19:52:59.342+0800: 1231.357: [dirty klass scan, 0.0013356 secs], 0.0686973 secs]2024-03-31T19:52:59.343+0800: 1231.359: [weak refs processing, 0.0001536 secs]2024-03-31T19:52:59.344+0800: 1231.359: [class unloading, 0.0123884 secs]2024-03-31T19:52:59.356+0800: 1231.371: [scrub symbol table, 0.0096182 secs]2024-03-31T19:52:59.366+0800: 1231.381: [scrub string table, 0.0005640 secs][1 CMS-remark: 63K(64K)] 97096K(118016K), 0.0949262 secs] [Times: user=0.10 sys=0.01, real=0.09 secs] 
2024-03-31T19:52:59.370+0800: 1231.385: [CMS-concurrent-sweep-start]
2024-03-31T19:52:59.370+0800: 1231.385: [CMS-concurrent-sweep: 0.000/0.000 secs] [Times: user=0.00 sys=0.00, real=0.00 secs] 
2024-03-31T19:52:59.370+0800: 1231.385: [CMS-concurrent-reset-start]
2024-03-31T19:52:59.370+0800: 1231.385: [CMS-concurrent-reset: 0.000/0.000 secs] [Times: user=0.00 sys=0.00, real=0.00 secs] 
2024-03-31T19:53:01.379+0800: 1233.394: [GC (CMS Initial Mark) [1 CMS-initial-mark: 63K(64K)] 97322K(118016K), 0.1141472 secs] [Times: user=0.11 sys=0.00, real=0.12 secs] 
2024-03-31T19:53:01.493+0800: 1233.508: [CMS-concurrent-mark-start]
2024-03-31T19:53:01.494+0800: 1233.509: [CMS-concurrent-mark: 0.000/0.000 secs] [Times: user=0.00 sys=0.00, real=0.00 secs] 
2024-03-31T19:53:01.495+0800: 1233.510: [CMS-concurrent-preclean-start]
2024-03-31T19:53:01.497+0800: 1233.512: [CMS-concurrent-preclean: 0.001/0.001 secs] [Times: user=0.00 sys=0.00, real=0.00 secs] 
2024-03-31T19:53:01.497+0800: 1233.512: [CMS-concurrent-abortable-preclean-start]
2024-03-31T19:53:01.498+0800: 1233.513: [CMS-concurrent-abortable-preclean: 0.000/0.000 secs] [Times: user=0.00 sys=0.00, real=0.00 secs] 
2024-03-31T19:53:01.500+0800: 1233.514: [GC (CMS Final Remark) [YG occupancy: 97271 K (117952 K)]2024-03-31T19:53:01.500+0800: 1233.515: [Rescan (non-parallel) 2024-03-31T19:53:01.500+0800: 1233.515: [grey object rescan, 0.0000973 secs]2024-03-31T19:53:01.500+0800: 1233.515: [root rescan, 0.0676523 secs]2024-03-31T19:53:01.568+0800: 1233.583: [visit unhandled CLDs, 0.0001872 secs]2024-03-31T19:53:01.568+0800: 1233.583: [dirty klass scan, 0.0013305 secs], 0.0698961 secs]2024-03-31T19:53:01.570+0800: 1233.585: [weak refs processing, 0.0001351 secs]2024-03-31T19:53:01.570+0800: 1233.585: [class unloading, 0.0117087 secs]2024-03-31T19:53:01.582+0800: 1233.597: [scrub symbol table, 0.0098428 secs]2024-03-31T19:53:01.592+0800: 1233.607: [scrub string table, 0.0005299 secs][1 CMS-remark: 63K(64K)] 97335K(118016K), 0.0956332 secs] [Times: user=0.09 sys=0.00, real=0.10 secs] 
2024-03-31T19:53:01.596+0800: 1233.611: [CMS-concurrent-sweep-start]
2024-03-31T19:53:01.597+0800: 1233.612: [CMS-concurrent-sweep: 0.000/0.000 secs] [Times: user=0.00 sys=0.00, real=0.00 secs] 
2024-03-31T19:53:01.598+0800: 1233.613: [CMS-concurrent-reset-start]
2024-03-31T19:53:01.599+0800: 1233.614: [CMS-concurrent-reset: 0.000/0.000 secs] [Times: user=0.00 sys=0.00, real=0.00 secs] 
2024-03-31T19:53:03.607+0800: 1235.622: [GC (CMS Initial Mark) [1 CMS-initial-mark: 63K(64K)] 97614K(118016K), 0.1096597 secs] [Times: user=0.10 sys=0.00, real=0.11 secs] 
2024-03-31T19:53:03.718+0800: 1235.733: [CMS-concurrent-mark-start]
2024-03-31T19:53:03.719+0800: 1235.734: [CMS-concurrent-mark: 0.000/0.000 secs] [Times: user=0.01 sys=0.00, real=0.00 secs] 
2024-03-31T19:53:03.720+0800: 1235.735: [CMS-concurrent-preclean-start]
2024-03-31T19:53:03.721+0800: 1235.736: [CMS-concurrent-preclean: 0.001/0.001 secs] [Times: user=0.00 sys=0.00, real=0.00 secs] 
2024-03-31T19:53:03.722+0800: 1235.737: [CMS-concurrent-abortable-preclean-start]
2024-03-31T19:53:03.723+0800: 1235.738: [CMS-concurrent-abortable-preclean: 0.000/0.000 secs] [Times: user=0.00 sys=0.00, real=0.01 secs] 
2024-03-31T19:53:03.724+0800: 1235.739: [GC (CMS Final Remark) [YG occupancy: 97550 K (117952 K)]2024-03-31T19:53:03.724+0800: 1235.739: [Rescan (non-parallel) 2024-03-31T19:53:03.725+0800: 1235.739: [grey object rescan, 0.0001108 secs]2024-03-31T19:53:03.725+0800: 1235.740: [root rescan, 0.0666639 secs]2024-03-31T19:53:03.792+0800: 1235.807: [visit unhandled CLDs, 0.0001851 secs]2024-03-31T19:53:03.792+0800: 1235.807: [dirty klass scan, 0.0013859 secs], 0.0689748 secs]2024-03-31T19:53:03.794+0800: 1235.808: [weak refs processing, 0.0001582 secs]2024-03-31T19:53:03.794+0800: 1235.809: [class unloading, 0.0114999 secs]2024-03-31T19:53:03.805+0800: 1235.820: [scrub symbol table, 0.0098091 secs]2024-03-31T19:53:03.815+0800: 1235.830: [scrub string table, 0.0004887 secs][1 CMS-remark: 63K(64K)] 97614K(118016K), 0.0943831 secs] [Times: user=0.09 sys=0.00, real=0.09 secs] 
2024-03-31T19:53:03.819+0800: 1235.834: [CMS-concurrent-sweep-start]
2024-03-31T19:53:03.819+0800: 1235.834: [CMS-concurrent-sweep: 0.000/0.000 secs] [Times: user=0.00 sys=0.00, real=0.00 secs] 
2024-03-31T19:53:03.819+0800: 1235.834: [CMS-concurrent-reset-start]
2024-03-31T19:53:03.819+0800: 1235.834: [CMS-concurrent-reset: 0.000/0.000 secs] [Times: user=0.00 sys=0.00, real=0.00 secs] 
2024-03-31T19:53:05.824+0800: 1237.839: [GC (CMS Initial Mark) [1 CMS-initial-mark: 63K(64K)] 97897K(118016K), 0.0925290 secs] [Times: user=0.09 sys=0.00, real=0.09 secs] 
2024-03-31T19:53:05.917+0800: 1237.932: [CMS-concurrent-mark-start]
2024-03-31T19:53:05.917+0800: 1237.932: [CMS-concurrent-mark: 0.000/0.000 secs] [Times: user=0.00 sys=0.00, real=0.00 secs] 
2024-03-31T19:53:05.919+0800: 1237.934: [CMS-concurrent-preclean-start]
2024-03-31T19:53:05.921+0800: 1237.935: [CMS-concurrent-preclean: 0.001/0.001 secs] [Times: user=0.01 sys=0.00, real=0.00 secs] 
2024-03-31T19:53:05.922+0800: 1237.937: [CMS-concurrent-abortable-preclean-start]
2024-03-31T19:53:05.922+0800: 1237.937: [CMS-concurrent-abortable-preclean: 0.000/0.000 secs] [Times: user=0.00 sys=0.00, real=0.00 secs] 
2024-03-31T19:53:05.924+0800: 1237.939: [GC (CMS Final Remark) [YG occupancy: 97833 K (117952 K)]2024-03-31T19:53:05.924+0800: 1237.939: [Rescan (non-parallel) 2024-03-31T19:53:05.924+0800: 1237.939: [grey object rescan, 0.0001125 secs]2024-03-31T19:53:05.924+0800: 1237.939: [root rescan, 0.0679256 secs]2024-03-31T19:53:05.993+0800: 1238.008: [visit unhandled CLDs, 0.0002349 secs]2024-03-31T19:53:05.993+0800: 1238.008: [dirty klass scan, 0.0013679 secs], 0.0703349 secs]2024-03-31T19:53:05.994+0800: 1238.009: [weak refs processing, 0.0001616 secs]2024-03-31T19:53:05.995+0800: 1238.010: [class unloading, 0.0115975 secs]2024-03-31T19:53:06.007+0800: 1238.022: [scrub symbol table, 0.0098160 secs]2024-03-31T19:53:06.017+0800: 1238.031: [scrub string table, 0.0005305 secs][1 CMS-remark: 63K(64K)] 97897K(118016K), 0.0959846 secs] [Times: user=0.10 sys=0.00, real=0.09 secs] 
2024-03-31T19:53:06.021+0800: 1238.036: [CMS-concurrent-sweep-start]
2024-03-31T19:53:06.021+0800: 1238.036: [CMS-concurrent-sweep: 0.000/0.000 secs] [Times: user=0.00 sys=0.00, real=0.00 secs] 
2024-03-31T19:53:06.023+0800: 1238.038: [CMS-concurrent-reset-start]
2024-03-31T19:53:06.024+0800: 1238.039: [CMS-concurrent-reset: 0.000/0.000 secs] [Times: user=0.00 sys=0.00, real=0.01 secs] 
2024-03-31T19:53:08.032+0800: 1240.047: [GC (CMS Initial Mark) [1 CMS-initial-mark: 63K(64K)] 98221K(118016K), 0.1102184 secs] [Times: user=0.11 sys=0.00, real=0.12 secs] 
2024-03-31T19:53:08.143+0800: 1240.158: [CMS-concurrent-mark-start]
2024-03-31T19:53:08.144+0800: 1240.159: [CMS-concurrent-mark: 0.000/0.000 secs] [Times: user=0.00 sys=0.00, real=0.00 secs] 
2024-03-31T19:53:08.145+0800: 1240.160: [CMS-concurrent-preclean-start]
2024-03-31T19:53:08.146+0800: 1240.161: [CMS-concurrent-preclean: 0.001/0.001 secs] [Times: user=0.01 sys=0.00, real=0.00 secs] 
2024-03-31T19:53:08.147+0800: 1240.162: [CMS-concurrent-abortable-preclean-start]
2024-03-31T19:53:08.147+0800: 1240.162: [CMS-concurrent-abortable-preclean: 0.000/0.000 secs] [Times: user=0.00 sys=0.00, real=0.00 secs] 
2024-03-31T19:53:08.148+0800: 1240.163: [GC (CMS Final Remark) [YG occupancy: 98189 K (117952 K)]2024-03-31T19:53:08.148+0800: 1240.163: [Rescan (non-parallel) 2024-03-31T19:53:08.149+0800: 1240.163: [grey object rescan, 0.0001020 secs]2024-03-31T19:53:08.149+0800: 1240.164: [root rescan, 0.0692613 secs]2024-03-31T19:53:08.218+0800: 1240.233: [visit unhandled CLDs, 0.0001573 secs]2024-03-31T19:53:08.218+0800: 1240.233: [dirty klass scan, 0.0013188 secs], 0.0714246 secs]2024-03-31T19:53:08.220+0800: 1240.235: [weak refs processing, 0.0001314 secs]2024-03-31T19:53:08.220+0800: 1240.235: [class unloading, 0.0114025 secs]2024-03-31T19:53:08.232+0800: 1240.247: [scrub symbol table, 0.0105935 secs]2024-03-31T19:53:08.243+0800: 1240.257: [scrub string table, 0.0005099 secs][1 CMS-remark: 63K(64K)] 98253K(118016K), 0.0976233 secs] [Times: user=0.09 sys=0.00, real=0.10 secs] 
2024-03-31T19:53:08.247+0800: 1240.262: [CMS-concurrent-sweep-start]
2024-03-31T19:53:08.247+0800: 1240.262: [CMS-concurrent-sweep: 0.000/0.000 secs] [Times: user=0.01 sys=0.00, real=0.00 secs] 
2024-03-31T19:53:08.249+0800: 1240.264: [CMS-concurrent-reset-start]
2024-03-31T19:53:08.250+0800: 1240.265: [CMS-concurrent-reset: 0.000/0.000 secs] [Times: user=0.00 sys=0.00, real=0.00 secs] 
2024-03-31T19:53:10.256+0800: 1242.271: [GC (CMS Initial Mark) [1 CMS-initial-mark: 63K(64K)] 98355K(118016K), 0.1114820 secs] [Times: user=0.11 sys=0.00, real=0.11 secs] 
2024-03-31T19:53:10.369+0800: 1242.384: [CMS-concurrent-mark-start]
2024-03-31T19:53:10.369+0800: 1242.384: [CMS-concurrent-mark: 0.000/0.000 secs] [Times: user=0.00 sys=0.00, real=0.00 secs] 
2024-03-31T19:53:10.370+0800: 1242.385: [CMS-concurrent-preclean-start]
2024-03-31T19:53:10.371+0800: 1242.386: [CMS-concurrent-preclean: 0.001/0.001 secs] [Times: user=0.00 sys=0.00, real=0.00 secs] 
2024-03-31T19:53:10.371+0800: 1242.386: [CMS-concurrent-abortable-preclean-start]
2024-03-31T19:53:10.371+0800: 1242.386: [CMS-concurrent-abortable-preclean: 0.000/0.000 secs] [Times: user=0.00 sys=0.00, real=0.00 secs] 
2024-03-31T19:53:10.372+0800: 1242.387: [GC (CMS Final Remark) [YG occupancy: 98291 K (117952 K)]2024-03-31T19:53:10.372+0800: 1242.387: [Rescan (non-parallel) 2024-03-31T19:53:10.372+0800: 1242.387: [grey object rescan, 0.0001293 secs]2024-03-31T19:53:10.373+0800: 1242.388: [root rescan, 0.0668789 secs]2024-03-31T19:53:10.440+0800: 1242.455: [visit unhandled CLDs, 0.0001695 secs]2024-03-31T19:53:10.440+0800: 1242.455: [dirty klass scan, 0.0014151 secs], 0.0692465 secs]2024-03-31T19:53:10.442+0800: 1242.457: [weak refs processing, 0.0001424 secs]2024-03-31T19:53:10.442+0800: 1242.457: [class unloading, 0.0115480 secs]2024-03-31T19:53:10.454+0800: 1242.469: [scrub symbol table, 0.0097035 secs]2024-03-31T19:53:10.464+0800: 1242.478: [scrub string table, 0.0004942 secs][1 CMS-remark: 63K(64K)] 98355K(118016K), 0.0947283 secs] [Times: user=0.10 sys=0.00, real=0.10 secs] 
2024-03-31T19:53:10.468+0800: 1242.483: [CMS-concurrent-sweep-start]
2024-03-31T19:53:10.468+0800: 1242.483: [CMS-concurrent-sweep: 0.000/0.000 secs] [Times: user=0.00 sys=0.00, real=0.00 secs] 
2024-03-31T19:53:10.468+0800: 1242.483: [CMS-concurrent-reset-start]
2024-03-31T19:53:10.469+0800: 1242.484: [CMS-concurrent-reset: 0.000/0.000 secs] [Times: user=0.00 sys=0.00, real=0.00 secs] 
2024-03-31T19:53:12.470+0800: 1244.485: [GC (CMS Initial Mark) [1 CMS-initial-mark: 63K(64K)] 98550K(118016K), 0.0697145 secs] [Times: user=0.07 sys=0.00, real=0.07 secs] 
2024-03-31T19:53:12.541+0800: 1244.555: [CMS-concurrent-mark-start]
2024-03-31T19:53:12.541+0800: 1244.556: [CMS-concurrent-mark: 0.000/0.000 secs] [Times: user=0.00 sys=0.00, real=0.00 secs] 
2024-03-31T19:53:12.542+0800: 1244.557: [CMS-concurrent-preclean-start]
2024-03-31T19:53:12.545+0800: 1244.559: [CMS-concurrent-preclean: 0.001/0.001 secs] [Times: user=0.00 sys=0.00, real=0.01 secs] 
2024-03-31T19:53:12.545+0800: 1244.560: [CMS-concurrent-abortable-preclean-start]
2024-03-31T19:53:12.546+0800: 1244.561: [CMS-concurrent-abortable-preclean: 0.000/0.000 secs] [Times: user=0.00 sys=0.00, real=0.00 secs] 
2024-03-31T19:53:12.550+0800: 1244.565: [GC (CMS Final Remark) [YG occupancy: 98514 K (117952 K)]2024-03-31T19:53:12.551+0800: 1244.565: [Rescan (non-parallel) 2024-03-31T19:53:12.551+0800: 1244.566: [grey object rescan, 0.0001979 secs]2024-03-31T19:53:12.551+0800: 1244.566: [root rescan, 0.0685908 secs]2024-03-31T19:53:12.620+0800: 1244.635: [visit unhandled CLDs, 0.0002544 secs]2024-03-31T19:53:12.620+0800: 1244.635: [dirty klass scan, 0.0015433 secs], 0.0713564 secs]2024-03-31T19:53:12.622+0800: 1244.637: [weak refs processing, 0.0001465 secs]2024-03-31T19:53:12.622+0800: 1244.637: [class unloading, 0.0127612 secs]2024-03-31T19:53:12.635+0800: 1244.650: [scrub symbol table, 0.0105903 secs]2024-03-31T19:53:12.646+0800: 1244.661: [scrub string table, 0.0005393 secs][1 CMS-remark: 63K(64K)] 98578K(118016K), 0.0991490 secs] [Times: user=0.09 sys=0.00, real=0.10 secs] 
2024-03-31T19:53:12.650+0800: 1244.665: [CMS-concurrent-sweep-start]
2024-03-31T19:53:12.651+0800: 1244.666: [CMS-concurrent-sweep: 0.000/0.000 secs] [Times: user=0.00 sys=0.00, real=0.00 secs] 
2024-03-31T19:53:12.653+0800: 1244.667: [CMS-concurrent-reset-start]
2024-03-31T19:53:12.653+0800: 1244.668: [CMS-concurrent-reset: 0.000/0.000 secs] [Times: user=0.01 sys=0.00, real=0.01 secs] 
2024-03-31T19:53:14.659+0800: 1246.674: [GC (CMS Initial Mark) [1 CMS-initial-mark: 63K(64K)] 98799K(118016K), 0.0993846 secs] [Times: user=0.10 sys=0.00, real=0.10 secs] 
2024-03-31T19:53:14.760+0800: 1246.775: [CMS-concurrent-mark-start]
2024-03-31T19:53:14.760+0800: 1246.775: [CMS-concurrent-mark: 0.000/0.000 secs] [Times: user=0.00 sys=0.00, real=0.00 secs] 
2024-03-31T19:53:14.761+0800: 1246.776: [CMS-concurrent-preclean-start]
2024-03-31T19:53:14.763+0800: 1246.778: [CMS-concurrent-preclean: 0.001/0.001 secs] [Times: user=0.01 sys=0.00, real=0.01 secs] 
2024-03-31T19:53:14.764+0800: 1246.779: [CMS-concurrent-abortable-preclean-start]
2024-03-31T19:53:14.765+0800: 1246.780: [CMS-concurrent-abortable-preclean: 0.000/0.000 secs] [Times: user=0.00 sys=0.00, real=0.00 secs] 
2024-03-31T19:53:14.767+0800: 1246.782: [GC (CMS Final Remark) [YG occupancy: 98735 K (117952 K)]2024-03-31T19:53:14.767+0800: 1246.782: [Rescan (non-parallel) 2024-03-31T19:53:14.767+0800: 1246.782: [grey object rescan, 0.0001145 secs]2024-03-31T19:53:14.768+0800: 1246.783: [root rescan, 0.0675659 secs]2024-03-31T19:53:14.836+0800: 1246.850: [visit unhandled CLDs, 0.0001940 secs]2024-03-31T19:53:14.836+0800: 1246.851: [dirty klass scan, 0.0012888 secs], 0.0698052 secs]2024-03-31T19:53:14.837+0800: 1246.852: [weak refs processing, 0.0001434 secs]2024-03-31T19:53:14.838+0800: 1246.852: [class unloading, 0.0127764 secs]2024-03-31T19:53:14.851+0800: 1246.865: [scrub symbol table, 0.0098950 secs]2024-03-31T19:53:14.861+0800: 1246.875: [scrub string table, 0.0005037 secs][1 CMS-remark: 63K(64K)] 98799K(118016K), 0.0967630 secs] [Times: user=0.09 sys=0.00, real=0.10 secs] 
2024-03-31T19:53:14.865+0800: 1246.880: [CMS-concurrent-sweep-start]
2024-03-31T19:53:14.865+0800: 1246.880: [CMS-concurrent-sweep: 0.000/0.000 secs] [Times: user=0.00 sys=0.00, real=0.00 secs] 
2024-03-31T19:53:14.867+0800: 1246.882: [CMS-concurrent-reset-start]
2024-03-31T19:53:14.867+0800: 1246.882: [CMS-concurrent-reset: 0.000/0.000 secs] [Times: user=0.01 sys=0.00, real=0.00 secs] 
2024-03-31T19:53:16.870+0800: 1248.885: [GC (CMS Initial Mark) [1 CMS-initial-mark: 63K(64K)] 99005K(118016K), 0.0981805 secs] [Times: user=0.10 sys=0.00, real=0.10 secs] 
2024-03-31T19:53:16.969+0800: 1248.984: [CMS-concurrent-mark-start]
2024-03-31T19:53:16.970+0800: 1248.985: [CMS-concurrent-mark: 0.000/0.000 secs] [Times: user=0.00 sys=0.00, real=0.00 secs] 
2024-03-31T19:53:16.971+0800: 1248.986: [CMS-concurrent-preclean-start]
2024-03-31T19:53:16.973+0800: 1248.988: [CMS-concurrent-preclean: 0.001/0.001 secs] [Times: user=0.00 sys=0.00, real=0.01 secs] 
2024-03-31T19:53:16.974+0800: 1248.989: [CMS-concurrent-abortable-preclean-start]
2024-03-31T19:53:16.975+0800: 1248.990: [CMS-concurrent-abortable-preclean: 0.000/0.000 secs] [Times: user=0.01 sys=0.00, real=0.00 secs] 
2024-03-31T19:53:16.978+0800: 1248.993: [GC (CMS Final Remark) [YG occupancy: 98947 K (117952 K)]2024-03-31T19:53:16.978+0800: 1248.993: [Rescan (non-parallel) 2024-03-31T19:53:16.978+0800: 1248.993: [grey object rescan, 0.0000679 secs]2024-03-31T19:53:16.978+0800: 1248.993: [root rescan, 0.0681715 secs]2024-03-31T19:53:17.046+0800: 1249.061: [visit unhandled CLDs, 0.0001715 secs]2024-03-31T19:53:17.047+0800: 1249.062: [dirty klass scan, 0.0012395 secs], 0.0701359 secs]2024-03-31T19:53:17.048+0800: 1249.063: [weak refs processing, 0.0001073 secs]2024-03-31T19:53:17.048+0800: 1249.063: [class unloading, 0.0113252 secs]2024-03-31T19:53:17.060+0800: 1249.075: [scrub symbol table, 0.0098293 secs]2024-03-31T19:53:17.070+0800: 1249.085: [scrub string table, 0.0004672 secs][1 CMS-remark: 63K(64K)] 99011K(118016K), 0.0951991 secs] [Times: user=0.09 sys=0.00, real=0.10 secs] 
2024-03-31T19:53:17.074+0800: 1249.089: [CMS-concurrent-sweep-start]
2024-03-31T19:53:17.074+0800: 1249.089: [CMS-concurrent-sweep: 0.000/0.000 secs] [Times: user=0.00 sys=0.00, real=0.00 secs] 
2024-03-31T19:53:17.075+0800: 1249.090: [CMS-concurrent-reset-start]
2024-03-31T19:53:17.076+0800: 1249.091: [CMS-concurrent-reset: 0.000/0.000 secs] [Times: user=0.00 sys=0.00, real=0.00 secs] 
2024-03-31T19:53:19.085+0800: 1251.100: [GC (CMS Initial Mark) [1 CMS-initial-mark: 63K(64K)] 99193K(118016K), 0.1076032 secs] [Times: user=0.10 sys=0.00, real=0.11 secs] 
2024-03-31T19:53:19.193+0800: 1251.208: [CMS-concurrent-mark-start]
2024-03-31T19:53:19.194+0800: 1251.209: [CMS-concurrent-mark: 0.000/0.000 secs] [Times: user=0.01 sys=0.00, real=0.00 secs] 
2024-03-31T19:53:19.195+0800: 1251.210: [CMS-concurrent-preclean-start]
2024-03-31T19:53:19.197+0800: 1251.212: [CMS-concurrent-preclean: 0.001/0.001 secs] [Times: user=0.00 sys=0.00, real=0.00 secs] 
2024-03-31T19:53:19.197+0800: 1251.212: [CMS-concurrent-abortable-preclean-start]
2024-03-31T19:53:19.198+0800: 1251.213: [CMS-concurrent-abortable-preclean: 0.000/0.000 secs] [Times: user=0.00 sys=0.00, real=0.00 secs] 
2024-03-31T19:53:19.199+0800: 1251.214: [GC (CMS Final Remark) [YG occupancy: 99129 K (117952 K)]2024-03-31T19:53:19.199+0800: 1251.214: [Rescan (non-parallel) 2024-03-31T19:53:19.200+0800: 1251.214: [grey object rescan, 0.0000893 secs]2024-03-31T19:53:19.200+0800: 1251.215: [root rescan, 0.0673868 secs]2024-03-31T19:53:19.267+0800: 1251.282: [visit unhandled CLDs, 0.0001386 secs]2024-03-31T19:53:19.267+0800: 1251.282: [dirty klass scan, 0.0012783 secs], 0.0693382 secs]2024-03-31T19:53:19.269+0800: 1251.284: [weak refs processing, 0.0000967 secs]2024-03-31T19:53:19.269+0800: 1251.284: [class unloading, 0.0113264 secs]2024-03-31T19:53:19.281+0800: 1251.295: [scrub symbol table, 0.0097282 secs]2024-03-31T19:53:19.290+0800: 1251.305: [scrub string table, 0.0004720 secs][1 CMS-remark: 63K(64K)] 99193K(118016K), 0.0942374 secs] [Times: user=0.09 sys=0.00, real=0.10 secs] 
2024-03-31T19:53:19.294+0800: 1251.309: [CMS-concurrent-sweep-start]
2024-03-31T19:53:19.294+0800: 1251.309: [CMS-concurrent-sweep: 0.000/0.000 secs] [Times: user=0.00 sys=0.00, real=0.00 secs] 
2024-03-31T19:53:19.295+0800: 1251.310: [CMS-concurrent-reset-start]
2024-03-31T19:53:19.295+0800: 1251.310: [CMS-concurrent-reset: 0.000/0.000 secs] [Times: user=0.00 sys=0.00, real=0.00 secs] 
2024-03-31T19:53:21.303+0800: 1253.318: [GC (CMS Initial Mark) [1 CMS-initial-mark: 63K(64K)] 99637K(118016K), 0.1026851 secs] [Times: user=0.11 sys=0.00, real=0.11 secs] 
2024-03-31T19:53:21.406+0800: 1253.421: [CMS-concurrent-mark-start]
2024-03-31T19:53:21.407+0800: 1253.422: [CMS-concurrent-mark: 0.000/0.000 secs] [Times: user=0.00 sys=0.00, real=0.00 secs] 
2024-03-31T19:53:21.407+0800: 1253.422: [CMS-concurrent-preclean-start]
2024-03-31T19:53:21.409+0800: 1253.424: [CMS-concurrent-preclean: 0.001/0.001 secs] [Times: user=0.00 sys=0.00, real=0.00 secs] 
2024-03-31T19:53:21.409+0800: 1253.424: [CMS-concurrent-abortable-preclean-start]
2024-03-31T19:53:21.409+0800: 1253.424: [CMS-concurrent-abortable-preclean: 0.000/0.000 secs] [Times: user=0.00 sys=0.00, real=0.00 secs] 
2024-03-31T19:53:21.410+0800: 1253.425: [GC (CMS Final Remark) [YG occupancy: 99573 K (117952 K)]2024-03-31T19:53:21.410+0800: 1253.425: [Rescan (non-parallel) 2024-03-31T19:53:21.410+0800: 1253.425: [grey object rescan, 0.0000608 secs]2024-03-31T19:53:21.410+0800: 1253.425: [root rescan, 0.0680250 secs]2024-03-31T19:53:21.479+0800: 1253.494: [visit unhandled CLDs, 0.0001265 secs]2024-03-31T19:53:21.479+0800: 1253.494: [dirty klass scan, 0.0012928 secs], 0.0699509 secs]2024-03-31T19:53:21.480+0800: 1253.495: [weak refs processing, 0.0001219 secs]2024-03-31T19:53:21.480+0800: 1253.495: [class unloading, 0.0117456 secs]2024-03-31T19:53:21.492+0800: 1253.507: [scrub symbol table, 0.0096595 secs]2024-03-31T19:53:21.502+0800: 1253.517: [scrub string table, 0.0004775 secs][1 CMS-remark: 63K(64K)] 99637K(118016K), 0.0952118 secs] [Times: user=0.10 sys=0.00, real=0.10 secs] 
2024-03-31T19:53:21.506+0800: 1253.521: [CMS-concurrent-sweep-start]
2024-03-31T19:53:21.506+0800: 1253.521: [CMS-concurrent-sweep: 0.000/0.000 secs] [Times: user=0.00 sys=0.00, real=0.00 secs] 
2024-03-31T19:53:21.506+0800: 1253.521: [CMS-concurrent-reset-start]
2024-03-31T19:53:21.506+0800: 1253.521: [CMS-concurrent-reset: 0.000/0.000 secs] [Times: user=0.00 sys=0.00, real=0.00 secs] 
2024-03-31T19:53:23.514+0800: 1255.529: [GC (CMS Initial Mark) [1 CMS-initial-mark: 63K(64K)] 99928K(118016K), 0.1128483 secs] [Times: user=0.11 sys=0.00, real=0.11 secs] 
2024-03-31T19:53:23.627+0800: 1255.642: [CMS-concurrent-mark-start]
2024-03-31T19:53:23.628+0800: 1255.643: [CMS-concurrent-mark: 0.000/0.000 secs] [Times: user=0.01 sys=0.00, real=0.00 secs] 
2024-03-31T19:53:23.629+0800: 1255.644: [CMS-concurrent-preclean-start]
2024-03-31T19:53:23.630+0800: 1255.645: [CMS-concurrent-preclean: 0.001/0.001 secs] [Times: user=0.00 sys=0.00, real=0.00 secs] 
2024-03-31T19:53:23.631+0800: 1255.646: [CMS-concurrent-abortable-preclean-start]
2024-03-31T19:53:23.631+0800: 1255.646: [CMS-concurrent-abortable-preclean: 0.000/0.000 secs] [Times: user=0.00 sys=0.00, real=0.00 secs] 
2024-03-31T19:53:23.632+0800: 1255.647: [GC (CMS Final Remark) [YG occupancy: 99864 K (117952 K)]2024-03-31T19:53:23.632+0800: 1255.647: [Rescan (non-parallel) 2024-03-31T19:53:23.632+0800: 1255.647: [grey object rescan, 0.0000828 secs]2024-03-31T19:53:23.633+0800: 1255.647: [root rescan, 0.0705293 secs]2024-03-31T19:53:23.703+0800: 1255.718: [visit unhandled CLDs, 0.0001322 secs]2024-03-31T19:53:23.703+0800: 1255.718: [dirty klass scan, 0.0012955 secs], 0.0725606 secs]2024-03-31T19:53:23.705+0800: 1255.720: [weak refs processing, 0.0001265 secs]2024-03-31T19:53:23.705+0800: 1255.720: [class unloading, 0.0115158 secs]2024-03-31T19:53:23.717+0800: 1255.732: [scrub symbol table, 0.0099077 secs]2024-03-31T19:53:23.727+0800: 1255.742: [scrub string table, 0.0004603 secs][1 CMS-remark: 63K(64K)] 99928K(118016K), 0.0978475 secs] [Times: user=0.10 sys=0.00, real=0.10 secs] 
2024-03-31T19:53:23.731+0800: 1255.746: [CMS-concurrent-sweep-start]
2024-03-31T19:53:23.731+0800: 1255.746: [CMS-concurrent-sweep: 0.000/0.000 secs] [Times: user=0.00 sys=0.00, real=0.00 secs] 
2024-03-31T19:53:23.732+0800: 1255.747: [CMS-concurrent-reset-start]
2024-03-31T19:53:23.733+0800: 1255.748: [CMS-concurrent-reset: 0.000/0.000 secs] [Times: user=0.00 sys=0.00, real=0.01 secs] 
2024-03-31T19:53:25.741+0800: 1257.756: [GC (CMS Initial Mark) [1 CMS-initial-mark: 63K(64K)] 100045K(118016K), 0.1082266 secs] [Times: user=0.11 sys=0.00, real=0.11 secs] 
2024-03-31T19:53:25.850+0800: 1257.865: [CMS-concurrent-mark-start]
2024-03-31T19:53:25.850+0800: 1257.865: [CMS-concurrent-mark: 0.000/0.000 secs] [Times: user=0.00 sys=0.00, real=0.00 secs] 
2024-03-31T19:53:25.851+0800: 1257.866: [CMS-concurrent-preclean-start]
2024-03-31T19:53:25.853+0800: 1257.868: [CMS-concurrent-preclean: 0.001/0.001 secs] [Times: user=0.00 sys=0.00, real=0.01 secs] 
2024-03-31T19:53:25.854+0800: 1257.869: [CMS-concurrent-abortable-preclean-start]
2024-03-31T19:53:25.854+0800: 1257.869: [CMS-concurrent-abortable-preclean: 0.000/0.000 secs] [Times: user=0.00 sys=0.00, real=0.00 secs] 
2024-03-31T19:53:25.856+0800: 1257.871: [GC (CMS Final Remark) [YG occupancy: 99992 K (117952 K)]2024-03-31T19:53:25.856+0800: 1257.871: [Rescan (non-parallel) 2024-03-31T19:53:25.857+0800: 1257.871: [grey object rescan, 0.0000685 secs]2024-03-31T19:53:25.857+0800: 1257.872: [root rescan, 0.0687291 secs]2024-03-31T19:53:25.926+0800: 1257.940: [visit unhandled CLDs, 0.0001230 secs]2024-03-31T19:53:25.926+0800: 1257.941: [dirty klass scan, 0.0012588 secs], 0.0705960 secs]2024-03-31T19:53:25.927+0800: 1257.942: [weak refs processing, 0.0001123 secs]2024-03-31T19:53:25.927+0800: 1257.942: [class unloading, 0.0113339 secs]2024-03-31T19:53:25.939+0800: 1257.954: [scrub symbol table, 0.0096205 secs]2024-03-31T19:53:25.949+0800: 1257.963: [scrub string table, 0.0004712 secs][1 CMS-remark: 63K(64K)] 100056K(118016K), 0.0954617 secs] [Times: user=0.10 sys=0.00, real=0.09 secs] 
2024-03-31T19:53:25.953+0800: 1257.967: [CMS-concurrent-sweep-start]
2024-03-31T19:53:25.953+0800: 1257.968: [CMS-concurrent-sweep: 0.000/0.000 secs] [Times: user=0.00 sys=0.00, real=0.01 secs] 
2024-03-31T19:53:25.955+0800: 1257.970: [CMS-concurrent-reset-start]
2024-03-31T19:53:25.956+0800: 1257.971: [CMS-concurrent-reset: 0.000/0.000 secs] [Times: user=0.00 sys=0.00, real=0.00 secs] 
2024-03-31T19:53:27.959+0800: 1259.974: [GC (CMS Initial Mark) [1 CMS-initial-mark: 63K(64K)] 100270K(118016K), 0.0932725 secs] [Times: user=0.09 sys=0.00, real=0.10 secs] 
2024-03-31T19:53:28.053+0800: 1260.068: [CMS-concurrent-mark-start]
2024-03-31T19:53:28.054+0800: 1260.069: [CMS-concurrent-mark: 0.000/0.000 secs] [Times: user=0.00 sys=0.00, real=0.00 secs] 
2024-03-31T19:53:28.055+0800: 1260.070: [CMS-concurrent-preclean-start]
2024-03-31T19:53:28.057+0800: 1260.072: [CMS-concurrent-preclean: 0.001/0.001 secs] [Times: user=0.01 sys=0.00, real=0.00 secs] 
2024-03-31T19:53:28.058+0800: 1260.073: [CMS-concurrent-abortable-preclean-start]
2024-03-31T19:53:28.059+0800: 1260.074: [CMS-concurrent-abortable-preclean: 0.000/0.000 secs] [Times: user=0.00 sys=0.00, real=0.00 secs] 
2024-03-31T19:53:28.062+0800: 1260.077: [GC (CMS Final Remark) [YG occupancy: 100220 K (117952 K)]2024-03-31T19:53:28.062+0800: 1260.077: [Rescan (non-parallel) 2024-03-31T19:53:28.062+0800: 1260.077: [grey object rescan, 0.0001393 secs]2024-03-31T19:53:28.062+0800: 1260.077: [root rescan, 0.0690522 secs]2024-03-31T19:53:28.131+0800: 1260.146: [visit unhandled CLDs, 0.0001837 secs]2024-03-31T19:53:28.132+0800: 1260.147: [dirty klass scan, 0.0013236 secs], 0.0713689 secs]2024-03-31T19:53:28.133+0800: 1260.148: [weak refs processing, 0.0001328 secs]2024-03-31T19:53:28.134+0800: 1260.148: [class unloading, 0.0113546 secs]2024-03-31T19:53:28.145+0800: 1260.160: [scrub symbol table, 0.0097418 secs]2024-03-31T19:53:28.155+0800: 1260.170: [scrub string table, 0.0004804 secs][1 CMS-remark: 63K(64K)] 100284K(118016K), 0.0969572 secs] [Times: user=0.10 sys=0.00, real=0.10 secs] 
2024-03-31T19:53:28.160+0800: 1260.175: [CMS-concurrent-sweep-start]
2024-03-31T19:53:28.160+0800: 1260.175: [CMS-concurrent-sweep: 0.000/0.000 secs] [Times: user=0.00 sys=0.00, real=0.00 secs] 
2024-03-31T19:53:28.162+0800: 1260.177: [CMS-concurrent-reset-start]
2024-03-31T19:53:28.163+0800: 1260.178: [CMS-concurrent-reset: 0.000/0.000 secs] [Times: user=0.00 sys=0.00, real=0.01 secs] 
2024-03-31T19:53:30.172+0800: 1262.187: [GC (CMS Initial Mark) [1 CMS-initial-mark: 63K(64K)] 100582K(118016K), 0.1092121 secs] [Times: user=0.11 sys=0.00, real=0.11 secs] 
2024-03-31T19:53:30.282+0800: 1262.297: [CMS-concurrent-mark-start]
2024-03-31T19:53:30.283+0800: 1262.298: [CMS-concurrent-mark: 0.000/0.000 secs] [Times: user=0.00 sys=0.00, real=0.01 secs] 
2024-03-31T19:53:30.283+0800: 1262.298: [CMS-concurrent-preclean-start]
2024-03-31T19:53:30.285+0800: 1262.300: [CMS-concurrent-preclean: 0.001/0.001 secs] [Times: user=0.00 sys=0.00, real=0.00 secs] 
2024-03-31T19:53:30.285+0800: 1262.300: [CMS-concurrent-abortable-preclean-start]
2024-03-31T19:53:30.285+0800: 1262.300: [CMS-concurrent-abortable-preclean: 0.000/0.000 secs] [Times: user=0.00 sys=0.00, real=0.00 secs] 
2024-03-31T19:53:30.286+0800: 1262.301: [GC (CMS Final Remark) [YG occupancy: 100518 K (117952 K)]2024-03-31T19:53:30.286+0800: 1262.301: [Rescan (non-parallel) 2024-03-31T19:53:30.286+0800: 1262.301: [grey object rescan, 0.0001213 secs]2024-03-31T19:53:30.286+0800: 1262.301: [root rescan, 0.0713777 secs]2024-03-31T19:53:30.358+0800: 1262.373: [visit unhandled CLDs, 0.0001701 secs]2024-03-31T19:53:30.358+0800: 1262.373: [dirty klass scan, 0.0013895 secs], 0.0737365 secs]2024-03-31T19:53:30.360+0800: 1262.375: [weak refs processing, 0.0001496 secs]2024-03-31T19:53:30.360+0800: 1262.375: [class unloading, 0.0119840 secs]2024-03-31T19:53:30.372+0800: 1262.387: [scrub symbol table, 0.0097003 secs]2024-03-31T19:53:30.382+0800: 1262.397: [scrub string table, 0.0005020 secs][1 CMS-remark: 63K(64K)] 100582K(118016K), 0.0995990 secs] [Times: user=0.09 sys=0.00, real=0.10 secs] 
2024-03-31T19:53:30.386+0800: 1262.401: [CMS-concurrent-sweep-start]
2024-03-31T19:53:30.387+0800: 1262.402: [CMS-concurrent-sweep: 0.000/0.000 secs] [Times: user=0.00 sys=0.00, real=0.00 secs] 
2024-03-31T19:53:30.388+0800: 1262.403: [CMS-concurrent-reset-start]
2024-03-31T19:53:30.388+0800: 1262.403: [CMS-concurrent-reset: 0.000/0.000 secs] [Times: user=0.01 sys=0.00, real=0.00 secs] 
2024-03-31T19:53:32.397+0800: 1264.412: [GC (CMS Initial Mark) [1 CMS-initial-mark: 63K(64K)] 100776K(118016K), 0.1080326 secs] [Times: user=0.11 sys=0.00, real=0.11 secs] 
2024-03-31T19:53:32.506+0800: 1264.521: [CMS-concurrent-mark-start]
2024-03-31T19:53:32.507+0800: 1264.522: [CMS-concurrent-mark: 0.000/0.000 secs] [Times: user=0.00 sys=0.00, real=0.00 secs] 
2024-03-31T19:53:32.508+0800: 1264.522: [CMS-concurrent-preclean-start]
2024-03-31T19:53:32.510+0800: 1264.524: [CMS-concurrent-preclean: 0.001/0.001 secs] [Times: user=0.00 sys=0.01, real=0.00 secs] 
2024-03-31T19:53:32.510+0800: 1264.525: [CMS-concurrent-abortable-preclean-start]
2024-03-31T19:53:32.510+0800: 1264.525: [CMS-concurrent-abortable-preclean: 0.000/0.000 secs] [Times: user=0.00 sys=0.00, real=0.00 secs] 
2024-03-31T19:53:32.512+0800: 1264.527: [GC (CMS Final Remark) [YG occupancy: 100712 K (117952 K)]2024-03-31T19:53:32.512+0800: 1264.527: [Rescan (non-parallel) 2024-03-31T19:53:32.512+0800: 1264.527: [grey object rescan, 0.0001041 secs]2024-03-31T19:53:32.512+0800: 1264.527: [root rescan, 0.0687546 secs]2024-03-31T19:53:32.581+0800: 1264.596: [visit unhandled CLDs, 0.0001708 secs]2024-03-31T19:53:32.581+0800: 1264.596: [dirty klass scan, 0.0013060 secs], 0.0709620 secs]2024-03-31T19:53:32.583+0800: 1264.598: [weak refs processing, 0.0001488 secs]2024-03-31T19:53:32.583+0800: 1264.598: [class unloading, 0.0115202 secs]2024-03-31T19:53:32.595+0800: 1264.610: [scrub symbol table, 0.0095781 secs]2024-03-31T19:53:32.605+0800: 1264.620: [scrub string table, 0.0004975 secs][1 CMS-remark: 63K(64K)] 100776K(118016K), 0.0963838 secs] [Times: user=0.10 sys=0.00, real=0.10 secs] 
2024-03-31T19:53:32.609+0800: 1264.624: [CMS-concurrent-sweep-start]
2024-03-31T19:53:32.609+0800: 1264.624: [CMS-concurrent-sweep: 0.000/0.000 secs] [Times: user=0.00 sys=0.00, real=0.00 secs] 
2024-03-31T19:53:32.610+0800: 1264.625: [CMS-concurrent-reset-start]
2024-03-31T19:53:32.611+0800: 1264.626: [CMS-concurrent-reset: 0.000/0.000 secs] [Times: user=0.00 sys=0.00, real=0.00 secs] 
2024-03-31T19:53:34.619+0800: 1266.634: [GC (CMS Initial Mark) [1 CMS-initial-mark: 63K(64K)] 100997K(118016K), 0.1121135 secs] [Times: user=0.11 sys=0.00, real=0.11 secs] 
2024-03-31T19:53:34.732+0800: 1266.747: [CMS-concurrent-mark-start]
2024-03-31T19:53:34.733+0800: 1266.748: [CMS-concurrent-mark: 0.000/0.000 secs] [Times: user=0.00 sys=0.00, real=0.01 secs] 
2024-03-31T19:53:34.734+0800: 1266.749: [CMS-concurrent-preclean-start]
2024-03-31T19:53:34.736+0800: 1266.751: [CMS-concurrent-preclean: 0.001/0.001 secs] [Times: user=0.00 sys=0.00, real=0.00 secs] 
2024-03-31T19:53:34.736+0800: 1266.751: [CMS-concurrent-abortable-preclean-start]
2024-03-31T19:53:34.736+0800: 1266.751: [CMS-concurrent-abortable-preclean: 0.000/0.000 secs] [Times: user=0.00 sys=0.00, real=0.00 secs] 
2024-03-31T19:53:34.738+0800: 1266.752: [GC (CMS Final Remark) [YG occupancy: 100962 K (117952 K)]2024-03-31T19:53:34.738+0800: 1266.753: [Rescan (non-parallel) 2024-03-31T19:53:34.738+0800: 1266.753: [grey object rescan, 0.0001353 secs]2024-03-31T19:53:34.738+0800: 1266.753: [root rescan, 0.0688855 secs]2024-03-31T19:53:34.807+0800: 1266.822: [visit unhandled CLDs, 0.0001503 secs]2024-03-31T19:53:34.807+0800: 1266.822: [dirty klass scan, 0.0012795 secs], 0.0710810 secs]2024-03-31T19:53:34.809+0800: 1266.824: [weak refs processing, 0.0001455 secs]2024-03-31T19:53:34.809+0800: 1266.824: [class unloading, 0.0116930 secs]2024-03-31T19:53:34.821+0800: 1266.836: [scrub symbol table, 0.0096183 secs]2024-03-31T19:53:34.831+0800: 1266.846: [scrub string table, 0.0004849 secs][1 CMS-remark: 63K(64K)] 101026K(118016K), 0.0964790 secs] [Times: user=0.09 sys=0.00, real=0.10 secs] 
2024-03-31T19:53:34.835+0800: 1266.850: [CMS-concurrent-sweep-start]
2024-03-31T19:53:34.835+0800: 1266.850: [CMS-concurrent-sweep: 0.000/0.000 secs] [Times: user=0.00 sys=0.00, real=0.00 secs] 
2024-03-31T19:53:34.836+0800: 1266.851: [CMS-concurrent-reset-start]
2024-03-31T19:53:34.837+0800: 1266.852: [CMS-concurrent-reset: 0.000/0.000 secs] [Times: user=0.00 sys=0.00, real=0.00 secs] 
2024-03-31T19:53:36.845+0800: 1268.860: [GC (CMS Initial Mark) [1 CMS-initial-mark: 63K(64K)] 101288K(118016K), 0.1116194 secs] [Times: user=0.11 sys=0.00, real=0.11 secs] 
2024-03-31T19:53:36.957+0800: 1268.972: [CMS-concurrent-mark-start]
2024-03-31T19:53:36.958+0800: 1268.973: [CMS-concurrent-mark: 0.000/0.000 secs] [Times: user=0.00 sys=0.00, real=0.00 secs] 
2024-03-31T19:53:36.959+0800: 1268.974: [CMS-concurrent-preclean-start]
2024-03-31T19:53:36.961+0800: 1268.976: [CMS-concurrent-preclean: 0.001/0.001 secs] [Times: user=0.01 sys=0.00, real=0.00 secs] 
2024-03-31T19:53:36.963+0800: 1268.978: [CMS-concurrent-abortable-preclean-start]
2024-03-31T19:53:36.963+0800: 1268.978: [CMS-concurrent-abortable-preclean: 0.000/0.000 secs] [Times: user=0.00 sys=0.00, real=0.01 secs] 
2024-03-31T19:53:36.965+0800: 1268.980: [GC (CMS Final Remark) [YG occupancy: 101224 K (117952 K)]2024-03-31T19:53:36.965+0800: 1268.980: [Rescan (non-parallel) 2024-03-31T19:53:36.965+0800: 1268.980: [grey object rescan, 0.0001032 secs]2024-03-31T19:53:36.965+0800: 1268.980: [root rescan, 0.0712365 secs]2024-03-31T19:53:37.037+0800: 1269.052: [visit unhandled CLDs, 0.0001849 secs]2024-03-31T19:53:37.037+0800: 1269.052: [dirty klass scan, 0.0016789 secs], 0.0738812 secs]2024-03-31T19:53:37.039+0800: 1269.054: [weak refs processing, 0.0001367 secs]2024-03-31T19:53:37.039+0800: 1269.054: [class unloading, 0.0123277 secs]2024-03-31T19:53:37.052+0800: 1269.066: [scrub symbol table, 0.0100129 secs]2024-03-31T19:53:37.062+0800: 1269.077: [scrub string table, 0.0005093 secs][1 CMS-remark: 63K(64K)] 101288K(118016K), 0.1006748 secs] [Times: user=0.10 sys=0.00, real=0.10 secs] 
2024-03-31T19:53:37.066+0800: 1269.081: [CMS-concurrent-sweep-start]
2024-03-31T19:53:37.066+0800: 1269.081: [CMS-concurrent-sweep: 0.000/0.000 secs] [Times: user=0.00 sys=0.00, real=0.00 secs] 
2024-03-31T19:53:37.068+0800: 1269.083: [CMS-concurrent-reset-start]
2024-03-31T19:53:37.068+0800: 1269.083: [CMS-concurrent-reset: 0.000/0.000 secs] [Times: user=0.00 sys=0.00, real=0.00 secs] 
2024-03-31T19:53:39.070+0800: 1271.085: [GC (CMS Initial Mark) [1 CMS-initial-mark: 63K(64K)] 101544K(118016K), 0.0689520 secs] [Times: user=0.07 sys=0.00, real=0.07 secs] 
2024-03-31T19:53:39.140+0800: 1271.155: [CMS-concurrent-mark-start]
2024-03-31T19:53:39.140+0800: 1271.155: [CMS-concurrent-mark: 0.000/0.000 secs] [Times: user=0.00 sys=0.00, real=0.00 secs] 
2024-03-31T19:53:39.141+0800: 1271.156: [CMS-concurrent-preclean-start]
2024-03-31T19:53:39.143+0800: 1271.158: [CMS-concurrent-preclean: 0.001/0.001 secs] [Times: user=0.00 sys=0.00, real=0.01 secs] 
2024-03-31T19:53:39.144+0800: 1271.159: [CMS-concurrent-abortable-preclean-start]
2024-03-31T19:53:39.145+0800: 1271.160: [CMS-concurrent-abortable-preclean: 0.000/0.000 secs] [Times: user=0.00 sys=0.00, real=0.00 secs] 
2024-03-31T19:53:39.146+0800: 1271.161: [GC (CMS Final Remark) [YG occupancy: 101515 K (117952 K)]2024-03-31T19:53:39.146+0800: 1271.161: [Rescan (non-parallel) 2024-03-31T19:53:39.146+0800: 1271.161: [grey object rescan, 0.0001102 secs]2024-03-31T19:53:39.147+0800: 1271.162: [root rescan, 0.0702470 secs]2024-03-31T19:53:39.217+0800: 1271.232: [visit unhandled CLDs, 0.0001738 secs]2024-03-31T19:53:39.217+0800: 1271.232: [dirty klass scan, 0.0013317 secs], 0.0724824 secs]2024-03-31T19:53:39.219+0800: 1271.234: [weak refs processing, 0.0001431 secs]2024-03-31T19:53:39.219+0800: 1271.234: [class unloading, 0.0114538 secs]2024-03-31T19:53:39.231+0800: 1271.246: [scrub symbol table, 0.0135916 secs]2024-03-31T19:53:39.245+0800: 1271.260: [scrub string table, 0.0005361 secs][1 CMS-remark: 63K(64K)] 101579K(118016K), 0.1019577 secs] [Times: user=0.10 sys=0.00, real=0.10 secs] 
2024-03-31T19:53:39.249+0800: 1271.264: [CMS-concurrent-sweep-start]
2024-03-31T19:53:39.249+0800: 1271.264: [CMS-concurrent-sweep: 0.000/0.000 secs] [Times: user=0.01 sys=0.00, real=0.00 secs] 
2024-03-31T19:53:39.250+0800: 1271.265: [CMS-concurrent-reset-start]
2024-03-31T19:53:39.251+0800: 1271.266: [CMS-concurrent-reset: 0.000/0.000 secs] [Times: user=0.00 sys=0.00, real=0.00 secs] 
2024-03-31T19:53:41.254+0800: 1273.269: [GC (CMS Initial Mark) [1 CMS-initial-mark: 63K(64K)] 101736K(118016K), 0.1068467 secs] [Times: user=0.11 sys=0.00, real=0.10 secs] 
2024-03-31T19:53:41.362+0800: 1273.377: [CMS-concurrent-mark-start]
2024-03-31T19:53:41.363+0800: 1273.378: [CMS-concurrent-mark: 0.000/0.000 secs] [Times: user=0.00 sys=0.00, real=0.01 secs] 
2024-03-31T19:53:41.363+0800: 1273.378: [CMS-concurrent-preclean-start]
2024-03-31T19:53:41.365+0800: 1273.380: [CMS-concurrent-preclean: 0.001/0.001 secs] [Times: user=0.00 sys=0.00, real=0.00 secs] 
2024-03-31T19:53:41.366+0800: 1273.381: [CMS-concurrent-abortable-preclean-start]
2024-03-31T19:53:41.367+0800: 1273.382: [CMS-concurrent-abortable-preclean: 0.000/0.000 secs] [Times: user=0.00 sys=0.00, real=0.00 secs] 
2024-03-31T19:53:41.368+0800: 1273.383: [GC (CMS Final Remark) [YG occupancy: 101672 K (117952 K)]2024-03-31T19:53:41.368+0800: 1273.383: [Rescan (non-parallel) 2024-03-31T19:53:41.368+0800: 1273.383: [grey object rescan, 0.0001149 secs]2024-03-31T19:53:41.368+0800: 1273.383: [root rescan, 0.0717163 secs]2024-03-31T19:53:41.440+0800: 1273.455: [visit unhandled CLDs, 0.0001903 secs]2024-03-31T19:53:41.441+0800: 1273.456: [dirty klass scan, 0.0014930 secs], 0.0741945 secs]2024-03-31T19:53:41.442+0800: 1273.457: [weak refs processing, 0.0001610 secs]2024-03-31T19:53:41.443+0800: 1273.458: [class unloading, 0.0117795 secs]2024-03-31T19:53:41.455+0800: 1273.470: [scrub symbol table, 0.0097927 secs]2024-03-31T19:53:41.465+0800: 1273.480: [scrub string table, 0.0005069 secs][1 CMS-remark: 63K(64K)] 101736K(118016K), 0.1000450 secs] [Times: user=0.10 sys=0.00, real=0.10 secs] 
2024-03-31T19:53:41.469+0800: 1273.484: [CMS-concurrent-sweep-start]
2024-03-31T19:53:41.469+0800: 1273.484: [CMS-concurrent-sweep: 0.000/0.000 secs] [Times: user=0.00 sys=0.00, real=0.00 secs] 
2024-03-31T19:53:41.471+0800: 1273.486: [CMS-concurrent-reset-start]
2024-03-31T19:53:41.472+0800: 1273.486: [CMS-concurrent-reset: 0.000/0.000 secs] [Times: user=0.01 sys=0.00, real=0.00 secs] 
2024-03-31T19:53:43.474+0800: 1275.489: [GC (CMS Initial Mark) [1 CMS-initial-mark: 63K(64K)] 101862K(118016K), 0.0771528 secs] [Times: user=0.08 sys=0.00, real=0.07 secs] 
2024-03-31T19:53:43.552+0800: 1275.567: [CMS-concurrent-mark-start]
2024-03-31T19:53:43.552+0800: 1275.567: [CMS-concurrent-mark: 0.000/0.000 secs] [Times: user=0.00 sys=0.00, real=0.00 secs] 
2024-03-31T19:53:43.553+0800: 1275.568: [CMS-concurrent-preclean-start]
2024-03-31T19:53:43.556+0800: 1275.571: [CMS-concurrent-preclean: 0.001/0.001 secs] [Times: user=0.01 sys=0.00, real=0.00 secs] 
2024-03-31T19:53:43.558+0800: 1275.573: [CMS-concurrent-abortable-preclean-start]
2024-03-31T19:53:43.558+0800: 1275.573: [CMS-concurrent-abortable-preclean: 0.000/0.000 secs] [Times: user=0.00 sys=0.00, real=0.00 secs] 
2024-03-31T19:53:43.560+0800: 1275.575: [GC (CMS Final Remark) [YG occupancy: 101798 K (117952 K)]2024-03-31T19:53:43.560+0800: 1275.575: [Rescan (non-parallel) 2024-03-31T19:53:43.561+0800: 1275.575: [grey object rescan, 0.0001315 secs]2024-03-31T19:53:43.561+0800: 1275.576: [root rescan, 0.0720921 secs]2024-03-31T19:53:43.633+0800: 1275.648: [visit unhandled CLDs, 0.0001695 secs]2024-03-31T19:53:43.633+0800: 1275.648: [dirty klass scan, 0.0014221 secs], 0.0745253 secs]2024-03-31T19:53:43.635+0800: 1275.650: [weak refs processing, 0.0001576 secs]2024-03-31T19:53:43.635+0800: 1275.650: [class unloading, 0.0126004 secs]2024-03-31T19:53:43.648+0800: 1275.663: [scrub symbol table, 0.0110752 secs]2024-03-31T19:53:43.659+0800: 1275.674: [scrub string table, 0.0005382 secs][1 CMS-remark: 63K(64K)] 101862K(118016K), 0.1027781 secs] [Times: user=0.10 sys=0.00, real=0.11 secs] 
2024-03-31T19:53:43.664+0800: 1275.679: [CMS-concurrent-sweep-start]
2024-03-31T19:53:43.665+0800: 1275.680: [CMS-concurrent-sweep: 0.000/0.000 secs] [Times: user=0.00 sys=0.00, real=0.00 secs] 
2024-03-31T19:53:43.670+0800: 1275.685: [CMS-concurrent-reset-start]
2024-03-31T19:53:43.671+0800: 1275.686: [CMS-concurrent-reset: 0.000/0.000 secs] [Times: user=0.01 sys=0.00, real=0.00 secs] 
2024-03-31T19:53:45.679+0800: 1277.694: [GC (CMS Initial Mark) [1 CMS-initial-mark: 63K(64K)] 102038K(118016K), 0.0857999 secs] [Times: user=0.09 sys=0.00, real=0.09 secs] 
2024-03-31T19:53:45.766+0800: 1277.781: [CMS-concurrent-mark-start]
2024-03-31T19:53:45.767+0800: 1277.782: [CMS-concurrent-mark: 0.000/0.000 secs] [Times: user=0.00 sys=0.00, real=0.00 secs] 
2024-03-31T19:53:45.767+0800: 1277.782: [CMS-concurrent-preclean-start]
2024-03-31T19:53:45.770+0800: 1277.785: [CMS-concurrent-preclean: 0.001/0.001 secs] [Times: user=0.00 sys=0.00, real=0.00 secs] 
2024-03-31T19:53:45.770+0800: 1277.785: [CMS-concurrent-abortable-preclean-start]
2024-03-31T19:53:45.772+0800: 1277.787: [CMS-concurrent-abortable-preclean: 0.000/0.000 secs] [Times: user=0.01 sys=0.00, real=0.00 secs] 
2024-03-31T19:53:45.772+0800: 1277.787: [GC (CMS Final Remark) [YG occupancy: 101974 K (117952 K)]2024-03-31T19:53:45.773+0800: 1277.788: [Rescan (non-parallel) 2024-03-31T19:53:45.773+0800: 1277.788: [grey object rescan, 0.0001640 secs]2024-03-31T19:53:45.773+0800: 1277.788: [root rescan, 0.0713791 secs]2024-03-31T19:53:45.845+0800: 1277.860: [visit unhandled CLDs, 0.0002545 secs]2024-03-31T19:53:45.845+0800: 1277.860: [dirty klass scan, 0.0013896 secs], 0.0738236 secs]2024-03-31T19:53:45.846+0800: 1277.861: [weak refs processing, 0.0001839 secs]2024-03-31T19:53:45.847+0800: 1277.862: [class unloading, 0.0118342 secs]2024-03-31T19:53:45.859+0800: 1277.874: [scrub symbol table, 0.0099598 secs]2024-03-31T19:53:45.869+0800: 1277.884: [scrub string table, 0.0004837 secs][1 CMS-remark: 63K(64K)] 102038K(118016K), 0.0998826 secs] [Times: user=0.09 sys=0.00, real=0.11 secs] 
2024-03-31T19:53:45.873+0800: 1277.888: [CMS-concurrent-sweep-start]
2024-03-31T19:53:45.874+0800: 1277.889: [CMS-concurrent-sweep: 0.000/0.000 secs] [Times: user=0.00 sys=0.00, real=0.00 secs] 
2024-03-31T19:53:45.875+0800: 1277.890: [CMS-concurrent-reset-start]
2024-03-31T19:53:45.876+0800: 1277.891: [CMS-concurrent-reset: 0.000/0.000 secs] [Times: user=0.00 sys=0.00, real=0.00 secs] 
2024-03-31T19:53:47.888+0800: 1279.904: [GC (CMS Initial Mark) [1 CMS-initial-mark: 63K(64K)] 102175K(118016K), 0.1166543 secs] [Times: user=0.11 sys=0.00, real=0.12 secs] 
2024-03-31T19:53:48.006+0800: 1280.021: [CMS-concurrent-mark-start]
2024-03-31T19:53:48.007+0800: 1280.021: [CMS-concurrent-mark: 0.000/0.000 secs] [Times: user=0.01 sys=0.00, real=0.00 secs] 
2024-03-31T19:53:48.007+0800: 1280.022: [CMS-concurrent-preclean-start]
2024-03-31T19:53:48.009+0800: 1280.024: [CMS-concurrent-preclean: 0.001/0.001 secs] [Times: user=0.00 sys=0.00, real=0.00 secs] 
2024-03-31T19:53:48.011+0800: 1280.026: [CMS-concurrent-abortable-preclean-start]
2024-03-31T19:53:48.012+0800: 1280.027: [CMS-concurrent-abortable-preclean: 0.000/0.000 secs] [Times: user=0.00 sys=0.00, real=0.00 secs] 
2024-03-31T19:53:48.014+0800: 1280.028: [GC (CMS Final Remark) [YG occupancy: 102111 K (117952 K)]2024-03-31T19:53:48.014+0800: 1280.029: [Rescan (non-parallel) 2024-03-31T19:53:48.014+0800: 1280.029: [grey object rescan, 0.0001406 secs]2024-03-31T19:53:48.014+0800: 1280.029: [root rescan, 0.0706670 secs]2024-03-31T19:53:48.085+0800: 1280.100: [visit unhandled CLDs, 0.0001588 secs]2024-03-31T19:53:48.085+0800: 1280.100: [dirty klass scan, 0.0013755 secs], 0.0730109 secs]2024-03-31T19:53:48.087+0800: 1280.102: [weak refs processing, 0.0001350 secs]2024-03-31T19:53:48.087+0800: 1280.102: [class unloading, 0.0126160 secs]2024-03-31T19:53:48.100+0800: 1280.115: [scrub symbol table, 0.0112912 secs]2024-03-31T19:53:48.111+0800: 1280.126: [scrub string table, 0.0005457 secs][1 CMS-remark: 63K(64K)] 102175K(118016K), 0.1015918 secs] [Times: user=0.10 sys=0.00, real=0.10 secs] 
2024-03-31T19:53:48.116+0800: 1280.131: [CMS-concurrent-sweep-start]
2024-03-31T19:53:48.116+0800: 1280.131: [CMS-concurrent-sweep: 0.000/0.000 secs] [Times: user=0.00 sys=0.00, real=0.00 secs] 
2024-03-31T19:53:48.117+0800: 1280.132: [CMS-concurrent-reset-start]
2024-03-31T19:53:48.117+0800: 1280.132: [CMS-concurrent-reset: 0.000/0.000 secs] [Times: user=0.00 sys=0.00, real=0.00 secs] 
2024-03-31T19:53:50.127+0800: 1282.142: [GC (CMS Initial Mark) [1 CMS-initial-mark: 63K(64K)] 102336K(118016K), 0.1079911 secs] [Times: user=0.11 sys=0.00, real=0.11 secs] 
2024-03-31T19:53:50.236+0800: 1282.251: [CMS-concurrent-mark-start]
2024-03-31T19:53:50.236+0800: 1282.251: [CMS-concurrent-mark: 0.000/0.000 secs] [Times: user=0.00 sys=0.00, real=0.00 secs] 
2024-03-31T19:53:50.237+0800: 1282.252: [CMS-concurrent-preclean-start]
2024-03-31T19:53:50.239+0800: 1282.254: [CMS-concurrent-preclean: 0.001/0.001 secs] [Times: user=0.00 sys=0.00, real=0.00 secs] 
2024-03-31T19:53:50.240+0800: 1282.255: [CMS-concurrent-abortable-preclean-start]
2024-03-31T19:53:50.241+0800: 1282.256: [CMS-concurrent-abortable-preclean: 0.000/0.000 secs] [Times: user=0.00 sys=0.00, real=0.00 secs] 
2024-03-31T19:53:50.242+0800: 1282.257: [GC (CMS Final Remark) [YG occupancy: 102272 K (117952 K)]2024-03-31T19:53:50.242+0800: 1282.257: [Rescan (non-parallel) 2024-03-31T19:53:50.242+0800: 1282.257: [grey object rescan, 0.0001185 secs]2024-03-31T19:53:50.242+0800: 1282.257: [root rescan, 0.0767500 secs]2024-03-31T19:53:50.319+0800: 1282.334: [visit unhandled CLDs, 0.0002377 secs]2024-03-31T19:53:50.320+0800: 1282.335: [dirty klass scan, 0.0018216 secs], 0.0797282 secs]2024-03-31T19:53:50.322+0800: 1282.337: [weak refs processing, 0.0002536 secs]2024-03-31T19:53:50.322+0800: 1282.337: [class unloading, 0.0129557 secs]2024-03-31T19:53:50.336+0800: 1282.351: [scrub symbol table, 0.0116825 secs]2024-03-31T19:53:50.347+0800: 1282.362: [scrub string table, 0.0006723 secs][1 CMS-remark: 63K(64K)] 102336K(118016K), 0.1093195 secs] [Times: user=0.11 sys=0.00, real=0.11 secs] 
2024-03-31T19:53:50.352+0800: 1282.367: [CMS-concurrent-sweep-start]
2024-03-31T19:53:50.353+0800: 1282.367: [CMS-concurrent-sweep: 0.000/0.000 secs] [Times: user=0.00 sys=0.00, real=0.01 secs] 
2024-03-31T19:53:50.354+0800: 1282.369: [CMS-concurrent-reset-start]
2024-03-31T19:53:50.355+0800: 1282.370: [CMS-concurrent-reset: 0.000/0.000 secs] [Times: user=0.00 sys=0.00, real=0.00 secs] 
2024-03-31T19:53:52.364+0800: 1284.379: [GC (CMS Initial Mark) [1 CMS-initial-mark: 63K(64K)] 102658K(118016K), 0.1063264 secs] [Times: user=0.11 sys=0.01, real=0.10 secs] 
2024-03-31T19:53:52.472+0800: 1284.487: [CMS-concurrent-mark-start]
2024-03-31T19:53:52.473+0800: 1284.487: [CMS-concurrent-mark: 0.000/0.000 secs] [Times: user=0.00 sys=0.00, real=0.01 secs] 
2024-03-31T19:53:52.473+0800: 1284.488: [CMS-concurrent-preclean-start]
2024-03-31T19:53:52.475+0800: 1284.490: [CMS-concurrent-preclean: 0.001/0.001 secs] [Times: user=0.01 sys=0.00, real=0.00 secs] 
2024-03-31T19:53:52.476+0800: 1284.491: [CMS-concurrent-abortable-preclean-start]
2024-03-31T19:53:52.477+0800: 1284.492: [CMS-concurrent-abortable-preclean: 0.000/0.000 secs] [Times: user=0.00 sys=0.00, real=0.00 secs] 
2024-03-31T19:53:52.478+0800: 1284.493: [GC (CMS Final Remark) [YG occupancy: 102594 K (117952 K)]2024-03-31T19:53:52.478+0800: 1284.493: [Rescan (non-parallel) 2024-03-31T19:53:52.478+0800: 1284.493: [grey object rescan, 0.0001042 secs]2024-03-31T19:53:52.478+0800: 1284.493: [root rescan, 0.0727064 secs]2024-03-31T19:53:52.551+0800: 1284.566: [visit unhandled CLDs, 0.0002706 secs]2024-03-31T19:53:52.552+0800: 1284.566: [dirty klass scan, 0.0017251 secs], 0.0755525 secs]2024-03-31T19:53:52.553+0800: 1284.568: [weak refs processing, 0.0002082 secs]2024-03-31T19:53:52.554+0800: 1284.569: [class unloading, 0.0148522 secs]2024-03-31T19:53:52.569+0800: 1284.584: [scrub symbol table, 0.0127548 secs]2024-03-31T19:53:52.582+0800: 1284.597: [scrub string table, 0.0008726 secs][1 CMS-remark: 63K(64K)] 102658K(118016K), 0.1083325 secs] [Times: user=0.10 sys=0.00, real=0.11 secs] 
2024-03-31T19:53:52.587+0800: 1284.602: [CMS-concurrent-sweep-start]
2024-03-31T19:53:52.587+0800: 1284.602: [CMS-concurrent-sweep: 0.000/0.000 secs] [Times: user=0.00 sys=0.00, real=0.00 secs] 
2024-03-31T19:53:52.589+0800: 1284.604: [CMS-concurrent-reset-start]
2024-03-31T19:53:52.590+0800: 1284.605: [CMS-concurrent-reset: 0.000/0.000 secs] [Times: user=0.01 sys=0.00, real=0.00 secs] 
2024-03-31T19:53:54.593+0800: 1286.608: [GC (CMS Initial Mark) [1 CMS-initial-mark: 63K(64K)] 102910K(118016K), 0.0798438 secs] [Times: user=0.07 sys=0.00, real=0.08 secs] 
2024-03-31T19:53:54.673+0800: 1286.688: [CMS-concurrent-mark-start]
2024-03-31T19:53:54.674+0800: 1286.689: [CMS-concurrent-mark: 0.000/0.000 secs] [Times: user=0.01 sys=0.00, real=0.00 secs] 
2024-03-31T19:53:54.675+0800: 1286.690: [CMS-concurrent-preclean-start]
2024-03-31T19:53:54.677+0800: 1286.692: [CMS-concurrent-preclean: 0.001/0.001 secs] [Times: user=0.00 sys=0.00, real=0.00 secs] 
2024-03-31T19:53:54.678+0800: 1286.692: [CMS-concurrent-abortable-preclean-start]
2024-03-31T19:53:54.678+0800: 1286.693: [CMS-concurrent-abortable-preclean: 0.000/0.000 secs] [Times: user=0.00 sys=0.00, real=0.00 secs] 
2024-03-31T19:53:54.679+0800: 1286.694: [GC (CMS Final Remark) [YG occupancy: 102847 K (117952 K)]2024-03-31T19:53:54.679+0800: 1286.694: [Rescan (non-parallel) 2024-03-31T19:53:54.679+0800: 1286.694: [grey object rescan, 0.0001287 secs]2024-03-31T19:53:54.679+0800: 1286.694: [root rescan, 0.0721380 secs]2024-03-31T19:53:54.752+0800: 1286.767: [visit unhandled CLDs, 0.0002597 secs]2024-03-31T19:53:54.752+0800: 1286.767: [dirty klass scan, 0.0014051 secs], 0.0747378 secs]2024-03-31T19:53:54.754+0800: 1286.769: [weak refs processing, 0.0001862 secs]2024-03-31T19:53:54.754+0800: 1286.769: [class unloading, 0.0201015 secs]2024-03-31T19:53:54.775+0800: 1286.790: [scrub symbol table, 0.0120096 secs]2024-03-31T19:53:54.787+0800: 1286.802: [scrub string table, 0.0005072 secs][1 CMS-remark: 63K(64K)] 102910K(118016K), 0.1114465 secs] [Times: user=0.11 sys=0.00, real=0.11 secs] 
2024-03-31T19:53:54.791+0800: 1286.806: [CMS-concurrent-sweep-start]
2024-03-31T19:53:54.792+0800: 1286.807: [CMS-concurrent-sweep: 0.000/0.000 secs] [Times: user=0.00 sys=0.00, real=0.00 secs] 
2024-03-31T19:53:54.794+0800: 1286.809: [CMS-concurrent-reset-start]
2024-03-31T19:53:54.795+0800: 1286.810: [CMS-concurrent-reset: 0.000/0.000 secs] [Times: user=0.01 sys=0.00, real=0.01 secs] 
2024-03-31T19:53:56.798+0800: 1288.813: [GC (CMS Initial Mark) [1 CMS-initial-mark: 63K(64K)] 103060K(118016K), 0.1127240 secs] [Times: user=0.11 sys=0.00, real=0.11 secs] 
2024-03-31T19:53:56.911+0800: 1288.926: [CMS-concurrent-mark-start]
2024-03-31T19:53:56.912+0800: 1288.927: [CMS-concurrent-mark: 0.000/0.000 secs] [Times: user=0.00 sys=0.00, real=0.00 secs] 
2024-03-31T19:53:56.913+0800: 1288.928: [CMS-concurrent-preclean-start]
2024-03-31T19:53:56.915+0800: 1288.930: [CMS-concurrent-preclean: 0.001/0.001 secs] [Times: user=0.00 sys=0.00, real=0.01 secs] 
2024-03-31T19:53:56.915+0800: 1288.930: [CMS-concurrent-abortable-preclean-start]
2024-03-31T19:53:56.916+0800: 1288.931: [CMS-concurrent-abortable-preclean: 0.000/0.000 secs] [Times: user=0.00 sys=0.00, real=0.00 secs] 
2024-03-31T19:53:56.916+0800: 1288.931: [GC (CMS Final Remark) [YG occupancy: 102996 K (117952 K)]2024-03-31T19:53:56.917+0800: 1288.932: [Rescan (non-parallel) 2024-03-31T19:53:56.917+0800: 1288.932: [grey object rescan, 0.0001154 secs]2024-03-31T19:53:56.917+0800: 1288.932: [root rescan, 0.0729260 secs]2024-03-31T19:53:56.990+0800: 1289.005: [visit unhandled CLDs, 0.0002915 secs]2024-03-31T19:53:56.991+0800: 1289.006: [dirty klass scan, 0.0015401 secs], 0.0757164 secs]2024-03-31T19:53:56.992+0800: 1289.007: [weak refs processing, 0.0001664 secs]2024-03-31T19:53:56.993+0800: 1289.008: [class unloading, 0.0123571 secs]2024-03-31T19:53:57.005+0800: 1289.020: [scrub symbol table, 0.0110928 secs]2024-03-31T19:53:57.017+0800: 1289.032: [scrub string table, 0.0007224 secs][1 CMS-remark: 63K(64K)] 103060K(118016K), 0.1041532 secs] [Times: user=0.10 sys=0.00, real=0.10 secs] 
2024-03-31T19:53:57.022+0800: 1289.037: [CMS-concurrent-sweep-start]
2024-03-31T19:53:57.022+0800: 1289.037: [CMS-concurrent-sweep: 0.000/0.000 secs] [Times: user=0.00 sys=0.00, real=0.00 secs] 
2024-03-31T19:53:57.024+0800: 1289.039: [CMS-concurrent-reset-start]
2024-03-31T19:53:57.026+0800: 1289.041: [CMS-concurrent-reset: 0.000/0.000 secs] [Times: user=0.01 sys=0.00, real=0.00 secs] 
2024-03-31T19:53:59.039+0800: 1291.054: [GC (CMS Initial Mark) [1 CMS-initial-mark: 63K(64K)] 103178K(118016K), 0.1103394 secs] [Times: user=0.11 sys=0.00, real=0.11 secs] 
2024-03-31T19:53:59.150+0800: 1291.165: [CMS-concurrent-mark-start]
2024-03-31T19:53:59.151+0800: 1291.166: [CMS-concurrent-mark: 0.000/0.000 secs] [Times: user=0.00 sys=0.00, real=0.00 secs] 
2024-03-31T19:53:59.152+0800: 1291.167: [CMS-concurrent-preclean-start]
2024-03-31T19:53:59.157+0800: 1291.172: [CMS-concurrent-preclean: 0.001/0.001 secs] [Times: user=0.00 sys=0.00, real=0.01 secs] 
2024-03-31T19:53:59.158+0800: 1291.173: [CMS-concurrent-abortable-preclean-start]
2024-03-31T19:53:59.159+0800: 1291.174: [CMS-concurrent-abortable-preclean: 0.000/0.000 secs] [Times: user=0.00 sys=0.01, real=0.00 secs] 
2024-03-31T19:53:59.161+0800: 1291.176: [GC (CMS Final Remark) [YG occupancy: 103141 K (117952 K)]2024-03-31T19:53:59.161+0800: 1291.176: [Rescan (non-parallel) 2024-03-31T19:53:59.162+0800: 1291.177: [grey object rescan, 0.0001105 secs]2024-03-31T19:53:59.162+0800: 1291.177: [root rescan, 0.0727985 secs]2024-03-31T19:53:59.235+0800: 1291.250: [visit unhandled CLDs, 0.0001643 secs]2024-03-31T19:53:59.235+0800: 1291.250: [dirty klass scan, 0.0014882 secs], 0.0752779 secs]2024-03-31T19:53:59.237+0800: 1291.252: [weak refs processing, 0.0001685 secs]2024-03-31T19:53:59.237+0800: 1291.252: [class unloading, 0.0120207 secs]2024-03-31T19:53:59.249+0800: 1291.264: [scrub symbol table, 0.0098801 secs]2024-03-31T19:53:59.259+0800: 1291.274: [scrub string table, 0.0005764 secs][1 CMS-remark: 63K(64K)] 103205K(118016K), 0.1015531 secs] [Times: user=0.10 sys=0.00, real=0.11 secs] 
2024-03-31T19:53:59.264+0800: 1291.278: [CMS-concurrent-sweep-start]
2024-03-31T19:53:59.264+0800: 1291.279: [CMS-concurrent-sweep: 0.000/0.000 secs] [Times: user=0.00 sys=0.00, real=0.00 secs] 
2024-03-31T19:53:59.265+0800: 1291.280: [CMS-concurrent-reset-start]
2024-03-31T19:53:59.267+0800: 1291.281: [CMS-concurrent-reset: 0.000/0.000 secs] [Times: user=0.00 sys=0.00, real=0.00 secs] 
2024-03-31T19:54:01.277+0800: 1293.292: [GC (CMS Initial Mark) [1 CMS-initial-mark: 63K(64K)] 103492K(118016K), 0.1245937 secs] [Times: user=0.11 sys=0.01, real=0.12 secs] 
2024-03-31T19:54:01.403+0800: 1293.417: [CMS-concurrent-mark-start]
2024-03-31T19:54:01.404+0800: 1293.418: [CMS-concurrent-mark: 0.000/0.000 secs] [Times: user=0.00 sys=0.00, real=0.01 secs] 
2024-03-31T19:54:01.405+0800: 1293.419: [CMS-concurrent-preclean-start]
2024-03-31T19:54:01.407+0800: 1293.421: [CMS-concurrent-preclean: 0.001/0.001 secs] [Times: user=0.01 sys=0.00, real=0.00 secs] 
2024-03-31T19:54:01.409+0800: 1293.423: [CMS-concurrent-abortable-preclean-start]
2024-03-31T19:54:01.410+0800: 1293.424: [CMS-concurrent-abortable-preclean: 0.000/0.000 secs] [Times: user=0.00 sys=0.00, real=0.00 secs] 
2024-03-31T19:54:01.411+0800: 1293.425: [GC (CMS Final Remark) [YG occupancy: 103428 K (117952 K)]2024-03-31T19:54:01.411+0800: 1293.425: [Rescan (non-parallel) 2024-03-31T19:54:01.411+0800: 1293.425: [grey object rescan, 0.0001220 secs]2024-03-31T19:54:01.411+0800: 1293.426: [root rescan, 0.0717568 secs]2024-03-31T19:54:01.483+0800: 1293.498: [visit unhandled CLDs, 0.0002461 secs]2024-03-31T19:54:01.484+0800: 1293.498: [dirty klass scan, 0.0015344 secs], 0.0744223 secs]2024-03-31T19:54:01.485+0800: 1293.500: [weak refs processing, 0.0001305 secs]2024-03-31T19:54:01.486+0800: 1293.500: [class unloading, 0.0118636 secs]2024-03-31T19:54:01.498+0800: 1293.512: [scrub symbol table, 0.0099174 secs]2024-03-31T19:54:01.508+0800: 1293.522: [scrub string table, 0.0005422 secs][1 CMS-remark: 63K(64K)] 103492K(118016K), 0.1005706 secs] [Times: user=0.10 sys=0.00, real=0.10 secs] 
2024-03-31T19:54:01.512+0800: 1293.526: [CMS-concurrent-sweep-start]
2024-03-31T19:54:01.513+0800: 1293.527: [CMS-concurrent-sweep: 0.000/0.000 secs] [Times: user=0.00 sys=0.00, real=0.00 secs] 
2024-03-31T19:54:01.515+0800: 1293.529: [CMS-concurrent-reset-start]
2024-03-31T19:54:01.515+0800: 1293.530: [CMS-concurrent-reset: 0.000/0.000 secs] [Times: user=0.00 sys=0.00, real=0.00 secs] 
2024-03-31T19:54:03.526+0800: 1295.540: [GC (CMS Initial Mark) [1 CMS-initial-mark: 63K(64K)] 103530K(118016K), 0.1129793 secs] [Times: user=0.11 sys=0.00, real=0.11 secs] 
2024-03-31T19:54:03.640+0800: 1295.654: [CMS-concurrent-mark-start]
2024-03-31T19:54:03.640+0800: 1295.655: [CMS-concurrent-mark: 0.000/0.000 secs] [Times: user=0.00 sys=0.00, real=0.00 secs] 
2024-03-31T19:54:03.642+0800: 1295.656: [CMS-concurrent-preclean-start]
2024-03-31T19:54:03.644+0800: 1295.659: [CMS-concurrent-preclean: 0.001/0.001 secs] [Times: user=0.01 sys=0.00, real=0.01 secs] 
2024-03-31T19:54:03.645+0800: 1295.659: [CMS-concurrent-abortable-preclean-start]
2024-03-31T19:54:03.645+0800: 1295.660: [CMS-concurrent-abortable-preclean: 0.000/0.000 secs] [Times: user=0.00 sys=0.00, real=0.00 secs] 
2024-03-31T19:54:03.646+0800: 1295.660: [GC (CMS Final Remark) [YG occupancy: 103466 K (117952 K)]2024-03-31T19:54:03.646+0800: 1295.661: [Rescan (non-parallel) 2024-03-31T19:54:03.646+0800: 1295.661: [grey object rescan, 0.0001141 secs]2024-03-31T19:54:03.647+0800: 1295.661: [root rescan, 0.0714707 secs]2024-03-31T19:54:03.718+0800: 1295.733: [visit unhandled CLDs, 0.0001662 secs]2024-03-31T19:54:03.718+0800: 1295.733: [dirty klass scan, 0.0014013 secs], 0.0737623 secs]2024-03-31T19:54:03.720+0800: 1295.734: [weak refs processing, 0.0001445 secs]2024-03-31T19:54:03.720+0800: 1295.735: [class unloading, 0.0116703 secs]2024-03-31T19:54:03.732+0800: 1295.747: [scrub symbol table, 0.0098620 secs]2024-03-31T19:54:03.742+0800: 1295.757: [scrub string table, 0.0005108 secs][1 CMS-remark: 63K(64K)] 103530K(118016K), 0.0995103 secs] [Times: user=0.10 sys=0.00, real=0.10 secs] 
2024-03-31T19:54:03.746+0800: 1295.761: [CMS-concurrent-sweep-start]
2024-03-31T19:54:03.747+0800: 1295.761: [CMS-concurrent-sweep: 0.000/0.000 secs] [Times: user=0.00 sys=0.00, real=0.00 secs] 
2024-03-31T19:54:03.749+0800: 1295.763: [CMS-concurrent-reset-start]
2024-03-31T19:54:03.749+0800: 1295.764: [CMS-concurrent-reset: 0.000/0.000 secs] [Times: user=0.00 sys=0.01, real=0.00 secs] 
2024-03-31T19:54:05.764+0800: 1297.778: [GC (CMS Initial Mark) [1 CMS-initial-mark: 63K(64K)] 103763K(118016K), 0.1121673 secs] [Times: user=0.11 sys=0.00, real=0.11 secs] 
2024-03-31T19:54:05.877+0800: 1297.891: [CMS-concurrent-mark-start]
2024-03-31T19:54:05.878+0800: 1297.892: [CMS-concurrent-mark: 0.000/0.000 secs] [Times: user=0.00 sys=0.00, real=0.00 secs] 
2024-03-31T19:54:05.878+0800: 1297.893: [CMS-concurrent-preclean-start]
2024-03-31T19:54:05.880+0800: 1297.895: [CMS-concurrent-preclean: 0.001/0.001 secs] [Times: user=0.00 sys=0.00, real=0.00 secs] 
2024-03-31T19:54:05.881+0800: 1297.896: [CMS-concurrent-abortable-preclean-start]
2024-03-31T19:54:05.881+0800: 1297.896: [CMS-concurrent-abortable-preclean: 0.000/0.000 secs] [Times: user=0.00 sys=0.00, real=0.00 secs] 
2024-03-31T19:54:05.882+0800: 1297.897: [GC (CMS Final Remark) [YG occupancy: 103699 K (117952 K)]2024-03-31T19:54:05.882+0800: 1297.897: [Rescan (non-parallel) 2024-03-31T19:54:05.882+0800: 1297.897: [grey object rescan, 0.0001284 secs]2024-03-31T19:54:05.883+0800: 1297.897: [root rescan, 0.0732409 secs]2024-03-31T19:54:05.956+0800: 1297.971: [visit unhandled CLDs, 0.0001722 secs]2024-03-31T19:54:05.957+0800: 1297.971: [dirty klass scan, 0.0014868 secs], 0.0759348 secs]2024-03-31T19:54:05.958+0800: 1297.973: [weak refs processing, 0.0002188 secs]2024-03-31T19:54:05.959+0800: 1297.973: [class unloading, 0.0145871 secs]2024-03-31T19:54:05.974+0800: 1297.988: [scrub symbol table, 0.0105263 secs]2024-03-31T19:54:05.984+0800: 1297.999: [scrub string table, 0.0005243 secs][1 CMS-remark: 63K(64K)] 103763K(118016K), 0.1054788 secs] [Times: user=0.10 sys=0.01, real=0.11 secs] 
2024-03-31T19:54:05.988+0800: 1298.003: [CMS-concurrent-sweep-start]
2024-03-31T19:54:05.989+0800: 1298.003: [CMS-concurrent-sweep: 0.000/0.000 secs] [Times: user=0.01 sys=0.00, real=0.00 secs] 
2024-03-31T19:54:05.991+0800: 1298.005: [CMS-concurrent-reset-start]
2024-03-31T19:54:05.992+0800: 1298.006: [CMS-concurrent-reset: 0.000/0.000 secs] [Times: user=0.00 sys=0.00, real=0.00 secs] 
2024-03-31T19:54:08.006+0800: 1300.021: [GC (CMS Initial Mark) [1 CMS-initial-mark: 63K(64K)] 104092K(118016K), 0.1148900 secs] [Times: user=0.12 sys=0.00, real=0.11 secs] 
2024-03-31T19:54:08.122+0800: 1300.136: [CMS-concurrent-mark-start]
2024-03-31T19:54:08.123+0800: 1300.137: [CMS-concurrent-mark: 0.000/0.000 secs] [Times: user=0.00 sys=0.00, real=0.00 secs] 
2024-03-31T19:54:08.124+0800: 1300.138: [CMS-concurrent-preclean-start]
2024-03-31T19:54:08.126+0800: 1300.140: [CMS-concurrent-preclean: 0.001/0.001 secs] [Times: user=0.00 sys=0.00, real=0.01 secs] 
2024-03-31T19:54:08.127+0800: 1300.142: [CMS-concurrent-abortable-preclean-start]
2024-03-31T19:54:08.128+0800: 1300.142: [CMS-concurrent-abortable-preclean: 0.000/0.000 secs] [Times: user=0.00 sys=0.00, real=0.00 secs] 
2024-03-31T19:54:08.129+0800: 1300.143: [GC (CMS Final Remark) [YG occupancy: 104029 K (117952 K)]2024-03-31T19:54:08.129+0800: 1300.143: [Rescan (non-parallel) 2024-03-31T19:54:08.129+0800: 1300.143: [grey object rescan, 0.0001061 secs]2024-03-31T19:54:08.129+0800: 1300.143: [root rescan, 0.0727434 secs]2024-03-31T19:54:08.202+0800: 1300.216: [visit unhandled CLDs, 0.0001877 secs]2024-03-31T19:54:08.202+0800: 1300.217: [dirty klass scan, 0.0015161 secs], 0.0752494 secs]2024-03-31T19:54:08.204+0800: 1300.218: [weak refs processing, 0.0001613 secs]2024-03-31T19:54:08.204+0800: 1300.219: [class unloading, 0.0124730 secs]2024-03-31T19:54:08.217+0800: 1300.231: [scrub symbol table, 0.0101896 secs]2024-03-31T19:54:08.227+0800: 1300.242: [scrub string table, 0.0004961 secs][1 CMS-remark: 63K(64K)] 104092K(118016K), 0.1024102 secs] [Times: user=0.10 sys=0.00, real=0.10 secs] 
2024-03-31T19:54:08.232+0800: 1300.246: [CMS-concurrent-sweep-start]
2024-03-31T19:54:08.233+0800: 1300.248: [CMS-concurrent-sweep: 0.000/0.000 secs] [Times: user=0.00 sys=0.00, real=0.01 secs] 
2024-03-31T19:54:08.236+0800: 1300.250: [CMS-concurrent-reset-start]
2024-03-31T19:54:08.237+0800: 1300.251: [CMS-concurrent-reset: 0.000/0.000 secs] [Times: user=0.01 sys=0.00, real=0.00 secs] 
2024-03-31T19:54:10.248+0800: 1302.262: [GC (CMS Initial Mark) [1 CMS-initial-mark: 63K(64K)] 104295K(118016K), 0.1110158 secs] [Times: user=0.11 sys=0.00, real=0.11 secs] 
2024-03-31T19:54:10.360+0800: 1302.374: [CMS-concurrent-mark-start]
2024-03-31T19:54:10.361+0800: 1302.375: [CMS-concurrent-mark: 0.000/0.000 secs] [Times: user=0.00 sys=0.00, real=0.00 secs] 
2024-03-31T19:54:10.362+0800: 1302.376: [CMS-concurrent-preclean-start]
2024-03-31T19:54:10.364+0800: 1302.378: [CMS-concurrent-preclean: 0.001/0.001 secs] [Times: user=0.00 sys=0.00, real=0.01 secs] 
2024-03-31T19:54:10.365+0800: 1302.380: [CMS-concurrent-abortable-preclean-start]
2024-03-31T19:54:10.366+0800: 1302.380: [CMS-concurrent-abortable-preclean: 0.000/0.000 secs] [Times: user=0.01 sys=0.00, real=0.00 secs] 
2024-03-31T19:54:10.367+0800: 1302.381: [GC (CMS Final Remark) [YG occupancy: 104231 K (117952 K)]2024-03-31T19:54:10.367+0800: 1302.381: [Rescan (non-parallel) 2024-03-31T19:54:10.367+0800: 1302.381: [grey object rescan, 0.0001063 secs]2024-03-31T19:54:10.367+0800: 1302.382: [root rescan, 0.0741894 secs]2024-03-31T19:54:10.442+0800: 1302.456: [visit unhandled CLDs, 0.0001650 secs]2024-03-31T19:54:10.442+0800: 1302.456: [dirty klass scan, 0.0015583 secs], 0.0766583 secs]2024-03-31T19:54:10.444+0800: 1302.458: [weak refs processing, 0.0001383 secs]2024-03-31T19:54:10.444+0800: 1302.458: [class unloading, 0.0127249 secs]2024-03-31T19:54:10.457+0800: 1302.471: [scrub symbol table, 0.0118680 secs]2024-03-31T19:54:10.469+0800: 1302.484: [scrub string table, 0.0005721 secs][1 CMS-remark: 63K(64K)] 104295K(118016K), 0.1058604 secs] [Times: user=0.10 sys=0.00, real=0.10 secs] 
2024-03-31T19:54:10.473+0800: 1302.488: [CMS-concurrent-sweep-start]
2024-03-31T19:54:10.474+0800: 1302.489: [CMS-concurrent-sweep: 0.000/0.000 secs] [Times: user=0.00 sys=0.00, real=0.00 secs] 
2024-03-31T19:54:10.476+0800: 1302.491: [CMS-concurrent-reset-start]
2024-03-31T19:54:10.477+0800: 1302.492: [CMS-concurrent-reset: 0.000/0.000 secs] [Times: user=0.00 sys=0.00, real=0.00 secs] 
2024-03-31T19:54:12.484+0800: 1304.499: [GC (CMS Initial Mark) [1 CMS-initial-mark: 63K(64K)] 104469K(118016K), 0.1169253 secs] [Times: user=0.12 sys=0.00, real=0.11 secs] 
2024-03-31T19:54:12.602+0800: 1304.616: [CMS-concurrent-mark-start]
2024-03-31T19:54:12.602+0800: 1304.617: [CMS-concurrent-mark: 0.000/0.000 secs] [Times: user=0.00 sys=0.00, real=0.00 secs] 
2024-03-31T19:54:12.604+0800: 1304.618: [CMS-concurrent-preclean-start]
2024-03-31T19:54:12.607+0800: 1304.621: [CMS-concurrent-preclean: 0.001/0.001 secs] [Times: user=0.01 sys=0.01, real=0.01 secs] 
2024-03-31T19:54:12.609+0800: 1304.623: [CMS-concurrent-abortable-preclean-start]
2024-03-31T19:54:12.610+0800: 1304.624: [CMS-concurrent-abortable-preclean: 0.000/0.000 secs] [Times: user=0.00 sys=0.00, real=0.00 secs] 
2024-03-31T19:54:12.613+0800: 1304.627: [GC (CMS Final Remark) [YG occupancy: 104411 K (117952 K)]2024-03-31T19:54:12.613+0800: 1304.627: [Rescan (non-parallel) 2024-03-31T19:54:12.613+0800: 1304.628: [grey object rescan, 0.0001469 secs]2024-03-31T19:54:12.614+0800: 1304.628: [root rescan, 0.0762889 secs]2024-03-31T19:54:12.690+0800: 1304.705: [visit unhandled CLDs, 0.0002915 secs]2024-03-31T19:54:12.691+0800: 1304.705: [dirty klass scan, 0.0025992 secs], 0.0805900 secs]2024-03-31T19:54:12.694+0800: 1304.708: [weak refs processing, 0.0003411 secs]2024-03-31T19:54:12.694+0800: 1304.709: [class unloading, 0.0122603 secs]2024-03-31T19:54:12.707+0800: 1304.721: [scrub symbol table, 0.0101177 secs]2024-03-31T19:54:12.717+0800: 1304.732: [scrub string table, 0.0005222 secs][1 CMS-remark: 63K(64K)] 104474K(118016K), 0.1078000 secs] [Times: user=0.10 sys=0.00, real=0.11 secs] 
2024-03-31T19:54:12.721+0800: 1304.736: [CMS-concurrent-sweep-start]
2024-03-31T19:54:12.722+0800: 1304.736: [CMS-concurrent-sweep: 0.000/0.000 secs] [Times: user=0.00 sys=0.00, real=0.00 secs] 
2024-03-31T19:54:12.723+0800: 1304.737: [CMS-concurrent-reset-start]
2024-03-31T19:54:12.723+0800: 1304.738: [CMS-concurrent-reset: 0.000/0.000 secs] [Times: user=0.00 sys=0.00, real=0.01 secs] 
2024-03-31T19:54:14.724+0800: 1306.739: [GC (CMS Initial Mark) [1 CMS-initial-mark: 63K(64K)] 104708K(118016K), 0.0741642 secs] [Times: user=0.08 sys=0.00, real=0.07 secs] 
2024-03-31T19:54:14.799+0800: 1306.814: [CMS-concurrent-mark-start]
2024-03-31T19:54:14.800+0800: 1306.814: [CMS-concurrent-mark: 0.000/0.000 secs] [Times: user=0.00 sys=0.00, real=0.00 secs] 
2024-03-31T19:54:14.801+0800: 1306.815: [CMS-concurrent-preclean-start]
2024-03-31T19:54:14.802+0800: 1306.817: [CMS-concurrent-preclean: 0.001/0.001 secs] [Times: user=0.00 sys=0.00, real=0.00 secs] 
2024-03-31T19:54:14.803+0800: 1306.818: [CMS-concurrent-abortable-preclean-start]
2024-03-31T19:54:14.804+0800: 1306.818: [CMS-concurrent-abortable-preclean: 0.000/0.000 secs] [Times: user=0.00 sys=0.00, real=0.01 secs] 
2024-03-31T19:54:14.805+0800: 1306.819: [GC (CMS Final Remark) [YG occupancy: 104644 K (117952 K)]2024-03-31T19:54:14.805+0800: 1306.819: [Rescan (non-parallel) 2024-03-31T19:54:14.805+0800: 1306.819: [grey object rescan, 0.0001041 secs]2024-03-31T19:54:14.805+0800: 1306.820: [root rescan, 0.0729289 secs]2024-03-31T19:54:14.878+0800: 1306.893: [visit unhandled CLDs, 0.0001964 secs]2024-03-31T19:54:14.879+0800: 1306.893: [dirty klass scan, 0.0014442 secs], 0.0754048 secs]2024-03-31T19:54:14.880+0800: 1306.895: [weak refs processing, 0.0001434 secs]2024-03-31T19:54:14.881+0800: 1306.895: [class unloading, 0.0135064 secs]2024-03-31T19:54:14.894+0800: 1306.909: [scrub symbol table, 0.0109268 secs]2024-03-31T19:54:14.905+0800: 1306.920: [scrub string table, 0.0005412 secs][1 CMS-remark: 63K(64K)] 104708K(118016K), 0.1044613 secs] [Times: user=0.10 sys=0.00, real=0.10 secs] 
2024-03-31T19:54:14.910+0800: 1306.924: [CMS-concurrent-sweep-start]
2024-03-31T19:54:14.911+0800: 1306.925: [CMS-concurrent-sweep: 0.000/0.000 secs] [Times: user=0.01 sys=0.00, real=0.00 secs] 
2024-03-31T19:54:14.912+0800: 1306.926: [CMS-concurrent-reset-start]
2024-03-31T19:54:14.913+0800: 1306.928: [CMS-concurrent-reset: 0.000/0.000 secs] [Times: user=0.00 sys=0.00, real=0.01 secs] 
2024-03-31T19:54:16.923+0800: 1308.937: [GC (CMS Initial Mark) [1 CMS-initial-mark: 63K(64K)] 104912K(118016K), 0.1222828 secs] [Times: user=0.13 sys=0.00, real=0.13 secs] 
2024-03-31T19:54:17.046+0800: 1309.061: [CMS-concurrent-mark-start]
2024-03-31T19:54:17.047+0800: 1309.061: [CMS-concurrent-mark: 0.000/0.000 secs] [Times: user=0.00 sys=0.00, real=0.00 secs] 
2024-03-31T19:54:17.049+0800: 1309.063: [CMS-concurrent-preclean-start]
2024-03-31T19:54:17.051+0800: 1309.066: [CMS-concurrent-preclean: 0.001/0.001 secs] [Times: user=0.00 sys=0.00, real=0.00 secs] 
2024-03-31T19:54:17.052+0800: 1309.066: [CMS-concurrent-abortable-preclean-start]
2024-03-31T19:54:17.052+0800: 1309.066: [CMS-concurrent-abortable-preclean: 0.000/0.000 secs] [Times: user=0.00 sys=0.00, real=0.00 secs] 
2024-03-31T19:54:17.053+0800: 1309.068: [GC (CMS Final Remark) [YG occupancy: 104849 K (117952 K)]2024-03-31T19:54:17.053+0800: 1309.068: [Rescan (non-parallel) 2024-03-31T19:54:17.054+0800: 1309.068: [grey object rescan, 0.0001268 secs]2024-03-31T19:54:17.054+0800: 1309.068: [root rescan, 0.0728094 secs]2024-03-31T19:54:17.127+0800: 1309.141: [visit unhandled CLDs, 0.0001657 secs]2024-03-31T19:54:17.127+0800: 1309.141: [dirty klass scan, 0.0013948 secs], 0.0751265 secs]2024-03-31T19:54:17.129+0800: 1309.143: [weak refs processing, 0.0001384 secs]2024-03-31T19:54:17.129+0800: 1309.143: [class unloading, 0.0120627 secs]2024-03-31T19:54:17.141+0800: 1309.156: [scrub symbol table, 0.0097022 secs]2024-03-31T19:54:17.151+0800: 1309.165: [scrub string table, 0.0005848 secs][1 CMS-remark: 63K(64K)] 104912K(118016K), 0.1012840 secs] [Times: user=0.10 sys=0.00, real=0.10 secs] 
2024-03-31T19:54:17.156+0800: 1309.170: [CMS-concurrent-sweep-start]
2024-03-31T19:54:17.156+0800: 1309.170: [CMS-concurrent-sweep: 0.000/0.000 secs] [Times: user=0.00 sys=0.01, real=0.00 secs] 
2024-03-31T19:54:17.158+0800: 1309.172: [CMS-concurrent-reset-start]
2024-03-31T19:54:17.159+0800: 1309.173: [CMS-concurrent-reset: 0.000/0.000 secs] [Times: user=0.00 sys=0.00, real=0.00 secs] 
2024-03-31T19:54:19.169+0800: 1311.183: [GC (CMS Initial Mark) [1 CMS-initial-mark: 63K(64K)] 104969K(118016K), 0.1140053 secs] [Times: user=0.11 sys=0.00, real=0.11 secs] 
2024-03-31T19:54:19.283+0800: 1311.298: [CMS-concurrent-mark-start]
2024-03-31T19:54:19.284+0800: 1311.298: [CMS-concurrent-mark: 0.000/0.000 secs] [Times: user=0.00 sys=0.00, real=0.00 secs] 
2024-03-31T19:54:19.285+0800: 1311.299: [CMS-concurrent-preclean-start]
2024-03-31T19:54:19.287+0800: 1311.301: [CMS-concurrent-preclean: 0.001/0.001 secs] [Times: user=0.01 sys=0.00, real=0.00 secs] 
2024-03-31T19:54:19.288+0800: 1311.302: [CMS-concurrent-abortable-preclean-start]
2024-03-31T19:54:19.288+0800: 1311.303: [CMS-concurrent-abortable-preclean: 0.000/0.000 secs] [Times: user=0.00 sys=0.00, real=0.00 secs] 
2024-03-31T19:54:19.289+0800: 1311.304: [GC (CMS Final Remark) [YG occupancy: 104906 K (117952 K)]2024-03-31T19:54:19.290+0800: 1311.304: [Rescan (non-parallel) 2024-03-31T19:54:19.290+0800: 1311.304: [grey object rescan, 0.0001199 secs]2024-03-31T19:54:19.290+0800: 1311.304: [root rescan, 0.0724887 secs]2024-03-31T19:54:19.363+0800: 1311.377: [visit unhandled CLDs, 0.0001658 secs]2024-03-31T19:54:19.363+0800: 1311.377: [dirty klass scan, 0.0013685 secs], 0.0747563 secs]2024-03-31T19:54:19.364+0800: 1311.379: [weak refs processing, 0.0001550 secs]2024-03-31T19:54:19.365+0800: 1311.379: [class unloading, 0.0114951 secs]2024-03-31T19:54:19.376+0800: 1311.391: [scrub symbol table, 0.0096232 secs]2024-03-31T19:54:19.386+0800: 1311.401: [scrub string table, 0.0005003 secs][1 CMS-remark: 63K(64K)] 104970K(118016K), 0.1001561 secs] [Times: user=0.10 sys=0.00, real=0.10 secs] 
2024-03-31T19:54:19.391+0800: 1311.405: [CMS-concurrent-sweep-start]
2024-03-31T19:54:19.391+0800: 1311.406: [CMS-concurrent-sweep: 0.000/0.000 secs] [Times: user=0.00 sys=0.00, real=0.00 secs] 
2024-03-31T19:54:19.393+0800: 1311.407: [CMS-concurrent-reset-start]
2024-03-31T19:54:19.393+0800: 1311.408: [CMS-concurrent-reset: 0.000/0.000 secs] [Times: user=0.00 sys=0.00, real=0.01 secs] 
2024-03-31T19:54:21.398+0800: 1313.412: [GC (CMS Initial Mark) [1 CMS-initial-mark: 63K(64K)] 105104K(118016K), 0.0960282 secs] [Times: user=0.10 sys=0.00, real=0.10 secs] 
2024-03-31T19:54:21.495+0800: 1313.509: [CMS-concurrent-mark-start]
2024-03-31T19:54:21.496+0800: 1313.510: [CMS-concurrent-mark: 0.000/0.000 secs] [Times: user=0.00 sys=0.00, real=0.00 secs] 
2024-03-31T19:54:21.497+0800: 1313.512: [CMS-concurrent-preclean-start]
2024-03-31T19:54:21.499+0800: 1313.514: [CMS-concurrent-preclean: 0.001/0.001 secs] [Times: user=0.00 sys=0.00, real=0.00 secs] 
2024-03-31T19:54:21.501+0800: 1313.515: [CMS-concurrent-abortable-preclean-start]
2024-03-31T19:54:21.502+0800: 1313.517: [CMS-concurrent-abortable-preclean: 0.000/0.000 secs] [Times: user=0.00 sys=0.00, real=0.00 secs] 
2024-03-31T19:54:21.503+0800: 1313.518: [GC (CMS Final Remark) [YG occupancy: 105041 K (117952 K)]2024-03-31T19:54:21.503+0800: 1313.518: [Rescan (non-parallel) 2024-03-31T19:54:21.504+0800: 1313.518: [grey object rescan, 0.0001037 secs]2024-03-31T19:54:21.504+0800: 1313.518: [root rescan, 0.0750464 secs]2024-03-31T19:54:21.579+0800: 1313.593: [visit unhandled CLDs, 0.0002289 secs]2024-03-31T19:54:21.579+0800: 1313.594: [dirty klass scan, 0.0015492 secs], 0.0776025 secs]2024-03-31T19:54:21.581+0800: 1313.595: [weak refs processing, 0.0001344 secs]2024-03-31T19:54:21.581+0800: 1313.596: [class unloading, 0.0120445 secs]2024-03-31T19:54:21.594+0800: 1313.608: [scrub symbol table, 0.0099717 secs]2024-03-31T19:54:21.604+0800: 1313.618: [scrub string table, 0.0005381 secs][1 CMS-remark: 63K(64K)] 105105K(118016K), 0.1038505 secs] [Times: user=0.11 sys=0.00, real=0.10 secs] 
2024-03-31T19:54:21.608+0800: 1313.622: [CMS-concurrent-sweep-start]
2024-03-31T19:54:21.608+0800: 1313.623: [CMS-concurrent-sweep: 0.000/0.000 secs] [Times: user=0.00 sys=0.00, real=0.00 secs] 
2024-03-31T19:54:21.609+0800: 1313.624: [CMS-concurrent-reset-start]
2024-03-31T19:54:21.610+0800: 1313.625: [CMS-concurrent-reset: 0.000/0.000 secs] [Times: user=0.00 sys=0.00, real=0.00 secs] 
2024-03-31T19:54:23.618+0800: 1315.633: [GC (CMS Initial Mark) [1 CMS-initial-mark: 63K(64K)] 105316K(118016K), 0.1179270 secs] [Times: user=0.12 sys=0.00, real=0.12 secs] 
2024-03-31T19:54:23.737+0800: 1315.752: [CMS-concurrent-mark-start]
2024-03-31T19:54:23.739+0800: 1315.753: [CMS-concurrent-mark: 0.000/0.000 secs] [Times: user=0.00 sys=0.00, real=0.00 secs] 
2024-03-31T19:54:23.741+0800: 1315.755: [CMS-concurrent-preclean-start]
2024-03-31T19:54:23.744+0800: 1315.758: [CMS-concurrent-preclean: 0.002/0.002 secs] [Times: user=0.00 sys=0.00, real=0.01 secs] 
2024-03-31T19:54:23.746+0800: 1315.761: [CMS-concurrent-abortable-preclean-start]
2024-03-31T19:54:23.748+0800: 1315.763: [CMS-concurrent-abortable-preclean: 0.000/0.000 secs] [Times: user=0.01 sys=0.00, real=0.00 secs] 
2024-03-31T19:54:23.751+0800: 1315.766: [GC (CMS Final Remark) [YG occupancy: 105253 K (117952 K)]2024-03-31T19:54:23.752+0800: 1315.766: [Rescan (non-parallel) 2024-03-31T19:54:23.752+0800: 1315.766: [grey object rescan, 0.0001143 secs]2024-03-31T19:54:23.752+0800: 1315.766: [root rescan, 0.0761725 secs]2024-03-31T19:54:23.829+0800: 1315.843: [visit unhandled CLDs, 0.0002178 secs]2024-03-31T19:54:23.829+0800: 1315.843: [dirty klass scan, 0.0016178 secs], 0.0789315 secs]2024-03-31T19:54:23.831+0800: 1315.845: [weak refs processing, 0.0001708 secs]2024-03-31T19:54:23.831+0800: 1315.845: [class unloading, 0.0122845 secs]2024-03-31T19:54:23.844+0800: 1315.858: [scrub symbol table, 0.0117099 secs]2024-03-31T19:54:23.856+0800: 1315.870: [scrub string table, 0.0005558 secs][1 CMS-remark: 63K(64K)] 105317K(118016K), 0.1077268 secs] [Times: user=0.11 sys=0.00, real=0.11 secs] 
2024-03-31T19:54:23.861+0800: 1315.875: [CMS-concurrent-sweep-start]
2024-03-31T19:54:23.861+0800: 1315.876: [CMS-concurrent-sweep: 0.000/0.000 secs] [Times: user=0.00 sys=0.00, real=0.00 secs] 
2024-03-31T19:54:23.862+0800: 1315.877: [CMS-concurrent-reset-start]
2024-03-31T19:54:23.863+0800: 1315.877: [CMS-concurrent-reset: 0.000/0.000 secs] [Times: user=0.00 sys=0.00, real=0.00 secs] 
2024-03-31T19:54:25.875+0800: 1317.890: [GC (CMS Initial Mark) [1 CMS-initial-mark: 63K(64K)] 105545K(118016K), 0.1115935 secs] [Times: user=0.11 sys=0.00, real=0.11 secs] 
2024-03-31T19:54:25.987+0800: 1318.002: [CMS-concurrent-mark-start]
2024-03-31T19:54:25.988+0800: 1318.002: [CMS-concurrent-mark: 0.000/0.000 secs] [Times: user=0.00 sys=0.00, real=0.00 secs] 
2024-03-31T19:54:25.989+0800: 1318.003: [CMS-concurrent-preclean-start]
2024-03-31T19:54:25.991+0800: 1318.006: [CMS-concurrent-preclean: 0.001/0.001 secs] [Times: user=0.01 sys=0.00, real=0.00 secs] 
2024-03-31T19:54:25.992+0800: 1318.006: [CMS-concurrent-abortable-preclean-start]
2024-03-31T19:54:25.993+0800: 1318.007: [CMS-concurrent-abortable-preclean: 0.000/0.000 secs] [Times: user=0.00 sys=0.00, real=0.00 secs] 
2024-03-31T19:54:25.994+0800: 1318.008: [GC (CMS Final Remark) [YG occupancy: 105482 K (117952 K)]2024-03-31T19:54:25.994+0800: 1318.008: [Rescan (non-parallel) 2024-03-31T19:54:25.994+0800: 1318.009: [grey object rescan, 0.0001078 secs]2024-03-31T19:54:25.994+0800: 1318.009: [root rescan, 0.0732138 secs]2024-03-31T19:54:26.068+0800: 1318.082: [visit unhandled CLDs, 0.0001627 secs]2024-03-31T19:54:26.068+0800: 1318.082: [dirty klass scan, 0.0013646 secs], 0.0754841 secs]2024-03-31T19:54:26.070+0800: 1318.084: [weak refs processing, 0.0001448 secs]2024-03-31T19:54:26.070+0800: 1318.084: [class unloading, 0.0120344 secs]2024-03-31T19:54:26.082+0800: 1318.097: [scrub symbol table, 0.0099766 secs]2024-03-31T19:54:26.092+0800: 1318.107: [scrub string table, 0.0005160 secs][1 CMS-remark: 63K(64K)] 105546K(118016K), 0.1018225 secs] [Times: user=0.10 sys=0.01, real=0.10 secs] 
2024-03-31T19:54:26.097+0800: 1318.111: [CMS-concurrent-sweep-start]
2024-03-31T19:54:26.098+0800: 1318.112: [CMS-concurrent-sweep: 0.000/0.000 secs] [Times: user=0.00 sys=0.00, real=0.00 secs] 
2024-03-31T19:54:26.100+0800: 1318.115: [CMS-concurrent-reset-start]
2024-03-31T19:54:26.102+0800: 1318.116: [CMS-concurrent-reset: 0.000/0.000 secs] [Times: user=0.01 sys=0.00, real=0.00 secs] 
2024-03-31T19:54:28.111+0800: 1320.125: [GC (CMS Initial Mark) [1 CMS-initial-mark: 63K(64K)] 105690K(118016K), 0.1168328 secs] [Times: user=0.11 sys=0.00, real=0.12 secs] 
2024-03-31T19:54:28.229+0800: 1320.243: [CMS-concurrent-mark-start]
2024-03-31T19:54:28.229+0800: 1320.244: [CMS-concurrent-mark: 0.000/0.000 secs] [Times: user=0.00 sys=0.00, real=0.00 secs] 
2024-03-31T19:54:28.231+0800: 1320.245: [CMS-concurrent-preclean-start]
2024-03-31T19:54:28.233+0800: 1320.247: [CMS-concurrent-preclean: 0.001/0.001 secs] [Times: user=0.01 sys=0.00, real=0.00 secs] 
2024-03-31T19:54:28.234+0800: 1320.248: [CMS-concurrent-abortable-preclean-start]
2024-03-31T19:54:28.234+0800: 1320.248: [CMS-concurrent-abortable-preclean: 0.000/0.000 secs] [Times: user=0.00 sys=0.00, real=0.01 secs] 
2024-03-31T19:54:28.235+0800: 1320.249: [GC (CMS Final Remark) [YG occupancy: 105627 K (117952 K)]2024-03-31T19:54:28.235+0800: 1320.249: [Rescan (non-parallel) 2024-03-31T19:54:28.235+0800: 1320.249: [grey object rescan, 0.0000975 secs]2024-03-31T19:54:28.235+0800: 1320.249: [root rescan, 0.0741206 secs]2024-03-31T19:54:28.309+0800: 1320.324: [visit unhandled CLDs, 0.0001701 secs]2024-03-31T19:54:28.310+0800: 1320.324: [dirty klass scan, 0.0016140 secs], 0.0767337 secs]2024-03-31T19:54:28.312+0800: 1320.326: [weak refs processing, 0.0001518 secs]2024-03-31T19:54:28.312+0800: 1320.326: [class unloading, 0.0121200 secs]2024-03-31T19:54:28.324+0800: 1320.339: [scrub symbol table, 0.0101169 secs]2024-03-31T19:54:28.335+0800: 1320.349: [scrub string table, 0.0005904 secs][1 CMS-remark: 63K(64K)] 105691K(118016K), 0.1034725 secs] [Times: user=0.10 sys=0.00, real=0.10 secs] 
2024-03-31T19:54:28.339+0800: 1320.353: [CMS-concurrent-sweep-start]
2024-03-31T19:54:28.340+0800: 1320.354: [CMS-concurrent-sweep: 0.000/0.000 secs] [Times: user=0.00 sys=0.00, real=0.00 secs] 
2024-03-31T19:54:28.342+0800: 1320.356: [CMS-concurrent-reset-start]
2024-03-31T19:54:28.343+0800: 1320.357: [CMS-concurrent-reset: 0.000/0.000 secs] [Times: user=0.00 sys=0.00, real=0.00 secs] 
2024-03-31T19:54:30.342+0800: 1322.357: [GC (CMS Initial Mark) [1 CMS-initial-mark: 63K(64K)] 106225K(118016K), 0.0714098 secs] [Times: user=0.07 sys=0.00, real=0.08 secs] 
2024-03-31T19:54:30.414+0800: 1322.429: [CMS-concurrent-mark-start]
2024-03-31T19:54:30.415+0800: 1322.430: [CMS-concurrent-mark: 0.000/0.000 secs] [Times: user=0.00 sys=0.00, real=0.00 secs] 
2024-03-31T19:54:30.416+0800: 1322.431: [CMS-concurrent-preclean-start]
2024-03-31T19:54:30.418+0800: 1322.433: [CMS-concurrent-preclean: 0.001/0.001 secs] [Times: user=0.01 sys=0.00, real=0.00 secs] 
2024-03-31T19:54:30.419+0800: 1322.434: [CMS-concurrent-abortable-preclean-start]
2024-03-31T19:54:30.419+0800: 1322.434: [CMS-concurrent-abortable-preclean: 0.000/0.000 secs] [Times: user=0.00 sys=0.00, real=0.00 secs] 
2024-03-31T19:54:30.420+0800: 1322.435: [GC (CMS Final Remark) [YG occupancy: 106162 K (117952 K)]2024-03-31T19:54:30.420+0800: 1322.435: [Rescan (non-parallel) 2024-03-31T19:54:30.420+0800: 1322.435: [grey object rescan, 0.0001295 secs]2024-03-31T19:54:30.421+0800: 1322.435: [root rescan, 0.0729075 secs]2024-03-31T19:54:30.494+0800: 1322.509: [visit unhandled CLDs, 0.0001694 secs]2024-03-31T19:54:30.494+0800: 1322.509: [dirty klass scan, 0.0013495 secs], 0.0751955 secs]2024-03-31T19:54:30.496+0800: 1322.510: [weak refs processing, 0.0001527 secs]2024-03-31T19:54:30.496+0800: 1322.511: [class unloading, 0.0113220 secs]2024-03-31T19:54:30.507+0800: 1322.522: [scrub symbol table, 0.0096450 secs]2024-03-31T19:54:30.517+0800: 1322.532: [scrub string table, 0.0004975 secs][1 CMS-remark: 63K(64K)] 106226K(118016K), 0.1004566 secs] [Times: user=0.10 sys=0.00, real=0.10 secs] 
2024-03-31T19:54:30.521+0800: 1322.536: [CMS-concurrent-sweep-start]
2024-03-31T19:54:30.522+0800: 1322.537: [CMS-concurrent-sweep: 0.000/0.000 secs] [Times: user=0.00 sys=0.00, real=0.00 secs] 
2024-03-31T19:54:30.524+0800: 1322.538: [CMS-concurrent-reset-start]
2024-03-31T19:54:30.524+0800: 1322.539: [CMS-concurrent-reset: 0.000/0.000 secs] [Times: user=0.00 sys=0.00, real=0.00 secs] 
2024-03-31T19:54:32.530+0800: 1324.545: [GC (CMS Initial Mark) [1 CMS-initial-mark: 63K(64K)] 106348K(118016K), 0.1157573 secs] [Times: user=0.11 sys=0.00, real=0.12 secs] 
2024-03-31T19:54:32.647+0800: 1324.662: [CMS-concurrent-mark-start]
2024-03-31T19:54:32.648+0800: 1324.663: [CMS-concurrent-mark: 0.000/0.000 secs] [Times: user=0.01 sys=0.00, real=0.00 secs] 
2024-03-31T19:54:32.650+0800: 1324.665: [CMS-concurrent-preclean-start]
2024-03-31T19:54:32.652+0800: 1324.667: [CMS-concurrent-preclean: 0.001/0.001 secs] [Times: user=0.00 sys=0.00, real=0.00 secs] 
2024-03-31T19:54:32.654+0800: 1324.668: [CMS-concurrent-abortable-preclean-start]
2024-03-31T19:54:32.654+0800: 1324.669: [CMS-concurrent-abortable-preclean: 0.000/0.000 secs] [Times: user=0.00 sys=0.00, real=0.01 secs] 
2024-03-31T19:54:32.655+0800: 1324.669: [GC (CMS Final Remark) [YG occupancy: 106286 K (117952 K)]2024-03-31T19:54:32.655+0800: 1324.670: [Rescan (non-parallel) 2024-03-31T19:54:32.655+0800: 1324.670: [grey object rescan, 0.0001023 secs]2024-03-31T19:54:32.655+0800: 1324.670: [root rescan, 0.0772423 secs]2024-03-31T19:54:32.733+0800: 1324.747: [visit unhandled CLDs, 0.0002680 secs]2024-03-31T19:54:32.733+0800: 1324.748: [dirty klass scan, 0.0015920 secs], 0.0799987 secs]2024-03-31T19:54:32.735+0800: 1324.750: [weak refs processing, 0.0001754 secs]2024-03-31T19:54:32.735+0800: 1324.750: [class unloading, 0.0129474 secs]2024-03-31T19:54:32.749+0800: 1324.763: [scrub symbol table, 0.0099620 secs]2024-03-31T19:54:32.759+0800: 1324.773: [scrub string table, 0.0004965 secs][1 CMS-remark: 63K(64K)] 106350K(118016K), 0.1072819 secs] [Times: user=0.11 sys=0.01, real=0.10 secs] 
2024-03-31T19:54:32.763+0800: 1324.777: [CMS-concurrent-sweep-start]
2024-03-31T19:54:32.763+0800: 1324.778: [CMS-concurrent-sweep: 0.000/0.000 secs] [Times: user=0.00 sys=0.00, real=0.01 secs] 
2024-03-31T19:54:32.764+0800: 1324.779: [CMS-concurrent-reset-start]
2024-03-31T19:54:32.765+0800: 1324.780: [CMS-concurrent-reset: 0.000/0.000 secs] [Times: user=0.00 sys=0.00, real=0.00 secs] 
2024-03-31T19:54:34.773+0800: 1326.788: [GC (CMS Initial Mark) [1 CMS-initial-mark: 63K(64K)] 106464K(118016K), 0.1170775 secs] [Times: user=0.12 sys=0.00, real=0.12 secs] 
2024-03-31T19:54:34.890+0800: 1326.905: [CMS-concurrent-mark-start]
2024-03-31T19:54:34.891+0800: 1326.906: [CMS-concurrent-mark: 0.000/0.000 secs] [Times: user=0.00 sys=0.00, real=0.00 secs] 
2024-03-31T19:54:34.892+0800: 1326.907: [CMS-concurrent-preclean-start]
2024-03-31T19:54:34.895+0800: 1326.909: [CMS-concurrent-preclean: 0.001/0.001 secs] [Times: user=0.00 sys=0.00, real=0.01 secs] 
2024-03-31T19:54:34.896+0800: 1326.911: [CMS-concurrent-abortable-preclean-start]
2024-03-31T19:54:34.897+0800: 1326.912: [CMS-concurrent-abortable-preclean: 0.000/0.000 secs] [Times: user=0.00 sys=0.00, real=0.00 secs] 
2024-03-31T19:54:34.899+0800: 1326.913: [GC (CMS Final Remark) [YG occupancy: 106402 K (117952 K)]2024-03-31T19:54:34.899+0800: 1326.914: [Rescan (non-parallel) 2024-03-31T19:54:34.899+0800: 1326.914: [grey object rescan, 0.0000995 secs]2024-03-31T19:54:34.899+0800: 1326.914: [root rescan, 0.0751040 secs]2024-03-31T19:54:34.974+0800: 1326.989: [visit unhandled CLDs, 0.0001873 secs]2024-03-31T19:54:34.975+0800: 1326.989: [dirty klass scan, 0.0016318 secs], 0.0776997 secs]2024-03-31T19:54:34.977+0800: 1326.991: [weak refs processing, 0.0002189 secs]2024-03-31T19:54:34.977+0800: 1326.992: [class unloading, 0.0122123 secs]2024-03-31T19:54:34.989+0800: 1327.004: [scrub symbol table, 0.0107167 secs]2024-03-31T19:54:35.000+0800: 1327.015: [scrub string table, 0.0005657 secs][1 CMS-remark: 63K(64K)] 106465K(118016K), 0.1052030 secs] [Times: user=0.10 sys=0.00, real=0.11 secs] 
2024-03-31T19:54:35.004+0800: 1327.019: [CMS-concurrent-sweep-start]
2024-03-31T19:54:35.005+0800: 1327.020: [CMS-concurrent-sweep: 0.000/0.000 secs] [Times: user=0.00 sys=0.00, real=0.00 secs] 
2024-03-31T19:54:35.007+0800: 1327.021: [CMS-concurrent-reset-start]
2024-03-31T19:54:35.008+0800: 1327.023: [CMS-concurrent-reset: 0.000/0.000 secs] [Times: user=0.00 sys=0.00, real=0.00 secs] 
2024-03-31T19:54:37.013+0800: 1329.028: [GC (CMS Initial Mark) [1 CMS-initial-mark: 63K(64K)] 106642K(118016K), 0.0936153 secs] [Times: user=0.09 sys=0.00, real=0.09 secs] 
2024-03-31T19:54:37.108+0800: 1329.123: [CMS-concurrent-mark-start]
2024-03-31T19:54:37.109+0800: 1329.124: [CMS-concurrent-mark: 0.000/0.000 secs] [Times: user=0.01 sys=0.00, real=0.00 secs] 
2024-03-31T19:54:37.110+0800: 1329.125: [CMS-concurrent-preclean-start]
2024-03-31T19:54:37.113+0800: 1329.128: [CMS-concurrent-preclean: 0.001/0.001 secs] [Times: user=0.00 sys=0.00, real=0.01 secs] 
2024-03-31T19:54:37.114+0800: 1329.129: [CMS-concurrent-abortable-preclean-start]
2024-03-31T19:54:37.114+0800: 1329.129: [CMS-concurrent-abortable-preclean: 0.000/0.000 secs] [Times: user=0.00 sys=0.00, real=0.00 secs] 
2024-03-31T19:54:37.115+0800: 1329.130: [GC (CMS Final Remark) [YG occupancy: 106579 K (117952 K)]2024-03-31T19:54:37.116+0800: 1329.130: [Rescan (non-parallel) 2024-03-31T19:54:37.116+0800: 1329.131: [grey object rescan, 0.0002020 secs]2024-03-31T19:54:37.116+0800: 1329.131: [root rescan, 0.0800907 secs]2024-03-31T19:54:37.196+0800: 1329.211: [visit unhandled CLDs, 0.0001564 secs]2024-03-31T19:54:37.197+0800: 1329.211: [dirty klass scan, 0.0015459 secs], 0.0828532 secs]2024-03-31T19:54:37.199+0800: 1329.213: [weak refs processing, 0.0001645 secs]2024-03-31T19:54:37.199+0800: 1329.213: [class unloading, 0.0128473 secs]2024-03-31T19:54:37.212+0800: 1329.227: [scrub symbol table, 0.0163548 secs]2024-03-31T19:54:37.229+0800: 1329.243: [scrub string table, 0.0006018 secs][1 CMS-remark: 63K(64K)] 106643K(118016K), 0.1169905 secs] [Times: user=0.12 sys=0.00, real=0.11 secs] 
2024-03-31T19:54:37.234+0800: 1329.249: [CMS-concurrent-sweep-start]
2024-03-31T19:54:37.234+0800: 1329.249: [CMS-concurrent-sweep: 0.000/0.000 secs] [Times: user=0.00 sys=0.00, real=0.00 secs] 
2024-03-31T19:54:37.236+0800: 1329.251: [CMS-concurrent-reset-start]
2024-03-31T19:54:37.238+0800: 1329.252: [CMS-concurrent-reset: 0.000/0.000 secs] [Times: user=0.00 sys=0.00, real=0.00 secs] 
2024-03-31T19:54:39.244+0800: 1331.258: [GC (CMS Initial Mark) [1 CMS-initial-mark: 63K(64K)] 107561K(118016K), 0.0925004 secs] [Times: user=0.10 sys=0.00, real=0.09 secs] 
2024-03-31T19:54:39.337+0800: 1331.352: [CMS-concurrent-mark-start]
2024-03-31T19:54:39.338+0800: 1331.352: [CMS-concurrent-mark: 0.000/0.000 secs] [Times: user=0.00 sys=0.00, real=0.00 secs] 
2024-03-31T19:54:39.338+0800: 1331.353: [CMS-concurrent-preclean-start]
2024-03-31T19:54:39.340+0800: 1331.355: [CMS-concurrent-preclean: 0.001/0.001 secs] [Times: user=0.00 sys=0.00, real=0.00 secs] 
2024-03-31T19:54:39.342+0800: 1331.356: [CMS-concurrent-abortable-preclean-start]
2024-03-31T19:54:39.343+0800: 1331.357: [CMS-concurrent-abortable-preclean: 0.000/0.000 secs] [Times: user=0.00 sys=0.00, real=0.00 secs] 
2024-03-31T19:54:39.344+0800: 1331.359: [GC (CMS Final Remark) [YG occupancy: 107509 K (117952 K)]2024-03-31T19:54:39.345+0800: 1331.360: [Rescan (non-parallel) 2024-03-31T19:54:39.345+0800: 1331.360: [grey object rescan, 0.0001470 secs]2024-03-31T19:54:39.345+0800: 1331.360: [root rescan, 0.0800117 secs]2024-03-31T19:54:39.426+0800: 1331.440: [visit unhandled CLDs, 0.0001828 secs]2024-03-31T19:54:39.426+0800: 1331.441: [dirty klass scan, 0.0017007 secs], 0.0830498 secs]2024-03-31T19:54:39.428+0800: 1331.443: [weak refs processing, 0.0002339 secs]2024-03-31T19:54:39.428+0800: 1331.443: [class unloading, 0.0131719 secs]2024-03-31T19:54:39.442+0800: 1331.457: [scrub symbol table, 0.0123438 secs]2024-03-31T19:54:39.454+0800: 1331.469: [scrub string table, 0.0006430 secs][1 CMS-remark: 63K(64K)] 107573K(118016K), 0.1137013 secs] [Times: user=0.12 sys=0.00, real=0.11 secs] 
2024-03-31T19:54:39.459+0800: 1331.474: [CMS-concurrent-sweep-start]
2024-03-31T19:54:39.460+0800: 1331.475: [CMS-concurrent-sweep: 0.000/0.000 secs] [Times: user=0.00 sys=0.00, real=0.00 secs] 
2024-03-31T19:54:39.462+0800: 1331.477: [CMS-concurrent-reset-start]
2024-03-31T19:54:39.462+0800: 1331.477: [CMS-concurrent-reset: 0.000/0.000 secs] [Times: user=0.00 sys=0.00, real=0.00 secs] 
2024-03-31T19:54:41.473+0800: 1333.487: [GC (CMS Initial Mark) [1 CMS-initial-mark: 63K(64K)] 108216K(118016K), 0.1105030 secs] [Times: user=0.11 sys=0.00, real=0.12 secs] 
2024-03-31T19:54:41.584+0800: 1333.599: [CMS-concurrent-mark-start]
2024-03-31T19:54:41.585+0800: 1333.600: [CMS-concurrent-mark: 0.000/0.000 secs] [Times: user=0.01 sys=0.00, real=0.00 secs] 
2024-03-31T19:54:41.587+0800: 1333.601: [CMS-concurrent-preclean-start]
2024-03-31T19:54:41.589+0800: 1333.604: [CMS-concurrent-preclean: 0.001/0.001 secs] [Times: user=0.00 sys=0.00, real=0.00 secs] 
2024-03-31T19:54:41.590+0800: 1333.605: [CMS-concurrent-abortable-preclean-start]
2024-03-31T19:54:41.590+0800: 1333.605: [CMS-concurrent-abortable-preclean: 0.000/0.000 secs] [Times: user=0.00 sys=0.00, real=0.00 secs] 
2024-03-31T19:54:41.591+0800: 1333.606: [GC (CMS Final Remark) [YG occupancy: 108153 K (117952 K)]2024-03-31T19:54:41.591+0800: 1333.606: [Rescan (non-parallel) 2024-03-31T19:54:41.591+0800: 1333.606: [grey object rescan, 0.0001386 secs]2024-03-31T19:54:41.592+0800: 1333.606: [root rescan, 0.0761428 secs]2024-03-31T19:54:41.668+0800: 1333.683: [visit unhandled CLDs, 0.0001404 secs]2024-03-31T19:54:41.668+0800: 1333.683: [dirty klass scan, 0.0013358 secs], 0.0783699 secs]2024-03-31T19:54:41.670+0800: 1333.684: [weak refs processing, 0.0001483 secs]2024-03-31T19:54:41.670+0800: 1333.685: [class unloading, 0.0135448 secs]2024-03-31T19:54:41.684+0800: 1333.698: [scrub symbol table, 0.0100045 secs]2024-03-31T19:54:41.694+0800: 1333.709: [scrub string table, 0.0005746 secs][1 CMS-remark: 63K(64K)] 108217K(118016K), 0.1065125 secs] [Times: user=0.11 sys=0.00, real=0.11 secs] 
2024-03-31T19:54:41.698+0800: 1333.713: [CMS-concurrent-sweep-start]
2024-03-31T19:54:41.698+0800: 1333.713: [CMS-concurrent-sweep: 0.000/0.000 secs] [Times: user=0.00 sys=0.00, real=0.00 secs] 
2024-03-31T19:54:41.700+0800: 1333.715: [CMS-concurrent-reset-start]
2024-03-31T19:54:41.701+0800: 1333.715: [CMS-concurrent-reset: 0.000/0.000 secs] [Times: user=0.00 sys=0.00, real=0.00 secs] 
2024-03-31T19:54:43.711+0800: 1335.726: [GC (CMS Initial Mark) [1 CMS-initial-mark: 63K(64K)] 108290K(118016K), 0.1163818 secs] [Times: user=0.11 sys=0.00, real=0.12 secs] 
2024-03-31T19:54:43.829+0800: 1335.844: [CMS-concurrent-mark-start]
2024-03-31T19:54:43.830+0800: 1335.845: [CMS-concurrent-mark: 0.000/0.000 secs] [Times: user=0.00 sys=0.00, real=0.00 secs] 
2024-03-31T19:54:43.832+0800: 1335.846: [CMS-concurrent-preclean-start]
2024-03-31T19:54:43.834+0800: 1335.849: [CMS-concurrent-preclean: 0.001/0.001 secs] [Times: user=0.01 sys=0.00, real=0.01 secs] 
2024-03-31T19:54:43.836+0800: 1335.851: [CMS-concurrent-abortable-preclean-start]
2024-03-31T19:54:43.837+0800: 1335.852: [CMS-concurrent-abortable-preclean: 0.000/0.000 secs] [Times: user=0.00 sys=0.00, real=0.00 secs] 
2024-03-31T19:54:43.838+0800: 1335.852: [GC (CMS Final Remark) [YG occupancy: 108228 K (117952 K)]2024-03-31T19:54:43.838+0800: 1335.853: [Rescan (non-parallel) 2024-03-31T19:54:43.838+0800: 1335.853: [grey object rescan, 0.0001296 secs]2024-03-31T19:54:43.838+0800: 1335.853: [root rescan, 0.0771159 secs]2024-03-31T19:54:43.916+0800: 1335.930: [visit unhandled CLDs, 0.0002058 secs]2024-03-31T19:54:43.916+0800: 1335.931: [dirty klass scan, 0.0016668 secs], 0.0798500 secs]2024-03-31T19:54:43.918+0800: 1335.932: [weak refs processing, 0.0001351 secs]2024-03-31T19:54:43.918+0800: 1335.933: [class unloading, 0.0125542 secs]2024-03-31T19:54:43.931+0800: 1335.946: [scrub symbol table, 0.0111128 secs]2024-03-31T19:54:43.942+0800: 1335.957: [scrub string table, 0.0005585 secs][1 CMS-remark: 63K(64K)] 108291K(118016K), 0.1080903 secs] [Times: user=0.11 sys=0.00, real=0.11 secs] 
2024-03-31T19:54:43.947+0800: 1335.961: [CMS-concurrent-sweep-start]
2024-03-31T19:54:43.947+0800: 1335.962: [CMS-concurrent-sweep: 0.000/0.000 secs] [Times: user=0.00 sys=0.00, real=0.00 secs] 
2024-03-31T19:54:43.949+0800: 1335.964: [CMS-concurrent-reset-start]
2024-03-31T19:54:43.950+0800: 1335.965: [CMS-concurrent-reset: 0.000/0.000 secs] [Times: user=0.00 sys=0.00, real=0.00 secs] 
2024-03-31T19:54:45.960+0800: 1337.975: [GC (CMS Initial Mark) [1 CMS-initial-mark: 63K(64K)] 108508K(118016K), 0.0919366 secs] [Times: user=0.09 sys=0.00, real=0.09 secs] 
2024-03-31T19:54:46.053+0800: 1338.068: [CMS-concurrent-mark-start]
2024-03-31T19:54:46.055+0800: 1338.070: [CMS-concurrent-mark: 0.000/0.000 secs] [Times: user=0.00 sys=0.00, real=0.00 secs] 
2024-03-31T19:54:46.057+0800: 1338.072: [CMS-concurrent-preclean-start]
2024-03-31T19:54:46.067+0800: 1338.082: [CMS-concurrent-preclean: 0.002/0.002 secs] [Times: user=0.01 sys=0.01, real=0.01 secs] 
2024-03-31T19:54:46.069+0800: 1338.084: [CMS-concurrent-abortable-preclean-start]
2024-03-31T19:54:46.070+0800: 1338.085: [CMS-concurrent-abortable-preclean: 0.000/0.000 secs] [Times: user=0.00 sys=0.00, real=0.00 secs] 
2024-03-31T19:54:46.074+0800: 1338.089: [GC (CMS Final Remark) [YG occupancy: 108445 K (117952 K)]2024-03-31T19:54:46.074+0800: 1338.089: [Rescan (non-parallel) 2024-03-31T19:54:46.074+0800: 1338.089: [grey object rescan, 0.0001764 secs]2024-03-31T19:54:46.075+0800: 1338.089: [root rescan, 0.0805168 secs]2024-03-31T19:54:46.155+0800: 1338.170: [visit unhandled CLDs, 0.0001776 secs]2024-03-31T19:54:46.156+0800: 1338.171: [dirty klass scan, 0.0016817 secs], 0.0834709 secs]2024-03-31T19:54:46.158+0800: 1338.172: [weak refs processing, 0.0001846 secs]2024-03-31T19:54:46.158+0800: 1338.173: [class unloading, 0.0131586 secs]2024-03-31T19:54:46.171+0800: 1338.186: [scrub symbol table, 0.0104558 secs]2024-03-31T19:54:46.182+0800: 1338.197: [scrub string table, 0.0008040 secs][1 CMS-remark: 63K(64K)] 108509K(118016K), 0.1123658 secs] [Times: user=0.11 sys=0.00, real=0.11 secs] 
2024-03-31T19:54:46.187+0800: 1338.202: [CMS-concurrent-sweep-start]
2024-03-31T19:54:46.188+0800: 1338.203: [CMS-concurrent-sweep: 0.000/0.000 secs] [Times: user=0.00 sys=0.00, real=0.00 secs] 
2024-03-31T19:54:46.191+0800: 1338.206: [CMS-concurrent-reset-start]
2024-03-31T19:54:46.192+0800: 1338.206: [CMS-concurrent-reset: 0.000/0.000 secs] [Times: user=0.00 sys=0.00, real=0.00 secs] 
2024-03-31T19:54:48.202+0800: 1340.217: [GC (CMS Initial Mark) [1 CMS-initial-mark: 63K(64K)] 108681K(118016K), 0.1209315 secs] [Times: user=0.12 sys=0.00, real=0.13 secs] 
2024-03-31T19:54:48.324+0800: 1340.339: [CMS-concurrent-mark-start]
2024-03-31T19:54:48.325+0800: 1340.339: [CMS-concurrent-mark: 0.000/0.000 secs] [Times: user=0.00 sys=0.00, real=0.00 secs] 
2024-03-31T19:54:48.325+0800: 1340.340: [CMS-concurrent-preclean-start]
2024-03-31T19:54:48.327+0800: 1340.342: [CMS-concurrent-preclean: 0.001/0.001 secs] [Times: user=0.00 sys=0.00, real=0.00 secs] 
2024-03-31T19:54:48.328+0800: 1340.342: [CMS-concurrent-abortable-preclean-start]
2024-03-31T19:54:48.329+0800: 1340.344: [CMS-concurrent-abortable-preclean: 0.000/0.000 secs] [Times: user=0.00 sys=0.00, real=0.00 secs] 
2024-03-31T19:54:48.330+0800: 1340.345: [GC (CMS Final Remark) [YG occupancy: 108618 K (117952 K)]2024-03-31T19:54:48.330+0800: 1340.345: [Rescan (non-parallel) 2024-03-31T19:54:48.330+0800: 1340.345: [grey object rescan, 0.0001382 secs]2024-03-31T19:54:48.330+0800: 1340.345: [root rescan, 0.0771329 secs]2024-03-31T19:54:48.408+0800: 1340.423: [visit unhandled CLDs, 0.0003284 secs]2024-03-31T19:54:48.408+0800: 1340.423: [dirty klass scan, 0.0015163 secs], 0.0799070 secs]2024-03-31T19:54:48.410+0800: 1340.425: [weak refs processing, 0.0001776 secs]2024-03-31T19:54:48.410+0800: 1340.425: [class unloading, 0.0160012 secs]2024-03-31T19:54:48.426+0800: 1340.441: [scrub symbol table, 0.0120418 secs]2024-03-31T19:54:48.439+0800: 1340.453: [scrub string table, 0.0006782 secs][1 CMS-remark: 63K(64K)] 108682K(118016K), 0.1123959 secs] [Times: user=0.11 sys=0.00, real=0.11 secs] 
2024-03-31T19:54:48.443+0800: 1340.458: [CMS-concurrent-sweep-start]
2024-03-31T19:54:48.444+0800: 1340.459: [CMS-concurrent-sweep: 0.000/0.000 secs] [Times: user=0.00 sys=0.00, real=0.00 secs] 
2024-03-31T19:54:48.446+0800: 1340.461: [CMS-concurrent-reset-start]
2024-03-31T19:54:48.447+0800: 1340.462: [CMS-concurrent-reset: 0.000/0.000 secs] [Times: user=0.01 sys=0.00, real=0.00 secs] 
2024-03-31T19:54:50.448+0800: 1342.463: [GC (CMS Initial Mark) [1 CMS-initial-mark: 63K(64K)] 108796K(118016K), 0.0858414 secs] [Times: user=0.09 sys=0.00, real=0.09 secs] 
2024-03-31T19:54:50.535+0800: 1342.550: [CMS-concurrent-mark-start]
2024-03-31T19:54:50.536+0800: 1342.551: [CMS-concurrent-mark: 0.000/0.000 secs] [Times: user=0.00 sys=0.00, real=0.00 secs] 
2024-03-31T19:54:50.537+0800: 1342.552: [CMS-concurrent-preclean-start]
2024-03-31T19:54:50.539+0800: 1342.554: [CMS-concurrent-preclean: 0.001/0.001 secs] [Times: user=0.01 sys=0.00, real=0.00 secs] 
2024-03-31T19:54:50.540+0800: 1342.555: [CMS-concurrent-abortable-preclean-start]
2024-03-31T19:54:50.542+0800: 1342.557: [CMS-concurrent-abortable-preclean: 0.000/0.000 secs] [Times: user=0.00 sys=0.00, real=0.00 secs] 
2024-03-31T19:54:50.544+0800: 1342.559: [GC (CMS Final Remark) [YG occupancy: 108734 K (117952 K)]2024-03-31T19:54:50.544+0800: 1342.559: [Rescan (non-parallel) 2024-03-31T19:54:50.544+0800: 1342.559: [grey object rescan, 0.0001193 secs]2024-03-31T19:54:50.544+0800: 1342.559: [root rescan, 0.0775960 secs]2024-03-31T19:54:50.622+0800: 1342.637: [visit unhandled CLDs, 0.0004088 secs]2024-03-31T19:54:50.623+0800: 1342.637: [dirty klass scan, 0.0017670 secs], 0.0805643 secs]2024-03-31T19:54:50.625+0800: 1342.639: [weak refs processing, 0.0001717 secs]2024-03-31T19:54:50.625+0800: 1342.640: [class unloading, 0.0139244 secs]2024-03-31T19:54:50.639+0800: 1342.654: [scrub symbol table, 0.0123486 secs]2024-03-31T19:54:50.652+0800: 1342.667: [scrub string table, 0.0005196 secs][1 CMS-remark: 63K(64K)] 108798K(118016K), 0.1113160 secs] [Times: user=0.11 sys=0.00, real=0.11 secs] 
2024-03-31T19:54:50.656+0800: 1342.671: [CMS-concurrent-sweep-start]
2024-03-31T19:54:50.657+0800: 1342.671: [CMS-concurrent-sweep: 0.000/0.000 secs] [Times: user=0.00 sys=0.00, real=0.00 secs] 
2024-03-31T19:54:50.658+0800: 1342.673: [CMS-concurrent-reset-start]
2024-03-31T19:54:50.659+0800: 1342.674: [CMS-concurrent-reset: 0.000/0.000 secs] [Times: user=0.00 sys=0.00, real=0.00 secs] 
2024-03-31T19:54:52.675+0800: 1344.690: [GC (CMS Initial Mark) [1 CMS-initial-mark: 63K(64K)] 109091K(118016K), 0.1183472 secs] [Times: user=0.12 sys=0.00, real=0.12 secs] 
2024-03-31T19:54:52.795+0800: 1344.809: [CMS-concurrent-mark-start]
2024-03-31T19:54:52.795+0800: 1344.810: [CMS-concurrent-mark: 0.000/0.000 secs] [Times: user=0.00 sys=0.00, real=0.00 secs] 
2024-03-31T19:54:52.796+0800: 1344.811: [CMS-concurrent-preclean-start]
2024-03-31T19:54:52.798+0800: 1344.813: [CMS-concurrent-preclean: 0.001/0.001 secs] [Times: user=0.00 sys=0.00, real=0.00 secs] 
2024-03-31T19:54:52.800+0800: 1344.814: [CMS-concurrent-abortable-preclean-start]
2024-03-31T19:54:52.801+0800: 1344.816: [CMS-concurrent-abortable-preclean: 0.000/0.000 secs] [Times: user=0.01 sys=0.00, real=0.00 secs] 
2024-03-31T19:54:52.802+0800: 1344.817: [GC (CMS Final Remark) [YG occupancy: 109028 K (117952 K)]2024-03-31T19:54:52.802+0800: 1344.817: [Rescan (non-parallel) 2024-03-31T19:54:52.803+0800: 1344.817: [grey object rescan, 0.0001653 secs]2024-03-31T19:54:52.803+0800: 1344.818: [root rescan, 0.0755863 secs]2024-03-31T19:54:52.879+0800: 1344.893: [visit unhandled CLDs, 0.0001679 secs]2024-03-31T19:54:52.879+0800: 1344.894: [dirty klass scan, 0.0014076 secs], 0.0779978 secs]2024-03-31T19:54:52.881+0800: 1344.895: [weak refs processing, 0.0001733 secs]2024-03-31T19:54:52.881+0800: 1344.896: [class unloading, 0.0180175 secs]2024-03-31T19:54:52.899+0800: 1344.914: [scrub symbol table, 0.0109445 secs]2024-03-31T19:54:52.910+0800: 1344.925: [scrub string table, 0.0005119 secs][1 CMS-remark: 63K(64K)] 109092K(118016K), 0.1111941 secs] [Times: user=0.11 sys=0.00, real=0.12 secs] 
2024-03-31T19:54:52.914+0800: 1344.929: [CMS-concurrent-sweep-start]
2024-03-31T19:54:52.915+0800: 1344.930: [CMS-concurrent-sweep: 0.000/0.000 secs] [Times: user=0.00 sys=0.00, real=0.00 secs] 
2024-03-31T19:54:52.918+0800: 1344.933: [CMS-concurrent-reset-start]
2024-03-31T19:54:52.919+0800: 1344.934: [CMS-concurrent-reset: 0.000/0.000 secs] [Times: user=0.00 sys=0.00, real=0.00 secs] 
2024-03-31T19:54:54.927+0800: 1346.942: [GC (CMS Initial Mark) [1 CMS-initial-mark: 63K(64K)] 109311K(118016K), 0.1161495 secs] [Times: user=0.11 sys=0.00, real=0.12 secs] 
2024-03-31T19:54:55.045+0800: 1347.059: [CMS-concurrent-mark-start]
2024-03-31T19:54:55.046+0800: 1347.060: [CMS-concurrent-mark: 0.000/0.000 secs] [Times: user=0.00 sys=0.00, real=0.00 secs] 
2024-03-31T19:54:55.048+0800: 1347.062: [CMS-concurrent-preclean-start]
2024-03-31T19:54:55.050+0800: 1347.065: [CMS-concurrent-preclean: 0.001/0.001 secs] [Times: user=0.01 sys=0.00, real=0.00 secs] 
2024-03-31T19:54:55.052+0800: 1347.067: [CMS-concurrent-abortable-preclean-start]
2024-03-31T19:54:55.053+0800: 1347.068: [CMS-concurrent-abortable-preclean: 0.000/0.000 secs] [Times: user=0.00 sys=0.00, real=0.01 secs] 
2024-03-31T19:54:55.055+0800: 1347.069: [GC (CMS Final Remark) [YG occupancy: 109251 K (117952 K)]2024-03-31T19:54:55.055+0800: 1347.069: [Rescan (non-parallel) 2024-03-31T19:54:55.055+0800: 1347.070: [grey object rescan, 0.0001887 secs]2024-03-31T19:54:55.055+0800: 1347.070: [root rescan, 0.0793803 secs]2024-03-31T19:54:55.135+0800: 1347.150: [visit unhandled CLDs, 0.0001969 secs]2024-03-31T19:54:55.135+0800: 1347.150: [dirty klass scan, 0.0016154 secs], 0.0821109 secs]2024-03-31T19:54:55.137+0800: 1347.152: [weak refs processing, 0.0002613 secs]2024-03-31T19:54:55.137+0800: 1347.152: [class unloading, 0.0128837 secs]2024-03-31T19:54:55.151+0800: 1347.165: [scrub symbol table, 0.0100029 secs]2024-03-31T19:54:55.161+0800: 1347.176: [scrub string table, 0.0005490 secs][1 CMS-remark: 63K(64K)] 109315K(118016K), 0.1096708 secs] [Times: user=0.11 sys=0.00, real=0.11 secs] 
2024-03-31T19:54:55.166+0800: 1347.180: [CMS-concurrent-sweep-start]
2024-03-31T19:54:55.167+0800: 1347.182: [CMS-concurrent-sweep: 0.000/0.000 secs] [Times: user=0.00 sys=0.00, real=0.00 secs] 
2024-03-31T19:54:55.170+0800: 1347.185: [CMS-concurrent-reset-start]
2024-03-31T19:54:55.171+0800: 1347.186: [CMS-concurrent-reset: 0.000/0.000 secs] [Times: user=0.00 sys=0.00, real=0.00 secs] 
2024-03-31T19:54:57.181+0800: 1349.196: [GC (CMS Initial Mark) [1 CMS-initial-mark: 63K(64K)] 109508K(118016K), 0.1172213 secs] [Times: user=0.12 sys=0.00, real=0.12 secs] 
2024-03-31T19:54:57.299+0800: 1349.314: [CMS-concurrent-mark-start]
2024-03-31T19:54:57.300+0800: 1349.315: [CMS-concurrent-mark: 0.000/0.000 secs] [Times: user=0.00 sys=0.01, real=0.00 secs] 
2024-03-31T19:54:57.301+0800: 1349.316: [CMS-concurrent-preclean-start]
2024-03-31T19:54:57.304+0800: 1349.319: [CMS-concurrent-preclean: 0.001/0.001 secs] [Times: user=0.00 sys=0.00, real=0.01 secs] 
2024-03-31T19:54:57.305+0800: 1349.320: [CMS-concurrent-abortable-preclean-start]
2024-03-31T19:54:57.306+0800: 1349.321: [CMS-concurrent-abortable-preclean: 0.000/0.000 secs] [Times: user=0.01 sys=0.00, real=0.00 secs] 
2024-03-31T19:54:57.309+0800: 1349.324: [GC (CMS Final Remark) [YG occupancy: 109446 K (117952 K)]2024-03-31T19:54:57.309+0800: 1349.324: [Rescan (non-parallel) 2024-03-31T19:54:57.309+0800: 1349.324: [grey object rescan, 0.0001113 secs]2024-03-31T19:54:57.310+0800: 1349.324: [root rescan, 0.0825303 secs]2024-03-31T19:54:57.392+0800: 1349.407: [visit unhandled CLDs, 0.0002857 secs]2024-03-31T19:54:57.393+0800: 1349.408: [dirty klass scan, 0.0017055 secs], 0.0855115 secs]2024-03-31T19:54:57.395+0800: 1349.410: [weak refs processing, 0.0002465 secs]2024-03-31T19:54:57.395+0800: 1349.410: [class unloading, 0.0177551 secs]2024-03-31T19:54:57.413+0800: 1349.428: [scrub symbol table, 0.0111781 secs]2024-03-31T19:54:57.425+0800: 1349.439: [scrub string table, 0.0005595 secs][1 CMS-remark: 63K(64K)] 109509K(118016K), 0.1194420 secs] [Times: user=0.12 sys=0.00, real=0.12 secs] 
2024-03-31T19:54:57.430+0800: 1349.445: [CMS-concurrent-sweep-start]
2024-03-31T19:54:57.432+0800: 1349.446: [CMS-concurrent-sweep: 0.000/0.000 secs] [Times: user=0.00 sys=0.00, real=0.01 secs] 
2024-03-31T19:54:57.436+0800: 1349.450: [CMS-concurrent-reset-start]
2024-03-31T19:54:57.436+0800: 1349.451: [CMS-concurrent-reset: 0.000/0.000 secs] [Times: user=0.00 sys=0.00, real=0.00 secs] 
2024-03-31T19:54:59.443+0800: 1351.458: [GC (CMS Initial Mark) [1 CMS-initial-mark: 63K(64K)] 109646K(118016K), 0.1299080 secs] [Times: user=0.13 sys=0.00, real=0.14 secs] 
2024-03-31T19:54:59.573+0800: 1351.588: [CMS-concurrent-mark-start]
2024-03-31T19:54:59.574+0800: 1351.589: [CMS-concurrent-mark: 0.000/0.000 secs] [Times: user=0.00 sys=0.00, real=0.00 secs] 
2024-03-31T19:54:59.575+0800: 1351.590: [CMS-concurrent-preclean-start]
2024-03-31T19:54:59.577+0800: 1351.592: [CMS-concurrent-preclean: 0.001/0.001 secs] [Times: user=0.00 sys=0.01, real=0.00 secs] 
2024-03-31T19:54:59.578+0800: 1351.593: [CMS-concurrent-abortable-preclean-start]
2024-03-31T19:54:59.579+0800: 1351.594: [CMS-concurrent-abortable-preclean: 0.000/0.000 secs] [Times: user=0.00 sys=0.00, real=0.00 secs] 
2024-03-31T19:54:59.581+0800: 1351.595: [GC (CMS Final Remark) [YG occupancy: 109585 K (117952 K)]2024-03-31T19:54:59.581+0800: 1351.596: [Rescan (non-parallel) 2024-03-31T19:54:59.581+0800: 1351.596: [grey object rescan, 0.0001049 secs]2024-03-31T19:54:59.581+0800: 1351.596: [root rescan, 0.0766911 secs]2024-03-31T19:54:59.658+0800: 1351.673: [visit unhandled CLDs, 0.0001873 secs]2024-03-31T19:54:59.658+0800: 1351.673: [dirty klass scan, 0.0014044 secs], 0.0789808 secs]2024-03-31T19:54:59.660+0800: 1351.675: [weak refs processing, 0.0001349 secs]2024-03-31T19:54:59.660+0800: 1351.675: [class unloading, 0.0129133 secs]2024-03-31T19:54:59.673+0800: 1351.688: [scrub symbol table, 0.0099100 secs]2024-03-31T19:54:59.683+0800: 1351.698: [scrub string table, 0.0005332 secs][1 CMS-remark: 63K(64K)] 109649K(118016K), 0.1062691 secs] [Times: user=0.10 sys=0.00, real=0.11 secs] 
2024-03-31T19:54:59.688+0800: 1351.702: [CMS-concurrent-sweep-start]
2024-03-31T19:54:59.688+0800: 1351.703: [CMS-concurrent-sweep: 0.000/0.000 secs] [Times: user=0.00 sys=0.00, real=0.00 secs] 
2024-03-31T19:54:59.689+0800: 1351.704: [CMS-concurrent-reset-start]
2024-03-31T19:54:59.690+0800: 1351.705: [CMS-concurrent-reset: 0.000/0.000 secs] [Times: user=0.00 sys=0.00, real=0.00 secs] 
2024-03-31T19:55:01.699+0800: 1353.713: [GC (CMS Initial Mark) [1 CMS-initial-mark: 63K(64K)] 109874K(118016K), 0.1177873 secs] [Times: user=0.12 sys=0.00, real=0.12 secs] 
2024-03-31T19:55:01.818+0800: 1353.831: [CMS-concurrent-mark-start]
2024-03-31T19:55:01.818+0800: 1353.832: [CMS-concurrent-mark: 0.000/0.000 secs] [Times: user=0.00 sys=0.00, real=0.00 secs] 
2024-03-31T19:55:01.819+0800: 1353.833: [CMS-concurrent-preclean-start]
2024-03-31T19:55:01.821+0800: 1353.835: [CMS-concurrent-preclean: 0.001/0.001 secs] [Times: user=0.00 sys=0.00, real=0.00 secs] 
2024-03-31T19:55:01.822+0800: 1353.835: [CMS-concurrent-abortable-preclean-start]
2024-03-31T19:55:01.823+0800: 1353.837: [CMS-concurrent-abortable-preclean: 0.000/0.000 secs] [Times: user=0.01 sys=0.00, real=0.00 secs] 
2024-03-31T19:55:01.825+0800: 1353.838: [GC (CMS Final Remark) [YG occupancy: 109811 K (117952 K)]2024-03-31T19:55:01.825+0800: 1353.839: [Rescan (non-parallel) 2024-03-31T19:55:01.825+0800: 1353.839: [grey object rescan, 0.0001304 secs]2024-03-31T19:55:01.825+0800: 1353.839: [root rescan, 0.0785173 secs]2024-03-31T19:55:01.904+0800: 1353.918: [visit unhandled CLDs, 0.0001600 secs]2024-03-31T19:55:01.904+0800: 1353.918: [dirty klass scan, 0.0014750 secs], 0.0810985 secs]2024-03-31T19:55:01.906+0800: 1353.920: [weak refs processing, 0.0001312 secs]2024-03-31T19:55:01.906+0800: 1353.920: [class unloading, 0.0118433 secs]2024-03-31T19:55:01.918+0800: 1353.932: [scrub symbol table, 0.0097739 secs]2024-03-31T19:55:01.928+0800: 1353.942: [scrub string table, 0.0005033 secs][1 CMS-remark: 63K(64K)] 109875K(118016K), 0.1069190 secs] [Times: user=0.10 sys=0.00, real=0.10 secs] 
2024-03-31T19:55:01.932+0800: 1353.946: [CMS-concurrent-sweep-start]
2024-03-31T19:55:01.933+0800: 1353.946: [CMS-concurrent-sweep: 0.000/0.000 secs] [Times: user=0.00 sys=0.00, real=0.00 secs] 
2024-03-31T19:55:01.933+0800: 1353.947: [CMS-concurrent-reset-start]
2024-03-31T19:55:01.934+0800: 1353.947: [CMS-concurrent-reset: 0.000/0.000 secs] [Times: user=0.00 sys=0.00, real=0.00 secs] 
2024-03-31T19:55:03.951+0800: 1355.965: [GC (CMS Initial Mark) [1 CMS-initial-mark: 63K(64K)] 110012K(118016K), 0.1073307 secs] [Times: user=0.11 sys=0.00, real=0.11 secs] 
2024-03-31T19:55:04.059+0800: 1356.073: [CMS-concurrent-mark-start]
2024-03-31T19:55:04.060+0800: 1356.074: [CMS-concurrent-mark: 0.000/0.000 secs] [Times: user=0.00 sys=0.00, real=0.00 secs] 
2024-03-31T19:55:04.061+0800: 1356.074: [CMS-concurrent-preclean-start]
2024-03-31T19:55:04.063+0800: 1356.077: [CMS-concurrent-preclean: 0.001/0.001 secs] [Times: user=0.00 sys=0.00, real=0.00 secs] 
2024-03-31T19:55:04.064+0800: 1356.078: [CMS-concurrent-abortable-preclean-start]
2024-03-31T19:55:04.065+0800: 1356.079: [CMS-concurrent-abortable-preclean: 0.000/0.000 secs] [Times: user=0.00 sys=0.00, real=0.01 secs] 
2024-03-31T19:55:04.067+0800: 1356.081: [GC (CMS Final Remark) [YG occupancy: 109950 K (117952 K)]2024-03-31T19:55:04.067+0800: 1356.081: [Rescan (non-parallel) 2024-03-31T19:55:04.067+0800: 1356.081: [grey object rescan, 0.0001052 secs]2024-03-31T19:55:04.067+0800: 1356.081: [root rescan, 0.0770391 secs]2024-03-31T19:55:04.145+0800: 1356.159: [visit unhandled CLDs, 0.0001536 secs]2024-03-31T19:55:04.145+0800: 1356.159: [dirty klass scan, 0.0014098 secs], 0.0793784 secs]2024-03-31T19:55:04.147+0800: 1356.160: [weak refs processing, 0.0001509 secs]2024-03-31T19:55:04.147+0800: 1356.161: [class unloading, 0.0115143 secs]2024-03-31T19:55:04.159+0800: 1356.172: [scrub symbol table, 0.0097200 secs]2024-03-31T19:55:04.168+0800: 1356.182: [scrub string table, 0.0005260 secs][1 CMS-remark: 63K(64K)] 110013K(118016K), 0.1049122 secs] [Times: user=0.11 sys=0.00, real=0.10 secs] 
2024-03-31T19:55:04.173+0800: 1356.187: [CMS-concurrent-sweep-start]
2024-03-31T19:55:04.174+0800: 1356.187: [CMS-concurrent-sweep: 0.000/0.000 secs] [Times: user=0.00 sys=0.00, real=0.00 secs] 
2024-03-31T19:55:04.176+0800: 1356.190: [CMS-concurrent-reset-start]
2024-03-31T19:55:04.177+0800: 1356.191: [CMS-concurrent-reset: 0.000/0.000 secs] [Times: user=0.00 sys=0.00, real=0.00 secs] 
2024-03-31T19:55:06.178+0800: 1358.191: [GC (CMS Initial Mark) [1 CMS-initial-mark: 63K(64K)] 110249K(118016K), 0.0746687 secs] [Times: user=0.07 sys=0.00, real=0.07 secs] 
2024-03-31T19:55:06.253+0800: 1358.267: [CMS-concurrent-mark-start]
2024-03-31T19:55:06.254+0800: 1358.268: [CMS-concurrent-mark: 0.000/0.000 secs] [Times: user=0.00 sys=0.00, real=0.01 secs] 
2024-03-31T19:55:06.256+0800: 1358.270: [CMS-concurrent-preclean-start]
2024-03-31T19:55:06.259+0800: 1358.272: [CMS-concurrent-preclean: 0.001/0.001 secs] [Times: user=0.01 sys=0.00, real=0.00 secs] 
2024-03-31T19:55:06.261+0800: 1358.274: [CMS-concurrent-abortable-preclean-start]
2024-03-31T19:55:06.262+0800: 1358.276: [CMS-concurrent-abortable-preclean: 0.000/0.000 secs] [Times: user=0.00 sys=0.00, real=0.00 secs] 
2024-03-31T19:55:06.264+0800: 1358.278: [GC (CMS Final Remark) [YG occupancy: 110193 K (117952 K)]2024-03-31T19:55:06.264+0800: 1358.278: [Rescan (non-parallel) 2024-03-31T19:55:06.264+0800: 1358.278: [grey object rescan, 0.0001108 secs]2024-03-31T19:55:06.265+0800: 1358.278: [root rescan, 0.0787845 secs]2024-03-31T19:55:06.344+0800: 1358.357: [visit unhandled CLDs, 0.0001525 secs]2024-03-31T19:55:06.344+0800: 1358.358: [dirty klass scan, 0.0015190 secs], 0.0812248 secs]2024-03-31T19:55:06.346+0800: 1358.359: [weak refs processing, 0.0001688 secs]2024-03-31T19:55:06.346+0800: 1358.360: [class unloading, 0.0125013 secs]2024-03-31T19:55:06.359+0800: 1358.372: [scrub symbol table, 0.0104160 secs]2024-03-31T19:55:06.369+0800: 1358.383: [scrub string table, 0.0005563 secs][1 CMS-remark: 63K(64K)] 110257K(118016K), 0.1088539 secs] [Times: user=0.11 sys=0.00, real=0.10 secs] 
2024-03-31T19:55:06.374+0800: 1358.388: [CMS-concurrent-sweep-start]
2024-03-31T19:55:06.376+0800: 1358.389: [CMS-concurrent-sweep: 0.000/0.000 secs] [Times: user=0.00 sys=0.00, real=0.01 secs] 
2024-03-31T19:55:06.379+0800: 1358.393: [CMS-concurrent-reset-start]
2024-03-31T19:55:06.380+0800: 1358.394: [CMS-concurrent-reset: 0.000/0.000 secs] [Times: user=0.01 sys=0.00, real=0.00 secs] 
2024-03-31T19:55:08.391+0800: 1360.405: [GC (CMS Initial Mark) [1 CMS-initial-mark: 63K(64K)] 110494K(118016K), 0.1136216 secs] [Times: user=0.11 sys=0.00, real=0.12 secs] 
2024-03-31T19:55:08.506+0800: 1360.520: [CMS-concurrent-mark-start]
2024-03-31T19:55:08.507+0800: 1360.520: [CMS-concurrent-mark: 0.000/0.000 secs] [Times: user=0.00 sys=0.01, real=0.00 secs] 
2024-03-31T19:55:08.508+0800: 1360.522: [CMS-concurrent-preclean-start]
2024-03-31T19:55:08.511+0800: 1360.525: [CMS-concurrent-preclean: 0.001/0.001 secs] [Times: user=0.01 sys=0.00, real=0.00 secs] 
2024-03-31T19:55:08.512+0800: 1360.526: [CMS-concurrent-abortable-preclean-start]
2024-03-31T19:55:08.514+0800: 1360.528: [CMS-concurrent-abortable-preclean: 0.000/0.000 secs] [Times: user=0.00 sys=0.00, real=0.01 secs] 
2024-03-31T19:55:08.516+0800: 1360.530: [GC (CMS Final Remark) [YG occupancy: 110434 K (117952 K)]2024-03-31T19:55:08.516+0800: 1360.530: [Rescan (non-parallel) 2024-03-31T19:55:08.516+0800: 1360.530: [grey object rescan, 0.0001041 secs]2024-03-31T19:55:08.517+0800: 1360.530: [root rescan, 0.0777540 secs]2024-03-31T19:55:08.595+0800: 1360.608: [visit unhandled CLDs, 0.0001803 secs]2024-03-31T19:55:08.595+0800: 1360.609: [dirty klass scan, 0.0014026 secs], 0.0800667 secs]2024-03-31T19:55:08.596+0800: 1360.610: [weak refs processing, 0.0001477 secs]2024-03-31T19:55:08.597+0800: 1360.610: [class unloading, 0.0114721 secs]2024-03-31T19:55:08.608+0800: 1360.622: [scrub symbol table, 0.0098698 secs]2024-03-31T19:55:08.618+0800: 1360.632: [scrub string table, 0.0005016 secs][1 CMS-remark: 63K(64K)] 110498K(118016K), 0.1056591 secs] [Times: user=0.10 sys=0.00, real=0.10 secs] 
2024-03-31T19:55:08.623+0800: 1360.636: [CMS-concurrent-sweep-start]
2024-03-31T19:55:08.623+0800: 1360.637: [CMS-concurrent-sweep: 0.000/0.000 secs] [Times: user=0.00 sys=0.00, real=0.00 secs] 
2024-03-31T19:55:08.625+0800: 1360.639: [CMS-concurrent-reset-start]
2024-03-31T19:55:08.626+0800: 1360.639: [CMS-concurrent-reset: 0.000/0.000 secs] [Times: user=0.00 sys=0.00, real=0.00 secs] 
2024-03-31T19:55:10.634+0800: 1362.648: [GC (CMS Initial Mark) [1 CMS-initial-mark: 63K(64K)] 110703K(118016K), 0.1163775 secs] [Times: user=0.12 sys=0.00, real=0.11 secs] 
2024-03-31T19:55:10.751+0800: 1362.765: [CMS-concurrent-mark-start]
2024-03-31T19:55:10.752+0800: 1362.766: [CMS-concurrent-mark: 0.000/0.000 secs] [Times: user=0.00 sys=0.00, real=0.00 secs] 
2024-03-31T19:55:10.753+0800: 1362.766: [CMS-concurrent-preclean-start]
2024-03-31T19:55:10.755+0800: 1362.768: [CMS-concurrent-preclean: 0.001/0.001 secs] [Times: user=0.00 sys=0.00, real=0.01 secs] 
2024-03-31T19:55:10.755+0800: 1362.769: [CMS-concurrent-abortable-preclean-start]
2024-03-31T19:55:10.756+0800: 1362.770: [CMS-concurrent-abortable-preclean: 0.000/0.000 secs] [Times: user=0.00 sys=0.00, real=0.00 secs] 
2024-03-31T19:55:10.757+0800: 1362.770: [GC (CMS Final Remark) [YG occupancy: 110640 K (117952 K)]2024-03-31T19:55:10.757+0800: 1362.771: [Rescan (non-parallel) 2024-03-31T19:55:10.757+0800: 1362.771: [grey object rescan, 0.0001063 secs]2024-03-31T19:55:10.757+0800: 1362.771: [root rescan, 0.0776883 secs]2024-03-31T19:55:10.835+0800: 1362.849: [visit unhandled CLDs, 0.0002303 secs]2024-03-31T19:55:10.835+0800: 1362.849: [dirty klass scan, 0.0016418 secs], 0.0804238 secs]2024-03-31T19:55:10.837+0800: 1362.851: [weak refs processing, 0.0002004 secs]2024-03-31T19:55:10.838+0800: 1362.851: [class unloading, 0.0122799 secs]2024-03-31T19:55:10.850+0800: 1362.864: [scrub symbol table, 0.0115900 secs]2024-03-31T19:55:10.862+0800: 1362.876: [scrub string table, 0.0005463 secs][1 CMS-remark: 63K(64K)] 110704K(118016K), 0.1089703 secs] [Times: user=0.11 sys=0.00, real=0.11 secs] 
2024-03-31T19:55:10.867+0800: 1362.880: [CMS-concurrent-sweep-start]
2024-03-31T19:55:10.867+0800: 1362.881: [CMS-concurrent-sweep: 0.000/0.000 secs] [Times: user=0.00 sys=0.00, real=0.00 secs] 
2024-03-31T19:55:10.870+0800: 1362.883: [CMS-concurrent-reset-start]
2024-03-31T19:55:10.871+0800: 1362.884: [CMS-concurrent-reset: 0.000/0.000 secs] [Times: user=0.01 sys=0.00, real=0.00 secs] 
2024-03-31T19:55:12.884+0800: 1364.898: [GC (CMS Initial Mark) [1 CMS-initial-mark: 63K(64K)] 110922K(118016K), 0.1192886 secs] [Times: user=0.12 sys=0.00, real=0.12 secs] 
2024-03-31T19:55:13.005+0800: 1365.018: [CMS-concurrent-mark-start]
2024-03-31T19:55:13.005+0800: 1365.019: [CMS-concurrent-mark: 0.000/0.000 secs] [Times: user=0.00 sys=0.00, real=0.00 secs] 
2024-03-31T19:55:13.007+0800: 1365.020: [CMS-concurrent-preclean-start]
2024-03-31T19:55:13.009+0800: 1365.022: [CMS-concurrent-preclean: 0.001/0.001 secs] [Times: user=0.01 sys=0.00, real=0.00 secs] 
2024-03-31T19:55:13.010+0800: 1365.024: [CMS-concurrent-abortable-preclean-start]
2024-03-31T19:55:13.010+0800: 1365.024: [CMS-concurrent-abortable-preclean: 0.000/0.000 secs] [Times: user=0.00 sys=0.00, real=0.00 secs] 
2024-03-31T19:55:13.011+0800: 1365.025: [GC (CMS Final Remark) [YG occupancy: 110859 K (117952 K)]2024-03-31T19:55:13.011+0800: 1365.025: [Rescan (non-parallel) 2024-03-31T19:55:13.012+0800: 1365.025: [grey object rescan, 0.0001241 secs]2024-03-31T19:55:13.012+0800: 1365.026: [root rescan, 0.0826215 secs]2024-03-31T19:55:13.095+0800: 1365.109: [visit unhandled CLDs, 0.0002853 secs]2024-03-31T19:55:13.095+0800: 1365.109: [dirty klass scan, 0.0016107 secs], 0.0854681 secs]2024-03-31T19:55:13.097+0800: 1365.111: [weak refs processing, 0.0001413 secs]2024-03-31T19:55:13.097+0800: 1365.111: [class unloading, 0.0119189 secs]2024-03-31T19:55:13.109+0800: 1365.123: [scrub symbol table, 0.0102314 secs]2024-03-31T19:55:13.120+0800: 1365.134: [scrub string table, 0.0005277 secs][1 CMS-remark: 63K(64K)] 110923K(118016K), 0.1119946 secs] [Times: user=0.11 sys=0.00, real=0.11 secs] 
2024-03-31T19:55:13.124+0800: 1365.138: [CMS-concurrent-sweep-start]
2024-03-31T19:55:13.125+0800: 1365.139: [CMS-concurrent-sweep: 0.000/0.000 secs] [Times: user=0.00 sys=0.00, real=0.00 secs] 
2024-03-31T19:55:13.127+0800: 1365.141: [CMS-concurrent-reset-start]
2024-03-31T19:55:13.128+0800: 1365.142: [CMS-concurrent-reset: 0.000/0.000 secs] [Times: user=0.00 sys=0.00, real=0.00 secs] 
2024-03-31T19:55:15.137+0800: 1367.151: [GC (CMS Initial Mark) [1 CMS-initial-mark: 63K(64K)] 111039K(118016K), 0.1178308 secs] [Times: user=0.12 sys=0.00, real=0.12 secs] 
2024-03-31T19:55:15.255+0800: 1367.269: [CMS-concurrent-mark-start]
2024-03-31T19:55:15.256+0800: 1367.270: [CMS-concurrent-mark: 0.000/0.000 secs] [Times: user=0.00 sys=0.00, real=0.00 secs] 
2024-03-31T19:55:15.257+0800: 1367.271: [CMS-concurrent-preclean-start]
2024-03-31T19:55:15.259+0800: 1367.273: [CMS-concurrent-preclean: 0.001/0.001 secs] [Times: user=0.00 sys=0.00, real=0.00 secs] 
2024-03-31T19:55:15.260+0800: 1367.274: [CMS-concurrent-abortable-preclean-start]
2024-03-31T19:55:15.261+0800: 1367.275: [CMS-concurrent-abortable-preclean: 0.000/0.000 secs] [Times: user=0.00 sys=0.00, real=0.00 secs] 
2024-03-31T19:55:15.263+0800: 1367.276: [GC (CMS Final Remark) [YG occupancy: 110976 K (117952 K)]2024-03-31T19:55:15.263+0800: 1367.277: [Rescan (non-parallel) 2024-03-31T19:55:15.263+0800: 1367.277: [grey object rescan, 0.0001022 secs]2024-03-31T19:55:15.263+0800: 1367.277: [root rescan, 0.0778851 secs]2024-03-31T19:55:15.341+0800: 1367.355: [visit unhandled CLDs, 0.0001481 secs]2024-03-31T19:55:15.341+0800: 1367.355: [dirty klass scan, 0.0014355 secs], 0.0802418 secs]2024-03-31T19:55:15.343+0800: 1367.357: [weak refs processing, 0.0001429 secs]2024-03-31T19:55:15.343+0800: 1367.357: [class unloading, 0.0114636 secs]2024-03-31T19:55:15.355+0800: 1367.369: [scrub symbol table, 0.0104077 secs]2024-03-31T19:55:15.366+0800: 1367.379: [scrub string table, 0.0004981 secs][1 CMS-remark: 63K(64K)] 111040K(118016K), 0.1063159 secs] [Times: user=0.10 sys=0.00, real=0.11 secs] 
2024-03-31T19:55:15.370+0800: 1367.384: [CMS-concurrent-sweep-start]
2024-03-31T19:55:15.371+0800: 1367.384: [CMS-concurrent-sweep: 0.000/0.000 secs] [Times: user=0.01 sys=0.00, real=0.00 secs] 
2024-03-31T19:55:15.373+0800: 1367.387: [CMS-concurrent-reset-start]
2024-03-31T19:55:15.374+0800: 1367.388: [CMS-concurrent-reset: 0.000/0.000 secs] [Times: user=0.00 sys=0.00, real=0.01 secs] 
2024-03-31T19:55:17.386+0800: 1369.400: [GC (CMS Initial Mark) [1 CMS-initial-mark: 63K(64K)] 111270K(118016K), 0.1322793 secs] [Times: user=0.13 sys=0.00, real=0.13 secs] 
2024-03-31T19:55:17.520+0800: 1369.533: [CMS-concurrent-mark-start]
2024-03-31T19:55:17.521+0800: 1369.535: [CMS-concurrent-mark: 0.000/0.000 secs] [Times: user=0.00 sys=0.00, real=0.00 secs] 
2024-03-31T19:55:17.522+0800: 1369.535: [CMS-concurrent-preclean-start]
2024-03-31T19:55:17.524+0800: 1369.538: [CMS-concurrent-preclean: 0.001/0.001 secs] [Times: user=0.01 sys=0.00, real=0.01 secs] 
2024-03-31T19:55:17.525+0800: 1369.539: [CMS-concurrent-abortable-preclean-start]
2024-03-31T19:55:17.527+0800: 1369.540: [CMS-concurrent-abortable-preclean: 0.000/0.000 secs] [Times: user=0.00 sys=0.00, real=0.00 secs] 
2024-03-31T19:55:17.529+0800: 1369.543: [GC (CMS Final Remark) [YG occupancy: 111207 K (117952 K)]2024-03-31T19:55:17.529+0800: 1369.543: [Rescan (non-parallel) 2024-03-31T19:55:17.529+0800: 1369.543: [grey object rescan, 0.0001018 secs]2024-03-31T19:55:17.529+0800: 1369.543: [root rescan, 0.0789463 secs]2024-03-31T19:55:17.609+0800: 1369.622: [visit unhandled CLDs, 0.0003386 secs]2024-03-31T19:55:17.609+0800: 1369.623: [dirty klass scan, 0.0016027 secs], 0.0817493 secs]2024-03-31T19:55:17.611+0800: 1369.625: [weak refs processing, 0.0001833 secs]2024-03-31T19:55:17.611+0800: 1369.625: [class unloading, 0.0121118 secs]2024-03-31T19:55:17.624+0800: 1369.637: [scrub symbol table, 0.0098167 secs]2024-03-31T19:55:17.634+0800: 1369.647: [scrub string table, 0.0005386 secs][1 CMS-remark: 63K(64K)] 111271K(118016K), 0.1081624 secs] [Times: user=0.11 sys=0.00, real=0.11 secs] 
2024-03-31T19:55:17.638+0800: 1369.652: [CMS-concurrent-sweep-start]
2024-03-31T19:55:17.639+0800: 1369.653: [CMS-concurrent-sweep: 0.000/0.000 secs] [Times: user=0.00 sys=0.00, real=0.00 secs] 
2024-03-31T19:55:17.642+0800: 1369.655: [CMS-concurrent-reset-start]
2024-03-31T19:55:17.642+0800: 1369.656: [CMS-concurrent-reset: 0.000/0.000 secs] [Times: user=0.00 sys=0.00, real=0.00 secs] 
2024-03-31T19:55:19.652+0800: 1371.666: [GC (CMS Initial Mark) [1 CMS-initial-mark: 63K(64K)] 111439K(118016K), 0.1218346 secs] [Times: user=0.12 sys=0.00, real=0.13 secs] 
2024-03-31T19:55:19.775+0800: 1371.789: [CMS-concurrent-mark-start]
2024-03-31T19:55:19.776+0800: 1371.790: [CMS-concurrent-mark: 0.000/0.000 secs] [Times: user=0.01 sys=0.00, real=0.00 secs] 
2024-03-31T19:55:19.777+0800: 1371.791: [CMS-concurrent-preclean-start]
2024-03-31T19:55:19.780+0800: 1371.793: [CMS-concurrent-preclean: 0.001/0.001 secs] [Times: user=0.00 sys=0.00, real=0.00 secs] 
2024-03-31T19:55:19.781+0800: 1371.795: [CMS-concurrent-abortable-preclean-start]
2024-03-31T19:55:19.782+0800: 1371.796: [CMS-concurrent-abortable-preclean: 0.000/0.000 secs] [Times: user=0.00 sys=0.00, real=0.00 secs] 
2024-03-31T19:55:19.784+0800: 1371.797: [GC (CMS Final Remark) [YG occupancy: 111378 K (117952 K)]2024-03-31T19:55:19.784+0800: 1371.798: [Rescan (non-parallel) 2024-03-31T19:55:19.784+0800: 1371.798: [grey object rescan, 0.0001068 secs]2024-03-31T19:55:19.784+0800: 1371.798: [root rescan, 0.0780270 secs]2024-03-31T19:55:19.862+0800: 1371.876: [visit unhandled CLDs, 0.0001570 secs]2024-03-31T19:55:19.863+0800: 1371.876: [dirty klass scan, 0.0013553 secs], 0.0802950 secs]2024-03-31T19:55:19.864+0800: 1371.878: [weak refs processing, 0.0001403 secs]2024-03-31T19:55:19.864+0800: 1371.878: [class unloading, 0.0118403 secs]2024-03-31T19:55:19.876+0800: 1371.890: [scrub symbol table, 0.0098046 secs]2024-03-31T19:55:19.886+0800: 1371.900: [scrub string table, 0.0005116 secs][1 CMS-remark: 63K(64K)] 111441K(118016K), 0.1062521 secs] [Times: user=0.11 sys=0.00, real=0.11 secs] 
2024-03-31T19:55:19.891+0800: 1371.905: [CMS-concurrent-sweep-start]
2024-03-31T19:55:19.892+0800: 1371.905: [CMS-concurrent-sweep: 0.000/0.000 secs] [Times: user=0.00 sys=0.00, real=0.00 secs] 
2024-03-31T19:55:19.893+0800: 1371.907: [CMS-concurrent-reset-start]
2024-03-31T19:55:19.894+0800: 1371.908: [CMS-concurrent-reset: 0.000/0.000 secs] [Times: user=0.00 sys=0.00, real=0.01 secs] 
2024-03-31T19:55:21.904+0800: 1373.918: [GC (CMS Initial Mark) [1 CMS-initial-mark: 63K(64K)] 111655K(118016K), 0.1176926 secs] [Times: user=0.11 sys=0.00, real=0.11 secs] 
2024-03-31T19:55:22.023+0800: 1374.037: [CMS-concurrent-mark-start]
2024-03-31T19:55:22.024+0800: 1374.037: [CMS-concurrent-mark: 0.000/0.000 secs] [Times: user=0.00 sys=0.00, real=0.00 secs] 
2024-03-31T19:55:22.024+0800: 1374.038: [CMS-concurrent-preclean-start]
2024-03-31T19:55:22.027+0800: 1374.040: [CMS-concurrent-preclean: 0.001/0.001 secs] [Times: user=0.01 sys=0.00, real=0.00 secs] 
2024-03-31T19:55:22.028+0800: 1374.042: [CMS-concurrent-abortable-preclean-start]
2024-03-31T19:55:22.029+0800: 1374.043: [CMS-concurrent-abortable-preclean: 0.000/0.000 secs] [Times: user=0.00 sys=0.00, real=0.00 secs] 
2024-03-31T19:55:22.030+0800: 1374.044: [GC (CMS Final Remark) [YG occupancy: 111592 K (117952 K)]2024-03-31T19:55:22.031+0800: 1374.044: [Rescan (non-parallel) 2024-03-31T19:55:22.031+0800: 1374.044: [grey object rescan, 0.0001259 secs]2024-03-31T19:55:22.031+0800: 1374.045: [root rescan, 0.0787228 secs]2024-03-31T19:55:22.110+0800: 1374.124: [visit unhandled CLDs, 0.0001732 secs]2024-03-31T19:55:22.110+0800: 1374.124: [dirty klass scan, 0.0014395 secs], 0.0811082 secs]2024-03-31T19:55:22.112+0800: 1374.126: [weak refs processing, 0.0001485 secs]2024-03-31T19:55:22.112+0800: 1374.126: [class unloading, 0.0115592 secs]2024-03-31T19:55:22.124+0800: 1374.138: [scrub symbol table, 0.0098149 secs]2024-03-31T19:55:22.134+0800: 1374.148: [scrub string table, 0.0005953 secs][1 CMS-remark: 63K(64K)] 111656K(118016K), 0.1071926 secs] [Times: user=0.11 sys=0.00, real=0.11 secs] 
2024-03-31T19:55:22.138+0800: 1374.152: [CMS-concurrent-sweep-start]
2024-03-31T19:55:22.139+0800: 1374.153: [CMS-concurrent-sweep: 0.000/0.000 secs] [Times: user=0.00 sys=0.01, real=0.00 secs] 
2024-03-31T19:55:22.141+0800: 1374.155: [CMS-concurrent-reset-start]
2024-03-31T19:55:22.143+0800: 1374.156: [CMS-concurrent-reset: 0.000/0.000 secs] [Times: user=0.00 sys=0.00, real=0.00 secs] 
2024-03-31T19:55:24.154+0800: 1376.168: [GC (CMS Initial Mark) [1 CMS-initial-mark: 63K(64K)] 111866K(118016K), 0.1200803 secs] [Times: user=0.12 sys=0.01, real=0.12 secs] 
2024-03-31T19:55:24.275+0800: 1376.289: [CMS-concurrent-mark-start]
2024-03-31T19:55:24.276+0800: 1376.289: [CMS-concurrent-mark: 0.000/0.000 secs] [Times: user=0.00 sys=0.00, real=0.00 secs] 
2024-03-31T19:55:24.277+0800: 1376.290: [CMS-concurrent-preclean-start]
2024-03-31T19:55:24.279+0800: 1376.292: [CMS-concurrent-preclean: 0.001/0.001 secs] [Times: user=0.00 sys=0.00, real=0.00 secs] 
2024-03-31T19:55:24.280+0800: 1376.294: [CMS-concurrent-abortable-preclean-start]
2024-03-31T19:55:24.280+0800: 1376.294: [CMS-concurrent-abortable-preclean: 0.000/0.000 secs] [Times: user=0.01 sys=0.00, real=0.00 secs] 
2024-03-31T19:55:24.281+0800: 1376.295: [GC (CMS Final Remark) [YG occupancy: 111803 K (117952 K)]2024-03-31T19:55:24.282+0800: 1376.295: [Rescan (non-parallel) 2024-03-31T19:55:24.282+0800: 1376.296: [grey object rescan, 0.0001130 secs]2024-03-31T19:55:24.282+0800: 1376.296: [root rescan, 0.0807090 secs]2024-03-31T19:55:24.363+0800: 1376.377: [visit unhandled CLDs, 0.0001885 secs]2024-03-31T19:55:24.363+0800: 1376.377: [dirty klass scan, 0.0015294 secs], 0.0833699 secs]2024-03-31T19:55:24.365+0800: 1376.379: [weak refs processing, 0.0001479 secs]2024-03-31T19:55:24.365+0800: 1376.379: [class unloading, 0.0138329 secs]2024-03-31T19:55:24.379+0800: 1376.393: [scrub symbol table, 0.0101394 secs]2024-03-31T19:55:24.391+0800: 1376.405: [scrub string table, 0.0006101 secs][1 CMS-remark: 63K(64K)] 111867K(118016K), 0.1131326 secs] [Times: user=0.11 sys=0.00, real=0.12 secs] 
2024-03-31T19:55:24.395+0800: 1376.409: [CMS-concurrent-sweep-start]
2024-03-31T19:55:24.396+0800: 1376.410: [CMS-concurrent-sweep: 0.000/0.000 secs] [Times: user=0.00 sys=0.00, real=0.00 secs] 
2024-03-31T19:55:24.398+0800: 1376.411: [CMS-concurrent-reset-start]
2024-03-31T19:55:24.398+0800: 1376.412: [CMS-concurrent-reset: 0.000/0.000 secs] [Times: user=0.00 sys=0.00, real=0.00 secs] 
2024-03-31T19:55:26.408+0800: 1378.421: [GC (CMS Initial Mark) [1 CMS-initial-mark: 63K(64K)] 112116K(118016K), 0.1250169 secs] [Times: user=0.12 sys=0.00, real=0.12 secs] 
2024-03-31T19:55:26.533+0800: 1378.547: [CMS-concurrent-mark-start]
2024-03-31T19:55:26.534+0800: 1378.547: [CMS-concurrent-mark: 0.000/0.000 secs] [Times: user=0.00 sys=0.00, real=0.01 secs] 
2024-03-31T19:55:26.535+0800: 1378.548: [CMS-concurrent-preclean-start]
2024-03-31T19:55:26.537+0800: 1378.551: [CMS-concurrent-preclean: 0.001/0.001 secs] [Times: user=0.01 sys=0.00, real=0.00 secs] 
2024-03-31T19:55:26.539+0800: 1378.552: [CMS-concurrent-abortable-preclean-start]
2024-03-31T19:55:26.541+0800: 1378.554: [CMS-concurrent-abortable-preclean: 0.000/0.000 secs] [Times: user=0.00 sys=0.01, real=0.00 secs] 
2024-03-31T19:55:26.542+0800: 1378.556: [GC (CMS Final Remark) [YG occupancy: 112054 K (117952 K)]2024-03-31T19:55:26.543+0800: 1378.556: [Rescan (non-parallel) 2024-03-31T19:55:26.543+0800: 1378.556: [grey object rescan, 0.0001188 secs]2024-03-31T19:55:26.543+0800: 1378.557: [root rescan, 0.0806496 secs]2024-03-31T19:55:26.624+0800: 1378.638: [visit unhandled CLDs, 0.0001863 secs]2024-03-31T19:55:26.624+0800: 1378.638: [dirty klass scan, 0.0014938 secs], 0.0831367 secs]2024-03-31T19:55:26.626+0800: 1378.639: [weak refs processing, 0.0001403 secs]2024-03-31T19:55:26.626+0800: 1378.640: [class unloading, 0.0118215 secs]2024-03-31T19:55:26.638+0800: 1378.652: [scrub symbol table, 0.0105305 secs]2024-03-31T19:55:26.649+0800: 1378.662: [scrub string table, 0.0005553 secs][1 CMS-remark: 63K(64K)] 112118K(118016K), 0.1097883 secs] [Times: user=0.11 sys=0.00, real=0.11 secs] 
2024-03-31T19:55:26.653+0800: 1378.667: [CMS-concurrent-sweep-start]
2024-03-31T19:55:26.655+0800: 1378.669: [CMS-concurrent-sweep: 0.000/0.000 secs] [Times: user=0.00 sys=0.00, real=0.01 secs] 
2024-03-31T19:55:26.657+0800: 1378.671: [CMS-concurrent-reset-start]
2024-03-31T19:55:26.659+0800: 1378.673: [CMS-concurrent-reset: 0.000/0.000 secs] [Times: user=0.00 sys=0.00, real=0.00 secs] 
2024-03-31T19:55:28.666+0800: 1380.680: [GC (CMS Initial Mark) [1 CMS-initial-mark: 63K(64K)] 112289K(118016K), 0.1154374 secs] [Times: user=0.12 sys=0.00, real=0.11 secs] 
2024-03-31T19:55:28.783+0800: 1380.796: [CMS-concurrent-mark-start]
2024-03-31T19:55:28.784+0800: 1380.798: [CMS-concurrent-mark: 0.000/0.000 secs] [Times: user=0.00 sys=0.00, real=0.01 secs] 
2024-03-31T19:55:28.786+0800: 1380.799: [CMS-concurrent-preclean-start]
2024-03-31T19:55:28.788+0800: 1380.802: [CMS-concurrent-preclean: 0.001/0.001 secs] [Times: user=0.01 sys=0.00, real=0.00 secs] 
2024-03-31T19:55:28.790+0800: 1380.804: [CMS-concurrent-abortable-preclean-start]
2024-03-31T19:55:28.791+0800: 1380.805: [CMS-concurrent-abortable-preclean: 0.000/0.000 secs] [Times: user=0.00 sys=0.00, real=0.00 secs] 
2024-03-31T19:55:28.794+0800: 1380.808: [GC (CMS Final Remark) [YG occupancy: 112229 K (117952 K)]2024-03-31T19:55:28.794+0800: 1380.808: [Rescan (non-parallel) 2024-03-31T19:55:28.794+0800: 1380.808: [grey object rescan, 0.0001043 secs]2024-03-31T19:55:28.795+0800: 1380.808: [root rescan, 0.0796061 secs]2024-03-31T19:55:28.874+0800: 1380.888: [visit unhandled CLDs, 0.0001797 secs]2024-03-31T19:55:28.875+0800: 1380.888: [dirty klass scan, 0.0013779 secs], 0.0819055 secs]2024-03-31T19:55:28.876+0800: 1380.890: [weak refs processing, 0.0001463 secs]2024-03-31T19:55:28.877+0800: 1380.890: [class unloading, 0.0127158 secs]2024-03-31T19:55:28.890+0800: 1380.903: [scrub symbol table, 0.0099741 secs]2024-03-31T19:55:28.900+0800: 1380.913: [scrub string table, 0.0005336 secs][1 CMS-remark: 63K(64K)] 112293K(118016K), 0.1088786 secs] [Times: user=0.11 sys=0.00, real=0.10 secs] 
2024-03-31T19:55:28.904+0800: 1380.918: [CMS-concurrent-sweep-start]
2024-03-31T19:55:28.905+0800: 1380.919: [CMS-concurrent-sweep: 0.000/0.000 secs] [Times: user=0.00 sys=0.00, real=0.01 secs] 
2024-03-31T19:55:28.909+0800: 1380.923: [CMS-concurrent-reset-start]
2024-03-31T19:55:28.910+0800: 1380.923: [CMS-concurrent-reset: 0.000/0.000 secs] [Times: user=0.01 sys=0.00, real=0.00 secs] 
2024-03-31T19:55:30.920+0800: 1382.937: [GC (CMS Initial Mark) [1 CMS-initial-mark: 63K(64K)] 112418K(118016K), 0.1218071 secs] [Times: user=0.12 sys=0.01, real=0.12 secs] 
2024-03-31T19:55:31.040+0800: 1383.057: [CMS-concurrent-mark-start]
2024-03-31T19:55:31.041+0800: 1383.059: [CMS-concurrent-mark: 0.000/0.000 secs] [Times: user=0.00 sys=0.00, real=0.01 secs] 
2024-03-31T19:55:31.043+0800: 1383.060: [CMS-concurrent-preclean-start]
2024-03-31T19:55:31.046+0800: 1383.063: [CMS-concurrent-preclean: 0.001/0.001 secs] [Times: user=0.01 sys=0.00, real=0.00 secs] 
2024-03-31T19:55:31.048+0800: 1383.065: [CMS-concurrent-abortable-preclean-start]
2024-03-31T19:55:31.050+0800: 1383.067: [CMS-concurrent-abortable-preclean: 0.000/0.000 secs] [Times: user=0.00 sys=0.00, real=0.00 secs] 
2024-03-31T19:55:31.051+0800: 1383.068: [GC (CMS Final Remark) [YG occupancy: 112359 K (117952 K)]2024-03-31T19:55:31.051+0800: 1383.068: [Rescan (non-parallel) 2024-03-31T19:55:31.051+0800: 1383.068: [grey object rescan, 0.0001621 secs]2024-03-31T19:55:31.052+0800: 1383.069: [root rescan, 0.0812090 secs]2024-03-31T19:55:31.133+0800: 1383.150: [visit unhandled CLDs, 0.0002213 secs]2024-03-31T19:55:31.133+0800: 1383.150: [dirty klass scan, 0.0016635 secs], 0.0839638 secs]2024-03-31T19:55:31.135+0800: 1383.152: [weak refs processing, 0.0002383 secs]2024-03-31T19:55:31.136+0800: 1383.153: [class unloading, 0.0132141 secs]2024-03-31T19:55:31.149+0800: 1383.166: [scrub symbol table, 0.0108543 secs]2024-03-31T19:55:31.160+0800: 1383.177: [scrub string table, 0.0006671 secs][1 CMS-remark: 63K(64K)] 112423K(118016K), 0.1130548 secs] [Times: user=0.11 sys=0.00, real=0.11 secs] 
2024-03-31T19:55:31.165+0800: 1383.182: [CMS-concurrent-sweep-start]
2024-03-31T19:55:31.166+0800: 1383.183: [CMS-concurrent-sweep: 0.000/0.000 secs] [Times: user=0.00 sys=0.00, real=0.00 secs] 
2024-03-31T19:55:31.168+0800: 1383.185: [CMS-concurrent-reset-start]
2024-03-31T19:55:31.169+0800: 1383.186: [CMS-concurrent-reset: 0.000/0.000 secs] [Times: user=0.00 sys=0.00, real=0.00 secs] 
2024-03-31T19:55:33.178+0800: 1385.195: [GC (CMS Initial Mark) [1 CMS-initial-mark: 63K(64K)] 112684K(118016K), 0.1231609 secs] [Times: user=0.12 sys=0.00, real=0.13 secs] 
2024-03-31T19:55:33.302+0800: 1385.319: [CMS-concurrent-mark-start]
2024-03-31T19:55:33.303+0800: 1385.320: [CMS-concurrent-mark: 0.000/0.000 secs] [Times: user=0.00 sys=0.00, real=0.00 secs] 
2024-03-31T19:55:33.303+0800: 1385.320: [CMS-concurrent-preclean-start]
2024-03-31T19:55:33.305+0800: 1385.322: [CMS-concurrent-preclean: 0.001/0.001 secs] [Times: user=0.00 sys=0.00, real=0.00 secs] 
2024-03-31T19:55:33.306+0800: 1385.323: [CMS-concurrent-abortable-preclean-start]
2024-03-31T19:55:33.307+0800: 1385.324: [CMS-concurrent-abortable-preclean: 0.000/0.000 secs] [Times: user=0.00 sys=0.00, real=0.00 secs] 
2024-03-31T19:55:33.308+0800: 1385.325: [GC (CMS Final Remark) [YG occupancy: 112621 K (117952 K)]2024-03-31T19:55:33.308+0800: 1385.325: [Rescan (non-parallel) 2024-03-31T19:55:33.308+0800: 1385.325: [grey object rescan, 0.0001213 secs]2024-03-31T19:55:33.308+0800: 1385.325: [root rescan, 0.0798820 secs]2024-03-31T19:55:33.388+0800: 1385.406: [visit unhandled CLDs, 0.0002037 secs]2024-03-31T19:55:33.389+0800: 1385.406: [dirty klass scan, 0.0015665 secs], 0.0824971 secs]2024-03-31T19:55:33.390+0800: 1385.408: [weak refs processing, 0.0001533 secs]2024-03-31T19:55:33.391+0800: 1385.408: [class unloading, 0.0120330 secs]2024-03-31T19:55:33.403+0800: 1385.420: [scrub symbol table, 0.0100079 secs]2024-03-31T19:55:33.413+0800: 1385.430: [scrub string table, 0.0005408 secs][1 CMS-remark: 63K(64K)] 112685K(118016K), 0.1088940 secs] [Times: user=0.10 sys=0.00, real=0.11 secs] 
2024-03-31T19:55:33.417+0800: 1385.435: [CMS-concurrent-sweep-start]
2024-03-31T19:55:33.418+0800: 1385.435: [CMS-concurrent-sweep: 0.000/0.000 secs] [Times: user=0.00 sys=0.00, real=0.00 secs] 
2024-03-31T19:55:33.419+0800: 1385.436: [CMS-concurrent-reset-start]
2024-03-31T19:55:33.420+0800: 1385.437: [CMS-concurrent-reset: 0.000/0.000 secs] [Times: user=0.00 sys=0.01, real=0.00 secs] 
2024-03-31T19:55:35.427+0800: 1387.444: [GC (CMS Initial Mark) [1 CMS-initial-mark: 63K(64K)] 112833K(118016K), 0.1196923 secs] [Times: user=0.12 sys=0.00, real=0.12 secs] 
2024-03-31T19:55:35.547+0800: 1387.564: [CMS-concurrent-mark-start]
2024-03-31T19:55:35.548+0800: 1387.565: [CMS-concurrent-mark: 0.000/0.000 secs] [Times: user=0.00 sys=0.00, real=0.00 secs] 
2024-03-31T19:55:35.548+0800: 1387.566: [CMS-concurrent-preclean-start]
2024-03-31T19:55:35.550+0800: 1387.567: [CMS-concurrent-preclean: 0.001/0.001 secs] [Times: user=0.00 sys=0.00, real=0.00 secs] 
2024-03-31T19:55:35.551+0800: 1387.568: [CMS-concurrent-abortable-preclean-start]
2024-03-31T19:55:35.552+0800: 1387.570: [CMS-concurrent-abortable-preclean: 0.000/0.000 secs] [Times: user=0.00 sys=0.00, real=0.00 secs] 
2024-03-31T19:55:35.554+0800: 1387.571: [GC (CMS Final Remark) [YG occupancy: 112770 K (117952 K)]2024-03-31T19:55:35.554+0800: 1387.571: [Rescan (non-parallel) 2024-03-31T19:55:35.554+0800: 1387.571: [grey object rescan, 0.0001168 secs]2024-03-31T19:55:35.554+0800: 1387.571: [root rescan, 0.0792948 secs]2024-03-31T19:55:35.634+0800: 1387.651: [visit unhandled CLDs, 0.0001579 secs]2024-03-31T19:55:35.634+0800: 1387.651: [dirty klass scan, 0.0014203 secs], 0.0815895 secs]2024-03-31T19:55:35.636+0800: 1387.653: [weak refs processing, 0.0001336 secs]2024-03-31T19:55:35.636+0800: 1387.653: [class unloading, 0.0115887 secs]2024-03-31T19:55:35.648+0800: 1387.665: [scrub symbol table, 0.0097306 secs]2024-03-31T19:55:35.658+0800: 1387.675: [scrub string table, 0.0005000 secs][1 CMS-remark: 63K(64K)] 112834K(118016K), 0.1071610 secs] [Times: user=0.10 sys=0.00, real=0.11 secs] 
2024-03-31T19:55:35.662+0800: 1387.679: [CMS-concurrent-sweep-start]
2024-03-31T19:55:35.662+0800: 1387.680: [CMS-concurrent-sweep: 0.000/0.000 secs] [Times: user=0.00 sys=0.00, real=0.00 secs] 
2024-03-31T19:55:35.664+0800: 1387.681: [CMS-concurrent-reset-start]
2024-03-31T19:55:35.665+0800: 1387.682: [CMS-concurrent-reset: 0.000/0.000 secs] [Times: user=0.01 sys=0.00, real=0.00 secs] 
2024-03-31T19:55:37.673+0800: 1389.690: [GC (CMS Initial Mark) [1 CMS-initial-mark: 63K(64K)] 113171K(118016K), 0.1205017 secs] [Times: user=0.11 sys=0.00, real=0.12 secs] 
2024-03-31T19:55:37.794+0800: 1389.812: [CMS-concurrent-mark-start]
2024-03-31T19:55:37.795+0800: 1389.812: [CMS-concurrent-mark: 0.000/0.000 secs] [Times: user=0.00 sys=0.00, real=0.00 secs] 
2024-03-31T19:55:37.796+0800: 1389.813: [CMS-concurrent-preclean-start]
2024-03-31T19:55:37.798+0800: 1389.815: [CMS-concurrent-preclean: 0.001/0.001 secs] [Times: user=0.00 sys=0.00, real=0.00 secs] 
2024-03-31T19:55:37.799+0800: 1389.816: [CMS-concurrent-abortable-preclean-start]
2024-03-31T19:55:37.801+0800: 1389.818: [CMS-concurrent-abortable-preclean: 0.000/0.000 secs] [Times: user=0.00 sys=0.00, real=0.01 secs] 
2024-03-31T19:55:37.803+0800: 1389.820: [GC (CMS Final Remark) [YG occupancy: 113109 K (117952 K)]2024-03-31T19:55:37.803+0800: 1389.820: [Rescan (non-parallel) 2024-03-31T19:55:37.803+0800: 1389.820: [grey object rescan, 0.0001065 secs]2024-03-31T19:55:37.803+0800: 1389.821: [root rescan, 0.0809875 secs]2024-03-31T19:55:37.885+0800: 1389.902: [visit unhandled CLDs, 0.0001899 secs]2024-03-31T19:55:37.885+0800: 1389.902: [dirty klass scan, 0.0014427 secs], 0.0834026 secs]2024-03-31T19:55:37.887+0800: 1389.904: [weak refs processing, 0.0001647 secs]2024-03-31T19:55:37.887+0800: 1389.904: [class unloading, 0.0126618 secs]2024-03-31T19:55:37.900+0800: 1389.917: [scrub symbol table, 0.0099570 secs]2024-03-31T19:55:37.910+0800: 1389.927: [scrub string table, 0.0005313 secs][1 CMS-remark: 63K(64K)] 113173K(118016K), 0.1105438 secs] [Times: user=0.11 sys=0.00, real=0.11 secs] 
2024-03-31T19:55:37.915+0800: 1389.932: [CMS-concurrent-sweep-start]
2024-03-31T19:55:37.916+0800: 1389.933: [CMS-concurrent-sweep: 0.000/0.000 secs] [Times: user=0.01 sys=0.00, real=0.00 secs] 
2024-03-31T19:55:37.918+0800: 1389.935: [CMS-concurrent-reset-start]
2024-03-31T19:55:37.919+0800: 1389.937: [CMS-concurrent-reset: 0.000/0.000 secs] [Times: user=0.00 sys=0.00, real=0.00 secs] 
2024-03-31T19:55:39.933+0800: 1391.950: [GC (CMS Initial Mark) [1 CMS-initial-mark: 63K(64K)] 113302K(118016K), 0.1162935 secs] [Times: user=0.12 sys=0.00, real=0.11 secs] 
2024-03-31T19:55:40.050+0800: 1392.067: [CMS-concurrent-mark-start]
2024-03-31T19:55:40.050+0800: 1392.068: [CMS-concurrent-mark: 0.000/0.000 secs] [Times: user=0.00 sys=0.00, real=0.01 secs] 
2024-03-31T19:55:40.052+0800: 1392.069: [CMS-concurrent-preclean-start]
2024-03-31T19:55:40.055+0800: 1392.072: [CMS-concurrent-preclean: 0.001/0.001 secs] [Times: user=0.00 sys=0.00, real=0.00 secs] 
2024-03-31T19:55:40.057+0800: 1392.074: [CMS-concurrent-abortable-preclean-start]
2024-03-31T19:55:40.058+0800: 1392.076: [CMS-concurrent-abortable-preclean: 0.000/0.000 secs] [Times: user=0.00 sys=0.01, real=0.00 secs] 
2024-03-31T19:55:40.060+0800: 1392.077: [GC (CMS Final Remark) [YG occupancy: 113252 K (117952 K)]2024-03-31T19:55:40.060+0800: 1392.078: [Rescan (non-parallel) 2024-03-31T19:55:40.061+0800: 1392.078: [grey object rescan, 0.0001067 secs]2024-03-31T19:55:40.061+0800: 1392.078: [root rescan, 0.0811409 secs]2024-03-31T19:55:40.142+0800: 1392.159: [visit unhandled CLDs, 0.0001605 secs]2024-03-31T19:55:40.142+0800: 1392.160: [dirty klass scan, 0.0014989 secs], 0.0835911 secs]2024-03-31T19:55:40.144+0800: 1392.161: [weak refs processing, 0.0001585 secs]2024-03-31T19:55:40.144+0800: 1392.162: [class unloading, 0.0117148 secs]2024-03-31T19:55:40.156+0800: 1392.174: [scrub symbol table, 0.0096605 secs]2024-03-31T19:55:40.166+0800: 1392.183: [scrub string table, 0.0005311 secs][1 CMS-remark: 63K(64K)] 113316K(118016K), 0.1093075 secs] [Times: user=0.11 sys=0.00, real=0.11 secs] 
2024-03-31T19:55:40.171+0800: 1392.188: [CMS-concurrent-sweep-start]
2024-03-31T19:55:40.172+0800: 1392.189: [CMS-concurrent-sweep: 0.000/0.000 secs] [Times: user=0.00 sys=0.00, real=0.01 secs] 
2024-03-31T19:55:40.175+0800: 1392.192: [CMS-concurrent-reset-start]
2024-03-31T19:55:40.176+0800: 1392.193: [CMS-concurrent-reset: 0.000/0.000 secs] [Times: user=0.00 sys=0.00, real=0.00 secs] 
2024-03-31T19:55:42.179+0800: 1394.196: [GC (CMS Initial Mark) [1 CMS-initial-mark: 63K(64K)] 113587K(118016K), 0.1073041 secs] [Times: user=0.11 sys=0.00, real=0.11 secs] 
2024-03-31T19:55:42.288+0800: 1394.305: [CMS-concurrent-mark-start]
2024-03-31T19:55:42.288+0800: 1394.306: [CMS-concurrent-mark: 0.000/0.000 secs] [Times: user=0.00 sys=0.00, real=0.00 secs] 
2024-03-31T19:55:42.290+0800: 1394.307: [CMS-concurrent-preclean-start]
2024-03-31T19:55:42.292+0800: 1394.309: [CMS-concurrent-preclean: 0.001/0.001 secs] [Times: user=0.01 sys=0.00, real=0.01 secs] 
2024-03-31T19:55:42.294+0800: 1394.311: [CMS-concurrent-abortable-preclean-start]
2024-03-31T19:55:42.295+0800: 1394.312: [CMS-concurrent-abortable-preclean: 0.000/0.000 secs] [Times: user=0.00 sys=0.00, real=0.00 secs] 
2024-03-31T19:55:42.296+0800: 1394.313: [GC (CMS Final Remark) [YG occupancy: 113525 K (117952 K)]2024-03-31T19:55:42.296+0800: 1394.313: [Rescan (non-parallel) 2024-03-31T19:55:42.296+0800: 1394.313: [grey object rescan, 0.0000975 secs]2024-03-31T19:55:42.296+0800: 1394.313: [root rescan, 0.0792621 secs]2024-03-31T19:55:42.376+0800: 1394.393: [visit unhandled CLDs, 0.0001710 secs]2024-03-31T19:55:42.376+0800: 1394.393: [dirty klass scan, 0.0013359 secs], 0.0814858 secs]2024-03-31T19:55:42.377+0800: 1394.394: [weak refs processing, 0.0001678 secs]2024-03-31T19:55:42.378+0800: 1394.395: [class unloading, 0.0116360 secs]2024-03-31T19:55:42.389+0800: 1394.407: [scrub symbol table, 0.0097658 secs]2024-03-31T19:55:42.399+0800: 1394.416: [scrub string table, 0.0005100 secs][1 CMS-remark: 63K(64K)] 113589K(118016K), 0.1071070 secs] [Times: user=0.11 sys=0.00, real=0.11 secs] 
2024-03-31T19:55:42.403+0800: 1394.420: [CMS-concurrent-sweep-start]
2024-03-31T19:55:42.404+0800: 1394.421: [CMS-concurrent-sweep: 0.000/0.000 secs] [Times: user=0.00 sys=0.00, real=0.00 secs] 
2024-03-31T19:55:42.406+0800: 1394.423: [CMS-concurrent-reset-start]
2024-03-31T19:55:42.406+0800: 1394.423: [CMS-concurrent-reset: 0.000/0.000 secs] [Times: user=0.00 sys=0.00, real=0.00 secs] 
2024-03-31T19:55:44.418+0800: 1396.435: [GC (CMS Initial Mark) [1 CMS-initial-mark: 63K(64K)] 113680K(118016K), 0.1172322 secs] [Times: user=0.12 sys=0.00, real=0.12 secs] 
2024-03-31T19:55:44.536+0800: 1396.553: [CMS-concurrent-mark-start]
2024-03-31T19:55:44.536+0800: 1396.554: [CMS-concurrent-mark: 0.000/0.000 secs] [Times: user=0.00 sys=0.00, real=0.00 secs] 
2024-03-31T19:55:44.537+0800: 1396.554: [CMS-concurrent-preclean-start]
2024-03-31T19:55:44.539+0800: 1396.556: [CMS-concurrent-preclean: 0.001/0.001 secs] [Times: user=0.00 sys=0.00, real=0.00 secs] 
2024-03-31T19:55:44.540+0800: 1396.557: [CMS-concurrent-abortable-preclean-start]
2024-03-31T19:55:44.541+0800: 1396.558: [CMS-concurrent-abortable-preclean: 0.000/0.000 secs] [Times: user=0.00 sys=0.00, real=0.01 secs] 
2024-03-31T19:55:44.542+0800: 1396.560: [GC (CMS Final Remark) [YG occupancy: 113617 K (117952 K)]2024-03-31T19:55:44.543+0800: 1396.560: [Rescan (non-parallel) 2024-03-31T19:55:44.543+0800: 1396.560: [grey object rescan, 0.0001026 secs]2024-03-31T19:55:44.543+0800: 1396.560: [root rescan, 0.0807435 secs]2024-03-31T19:55:44.624+0800: 1396.641: [visit unhandled CLDs, 0.0001606 secs]2024-03-31T19:55:44.624+0800: 1396.641: [dirty klass scan, 0.0015035 secs], 0.0831116 secs]2024-03-31T19:55:44.626+0800: 1396.643: [weak refs processing, 0.0001477 secs]2024-03-31T19:55:44.626+0800: 1396.643: [class unloading, 0.0120868 secs]2024-03-31T19:55:44.638+0800: 1396.655: [scrub symbol table, 0.0126852 secs]2024-03-31T19:55:44.651+0800: 1396.668: [scrub string table, 0.0005525 secs][1 CMS-remark: 63K(64K)] 113681K(118016K), 0.1123148 secs] [Times: user=0.11 sys=0.00, real=0.11 secs] 
2024-03-31T19:55:44.656+0800: 1396.673: [CMS-concurrent-sweep-start]
2024-03-31T19:55:44.656+0800: 1396.673: [CMS-concurrent-sweep: 0.000/0.000 secs] [Times: user=0.00 sys=0.00, real=0.00 secs] 
2024-03-31T19:55:44.658+0800: 1396.676: [CMS-concurrent-reset-start]
2024-03-31T19:55:44.659+0800: 1396.676: [CMS-concurrent-reset: 0.000/0.000 secs] [Times: user=0.00 sys=0.00, real=0.00 secs] 
2024-03-31T19:55:46.667+0800: 1398.684: [GC (CMS Initial Mark) [1 CMS-initial-mark: 63K(64K)] 113841K(118016K), 0.1253330 secs] [Times: user=0.12 sys=0.00, real=0.13 secs] 
2024-03-31T19:55:46.793+0800: 1398.810: [CMS-concurrent-mark-start]
2024-03-31T19:55:46.793+0800: 1398.811: [CMS-concurrent-mark: 0.000/0.000 secs] [Times: user=0.00 sys=0.00, real=0.00 secs] 
2024-03-31T19:55:46.795+0800: 1398.812: [CMS-concurrent-preclean-start]
2024-03-31T19:55:46.798+0800: 1398.815: [CMS-concurrent-preclean: 0.001/0.001 secs] [Times: user=0.01 sys=0.00, real=0.00 secs] 
2024-03-31T19:55:46.799+0800: 1398.816: [CMS-concurrent-abortable-preclean-start]
2024-03-31T19:55:46.800+0800: 1398.818: [CMS-concurrent-abortable-preclean: 0.000/0.000 secs] [Times: user=0.00 sys=0.01, real=0.01 secs] 
2024-03-31T19:55:46.803+0800: 1398.820: [GC (CMS Final Remark) [YG occupancy: 113785 K (117952 K)]2024-03-31T19:55:46.803+0800: 1398.820: [Rescan (non-parallel) 2024-03-31T19:55:46.803+0800: 1398.821: [grey object rescan, 0.0001085 secs]2024-03-31T19:55:46.804+0800: 1398.821: [root rescan, 0.0818490 secs]2024-03-31T19:55:46.886+0800: 1398.903: [visit unhandled CLDs, 0.0001633 secs]2024-03-31T19:55:46.886+0800: 1398.903: [dirty klass scan, 0.0014397 secs], 0.0841741 secs]2024-03-31T19:55:46.888+0800: 1398.905: [weak refs processing, 0.0001510 secs]2024-03-31T19:55:46.888+0800: 1398.905: [class unloading, 0.0122887 secs]2024-03-31T19:55:46.900+0800: 1398.918: [scrub symbol table, 0.0101021 secs]2024-03-31T19:55:46.911+0800: 1398.928: [scrub string table, 0.0005308 secs][1 CMS-remark: 63K(64K)] 113849K(118016K), 0.1112163 secs] [Times: user=0.11 sys=0.00, real=0.11 secs] 
2024-03-31T19:55:46.916+0800: 1398.933: [CMS-concurrent-sweep-start]
2024-03-31T19:55:46.917+0800: 1398.934: [CMS-concurrent-sweep: 0.000/0.000 secs] [Times: user=0.00 sys=0.00, real=0.00 secs] 
2024-03-31T19:55:46.920+0800: 1398.937: [CMS-concurrent-reset-start]
2024-03-31T19:55:46.920+0800: 1398.938: [CMS-concurrent-reset: 0.000/0.000 secs] [Times: user=0.01 sys=0.00, real=0.01 secs] 
2024-03-31T19:55:48.928+0800: 1400.945: [GC (CMS Initial Mark) [1 CMS-initial-mark: 63K(64K)] 114063K(118016K), 0.1213486 secs] [Times: user=0.12 sys=0.00, real=0.12 secs] 
2024-03-31T19:55:49.050+0800: 1401.067: [CMS-concurrent-mark-start]
2024-03-31T19:55:49.051+0800: 1401.068: [CMS-concurrent-mark: 0.000/0.000 secs] [Times: user=0.00 sys=0.00, real=0.01 secs] 
2024-03-31T19:55:49.052+0800: 1401.069: [CMS-concurrent-preclean-start]
2024-03-31T19:55:49.055+0800: 1401.072: [CMS-concurrent-preclean: 0.001/0.001 secs] [Times: user=0.00 sys=0.00, real=0.00 secs] 
2024-03-31T19:55:49.056+0800: 1401.073: [CMS-concurrent-abortable-preclean-start]
2024-03-31T19:55:49.057+0800: 1401.074: [CMS-concurrent-abortable-preclean: 0.000/0.000 secs] [Times: user=0.01 sys=0.00, real=0.00 secs] 
2024-03-31T19:55:49.058+0800: 1401.075: [GC (CMS Final Remark) [YG occupancy: 114003 K (117952 K)]2024-03-31T19:55:49.058+0800: 1401.075: [Rescan (non-parallel) 2024-03-31T19:55:49.058+0800: 1401.075: [grey object rescan, 0.0001107 secs]2024-03-31T19:55:49.058+0800: 1401.075: [root rescan, 0.0811486 secs]2024-03-31T19:55:49.140+0800: 1401.157: [visit unhandled CLDs, 0.0001604 secs]2024-03-31T19:55:49.140+0800: 1401.157: [dirty klass scan, 0.0014860 secs], 0.0835400 secs]2024-03-31T19:55:49.142+0800: 1401.159: [weak refs processing, 0.0001563 secs]2024-03-31T19:55:49.142+0800: 1401.159: [class unloading, 0.0122575 secs]2024-03-31T19:55:49.154+0800: 1401.171: [scrub symbol table, 0.0098779 secs]2024-03-31T19:55:49.164+0800: 1401.181: [scrub string table, 0.0005035 secs][1 CMS-remark: 63K(64K)] 114067K(118016K), 0.1099105 secs] [Times: user=0.11 sys=0.00, real=0.11 secs] 
2024-03-31T19:55:49.169+0800: 1401.186: [CMS-concurrent-sweep-start]
2024-03-31T19:55:49.170+0800: 1401.187: [CMS-concurrent-sweep: 0.000/0.000 secs] [Times: user=0.00 sys=0.01, real=0.00 secs] 
2024-03-31T19:55:49.172+0800: 1401.189: [CMS-concurrent-reset-start]
2024-03-31T19:55:49.173+0800: 1401.190: [CMS-concurrent-reset: 0.000/0.000 secs] [Times: user=0.00 sys=0.00, real=0.00 secs] 
2024-03-31T19:55:51.181+0800: 1403.198: [GC (CMS Initial Mark) [1 CMS-initial-mark: 63K(64K)] 114212K(118016K), 0.1208590 secs] [Times: user=0.12 sys=0.00, real=0.12 secs] 
2024-03-31T19:55:51.302+0800: 1403.319: [CMS-concurrent-mark-start]
2024-03-31T19:55:51.303+0800: 1403.320: [CMS-concurrent-mark: 0.000/0.000 secs] [Times: user=0.00 sys=0.00, real=0.00 secs] 
2024-03-31T19:55:51.305+0800: 1403.322: [CMS-concurrent-preclean-start]
2024-03-31T19:55:51.308+0800: 1403.325: [CMS-concurrent-preclean: 0.001/0.001 secs] [Times: user=0.01 sys=0.00, real=0.00 secs] 
2024-03-31T19:55:51.310+0800: 1403.327: [CMS-concurrent-abortable-preclean-start]
2024-03-31T19:55:51.311+0800: 1403.328: [CMS-concurrent-abortable-preclean: 0.000/0.000 secs] [Times: user=0.00 sys=0.00, real=0.01 secs] 
2024-03-31T19:55:51.313+0800: 1403.331: [GC (CMS Final Remark) [YG occupancy: 114152 K (117952 K)]2024-03-31T19:55:51.314+0800: 1403.331: [Rescan (non-parallel) 2024-03-31T19:55:51.314+0800: 1403.331: [grey object rescan, 0.0001134 secs]2024-03-31T19:55:51.314+0800: 1403.331: [root rescan, 0.0827594 secs]2024-03-31T19:55:51.397+0800: 1403.414: [visit unhandled CLDs, 0.0001645 secs]2024-03-31T19:55:51.397+0800: 1403.414: [dirty klass scan, 0.0014759 secs], 0.0851988 secs]2024-03-31T19:55:51.399+0800: 1403.416: [weak refs processing, 0.0001718 secs]2024-03-31T19:55:51.399+0800: 1403.416: [class unloading, 0.0122855 secs]2024-03-31T19:55:51.412+0800: 1403.429: [scrub symbol table, 0.0114447 secs]2024-03-31T19:55:51.425+0800: 1403.442: [scrub string table, 0.0005378 secs][1 CMS-remark: 63K(64K)] 114216K(118016K), 0.1147060 secs] [Times: user=0.11 sys=0.00, real=0.11 secs] 
2024-03-31T19:55:51.429+0800: 1403.446: [CMS-concurrent-sweep-start]
2024-03-31T19:55:51.431+0800: 1403.448: [CMS-concurrent-sweep: 0.000/0.000 secs] [Times: user=0.00 sys=0.00, real=0.01 secs] 
2024-03-31T19:55:51.434+0800: 1403.451: [CMS-concurrent-reset-start]
2024-03-31T19:55:51.435+0800: 1403.452: [CMS-concurrent-reset: 0.000/0.000 secs] [Times: user=0.01 sys=0.00, real=0.00 secs] 
2024-03-31T19:55:53.443+0800: 1405.460: [GC (CMS Initial Mark) [1 CMS-initial-mark: 63K(64K)] 114567K(118016K), 0.1263132 secs] [Times: user=0.13 sys=0.00, real=0.12 secs] 
2024-03-31T19:55:53.570+0800: 1405.587: [CMS-concurrent-mark-start]
2024-03-31T19:55:53.571+0800: 1405.588: [CMS-concurrent-mark: 0.000/0.000 secs] [Times: user=0.00 sys=0.00, real=0.01 secs] 
2024-03-31T19:55:53.573+0800: 1405.590: [CMS-concurrent-preclean-start]
2024-03-31T19:55:53.575+0800: 1405.593: [CMS-concurrent-preclean: 0.001/0.001 secs] [Times: user=0.00 sys=0.00, real=0.00 secs] 
2024-03-31T19:55:53.576+0800: 1405.593: [CMS-concurrent-abortable-preclean-start]
2024-03-31T19:55:53.577+0800: 1405.594: [CMS-concurrent-abortable-preclean: 0.000/0.000 secs] [Times: user=0.01 sys=0.00, real=0.00 secs] 
2024-03-31T19:55:53.578+0800: 1405.595: [GC (CMS Final Remark) [YG occupancy: 114505 K (117952 K)]2024-03-31T19:55:53.578+0800: 1405.595: [Rescan (non-parallel) 2024-03-31T19:55:53.578+0800: 1405.595: [grey object rescan, 0.0001049 secs]2024-03-31T19:55:53.579+0800: 1405.596: [root rescan, 0.0814896 secs]2024-03-31T19:55:53.660+0800: 1405.678: [visit unhandled CLDs, 0.0001905 secs]2024-03-31T19:55:53.661+0800: 1405.678: [dirty klass scan, 0.0015193 secs], 0.0840353 secs]2024-03-31T19:55:53.662+0800: 1405.680: [weak refs processing, 0.0001489 secs]2024-03-31T19:55:53.663+0800: 1405.680: [class unloading, 0.0120531 secs]2024-03-31T19:55:53.675+0800: 1405.692: [scrub symbol table, 0.0111963 secs]2024-03-31T19:55:53.686+0800: 1405.704: [scrub string table, 0.0006528 secs][1 CMS-remark: 63K(64K)] 114569K(118016K), 0.1119764 secs] [Times: user=0.11 sys=0.00, real=0.11 secs] 
2024-03-31T19:55:53.691+0800: 1405.708: [CMS-concurrent-sweep-start]
2024-03-31T19:55:53.692+0800: 1405.709: [CMS-concurrent-sweep: 0.000/0.000 secs] [Times: user=0.00 sys=0.00, real=0.00 secs] 
2024-03-31T19:55:53.694+0800: 1405.712: [CMS-concurrent-reset-start]
2024-03-31T19:55:53.695+0800: 1405.712: [CMS-concurrent-reset: 0.000/0.000 secs] [Times: user=0.00 sys=0.00, real=0.00 secs] 
2024-03-31T19:55:55.703+0800: 1407.721: [GC (CMS Initial Mark) [1 CMS-initial-mark: 63K(64K)] 114705K(118016K), 0.1225414 secs] [Times: user=0.12 sys=0.00, real=0.12 secs] 
2024-03-31T19:55:55.827+0800: 1407.844: [CMS-concurrent-mark-start]
2024-03-31T19:55:55.827+0800: 1407.844: [CMS-concurrent-mark: 0.000/0.000 secs] [Times: user=0.00 sys=0.00, real=0.00 secs] 
2024-03-31T19:55:55.828+0800: 1407.845: [CMS-concurrent-preclean-start]
2024-03-31T19:55:55.830+0800: 1407.847: [CMS-concurrent-preclean: 0.001/0.001 secs] [Times: user=0.00 sys=0.00, real=0.00 secs] 
2024-03-31T19:55:55.830+0800: 1407.848: [CMS-concurrent-abortable-preclean-start]
2024-03-31T19:55:55.831+0800: 1407.849: [CMS-concurrent-abortable-preclean: 0.000/0.000 secs] [Times: user=0.01 sys=0.00, real=0.01 secs] 
2024-03-31T19:55:55.833+0800: 1407.850: [GC (CMS Final Remark) [YG occupancy: 114642 K (117952 K)]2024-03-31T19:55:55.833+0800: 1407.850: [Rescan (non-parallel) 2024-03-31T19:55:55.833+0800: 1407.850: [grey object rescan, 0.0001048 secs]2024-03-31T19:55:55.833+0800: 1407.850: [root rescan, 0.0822958 secs]2024-03-31T19:55:55.916+0800: 1407.933: [visit unhandled CLDs, 0.0001784 secs]2024-03-31T19:55:55.916+0800: 1407.933: [dirty klass scan, 0.0015130 secs], 0.0847380 secs]2024-03-31T19:55:55.918+0800: 1407.935: [weak refs processing, 0.0001360 secs]2024-03-31T19:55:55.918+0800: 1407.935: [class unloading, 0.0117508 secs]2024-03-31T19:55:55.930+0800: 1407.947: [scrub symbol table, 0.0100587 secs]2024-03-31T19:55:55.940+0800: 1407.957: [scrub string table, 0.0005156 secs][1 CMS-remark: 63K(64K)] 114706K(118016K), 0.1107939 secs] [Times: user=0.11 sys=0.00, real=0.11 secs] 
2024-03-31T19:55:55.944+0800: 1407.961: [CMS-concurrent-sweep-start]
2024-03-31T19:55:55.945+0800: 1407.962: [CMS-concurrent-sweep: 0.000/0.000 secs] [Times: user=0.00 sys=0.00, real=0.00 secs] 
2024-03-31T19:55:55.946+0800: 1407.963: [CMS-concurrent-reset-start]
2024-03-31T19:55:55.947+0800: 1407.964: [CMS-concurrent-reset: 0.000/0.000 secs] [Times: user=0.00 sys=0.00, real=0.00 secs] 
2024-03-31T19:55:57.962+0800: 1409.980: [GC (CMS Initial Mark) [1 CMS-initial-mark: 63K(64K)] 114961K(118016K), 0.1168923 secs] [Times: user=0.12 sys=0.00, real=0.11 secs] 
2024-03-31T19:55:58.080+0800: 1410.097: [CMS-concurrent-mark-start]
2024-03-31T19:55:58.081+0800: 1410.098: [CMS-concurrent-mark: 0.000/0.000 secs] [Times: user=0.00 sys=0.00, real=0.01 secs] 
2024-03-31T19:55:58.082+0800: 1410.099: [CMS-concurrent-preclean-start]
2024-03-31T19:55:58.085+0800: 1410.102: [CMS-concurrent-preclean: 0.001/0.001 secs] [Times: user=0.01 sys=0.00, real=0.00 secs] 
2024-03-31T19:55:58.086+0800: 1410.104: [CMS-concurrent-abortable-preclean-start]
2024-03-31T19:55:58.087+0800: 1410.105: [CMS-concurrent-abortable-preclean: 0.000/0.000 secs] [Times: user=0.00 sys=0.00, real=0.00 secs] 
2024-03-31T19:55:58.089+0800: 1410.106: [GC (CMS Final Remark) [YG occupancy: 114907 K (117952 K)]2024-03-31T19:55:58.090+0800: 1410.107: [Rescan (non-parallel) 2024-03-31T19:55:58.090+0800: 1410.107: [grey object rescan, 0.0001048 secs]2024-03-31T19:55:58.090+0800: 1410.107: [root rescan, 0.0845796 secs]2024-03-31T19:55:58.175+0800: 1410.192: [visit unhandled CLDs, 0.0002161 secs]2024-03-31T19:55:58.175+0800: 1410.192: [dirty klass scan, 0.0015854 secs], 0.0872097 secs]2024-03-31T19:55:58.177+0800: 1410.194: [weak refs processing, 0.0001738 secs]2024-03-31T19:55:58.177+0800: 1410.194: [class unloading, 0.0124513 secs]2024-03-31T19:55:58.190+0800: 1410.207: [scrub symbol table, 0.0099107 secs]2024-03-31T19:55:58.200+0800: 1410.217: [scrub string table, 0.0005551 secs][1 CMS-remark: 63K(64K)] 114971K(118016K), 0.1143481 secs] [Times: user=0.11 sys=0.00, real=0.12 secs] 
2024-03-31T19:55:58.205+0800: 1410.222: [CMS-concurrent-sweep-start]
2024-03-31T19:55:58.206+0800: 1410.223: [CMS-concurrent-sweep: 0.000/0.000 secs] [Times: user=0.00 sys=0.01, real=0.00 secs] 
2024-03-31T19:55:58.209+0800: 1410.226: [CMS-concurrent-reset-start]
2024-03-31T19:55:58.210+0800: 1410.227: [CMS-concurrent-reset: 0.000/0.000 secs] [Times: user=0.00 sys=0.00, real=0.01 secs] 
2024-03-31T19:56:00.222+0800: 1412.236: [GC (CMS Initial Mark) [1 CMS-initial-mark: 63K(64K)] 115112K(118016K), 0.1158690 secs] [Times: user=0.11 sys=0.00, real=0.12 secs] 
2024-03-31T19:56:00.339+0800: 1412.352: [CMS-concurrent-mark-start]
2024-03-31T19:56:00.340+0800: 1412.353: [CMS-concurrent-mark: 0.000/0.000 secs] [Times: user=0.01 sys=0.00, real=0.00 secs] 
2024-03-31T19:56:00.341+0800: 1412.354: [CMS-concurrent-preclean-start]
2024-03-31T19:56:00.344+0800: 1412.357: [CMS-concurrent-preclean: 0.001/0.001 secs] [Times: user=0.00 sys=0.00, real=0.01 secs] 
2024-03-31T19:56:00.346+0800: 1412.359: [CMS-concurrent-abortable-preclean-start]
2024-03-31T19:56:00.348+0800: 1412.361: [CMS-concurrent-abortable-preclean: 0.000/0.000 secs] [Times: user=0.00 sys=0.00, real=0.00 secs] 
2024-03-31T19:56:00.351+0800: 1412.364: [GC (CMS Final Remark) [YG occupancy: 115050 K (117952 K)]2024-03-31T19:56:00.351+0800: 1412.364: [Rescan (non-parallel) 2024-03-31T19:56:00.351+0800: 1412.365: [grey object rescan, 0.0001058 secs]2024-03-31T19:56:00.351+0800: 1412.365: [root rescan, 0.0849883 secs]2024-03-31T19:56:00.437+0800: 1412.450: [visit unhandled CLDs, 0.0001950 secs]2024-03-31T19:56:00.437+0800: 1412.451: [dirty klass scan, 0.0015203 secs], 0.0895787 secs]2024-03-31T19:56:00.443+0800: 1412.456: [weak refs processing, 0.0003260 secs]2024-03-31T19:56:00.443+0800: 1412.457: [class unloading, 0.0158993 secs]2024-03-31T19:56:00.460+0800: 1412.473: [scrub symbol table, 0.0117080 secs]2024-03-31T19:56:00.471+0800: 1412.485: [scrub string table, 0.0005394 secs][1 CMS-remark: 63K(64K)] 115114K(118016K), 0.1241347 secs] [Times: user=0.11 sys=0.00, real=0.13 secs] 
2024-03-31T19:56:00.476+0800: 1412.490: [CMS-concurrent-sweep-start]
2024-03-31T19:56:00.477+0800: 1412.490: [CMS-concurrent-sweep: 0.000/0.000 secs] [Times: user=0.01 sys=0.00, real=0.00 secs] 
2024-03-31T19:56:00.478+0800: 1412.492: [CMS-concurrent-reset-start]
2024-03-31T19:56:00.479+0800: 1412.492: [CMS-concurrent-reset: 0.000/0.000 secs] [Times: user=0.00 sys=0.00, real=0.00 secs] 
2024-03-31T19:56:02.482+0800: 1414.495: [GC (CMS Initial Mark) [1 CMS-initial-mark: 63K(64K)] 115310K(118016K), 0.0900382 secs] [Times: user=0.09 sys=0.00, real=0.09 secs] 
2024-03-31T19:56:02.573+0800: 1414.586: [CMS-concurrent-mark-start]
2024-03-31T19:56:02.573+0800: 1414.587: [CMS-concurrent-mark: 0.000/0.000 secs] [Times: user=0.00 sys=0.00, real=0.00 secs] 
2024-03-31T19:56:02.575+0800: 1414.588: [CMS-concurrent-preclean-start]
2024-03-31T19:56:02.577+0800: 1414.590: [CMS-concurrent-preclean: 0.001/0.001 secs] [Times: user=0.01 sys=0.00, real=0.01 secs] 
2024-03-31T19:56:02.578+0800: 1414.591: [CMS-concurrent-abortable-preclean-start]
2024-03-31T19:56:02.579+0800: 1414.592: [CMS-concurrent-abortable-preclean: 0.000/0.000 secs] [Times: user=0.00 sys=0.00, real=0.00 secs] 
2024-03-31T19:56:02.579+0800: 1414.593: [GC (CMS Final Remark) [YG occupancy: 115247 K (117952 K)]2024-03-31T19:56:02.579+0800: 1414.593: [Rescan (non-parallel) 2024-03-31T19:56:02.580+0800: 1414.593: [grey object rescan, 0.0000999 secs]2024-03-31T19:56:02.580+0800: 1414.593: [root rescan, 0.0821586 secs]2024-03-31T19:56:02.662+0800: 1414.676: [visit unhandled CLDs, 0.0001503 secs]2024-03-31T19:56:02.662+0800: 1414.676: [dirty klass scan, 0.0014419 secs], 0.0844878 secs]2024-03-31T19:56:02.664+0800: 1414.677: [weak refs processing, 0.0001342 secs]2024-03-31T19:56:02.664+0800: 1414.678: [class unloading, 0.0116629 secs]2024-03-31T19:56:02.676+0800: 1414.690: [scrub symbol table, 0.0098025 secs]2024-03-31T19:56:02.686+0800: 1414.700: [scrub string table, 0.0004943 secs][1 CMS-remark: 63K(64K)] 115311K(118016K), 0.1102120 secs] [Times: user=0.11 sys=0.00, real=0.11 secs] 
2024-03-31T19:56:02.691+0800: 1414.704: [CMS-concurrent-sweep-start]
2024-03-31T19:56:02.691+0800: 1414.705: [CMS-concurrent-sweep: 0.000/0.000 secs] [Times: user=0.00 sys=0.01, real=0.00 secs] 
2024-03-31T19:56:02.694+0800: 1414.707: [CMS-concurrent-reset-start]
2024-03-31T19:56:02.695+0800: 1414.708: [CMS-concurrent-reset: 0.000/0.000 secs] [Times: user=0.00 sys=0.00, real=0.01 secs] 
2024-03-31T19:56:04.708+0800: 1416.721: [GC (CMS Initial Mark) [1 CMS-initial-mark: 63K(64K)] 115465K(118016K), 0.1186610 secs] [Times: user=0.12 sys=0.00, real=0.12 secs] 
2024-03-31T19:56:04.827+0800: 1416.840: [CMS-concurrent-mark-start]
2024-03-31T19:56:04.828+0800: 1416.841: [CMS-concurrent-mark: 0.000/0.000 secs] [Times: user=0.00 sys=0.00, real=0.00 secs] 
2024-03-31T19:56:04.829+0800: 1416.842: [CMS-concurrent-preclean-start]
2024-03-31T19:56:04.831+0800: 1416.844: [CMS-concurrent-preclean: 0.001/0.001 secs] [Times: user=0.01 sys=0.00, real=0.00 secs] 
2024-03-31T19:56:04.832+0800: 1416.845: [CMS-concurrent-abortable-preclean-start]
2024-03-31T19:56:04.834+0800: 1416.847: [CMS-concurrent-abortable-preclean: 0.000/0.000 secs] [Times: user=0.00 sys=0.00, real=0.00 secs] 
2024-03-31T19:56:04.835+0800: 1416.849: [GC (CMS Final Remark) [YG occupancy: 115402 K (117952 K)]2024-03-31T19:56:04.835+0800: 1416.849: [Rescan (non-parallel) 2024-03-31T19:56:04.835+0800: 1416.849: [grey object rescan, 0.0000979 secs]2024-03-31T19:56:04.836+0800: 1416.849: [root rescan, 0.0852703 secs]2024-03-31T19:56:04.921+0800: 1416.935: [visit unhandled CLDs, 0.0001848 secs]2024-03-31T19:56:04.921+0800: 1416.935: [dirty klass scan, 0.0014828 secs], 0.0877803 secs]2024-03-31T19:56:04.923+0800: 1416.937: [weak refs processing, 0.0001582 secs]2024-03-31T19:56:04.923+0800: 1416.937: [class unloading, 0.0115197 secs]2024-03-31T19:56:04.935+0800: 1416.949: [scrub symbol table, 0.0097608 secs]2024-03-31T19:56:04.945+0800: 1416.959: [scrub string table, 0.0005200 secs][1 CMS-remark: 63K(64K)] 115466K(118016K), 0.1133346 secs] [Times: user=0.11 sys=0.00, real=0.11 secs] 
2024-03-31T19:56:04.949+0800: 1416.963: [CMS-concurrent-sweep-start]
2024-03-31T19:56:04.950+0800: 1416.963: [CMS-concurrent-sweep: 0.000/0.000 secs] [Times: user=0.00 sys=0.00, real=0.00 secs] 
2024-03-31T19:56:04.951+0800: 1416.964: [CMS-concurrent-reset-start]
2024-03-31T19:56:04.951+0800: 1416.964: [CMS-concurrent-reset: 0.000/0.000 secs] [Times: user=0.00 sys=0.00, real=0.00 secs] 
2024-03-31T19:56:06.954+0800: 1418.967: [GC (CMS Initial Mark) [1 CMS-initial-mark: 63K(64K)] 115678K(118016K), 0.0987560 secs] [Times: user=0.10 sys=0.00, real=0.10 secs] 
2024-03-31T19:56:07.053+0800: 1419.067: [CMS-concurrent-mark-start]
2024-03-31T19:56:07.054+0800: 1419.067: [CMS-concurrent-mark: 0.000/0.000 secs] [Times: user=0.00 sys=0.01, real=0.01 secs] 
2024-03-31T19:56:07.055+0800: 1419.068: [CMS-concurrent-preclean-start]
2024-03-31T19:56:07.058+0800: 1419.071: [CMS-concurrent-preclean: 0.001/0.001 secs] [Times: user=0.01 sys=0.00, real=0.00 secs] 
2024-03-31T19:56:07.059+0800: 1419.072: [CMS-concurrent-abortable-preclean-start]
2024-03-31T19:56:07.060+0800: 1419.073: [CMS-concurrent-abortable-preclean: 0.000/0.000 secs] [Times: user=0.00 sys=0.00, real=0.00 secs] 
2024-03-31T19:56:07.060+0800: 1419.074: [GC (CMS Final Remark) [YG occupancy: 115622 K (117952 K)]2024-03-31T19:56:07.061+0800: 1419.074: [Rescan (non-parallel) 2024-03-31T19:56:07.061+0800: 1419.074: [grey object rescan, 0.0001160 secs]2024-03-31T19:56:07.061+0800: 1419.074: [root rescan, 0.0845490 secs]2024-03-31T19:56:07.146+0800: 1419.159: [visit unhandled CLDs, 0.0001713 secs]2024-03-31T19:56:07.146+0800: 1419.159: [dirty klass scan, 0.0015285 secs], 0.0870681 secs]2024-03-31T19:56:07.148+0800: 1419.161: [weak refs processing, 0.0001640 secs]2024-03-31T19:56:07.148+0800: 1419.161: [class unloading, 0.0129125 secs]2024-03-31T19:56:07.161+0800: 1419.175: [scrub symbol table, 0.0101488 secs]2024-03-31T19:56:07.172+0800: 1419.185: [scrub string table, 0.0005032 secs][1 CMS-remark: 63K(64K)] 115686K(118016K), 0.1147774 secs] [Times: user=0.11 sys=0.00, real=0.12 secs] 
2024-03-31T19:56:07.176+0800: 1419.189: [CMS-concurrent-sweep-start]
2024-03-31T19:56:07.177+0800: 1419.190: [CMS-concurrent-sweep: 0.000/0.000 secs] [Times: user=0.00 sys=0.00, real=0.00 secs] 
2024-03-31T19:56:07.179+0800: 1419.193: [CMS-concurrent-reset-start]
2024-03-31T19:56:07.180+0800: 1419.193: [CMS-concurrent-reset: 0.000/0.000 secs] [Times: user=0.00 sys=0.00, real=0.00 secs] 
2024-03-31T19:56:09.187+0800: 1421.201: [GC (CMS Initial Mark) [1 CMS-initial-mark: 63K(64K)] 115955K(118016K), 0.1223520 secs] [Times: user=0.12 sys=0.00, real=0.12 secs] 
2024-03-31T19:56:09.310+0800: 1421.324: [CMS-concurrent-mark-start]
2024-03-31T19:56:09.311+0800: 1421.324: [CMS-concurrent-mark: 0.000/0.000 secs] [Times: user=0.00 sys=0.00, real=0.00 secs] 
2024-03-31T19:56:09.312+0800: 1421.325: [CMS-concurrent-preclean-start]
2024-03-31T19:56:09.314+0800: 1421.328: [CMS-concurrent-preclean: 0.001/0.001 secs] [Times: user=0.01 sys=0.00, real=0.01 secs] 
2024-03-31T19:56:09.315+0800: 1421.329: [CMS-concurrent-abortable-preclean-start]
2024-03-31T19:56:09.316+0800: 1421.330: [CMS-concurrent-abortable-preclean: 0.000/0.000 secs] [Times: user=0.00 sys=0.00, real=0.00 secs] 
2024-03-31T19:56:09.318+0800: 1421.331: [GC (CMS Final Remark) [YG occupancy: 115894 K (117952 K)]2024-03-31T19:56:09.318+0800: 1421.331: [Rescan (non-parallel) 2024-03-31T19:56:09.318+0800: 1421.332: [grey object rescan, 0.0001735 secs]2024-03-31T19:56:09.319+0800: 1421.332: [root rescan, 0.0834456 secs]2024-03-31T19:56:09.402+0800: 1421.416: [visit unhandled CLDs, 0.0001569 secs]2024-03-31T19:56:09.402+0800: 1421.416: [dirty klass scan, 0.0014162 secs], 0.0858111 secs]2024-03-31T19:56:09.404+0800: 1421.417: [weak refs processing, 0.0002425 secs]2024-03-31T19:56:09.404+0800: 1421.418: [class unloading, 0.0239066 secs]2024-03-31T19:56:09.429+0800: 1421.442: [scrub symbol table, 0.0132022 secs]2024-03-31T19:56:09.442+0800: 1421.455: [scrub string table, 0.0007876 secs][1 CMS-remark: 63K(64K)] 115958K(118016K), 0.1277160 secs] [Times: user=0.13 sys=0.00, real=0.13 secs] 
2024-03-31T19:56:09.447+0800: 1421.460: [CMS-concurrent-sweep-start]
2024-03-31T19:56:09.448+0800: 1421.461: [CMS-concurrent-sweep: 0.000/0.000 secs] [Times: user=0.00 sys=0.00, real=0.00 secs] 
2024-03-31T19:56:09.451+0800: 1421.464: [CMS-concurrent-reset-start]
2024-03-31T19:56:09.452+0800: 1421.465: [CMS-concurrent-reset: 0.000/0.000 secs] [Times: user=0.00 sys=0.00, real=0.00 secs] 
2024-03-31T19:56:11.472+0800: 1423.485: [GC (CMS Initial Mark) [1 CMS-initial-mark: 63K(64K)] 116153K(118016K), 0.1125509 secs] [Times: user=0.11 sys=0.00, real=0.12 secs] 
2024-03-31T19:56:11.585+0800: 1423.598: [CMS-concurrent-mark-start]
2024-03-31T19:56:11.586+0800: 1423.600: [CMS-concurrent-mark: 0.000/0.000 secs] [Times: user=0.01 sys=0.00, real=0.00 secs] 
2024-03-31T19:56:11.588+0800: 1423.601: [CMS-concurrent-preclean-start]
2024-03-31T19:56:11.591+0800: 1423.604: [CMS-concurrent-preclean: 0.001/0.001 secs] [Times: user=0.00 sys=0.00, real=0.00 secs] 
2024-03-31T19:56:11.592+0800: 1423.606: [CMS-concurrent-abortable-preclean-start]
2024-03-31T19:56:11.593+0800: 1423.607: [CMS-concurrent-abortable-preclean: 0.000/0.000 secs] [Times: user=0.00 sys=0.00, real=0.00 secs] 
2024-03-31T19:56:11.595+0800: 1423.609: [GC (CMS Final Remark) [YG occupancy: 116096 K (117952 K)]2024-03-31T19:56:11.596+0800: 1423.609: [Rescan (non-parallel) 2024-03-31T19:56:11.596+0800: 1423.609: [grey object rescan, 0.0000985 secs]2024-03-31T19:56:11.596+0800: 1423.609: [root rescan, 0.0829243 secs]2024-03-31T19:56:11.679+0800: 1423.692: [visit unhandled CLDs, 0.0001754 secs]2024-03-31T19:56:11.679+0800: 1423.693: [dirty klass scan, 0.0014406 secs], 0.0852999 secs]2024-03-31T19:56:11.681+0800: 1423.694: [weak refs processing, 0.0001416 secs]2024-03-31T19:56:11.681+0800: 1423.694: [class unloading, 0.0118385 secs]2024-03-31T19:56:11.693+0800: 1423.707: [scrub symbol table, 0.0096601 secs]2024-03-31T19:56:11.703+0800: 1423.716: [scrub string table, 0.0005114 secs][1 CMS-remark: 63K(64K)] 116160K(118016K), 0.1110522 secs] [Times: user=0.10 sys=0.00, real=0.11 secs] 
2024-03-31T19:56:11.707+0800: 1423.720: [CMS-concurrent-sweep-start]
2024-03-31T19:56:11.707+0800: 1423.721: [CMS-concurrent-sweep: 0.000/0.000 secs] [Times: user=0.00 sys=0.00, real=0.00 secs] 
2024-03-31T19:56:11.709+0800: 1423.723: [CMS-concurrent-reset-start]
2024-03-31T19:56:11.711+0800: 1423.724: [CMS-concurrent-reset: 0.000/0.000 secs] [Times: user=0.00 sys=0.00, real=0.00 secs] 
2024-03-31T19:56:13.717+0800: 1425.730: [GC (CMS Initial Mark) [1 CMS-initial-mark: 63K(64K)] 116360K(118016K), 0.1361560 secs] [Times: user=0.14 sys=0.00, real=0.13 secs] 
2024-03-31T19:56:13.854+0800: 1425.867: [CMS-concurrent-mark-start]
2024-03-31T19:56:13.855+0800: 1425.868: [CMS-concurrent-mark: 0.000/0.000 secs] [Times: user=0.00 sys=0.00, real=0.01 secs] 
2024-03-31T19:56:13.855+0800: 1425.869: [CMS-concurrent-preclean-start]
2024-03-31T19:56:13.857+0800: 1425.871: [CMS-concurrent-preclean: 0.001/0.001 secs] [Times: user=0.00 sys=0.00, real=0.00 secs] 
2024-03-31T19:56:13.858+0800: 1425.872: [CMS-concurrent-abortable-preclean-start]
2024-03-31T19:56:13.859+0800: 1425.872: [CMS-concurrent-abortable-preclean: 0.000/0.000 secs] [Times: user=0.01 sys=0.00, real=0.00 secs] 
2024-03-31T19:56:13.860+0800: 1425.874: [GC (CMS Final Remark) [YG occupancy: 116297 K (117952 K)]2024-03-31T19:56:13.860+0800: 1425.874: [Rescan (non-parallel) 2024-03-31T19:56:13.860+0800: 1425.874: [grey object rescan, 0.0000752 secs]2024-03-31T19:56:13.861+0800: 1425.874: [root rescan, 0.0826717 secs]2024-03-31T19:56:13.943+0800: 1425.957: [visit unhandled CLDs, 0.0001402 secs]2024-03-31T19:56:13.944+0800: 1425.957: [dirty klass scan, 0.0014085 secs], 0.0847873 secs]2024-03-31T19:56:13.945+0800: 1425.959: [weak refs processing, 0.0001124 secs]2024-03-31T19:56:13.945+0800: 1425.959: [class unloading, 0.0118423 secs]2024-03-31T19:56:13.957+0800: 1425.971: [scrub symbol table, 0.0097753 secs]2024-03-31T19:56:13.967+0800: 1425.981: [scrub string table, 0.0004690 secs][1 CMS-remark: 63K(64K)] 116361K(118016K), 0.1105034 secs] [Times: user=0.11 sys=0.00, real=0.11 secs] 
2024-03-31T19:56:13.971+0800: 1425.985: [CMS-concurrent-sweep-start]
2024-03-31T19:56:13.972+0800: 1425.986: [CMS-concurrent-sweep: 0.000/0.000 secs] [Times: user=0.00 sys=0.00, real=0.00 secs] 
2024-03-31T19:56:13.975+0800: 1425.988: [CMS-concurrent-reset-start]
2024-03-31T19:56:13.976+0800: 1425.989: [CMS-concurrent-reset: 0.000/0.000 secs] [Times: user=0.00 sys=0.00, real=0.01 secs] 
2024-03-31T19:56:15.982+0800: 1427.996: [GC (CMS Initial Mark) [1 CMS-initial-mark: 63K(64K)] 116481K(118016K), 0.1223159 secs] [Times: user=0.12 sys=0.00, real=0.13 secs] 
2024-03-31T19:56:16.105+0800: 1428.118: [CMS-concurrent-mark-start]
2024-03-31T19:56:16.106+0800: 1428.119: [CMS-concurrent-mark: 0.000/0.000 secs] [Times: user=0.00 sys=0.00, real=0.00 secs] 
2024-03-31T19:56:16.107+0800: 1428.120: [CMS-concurrent-preclean-start]
2024-03-31T19:56:16.110+0800: 1428.123: [CMS-concurrent-preclean: 0.001/0.001 secs] [Times: user=0.01 sys=0.00, real=0.00 secs] 
2024-03-31T19:56:16.112+0800: 1428.125: [CMS-concurrent-abortable-preclean-start]
2024-03-31T19:56:16.113+0800: 1428.127: [CMS-concurrent-abortable-preclean: 0.000/0.000 secs] [Times: user=0.00 sys=0.00, real=0.00 secs] 
2024-03-31T19:56:16.116+0800: 1428.130: [GC (CMS Final Remark) [YG occupancy: 116421 K (117952 K)]2024-03-31T19:56:16.116+0800: 1428.130: [Rescan (non-parallel) 2024-03-31T19:56:16.117+0800: 1428.130: [grey object rescan, 0.0001070 secs]2024-03-31T19:56:16.117+0800: 1428.130: [root rescan, 0.0837920 secs]2024-03-31T19:56:16.201+0800: 1428.214: [visit unhandled CLDs, 0.0001841 secs]2024-03-31T19:56:16.201+0800: 1428.214: [dirty klass scan, 0.0015266 secs], 0.0862580 secs]2024-03-31T19:56:16.203+0800: 1428.216: [weak refs processing, 0.0001403 secs]2024-03-31T19:56:16.203+0800: 1428.216: [class unloading, 0.0122306 secs]2024-03-31T19:56:16.215+0800: 1428.229: [scrub symbol table, 0.0105434 secs]2024-03-31T19:56:16.226+0800: 1428.239: [scrub string table, 0.0004908 secs][1 CMS-remark: 63K(64K)] 116485K(118016K), 0.1134452 secs] [Times: user=0.12 sys=0.00, real=0.11 secs] 
2024-03-31T19:56:16.231+0800: 1428.244: [CMS-concurrent-sweep-start]
2024-03-31T19:56:16.232+0800: 1428.245: [CMS-concurrent-sweep: 0.000/0.000 secs] [Times: user=0.00 sys=0.00, real=0.00 secs] 
2024-03-31T19:56:16.233+0800: 1428.247: [CMS-concurrent-reset-start]
2024-03-31T19:56:16.234+0800: 1428.247: [CMS-concurrent-reset: 0.000/0.000 secs] [Times: user=0.00 sys=0.00, real=0.00 secs] 
2024-03-31T19:56:18.246+0800: 1430.260: [GC (CMS Initial Mark) [1 CMS-initial-mark: 63K(64K)] 116742K(118016K), 0.1236701 secs] [Times: user=0.12 sys=0.00, real=0.12 secs] 
2024-03-31T19:56:18.371+0800: 1430.384: [CMS-concurrent-mark-start]
2024-03-31T19:56:18.372+0800: 1430.385: [CMS-concurrent-mark: 0.000/0.000 secs] [Times: user=0.00 sys=0.00, real=0.00 secs] 
2024-03-31T19:56:18.373+0800: 1430.386: [CMS-concurrent-preclean-start]
2024-03-31T19:56:18.375+0800: 1430.388: [CMS-concurrent-preclean: 0.001/0.001 secs] [Times: user=0.00 sys=0.00, real=0.01 secs] 
2024-03-31T19:56:18.376+0800: 1430.390: [CMS-concurrent-abortable-preclean-start]
2024-03-31T19:56:18.378+0800: 1430.391: [CMS-concurrent-abortable-preclean: 0.000/0.000 secs] [Times: user=0.00 sys=0.00, real=0.00 secs] 
2024-03-31T19:56:18.379+0800: 1430.393: [GC (CMS Final Remark) [YG occupancy: 116683 K (117952 K)]2024-03-31T19:56:18.379+0800: 1430.393: [Rescan (non-parallel) 2024-03-31T19:56:18.380+0800: 1430.393: [grey object rescan, 0.0000849 secs]2024-03-31T19:56:18.380+0800: 1430.393: [root rescan, 0.0821451 secs]2024-03-31T19:56:18.462+0800: 1430.475: [visit unhandled CLDs, 0.0001390 secs]2024-03-31T19:56:18.462+0800: 1430.476: [dirty klass scan, 0.0014151 secs], 0.0842334 secs]2024-03-31T19:56:18.464+0800: 1430.477: [weak refs processing, 0.0001118 secs]2024-03-31T19:56:18.464+0800: 1430.477: [class unloading, 0.0133139 secs]2024-03-31T19:56:18.477+0800: 1430.491: [scrub symbol table, 0.0099929 secs]2024-03-31T19:56:18.488+0800: 1430.501: [scrub string table, 0.0004720 secs][1 CMS-remark: 63K(64K)] 116747K(118016K), 0.1115315 secs] [Times: user=0.11 sys=0.00, real=0.11 secs] 
2024-03-31T19:56:18.492+0800: 1430.505: [CMS-concurrent-sweep-start]
2024-03-31T19:56:18.492+0800: 1430.506: [CMS-concurrent-sweep: 0.000/0.000 secs] [Times: user=0.00 sys=0.00, real=0.00 secs] 
2024-03-31T19:56:18.494+0800: 1430.508: [CMS-concurrent-reset-start]
2024-03-31T19:56:18.496+0800: 1430.509: [CMS-concurrent-reset: 0.000/0.000 secs] [Times: user=0.00 sys=0.00, real=0.01 secs] 
2024-03-31T19:56:20.502+0800: 1432.516: [GC (CMS Initial Mark) [1 CMS-initial-mark: 63K(64K)] 116887K(118016K), 0.1267368 secs] [Times: user=0.12 sys=0.00, real=0.13 secs] 
2024-03-31T19:56:20.630+0800: 1432.643: [CMS-concurrent-mark-start]
2024-03-31T19:56:20.631+0800: 1432.644: [CMS-concurrent-mark: 0.000/0.000 secs] [Times: user=0.00 sys=0.00, real=0.00 secs] 
2024-03-31T19:56:20.632+0800: 1432.646: [CMS-concurrent-preclean-start]
2024-03-31T19:56:20.635+0800: 1432.649: [CMS-concurrent-preclean: 0.001/0.001 secs] [Times: user=0.00 sys=0.00, real=0.01 secs] 
2024-03-31T19:56:20.637+0800: 1432.651: [CMS-concurrent-abortable-preclean-start]
2024-03-31T19:56:20.638+0800: 1432.652: [CMS-concurrent-abortable-preclean: 0.000/0.000 secs] [Times: user=0.00 sys=0.00, real=0.00 secs] 
2024-03-31T19:56:20.640+0800: 1432.653: [GC (CMS Final Remark) [YG occupancy: 116836 K (117952 K)]2024-03-31T19:56:20.640+0800: 1432.653: [Rescan (non-parallel) 2024-03-31T19:56:20.640+0800: 1432.653: [grey object rescan, 0.0001677 secs]2024-03-31T19:56:20.640+0800: 1432.654: [root rescan, 0.0838513 secs]2024-03-31T19:56:20.724+0800: 1432.738: [visit unhandled CLDs, 0.0001448 secs]2024-03-31T19:56:20.725+0800: 1432.738: [dirty klass scan, 0.0015255 secs], 0.0863660 secs]2024-03-31T19:56:20.726+0800: 1432.740: [weak refs processing, 0.0001264 secs]2024-03-31T19:56:20.727+0800: 1432.740: [class unloading, 0.0118760 secs]2024-03-31T19:56:20.739+0800: 1432.752: [scrub symbol table, 0.0096673 secs]2024-03-31T19:56:20.749+0800: 1432.762: [scrub string table, 0.0004943 secs][1 CMS-remark: 63K(64K)] 116899K(118016K), 0.1121004 secs] [Times: user=0.11 sys=0.00, real=0.11 secs] 
2024-03-31T19:56:20.753+0800: 1432.766: [CMS-concurrent-sweep-start]
2024-03-31T19:56:20.754+0800: 1432.768: [CMS-concurrent-sweep: 0.000/0.000 secs] [Times: user=0.00 sys=0.00, real=0.01 secs] 
2024-03-31T19:56:20.756+0800: 1432.770: [CMS-concurrent-reset-start]
2024-03-31T19:56:20.757+0800: 1432.771: [CMS-concurrent-reset: 0.000/0.000 secs] [Times: user=0.00 sys=0.00, real=0.00 secs] 
2024-03-31T19:56:22.760+0800: 1434.773: [GC (CMS Initial Mark) [1 CMS-initial-mark: 63K(64K)] 117184K(118016K), 0.1010730 secs] [Times: user=0.10 sys=0.00, real=0.10 secs] 
2024-03-31T19:56:22.862+0800: 1434.875: [CMS-concurrent-mark-start]
2024-03-31T19:56:22.862+0800: 1434.876: [CMS-concurrent-mark: 0.000/0.000 secs] [Times: user=0.00 sys=0.00, real=0.00 secs] 
2024-03-31T19:56:22.863+0800: 1434.877: [CMS-concurrent-preclean-start]
2024-03-31T19:56:22.865+0800: 1434.879: [CMS-concurrent-preclean: 0.001/0.001 secs] [Times: user=0.01 sys=0.00, real=0.01 secs] 
2024-03-31T19:56:22.867+0800: 1434.880: [CMS-concurrent-abortable-preclean-start]
2024-03-31T19:56:22.868+0800: 1434.881: [CMS-concurrent-abortable-preclean: 0.000/0.000 secs] [Times: user=0.00 sys=0.00, real=0.00 secs] 
2024-03-31T19:56:22.869+0800: 1434.882: [GC (CMS Final Remark) [YG occupancy: 117122 K (117952 K)]2024-03-31T19:56:22.869+0800: 1434.882: [Rescan (non-parallel) 2024-03-31T19:56:22.869+0800: 1434.883: [grey object rescan, 0.0001065 secs]2024-03-31T19:56:22.869+0800: 1434.883: [root rescan, 0.0834872 secs]2024-03-31T19:56:22.953+0800: 1434.967: [visit unhandled CLDs, 0.0001477 secs]2024-03-31T19:56:22.953+0800: 1434.967: [dirty klass scan, 0.0014632 secs], 0.0858318 secs]2024-03-31T19:56:22.955+0800: 1434.968: [weak refs processing, 0.0001364 secs]2024-03-31T19:56:22.955+0800: 1434.969: [class unloading, 0.0152081 secs]2024-03-31T19:56:22.971+0800: 1434.984: [scrub symbol table, 0.0102939 secs]2024-03-31T19:56:22.981+0800: 1434.995: [scrub string table, 0.0005203 secs][1 CMS-remark: 63K(64K)] 117186K(118016K), 0.1156287 secs] [Times: user=0.12 sys=0.00, real=0.12 secs] 
2024-03-31T19:56:22.986+0800: 1434.999: [CMS-concurrent-sweep-start]
2024-03-31T19:56:22.986+0800: 1434.999: [CMS-concurrent-sweep: 0.000/0.000 secs] [Times: user=0.00 sys=0.00, real=0.00 secs] 
2024-03-31T19:56:22.988+0800: 1435.002: [CMS-concurrent-reset-start]
2024-03-31T19:56:22.989+0800: 1435.002: [CMS-concurrent-reset: 0.000/0.000 secs] [Times: user=0.00 sys=0.00, real=0.00 secs] 
2024-03-31T19:56:25.000+0800: 1437.014: [GC (CMS Initial Mark) [1 CMS-initial-mark: 63K(64K)] 117389K(118016K), 0.1244012 secs] [Times: user=0.12 sys=0.00, real=0.13 secs] 
2024-03-31T19:56:25.126+0800: 1437.139: [CMS-concurrent-mark-start]
2024-03-31T19:56:25.126+0800: 1437.140: [CMS-concurrent-mark: 0.000/0.000 secs] [Times: user=0.00 sys=0.00, real=0.00 secs] 
2024-03-31T19:56:25.127+0800: 1437.141: [CMS-concurrent-preclean-start]
2024-03-31T19:56:25.130+0800: 1437.143: [CMS-concurrent-preclean: 0.001/0.001 secs] [Times: user=0.01 sys=0.00, real=0.00 secs] 
2024-03-31T19:56:25.131+0800: 1437.145: [CMS-concurrent-abortable-preclean-start]
2024-03-31T19:56:25.132+0800: 1437.145: [CMS-concurrent-abortable-preclean: 0.000/0.000 secs] [Times: user=0.00 sys=0.00, real=0.00 secs] 
2024-03-31T19:56:25.133+0800: 1437.146: [GC (CMS Final Remark) [YG occupancy: 117326 K (117952 K)]2024-03-31T19:56:25.133+0800: 1437.146: [Rescan (non-parallel) 2024-03-31T19:56:25.133+0800: 1437.146: [grey object rescan, 0.0000738 secs]2024-03-31T19:56:25.133+0800: 1437.147: [root rescan, 0.0833303 secs]2024-03-31T19:56:25.217+0800: 1437.230: [visit unhandled CLDs, 0.0001180 secs]2024-03-31T19:56:25.217+0800: 1437.230: [dirty klass scan, 0.0013826 secs], 0.0853787 secs]2024-03-31T19:56:25.218+0800: 1437.232: [weak refs processing, 0.0001216 secs]2024-03-31T19:56:25.219+0800: 1437.232: [class unloading, 0.0116565 secs]2024-03-31T19:56:25.230+0800: 1437.244: [scrub symbol table, 0.0097330 secs]2024-03-31T19:56:25.240+0800: 1437.254: [scrub string table, 0.0005383 secs][1 CMS-remark: 63K(64K)] 117390K(118016K), 0.1108394 secs] [Times: user=0.11 sys=0.00, real=0.11 secs] 
2024-03-31T19:56:25.245+0800: 1437.258: [CMS-concurrent-sweep-start]
2024-03-31T19:56:25.246+0800: 1437.259: [CMS-concurrent-sweep: 0.000/0.000 secs] [Times: user=0.00 sys=0.00, real=0.00 secs] 
2024-03-31T19:56:25.248+0800: 1437.261: [CMS-concurrent-reset-start]
2024-03-31T19:56:25.249+0800: 1437.262: [CMS-concurrent-reset: 0.000/0.000 secs] [Times: user=0.01 sys=0.00, real=0.00 secs] 
2024-03-31T19:56:27.257+0800: 1439.271: [GC (CMS Initial Mark) [1 CMS-initial-mark: 63K(64K)] 117577K(118016K), 0.1171912 secs] [Times: user=0.12 sys=0.01, real=0.12 secs] 
2024-03-31T19:56:27.375+0800: 1439.388: [CMS-concurrent-mark-start]
2024-03-31T19:56:27.376+0800: 1439.389: [CMS-concurrent-mark: 0.000/0.000 secs] [Times: user=0.00 sys=0.00, real=0.00 secs] 
2024-03-31T19:56:27.377+0800: 1439.390: [CMS-concurrent-preclean-start]
2024-03-31T19:56:27.380+0800: 1439.393: [CMS-concurrent-preclean: 0.001/0.001 secs] [Times: user=0.00 sys=0.00, real=0.00 secs] 
2024-03-31T19:56:27.381+0800: 1439.394: [CMS-concurrent-abortable-preclean-start]
2024-03-31T19:56:27.383+0800: 1439.396: [CMS-concurrent-abortable-preclean: 0.000/0.000 secs] [Times: user=0.01 sys=0.00, real=0.00 secs] 
2024-03-31T19:56:27.386+0800: 1439.399: [GC (CMS Final Remark) [YG occupancy: 117521 K (117952 K)]2024-03-31T19:56:27.386+0800: 1439.399: [Rescan (non-parallel) 2024-03-31T19:56:27.386+0800: 1439.399: [grey object rescan, 0.0001244 secs]2024-03-31T19:56:27.386+0800: 1439.400: [root rescan, 0.0852170 secs]2024-03-31T19:56:27.472+0800: 1439.485: [visit unhandled CLDs, 0.0001641 secs]2024-03-31T19:56:27.472+0800: 1439.485: [dirty klass scan, 0.0014828 secs], 0.0876674 secs]2024-03-31T19:56:27.474+0800: 1439.487: [weak refs processing, 0.0001472 secs]2024-03-31T19:56:27.474+0800: 1439.487: [class unloading, 0.0121577 secs]2024-03-31T19:56:27.486+0800: 1439.500: [scrub symbol table, 0.0098020 secs]2024-03-31T19:56:27.496+0800: 1439.510: [scrub string table, 0.0005055 secs][1 CMS-remark: 63K(64K)] 117585K(118016K), 0.1138992 secs] [Times: user=0.11 sys=0.00, real=0.11 secs] 
2024-03-31T19:56:27.501+0800: 1439.514: [CMS-concurrent-sweep-start]
2024-03-31T19:56:27.502+0800: 1439.515: [CMS-concurrent-sweep: 0.000/0.000 secs] [Times: user=0.00 sys=0.00, real=0.00 secs] 
2024-03-31T19:56:27.504+0800: 1439.517: [CMS-concurrent-reset-start]
2024-03-31T19:56:27.504+0800: 1439.518: [CMS-concurrent-reset: 0.000/0.000 secs] [Times: user=0.01 sys=0.00, real=0.01 secs] 
2024-03-31T19:56:29.507+0800: 1441.520: [GC (CMS Initial Mark) [1 CMS-initial-mark: 63K(64K)] 117792K(118016K), 0.1170419 secs] [Times: user=0.11 sys=0.00, real=0.12 secs] 
2024-03-31T19:56:29.625+0800: 1441.638: [CMS-concurrent-mark-start]
2024-03-31T19:56:29.626+0800: 1441.639: [CMS-concurrent-mark: 0.000/0.000 secs] [Times: user=0.01 sys=0.00, real=0.00 secs] 
2024-03-31T19:56:29.627+0800: 1441.641: [CMS-concurrent-preclean-start]
2024-03-31T19:56:29.630+0800: 1441.643: [CMS-concurrent-preclean: 0.002/0.002 secs] [Times: user=0.00 sys=0.00, real=0.00 secs] 
2024-03-31T19:56:29.631+0800: 1441.644: [CMS-concurrent-abortable-preclean-start]
2024-03-31T19:56:29.631+0800: 1441.645: [CMS-concurrent-abortable-preclean: 0.000/0.000 secs] [Times: user=0.00 sys=0.00, real=0.00 secs] 
2024-03-31T19:56:29.633+0800: 1441.646: [GC (CMS Final Remark) [YG occupancy: 117733 K (117952 K)]2024-03-31T19:56:29.633+0800: 1441.646: [Rescan (non-parallel) 2024-03-31T19:56:29.633+0800: 1441.646: [grey object rescan, 0.0001053 secs]2024-03-31T19:56:29.633+0800: 1441.646: [root rescan, 0.0867285 secs]2024-03-31T19:56:29.720+0800: 1441.734: [visit unhandled CLDs, 0.0002335 secs]2024-03-31T19:56:29.720+0800: 1441.734: [dirty klass scan, 0.0015982 secs], 0.0894178 secs]2024-03-31T19:56:29.722+0800: 1441.736: [weak refs processing, 0.0001590 secs]2024-03-31T19:56:29.723+0800: 1441.736: [class unloading, 0.0129033 secs]2024-03-31T19:56:29.736+0800: 1441.749: [scrub symbol table, 0.0123289 secs]2024-03-31T19:56:29.748+0800: 1441.762: [scrub string table, 0.0006305 secs][1 CMS-remark: 63K(64K)] 117796K(118016K), 0.1195108 secs] [Times: user=0.12 sys=0.00, real=0.12 secs] 
2024-03-31T19:56:29.753+0800: 1441.767: [CMS-concurrent-sweep-start]
2024-03-31T19:56:29.754+0800: 1441.768: [CMS-concurrent-sweep: 0.000/0.000 secs] [Times: user=0.00 sys=0.00, real=0.01 secs] 
2024-03-31T19:56:29.757+0800: 1441.770: [CMS-concurrent-reset-start]
2024-03-31T19:56:29.758+0800: 1441.772: [CMS-concurrent-reset: 0.000/0.000 secs] [Times: user=0.00 sys=0.00, real=0.00 secs] 
2024-03-31T19:56:31.769+0800: 1443.783: [GC (CMS Initial Mark) [1 CMS-initial-mark: 63K(64K)] 117960K(118016K), 0.1225855 secs] [Times: user=0.13 sys=0.00, real=0.12 secs] 
2024-03-31T19:56:31.892+0800: 1443.906: [CMS-concurrent-mark-start]
2024-03-31T19:56:31.893+0800: 1443.907: [CMS-concurrent-mark: 0.000/0.000 secs] [Times: user=0.00 sys=0.00, real=0.00 secs] 
2024-03-31T19:56:31.894+0800: 1443.908: [CMS-concurrent-preclean-start]
2024-03-31T19:56:31.896+0800: 1443.910: [CMS-concurrent-preclean: 0.001/0.001 secs] [Times: user=0.00 sys=0.00, real=0.01 secs] 
2024-03-31T19:56:31.898+0800: 1443.911: [CMS-concurrent-abortable-preclean-start]
2024-03-31T19:56:31.899+0800: 1443.912: [CMS-concurrent-abortable-preclean: 0.000/0.000 secs] [Times: user=0.00 sys=0.00, real=0.00 secs] 
2024-03-31T19:56:31.901+0800: 1443.914: [GC (CMS Final Remark) [YG occupancy: 117898 K (117952 K)]2024-03-31T19:56:31.901+0800: 1443.914: [Rescan (non-parallel) 2024-03-31T19:56:31.901+0800: 1443.915: [grey object rescan, 0.0001022 secs]2024-03-31T19:56:31.901+0800: 1443.915: [root rescan, 0.0854446 secs]2024-03-31T19:56:31.987+0800: 1444.001: [visit unhandled CLDs, 0.0001711 secs]2024-03-31T19:56:31.987+0800: 1444.001: [dirty klass scan, 0.0015093 secs], 0.0878737 secs]2024-03-31T19:56:31.989+0800: 1444.002: [weak refs processing, 0.0001370 secs]2024-03-31T19:56:31.989+0800: 1444.003: [class unloading, 0.0118846 secs]2024-03-31T19:56:32.001+0800: 1444.015: [scrub symbol table, 0.0097296 secs]2024-03-31T19:56:32.011+0800: 1444.025: [scrub string table, 0.0005436 secs][1 CMS-remark: 63K(64K)] 117962K(118016K), 0.1138265 secs] [Times: user=0.12 sys=0.00, real=0.12 secs] 
2024-03-31T19:56:32.016+0800: 1444.029: [CMS-concurrent-sweep-start]
2024-03-31T19:56:32.016+0800: 1444.030: [CMS-concurrent-sweep: 0.000/0.000 secs] [Times: user=0.00 sys=0.00, real=0.00 secs] 
2024-03-31T19:56:32.019+0800: 1444.033: [CMS-concurrent-reset-start]
2024-03-31T19:56:32.020+0800: 1444.034: [CMS-concurrent-reset: 0.000/0.000 secs] [Times: user=0.00 sys=0.00, real=0.00 secs] 
2024-03-31T19:56:32.463+0800: 1444.476: [GC (Allocation Failure) 2024-03-31T19:56:32.464+0800: 1444.478: [DefNew: 117951K->117951K(117952K), 0.0007460 secs]2024-03-31T19:56:32.466+0800: 1444.479: [CMS: 63K->63K(64K), 0.2130471 secs] 118015K->80671K(118016K), [Metaspace: 79961K->79961K(1122304K)], 0.2163240 secs] [Times: user=0.20 sys=0.01, real=0.22 secs] 
2024-03-31T19:56:32.682+0800: 1444.696: [GC (CMS Initial Mark) [1 CMS-initial-mark: 63K(64K)] 80729K(118016K), 0.0576391 secs] [Times: user=0.06 sys=0.00, real=0.06 secs] 
2024-03-31T19:56:32.741+0800: 1444.754: [CMS-concurrent-mark-start]
2024-03-31T19:56:32.741+0800: 1444.755: [CMS-concurrent-mark: 0.000/0.000 secs] [Times: user=0.00 sys=0.00, real=0.00 secs] 
2024-03-31T19:56:32.743+0800: 1444.757: [CMS-concurrent-preclean-start]
2024-03-31T19:56:32.746+0800: 1444.759: [CMS-concurrent-preclean: 0.001/0.001 secs] [Times: user=0.01 sys=0.01, real=0.01 secs] 
2024-03-31T19:56:32.748+0800: 1444.761: [CMS-concurrent-abortable-preclean-start]
2024-03-31T19:56:32.749+0800: 1444.763: [CMS-concurrent-abortable-preclean: 0.000/0.000 secs] [Times: user=0.00 sys=0.00, real=0.00 secs] 
2024-03-31T19:56:32.757+0800: 1444.770: [GC (CMS Final Remark) [YG occupancy: 80747 K (117952 K)]2024-03-31T19:56:32.757+0800: 1444.770: [Rescan (non-parallel) 2024-03-31T19:56:32.757+0800: 1444.771: [grey object rescan, 0.0000976 secs]2024-03-31T19:56:32.757+0800: 1444.771: [root rescan, 0.0579293 secs]2024-03-31T19:56:32.815+0800: 1444.829: [visit unhandled CLDs, 0.0001864 secs]2024-03-31T19:56:32.816+0800: 1444.829: [dirty klass scan, 0.0013304 secs], 0.0602143 secs]2024-03-31T19:56:32.817+0800: 1444.831: [weak refs processing, 0.0001946 secs]2024-03-31T19:56:32.818+0800: 1444.831: [class unloading, 0.0126228 secs]2024-03-31T19:56:32.830+0800: 1444.844: [scrub symbol table, 0.0118699 secs]2024-03-31T19:56:32.843+0800: 1444.856: [scrub string table, 0.0005714 secs][1 CMS-remark: 63K(64K)] 80811K(118016K), 0.0894784 secs] [Times: user=0.09 sys=0.00, real=0.09 secs] 
2024-03-31T19:56:32.847+0800: 1444.861: [CMS-concurrent-sweep-start]
2024-03-31T19:56:32.850+0800: 1444.864: [CMS-concurrent-sweep: 0.000/0.000 secs] [Times: user=0.00 sys=0.00, real=0.00 secs] 
2024-03-31T19:56:32.852+0800: 1444.865: [CMS-concurrent-reset-start]
2024-03-31T19:56:32.853+0800: 1444.867: [CMS-concurrent-reset: 0.000/0.000 secs] [Times: user=0.00 sys=0.00, real=0.00 secs] 
2024-03-31T19:56:34.863+0800: 1446.877: [GC (CMS Initial Mark) [1 CMS-initial-mark: 63K(64K)] 81492K(118016K), 0.0951149 secs] [Times: user=0.09 sys=0.00, real=0.10 secs] 
2024-03-31T19:56:34.959+0800: 1446.973: [CMS-concurrent-mark-start]
2024-03-31T19:56:34.961+0800: 1446.974: [CMS-concurrent-mark: 0.000/0.000 secs] [Times: user=0.00 sys=0.00, real=0.00 secs] 
2024-03-31T19:56:34.965+0800: 1446.978: [CMS-concurrent-preclean-start]
2024-03-31T19:56:34.968+0800: 1446.982: [CMS-concurrent-preclean: 0.002/0.002 secs] [Times: user=0.01 sys=0.00, real=0.01 secs] 
2024-03-31T19:56:34.970+0800: 1446.984: [CMS-concurrent-abortable-preclean-start]
2024-03-31T19:56:34.971+0800: 1446.985: [CMS-concurrent-abortable-preclean: 0.000/0.000 secs] [Times: user=0.00 sys=0.00, real=0.00 secs] 
2024-03-31T19:56:34.973+0800: 1446.986: [GC (CMS Final Remark) [YG occupancy: 81428 K (117952 K)]2024-03-31T19:56:34.973+0800: 1446.987: [Rescan (non-parallel) 2024-03-31T19:56:34.973+0800: 1446.987: [grey object rescan, 0.0001803 secs]2024-03-31T19:56:34.974+0800: 1446.987: [root rescan, 0.0617160 secs]2024-03-31T19:56:35.036+0800: 1447.049: [visit unhandled CLDs, 0.0002241 secs]2024-03-31T19:56:35.036+0800: 1447.049: [dirty klass scan, 0.0012619 secs], 0.0642270 secs]2024-03-31T19:56:35.037+0800: 1447.051: [weak refs processing, 0.0002395 secs]2024-03-31T19:56:35.038+0800: 1447.051: [class unloading, 0.0126924 secs]2024-03-31T19:56:35.051+0800: 1447.064: [scrub symbol table, 0.0109620 secs]2024-03-31T19:56:35.062+0800: 1447.075: [scrub string table, 0.0005350 secs][1 CMS-remark: 63K(64K)] 81492K(118016K), 0.0926579 secs] [Times: user=0.09 sys=0.00, real=0.10 secs] 
2024-03-31T19:56:35.066+0800: 1447.080: [CMS-concurrent-sweep-start]
2024-03-31T19:56:35.066+0800: 1447.080: [CMS-concurrent-sweep: 0.000/0.000 secs] [Times: user=0.00 sys=0.00, real=0.00 secs] 
2024-03-31T19:56:35.066+0800: 1447.080: [CMS-concurrent-reset-start]
2024-03-31T19:56:35.067+0800: 1447.080: [CMS-concurrent-reset: 0.000/0.000 secs] [Times: user=0.00 sys=0.01, real=0.00 secs] 
2024-03-31T19:56:37.073+0800: 1449.086: [GC (CMS Initial Mark) [1 CMS-initial-mark: 63K(64K)] 81852K(118016K), 0.0973922 secs] [Times: user=0.09 sys=0.00, real=0.10 secs] 
2024-03-31T19:56:37.171+0800: 1449.184: [CMS-concurrent-mark-start]
2024-03-31T19:56:37.171+0800: 1449.185: [CMS-concurrent-mark: 0.000/0.000 secs] [Times: user=0.00 sys=0.00, real=0.00 secs] 
2024-03-31T19:56:37.172+0800: 1449.185: [CMS-concurrent-preclean-start]
2024-03-31T19:56:37.174+0800: 1449.187: [CMS-concurrent-preclean: 0.001/0.001 secs] [Times: user=0.01 sys=0.00, real=0.00 secs] 
2024-03-31T19:56:37.174+0800: 1449.188: [CMS-concurrent-abortable-preclean-start]
2024-03-31T19:56:37.175+0800: 1449.189: [CMS-concurrent-abortable-preclean: 0.000/0.000 secs] [Times: user=0.00 sys=0.00, real=0.01 secs] 
2024-03-31T19:56:37.177+0800: 1449.190: [GC (CMS Final Remark) [YG occupancy: 81802 K (117952 K)]2024-03-31T19:56:37.177+0800: 1449.190: [Rescan (non-parallel) 2024-03-31T19:56:37.177+0800: 1449.191: [grey object rescan, 0.0001136 secs]2024-03-31T19:56:37.177+0800: 1449.191: [root rescan, 0.0585519 secs]2024-03-31T19:56:37.236+0800: 1449.250: [visit unhandled CLDs, 0.0001942 secs]2024-03-31T19:56:37.236+0800: 1449.250: [dirty klass scan, 0.0014602 secs], 0.0610704 secs]2024-03-31T19:56:37.238+0800: 1449.252: [weak refs processing, 0.0002168 secs]2024-03-31T19:56:37.238+0800: 1449.252: [class unloading, 0.0132661 secs]2024-03-31T19:56:37.252+0800: 1449.266: [scrub symbol table, 0.0120241 secs]2024-03-31T19:56:37.264+0800: 1449.278: [scrub string table, 0.0008916 secs][1 CMS-remark: 63K(64K)] 81866K(118016K), 0.0915473 secs] [Times: user=0.09 sys=0.00, real=0.09 secs] 
2024-03-31T19:56:37.269+0800: 1449.283: [CMS-concurrent-sweep-start]
2024-03-31T19:56:37.269+0800: 1449.283: [CMS-concurrent-sweep: 0.000/0.000 secs] [Times: user=0.00 sys=0.00, real=0.00 secs] 
2024-03-31T19:56:37.270+0800: 1449.284: [CMS-concurrent-reset-start]
2024-03-31T19:56:37.270+0800: 1449.284: [CMS-concurrent-reset: 0.000/0.000 secs] [Times: user=0.00 sys=0.00, real=0.00 secs] 
2024-03-31T19:56:39.278+0800: 1451.292: [GC (CMS Initial Mark) [1 CMS-initial-mark: 63K(64K)] 82384K(118016K), 0.1013657 secs] [Times: user=0.11 sys=0.00, real=0.10 secs] 
2024-03-31T19:56:39.380+0800: 1451.394: [CMS-concurrent-mark-start]
2024-03-31T19:56:39.381+0800: 1451.395: [CMS-concurrent-mark: 0.000/0.000 secs] [Times: user=0.00 sys=0.00, real=0.00 secs] 
2024-03-31T19:56:39.382+0800: 1451.395: [CMS-concurrent-preclean-start]
2024-03-31T19:56:39.384+0800: 1451.397: [CMS-concurrent-preclean: 0.001/0.001 secs] [Times: user=0.00 sys=0.00, real=0.00 secs] 
2024-03-31T19:56:39.384+0800: 1451.398: [CMS-concurrent-abortable-preclean-start]
2024-03-31T19:56:39.386+0800: 1451.399: [CMS-concurrent-abortable-preclean: 0.000/0.000 secs] [Times: user=0.01 sys=0.00, real=0.01 secs] 
2024-03-31T19:56:39.387+0800: 1451.401: [GC (CMS Final Remark) [YG occupancy: 82320 K (117952 K)]2024-03-31T19:56:39.387+0800: 1451.401: [Rescan (non-parallel) 2024-03-31T19:56:39.387+0800: 1451.401: [grey object rescan, 0.0001131 secs]2024-03-31T19:56:39.388+0800: 1451.401: [root rescan, 0.0595043 secs]2024-03-31T19:56:39.447+0800: 1451.461: [visit unhandled CLDs, 0.0001829 secs]2024-03-31T19:56:39.448+0800: 1451.461: [dirty klass scan, 0.0015438 secs], 0.0620882 secs]2024-03-31T19:56:39.449+0800: 1451.463: [weak refs processing, 0.0001489 secs]2024-03-31T19:56:39.450+0800: 1451.463: [class unloading, 0.0125460 secs]2024-03-31T19:56:39.463+0800: 1451.476: [scrub symbol table, 0.0169941 secs]2024-03-31T19:56:39.480+0800: 1451.493: [scrub string table, 0.0008819 secs][1 CMS-remark: 63K(64K)] 82384K(118016K), 0.0971906 secs] [Times: user=0.09 sys=0.00, real=0.10 secs] 
2024-03-31T19:56:39.486+0800: 1451.499: [CMS-concurrent-sweep-start]
2024-03-31T19:56:39.489+0800: 1451.502: [CMS-concurrent-sweep: 0.000/0.000 secs] [Times: user=0.01 sys=0.00, real=0.00 secs] 
2024-03-31T19:56:39.496+0800: 1451.510: [CMS-concurrent-reset-start]
2024-03-31T19:56:39.498+0800: 1451.512: [CMS-concurrent-reset: 0.000/0.000 secs] [Times: user=0.01 sys=0.00, real=0.01 secs] 
2024-03-31T19:56:41.520+0800: 1453.534: [GC (CMS Initial Mark) [1 CMS-initial-mark: 63K(64K)] 82655K(118016K), 0.0822540 secs] [Times: user=0.08 sys=0.00, real=0.08 secs] 
2024-03-31T19:56:41.603+0800: 1453.617: [CMS-concurrent-mark-start]
2024-03-31T19:56:41.604+0800: 1453.618: [CMS-concurrent-mark: 0.000/0.000 secs] [Times: user=0.01 sys=0.00, real=0.01 secs] 
2024-03-31T19:56:41.605+0800: 1453.618: [CMS-concurrent-preclean-start]
2024-03-31T19:56:41.607+0800: 1453.620: [CMS-concurrent-preclean: 0.001/0.001 secs] [Times: user=0.00 sys=0.00, real=0.00 secs] 
2024-03-31T19:56:41.608+0800: 1453.622: [CMS-concurrent-abortable-preclean-start]
2024-03-31T19:56:41.609+0800: 1453.623: [CMS-concurrent-abortable-preclean: 0.000/0.000 secs] [Times: user=0.00 sys=0.00, real=0.00 secs] 
2024-03-31T19:56:41.610+0800: 1453.624: [GC (CMS Final Remark) [YG occupancy: 82591 K (117952 K)]2024-03-31T19:56:41.611+0800: 1453.624: [Rescan (non-parallel) 2024-03-31T19:56:41.611+0800: 1453.624: [grey object rescan, 0.0001139 secs]2024-03-31T19:56:41.611+0800: 1453.624: [root rescan, 0.0580548 secs]2024-03-31T19:56:41.669+0800: 1453.683: [visit unhandled CLDs, 0.0001849 secs]2024-03-31T19:56:41.670+0800: 1453.683: [dirty klass scan, 0.0014463 secs], 0.0604625 secs]2024-03-31T19:56:41.671+0800: 1453.685: [weak refs processing, 0.0001450 secs]2024-03-31T19:56:41.671+0800: 1453.685: [class unloading, 0.0119770 secs]2024-03-31T19:56:41.684+0800: 1453.697: [scrub symbol table, 0.0097851 secs]2024-03-31T19:56:41.694+0800: 1453.707: [scrub string table, 0.0005357 secs][1 CMS-remark: 63K(64K)] 82655K(118016K), 0.0866980 secs] [Times: user=0.09 sys=0.00, real=0.09 secs] 
2024-03-31T19:56:41.698+0800: 1453.711: [CMS-concurrent-sweep-start]
2024-03-31T19:56:41.698+0800: 1453.712: [CMS-concurrent-sweep: 0.000/0.000 secs] [Times: user=0.00 sys=0.00, real=0.00 secs] 
2024-03-31T19:56:41.699+0800: 1453.713: [CMS-concurrent-reset-start]
2024-03-31T19:56:41.699+0800: 1453.713: [CMS-concurrent-reset: 0.000/0.000 secs] [Times: user=0.00 sys=0.00, real=0.00 secs] 
2024-03-31T19:56:43.705+0800: 1455.719: [GC (CMS Initial Mark) [1 CMS-initial-mark: 63K(64K)] 82980K(118016K), 0.0986702 secs] [Times: user=0.10 sys=0.01, real=0.10 secs] 
2024-03-31T19:56:43.804+0800: 1455.818: [CMS-concurrent-mark-start]
2024-03-31T19:56:43.805+0800: 1455.819: [CMS-concurrent-mark: 0.000/0.000 secs] [Times: user=0.00 sys=0.00, real=0.00 secs] 
2024-03-31T19:56:43.806+0800: 1455.819: [CMS-concurrent-preclean-start]
2024-03-31T19:56:43.807+0800: 1455.821: [CMS-concurrent-preclean: 0.001/0.001 secs] [Times: user=0.00 sys=0.00, real=0.00 secs] 
2024-03-31T19:56:43.808+0800: 1455.822: [CMS-concurrent-abortable-preclean-start]
2024-03-31T19:56:43.809+0800: 1455.823: [CMS-concurrent-abortable-preclean: 0.000/0.000 secs] [Times: user=0.00 sys=0.00, real=0.00 secs] 
2024-03-31T19:56:43.810+0800: 1455.824: [GC (CMS Final Remark) [YG occupancy: 82924 K (117952 K)]2024-03-31T19:56:43.811+0800: 1455.824: [Rescan (non-parallel) 2024-03-31T19:56:43.811+0800: 1455.824: [grey object rescan, 0.0001032 secs]2024-03-31T19:56:43.811+0800: 1455.824: [root rescan, 0.0573149 secs]2024-03-31T19:56:43.869+0800: 1455.882: [visit unhandled CLDs, 0.0001748 secs]2024-03-31T19:56:43.869+0800: 1455.882: [dirty klass scan, 0.0011598 secs], 0.0594058 secs]2024-03-31T19:56:43.870+0800: 1455.884: [weak refs processing, 0.0001413 secs]2024-03-31T19:56:43.870+0800: 1455.884: [class unloading, 0.0117262 secs]2024-03-31T19:56:43.882+0800: 1455.896: [scrub symbol table, 0.0097625 secs]2024-03-31T19:56:43.892+0800: 1455.906: [scrub string table, 0.0005050 secs][1 CMS-remark: 63K(64K)] 82988K(118016K), 0.0850969 secs] [Times: user=0.08 sys=0.00, real=0.09 secs] 
2024-03-31T19:56:43.896+0800: 1455.910: [CMS-concurrent-sweep-start]
2024-03-31T19:56:43.897+0800: 1455.910: [CMS-concurrent-sweep: 0.000/0.000 secs] [Times: user=0.00 sys=0.00, real=0.00 secs] 
2024-03-31T19:56:43.898+0800: 1455.911: [CMS-concurrent-reset-start]
2024-03-31T19:56:43.898+0800: 1455.912: [CMS-concurrent-reset: 0.000/0.000 secs] [Times: user=0.00 sys=0.00, real=0.00 secs] 
2024-03-31T19:56:45.905+0800: 1457.919: [GC (CMS Initial Mark) [1 CMS-initial-mark: 63K(64K)] 83255K(118016K), 0.0987767 secs] [Times: user=0.10 sys=0.00, real=0.10 secs] 
2024-03-31T19:56:46.005+0800: 1458.019: [CMS-concurrent-mark-start]
2024-03-31T19:56:46.006+0800: 1458.020: [CMS-concurrent-mark: 0.000/0.000 secs] [Times: user=0.00 sys=0.00, real=0.00 secs] 
2024-03-31T19:56:46.008+0800: 1458.021: [CMS-concurrent-preclean-start]
2024-03-31T19:56:46.010+0800: 1458.024: [CMS-concurrent-preclean: 0.001/0.001 secs] [Times: user=0.01 sys=0.00, real=0.00 secs] 
2024-03-31T19:56:46.011+0800: 1458.025: [CMS-concurrent-abortable-preclean-start]
2024-03-31T19:56:46.012+0800: 1458.026: [CMS-concurrent-abortable-preclean: 0.000/0.000 secs] [Times: user=0.00 sys=0.00, real=0.00 secs] 
2024-03-31T19:56:46.013+0800: 1458.027: [GC (CMS Final Remark) [YG occupancy: 83204 K (117952 K)]2024-03-31T19:56:46.013+0800: 1458.027: [Rescan (non-parallel) 2024-03-31T19:56:46.014+0800: 1458.027: [grey object rescan, 0.0001061 secs]2024-03-31T19:56:46.014+0800: 1458.027: [root rescan, 0.0580757 secs]2024-03-31T19:56:46.072+0800: 1458.086: [visit unhandled CLDs, 0.0001817 secs]2024-03-31T19:56:46.072+0800: 1458.086: [dirty klass scan, 0.0011762 secs], 0.0602028 secs]2024-03-31T19:56:46.074+0800: 1458.087: [weak refs processing, 0.0001583 secs]2024-03-31T19:56:46.074+0800: 1458.088: [class unloading, 0.0115213 secs]2024-03-31T19:56:46.086+0800: 1458.099: [scrub symbol table, 0.0096473 secs]2024-03-31T19:56:46.096+0800: 1458.109: [scrub string table, 0.0005215 secs][1 CMS-remark: 63K(64K)] 83268K(118016K), 0.0856424 secs] [Times: user=0.08 sys=0.00, real=0.09 secs] 
2024-03-31T19:56:46.100+0800: 1458.113: [CMS-concurrent-sweep-start]
2024-03-31T19:56:46.100+0800: 1458.114: [CMS-concurrent-sweep: 0.000/0.000 secs] [Times: user=0.01 sys=0.00, real=0.00 secs] 
2024-03-31T19:56:46.101+0800: 1458.115: [CMS-concurrent-reset-start]
2024-03-31T19:56:46.102+0800: 1458.115: [CMS-concurrent-reset: 0.000/0.000 secs] [Times: user=0.00 sys=0.00, real=0.00 secs] 
2024-03-31T19:56:48.109+0800: 1460.123: [GC (CMS Initial Mark) [1 CMS-initial-mark: 63K(64K)] 83438K(118016K), 0.1001914 secs] [Times: user=0.10 sys=0.00, real=0.10 secs] 
2024-03-31T19:56:48.210+0800: 1460.224: [CMS-concurrent-mark-start]
2024-03-31T19:56:48.211+0800: 1460.225: [CMS-concurrent-mark: 0.000/0.000 secs] [Times: user=0.00 sys=0.00, real=0.00 secs] 
2024-03-31T19:56:48.213+0800: 1460.226: [CMS-concurrent-preclean-start]
2024-03-31T19:56:48.215+0800: 1460.229: [CMS-concurrent-preclean: 0.001/0.001 secs] [Times: user=0.00 sys=0.00, real=0.01 secs] 
2024-03-31T19:56:48.217+0800: 1460.231: [CMS-concurrent-abortable-preclean-start]
2024-03-31T19:56:48.218+0800: 1460.232: [CMS-concurrent-abortable-preclean: 0.000/0.000 secs] [Times: user=0.01 sys=0.00, real=0.00 secs] 
2024-03-31T19:56:48.221+0800: 1460.234: [GC (CMS Final Remark) [YG occupancy: 83389 K (117952 K)]2024-03-31T19:56:48.221+0800: 1460.234: [Rescan (non-parallel) 2024-03-31T19:56:48.221+0800: 1460.235: [grey object rescan, 0.0001637 secs]2024-03-31T19:56:48.221+0800: 1460.235: [root rescan, 0.0590127 secs]2024-03-31T19:56:48.281+0800: 1460.294: [visit unhandled CLDs, 0.0001936 secs]2024-03-31T19:56:48.281+0800: 1460.294: [dirty klass scan, 0.0014142 secs], 0.0615320 secs]2024-03-31T19:56:48.283+0800: 1460.296: [weak refs processing, 0.0001410 secs]2024-03-31T19:56:48.283+0800: 1460.296: [class unloading, 0.0125334 secs]2024-03-31T19:56:48.296+0800: 1460.309: [scrub symbol table, 0.0115282 secs]2024-03-31T19:56:48.307+0800: 1460.321: [scrub string table, 0.0005828 secs][1 CMS-remark: 63K(64K)] 83453K(118016K), 0.0902386 secs] [Times: user=0.09 sys=0.00, real=0.09 secs] 
2024-03-31T19:56:48.312+0800: 1460.325: [CMS-concurrent-sweep-start]
2024-03-31T19:56:48.312+0800: 1460.326: [CMS-concurrent-sweep: 0.000/0.000 secs] [Times: user=0.00 sys=0.00, real=0.00 secs] 
2024-03-31T19:56:48.313+0800: 1460.327: [CMS-concurrent-reset-start]
2024-03-31T19:56:48.314+0800: 1460.327: [CMS-concurrent-reset: 0.000/0.000 secs] [Times: user=0.00 sys=0.00, real=0.00 secs] 
2024-03-31T19:56:50.329+0800: 1462.342: [GC (CMS Initial Mark) [1 CMS-initial-mark: 63K(64K)] 83858K(118016K), 0.0942917 secs] [Times: user=0.10 sys=0.00, real=0.09 secs] 
2024-03-31T19:56:50.424+0800: 1462.438: [CMS-concurrent-mark-start]
2024-03-31T19:56:50.425+0800: 1462.438: [CMS-concurrent-mark: 0.000/0.000 secs] [Times: user=0.00 sys=0.00, real=0.01 secs] 
2024-03-31T19:56:50.426+0800: 1462.440: [CMS-concurrent-preclean-start]
2024-03-31T19:56:50.428+0800: 1462.442: [CMS-concurrent-preclean: 0.001/0.001 secs] [Times: user=0.00 sys=0.00, real=0.00 secs] 
2024-03-31T19:56:50.437+0800: 1462.451: [CMS-concurrent-abortable-preclean-start]
2024-03-31T19:56:50.438+0800: 1462.451: [CMS-concurrent-abortable-preclean: 0.000/0.000 secs] [Times: user=0.01 sys=0.00, real=0.01 secs] 
2024-03-31T19:56:50.439+0800: 1462.452: [GC (CMS Final Remark) [YG occupancy: 83845 K (117952 K)]2024-03-31T19:56:50.439+0800: 1462.453: [Rescan (non-parallel) 2024-03-31T19:56:50.439+0800: 1462.453: [grey object rescan, 0.0001040 secs]2024-03-31T19:56:50.439+0800: 1462.453: [root rescan, 0.0585499 secs]2024-03-31T19:56:50.498+0800: 1462.512: [visit unhandled CLDs, 0.0001780 secs]2024-03-31T19:56:50.498+0800: 1462.512: [dirty klass scan, 0.0012716 secs], 0.0607265 secs]2024-03-31T19:56:50.500+0800: 1462.513: [weak refs processing, 0.0001472 secs]2024-03-31T19:56:50.500+0800: 1462.514: [class unloading, 0.0124213 secs]2024-03-31T19:56:50.513+0800: 1462.526: [scrub symbol table, 0.0100113 secs]2024-03-31T19:56:50.523+0800: 1462.537: [scrub string table, 0.0005249 secs][1 CMS-remark: 63K(64K)] 83909K(118016K), 0.0874658 secs] [Times: user=0.09 sys=0.00, real=0.09 secs] 
2024-03-31T19:56:50.527+0800: 1462.541: [CMS-concurrent-sweep-start]
2024-03-31T19:56:50.528+0800: 1462.541: [CMS-concurrent-sweep: 0.000/0.000 secs] [Times: user=0.00 sys=0.00, real=0.00 secs] 
2024-03-31T19:56:50.529+0800: 1462.543: [CMS-concurrent-reset-start]
2024-03-31T19:56:50.530+0800: 1462.544: [CMS-concurrent-reset: 0.000/0.000 secs] [Times: user=0.00 sys=0.00, real=0.00 secs] 
2024-03-31T19:56:52.540+0800: 1464.554: [GC (CMS Initial Mark) [1 CMS-initial-mark: 63K(64K)] 84203K(118016K), 0.0859277 secs] [Times: user=0.08 sys=0.00, real=0.09 secs] 
2024-03-31T19:56:52.627+0800: 1464.640: [CMS-concurrent-mark-start]
2024-03-31T19:56:52.628+0800: 1464.641: [CMS-concurrent-mark: 0.000/0.000 secs] [Times: user=0.00 sys=0.00, real=0.00 secs] 
2024-03-31T19:56:52.628+0800: 1464.642: [CMS-concurrent-preclean-start]
2024-03-31T19:56:52.630+0800: 1464.644: [CMS-concurrent-preclean: 0.001/0.001 secs] [Times: user=0.01 sys=0.00, real=0.00 secs] 
2024-03-31T19:56:52.632+0800: 1464.645: [CMS-concurrent-abortable-preclean-start]
2024-03-31T19:56:52.632+0800: 1464.646: [CMS-concurrent-abortable-preclean: 0.000/0.000 secs] [Times: user=0.00 sys=0.00, real=0.00 secs] 
2024-03-31T19:56:52.634+0800: 1464.647: [GC (CMS Final Remark) [YG occupancy: 84139 K (117952 K)]2024-03-31T19:56:52.634+0800: 1464.647: [Rescan (non-parallel) 2024-03-31T19:56:52.634+0800: 1464.647: [grey object rescan, 0.0001077 secs]2024-03-31T19:56:52.634+0800: 1464.648: [root rescan, 0.0579942 secs]2024-03-31T19:56:52.692+0800: 1464.706: [visit unhandled CLDs, 0.0001620 secs]2024-03-31T19:56:52.693+0800: 1464.706: [dirty klass scan, 0.0012103 secs], 0.0600883 secs]2024-03-31T19:56:52.694+0800: 1464.707: [weak refs processing, 0.0001474 secs]2024-03-31T19:56:52.694+0800: 1464.708: [class unloading, 0.0123853 secs]2024-03-31T19:56:52.707+0800: 1464.720: [scrub symbol table, 0.0102655 secs]2024-03-31T19:56:52.717+0800: 1464.731: [scrub string table, 0.0005430 secs][1 CMS-remark: 63K(64K)] 84203K(118016K), 0.0873769 secs] [Times: user=0.08 sys=0.00, real=0.09 secs] 
2024-03-31T19:56:52.722+0800: 1464.735: [CMS-concurrent-sweep-start]
2024-03-31T19:56:52.722+0800: 1464.736: [CMS-concurrent-sweep: 0.000/0.000 secs] [Times: user=0.00 sys=0.00, real=0.00 secs] 
2024-03-31T19:56:52.723+0800: 1464.737: [CMS-concurrent-reset-start]
2024-03-31T19:56:52.724+0800: 1464.737: [CMS-concurrent-reset: 0.000/0.000 secs] [Times: user=0.01 sys=0.00, real=0.00 secs] 
2024-03-31T19:56:54.732+0800: 1466.746: [GC (CMS Initial Mark) [1 CMS-initial-mark: 63K(64K)] 84581K(118016K), 0.0895039 secs] [Times: user=0.09 sys=0.00, real=0.09 secs] 
2024-03-31T19:56:54.822+0800: 1466.836: [CMS-concurrent-mark-start]
2024-03-31T19:56:54.823+0800: 1466.837: [CMS-concurrent-mark: 0.000/0.000 secs] [Times: user=0.00 sys=0.00, real=0.00 secs] 
2024-03-31T19:56:54.824+0800: 1466.838: [CMS-concurrent-preclean-start]
2024-03-31T19:56:54.827+0800: 1466.840: [CMS-concurrent-preclean: 0.001/0.001 secs] [Times: user=0.01 sys=0.00, real=0.01 secs] 
2024-03-31T19:56:54.828+0800: 1466.841: [CMS-concurrent-abortable-preclean-start]
2024-03-31T19:56:54.829+0800: 1466.843: [CMS-concurrent-abortable-preclean: 0.000/0.000 secs] [Times: user=0.00 sys=0.00, real=0.00 secs] 
2024-03-31T19:56:54.830+0800: 1466.844: [GC (CMS Final Remark) [YG occupancy: 84517 K (117952 K)]2024-03-31T19:56:54.830+0800: 1466.844: [Rescan (non-parallel) 2024-03-31T19:56:54.831+0800: 1466.844: [grey object rescan, 0.0001224 secs]2024-03-31T19:56:54.831+0800: 1466.844: [root rescan, 0.0603916 secs]2024-03-31T19:56:54.891+0800: 1466.905: [visit unhandled CLDs, 0.0002027 secs]2024-03-31T19:56:54.892+0800: 1466.905: [dirty klass scan, 0.0016083 secs], 0.0630311 secs]2024-03-31T19:56:54.894+0800: 1466.907: [weak refs processing, 0.0001470 secs]2024-03-31T19:56:54.894+0800: 1466.907: [class unloading, 0.0125154 secs]2024-03-31T19:56:54.907+0800: 1466.920: [scrub symbol table, 0.0099225 secs]2024-03-31T19:56:54.917+0800: 1466.930: [scrub string table, 0.0005889 secs][1 CMS-remark: 63K(64K)] 84581K(118016K), 0.0904034 secs] [Times: user=0.09 sys=0.00, real=0.09 secs] 
2024-03-31T19:56:54.921+0800: 1466.935: [CMS-concurrent-sweep-start]
2024-03-31T19:56:54.921+0800: 1466.935: [CMS-concurrent-sweep: 0.000/0.000 secs] [Times: user=0.00 sys=0.00, real=0.00 secs] 
2024-03-31T19:56:54.922+0800: 1466.936: [CMS-concurrent-reset-start]
2024-03-31T19:56:54.922+0800: 1466.936: [CMS-concurrent-reset: 0.000/0.000 secs] [Times: user=0.00 sys=0.00, real=0.00 secs] 
2024-03-31T19:56:56.931+0800: 1468.945: [GC (CMS Initial Mark) [1 CMS-initial-mark: 63K(64K)] 84879K(118016K), 0.1068853 secs] [Times: user=0.11 sys=0.00, real=0.11 secs] 
2024-03-31T19:56:57.039+0800: 1469.053: [CMS-concurrent-mark-start]
2024-03-31T19:56:57.040+0800: 1469.053: [CMS-concurrent-mark: 0.000/0.000 secs] [Times: user=0.00 sys=0.00, real=0.00 secs] 
2024-03-31T19:56:57.042+0800: 1469.055: [CMS-concurrent-preclean-start]
2024-03-31T19:56:57.044+0800: 1469.057: [CMS-concurrent-preclean: 0.001/0.001 secs] [Times: user=0.01 sys=0.00, real=0.01 secs] 
2024-03-31T19:56:57.045+0800: 1469.058: [CMS-concurrent-abortable-preclean-start]
2024-03-31T19:56:57.045+0800: 1469.059: [CMS-concurrent-abortable-preclean: 0.000/0.000 secs] [Times: user=0.00 sys=0.00, real=0.00 secs] 
2024-03-31T19:56:57.046+0800: 1469.060: [GC (CMS Final Remark) [YG occupancy: 84852 K (117952 K)]2024-03-31T19:56:57.046+0800: 1469.060: [Rescan (non-parallel) 2024-03-31T19:56:57.047+0800: 1469.060: [grey object rescan, 0.0001078 secs]2024-03-31T19:56:57.047+0800: 1469.060: [root rescan, 0.0590461 secs]2024-03-31T19:56:57.106+0800: 1469.120: [visit unhandled CLDs, 0.0001552 secs]2024-03-31T19:56:57.106+0800: 1469.120: [dirty klass scan, 0.0012780 secs], 0.0612088 secs]2024-03-31T19:56:57.108+0800: 1469.121: [weak refs processing, 0.0001380 secs]2024-03-31T19:56:57.108+0800: 1469.121: [class unloading, 0.0122383 secs]2024-03-31T19:56:57.120+0800: 1469.134: [scrub symbol table, 0.0117660 secs]2024-03-31T19:56:57.132+0800: 1469.146: [scrub string table, 0.0005523 secs][1 CMS-remark: 63K(64K)] 84916K(118016K), 0.0897937 secs] [Times: user=0.08 sys=0.00, real=0.09 secs] 
2024-03-31T19:56:57.137+0800: 1469.150: [CMS-concurrent-sweep-start]
2024-03-31T19:56:57.137+0800: 1469.150: [CMS-concurrent-sweep: 0.000/0.000 secs] [Times: user=0.01 sys=0.00, real=0.00 secs] 
2024-03-31T19:56:57.138+0800: 1469.151: [CMS-concurrent-reset-start]
2024-03-31T19:56:57.138+0800: 1469.151: [CMS-concurrent-reset: 0.000/0.000 secs] [Times: user=0.00 sys=0.00, real=0.00 secs] 
2024-03-31T19:56:59.162+0800: 1471.176: [GC (CMS Initial Mark) [1 CMS-initial-mark: 63K(64K)] 85245K(118016K), 0.0910828 secs] [Times: user=0.09 sys=0.00, real=0.09 secs] 
2024-03-31T19:56:59.254+0800: 1471.267: [CMS-concurrent-mark-start]
2024-03-31T19:56:59.254+0800: 1471.268: [CMS-concurrent-mark: 0.000/0.000 secs] [Times: user=0.00 sys=0.00, real=0.01 secs] 
2024-03-31T19:56:59.255+0800: 1471.269: [CMS-concurrent-preclean-start]
2024-03-31T19:56:59.257+0800: 1471.270: [CMS-concurrent-preclean: 0.001/0.001 secs] [Times: user=0.00 sys=0.00, real=0.00 secs] 
2024-03-31T19:56:59.258+0800: 1471.272: [CMS-concurrent-abortable-preclean-start]
2024-03-31T19:56:59.259+0800: 1471.272: [CMS-concurrent-abortable-preclean: 0.000/0.000 secs] [Times: user=0.00 sys=0.00, real=0.00 secs] 
2024-03-31T19:56:59.261+0800: 1471.275: [GC (CMS Final Remark) [YG occupancy: 85181 K (117952 K)]2024-03-31T19:56:59.261+0800: 1471.275: [Rescan (non-parallel) 2024-03-31T19:56:59.262+0800: 1471.275: [grey object rescan, 0.0001475 secs]2024-03-31T19:56:59.262+0800: 1471.275: [root rescan, 0.0596623 secs]2024-03-31T19:56:59.322+0800: 1471.335: [visit unhandled CLDs, 0.0001671 secs]2024-03-31T19:56:59.322+0800: 1471.335: [dirty klass scan, 0.0012736 secs], 0.0619850 secs]2024-03-31T19:56:59.323+0800: 1471.337: [weak refs processing, 0.0001480 secs]2024-03-31T19:56:59.324+0800: 1471.337: [class unloading, 0.0116273 secs]2024-03-31T19:56:59.336+0800: 1471.349: [scrub symbol table, 0.0109794 secs]2024-03-31T19:56:59.347+0800: 1471.360: [scrub string table, 0.0005573 secs][1 CMS-remark: 63K(64K)] 85245K(118016K), 0.0890984 secs] [Times: user=0.08 sys=0.00, real=0.09 secs] 
2024-03-31T19:56:59.351+0800: 1471.364: [CMS-concurrent-sweep-start]
2024-03-31T19:56:59.351+0800: 1471.364: [CMS-concurrent-sweep: 0.000/0.000 secs] [Times: user=0.00 sys=0.00, real=0.00 secs] 
2024-03-31T19:56:59.351+0800: 1471.365: [CMS-concurrent-reset-start]
2024-03-31T19:56:59.351+0800: 1471.365: [CMS-concurrent-reset: 0.000/0.000 secs] [Times: user=0.00 sys=0.00, real=0.00 secs] 
2024-03-31T19:57:01.359+0800: 1473.372: [GC (CMS Initial Mark) [1 CMS-initial-mark: 63K(64K)] 85945K(118016K), 0.0989578 secs] [Times: user=0.09 sys=0.00, real=0.10 secs] 
2024-03-31T19:57:01.459+0800: 1473.472: [CMS-concurrent-mark-start]
2024-03-31T19:57:01.459+0800: 1473.472: [CMS-concurrent-mark: 0.000/0.000 secs] [Times: user=0.00 sys=0.00, real=0.00 secs] 
2024-03-31T19:57:01.460+0800: 1473.473: [CMS-concurrent-preclean-start]
2024-03-31T19:57:01.462+0800: 1473.475: [CMS-concurrent-preclean: 0.001/0.001 secs] [Times: user=0.00 sys=0.00, real=0.00 secs] 
2024-03-31T19:57:01.463+0800: 1473.476: [CMS-concurrent-abortable-preclean-start]
2024-03-31T19:57:01.464+0800: 1473.477: [CMS-concurrent-abortable-preclean: 0.000/0.000 secs] [Times: user=0.00 sys=0.00, real=0.00 secs] 
2024-03-31T19:57:01.465+0800: 1473.478: [GC (CMS Final Remark) [YG occupancy: 85881 K (117952 K)]2024-03-31T19:57:01.465+0800: 1473.478: [Rescan (non-parallel) 2024-03-31T19:57:01.465+0800: 1473.478: [grey object rescan, 0.0001110 secs]2024-03-31T19:57:01.465+0800: 1473.478: [root rescan, 0.0587679 secs]2024-03-31T19:57:01.524+0800: 1473.537: [visit unhandled CLDs, 0.0001798 secs]2024-03-31T19:57:01.524+0800: 1473.537: [dirty klass scan, 0.0012283 secs], 0.0608797 secs]2024-03-31T19:57:01.526+0800: 1473.539: [weak refs processing, 0.0001410 secs]2024-03-31T19:57:01.526+0800: 1473.539: [class unloading, 0.0118744 secs]2024-03-31T19:57:01.538+0800: 1473.551: [scrub symbol table, 0.0103580 secs]2024-03-31T19:57:01.549+0800: 1473.562: [scrub string table, 0.0005279 secs][1 CMS-remark: 63K(64K)] 85945K(118016K), 0.0875680 secs] [Times: user=0.09 sys=0.00, real=0.08 secs] 
2024-03-31T19:57:01.553+0800: 1473.566: [CMS-concurrent-sweep-start]
2024-03-31T19:57:01.553+0800: 1473.566: [CMS-concurrent-sweep: 0.000/0.000 secs] [Times: user=0.00 sys=0.00, real=0.00 secs] 
2024-03-31T19:57:01.554+0800: 1473.567: [CMS-concurrent-reset-start]
2024-03-31T19:57:01.554+0800: 1473.567: [CMS-concurrent-reset: 0.000/0.000 secs] [Times: user=0.00 sys=0.00, real=0.00 secs] 
2024-03-31T19:57:03.562+0800: 1475.575: [GC (CMS Initial Mark) [1 CMS-initial-mark: 63K(64K)] 86274K(118016K), 0.0993714 secs] [Times: user=0.10 sys=0.00, real=0.10 secs] 
2024-03-31T19:57:03.663+0800: 1475.676: [CMS-concurrent-mark-start]
2024-03-31T19:57:03.664+0800: 1475.677: [CMS-concurrent-mark: 0.000/0.000 secs] [Times: user=0.00 sys=0.00, real=0.00 secs] 
2024-03-31T19:57:03.664+0800: 1475.677: [CMS-concurrent-preclean-start]
2024-03-31T19:57:03.667+0800: 1475.680: [CMS-concurrent-preclean: 0.001/0.001 secs] [Times: user=0.01 sys=0.00, real=0.01 secs] 
2024-03-31T19:57:03.668+0800: 1475.682: [CMS-concurrent-abortable-preclean-start]
2024-03-31T19:57:03.669+0800: 1475.682: [CMS-concurrent-abortable-preclean: 0.000/0.000 secs] [Times: user=0.00 sys=0.00, real=0.00 secs] 
2024-03-31T19:57:03.670+0800: 1475.683: [GC (CMS Final Remark) [YG occupancy: 86210 K (117952 K)]2024-03-31T19:57:03.670+0800: 1475.684: [Rescan (non-parallel) 2024-03-31T19:57:03.671+0800: 1475.684: [grey object rescan, 0.0001049 secs]2024-03-31T19:57:03.671+0800: 1475.684: [root rescan, 0.0612313 secs]2024-03-31T19:57:03.732+0800: 1475.745: [visit unhandled CLDs, 0.0001645 secs]2024-03-31T19:57:03.733+0800: 1475.746: [dirty klass scan, 0.0013650 secs], 0.0635666 secs]2024-03-31T19:57:03.734+0800: 1475.747: [weak refs processing, 0.0001424 secs]2024-03-31T19:57:03.734+0800: 1475.747: [class unloading, 0.0125733 secs]2024-03-31T19:57:03.747+0800: 1475.760: [scrub symbol table, 0.0116554 secs]2024-03-31T19:57:03.759+0800: 1475.772: [scrub string table, 0.0005636 secs][1 CMS-remark: 63K(64K)] 86274K(118016K), 0.0922943 secs] [Times: user=0.09 sys=0.00, real=0.09 secs] 
2024-03-31T19:57:03.763+0800: 1475.776: [CMS-concurrent-sweep-start]
2024-03-31T19:57:03.763+0800: 1475.776: [CMS-concurrent-sweep: 0.000/0.000 secs] [Times: user=0.00 sys=0.00, real=0.00 secs] 
2024-03-31T19:57:03.764+0800: 1475.777: [CMS-concurrent-reset-start]
2024-03-31T19:57:03.764+0800: 1475.777: [CMS-concurrent-reset: 0.000/0.000 secs] [Times: user=0.00 sys=0.00, real=0.00 secs] 
2024-03-31T19:57:05.776+0800: 1477.789: [GC (CMS Initial Mark) [1 CMS-initial-mark: 63K(64K)] 86440K(118016K), 0.1013070 secs] [Times: user=0.10 sys=0.00, real=0.10 secs] 
2024-03-31T19:57:05.878+0800: 1477.891: [CMS-concurrent-mark-start]
2024-03-31T19:57:05.879+0800: 1477.892: [CMS-concurrent-mark: 0.000/0.000 secs] [Times: user=0.00 sys=0.00, real=0.00 secs] 
2024-03-31T19:57:05.879+0800: 1477.893: [CMS-concurrent-preclean-start]
2024-03-31T19:57:05.882+0800: 1477.895: [CMS-concurrent-preclean: 0.001/0.001 secs] [Times: user=0.01 sys=0.00, real=0.00 secs] 
2024-03-31T19:57:05.882+0800: 1477.896: [CMS-concurrent-abortable-preclean-start]
2024-03-31T19:57:05.883+0800: 1477.896: [CMS-concurrent-abortable-preclean: 0.000/0.000 secs] [Times: user=0.00 sys=0.01, real=0.00 secs] 
2024-03-31T19:57:05.885+0800: 1477.898: [GC (CMS Final Remark) [YG occupancy: 86378 K (117952 K)]2024-03-31T19:57:05.885+0800: 1477.898: [Rescan (non-parallel) 2024-03-31T19:57:05.885+0800: 1477.898: [grey object rescan, 0.0001458 secs]2024-03-31T19:57:05.886+0800: 1477.899: [root rescan, 0.0610056 secs]2024-03-31T19:57:05.947+0800: 1477.960: [visit unhandled CLDs, 0.0001965 secs]2024-03-31T19:57:05.947+0800: 1477.960: [dirty klass scan, 0.0014346 secs], 0.0635387 secs]2024-03-31T19:57:05.949+0800: 1477.962: [weak refs processing, 0.0001452 secs]2024-03-31T19:57:05.949+0800: 1477.962: [class unloading, 0.0124470 secs]2024-03-31T19:57:05.962+0800: 1477.975: [scrub symbol table, 0.0100613 secs]2024-03-31T19:57:05.972+0800: 1477.985: [scrub string table, 0.0005418 secs][1 CMS-remark: 63K(64K)] 86442K(118016K), 0.0906078 secs] [Times: user=0.09 sys=0.00, real=0.09 secs] 
2024-03-31T19:57:05.976+0800: 1477.990: [CMS-concurrent-sweep-start]
2024-03-31T19:57:05.977+0800: 1477.990: [CMS-concurrent-sweep: 0.000/0.000 secs] [Times: user=0.00 sys=0.00, real=0.00 secs] 
2024-03-31T19:57:05.977+0800: 1477.990: [CMS-concurrent-reset-start]
2024-03-31T19:57:05.977+0800: 1477.990: [CMS-concurrent-reset: 0.000/0.000 secs] [Times: user=0.00 sys=0.00, real=0.00 secs] 
2024-03-31T19:57:07.990+0800: 1480.003: [GC (CMS Initial Mark) [1 CMS-initial-mark: 63K(64K)] 86927K(118016K), 0.1051596 secs] [Times: user=0.10 sys=0.01, real=0.11 secs] 
2024-03-31T19:57:08.096+0800: 1480.109: [CMS-concurrent-mark-start]
2024-03-31T19:57:08.096+0800: 1480.109: [CMS-concurrent-mark: 0.000/0.000 secs] [Times: user=0.00 sys=0.00, real=0.00 secs] 
2024-03-31T19:57:08.098+0800: 1480.111: [CMS-concurrent-preclean-start]
2024-03-31T19:57:08.100+0800: 1480.113: [CMS-concurrent-preclean: 0.001/0.001 secs] [Times: user=0.01 sys=0.00, real=0.00 secs] 
2024-03-31T19:57:08.100+0800: 1480.113: [CMS-concurrent-abortable-preclean-start]
2024-03-31T19:57:08.100+0800: 1480.114: [CMS-concurrent-abortable-preclean: 0.000/0.000 secs] [Times: user=0.00 sys=0.00, real=0.00 secs] 
2024-03-31T19:57:08.101+0800: 1480.114: [GC (CMS Final Remark) [YG occupancy: 86863 K (117952 K)]2024-03-31T19:57:08.101+0800: 1480.114: [Rescan (non-parallel) 2024-03-31T19:57:08.101+0800: 1480.114: [grey object rescan, 0.0001077 secs]2024-03-31T19:57:08.102+0800: 1480.115: [root rescan, 0.0597380 secs]2024-03-31T19:57:08.162+0800: 1480.175: [visit unhandled CLDs, 0.0002169 secs]2024-03-31T19:57:08.162+0800: 1480.175: [dirty klass scan, 0.0011892 secs], 0.0619050 secs]2024-03-31T19:57:08.163+0800: 1480.176: [weak refs processing, 0.0001386 secs]2024-03-31T19:57:08.163+0800: 1480.177: [class unloading, 0.0122891 secs]2024-03-31T19:57:08.176+0800: 1480.189: [scrub symbol table, 0.0100285 secs]2024-03-31T19:57:08.186+0800: 1480.199: [scrub string table, 0.0005500 secs][1 CMS-remark: 63K(64K)] 86927K(118016K), 0.0889378 secs] [Times: user=0.09 sys=0.00, real=0.09 secs] 
2024-03-31T19:57:08.191+0800: 1480.204: [CMS-concurrent-sweep-start]
2024-03-31T19:57:08.191+0800: 1480.204: [CMS-concurrent-sweep: 0.000/0.000 secs] [Times: user=0.00 sys=0.00, real=0.00 secs] 
2024-03-31T19:57:08.191+0800: 1480.204: [CMS-concurrent-reset-start]
2024-03-31T19:57:08.191+0800: 1480.204: [CMS-concurrent-reset: 0.000/0.000 secs] [Times: user=0.00 sys=0.00, real=0.00 secs] 
2024-03-31T19:57:10.200+0800: 1482.214: [GC (CMS Initial Mark) [1 CMS-initial-mark: 63K(64K)] 87205K(118016K), 0.1055638 secs] [Times: user=0.10 sys=0.01, real=0.11 secs] 
2024-03-31T19:57:10.307+0800: 1482.320: [CMS-concurrent-mark-start]
2024-03-31T19:57:10.307+0800: 1482.320: [CMS-concurrent-mark: 0.000/0.000 secs] [Times: user=0.00 sys=0.00, real=0.00 secs] 
2024-03-31T19:57:10.308+0800: 1482.321: [CMS-concurrent-preclean-start]
2024-03-31T19:57:10.311+0800: 1482.324: [CMS-concurrent-preclean: 0.001/0.001 secs] [Times: user=0.01 sys=0.00, real=0.00 secs] 
2024-03-31T19:57:10.312+0800: 1482.325: [CMS-concurrent-abortable-preclean-start]
2024-03-31T19:57:10.313+0800: 1482.326: [CMS-concurrent-abortable-preclean: 0.000/0.000 secs] [Times: user=0.00 sys=0.00, real=0.00 secs] 
2024-03-31T19:57:10.314+0800: 1482.328: [GC (CMS Final Remark) [YG occupancy: 87141 K (117952 K)]2024-03-31T19:57:10.315+0800: 1482.328: [Rescan (non-parallel) 2024-03-31T19:57:10.315+0800: 1482.328: [grey object rescan, 0.0001241 secs]2024-03-31T19:57:10.315+0800: 1482.328: [root rescan, 0.0612543 secs]2024-03-31T19:57:10.377+0800: 1482.390: [visit unhandled CLDs, 0.0001979 secs]2024-03-31T19:57:10.377+0800: 1482.390: [dirty klass scan, 0.0014674 secs], 0.0637683 secs]2024-03-31T19:57:10.379+0800: 1482.392: [weak refs processing, 0.0001545 secs]2024-03-31T19:57:10.379+0800: 1482.392: [class unloading, 0.0118620 secs]2024-03-31T19:57:10.391+0800: 1482.404: [scrub symbol table, 0.0099180 secs]2024-03-31T19:57:10.401+0800: 1482.414: [scrub string table, 0.0005403 secs][1 CMS-remark: 63K(64K)] 87205K(118016K), 0.0902153 secs] [Times: user=0.09 sys=0.00, real=0.09 secs] 
2024-03-31T19:57:10.405+0800: 1482.418: [CMS-concurrent-sweep-start]
2024-03-31T19:57:10.405+0800: 1482.418: [CMS-concurrent-sweep: 0.000/0.000 secs] [Times: user=0.00 sys=0.00, real=0.00 secs] 
2024-03-31T19:57:10.406+0800: 1482.419: [CMS-concurrent-reset-start]
2024-03-31T19:57:10.406+0800: 1482.419: [CMS-concurrent-reset: 0.000/0.000 secs] [Times: user=0.00 sys=0.00, real=0.00 secs] 
2024-03-31T19:57:12.414+0800: 1484.427: [GC (CMS Initial Mark) [1 CMS-initial-mark: 63K(64K)] 87388K(118016K), 0.1028143 secs] [Times: user=0.10 sys=0.00, real=0.11 secs] 
2024-03-31T19:57:12.517+0800: 1484.531: [CMS-concurrent-mark-start]
2024-03-31T19:57:12.518+0800: 1484.531: [CMS-concurrent-mark: 0.000/0.000 secs] [Times: user=0.00 sys=0.00, real=0.00 secs] 
2024-03-31T19:57:12.519+0800: 1484.532: [CMS-concurrent-preclean-start]
2024-03-31T19:57:12.520+0800: 1484.533: [CMS-concurrent-preclean: 0.001/0.001 secs] [Times: user=0.01 sys=0.00, real=0.00 secs] 
2024-03-31T19:57:12.521+0800: 1484.535: [CMS-concurrent-abortable-preclean-start]
2024-03-31T19:57:12.522+0800: 1484.536: [CMS-concurrent-abortable-preclean: 0.000/0.000 secs] [Times: user=0.00 sys=0.00, real=0.00 secs] 
2024-03-31T19:57:12.523+0800: 1484.536: [GC (CMS Final Remark) [YG occupancy: 87324 K (117952 K)]2024-03-31T19:57:12.524+0800: 1484.537: [Rescan (non-parallel) 2024-03-31T19:57:12.524+0800: 1484.537: [grey object rescan, 0.0001842 secs]2024-03-31T19:57:12.524+0800: 1484.537: [root rescan, 0.0622486 secs]2024-03-31T19:57:12.587+0800: 1484.600: [visit unhandled CLDs, 0.0002670 secs]2024-03-31T19:57:12.587+0800: 1484.600: [dirty klass scan, 0.0013468 secs], 0.0650759 secs]2024-03-31T19:57:12.589+0800: 1484.602: [weak refs processing, 0.0001820 secs]2024-03-31T19:57:12.589+0800: 1484.602: [class unloading, 0.0125628 secs]2024-03-31T19:57:12.602+0800: 1484.615: [scrub symbol table, 0.0098878 secs]2024-03-31T19:57:12.612+0800: 1484.625: [scrub string table, 0.0005380 secs][1 CMS-remark: 63K(64K)] 87388K(118016K), 0.0924320 secs] [Times: user=0.09 sys=0.00, real=0.10 secs] 
2024-03-31T19:57:12.616+0800: 1484.630: [CMS-concurrent-sweep-start]
2024-03-31T19:57:12.616+0800: 1484.630: [CMS-concurrent-sweep: 0.000/0.000 secs] [Times: user=0.00 sys=0.00, real=0.00 secs] 
2024-03-31T19:57:12.617+0800: 1484.630: [CMS-concurrent-reset-start]
2024-03-31T19:57:12.617+0800: 1484.630: [CMS-concurrent-reset: 0.000/0.000 secs] [Times: user=0.00 sys=0.00, real=0.00 secs] 
2024-03-31T19:57:14.624+0800: 1486.637: [GC (CMS Initial Mark) [1 CMS-initial-mark: 63K(64K)] 87544K(118016K), 0.1046895 secs] [Times: user=0.10 sys=0.00, real=0.11 secs] 
2024-03-31T19:57:14.730+0800: 1486.743: [CMS-concurrent-mark-start]
2024-03-31T19:57:14.730+0800: 1486.743: [CMS-concurrent-mark: 0.000/0.000 secs] [Times: user=0.00 sys=0.00, real=0.00 secs] 
2024-03-31T19:57:14.731+0800: 1486.744: [CMS-concurrent-preclean-start]
2024-03-31T19:57:14.733+0800: 1486.746: [CMS-concurrent-preclean: 0.001/0.001 secs] [Times: user=0.01 sys=0.00, real=0.00 secs] 
2024-03-31T19:57:14.734+0800: 1486.748: [CMS-concurrent-abortable-preclean-start]
2024-03-31T19:57:14.735+0800: 1486.748: [CMS-concurrent-abortable-preclean: 0.000/0.000 secs] [Times: user=0.00 sys=0.00, real=0.01 secs] 
2024-03-31T19:57:14.736+0800: 1486.749: [GC (CMS Final Remark) [YG occupancy: 87480 K (117952 K)]2024-03-31T19:57:14.736+0800: 1486.749: [Rescan (non-parallel) 2024-03-31T19:57:14.736+0800: 1486.749: [grey object rescan, 0.0001313 secs]2024-03-31T19:57:14.737+0800: 1486.750: [root rescan, 0.0617808 secs]2024-03-31T19:57:14.799+0800: 1486.812: [visit unhandled CLDs, 0.0001933 secs]2024-03-31T19:57:14.799+0800: 1486.812: [dirty klass scan, 0.0014635 secs], 0.0642950 secs]2024-03-31T19:57:14.801+0800: 1486.814: [weak refs processing, 0.0001872 secs]2024-03-31T19:57:14.801+0800: 1486.814: [class unloading, 0.0127985 secs]2024-03-31T19:57:14.814+0800: 1486.827: [scrub symbol table, 0.0109638 secs]2024-03-31T19:57:14.825+0800: 1486.838: [scrub string table, 0.0006203 secs][1 CMS-remark: 63K(64K)] 87544K(118016K), 0.0930730 secs] [Times: user=0.09 sys=0.00, real=0.09 secs] 
2024-03-31T19:57:14.830+0800: 1486.843: [CMS-concurrent-sweep-start]
2024-03-31T19:57:14.830+0800: 1486.843: [CMS-concurrent-sweep: 0.000/0.000 secs] [Times: user=0.00 sys=0.00, real=0.00 secs] 
2024-03-31T19:57:14.830+0800: 1486.843: [CMS-concurrent-reset-start]
2024-03-31T19:57:14.830+0800: 1486.843: [CMS-concurrent-reset: 0.000/0.000 secs] [Times: user=0.00 sys=0.00, real=0.00 secs] 
2024-03-31T19:57:16.844+0800: 1488.857: [GC (CMS Initial Mark) [1 CMS-initial-mark: 63K(64K)] 87865K(118016K), 0.1001893 secs] [Times: user=0.10 sys=0.00, real=0.11 secs] 
2024-03-31T19:57:16.945+0800: 1488.958: [CMS-concurrent-mark-start]
2024-03-31T19:57:16.945+0800: 1488.958: [CMS-concurrent-mark: 0.000/0.000 secs] [Times: user=0.00 sys=0.00, real=0.00 secs] 
2024-03-31T19:57:16.946+0800: 1488.959: [CMS-concurrent-preclean-start]
2024-03-31T19:57:16.948+0800: 1488.961: [CMS-concurrent-preclean: 0.001/0.001 secs] [Times: user=0.00 sys=0.00, real=0.00 secs] 
2024-03-31T19:57:16.949+0800: 1488.962: [CMS-concurrent-abortable-preclean-start]
2024-03-31T19:57:16.950+0800: 1488.963: [CMS-concurrent-abortable-preclean: 0.000/0.000 secs] [Times: user=0.01 sys=0.00, real=0.00 secs] 
2024-03-31T19:57:16.952+0800: 1488.965: [GC (CMS Final Remark) [YG occupancy: 87801 K (117952 K)]2024-03-31T19:57:16.952+0800: 1488.965: [Rescan (non-parallel) 2024-03-31T19:57:16.952+0800: 1488.965: [grey object rescan, 0.0001027 secs]2024-03-31T19:57:16.952+0800: 1488.965: [root rescan, 0.0603081 secs]2024-03-31T19:57:17.013+0800: 1489.026: [visit unhandled CLDs, 0.0002395 secs]2024-03-31T19:57:17.013+0800: 1489.026: [dirty klass scan, 0.0012443 secs], 0.0625617 secs]2024-03-31T19:57:17.014+0800: 1489.027: [weak refs processing, 0.0001408 secs]2024-03-31T19:57:17.015+0800: 1489.028: [class unloading, 0.0120734 secs]2024-03-31T19:57:17.027+0800: 1489.040: [scrub symbol table, 0.0096898 secs]2024-03-31T19:57:17.037+0800: 1489.050: [scrub string table, 0.0005215 secs][1 CMS-remark: 63K(64K)] 87865K(118016K), 0.0886337 secs] [Times: user=0.09 sys=0.00, real=0.09 secs] 
2024-03-31T19:57:17.041+0800: 1489.054: [CMS-concurrent-sweep-start]
2024-03-31T19:57:17.042+0800: 1489.056: [CMS-concurrent-sweep: 0.000/0.000 secs] [Times: user=0.00 sys=0.00, real=0.00 secs] 
2024-03-31T19:57:17.044+0800: 1489.057: [CMS-concurrent-reset-start]
2024-03-31T19:57:17.044+0800: 1489.057: [CMS-concurrent-reset: 0.000/0.000 secs] [Times: user=0.00 sys=0.00, real=0.00 secs] 
2024-03-31T19:57:19.056+0800: 1491.069: [GC (CMS Initial Mark) [1 CMS-initial-mark: 63K(64K)] 87986K(118016K), 0.1028160 secs] [Times: user=0.10 sys=0.00, real=0.11 secs] 
2024-03-31T19:57:19.161+0800: 1491.174: [CMS-concurrent-mark-start]
2024-03-31T19:57:19.162+0800: 1491.175: [CMS-concurrent-mark: 0.000/0.000 secs] [Times: user=0.00 sys=0.00, real=0.00 secs] 
2024-03-31T19:57:19.163+0800: 1491.176: [CMS-concurrent-preclean-start]
2024-03-31T19:57:19.165+0800: 1491.178: [CMS-concurrent-preclean: 0.001/0.001 secs] [Times: user=0.01 sys=0.00, real=0.01 secs] 
2024-03-31T19:57:19.166+0800: 1491.179: [CMS-concurrent-abortable-preclean-start]
2024-03-31T19:57:19.166+0800: 1491.179: [CMS-concurrent-abortable-preclean: 0.000/0.000 secs] [Times: user=0.00 sys=0.00, real=0.00 secs] 
2024-03-31T19:57:19.167+0800: 1491.180: [GC (CMS Final Remark) [YG occupancy: 87923 K (117952 K)]2024-03-31T19:57:19.167+0800: 1491.180: [Rescan (non-parallel) 2024-03-31T19:57:19.167+0800: 1491.180: [grey object rescan, 0.0001189 secs]2024-03-31T19:57:19.167+0800: 1491.180: [root rescan, 0.0615587 secs]2024-03-31T19:57:19.229+0800: 1491.242: [visit unhandled CLDs, 0.0001733 secs]2024-03-31T19:57:19.229+0800: 1491.242: [dirty klass scan, 0.0013018 secs], 0.0637898 secs]2024-03-31T19:57:19.231+0800: 1491.244: [weak refs processing, 0.0001327 secs]2024-03-31T19:57:19.231+0800: 1491.244: [class unloading, 0.0115713 secs]2024-03-31T19:57:19.243+0800: 1491.256: [scrub symbol table, 0.0097977 secs]2024-03-31T19:57:19.253+0800: 1491.266: [scrub string table, 0.0004959 secs][1 CMS-remark: 63K(64K)] 87986K(118016K), 0.0894345 secs] [Times: user=0.08 sys=0.00, real=0.09 secs] 
2024-03-31T19:57:19.257+0800: 1491.270: [CMS-concurrent-sweep-start]
2024-03-31T19:57:19.257+0800: 1491.270: [CMS-concurrent-sweep: 0.000/0.000 secs] [Times: user=0.00 sys=0.00, real=0.00 secs] 
2024-03-31T19:57:19.257+0800: 1491.270: [CMS-concurrent-reset-start]
2024-03-31T19:57:19.257+0800: 1491.270: [CMS-concurrent-reset: 0.000/0.000 secs] [Times: user=0.00 sys=0.00, real=0.00 secs] 
2024-03-31T19:57:21.266+0800: 1493.279: [GC (CMS Initial Mark) [1 CMS-initial-mark: 63K(64K)] 88205K(118016K), 0.1043336 secs] [Times: user=0.10 sys=0.00, real=0.10 secs] 
2024-03-31T19:57:21.371+0800: 1493.384: [CMS-concurrent-mark-start]
2024-03-31T19:57:21.372+0800: 1493.385: [CMS-concurrent-mark: 0.000/0.000 secs] [Times: user=0.00 sys=0.00, real=0.00 secs] 
2024-03-31T19:57:21.373+0800: 1493.386: [CMS-concurrent-preclean-start]
2024-03-31T19:57:21.376+0800: 1493.389: [CMS-concurrent-preclean: 0.001/0.001 secs] [Times: user=0.01 sys=0.00, real=0.01 secs] 
2024-03-31T19:57:21.378+0800: 1493.391: [CMS-concurrent-abortable-preclean-start]
2024-03-31T19:57:21.379+0800: 1493.392: [CMS-concurrent-abortable-preclean: 0.000/0.000 secs] [Times: user=0.00 sys=0.00, real=0.00 secs] 
2024-03-31T19:57:21.380+0800: 1493.394: [GC (CMS Final Remark) [YG occupancy: 88141 K (117952 K)]2024-03-31T19:57:21.381+0800: 1493.394: [Rescan (non-parallel) 2024-03-31T19:57:21.381+0800: 1493.394: [grey object rescan, 0.0001082 secs]2024-03-31T19:57:21.381+0800: 1493.394: [root rescan, 0.0616656 secs]2024-03-31T19:57:21.443+0800: 1493.456: [visit unhandled CLDs, 0.0002496 secs]2024-03-31T19:57:21.443+0800: 1493.456: [dirty klass scan, 0.0013665 secs], 0.0640320 secs]2024-03-31T19:57:21.445+0800: 1493.458: [weak refs processing, 0.0001359 secs]2024-03-31T19:57:21.445+0800: 1493.458: [class unloading, 0.0119995 secs]2024-03-31T19:57:21.457+0800: 1493.470: [scrub symbol table, 0.0097287 secs]2024-03-31T19:57:21.467+0800: 1493.480: [scrub string table, 0.0005166 secs][1 CMS-remark: 63K(64K)] 88205K(118016K), 0.0900843 secs] [Times: user=0.09 sys=0.00, real=0.09 secs] 
2024-03-31T19:57:21.472+0800: 1493.485: [CMS-concurrent-sweep-start]
2024-03-31T19:57:21.472+0800: 1493.485: [CMS-concurrent-sweep: 0.000/0.000 secs] [Times: user=0.00 sys=0.00, real=0.00 secs] 
2024-03-31T19:57:21.474+0800: 1493.487: [CMS-concurrent-reset-start]
2024-03-31T19:57:21.475+0800: 1493.488: [CMS-concurrent-reset: 0.000/0.000 secs] [Times: user=0.00 sys=0.00, real=0.01 secs] 
2024-03-31T19:57:23.485+0800: 1495.499: [GC (CMS Initial Mark) [1 CMS-initial-mark: 63K(64K)] 88546K(118016K), 0.1038050 secs] [Times: user=0.11 sys=0.00, real=0.10 secs] 
2024-03-31T19:57:23.590+0800: 1495.603: [CMS-concurrent-mark-start]
2024-03-31T19:57:23.591+0800: 1495.604: [CMS-concurrent-mark: 0.000/0.000 secs] [Times: user=0.00 sys=0.00, real=0.00 secs] 
2024-03-31T19:57:23.592+0800: 1495.605: [CMS-concurrent-preclean-start]
2024-03-31T19:57:23.595+0800: 1495.608: [CMS-concurrent-preclean: 0.001/0.001 secs] [Times: user=0.00 sys=0.01, real=0.01 secs] 
2024-03-31T19:57:23.597+0800: 1495.610: [CMS-concurrent-abortable-preclean-start]
2024-03-31T19:57:23.598+0800: 1495.611: [CMS-concurrent-abortable-preclean: 0.000/0.000 secs] [Times: user=0.01 sys=0.00, real=0.00 secs] 
2024-03-31T19:57:23.600+0800: 1495.613: [GC (CMS Final Remark) [YG occupancy: 88501 K (117952 K)]2024-03-31T19:57:23.600+0800: 1495.614: [Rescan (non-parallel) 2024-03-31T19:57:23.601+0800: 1495.614: [grey object rescan, 0.0001035 secs]2024-03-31T19:57:23.601+0800: 1495.614: [root rescan, 0.0631655 secs]2024-03-31T19:57:23.664+0800: 1495.677: [visit unhandled CLDs, 0.0001950 secs]2024-03-31T19:57:23.665+0800: 1495.678: [dirty klass scan, 0.0013996 secs], 0.0655676 secs]2024-03-31T19:57:23.666+0800: 1495.679: [weak refs processing, 0.0001467 secs]2024-03-31T19:57:23.666+0800: 1495.679: [class unloading, 0.0123631 secs]2024-03-31T19:57:23.679+0800: 1495.692: [scrub symbol table, 0.0102054 secs]2024-03-31T19:57:23.689+0800: 1495.702: [scrub string table, 0.0005071 secs][1 CMS-remark: 63K(64K)] 88565K(118016K), 0.0927003 secs] [Times: user=0.09 sys=0.00, real=0.09 secs] 
2024-03-31T19:57:23.694+0800: 1495.707: [CMS-concurrent-sweep-start]
2024-03-31T19:57:23.695+0800: 1495.708: [CMS-concurrent-sweep: 0.000/0.000 secs] [Times: user=0.00 sys=0.00, real=0.01 secs] 
2024-03-31T19:57:23.697+0800: 1495.710: [CMS-concurrent-reset-start]
2024-03-31T19:57:23.699+0800: 1495.712: [CMS-concurrent-reset: 0.000/0.000 secs] [Times: user=0.01 sys=0.00, real=0.00 secs] 
2024-03-31T19:57:25.710+0800: 1497.723: [GC (CMS Initial Mark) [1 CMS-initial-mark: 63K(64K)] 88790K(118016K), 0.1040925 secs] [Times: user=0.10 sys=0.00, real=0.10 secs] 
2024-03-31T19:57:25.815+0800: 1497.828: [CMS-concurrent-mark-start]
2024-03-31T19:57:25.815+0800: 1497.828: [CMS-concurrent-mark: 0.000/0.000 secs] [Times: user=0.01 sys=0.00, real=0.01 secs] 
2024-03-31T19:57:25.816+0800: 1497.829: [CMS-concurrent-preclean-start]
2024-03-31T19:57:25.818+0800: 1497.831: [CMS-concurrent-preclean: 0.001/0.001 secs] [Times: user=0.00 sys=0.00, real=0.00 secs] 
2024-03-31T19:57:25.818+0800: 1497.831: [CMS-concurrent-abortable-preclean-start]
2024-03-31T19:57:25.819+0800: 1497.832: [CMS-concurrent-abortable-preclean: 0.000/0.000 secs] [Times: user=0.00 sys=0.00, real=0.00 secs] 
2024-03-31T19:57:25.820+0800: 1497.833: [GC (CMS Final Remark) [YG occupancy: 88763 K (117952 K)]2024-03-31T19:57:25.821+0800: 1497.834: [Rescan (non-parallel) 2024-03-31T19:57:25.821+0800: 1497.834: [grey object rescan, 0.0001105 secs]2024-03-31T19:57:25.821+0800: 1497.834: [root rescan, 0.0612198 secs]2024-03-31T19:57:25.882+0800: 1497.895: [visit unhandled CLDs, 0.0001942 secs]2024-03-31T19:57:25.883+0800: 1497.896: [dirty klass scan, 0.0012015 secs], 0.0633695 secs]2024-03-31T19:57:25.884+0800: 1497.897: [weak refs processing, 0.0001549 secs]2024-03-31T19:57:25.884+0800: 1497.897: [class unloading, 0.0117922 secs]2024-03-31T19:57:25.896+0800: 1497.909: [scrub symbol table, 0.0098409 secs]2024-03-31T19:57:25.906+0800: 1497.919: [scrub string table, 0.0005334 secs][1 CMS-remark: 63K(64K)] 88827K(118016K), 0.0893516 secs] [Times: user=0.09 sys=0.00, real=0.09 secs] 
2024-03-31T19:57:25.910+0800: 1497.923: [CMS-concurrent-sweep-start]
2024-03-31T19:57:25.910+0800: 1497.923: [CMS-concurrent-sweep: 0.000/0.000 secs] [Times: user=0.00 sys=0.00, real=0.00 secs] 
2024-03-31T19:57:25.911+0800: 1497.924: [CMS-concurrent-reset-start]
2024-03-31T19:57:25.911+0800: 1497.924: [CMS-concurrent-reset: 0.000/0.000 secs] [Times: user=0.00 sys=0.00, real=0.00 secs] 
2024-03-31T19:57:27.921+0800: 1499.934: [GC (CMS Initial Mark) [1 CMS-initial-mark: 63K(64K)] 89025K(118016K), 0.1061996 secs] [Times: user=0.11 sys=0.00, real=0.11 secs] 
2024-03-31T19:57:28.028+0800: 1500.041: [CMS-concurrent-mark-start]
2024-03-31T19:57:28.029+0800: 1500.042: [CMS-concurrent-mark: 0.000/0.000 secs] [Times: user=0.00 sys=0.00, real=0.00 secs] 
2024-03-31T19:57:28.031+0800: 1500.044: [CMS-concurrent-preclean-start]
2024-03-31T19:57:28.033+0800: 1500.046: [CMS-concurrent-preclean: 0.001/0.001 secs] [Times: user=0.01 sys=0.00, real=0.00 secs] 
2024-03-31T19:57:28.034+0800: 1500.047: [CMS-concurrent-abortable-preclean-start]
2024-03-31T19:57:28.035+0800: 1500.048: [CMS-concurrent-abortable-preclean: 0.000/0.000 secs] [Times: user=0.00 sys=0.00, real=0.01 secs] 
2024-03-31T19:57:28.035+0800: 1500.048: [GC (CMS Final Remark) [YG occupancy: 88962 K (117952 K)]2024-03-31T19:57:28.035+0800: 1500.049: [Rescan (non-parallel) 2024-03-31T19:57:28.036+0800: 1500.049: [grey object rescan, 0.0001363 secs]2024-03-31T19:57:28.036+0800: 1500.049: [root rescan, 0.0605655 secs]2024-03-31T19:57:28.097+0800: 1500.110: [visit unhandled CLDs, 0.0001574 secs]2024-03-31T19:57:28.097+0800: 1500.110: [dirty klass scan, 0.0011984 secs], 0.0626369 secs]2024-03-31T19:57:28.098+0800: 1500.111: [weak refs processing, 0.0001463 secs]2024-03-31T19:57:28.098+0800: 1500.112: [class unloading, 0.0115347 secs]2024-03-31T19:57:28.110+0800: 1500.123: [scrub symbol table, 0.0097250 secs]2024-03-31T19:57:28.120+0800: 1500.133: [scrub string table, 0.0005143 secs][1 CMS-remark: 63K(64K)] 89025K(118016K), 0.0881538 secs] [Times: user=0.08 sys=0.00, real=0.08 secs] 
2024-03-31T19:57:28.124+0800: 1500.137: [CMS-concurrent-sweep-start]
2024-03-31T19:57:28.124+0800: 1500.137: [CMS-concurrent-sweep: 0.000/0.000 secs] [Times: user=0.00 sys=0.00, real=0.00 secs] 
2024-03-31T19:57:28.124+0800: 1500.137: [CMS-concurrent-reset-start]
2024-03-31T19:57:28.124+0800: 1500.137: [CMS-concurrent-reset: 0.000/0.000 secs] [Times: user=0.00 sys=0.00, real=0.00 secs] 
2024-03-31T19:57:30.129+0800: 1502.142: [GC (CMS Initial Mark) [1 CMS-initial-mark: 63K(64K)] 89302K(118016K), 0.0801103 secs] [Times: user=0.08 sys=0.00, real=0.08 secs] 
2024-03-31T19:57:30.210+0800: 1502.223: [CMS-concurrent-mark-start]
2024-03-31T19:57:30.210+0800: 1502.223: [CMS-concurrent-mark: 0.000/0.000 secs] [Times: user=0.01 sys=0.00, real=0.00 secs] 
2024-03-31T19:57:30.211+0800: 1502.224: [CMS-concurrent-preclean-start]
2024-03-31T19:57:30.212+0800: 1502.225: [CMS-concurrent-preclean: 0.001/0.001 secs] [Times: user=0.00 sys=0.00, real=0.00 secs] 
2024-03-31T19:57:30.213+0800: 1502.226: [CMS-concurrent-abortable-preclean-start]
2024-03-31T19:57:30.213+0800: 1502.227: [CMS-concurrent-abortable-preclean: 0.000/0.000 secs] [Times: user=0.00 sys=0.01, real=0.00 secs] 
2024-03-31T19:57:30.214+0800: 1502.227: [GC (CMS Final Remark) [YG occupancy: 89239 K (117952 K)]2024-03-31T19:57:30.215+0800: 1502.228: [Rescan (non-parallel) 2024-03-31T19:57:30.215+0800: 1502.228: [grey object rescan, 0.0001159 secs]2024-03-31T19:57:30.215+0800: 1502.228: [root rescan, 0.0610240 secs]2024-03-31T19:57:30.276+0800: 1502.289: [visit unhandled CLDs, 0.0001373 secs]2024-03-31T19:57:30.276+0800: 1502.289: [dirty klass scan, 0.0012273 secs], 0.0631223 secs]2024-03-31T19:57:30.278+0800: 1502.291: [weak refs processing, 0.0001374 secs]2024-03-31T19:57:30.278+0800: 1502.291: [class unloading, 0.0114650 secs]2024-03-31T19:57:30.290+0800: 1502.303: [scrub symbol table, 0.0095976 secs]2024-03-31T19:57:30.299+0800: 1502.313: [scrub string table, 0.0004974 secs][1 CMS-remark: 63K(64K)] 89302K(118016K), 0.0884340 secs] [Times: user=0.09 sys=0.00, real=0.08 secs] 
2024-03-31T19:57:30.303+0800: 1502.316: [CMS-concurrent-sweep-start]
2024-03-31T19:57:30.303+0800: 1502.317: [CMS-concurrent-sweep: 0.000/0.000 secs] [Times: user=0.00 sys=0.00, real=0.00 secs] 
2024-03-31T19:57:30.304+0800: 1502.317: [CMS-concurrent-reset-start]
2024-03-31T19:57:30.304+0800: 1502.317: [CMS-concurrent-reset: 0.000/0.000 secs] [Times: user=0.00 sys=0.00, real=0.00 secs] 
2024-03-31T19:57:32.314+0800: 1504.327: [GC (CMS Initial Mark) [1 CMS-initial-mark: 63K(64K)] 89501K(118016K), 0.0897150 secs] [Times: user=0.09 sys=0.00, real=0.09 secs] 
2024-03-31T19:57:32.405+0800: 1504.418: [CMS-concurrent-mark-start]
2024-03-31T19:57:32.405+0800: 1504.419: [CMS-concurrent-mark: 0.000/0.000 secs] [Times: user=0.00 sys=0.00, real=0.00 secs] 
2024-03-31T19:57:32.407+0800: 1504.420: [CMS-concurrent-preclean-start]
2024-03-31T19:57:32.409+0800: 1504.422: [CMS-concurrent-preclean: 0.001/0.001 secs] [Times: user=0.01 sys=0.00, real=0.00 secs] 
2024-03-31T19:57:32.410+0800: 1504.423: [CMS-concurrent-abortable-preclean-start]
2024-03-31T19:57:32.411+0800: 1504.424: [CMS-concurrent-abortable-preclean: 0.000/0.000 secs] [Times: user=0.00 sys=0.00, real=0.00 secs] 
2024-03-31T19:57:32.412+0800: 1504.425: [GC (CMS Final Remark) [YG occupancy: 89437 K (117952 K)]2024-03-31T19:57:32.412+0800: 1504.425: [Rescan (non-parallel) 2024-03-31T19:57:32.412+0800: 1504.425: [grey object rescan, 0.0001035 secs]2024-03-31T19:57:32.412+0800: 1504.426: [root rescan, 0.0609787 secs]2024-03-31T19:57:32.474+0800: 1504.487: [visit unhandled CLDs, 0.0001558 secs]2024-03-31T19:57:32.474+0800: 1504.487: [dirty klass scan, 0.0012081 secs], 0.0630765 secs]2024-03-31T19:57:32.475+0800: 1504.488: [weak refs processing, 0.0001657 secs]2024-03-31T19:57:32.476+0800: 1504.489: [class unloading, 0.0119116 secs]2024-03-31T19:57:32.488+0800: 1504.501: [scrub symbol table, 0.0096417 secs]2024-03-31T19:57:32.497+0800: 1504.511: [scrub string table, 0.0005012 secs][1 CMS-remark: 63K(64K)] 89501K(118016K), 0.0888735 secs] [Times: user=0.09 sys=0.00, real=0.09 secs] 
2024-03-31T19:57:32.501+0800: 1504.515: [CMS-concurrent-sweep-start]
2024-03-31T19:57:32.502+0800: 1504.515: [CMS-concurrent-sweep: 0.000/0.000 secs] [Times: user=0.00 sys=0.00, real=0.00 secs] 
2024-03-31T19:57:32.503+0800: 1504.516: [CMS-concurrent-reset-start]
2024-03-31T19:57:32.503+0800: 1504.516: [CMS-concurrent-reset: 0.000/0.000 secs] [Times: user=0.00 sys=0.00, real=0.00 secs] 
2024-03-31T19:57:34.505+0800: 1506.518: [GC (CMS Initial Mark) [1 CMS-initial-mark: 63K(64K)] 89795K(118016K), 0.0726166 secs] [Times: user=0.07 sys=0.00, real=0.07 secs] 
2024-03-31T19:57:34.578+0800: 1506.592: [CMS-concurrent-mark-start]
2024-03-31T19:57:34.579+0800: 1506.592: [CMS-concurrent-mark: 0.000/0.000 secs] [Times: user=0.00 sys=0.00, real=0.00 secs] 
2024-03-31T19:57:34.580+0800: 1506.593: [CMS-concurrent-preclean-start]
2024-03-31T19:57:34.582+0800: 1506.595: [CMS-concurrent-preclean: 0.001/0.001 secs] [Times: user=0.00 sys=0.00, real=0.00 secs] 
2024-03-31T19:57:34.583+0800: 1506.596: [CMS-concurrent-abortable-preclean-start]
2024-03-31T19:57:34.584+0800: 1506.597: [CMS-concurrent-abortable-preclean: 0.000/0.000 secs] [Times: user=0.01 sys=0.00, real=0.00 secs] 
2024-03-31T19:57:34.585+0800: 1506.598: [GC (CMS Final Remark) [YG occupancy: 89731 K (117952 K)]2024-03-31T19:57:34.585+0800: 1506.598: [Rescan (non-parallel) 2024-03-31T19:57:34.585+0800: 1506.598: [grey object rescan, 0.0001115 secs]2024-03-31T19:57:34.585+0800: 1506.598: [root rescan, 0.0689174 secs]2024-03-31T19:57:34.655+0800: 1506.668: [visit unhandled CLDs, 0.0005799 secs]2024-03-31T19:57:34.656+0800: 1506.669: [dirty klass scan, 0.0023206 secs], 0.0736252 secs]2024-03-31T19:57:34.659+0800: 1506.672: [weak refs processing, 0.0002335 secs]2024-03-31T19:57:34.659+0800: 1506.672: [class unloading, 0.0142242 secs]2024-03-31T19:57:34.674+0800: 1506.687: [scrub symbol table, 0.0143205 secs]2024-03-31T19:57:34.688+0800: 1506.701: [scrub string table, 0.0006019 secs][1 CMS-remark: 63K(64K)] 89795K(118016K), 0.1076207 secs] [Times: user=0.10 sys=0.00, real=0.10 secs] 
2024-03-31T19:57:34.693+0800: 1506.706: [CMS-concurrent-sweep-start]
2024-03-31T19:57:34.694+0800: 1506.707: [CMS-concurrent-sweep: 0.000/0.000 secs] [Times: user=0.00 sys=0.00, real=0.00 secs] 
2024-03-31T19:57:34.696+0800: 1506.709: [CMS-concurrent-reset-start]
2024-03-31T19:57:34.697+0800: 1506.710: [CMS-concurrent-reset: 0.000/0.000 secs] [Times: user=0.00 sys=0.00, real=0.00 secs] 
2024-03-31T19:57:36.705+0800: 1508.719: [GC (CMS Initial Mark) [1 CMS-initial-mark: 63K(64K)] 90094K(118016K), 0.1013211 secs] [Times: user=0.10 sys=0.00, real=0.10 secs] 
2024-03-31T19:57:36.808+0800: 1508.821: [CMS-concurrent-mark-start]
2024-03-31T19:57:36.808+0800: 1508.822: [CMS-concurrent-mark: 0.000/0.000 secs] [Times: user=0.00 sys=0.00, real=0.00 secs] 
2024-03-31T19:57:36.810+0800: 1508.823: [CMS-concurrent-preclean-start]
2024-03-31T19:57:36.812+0800: 1508.825: [CMS-concurrent-preclean: 0.001/0.001 secs] [Times: user=0.01 sys=0.00, real=0.00 secs] 
2024-03-31T19:57:36.812+0800: 1508.826: [CMS-concurrent-abortable-preclean-start]
2024-03-31T19:57:36.813+0800: 1508.826: [CMS-concurrent-abortable-preclean: 0.000/0.000 secs] [Times: user=0.00 sys=0.00, real=0.00 secs] 
2024-03-31T19:57:36.813+0800: 1508.826: [GC (CMS Final Remark) [YG occupancy: 90031 K (117952 K)]2024-03-31T19:57:36.814+0800: 1508.827: [Rescan (non-parallel) 2024-03-31T19:57:36.814+0800: 1508.827: [grey object rescan, 0.0001142 secs]2024-03-31T19:57:36.814+0800: 1508.827: [root rescan, 0.0616849 secs]2024-03-31T19:57:36.876+0800: 1508.889: [visit unhandled CLDs, 0.0001346 secs]2024-03-31T19:57:36.876+0800: 1508.889: [dirty klass scan, 0.0011767 secs], 0.0637750 secs]2024-03-31T19:57:36.877+0800: 1508.890: [weak refs processing, 0.0001348 secs]2024-03-31T19:57:36.878+0800: 1508.891: [class unloading, 0.0118050 secs]2024-03-31T19:57:36.890+0800: 1508.903: [scrub symbol table, 0.0096787 secs]2024-03-31T19:57:36.900+0800: 1508.913: [scrub string table, 0.0005152 secs][1 CMS-remark: 63K(64K)] 90094K(118016K), 0.0895524 secs] [Times: user=0.08 sys=0.00, real=0.09 secs] 
2024-03-31T19:57:36.903+0800: 1508.917: [CMS-concurrent-sweep-start]
2024-03-31T19:57:36.904+0800: 1508.917: [CMS-concurrent-sweep: 0.000/0.000 secs] [Times: user=0.00 sys=0.00, real=0.00 secs] 
2024-03-31T19:57:36.904+0800: 1508.917: [CMS-concurrent-reset-start]
2024-03-31T19:57:36.904+0800: 1508.918: [CMS-concurrent-reset: 0.000/0.000 secs] [Times: user=0.00 sys=0.00, real=0.01 secs] 
2024-03-31T19:57:38.913+0800: 1510.926: [GC (CMS Initial Mark) [1 CMS-initial-mark: 63K(64K)] 90352K(118016K), 0.1040653 secs] [Times: user=0.10 sys=0.00, real=0.11 secs] 
2024-03-31T19:57:39.018+0800: 1511.031: [CMS-concurrent-mark-start]
2024-03-31T19:57:39.018+0800: 1511.032: [CMS-concurrent-mark: 0.000/0.000 secs] [Times: user=0.00 sys=0.00, real=0.00 secs] 
2024-03-31T19:57:39.020+0800: 1511.033: [CMS-concurrent-preclean-start]
2024-03-31T19:57:39.022+0800: 1511.035: [CMS-concurrent-preclean: 0.001/0.001 secs] [Times: user=0.00 sys=0.00, real=0.00 secs] 
2024-03-31T19:57:39.023+0800: 1511.036: [CMS-concurrent-abortable-preclean-start]
2024-03-31T19:57:39.023+0800: 1511.036: [CMS-concurrent-abortable-preclean: 0.000/0.000 secs] [Times: user=0.00 sys=0.00, real=0.00 secs] 
2024-03-31T19:57:39.024+0800: 1511.037: [GC (CMS Final Remark) [YG occupancy: 90290 K (117952 K)]2024-03-31T19:57:39.024+0800: 1511.037: [Rescan (non-parallel) 2024-03-31T19:57:39.024+0800: 1511.037: [grey object rescan, 0.0001000 secs]2024-03-31T19:57:39.024+0800: 1511.038: [root rescan, 0.0639810 secs]2024-03-31T19:57:39.089+0800: 1511.102: [visit unhandled CLDs, 0.0001583 secs]2024-03-31T19:57:39.089+0800: 1511.102: [dirty klass scan, 0.0014897 secs], 0.0664124 secs]2024-03-31T19:57:39.091+0800: 1511.104: [weak refs processing, 0.0001589 secs]2024-03-31T19:57:39.091+0800: 1511.104: [class unloading, 0.0119965 secs]2024-03-31T19:57:39.103+0800: 1511.116: [scrub symbol table, 0.0112293 secs]2024-03-31T19:57:39.115+0800: 1511.128: [scrub string table, 0.0005178 secs][1 CMS-remark: 63K(64K)] 90354K(118016K), 0.0942300 secs] [Times: user=0.09 sys=0.00, real=0.10 secs] 
2024-03-31T19:57:39.119+0800: 1511.132: [CMS-concurrent-sweep-start]
2024-03-31T19:57:39.119+0800: 1511.132: [CMS-concurrent-sweep: 0.000/0.000 secs] [Times: user=0.00 sys=0.00, real=0.00 secs] 
2024-03-31T19:57:39.120+0800: 1511.133: [CMS-concurrent-reset-start]
2024-03-31T19:57:39.121+0800: 1511.134: [CMS-concurrent-reset: 0.000/0.000 secs] [Times: user=0.00 sys=0.00, real=0.00 secs] 
2024-03-31T19:57:41.129+0800: 1513.142: [GC (CMS Initial Mark) [1 CMS-initial-mark: 63K(64K)] 90679K(118016K), 0.0824458 secs] [Times: user=0.08 sys=0.00, real=0.08 secs] 
2024-03-31T19:57:41.212+0800: 1513.225: [CMS-concurrent-mark-start]
2024-03-31T19:57:41.213+0800: 1513.226: [CMS-concurrent-mark: 0.000/0.000 secs] [Times: user=0.00 sys=0.00, real=0.00 secs] 
2024-03-31T19:57:41.214+0800: 1513.227: [CMS-concurrent-preclean-start]
2024-03-31T19:57:41.217+0800: 1513.230: [CMS-concurrent-preclean: 0.002/0.002 secs] [Times: user=0.01 sys=0.00, real=0.01 secs] 
2024-03-31T19:57:41.218+0800: 1513.231: [CMS-concurrent-abortable-preclean-start]
2024-03-31T19:57:41.220+0800: 1513.233: [CMS-concurrent-abortable-preclean: 0.000/0.000 secs] [Times: user=0.00 sys=0.00, real=0.00 secs] 
2024-03-31T19:57:41.222+0800: 1513.235: [GC (CMS Final Remark) [YG occupancy: 90618 K (117952 K)]2024-03-31T19:57:41.222+0800: 1513.235: [Rescan (non-parallel) 2024-03-31T19:57:41.222+0800: 1513.235: [grey object rescan, 0.0001186 secs]2024-03-31T19:57:41.223+0800: 1513.236: [root rescan, 0.0666273 secs]2024-03-31T19:57:41.290+0800: 1513.303: [visit unhandled CLDs, 0.0002569 secs]2024-03-31T19:57:41.290+0800: 1513.303: [dirty klass scan, 0.0014228 secs], 0.0692555 secs]2024-03-31T19:57:41.292+0800: 1513.305: [weak refs processing, 0.0001478 secs]2024-03-31T19:57:41.292+0800: 1513.305: [class unloading, 0.0128682 secs]2024-03-31T19:57:41.305+0800: 1513.318: [scrub symbol table, 0.0123006 secs]2024-03-31T19:57:41.318+0800: 1513.331: [scrub string table, 0.0005820 secs][1 CMS-remark: 63K(64K)] 90682K(118016K), 0.0993732 secs] [Times: user=0.10 sys=0.00, real=0.10 secs] 
2024-03-31T19:57:41.322+0800: 1513.335: [CMS-concurrent-sweep-start]
2024-03-31T19:57:41.323+0800: 1513.336: [CMS-concurrent-sweep: 0.000/0.000 secs] [Times: user=0.00 sys=0.00, real=0.00 secs] 
2024-03-31T19:57:41.325+0800: 1513.338: [CMS-concurrent-reset-start]
2024-03-31T19:57:41.326+0800: 1513.339: [CMS-concurrent-reset: 0.000/0.000 secs] [Times: user=0.00 sys=0.00, real=0.01 secs] 
2024-03-31T19:57:43.339+0800: 1515.352: [GC (CMS Initial Mark) [1 CMS-initial-mark: 63K(64K)] 90872K(118016K), 0.1007399 secs] [Times: user=0.10 sys=0.00, real=0.10 secs] 
2024-03-31T19:57:43.441+0800: 1515.454: [CMS-concurrent-mark-start]
2024-03-31T19:57:43.441+0800: 1515.454: [CMS-concurrent-mark: 0.000/0.000 secs] [Times: user=0.00 sys=0.00, real=0.00 secs] 
2024-03-31T19:57:43.442+0800: 1515.455: [CMS-concurrent-preclean-start]
2024-03-31T19:57:43.444+0800: 1515.457: [CMS-concurrent-preclean: 0.001/0.001 secs] [Times: user=0.01 sys=0.00, real=0.00 secs] 
2024-03-31T19:57:43.445+0800: 1515.458: [CMS-concurrent-abortable-preclean-start]
2024-03-31T19:57:43.446+0800: 1515.459: [CMS-concurrent-abortable-preclean: 0.000/0.000 secs] [Times: user=0.00 sys=0.00, real=0.01 secs] 
2024-03-31T19:57:43.448+0800: 1515.461: [GC (CMS Final Remark) [YG occupancy: 90854 K (117952 K)]2024-03-31T19:57:43.448+0800: 1515.461: [Rescan (non-parallel) 2024-03-31T19:57:43.448+0800: 1515.461: [grey object rescan, 0.0001610 secs]2024-03-31T19:57:43.448+0800: 1515.461: [root rescan, 0.0634293 secs]2024-03-31T19:57:43.512+0800: 1515.525: [visit unhandled CLDs, 0.0001476 secs]2024-03-31T19:57:43.512+0800: 1515.525: [dirty klass scan, 0.0014158 secs], 0.0657890 secs]2024-03-31T19:57:43.514+0800: 1515.527: [weak refs processing, 0.0001323 secs]2024-03-31T19:57:43.514+0800: 1515.527: [class unloading, 0.0140235 secs]2024-03-31T19:57:43.528+0800: 1515.542: [scrub symbol table, 0.0113822 secs]2024-03-31T19:57:43.540+0800: 1515.553: [scrub string table, 0.0007845 secs][1 CMS-remark: 63K(64K)] 90918K(118016K), 0.0961412 secs] [Times: user=0.10 sys=0.00, real=0.09 secs] 
2024-03-31T19:57:43.545+0800: 1515.558: [CMS-concurrent-sweep-start]
2024-03-31T19:57:43.545+0800: 1515.559: [CMS-concurrent-sweep: 0.000/0.000 secs] [Times: user=0.00 sys=0.00, real=0.00 secs] 
2024-03-31T19:57:43.547+0800: 1515.561: [CMS-concurrent-reset-start]
2024-03-31T19:57:43.548+0800: 1515.561: [CMS-concurrent-reset: 0.000/0.000 secs] [Times: user=0.00 sys=0.00, real=0.00 secs] 
2024-03-31T19:57:45.558+0800: 1517.571: [GC (CMS Initial Mark) [1 CMS-initial-mark: 63K(64K)] 91200K(118016K), 0.1140836 secs] [Times: user=0.11 sys=0.00, real=0.11 secs] 
2024-03-31T19:57:45.673+0800: 1517.686: [CMS-concurrent-mark-start]
2024-03-31T19:57:45.674+0800: 1517.687: [CMS-concurrent-mark: 0.000/0.000 secs] [Times: user=0.01 sys=0.00, real=0.00 secs] 
2024-03-31T19:57:45.675+0800: 1517.688: [CMS-concurrent-preclean-start]
2024-03-31T19:57:45.677+0800: 1517.690: [CMS-concurrent-preclean: 0.001/0.001 secs] [Times: user=0.00 sys=0.00, real=0.00 secs] 
2024-03-31T19:57:45.678+0800: 1517.691: [CMS-concurrent-abortable-preclean-start]
2024-03-31T19:57:45.679+0800: 1517.692: [CMS-concurrent-abortable-preclean: 0.000/0.000 secs] [Times: user=0.00 sys=0.00, real=0.00 secs] 
2024-03-31T19:57:45.680+0800: 1517.693: [GC (CMS Final Remark) [YG occupancy: 91136 K (117952 K)]2024-03-31T19:57:45.680+0800: 1517.693: [Rescan (non-parallel) 2024-03-31T19:57:45.680+0800: 1517.693: [grey object rescan, 0.0001014 secs]2024-03-31T19:57:45.680+0800: 1517.693: [root rescan, 0.0626494 secs]2024-03-31T19:57:45.743+0800: 1517.756: [visit unhandled CLDs, 0.0001688 secs]2024-03-31T19:57:45.743+0800: 1517.756: [dirty klass scan, 0.0012231 secs], 0.0647993 secs]2024-03-31T19:57:45.745+0800: 1517.758: [weak refs processing, 0.0001695 secs]2024-03-31T19:57:45.745+0800: 1517.758: [class unloading, 0.0163585 secs]2024-03-31T19:57:45.762+0800: 1517.775: [scrub symbol table, 0.0117376 secs]2024-03-31T19:57:45.773+0800: 1517.787: [scrub string table, 0.0005937 secs][1 CMS-remark: 63K(64K)] 91200K(118016K), 0.0973107 secs] [Times: user=0.10 sys=0.00, real=0.10 secs] 
2024-03-31T19:57:45.777+0800: 1517.790: [CMS-concurrent-sweep-start]
2024-03-31T19:57:45.777+0800: 1517.791: [CMS-concurrent-sweep: 0.000/0.000 secs] [Times: user=0.00 sys=0.00, real=0.00 secs] 
2024-03-31T19:57:45.778+0800: 1517.791: [CMS-concurrent-reset-start]
2024-03-31T19:57:45.778+0800: 1517.791: [CMS-concurrent-reset: 0.000/0.000 secs] [Times: user=0.00 sys=0.00, real=0.00 secs] 
2024-03-31T19:57:47.785+0800: 1519.799: [GC (CMS Initial Mark) [1 CMS-initial-mark: 63K(64K)] 91399K(118016K), 0.1059900 secs] [Times: user=0.11 sys=0.00, real=0.10 secs] 
2024-03-31T19:57:47.893+0800: 1519.906: [CMS-concurrent-mark-start]
2024-03-31T19:57:47.893+0800: 1519.906: [CMS-concurrent-mark: 0.000/0.000 secs] [Times: user=0.00 sys=0.00, real=0.00 secs] 
2024-03-31T19:57:47.894+0800: 1519.907: [CMS-concurrent-preclean-start]
2024-03-31T19:57:47.897+0800: 1519.910: [CMS-concurrent-preclean: 0.002/0.002 secs] [Times: user=0.00 sys=0.00, real=0.01 secs] 
2024-03-31T19:57:47.897+0800: 1519.910: [CMS-concurrent-abortable-preclean-start]
2024-03-31T19:57:47.897+0800: 1519.910: [CMS-concurrent-abortable-preclean: 0.000/0.000 secs] [Times: user=0.00 sys=0.00, real=0.00 secs] 
2024-03-31T19:57:47.899+0800: 1519.912: [GC (CMS Final Remark) [YG occupancy: 91335 K (117952 K)]2024-03-31T19:57:47.899+0800: 1519.912: [Rescan (non-parallel) 2024-03-31T19:57:47.899+0800: 1519.912: [grey object rescan, 0.0001616 secs]2024-03-31T19:57:47.899+0800: 1519.912: [root rescan, 0.0647899 secs]2024-03-31T19:57:47.964+0800: 1519.977: [visit unhandled CLDs, 0.0001881 secs]2024-03-31T19:57:47.964+0800: 1519.978: [dirty klass scan, 0.0013933 secs], 0.0672000 secs]2024-03-31T19:57:47.966+0800: 1519.979: [weak refs processing, 0.0001659 secs]2024-03-31T19:57:47.966+0800: 1519.979: [class unloading, 0.0209224 secs]2024-03-31T19:57:47.987+0800: 1520.001: [scrub symbol table, 0.0133728 secs]2024-03-31T19:57:48.001+0800: 1520.014: [scrub string table, 0.0005697 secs][1 CMS-remark: 63K(64K)] 91399K(118016K), 0.1060086 secs] [Times: user=0.11 sys=0.00, real=0.11 secs] 
2024-03-31T19:57:48.006+0800: 1520.019: [CMS-concurrent-sweep-start]
2024-03-31T19:57:48.006+0800: 1520.019: [CMS-concurrent-sweep: 0.000/0.000 secs] [Times: user=0.00 sys=0.00, real=0.00 secs] 
2024-03-31T19:57:48.008+0800: 1520.021: [CMS-concurrent-reset-start]
2024-03-31T19:57:48.009+0800: 1520.022: [CMS-concurrent-reset: 0.000/0.000 secs] [Times: user=0.00 sys=0.00, real=0.00 secs] 
2024-03-31T19:57:50.011+0800: 1522.024: [GC (CMS Initial Mark) [1 CMS-initial-mark: 63K(64K)] 91538K(118016K), 0.0613026 secs] [Times: user=0.06 sys=0.00, real=0.06 secs] 
2024-03-31T19:57:50.073+0800: 1522.086: [CMS-concurrent-mark-start]
2024-03-31T19:57:50.073+0800: 1522.087: [CMS-concurrent-mark: 0.000/0.000 secs] [Times: user=0.01 sys=0.00, real=0.00 secs] 
2024-03-31T19:57:50.075+0800: 1522.088: [CMS-concurrent-preclean-start]
2024-03-31T19:57:50.077+0800: 1522.090: [CMS-concurrent-preclean: 0.001/0.001 secs] [Times: user=0.00 sys=0.00, real=0.01 secs] 
2024-03-31T19:57:50.078+0800: 1522.091: [CMS-concurrent-abortable-preclean-start]
2024-03-31T19:57:50.078+0800: 1522.091: [CMS-concurrent-abortable-preclean: 0.000/0.000 secs] [Times: user=0.00 sys=0.00, real=0.00 secs] 
2024-03-31T19:57:50.079+0800: 1522.092: [GC (CMS Final Remark) [YG occupancy: 91474 K (117952 K)]2024-03-31T19:57:50.079+0800: 1522.092: [Rescan (non-parallel) 2024-03-31T19:57:50.079+0800: 1522.092: [grey object rescan, 0.0001038 secs]2024-03-31T19:57:50.079+0800: 1522.092: [root rescan, 0.0645072 secs]2024-03-31T19:57:50.144+0800: 1522.157: [visit unhandled CLDs, 0.0001810 secs]2024-03-31T19:57:50.144+0800: 1522.157: [dirty klass scan, 0.0014365 secs], 0.0668678 secs]2024-03-31T19:57:50.146+0800: 1522.159: [weak refs processing, 0.0001412 secs]2024-03-31T19:57:50.146+0800: 1522.159: [class unloading, 0.0128085 secs]2024-03-31T19:57:50.159+0800: 1522.172: [scrub symbol table, 0.0101677 secs]2024-03-31T19:57:50.169+0800: 1522.182: [scrub string table, 0.0005390 secs][1 CMS-remark: 63K(64K)] 91538K(118016K), 0.0943100 secs] [Times: user=0.09 sys=0.00, real=0.09 secs] 
2024-03-31T19:57:50.173+0800: 1522.187: [CMS-concurrent-sweep-start]
2024-03-31T19:57:50.174+0800: 1522.187: [CMS-concurrent-sweep: 0.000/0.000 secs] [Times: user=0.00 sys=0.00, real=0.00 secs] 
2024-03-31T19:57:50.174+0800: 1522.187: [CMS-concurrent-reset-start]
2024-03-31T19:57:50.174+0800: 1522.187: [CMS-concurrent-reset: 0.000/0.000 secs] [Times: user=0.00 sys=0.00, real=0.00 secs] 
2024-03-31T19:57:52.184+0800: 1524.197: [GC (CMS Initial Mark) [1 CMS-initial-mark: 63K(64K)] 91923K(118016K), 0.1047844 secs] [Times: user=0.10 sys=0.00, real=0.11 secs] 
2024-03-31T19:57:52.290+0800: 1524.303: [CMS-concurrent-mark-start]
2024-03-31T19:57:52.290+0800: 1524.304: [CMS-concurrent-mark: 0.000/0.000 secs] [Times: user=0.00 sys=0.00, real=0.00 secs] 
2024-03-31T19:57:52.291+0800: 1524.304: [CMS-concurrent-preclean-start]
2024-03-31T19:57:52.293+0800: 1524.306: [CMS-concurrent-preclean: 0.001/0.001 secs] [Times: user=0.01 sys=0.01, real=0.00 secs] 
2024-03-31T19:57:52.294+0800: 1524.307: [CMS-concurrent-abortable-preclean-start]
2024-03-31T19:57:52.295+0800: 1524.308: [CMS-concurrent-abortable-preclean: 0.000/0.000 secs] [Times: user=0.00 sys=0.00, real=0.01 secs] 
2024-03-31T19:57:52.296+0800: 1524.309: [GC (CMS Final Remark) [YG occupancy: 91860 K (117952 K)]2024-03-31T19:57:52.296+0800: 1524.309: [Rescan (non-parallel) 2024-03-31T19:57:52.296+0800: 1524.310: [grey object rescan, 0.0001492 secs]2024-03-31T19:57:52.297+0800: 1524.310: [root rescan, 0.0642111 secs]2024-03-31T19:57:52.361+0800: 1524.374: [visit unhandled CLDs, 0.0001577 secs]2024-03-31T19:57:52.361+0800: 1524.375: [dirty klass scan, 0.0012555 secs], 0.0664154 secs]2024-03-31T19:57:52.363+0800: 1524.376: [weak refs processing, 0.0001429 secs]2024-03-31T19:57:52.363+0800: 1524.376: [class unloading, 0.0131377 secs]2024-03-31T19:57:52.377+0800: 1524.390: [scrub symbol table, 0.0099867 secs]2024-03-31T19:57:52.387+0800: 1524.400: [scrub string table, 0.0005145 secs][1 CMS-remark: 63K(64K)] 91923K(118016K), 0.0938488 secs] [Times: user=0.09 sys=0.00, real=0.09 secs] 
2024-03-31T19:57:52.391+0800: 1524.404: [CMS-concurrent-sweep-start]
2024-03-31T19:57:52.391+0800: 1524.404: [CMS-concurrent-sweep: 0.000/0.000 secs] [Times: user=0.00 sys=0.00, real=0.00 secs] 
2024-03-31T19:57:52.391+0800: 1524.404: [CMS-concurrent-reset-start]
2024-03-31T19:57:52.391+0800: 1524.404: [CMS-concurrent-reset: 0.000/0.000 secs] [Times: user=0.00 sys=0.00, real=0.00 secs] 
2024-03-31T19:57:54.396+0800: 1526.410: [GC (CMS Initial Mark) [1 CMS-initial-mark: 63K(64K)] 92103K(118016K), 0.1143570 secs] [Times: user=0.11 sys=0.00, real=0.11 secs] 
2024-03-31T19:57:54.512+0800: 1526.525: [CMS-concurrent-mark-start]
2024-03-31T19:57:54.513+0800: 1526.526: [CMS-concurrent-mark: 0.000/0.000 secs] [Times: user=0.00 sys=0.00, real=0.00 secs] 
2024-03-31T19:57:54.514+0800: 1526.527: [CMS-concurrent-preclean-start]
2024-03-31T19:57:54.516+0800: 1526.530: [CMS-concurrent-preclean: 0.002/0.002 secs] [Times: user=0.00 sys=0.00, real=0.01 secs] 
2024-03-31T19:57:54.518+0800: 1526.531: [CMS-concurrent-abortable-preclean-start]
2024-03-31T19:57:54.519+0800: 1526.532: [CMS-concurrent-abortable-preclean: 0.000/0.000 secs] [Times: user=0.00 sys=0.00, real=0.00 secs] 
2024-03-31T19:57:54.520+0800: 1526.533: [GC (CMS Final Remark) [YG occupancy: 92045 K (117952 K)]2024-03-31T19:57:54.520+0800: 1526.533: [Rescan (non-parallel) 2024-03-31T19:57:54.520+0800: 1526.533: [grey object rescan, 0.0001113 secs]2024-03-31T19:57:54.521+0800: 1526.534: [root rescan, 0.0664073 secs]2024-03-31T19:57:54.587+0800: 1526.600: [visit unhandled CLDs, 0.0001993 secs]2024-03-31T19:57:54.588+0800: 1526.601: [dirty klass scan, 0.0014958 secs], 0.0690813 secs]2024-03-31T19:57:54.589+0800: 1526.603: [weak refs processing, 0.0001714 secs]2024-03-31T19:57:54.590+0800: 1526.603: [class unloading, 0.0140680 secs]2024-03-31T19:57:54.604+0800: 1526.617: [scrub symbol table, 0.0100028 secs]2024-03-31T19:57:54.614+0800: 1526.627: [scrub string table, 0.0005537 secs][1 CMS-remark: 63K(64K)] 92109K(118016K), 0.0980531 secs] [Times: user=0.10 sys=0.00, real=0.10 secs] 
2024-03-31T19:57:54.619+0800: 1526.632: [CMS-concurrent-sweep-start]
2024-03-31T19:57:54.620+0800: 1526.633: [CMS-concurrent-sweep: 0.000/0.000 secs] [Times: user=0.00 sys=0.00, real=0.00 secs] 
2024-03-31T19:57:54.622+0800: 1526.635: [CMS-concurrent-reset-start]
2024-03-31T19:57:54.623+0800: 1526.636: [CMS-concurrent-reset: 0.000/0.000 secs] [Times: user=0.00 sys=0.00, real=0.00 secs] 
2024-03-31T19:57:56.632+0800: 1528.645: [GC (CMS Initial Mark) [1 CMS-initial-mark: 63K(64K)] 92445K(118016K), 0.0742730 secs] [Times: user=0.07 sys=0.00, real=0.08 secs] 
2024-03-31T19:57:56.707+0800: 1528.721: [CMS-concurrent-mark-start]
2024-03-31T19:57:56.708+0800: 1528.721: [CMS-concurrent-mark: 0.000/0.000 secs] [Times: user=0.00 sys=0.01, real=0.00 secs] 
2024-03-31T19:57:56.712+0800: 1528.725: [CMS-concurrent-preclean-start]
2024-03-31T19:57:56.716+0800: 1528.729: [CMS-concurrent-preclean: 0.002/0.002 secs] [Times: user=0.01 sys=0.00, real=0.01 secs] 
2024-03-31T19:57:56.718+0800: 1528.731: [CMS-concurrent-abortable-preclean-start]
2024-03-31T19:57:56.718+0800: 1528.731: [CMS-concurrent-abortable-preclean: 0.000/0.000 secs] [Times: user=0.00 sys=0.00, real=0.00 secs] 
2024-03-31T19:57:56.721+0800: 1528.734: [GC (CMS Final Remark) [YG occupancy: 92381 K (117952 K)]2024-03-31T19:57:56.721+0800: 1528.734: [Rescan (non-parallel) 2024-03-31T19:57:56.722+0800: 1528.735: [grey object rescan, 0.0001838 secs]2024-03-31T19:57:56.722+0800: 1528.735: [root rescan, 0.0695909 secs]2024-03-31T19:57:56.792+0800: 1528.805: [visit unhandled CLDs, 0.0001310 secs]2024-03-31T19:57:56.792+0800: 1528.805: [dirty klass scan, 0.0018222 secs], 0.0725237 secs]2024-03-31T19:57:56.794+0800: 1528.807: [weak refs processing, 0.0002043 secs]2024-03-31T19:57:56.794+0800: 1528.807: [class unloading, 0.0363952 secs]2024-03-31T19:57:56.831+0800: 1528.844: [scrub symbol table, 0.0134535 secs]2024-03-31T19:57:56.845+0800: 1528.858: [scrub string table, 0.0006410 secs][1 CMS-remark: 63K(64K)] 92445K(118016K), 0.1272919 secs] [Times: user=0.13 sys=0.00, real=0.13 secs] 
2024-03-31T19:57:56.849+0800: 1528.862: [CMS-concurrent-sweep-start]
2024-03-31T19:57:56.851+0800: 1528.864: [CMS-concurrent-sweep: 0.000/0.000 secs] [Times: user=0.00 sys=0.00, real=0.00 secs] 
2024-03-31T19:57:56.855+0800: 1528.869: [CMS-concurrent-reset-start]
2024-03-31T19:57:56.856+0800: 1528.870: [CMS-concurrent-reset: 0.000/0.000 secs] [Times: user=0.00 sys=0.00, real=0.01 secs] 
2024-03-31T19:57:58.864+0800: 1530.877: [GC (CMS Initial Mark) [1 CMS-initial-mark: 63K(64K)] 92549K(118016K), 0.1103404 secs] [Times: user=0.11 sys=0.00, real=0.12 secs] 
2024-03-31T19:57:58.975+0800: 1530.988: [CMS-concurrent-mark-start]
2024-03-31T19:57:58.976+0800: 1530.989: [CMS-concurrent-mark: 0.000/0.000 secs] [Times: user=0.00 sys=0.00, real=0.00 secs] 
2024-03-31T19:57:58.977+0800: 1530.990: [CMS-concurrent-preclean-start]
2024-03-31T19:57:58.979+0800: 1530.992: [CMS-concurrent-preclean: 0.001/0.001 secs] [Times: user=0.00 sys=0.00, real=0.00 secs] 
2024-03-31T19:57:58.980+0800: 1530.993: [CMS-concurrent-abortable-preclean-start]
2024-03-31T19:57:58.980+0800: 1530.994: [CMS-concurrent-abortable-preclean: 0.000/0.000 secs] [Times: user=0.00 sys=0.00, real=0.00 secs] 
2024-03-31T19:57:58.982+0800: 1530.995: [GC (CMS Final Remark) [YG occupancy: 92485 K (117952 K)]2024-03-31T19:57:58.982+0800: 1530.995: [Rescan (non-parallel) 2024-03-31T19:57:58.982+0800: 1530.996: [grey object rescan, 0.0000837 secs]2024-03-31T19:57:58.983+0800: 1530.996: [root rescan, 0.0657154 secs]2024-03-31T19:57:59.049+0800: 1531.062: [visit unhandled CLDs, 0.0001722 secs]2024-03-31T19:57:59.049+0800: 1531.062: [dirty klass scan, 0.0014180 secs], 0.0679315 secs]2024-03-31T19:57:59.050+0800: 1531.063: [weak refs processing, 0.0002110 secs]2024-03-31T19:57:59.051+0800: 1531.064: [class unloading, 0.0130769 secs]2024-03-31T19:57:59.064+0800: 1531.077: [scrub symbol table, 0.0120714 secs]2024-03-31T19:57:59.076+0800: 1531.089: [scrub string table, 0.0005693 secs][1 CMS-remark: 63K(64K)] 92549K(118016K), 0.0977200 secs] [Times: user=0.10 sys=0.00, real=0.10 secs] 
2024-03-31T19:57:59.081+0800: 1531.094: [CMS-concurrent-sweep-start]
2024-03-31T19:57:59.082+0800: 1531.095: [CMS-concurrent-sweep: 0.000/0.000 secs] [Times: user=0.00 sys=0.00, real=0.00 secs] 
2024-03-31T19:57:59.084+0800: 1531.097: [CMS-concurrent-reset-start]
2024-03-31T19:57:59.085+0800: 1531.098: [CMS-concurrent-reset: 0.000/0.000 secs] [Times: user=0.01 sys=0.00, real=0.01 secs] 
2024-03-31T19:58:01.090+0800: 1533.102: [GC (CMS Initial Mark) [1 CMS-initial-mark: 63K(64K)] 92778K(118016K), 0.0772731 secs] [Times: user=0.08 sys=0.00, real=0.08 secs] 
2024-03-31T19:58:01.168+0800: 1533.179: [CMS-concurrent-mark-start]
2024-03-31T19:58:01.168+0800: 1533.180: [CMS-concurrent-mark: 0.000/0.000 secs] [Times: user=0.00 sys=0.00, real=0.00 secs] 
2024-03-31T19:58:01.169+0800: 1533.180: [CMS-concurrent-preclean-start]
2024-03-31T19:58:01.170+0800: 1533.182: [CMS-concurrent-preclean: 0.001/0.001 secs] [Times: user=0.00 sys=0.00, real=0.00 secs] 
2024-03-31T19:58:01.172+0800: 1533.183: [CMS-concurrent-abortable-preclean-start]
2024-03-31T19:58:01.172+0800: 1533.184: [CMS-concurrent-abortable-preclean: 0.000/0.000 secs] [Times: user=0.01 sys=0.00, real=0.00 secs] 
2024-03-31T19:58:01.173+0800: 1533.185: [GC (CMS Final Remark) [YG occupancy: 92714 K (117952 K)]2024-03-31T19:58:01.173+0800: 1533.185: [Rescan (non-parallel) 2024-03-31T19:58:01.173+0800: 1533.185: [grey object rescan, 0.0000995 secs]2024-03-31T19:58:01.174+0800: 1533.185: [root rescan, 0.0646276 secs]2024-03-31T19:58:01.238+0800: 1533.250: [visit unhandled CLDs, 0.0001105 secs]2024-03-31T19:58:01.239+0800: 1533.250: [dirty klass scan, 0.0012171 secs], 0.0665479 secs]2024-03-31T19:58:01.240+0800: 1533.252: [weak refs processing, 0.0001446 secs]2024-03-31T19:58:01.240+0800: 1533.252: [class unloading, 0.0118169 secs]2024-03-31T19:58:01.252+0800: 1533.264: [scrub symbol table, 0.0099033 secs]2024-03-31T19:58:01.262+0800: 1533.274: [scrub string table, 0.0004788 secs][1 CMS-remark: 63K(64K)] 92778K(118016K), 0.0923988 secs] [Times: user=0.09 sys=0.00, real=0.09 secs] 
2024-03-31T19:58:01.266+0800: 1533.278: [CMS-concurrent-sweep-start]
2024-03-31T19:58:01.267+0800: 1533.278: [CMS-concurrent-sweep: 0.000/0.000 secs] [Times: user=0.00 sys=0.00, real=0.00 secs] 
2024-03-31T19:58:01.267+0800: 1533.279: [CMS-concurrent-reset-start]
2024-03-31T19:58:01.268+0800: 1533.280: [CMS-concurrent-reset: 0.000/0.000 secs] [Times: user=0.00 sys=0.00, real=0.00 secs] 
2024-03-31T19:58:03.275+0800: 1535.287: [GC (CMS Initial Mark) [1 CMS-initial-mark: 63K(64K)] 92989K(118016K), 0.1086204 secs] [Times: user=0.11 sys=0.00, real=0.11 secs] 
2024-03-31T19:58:03.384+0800: 1535.396: [CMS-concurrent-mark-start]
2024-03-31T19:58:03.385+0800: 1535.397: [CMS-concurrent-mark: 0.000/0.000 secs] [Times: user=0.00 sys=0.00, real=0.00 secs] 
2024-03-31T19:58:03.387+0800: 1535.398: [CMS-concurrent-preclean-start]
2024-03-31T19:58:03.389+0800: 1535.400: [CMS-concurrent-preclean: 0.001/0.001 secs] [Times: user=0.01 sys=0.00, real=0.01 secs] 
2024-03-31T19:58:03.390+0800: 1535.402: [CMS-concurrent-abortable-preclean-start]
2024-03-31T19:58:03.390+0800: 1535.402: [CMS-concurrent-abortable-preclean: 0.000/0.000 secs] [Times: user=0.00 sys=0.00, real=0.00 secs] 
2024-03-31T19:58:03.391+0800: 1535.403: [GC (CMS Final Remark) [YG occupancy: 92925 K (117952 K)]2024-03-31T19:58:03.391+0800: 1535.403: [Rescan (non-parallel) 2024-03-31T19:58:03.391+0800: 1535.403: [grey object rescan, 0.0000972 secs]2024-03-31T19:58:03.392+0800: 1535.403: [root rescan, 0.0637312 secs]2024-03-31T19:58:03.456+0800: 1535.467: [visit unhandled CLDs, 0.0002582 secs]2024-03-31T19:58:03.456+0800: 1535.468: [dirty klass scan, 0.0012234 secs], 0.0659032 secs]2024-03-31T19:58:03.457+0800: 1535.469: [weak refs processing, 0.0001358 secs]2024-03-31T19:58:03.458+0800: 1535.469: [class unloading, 0.0117921 secs]2024-03-31T19:58:03.470+0800: 1535.481: [scrub symbol table, 0.0097340 secs]2024-03-31T19:58:03.480+0800: 1535.491: [scrub string table, 0.0005197 secs][1 CMS-remark: 63K(64K)] 92989K(118016K), 0.0917340 secs] [Times: user=0.09 sys=0.00, real=0.09 secs] 
2024-03-31T19:58:03.483+0800: 1535.495: [CMS-concurrent-sweep-start]
2024-03-31T19:58:03.484+0800: 1535.495: [CMS-concurrent-sweep: 0.000/0.000 secs] [Times: user=0.00 sys=0.00, real=0.00 secs] 
2024-03-31T19:58:03.484+0800: 1535.495: [CMS-concurrent-reset-start]
2024-03-31T19:58:03.484+0800: 1535.496: [CMS-concurrent-reset: 0.000/0.000 secs] [Times: user=0.00 sys=0.00, real=0.00 secs] 
2024-03-31T19:58:05.488+0800: 1537.500: [GC (CMS Initial Mark) [1 CMS-initial-mark: 63K(64K)] 93203K(118016K), 0.0792236 secs] [Times: user=0.08 sys=0.00, real=0.08 secs] 
2024-03-31T19:58:05.568+0800: 1537.580: [CMS-concurrent-mark-start]
2024-03-31T19:58:05.569+0800: 1537.581: [CMS-concurrent-mark: 0.000/0.000 secs] [Times: user=0.00 sys=0.00, real=0.00 secs] 
2024-03-31T19:58:05.570+0800: 1537.581: [CMS-concurrent-preclean-start]
2024-03-31T19:58:05.572+0800: 1537.583: [CMS-concurrent-preclean: 0.001/0.001 secs] [Times: user=0.00 sys=0.00, real=0.00 secs] 
2024-03-31T19:58:05.573+0800: 1537.584: [CMS-concurrent-abortable-preclean-start]
2024-03-31T19:58:05.573+0800: 1537.585: [CMS-concurrent-abortable-preclean: 0.000/0.000 secs] [Times: user=0.00 sys=0.00, real=0.00 secs] 
2024-03-31T19:58:05.574+0800: 1537.585: [GC (CMS Final Remark) [YG occupancy: 93139 K (117952 K)]2024-03-31T19:58:05.574+0800: 1537.585: [Rescan (non-parallel) 2024-03-31T19:58:05.574+0800: 1537.586: [grey object rescan, 0.0000972 secs]2024-03-31T19:58:05.574+0800: 1537.586: [root rescan, 0.0641598 secs]2024-03-31T19:58:05.639+0800: 1537.650: [visit unhandled CLDs, 0.0001690 secs]2024-03-31T19:58:05.639+0800: 1537.650: [dirty klass scan, 0.0012783 secs], 0.0664199 secs]2024-03-31T19:58:05.640+0800: 1537.652: [weak refs processing, 0.0001551 secs]2024-03-31T19:58:05.641+0800: 1537.652: [class unloading, 0.0117051 secs]2024-03-31T19:58:05.652+0800: 1537.664: [scrub symbol table, 0.0097440 secs]2024-03-31T19:58:05.662+0800: 1537.674: [scrub string table, 0.0005028 secs][1 CMS-remark: 63K(64K)] 93203K(118016K), 0.0922851 secs] [Times: user=0.09 sys=0.00, real=0.10 secs] 
2024-03-31T19:58:05.666+0800: 1537.678: [CMS-concurrent-sweep-start]
2024-03-31T19:58:05.667+0800: 1537.678: [CMS-concurrent-sweep: 0.000/0.000 secs] [Times: user=0.00 sys=0.00, real=0.00 secs] 
2024-03-31T19:58:05.667+0800: 1537.679: [CMS-concurrent-reset-start]
2024-03-31T19:58:05.667+0800: 1537.679: [CMS-concurrent-reset: 0.000/0.000 secs] [Times: user=0.00 sys=0.00, real=0.00 secs] 
2024-03-31T19:58:07.672+0800: 1539.684: [GC (CMS Initial Mark) [1 CMS-initial-mark: 63K(64K)] 93364K(118016K), 0.0772790 secs] [Times: user=0.08 sys=0.00, real=0.08 secs] 
2024-03-31T19:58:07.750+0800: 1539.762: [CMS-concurrent-mark-start]
2024-03-31T19:58:07.751+0800: 1539.763: [CMS-concurrent-mark: 0.000/0.000 secs] [Times: user=0.00 sys=0.00, real=0.00 secs] 
2024-03-31T19:58:07.752+0800: 1539.763: [CMS-concurrent-preclean-start]
2024-03-31T19:58:07.753+0800: 1539.765: [CMS-concurrent-preclean: 0.001/0.001 secs] [Times: user=0.00 sys=0.00, real=0.00 secs] 
2024-03-31T19:58:07.754+0800: 1539.766: [CMS-concurrent-abortable-preclean-start]
2024-03-31T19:58:07.754+0800: 1539.766: [CMS-concurrent-abortable-preclean: 0.000/0.000 secs] [Times: user=0.01 sys=0.00, real=0.00 secs] 
2024-03-31T19:58:07.755+0800: 1539.767: [GC (CMS Final Remark) [YG occupancy: 93310 K (117952 K)]2024-03-31T19:58:07.755+0800: 1539.767: [Rescan (non-parallel) 2024-03-31T19:58:07.755+0800: 1539.767: [grey object rescan, 0.0001267 secs]2024-03-31T19:58:07.756+0800: 1539.767: [root rescan, 0.0646739 secs]2024-03-31T19:58:07.821+0800: 1539.832: [visit unhandled CLDs, 0.0001504 secs]2024-03-31T19:58:07.821+0800: 1539.832: [dirty klass scan, 0.0013179 secs], 0.0668926 secs]2024-03-31T19:58:07.822+0800: 1539.834: [weak refs processing, 0.0001421 secs]2024-03-31T19:58:07.823+0800: 1539.834: [class unloading, 0.0120265 secs]2024-03-31T19:58:07.835+0800: 1539.846: [scrub symbol table, 0.0096759 secs]2024-03-31T19:58:07.845+0800: 1539.856: [scrub string table, 0.0005173 secs][1 CMS-remark: 63K(64K)] 93374K(118016K), 0.0928800 secs] [Times: user=0.09 sys=0.00, real=0.10 secs] 
2024-03-31T19:58:07.849+0800: 1539.860: [CMS-concurrent-sweep-start]
2024-03-31T19:58:07.849+0800: 1539.861: [CMS-concurrent-sweep: 0.000/0.000 secs] [Times: user=0.00 sys=0.00, real=0.00 secs] 
2024-03-31T19:58:07.849+0800: 1539.861: [CMS-concurrent-reset-start]
2024-03-31T19:58:07.849+0800: 1539.861: [CMS-concurrent-reset: 0.000/0.000 secs] [Times: user=0.00 sys=0.00, real=0.00 secs] 
2024-03-31T19:58:09.861+0800: 1541.872: [GC (CMS Initial Mark) [1 CMS-initial-mark: 63K(64K)] 93602K(118016K), 0.1034492 secs] [Times: user=0.10 sys=0.00, real=0.10 secs] 
2024-03-31T19:58:09.965+0800: 1541.977: [CMS-concurrent-mark-start]
2024-03-31T19:58:09.966+0800: 1541.978: [CMS-concurrent-mark: 0.000/0.000 secs] [Times: user=0.01 sys=0.00, real=0.01 secs] 
2024-03-31T19:58:09.967+0800: 1541.978: [CMS-concurrent-preclean-start]
2024-03-31T19:58:09.968+0800: 1541.980: [CMS-concurrent-preclean: 0.001/0.001 secs] [Times: user=0.00 sys=0.00, real=0.00 secs] 
2024-03-31T19:58:09.970+0800: 1541.981: [CMS-concurrent-abortable-preclean-start]
2024-03-31T19:58:09.970+0800: 1541.982: [CMS-concurrent-abortable-preclean: 0.000/0.000 secs] [Times: user=0.00 sys=0.00, real=0.00 secs] 
2024-03-31T19:58:09.971+0800: 1541.983: [GC (CMS Final Remark) [YG occupancy: 93550 K (117952 K)]2024-03-31T19:58:09.971+0800: 1541.983: [Rescan (non-parallel) 2024-03-31T19:58:09.972+0800: 1541.983: [grey object rescan, 0.0001020 secs]2024-03-31T19:58:09.972+0800: 1541.983: [root rescan, 0.0641414 secs]2024-03-31T19:58:10.036+0800: 1542.048: [visit unhandled CLDs, 0.0001593 secs]2024-03-31T19:58:10.036+0800: 1542.048: [dirty klass scan, 0.0012883 secs], 0.0663988 secs]2024-03-31T19:58:10.038+0800: 1542.050: [weak refs processing, 0.0001392 secs]2024-03-31T19:58:10.038+0800: 1542.050: [class unloading, 0.0115533 secs]2024-03-31T19:58:10.050+0800: 1542.062: [scrub symbol table, 0.0095907 secs]2024-03-31T19:58:10.060+0800: 1542.071: [scrub string table, 0.0004983 secs][1 CMS-remark: 63K(64K)] 93614K(118016K), 0.0917919 secs] [Times: user=0.09 sys=0.00, real=0.09 secs] 
2024-03-31T19:58:10.064+0800: 1542.075: [CMS-concurrent-sweep-start]
2024-03-31T19:58:10.064+0800: 1542.076: [CMS-concurrent-sweep: 0.000/0.000 secs] [Times: user=0.00 sys=0.00, real=0.00 secs] 
2024-03-31T19:58:10.065+0800: 1542.076: [CMS-concurrent-reset-start]
2024-03-31T19:58:10.065+0800: 1542.077: [CMS-concurrent-reset: 0.000/0.000 secs] [Times: user=0.00 sys=0.00, real=0.00 secs] 
2024-03-31T19:58:12.074+0800: 1544.086: [GC (CMS Initial Mark) [1 CMS-initial-mark: 63K(64K)] 93797K(118016K), 0.0842870 secs] [Times: user=0.08 sys=0.00, real=0.09 secs] 
2024-03-31T19:58:12.159+0800: 1544.171: [CMS-concurrent-mark-start]
2024-03-31T19:58:12.160+0800: 1544.171: [CMS-concurrent-mark: 0.000/0.000 secs] [Times: user=0.00 sys=0.00, real=0.00 secs] 
2024-03-31T19:58:12.160+0800: 1544.172: [CMS-concurrent-preclean-start]
2024-03-31T19:58:12.162+0800: 1544.174: [CMS-concurrent-preclean: 0.001/0.001 secs] [Times: user=0.00 sys=0.00, real=0.00 secs] 
2024-03-31T19:58:12.164+0800: 1544.175: [CMS-concurrent-abortable-preclean-start]
2024-03-31T19:58:12.165+0800: 1544.177: [CMS-concurrent-abortable-preclean: 0.000/0.000 secs] [Times: user=0.00 sys=0.00, real=0.00 secs] 
2024-03-31T19:58:12.167+0800: 1544.179: [GC (CMS Final Remark) [YG occupancy: 93733 K (117952 K)]2024-03-31T19:58:12.168+0800: 1544.179: [Rescan (non-parallel) 2024-03-31T19:58:12.168+0800: 1544.179: [grey object rescan, 0.0001177 secs]2024-03-31T19:58:12.168+0800: 1544.180: [root rescan, 0.0811506 secs]2024-03-31T19:58:12.249+0800: 1544.261: [visit unhandled CLDs, 0.0002862 secs]2024-03-31T19:58:12.250+0800: 1544.261: [dirty klass scan, 0.0016026 secs], 0.0841026 secs]2024-03-31T19:58:12.252+0800: 1544.263: [weak refs processing, 0.0002474 secs]2024-03-31T19:58:12.252+0800: 1544.264: [class unloading, 0.0171248 secs]2024-03-31T19:58:12.270+0800: 1544.281: [scrub symbol table, 0.0151800 secs]2024-03-31T19:58:12.285+0800: 1544.297: [scrub string table, 0.0006548 secs][1 CMS-remark: 63K(64K)] 93797K(118016K), 0.1217133 secs] [Times: user=0.12 sys=0.00, real=0.12 secs] 
2024-03-31T19:58:12.290+0800: 1544.302: [CMS-concurrent-sweep-start]
2024-03-31T19:58:12.291+0800: 1544.303: [CMS-concurrent-sweep: 0.000/0.000 secs] [Times: user=0.00 sys=0.00, real=0.00 secs] 
2024-03-31T19:58:12.294+0800: 1544.305: [CMS-concurrent-reset-start]
2024-03-31T19:58:12.295+0800: 1544.306: [CMS-concurrent-reset: 0.000/0.000 secs] [Times: user=0.01 sys=0.00, real=0.00 secs] 
2024-03-31T19:58:14.305+0800: 1546.317: [GC (CMS Initial Mark) [1 CMS-initial-mark: 63K(64K)] 94006K(118016K), 0.0970359 secs] [Times: user=0.10 sys=0.00, real=0.10 secs] 
2024-03-31T19:58:14.403+0800: 1546.415: [CMS-concurrent-mark-start]
2024-03-31T19:58:14.404+0800: 1546.416: [CMS-concurrent-mark: 0.000/0.000 secs] [Times: user=0.00 sys=0.00, real=0.00 secs] 
2024-03-31T19:58:14.404+0800: 1546.416: [CMS-concurrent-preclean-start]
2024-03-31T19:58:14.406+0800: 1546.418: [CMS-concurrent-preclean: 0.001/0.001 secs] [Times: user=0.00 sys=0.00, real=0.01 secs] 
2024-03-31T19:58:14.407+0800: 1546.419: [CMS-concurrent-abortable-preclean-start]
2024-03-31T19:58:14.408+0800: 1546.420: [CMS-concurrent-abortable-preclean: 0.000/0.000 secs] [Times: user=0.00 sys=0.00, real=0.00 secs] 
2024-03-31T19:58:14.409+0800: 1546.421: [GC (CMS Final Remark) [YG occupancy: 93942 K (117952 K)]2024-03-31T19:58:14.409+0800: 1546.421: [Rescan (non-parallel) 2024-03-31T19:58:14.410+0800: 1546.421: [grey object rescan, 0.0001103 secs]2024-03-31T19:58:14.410+0800: 1546.421: [root rescan, 0.0667215 secs]2024-03-31T19:58:14.477+0800: 1546.488: [visit unhandled CLDs, 0.0001917 secs]2024-03-31T19:58:14.477+0800: 1546.489: [dirty klass scan, 0.0014639 secs], 0.0691994 secs]2024-03-31T19:58:14.479+0800: 1546.490: [weak refs processing, 0.0001451 secs]2024-03-31T19:58:14.479+0800: 1546.491: [class unloading, 0.0125275 secs]2024-03-31T19:58:14.492+0800: 1546.503: [scrub symbol table, 0.0104491 secs]2024-03-31T19:58:14.502+0800: 1546.514: [scrub string table, 0.0004794 secs][1 CMS-remark: 63K(64K)] 94006K(118016K), 0.0966083 secs] [Times: user=0.10 sys=0.00, real=0.10 secs] 
2024-03-31T19:58:14.507+0800: 1546.518: [CMS-concurrent-sweep-start]
2024-03-31T19:58:14.507+0800: 1546.519: [CMS-concurrent-sweep: 0.000/0.000 secs] [Times: user=0.00 sys=0.00, real=0.00 secs] 
2024-03-31T19:58:14.508+0800: 1546.520: [CMS-concurrent-reset-start]
2024-03-31T19:58:14.509+0800: 1546.521: [CMS-concurrent-reset: 0.000/0.000 secs] [Times: user=0.00 sys=0.00, real=0.00 secs] 
2024-03-31T19:58:16.517+0800: 1548.528: [GC (CMS Initial Mark) [1 CMS-initial-mark: 63K(64K)] 94229K(118016K), 0.1020206 secs] [Times: user=0.11 sys=0.00, real=0.10 secs] 
2024-03-31T19:58:16.619+0800: 1548.631: [CMS-concurrent-mark-start]
2024-03-31T19:58:16.620+0800: 1548.631: [CMS-concurrent-mark: 0.000/0.000 secs] [Times: user=0.00 sys=0.00, real=0.00 secs] 
2024-03-31T19:58:16.621+0800: 1548.632: [CMS-concurrent-preclean-start]
2024-03-31T19:58:16.622+0800: 1548.634: [CMS-concurrent-preclean: 0.001/0.001 secs] [Times: user=0.00 sys=0.00, real=0.00 secs] 
2024-03-31T19:58:16.624+0800: 1548.635: [CMS-concurrent-abortable-preclean-start]
2024-03-31T19:58:16.624+0800: 1548.636: [CMS-concurrent-abortable-preclean: 0.000/0.000 secs] [Times: user=0.00 sys=0.00, real=0.00 secs] 
2024-03-31T19:58:16.627+0800: 1548.638: [GC (CMS Final Remark) [YG occupancy: 94165 K (117952 K)]2024-03-31T19:58:16.627+0800: 1548.638: [Rescan (non-parallel) 2024-03-31T19:58:16.627+0800: 1548.639: [grey object rescan, 0.0001870 secs]2024-03-31T19:58:16.627+0800: 1548.639: [root rescan, 0.0670193 secs]2024-03-31T19:58:16.695+0800: 1548.706: [visit unhandled CLDs, 0.0001905 secs]2024-03-31T19:58:16.695+0800: 1548.707: [dirty klass scan, 0.0017285 secs], 0.0699518 secs]2024-03-31T19:58:16.697+0800: 1548.709: [weak refs processing, 0.0001772 secs]2024-03-31T19:58:16.697+0800: 1548.709: [class unloading, 0.0135943 secs]2024-03-31T19:58:16.711+0800: 1548.723: [scrub symbol table, 0.0120604 secs]2024-03-31T19:58:16.723+0800: 1548.735: [scrub string table, 0.0006116 secs][1 CMS-remark: 63K(64K)] 94229K(118016K), 0.1004948 secs] [Times: user=0.10 sys=0.00, real=0.10 secs] 
2024-03-31T19:58:16.728+0800: 1548.740: [CMS-concurrent-sweep-start]
2024-03-31T19:58:16.728+0800: 1548.740: [CMS-concurrent-sweep: 0.000/0.000 secs] [Times: user=0.00 sys=0.00, real=0.00 secs] 
2024-03-31T19:58:16.729+0800: 1548.740: [CMS-concurrent-reset-start]
2024-03-31T19:58:16.729+0800: 1548.741: [CMS-concurrent-reset: 0.000/0.000 secs] [Times: user=0.00 sys=0.01, real=0.00 secs] 
2024-03-31T19:58:18.742+0800: 1550.754: [GC (CMS Initial Mark) [1 CMS-initial-mark: 63K(64K)] 94472K(118016K), 0.1003645 secs] [Times: user=0.10 sys=0.00, real=0.10 secs] 
2024-03-31T19:58:18.843+0800: 1550.855: [CMS-concurrent-mark-start]
2024-03-31T19:58:18.844+0800: 1550.855: [CMS-concurrent-mark: 0.000/0.000 secs] [Times: user=0.00 sys=0.00, real=0.00 secs] 
2024-03-31T19:58:18.844+0800: 1550.856: [CMS-concurrent-preclean-start]
2024-03-31T19:58:18.846+0800: 1550.858: [CMS-concurrent-preclean: 0.001/0.001 secs] [Times: user=0.00 sys=0.00, real=0.01 secs] 
2024-03-31T19:58:18.847+0800: 1550.859: [CMS-concurrent-abortable-preclean-start]
2024-03-31T19:58:18.849+0800: 1550.861: [CMS-concurrent-abortable-preclean: 0.000/0.000 secs] [Times: user=0.01 sys=0.00, real=0.00 secs] 
2024-03-31T19:58:18.850+0800: 1550.861: [GC (CMS Final Remark) [YG occupancy: 94413 K (117952 K)]2024-03-31T19:58:18.850+0800: 1550.861: [Rescan (non-parallel) 2024-03-31T19:58:18.850+0800: 1550.862: [grey object rescan, 0.0000748 secs]2024-03-31T19:58:18.850+0800: 1550.862: [root rescan, 0.0647068 secs]2024-03-31T19:58:18.915+0800: 1550.927: [visit unhandled CLDs, 0.0001305 secs]2024-03-31T19:58:18.915+0800: 1550.927: [dirty klass scan, 0.0011898 secs], 0.0666245 secs]2024-03-31T19:58:18.916+0800: 1550.928: [weak refs processing, 0.0001084 secs]2024-03-31T19:58:18.917+0800: 1550.928: [class unloading, 0.0117405 secs]2024-03-31T19:58:18.929+0800: 1550.940: [scrub symbol table, 0.0096319 secs]2024-03-31T19:58:18.938+0800: 1550.950: [scrub string table, 0.0005193 secs][1 CMS-remark: 63K(64K)] 94477K(118016K), 0.0920490 secs] [Times: user=0.09 sys=0.00, real=0.09 secs] 
2024-03-31T19:58:18.942+0800: 1550.954: [CMS-concurrent-sweep-start]
2024-03-31T19:58:18.942+0800: 1550.954: [CMS-concurrent-sweep: 0.000/0.000 secs] [Times: user=0.00 sys=0.00, real=0.00 secs] 
2024-03-31T19:58:18.943+0800: 1550.954: [CMS-concurrent-reset-start]
2024-03-31T19:58:18.943+0800: 1550.954: [CMS-concurrent-reset: 0.000/0.000 secs] [Times: user=0.00 sys=0.00, real=0.00 secs] 
2024-03-31T19:58:20.950+0800: 1552.962: [GC (CMS Initial Mark) [1 CMS-initial-mark: 63K(64K)] 94596K(118016K), 0.1088297 secs] [Times: user=0.11 sys=0.00, real=0.11 secs] 
2024-03-31T19:58:21.060+0800: 1553.071: [CMS-concurrent-mark-start]
2024-03-31T19:58:21.060+0800: 1553.072: [CMS-concurrent-mark: 0.000/0.000 secs] [Times: user=0.00 sys=0.00, real=0.00 secs] 
2024-03-31T19:58:21.061+0800: 1553.072: [CMS-concurrent-preclean-start]
2024-03-31T19:58:21.063+0800: 1553.075: [CMS-concurrent-preclean: 0.001/0.001 secs] [Times: user=0.00 sys=0.00, real=0.00 secs] 
2024-03-31T19:58:21.064+0800: 1553.075: [CMS-concurrent-abortable-preclean-start]
2024-03-31T19:58:21.065+0800: 1553.076: [CMS-concurrent-abortable-preclean: 0.000/0.000 secs] [Times: user=0.00 sys=0.00, real=0.00 secs] 
2024-03-31T19:58:21.066+0800: 1553.077: [GC (CMS Final Remark) [YG occupancy: 94532 K (117952 K)]2024-03-31T19:58:21.066+0800: 1553.077: [Rescan (non-parallel) 2024-03-31T19:58:21.066+0800: 1553.077: [grey object rescan, 0.0000742 secs]2024-03-31T19:58:21.066+0800: 1553.078: [root rescan, 0.0653274 secs]2024-03-31T19:58:21.131+0800: 1553.143: [visit unhandled CLDs, 0.0001195 secs]2024-03-31T19:58:21.132+0800: 1553.143: [dirty klass scan, 0.0012971 secs], 0.0673079 secs]2024-03-31T19:58:21.133+0800: 1553.145: [weak refs processing, 0.0001000 secs]2024-03-31T19:58:21.133+0800: 1553.145: [class unloading, 0.0115235 secs]2024-03-31T19:58:21.145+0800: 1553.157: [scrub symbol table, 0.0097718 secs]2024-03-31T19:58:21.155+0800: 1553.166: [scrub string table, 0.0004767 secs][1 CMS-remark: 63K(64K)] 94596K(118016K), 0.0926374 secs] [Times: user=0.09 sys=0.00, real=0.10 secs] 
2024-03-31T19:58:21.159+0800: 1553.170: [CMS-concurrent-sweep-start]
2024-03-31T19:58:21.159+0800: 1553.170: [CMS-concurrent-sweep: 0.000/0.000 secs] [Times: user=0.00 sys=0.00, real=0.00 secs] 
2024-03-31T19:58:21.159+0800: 1553.171: [CMS-concurrent-reset-start]
2024-03-31T19:58:21.159+0800: 1553.171: [CMS-concurrent-reset: 0.000/0.000 secs] [Times: user=0.00 sys=0.00, real=0.00 secs] 
2024-03-31T19:58:23.166+0800: 1555.177: [GC (CMS Initial Mark) [1 CMS-initial-mark: 63K(64K)] 94914K(118016K), 0.1092810 secs] [Times: user=0.11 sys=0.00, real=0.11 secs] 
2024-03-31T19:58:23.276+0800: 1555.287: [CMS-concurrent-mark-start]
2024-03-31T19:58:23.276+0800: 1555.288: [CMS-concurrent-mark: 0.000/0.000 secs] [Times: user=0.00 sys=0.00, real=0.01 secs] 
2024-03-31T19:58:23.277+0800: 1555.289: [CMS-concurrent-preclean-start]
2024-03-31T19:58:23.280+0800: 1555.291: [CMS-concurrent-preclean: 0.001/0.001 secs] [Times: user=0.01 sys=0.00, real=0.00 secs] 
2024-03-31T19:58:23.280+0800: 1555.292: [CMS-concurrent-abortable-preclean-start]
2024-03-31T19:58:23.280+0800: 1555.292: [CMS-concurrent-abortable-preclean: 0.000/0.000 secs] [Times: user=0.00 sys=0.00, real=0.00 secs] 
2024-03-31T19:58:23.281+0800: 1555.292: [GC (CMS Final Remark) [YG occupancy: 94850 K (117952 K)]2024-03-31T19:58:23.281+0800: 1555.293: [Rescan (non-parallel) 2024-03-31T19:58:23.281+0800: 1555.293: [grey object rescan, 0.0000840 secs]2024-03-31T19:58:23.281+0800: 1555.293: [root rescan, 0.0674088 secs]2024-03-31T19:58:23.349+0800: 1555.360: [visit unhandled CLDs, 0.0002498 secs]2024-03-31T19:58:23.349+0800: 1555.361: [dirty klass scan, 0.0016307 secs], 0.0700201 secs]2024-03-31T19:58:23.351+0800: 1555.363: [weak refs processing, 0.0002503 secs]2024-03-31T19:58:23.351+0800: 1555.363: [class unloading, 0.0134690 secs]2024-03-31T19:58:23.365+0800: 1555.377: [scrub symbol table, 0.0115328 secs]2024-03-31T19:58:23.377+0800: 1555.389: [scrub string table, 0.0006933 secs][1 CMS-remark: 63K(64K)] 94914K(118016K), 0.1001308 secs] [Times: user=0.10 sys=0.00, real=0.10 secs] 
2024-03-31T19:58:23.382+0800: 1555.394: [CMS-concurrent-sweep-start]
2024-03-31T19:58:23.382+0800: 1555.394: [CMS-concurrent-sweep: 0.000/0.000 secs] [Times: user=0.00 sys=0.00, real=0.00 secs] 
2024-03-31T19:58:23.384+0800: 1555.395: [CMS-concurrent-reset-start]
2024-03-31T19:58:23.384+0800: 1555.396: [CMS-concurrent-reset: 0.000/0.000 secs] [Times: user=0.00 sys=0.00, real=0.00 secs] 
2024-03-31T19:58:25.390+0800: 1557.402: [GC (CMS Initial Mark) [1 CMS-initial-mark: 63K(64K)] 95068K(118016K), 0.0988996 secs] [Times: user=0.10 sys=0.00, real=0.10 secs] 
2024-03-31T19:58:25.490+0800: 1557.501: [CMS-concurrent-mark-start]
2024-03-31T19:58:25.491+0800: 1557.502: [CMS-concurrent-mark: 0.000/0.000 secs] [Times: user=0.01 sys=0.00, real=0.00 secs] 
2024-03-31T19:58:25.492+0800: 1557.503: [CMS-concurrent-preclean-start]
2024-03-31T19:58:25.494+0800: 1557.505: [CMS-concurrent-preclean: 0.001/0.001 secs] [Times: user=0.00 sys=0.00, real=0.00 secs] 
2024-03-31T19:58:25.495+0800: 1557.507: [CMS-concurrent-abortable-preclean-start]
2024-03-31T19:58:25.496+0800: 1557.507: [CMS-concurrent-abortable-preclean: 0.000/0.000 secs] [Times: user=0.00 sys=0.00, real=0.00 secs] 
2024-03-31T19:58:25.497+0800: 1557.508: [GC (CMS Final Remark) [YG occupancy: 95050 K (117952 K)]2024-03-31T19:58:25.497+0800: 1557.508: [Rescan (non-parallel) 2024-03-31T19:58:25.497+0800: 1557.508: [grey object rescan, 0.0001259 secs]2024-03-31T19:58:25.497+0800: 1557.509: [root rescan, 0.0677893 secs]2024-03-31T19:58:25.565+0800: 1557.577: [visit unhandled CLDs, 0.0001686 secs]2024-03-31T19:58:25.565+0800: 1557.577: [dirty klass scan, 0.0013899 secs], 0.0700699 secs]2024-03-31T19:58:25.567+0800: 1557.578: [weak refs processing, 0.0001165 secs]2024-03-31T19:58:25.567+0800: 1557.579: [class unloading, 0.0124476 secs]2024-03-31T19:58:25.580+0800: 1557.591: [scrub symbol table, 0.0115847 secs]2024-03-31T19:58:25.591+0800: 1557.603: [scrub string table, 0.0005546 secs][1 CMS-remark: 63K(64K)] 95113K(118016K), 0.0985290 secs] [Times: user=0.10 sys=0.00, real=0.09 secs] 
2024-03-31T19:58:25.596+0800: 1557.608: [CMS-concurrent-sweep-start]
2024-03-31T19:58:25.597+0800: 1557.608: [CMS-concurrent-sweep: 0.000/0.000 secs] [Times: user=0.00 sys=0.00, real=0.01 secs] 
2024-03-31T19:58:25.598+0800: 1557.610: [CMS-concurrent-reset-start]
2024-03-31T19:58:25.599+0800: 1557.611: [CMS-concurrent-reset: 0.000/0.000 secs] [Times: user=0.00 sys=0.00, real=0.00 secs] 
2024-03-31T19:58:27.609+0800: 1559.620: [GC (CMS Initial Mark) [1 CMS-initial-mark: 63K(64K)] 95283K(118016K), 0.1073620 secs] [Times: user=0.11 sys=0.00, real=0.11 secs] 
2024-03-31T19:58:27.717+0800: 1559.728: [CMS-concurrent-mark-start]
2024-03-31T19:58:27.717+0800: 1559.729: [CMS-concurrent-mark: 0.000/0.000 secs] [Times: user=0.00 sys=0.00, real=0.00 secs] 
2024-03-31T19:58:27.718+0800: 1559.730: [CMS-concurrent-preclean-start]
2024-03-31T19:58:27.720+0800: 1559.732: [CMS-concurrent-preclean: 0.001/0.001 secs] [Times: user=0.00 sys=0.00, real=0.00 secs] 
2024-03-31T19:58:27.722+0800: 1559.734: [CMS-concurrent-abortable-preclean-start]
2024-03-31T19:58:27.723+0800: 1559.734: [CMS-concurrent-abortable-preclean: 0.000/0.000 secs] [Times: user=0.01 sys=0.00, real=0.00 secs] 
2024-03-31T19:58:27.724+0800: 1559.736: [GC (CMS Final Remark) [YG occupancy: 95219 K (117952 K)]2024-03-31T19:58:27.724+0800: 1559.736: [Rescan (non-parallel) 2024-03-31T19:58:27.725+0800: 1559.736: [grey object rescan, 0.0000790 secs]2024-03-31T19:58:27.725+0800: 1559.736: [root rescan, 0.0672023 secs]2024-03-31T19:58:27.792+0800: 1559.804: [visit unhandled CLDs, 0.0001508 secs]2024-03-31T19:58:27.792+0800: 1559.804: [dirty klass scan, 0.0015260 secs], 0.0695430 secs]2024-03-31T19:58:27.794+0800: 1559.806: [weak refs processing, 0.0001661 secs]2024-03-31T19:58:27.794+0800: 1559.806: [class unloading, 0.0140079 secs]2024-03-31T19:58:27.809+0800: 1559.820: [scrub symbol table, 0.0122445 secs]2024-03-31T19:58:27.821+0800: 1559.833: [scrub string table, 0.0007044 secs][1 CMS-remark: 63K(64K)] 95283K(118016K), 0.1003776 secs] [Times: user=0.09 sys=0.00, real=0.10 secs] 
2024-03-31T19:58:27.825+0800: 1559.837: [CMS-concurrent-sweep-start]
2024-03-31T19:58:27.825+0800: 1559.837: [CMS-concurrent-sweep: 0.000/0.000 secs] [Times: user=0.00 sys=0.00, real=0.00 secs] 
2024-03-31T19:58:27.826+0800: 1559.837: [CMS-concurrent-reset-start]
2024-03-31T19:58:27.826+0800: 1559.838: [CMS-concurrent-reset: 0.000/0.000 secs] [Times: user=0.00 sys=0.00, real=0.01 secs] 
2024-03-31T19:58:29.836+0800: 1561.849: [GC (CMS Initial Mark) [1 CMS-initial-mark: 63K(64K)] 95505K(118016K), 0.1061910 secs] [Times: user=0.10 sys=0.00, real=0.10 secs] 
2024-03-31T19:58:29.944+0800: 1561.956: [CMS-concurrent-mark-start]
2024-03-31T19:58:29.944+0800: 1561.957: [CMS-concurrent-mark: 0.000/0.000 secs] [Times: user=0.00 sys=0.00, real=0.00 secs] 
2024-03-31T19:58:29.945+0800: 1561.958: [CMS-concurrent-preclean-start]
2024-03-31T19:58:29.948+0800: 1561.960: [CMS-concurrent-preclean: 0.001/0.001 secs] [Times: user=0.01 sys=0.00, real=0.01 secs] 
2024-03-31T19:58:29.948+0800: 1561.961: [CMS-concurrent-abortable-preclean-start]
2024-03-31T19:58:29.948+0800: 1561.961: [CMS-concurrent-abortable-preclean: 0.000/0.000 secs] [Times: user=0.00 sys=0.00, real=0.00 secs] 
2024-03-31T19:58:29.949+0800: 1561.962: [GC (CMS Final Remark) [YG occupancy: 95441 K (117952 K)]2024-03-31T19:58:29.949+0800: 1561.962: [Rescan (non-parallel) 2024-03-31T19:58:29.949+0800: 1561.962: [grey object rescan, 0.0000785 secs]2024-03-31T19:58:29.949+0800: 1561.962: [root rescan, 0.0656785 secs]2024-03-31T19:58:30.015+0800: 1562.028: [visit unhandled CLDs, 0.0001259 secs]2024-03-31T19:58:30.015+0800: 1562.028: [dirty klass scan, 0.0012535 secs], 0.0675902 secs]2024-03-31T19:58:30.017+0800: 1562.029: [weak refs processing, 0.0001437 secs]2024-03-31T19:58:30.017+0800: 1562.030: [class unloading, 0.0141078 secs]2024-03-31T19:58:30.031+0800: 1562.044: [scrub symbol table, 0.0154639 secs]2024-03-31T19:58:30.047+0800: 1562.060: [scrub string table, 0.0006900 secs][1 CMS-remark: 63K(64K)] 95505K(118016K), 0.1019030 secs] [Times: user=0.10 sys=0.00, real=0.10 secs] 
2024-03-31T19:58:30.052+0800: 1562.064: [CMS-concurrent-sweep-start]
2024-03-31T19:58:30.053+0800: 1562.065: [CMS-concurrent-sweep: 0.000/0.000 secs] [Times: user=0.00 sys=0.01, real=0.00 secs] 
2024-03-31T19:58:30.055+0800: 1562.068: [CMS-concurrent-reset-start]
2024-03-31T19:58:30.056+0800: 1562.069: [CMS-concurrent-reset: 0.000/0.000 secs] [Times: user=0.00 sys=0.00, real=0.01 secs] 
2024-03-31T19:58:32.068+0800: 1564.081: [GC (CMS Initial Mark) [1 CMS-initial-mark: 63K(64K)] 95687K(118016K), 0.1099714 secs] [Times: user=0.10 sys=0.00, real=0.11 secs] 
2024-03-31T19:58:32.179+0800: 1564.192: [CMS-concurrent-mark-start]
2024-03-31T19:58:32.180+0800: 1564.192: [CMS-concurrent-mark: 0.000/0.000 secs] [Times: user=0.00 sys=0.00, real=0.00 secs] 
2024-03-31T19:58:32.181+0800: 1564.194: [CMS-concurrent-preclean-start]
2024-03-31T19:58:32.184+0800: 1564.196: [CMS-concurrent-preclean: 0.001/0.001 secs] [Times: user=0.01 sys=0.00, real=0.00 secs] 
2024-03-31T19:58:32.184+0800: 1564.197: [CMS-concurrent-abortable-preclean-start]
2024-03-31T19:58:32.184+0800: 1564.197: [CMS-concurrent-abortable-preclean: 0.000/0.000 secs] [Times: user=0.00 sys=0.00, real=0.00 secs] 
2024-03-31T19:58:32.186+0800: 1564.198: [GC (CMS Final Remark) [YG occupancy: 95623 K (117952 K)]2024-03-31T19:58:32.186+0800: 1564.199: [Rescan (non-parallel) 2024-03-31T19:58:32.186+0800: 1564.199: [grey object rescan, 0.0001325 secs]2024-03-31T19:58:32.186+0800: 1564.199: [root rescan, 0.0667728 secs]2024-03-31T19:58:32.253+0800: 1564.266: [visit unhandled CLDs, 0.0001554 secs]2024-03-31T19:58:32.254+0800: 1564.266: [dirty klass scan, 0.0012465 secs], 0.0688526 secs]2024-03-31T19:58:32.255+0800: 1564.268: [weak refs processing, 0.0001110 secs]2024-03-31T19:58:32.255+0800: 1564.268: [class unloading, 0.0117732 secs]2024-03-31T19:58:32.267+0800: 1564.280: [scrub symbol table, 0.0099496 secs]2024-03-31T19:58:32.277+0800: 1564.290: [scrub string table, 0.0004633 secs][1 CMS-remark: 63K(64K)] 95687K(118016K), 0.0948059 secs] [Times: user=0.09 sys=0.00, real=0.09 secs] 
2024-03-31T19:58:32.281+0800: 1564.294: [CMS-concurrent-sweep-start]
2024-03-31T19:58:32.282+0800: 1564.294: [CMS-concurrent-sweep: 0.000/0.000 secs] [Times: user=0.00 sys=0.00, real=0.00 secs] 
2024-03-31T19:58:32.282+0800: 1564.295: [CMS-concurrent-reset-start]
2024-03-31T19:58:32.283+0800: 1564.296: [CMS-concurrent-reset: 0.000/0.000 secs] [Times: user=0.00 sys=0.00, real=0.00 secs] 
2024-03-31T19:58:34.287+0800: 1566.299: [GC (CMS Initial Mark) [1 CMS-initial-mark: 63K(64K)] 95759K(118016K), 0.0938541 secs] [Times: user=0.09 sys=0.00, real=0.09 secs] 
2024-03-31T19:58:34.381+0800: 1566.394: [CMS-concurrent-mark-start]
2024-03-31T19:58:34.382+0800: 1566.394: [CMS-concurrent-mark: 0.000/0.000 secs] [Times: user=0.00 sys=0.00, real=0.00 secs] 
2024-03-31T19:58:34.383+0800: 1566.395: [CMS-concurrent-preclean-start]
2024-03-31T19:58:34.385+0800: 1566.397: [CMS-concurrent-preclean: 0.001/0.001 secs] [Times: user=0.00 sys=0.00, real=0.00 secs] 
2024-03-31T19:58:34.386+0800: 1566.399: [CMS-concurrent-abortable-preclean-start]
2024-03-31T19:58:34.386+0800: 1566.399: [CMS-concurrent-abortable-preclean: 0.000/0.000 secs] [Times: user=0.01 sys=0.00, real=0.01 secs] 
2024-03-31T19:58:34.387+0800: 1566.399: [GC (CMS Final Remark) [YG occupancy: 95706 K (117952 K)]2024-03-31T19:58:34.387+0800: 1566.400: [Rescan (non-parallel) 2024-03-31T19:58:34.387+0800: 1566.400: [grey object rescan, 0.0000792 secs]2024-03-31T19:58:34.387+0800: 1566.400: [root rescan, 0.0661701 secs]2024-03-31T19:58:34.454+0800: 1566.466: [visit unhandled CLDs, 0.0001310 secs]2024-03-31T19:58:34.454+0800: 1566.466: [dirty klass scan, 0.0012868 secs], 0.0681291 secs]2024-03-31T19:58:34.455+0800: 1566.468: [weak refs processing, 0.0001169 secs]2024-03-31T19:58:34.455+0800: 1566.468: [class unloading, 0.0116554 secs]2024-03-31T19:58:34.467+0800: 1566.480: [scrub symbol table, 0.0097041 secs]2024-03-31T19:58:34.477+0800: 1566.490: [scrub string table, 0.0004873 secs][1 CMS-remark: 63K(64K)] 95770K(118016K), 0.0935877 secs] [Times: user=0.09 sys=0.01, real=0.09 secs] 
2024-03-31T19:58:34.481+0800: 1566.494: [CMS-concurrent-sweep-start]
2024-03-31T19:58:34.482+0800: 1566.494: [CMS-concurrent-sweep: 0.000/0.000 secs] [Times: user=0.00 sys=0.00, real=0.00 secs] 
2024-03-31T19:58:34.482+0800: 1566.495: [CMS-concurrent-reset-start]
2024-03-31T19:58:34.482+0800: 1566.495: [CMS-concurrent-reset: 0.000/0.000 secs] [Times: user=0.00 sys=0.00, real=0.00 secs] 
2024-03-31T19:58:36.490+0800: 1568.503: [GC (CMS Initial Mark) [1 CMS-initial-mark: 63K(64K)] 96038K(118016K), 0.0996341 secs] [Times: user=0.10 sys=0.00, real=0.10 secs] 
2024-03-31T19:58:36.591+0800: 1568.603: [CMS-concurrent-mark-start]
2024-03-31T19:58:36.591+0800: 1568.604: [CMS-concurrent-mark: 0.000/0.000 secs] [Times: user=0.00 sys=0.00, real=0.00 secs] 
2024-03-31T19:58:36.593+0800: 1568.606: [CMS-concurrent-preclean-start]
2024-03-31T19:58:36.595+0800: 1568.608: [CMS-concurrent-preclean: 0.001/0.001 secs] [Times: user=0.00 sys=0.00, real=0.01 secs] 
2024-03-31T19:58:36.597+0800: 1568.610: [CMS-concurrent-abortable-preclean-start]
2024-03-31T19:58:36.597+0800: 1568.610: [CMS-concurrent-abortable-preclean: 0.000/0.000 secs] [Times: user=0.00 sys=0.00, real=0.00 secs] 
2024-03-31T19:58:36.599+0800: 1568.611: [GC (CMS Final Remark) [YG occupancy: 95988 K (117952 K)]2024-03-31T19:58:36.599+0800: 1568.611: [Rescan (non-parallel) 2024-03-31T19:58:36.599+0800: 1568.611: [grey object rescan, 0.0001023 secs]2024-03-31T19:58:36.599+0800: 1568.612: [root rescan, 0.0666430 secs]2024-03-31T19:58:36.666+0800: 1568.679: [visit unhandled CLDs, 0.0001635 secs]2024-03-31T19:58:36.666+0800: 1568.679: [dirty klass scan, 0.0012918 secs], 0.0688497 secs]2024-03-31T19:58:36.668+0800: 1568.680: [weak refs processing, 0.0001535 secs]2024-03-31T19:58:36.668+0800: 1568.681: [class unloading, 0.0116796 secs]2024-03-31T19:58:36.680+0800: 1568.693: [scrub symbol table, 0.0097449 secs]2024-03-31T19:58:36.690+0800: 1568.702: [scrub string table, 0.0004980 secs][1 CMS-remark: 63K(64K)] 96052K(118016K), 0.0947077 secs] [Times: user=0.09 sys=0.00, real=0.09 secs] 
2024-03-31T19:58:36.694+0800: 1568.707: [CMS-concurrent-sweep-start]
2024-03-31T19:58:36.694+0800: 1568.707: [CMS-concurrent-sweep: 0.000/0.000 secs] [Times: user=0.00 sys=0.00, real=0.00 secs] 
2024-03-31T19:58:36.695+0800: 1568.708: [CMS-concurrent-reset-start]
2024-03-31T19:58:36.696+0800: 1568.709: [CMS-concurrent-reset: 0.000/0.000 secs] [Times: user=0.00 sys=0.00, real=0.00 secs] 
2024-03-31T19:58:38.700+0800: 1570.712: [GC (CMS Initial Mark) [1 CMS-initial-mark: 63K(64K)] 96317K(118016K), 0.0786121 secs] [Times: user=0.08 sys=0.00, real=0.08 secs] 
2024-03-31T19:58:38.779+0800: 1570.792: [CMS-concurrent-mark-start]
2024-03-31T19:58:38.780+0800: 1570.792: [CMS-concurrent-mark: 0.000/0.000 secs] [Times: user=0.00 sys=0.00, real=0.00 secs] 
2024-03-31T19:58:38.782+0800: 1570.794: [CMS-concurrent-preclean-start]
2024-03-31T19:58:38.786+0800: 1570.798: [CMS-concurrent-preclean: 0.001/0.001 secs] [Times: user=0.01 sys=0.00, real=0.01 secs] 
2024-03-31T19:58:38.787+0800: 1570.799: [CMS-concurrent-abortable-preclean-start]
2024-03-31T19:58:38.787+0800: 1570.800: [CMS-concurrent-abortable-preclean: 0.000/0.000 secs] [Times: user=0.00 sys=0.00, real=0.00 secs] 
2024-03-31T19:58:38.788+0800: 1570.801: [GC (CMS Final Remark) [YG occupancy: 96253 K (117952 K)]2024-03-31T19:58:38.788+0800: 1570.801: [Rescan (non-parallel) 2024-03-31T19:58:38.788+0800: 1570.801: [grey object rescan, 0.0000707 secs]2024-03-31T19:58:38.789+0800: 1570.801: [root rescan, 0.0662806 secs]2024-03-31T19:58:38.855+0800: 1570.868: [visit unhandled CLDs, 0.0001371 secs]2024-03-31T19:58:38.855+0800: 1570.868: [dirty klass scan, 0.0012790 secs], 0.0682627 secs]2024-03-31T19:58:38.857+0800: 1570.869: [weak refs processing, 0.0001003 secs]2024-03-31T19:58:38.857+0800: 1570.869: [class unloading, 0.0122049 secs]2024-03-31T19:58:38.869+0800: 1570.882: [scrub symbol table, 0.0097025 secs]2024-03-31T19:58:38.879+0800: 1570.892: [scrub string table, 0.0004595 secs][1 CMS-remark: 63K(64K)] 96317K(118016K), 0.0940918 secs] [Times: user=0.09 sys=0.00, real=0.09 secs] 
2024-03-31T19:58:38.883+0800: 1570.896: [CMS-concurrent-sweep-start]
2024-03-31T19:58:38.883+0800: 1570.896: [CMS-concurrent-sweep: 0.000/0.000 secs] [Times: user=0.00 sys=0.01, real=0.00 secs] 
2024-03-31T19:58:38.884+0800: 1570.897: [CMS-concurrent-reset-start]
2024-03-31T19:58:38.884+0800: 1570.897: [CMS-concurrent-reset: 0.000/0.000 secs] [Times: user=0.00 sys=0.00, real=0.00 secs] 
2024-03-31T19:58:40.888+0800: 1572.901: [GC (CMS Initial Mark) [1 CMS-initial-mark: 63K(64K)] 96563K(118016K), 0.0993590 secs] [Times: user=0.10 sys=0.00, real=0.10 secs] 
2024-03-31T19:58:40.989+0800: 1573.001: [CMS-concurrent-mark-start]
2024-03-31T19:58:40.990+0800: 1573.002: [CMS-concurrent-mark: 0.000/0.000 secs] [Times: user=0.00 sys=0.00, real=0.00 secs] 
2024-03-31T19:58:40.991+0800: 1573.004: [CMS-concurrent-preclean-start]
2024-03-31T19:58:40.993+0800: 1573.006: [CMS-concurrent-preclean: 0.002/0.002 secs] [Times: user=0.01 sys=0.00, real=0.00 secs] 
2024-03-31T19:58:40.994+0800: 1573.007: [CMS-concurrent-abortable-preclean-start]
2024-03-31T19:58:40.994+0800: 1573.007: [CMS-concurrent-abortable-preclean: 0.000/0.000 secs] [Times: user=0.00 sys=0.00, real=0.00 secs] 
2024-03-31T19:58:40.995+0800: 1573.008: [GC (CMS Final Remark) [YG occupancy: 96499 K (117952 K)]2024-03-31T19:58:40.996+0800: 1573.008: [Rescan (non-parallel) 2024-03-31T19:58:40.996+0800: 1573.008: [grey object rescan, 0.0001146 secs]2024-03-31T19:58:40.996+0800: 1573.008: [root rescan, 0.0733908 secs]2024-03-31T19:58:41.069+0800: 1573.082: [visit unhandled CLDs, 0.0001897 secs]2024-03-31T19:58:41.070+0800: 1573.082: [dirty klass scan, 0.0029021 secs], 0.0771518 secs]2024-03-31T19:58:41.073+0800: 1573.085: [weak refs processing, 0.0001925 secs]2024-03-31T19:58:41.073+0800: 1573.086: [class unloading, 0.0216241 secs]2024-03-31T19:58:41.095+0800: 1573.107: [scrub symbol table, 0.0153786 secs]2024-03-31T19:58:41.110+0800: 1573.123: [scrub string table, 0.0005585 secs][1 CMS-remark: 63K(64K)] 96563K(118016K), 0.1185679 secs] [Times: user=0.11 sys=0.00, real=0.11 secs] 
2024-03-31T19:58:41.115+0800: 1573.127: [CMS-concurrent-sweep-start]
2024-03-31T19:58:41.116+0800: 1573.128: [CMS-concurrent-sweep: 0.000/0.000 secs] [Times: user=0.01 sys=0.00, real=0.01 secs] 
2024-03-31T19:58:41.117+0800: 1573.130: [CMS-concurrent-reset-start]
2024-03-31T19:58:41.119+0800: 1573.131: [CMS-concurrent-reset: 0.000/0.000 secs] [Times: user=0.00 sys=0.00, real=0.00 secs] 
2024-03-31T19:58:43.127+0800: 1575.140: [GC (CMS Initial Mark) [1 CMS-initial-mark: 63K(64K)] 96744K(118016K), 0.1115677 secs] [Times: user=0.11 sys=0.00, real=0.11 secs] 
2024-03-31T19:58:43.239+0800: 1575.252: [CMS-concurrent-mark-start]
2024-03-31T19:58:43.240+0800: 1575.252: [CMS-concurrent-mark: 0.000/0.000 secs] [Times: user=0.00 sys=0.00, real=0.00 secs] 
2024-03-31T19:58:43.241+0800: 1575.253: [CMS-concurrent-preclean-start]
2024-03-31T19:58:43.243+0800: 1575.255: [CMS-concurrent-preclean: 0.001/0.001 secs] [Times: user=0.00 sys=0.00, real=0.00 secs] 
2024-03-31T19:58:43.243+0800: 1575.256: [CMS-concurrent-abortable-preclean-start]
2024-03-31T19:58:43.244+0800: 1575.257: [CMS-concurrent-abortable-preclean: 0.000/0.000 secs] [Times: user=0.00 sys=0.00, real=0.00 secs] 
2024-03-31T19:58:43.246+0800: 1575.258: [GC (CMS Final Remark) [YG occupancy: 96680 K (117952 K)]2024-03-31T19:58:43.246+0800: 1575.258: [Rescan (non-parallel) 2024-03-31T19:58:43.246+0800: 1575.258: [grey object rescan, 0.0000875 secs]2024-03-31T19:58:43.246+0800: 1575.258: [root rescan, 0.0667925 secs]2024-03-31T19:58:43.313+0800: 1575.326: [visit unhandled CLDs, 0.0001288 secs]2024-03-31T19:58:43.313+0800: 1575.326: [dirty klass scan, 0.0012388 secs], 0.0687556 secs]2024-03-31T19:58:43.314+0800: 1575.327: [weak refs processing, 0.0001042 secs]2024-03-31T19:58:43.315+0800: 1575.327: [class unloading, 0.0116332 secs]2024-03-31T19:58:43.326+0800: 1575.339: [scrub symbol table, 0.0097193 secs]2024-03-31T19:58:43.336+0800: 1575.349: [scrub string table, 0.0004493 secs][1 CMS-remark: 63K(64K)] 96744K(118016K), 0.0940539 secs] [Times: user=0.09 sys=0.00, real=0.09 secs] 
2024-03-31T19:58:43.340+0800: 1575.353: [CMS-concurrent-sweep-start]
2024-03-31T19:58:43.340+0800: 1575.353: [CMS-concurrent-sweep: 0.000/0.000 secs] [Times: user=0.00 sys=0.00, real=0.00 secs] 
2024-03-31T19:58:43.340+0800: 1575.353: [CMS-concurrent-reset-start]
2024-03-31T19:58:43.341+0800: 1575.353: [CMS-concurrent-reset: 0.000/0.000 secs] [Times: user=0.00 sys=0.00, real=0.00 secs] 
2024-03-31T19:58:45.349+0800: 1577.361: [GC (CMS Initial Mark) [1 CMS-initial-mark: 63K(64K)] 96893K(118016K), 0.1122272 secs] [Times: user=0.11 sys=0.01, real=0.11 secs] 
2024-03-31T19:58:45.462+0800: 1577.474: [CMS-concurrent-mark-start]
2024-03-31T19:58:45.462+0800: 1577.475: [CMS-concurrent-mark: 0.000/0.000 secs] [Times: user=0.00 sys=0.00, real=0.00 secs] 
2024-03-31T19:58:45.463+0800: 1577.476: [CMS-concurrent-preclean-start]
2024-03-31T19:58:45.466+0800: 1577.479: [CMS-concurrent-preclean: 0.002/0.002 secs] [Times: user=0.01 sys=0.00, real=0.01 secs] 
2024-03-31T19:58:45.468+0800: 1577.481: [CMS-concurrent-abortable-preclean-start]
2024-03-31T19:58:45.469+0800: 1577.482: [CMS-concurrent-abortable-preclean: 0.000/0.000 secs] [Times: user=0.00 sys=0.00, real=0.00 secs] 
2024-03-31T19:58:45.472+0800: 1577.484: [GC (CMS Final Remark) [YG occupancy: 96879 K (117952 K)]2024-03-31T19:58:45.472+0800: 1577.484: [Rescan (non-parallel) 2024-03-31T19:58:45.472+0800: 1577.485: [grey object rescan, 0.0003343 secs]2024-03-31T19:58:45.473+0800: 1577.485: [root rescan, 0.0768660 secs]2024-03-31T19:58:45.550+0800: 1577.562: [visit unhandled CLDs, 0.0001934 secs]2024-03-31T19:58:45.550+0800: 1577.563: [dirty klass scan, 0.0016829 secs], 0.0799917 secs]2024-03-31T19:58:45.552+0800: 1577.565: [weak refs processing, 0.0001338 secs]2024-03-31T19:58:45.552+0800: 1577.565: [class unloading, 0.0182364 secs]2024-03-31T19:58:45.571+0800: 1577.583: [scrub symbol table, 0.0128468 secs]2024-03-31T19:58:45.584+0800: 1577.596: [scrub string table, 0.0006213 secs][1 CMS-remark: 63K(64K)] 96943K(118016K), 0.1158747 secs] [Times: user=0.11 sys=0.00, real=0.12 secs] 
2024-03-31T19:58:45.588+0800: 1577.601: [CMS-concurrent-sweep-start]
2024-03-31T19:58:45.589+0800: 1577.602: [CMS-concurrent-sweep: 0.000/0.000 secs] [Times: user=0.01 sys=0.00, real=0.00 secs] 
2024-03-31T19:58:45.592+0800: 1577.605: [CMS-concurrent-reset-start]
2024-03-31T19:58:45.593+0800: 1577.606: [CMS-concurrent-reset: 0.000/0.000 secs] [Times: user=0.00 sys=0.00, real=0.00 secs] 
2024-03-31T19:58:47.602+0800: 1579.615: [GC (CMS Initial Mark) [1 CMS-initial-mark: 63K(64K)] 97134K(118016K), 0.1107014 secs] [Times: user=0.11 sys=0.00, real=0.11 secs] 
2024-03-31T19:58:47.714+0800: 1579.727: [CMS-concurrent-mark-start]
2024-03-31T19:58:47.715+0800: 1579.727: [CMS-concurrent-mark: 0.000/0.000 secs] [Times: user=0.00 sys=0.00, real=0.00 secs] 
2024-03-31T19:58:47.716+0800: 1579.728: [CMS-concurrent-preclean-start]
2024-03-31T19:58:47.718+0800: 1579.731: [CMS-concurrent-preclean: 0.001/0.001 secs] [Times: user=0.01 sys=0.00, real=0.00 secs] 
2024-03-31T19:58:47.719+0800: 1579.731: [CMS-concurrent-abortable-preclean-start]
2024-03-31T19:58:47.719+0800: 1579.731: [CMS-concurrent-abortable-preclean: 0.000/0.000 secs] [Times: user=0.00 sys=0.00, real=0.00 secs] 
2024-03-31T19:58:47.720+0800: 1579.732: [GC (CMS Final Remark) [YG occupancy: 97070 K (117952 K)]2024-03-31T19:58:47.720+0800: 1579.732: [Rescan (non-parallel) 2024-03-31T19:58:47.720+0800: 1579.732: [grey object rescan, 0.0000717 secs]2024-03-31T19:58:47.720+0800: 1579.733: [root rescan, 0.0683390 secs]2024-03-31T19:58:47.789+0800: 1579.801: [visit unhandled CLDs, 0.0001389 secs]2024-03-31T19:58:47.789+0800: 1579.801: [dirty klass scan, 0.0013770 secs], 0.0704677 secs]2024-03-31T19:58:47.790+0800: 1579.803: [weak refs processing, 0.0001353 secs]2024-03-31T19:58:47.791+0800: 1579.803: [class unloading, 0.0119283 secs]2024-03-31T19:58:47.803+0800: 1579.815: [scrub symbol table, 0.0125645 secs]2024-03-31T19:58:47.815+0800: 1579.828: [scrub string table, 0.0007306 secs][1 CMS-remark: 63K(64K)] 97134K(118016K), 0.0996591 secs] [Times: user=0.10 sys=0.00, real=0.10 secs] 
2024-03-31T19:58:47.820+0800: 1579.833: [CMS-concurrent-sweep-start]
2024-03-31T19:58:47.821+0800: 1579.833: [CMS-concurrent-sweep: 0.000/0.000 secs] [Times: user=0.00 sys=0.00, real=0.00 secs] 
2024-03-31T19:58:47.823+0800: 1579.836: [CMS-concurrent-reset-start]
2024-03-31T19:58:47.824+0800: 1579.837: [CMS-concurrent-reset: 0.000/0.000 secs] [Times: user=0.00 sys=0.00, real=0.00 secs] 
2024-03-31T19:58:49.835+0800: 1581.848: [GC (CMS Initial Mark) [1 CMS-initial-mark: 63K(64K)] 97221K(118016K), 0.1059610 secs] [Times: user=0.10 sys=0.00, real=0.11 secs] 
2024-03-31T19:58:49.942+0800: 1581.955: [CMS-concurrent-mark-start]
2024-03-31T19:58:49.943+0800: 1581.956: [CMS-concurrent-mark: 0.000/0.000 secs] [Times: user=0.00 sys=0.00, real=0.00 secs] 
2024-03-31T19:58:49.944+0800: 1581.957: [CMS-concurrent-preclean-start]
2024-03-31T19:58:49.946+0800: 1581.959: [CMS-concurrent-preclean: 0.001/0.001 secs] [Times: user=0.00 sys=0.00, real=0.01 secs] 
2024-03-31T19:58:49.948+0800: 1581.960: [CMS-concurrent-abortable-preclean-start]
2024-03-31T19:58:49.948+0800: 1581.961: [CMS-concurrent-abortable-preclean: 0.000/0.000 secs] [Times: user=0.00 sys=0.00, real=0.00 secs] 
2024-03-31T19:58:49.950+0800: 1581.962: [GC (CMS Final Remark) [YG occupancy: 97157 K (117952 K)]2024-03-31T19:58:49.950+0800: 1581.962: [Rescan (non-parallel) 2024-03-31T19:58:49.950+0800: 1581.962: [grey object rescan, 0.0000893 secs]2024-03-31T19:58:49.950+0800: 1581.962: [root rescan, 0.0671948 secs]2024-03-31T19:58:50.017+0800: 1582.030: [visit unhandled CLDs, 0.0001563 secs]2024-03-31T19:58:50.018+0800: 1582.030: [dirty klass scan, 0.0013685 secs], 0.0692976 secs]2024-03-31T19:58:50.019+0800: 1582.032: [weak refs processing, 0.0001020 secs]2024-03-31T19:58:50.019+0800: 1582.032: [class unloading, 0.0135149 secs]2024-03-31T19:58:50.033+0800: 1582.046: [scrub symbol table, 0.0130247 secs]2024-03-31T19:58:50.046+0800: 1582.059: [scrub string table, 0.0004943 secs][1 CMS-remark: 63K(64K)] 97221K(118016K), 0.0999789 secs] [Times: user=0.10 sys=0.00, real=0.10 secs] 
2024-03-31T19:58:50.050+0800: 1582.063: [CMS-concurrent-sweep-start]
2024-03-31T19:58:50.051+0800: 1582.063: [CMS-concurrent-sweep: 0.000/0.000 secs] [Times: user=0.00 sys=0.00, real=0.00 secs] 
2024-03-31T19:58:50.053+0800: 1582.066: [CMS-concurrent-reset-start]
2024-03-31T19:58:50.054+0800: 1582.067: [CMS-concurrent-reset: 0.000/0.000 secs] [Times: user=0.00 sys=0.00, real=0.00 secs] 
2024-03-31T19:58:52.061+0800: 1584.074: [GC (CMS Initial Mark) [1 CMS-initial-mark: 63K(64K)] 97580K(118016K), 0.0990532 secs] [Times: user=0.09 sys=0.00, real=0.10 secs] 
2024-03-31T19:58:52.161+0800: 1584.174: [CMS-concurrent-mark-start]
2024-03-31T19:58:52.162+0800: 1584.174: [CMS-concurrent-mark: 0.000/0.000 secs] [Times: user=0.00 sys=0.00, real=0.00 secs] 
2024-03-31T19:58:52.162+0800: 1584.175: [CMS-concurrent-preclean-start]
2024-03-31T19:58:52.164+0800: 1584.177: [CMS-concurrent-preclean: 0.001/0.001 secs] [Times: user=0.00 sys=0.00, real=0.00 secs] 
2024-03-31T19:58:52.166+0800: 1584.178: [CMS-concurrent-abortable-preclean-start]
2024-03-31T19:58:52.166+0800: 1584.179: [CMS-concurrent-abortable-preclean: 0.000/0.000 secs] [Times: user=0.00 sys=0.00, real=0.01 secs] 
2024-03-31T19:58:52.167+0800: 1584.180: [GC (CMS Final Remark) [YG occupancy: 97516 K (117952 K)]2024-03-31T19:58:52.167+0800: 1584.180: [Rescan (non-parallel) 2024-03-31T19:58:52.167+0800: 1584.180: [grey object rescan, 0.0001070 secs]2024-03-31T19:58:52.168+0800: 1584.180: [root rescan, 0.0699393 secs]2024-03-31T19:58:52.238+0800: 1584.250: [visit unhandled CLDs, 0.0001419 secs]2024-03-31T19:58:52.238+0800: 1584.251: [dirty klass scan, 0.0013400 secs], 0.0721507 secs]2024-03-31T19:58:52.240+0800: 1584.252: [weak refs processing, 0.0001122 secs]2024-03-31T19:58:52.240+0800: 1584.252: [class unloading, 0.0116868 secs]2024-03-31T19:58:52.252+0800: 1584.264: [scrub symbol table, 0.0098517 secs]2024-03-31T19:58:52.262+0800: 1584.274: [scrub string table, 0.0004743 secs][1 CMS-remark: 63K(64K)] 97580K(118016K), 0.0978409 secs] [Times: user=0.10 sys=0.00, real=0.10 secs] 
2024-03-31T19:58:52.266+0800: 1584.278: [CMS-concurrent-sweep-start]
2024-03-31T19:58:52.266+0800: 1584.279: [CMS-concurrent-sweep: 0.000/0.000 secs] [Times: user=0.00 sys=0.00, real=0.00 secs] 
2024-03-31T19:58:52.268+0800: 1584.280: [CMS-concurrent-reset-start]
2024-03-31T19:58:52.268+0800: 1584.281: [CMS-concurrent-reset: 0.000/0.000 secs] [Times: user=0.00 sys=0.00, real=0.00 secs] 
2024-03-31T19:58:54.275+0800: 1586.288: [GC (CMS Initial Mark) [1 CMS-initial-mark: 63K(64K)] 97727K(118016K), 0.1060864 secs] [Times: user=0.11 sys=0.00, real=0.10 secs] 
2024-03-31T19:58:54.382+0800: 1586.395: [CMS-concurrent-mark-start]
2024-03-31T19:58:54.383+0800: 1586.395: [CMS-concurrent-mark: 0.000/0.000 secs] [Times: user=0.00 sys=0.00, real=0.00 secs] 
2024-03-31T19:58:54.384+0800: 1586.396: [CMS-concurrent-preclean-start]
2024-03-31T19:58:54.386+0800: 1586.399: [CMS-concurrent-preclean: 0.001/0.001 secs] [Times: user=0.00 sys=0.00, real=0.01 secs] 
2024-03-31T19:58:54.387+0800: 1586.400: [CMS-concurrent-abortable-preclean-start]
2024-03-31T19:58:54.389+0800: 1586.401: [CMS-concurrent-abortable-preclean: 0.000/0.000 secs] [Times: user=0.01 sys=0.00, real=0.00 secs] 
2024-03-31T19:58:54.391+0800: 1586.404: [GC (CMS Final Remark) [YG occupancy: 97692 K (117952 K)]2024-03-31T19:58:54.391+0800: 1586.404: [Rescan (non-parallel) 2024-03-31T19:58:54.391+0800: 1586.404: [grey object rescan, 0.0001245 secs]2024-03-31T19:58:54.392+0800: 1586.404: [root rescan, 0.0700666 secs]2024-03-31T19:58:54.462+0800: 1586.475: [visit unhandled CLDs, 0.0001965 secs]2024-03-31T19:58:54.462+0800: 1586.475: [dirty klass scan, 0.0014569 secs], 0.0725427 secs]2024-03-31T19:58:54.464+0800: 1586.476: [weak refs processing, 0.0001485 secs]2024-03-31T19:58:54.464+0800: 1586.477: [class unloading, 0.0122525 secs]2024-03-31T19:58:54.477+0800: 1586.489: [scrub symbol table, 0.0104815 secs]2024-03-31T19:58:54.487+0800: 1586.500: [scrub string table, 0.0005475 secs][1 CMS-remark: 63K(64K)] 97755K(118016K), 0.1000190 secs] [Times: user=0.10 sys=0.00, real=0.10 secs] 
2024-03-31T19:58:54.492+0800: 1586.505: [CMS-concurrent-sweep-start]
2024-03-31T19:58:54.493+0800: 1586.505: [CMS-concurrent-sweep: 0.000/0.000 secs] [Times: user=0.00 sys=0.00, real=0.00 secs] 
2024-03-31T19:58:54.495+0800: 1586.508: [CMS-concurrent-reset-start]
2024-03-31T19:58:54.496+0800: 1586.509: [CMS-concurrent-reset: 0.000/0.000 secs] [Times: user=0.00 sys=0.00, real=0.01 secs] 
2024-03-31T19:58:56.508+0800: 1588.521: [GC (CMS Initial Mark) [1 CMS-initial-mark: 63K(64K)] 98047K(118016K), 0.0770123 secs] [Times: user=0.07 sys=0.00, real=0.08 secs] 
2024-03-31T19:58:56.586+0800: 1588.599: [CMS-concurrent-mark-start]
2024-03-31T19:58:56.587+0800: 1588.599: [CMS-concurrent-mark: 0.000/0.000 secs] [Times: user=0.00 sys=0.00, real=0.00 secs] 
2024-03-31T19:58:56.587+0800: 1588.600: [CMS-concurrent-preclean-start]
2024-03-31T19:58:56.589+0800: 1588.602: [CMS-concurrent-preclean: 0.001/0.001 secs] [Times: user=0.01 sys=0.00, real=0.00 secs] 
2024-03-31T19:58:56.590+0800: 1588.603: [CMS-concurrent-abortable-preclean-start]
2024-03-31T19:58:56.591+0800: 1588.603: [CMS-concurrent-abortable-preclean: 0.000/0.000 secs] [Times: user=0.00 sys=0.00, real=0.00 secs] 
2024-03-31T19:58:56.592+0800: 1588.604: [GC (CMS Final Remark) [YG occupancy: 97983 K (117952 K)]2024-03-31T19:58:56.592+0800: 1588.604: [Rescan (non-parallel) 2024-03-31T19:58:56.592+0800: 1588.605: [grey object rescan, 0.0001270 secs]2024-03-31T19:58:56.592+0800: 1588.605: [root rescan, 0.0703873 secs]2024-03-31T19:58:56.663+0800: 1588.676: [visit unhandled CLDs, 0.0001724 secs]2024-03-31T19:58:56.663+0800: 1588.676: [dirty klass scan, 0.0013895 secs], 0.0728390 secs]2024-03-31T19:58:56.665+0800: 1588.677: [weak refs processing, 0.0001413 secs]2024-03-31T19:58:56.665+0800: 1588.678: [class unloading, 0.0122343 secs]2024-03-31T19:58:56.677+0800: 1588.690: [scrub symbol table, 0.0098980 secs]2024-03-31T19:58:56.687+0800: 1588.700: [scrub string table, 0.0005353 secs][1 CMS-remark: 63K(64K)] 98047K(118016K), 0.0993447 secs] [Times: user=0.10 sys=0.00, real=0.10 secs] 
2024-03-31T19:58:56.692+0800: 1588.705: [CMS-concurrent-sweep-start]
2024-03-31T19:58:56.692+0800: 1588.705: [CMS-concurrent-sweep: 0.000/0.000 secs] [Times: user=0.00 sys=0.00, real=0.00 secs] 
2024-03-31T19:58:56.695+0800: 1588.707: [CMS-concurrent-reset-start]
2024-03-31T19:58:56.695+0800: 1588.708: [CMS-concurrent-reset: 0.000/0.000 secs] [Times: user=0.00 sys=0.00, real=0.01 secs] 
2024-03-31T19:58:58.703+0800: 1590.716: [GC (CMS Initial Mark) [1 CMS-initial-mark: 63K(64K)] 98409K(118016K), 0.1070278 secs] [Times: user=0.10 sys=0.00, real=0.11 secs] 
2024-03-31T19:58:58.811+0800: 1590.824: [CMS-concurrent-mark-start]
2024-03-31T19:58:58.812+0800: 1590.825: [CMS-concurrent-mark: 0.000/0.000 secs] [Times: user=0.01 sys=0.00, real=0.00 secs] 
2024-03-31T19:58:58.814+0800: 1590.827: [CMS-concurrent-preclean-start]
2024-03-31T19:58:58.817+0800: 1590.829: [CMS-concurrent-preclean: 0.001/0.001 secs] [Times: user=0.00 sys=0.00, real=0.01 secs] 
2024-03-31T19:58:58.818+0800: 1590.830: [CMS-concurrent-abortable-preclean-start]
2024-03-31T19:58:58.818+0800: 1590.830: [CMS-concurrent-abortable-preclean: 0.000/0.000 secs] [Times: user=0.00 sys=0.00, real=0.00 secs] 
2024-03-31T19:58:58.819+0800: 1590.831: [GC (CMS Final Remark) [YG occupancy: 98353 K (117952 K)]2024-03-31T19:58:58.819+0800: 1590.831: [Rescan (non-parallel) 2024-03-31T19:58:58.819+0800: 1590.831: [grey object rescan, 0.0001083 secs]2024-03-31T19:58:58.819+0800: 1590.832: [root rescan, 0.0676726 secs]2024-03-31T19:58:58.887+0800: 1590.900: [visit unhandled CLDs, 0.0001653 secs]2024-03-31T19:58:58.887+0800: 1590.900: [dirty klass scan, 0.0012813 secs], 0.0698160 secs]2024-03-31T19:58:58.889+0800: 1590.901: [weak refs processing, 0.0001364 secs]2024-03-31T19:58:58.889+0800: 1590.901: [class unloading, 0.0116297 secs]2024-03-31T19:58:58.901+0800: 1590.913: [scrub symbol table, 0.0096938 secs]2024-03-31T19:58:58.911+0800: 1590.923: [scrub string table, 0.0005430 secs][1 CMS-remark: 63K(64K)] 98416K(118016K), 0.0953931 secs] [Times: user=0.10 sys=0.00, real=0.09 secs] 
2024-03-31T19:58:58.914+0800: 1590.927: [CMS-concurrent-sweep-start]
2024-03-31T19:58:58.915+0800: 1590.927: [CMS-concurrent-sweep: 0.000/0.000 secs] [Times: user=0.00 sys=0.00, real=0.00 secs] 
2024-03-31T19:58:58.916+0800: 1590.928: [CMS-concurrent-reset-start]
2024-03-31T19:58:58.916+0800: 1590.929: [CMS-concurrent-reset: 0.000/0.000 secs] [Times: user=0.00 sys=0.00, real=0.00 secs] 
2024-03-31T19:59:00.926+0800: 1592.937: [GC (CMS Initial Mark) [1 CMS-initial-mark: 63K(64K)] 98709K(118016K), 0.0967754 secs] [Times: user=0.10 sys=0.00, real=0.10 secs] 
2024-03-31T19:59:01.023+0800: 1593.035: [CMS-concurrent-mark-start]
2024-03-31T19:59:01.024+0800: 1593.035: [CMS-concurrent-mark: 0.000/0.000 secs] [Times: user=0.00 sys=0.00, real=0.00 secs] 
2024-03-31T19:59:01.025+0800: 1593.036: [CMS-concurrent-preclean-start]
2024-03-31T19:59:01.027+0800: 1593.039: [CMS-concurrent-preclean: 0.001/0.001 secs] [Times: user=0.00 sys=0.00, real=0.01 secs] 
2024-03-31T19:59:01.028+0800: 1593.040: [CMS-concurrent-abortable-preclean-start]
2024-03-31T19:59:01.029+0800: 1593.041: [CMS-concurrent-abortable-preclean: 0.000/0.000 secs] [Times: user=0.01 sys=0.00, real=0.00 secs] 
2024-03-31T19:59:01.030+0800: 1593.042: [GC (CMS Final Remark) [YG occupancy: 98645 K (117952 K)]2024-03-31T19:59:01.031+0800: 1593.042: [Rescan (non-parallel) 2024-03-31T19:59:01.031+0800: 1593.042: [grey object rescan, 0.0001095 secs]2024-03-31T19:59:01.031+0800: 1593.043: [root rescan, 0.0681086 secs]2024-03-31T19:59:01.099+0800: 1593.111: [visit unhandled CLDs, 0.0001633 secs]2024-03-31T19:59:01.100+0800: 1593.111: [dirty klass scan, 0.0012508 secs], 0.0702572 secs]2024-03-31T19:59:01.101+0800: 1593.113: [weak refs processing, 0.0001609 secs]2024-03-31T19:59:01.101+0800: 1593.113: [class unloading, 0.0117892 secs]2024-03-31T19:59:01.113+0800: 1593.125: [scrub symbol table, 0.0097883 secs]2024-03-31T19:59:01.123+0800: 1593.135: [scrub string table, 0.0005189 secs][1 CMS-remark: 63K(64K)] 98709K(118016K), 0.0961080 secs] [Times: user=0.09 sys=0.00, real=0.10 secs] 
2024-03-31T19:59:01.127+0800: 1593.139: [CMS-concurrent-sweep-start]
2024-03-31T19:59:01.127+0800: 1593.139: [CMS-concurrent-sweep: 0.000/0.000 secs] [Times: user=0.00 sys=0.00, real=0.00 secs] 
2024-03-31T19:59:01.128+0800: 1593.140: [CMS-concurrent-reset-start]
2024-03-31T19:59:01.129+0800: 1593.140: [CMS-concurrent-reset: 0.000/0.000 secs] [Times: user=0.00 sys=0.00, real=0.00 secs] 
2024-03-31T19:59:03.133+0800: 1595.145: [GC (CMS Initial Mark) [1 CMS-initial-mark: 63K(64K)] 99094K(118016K), 0.0959946 secs] [Times: user=0.10 sys=0.01, real=0.10 secs] 
2024-03-31T19:59:03.230+0800: 1595.241: [CMS-concurrent-mark-start]
2024-03-31T19:59:03.230+0800: 1595.242: [CMS-concurrent-mark: 0.000/0.000 secs] [Times: user=0.00 sys=0.00, real=0.00 secs] 
2024-03-31T19:59:03.231+0800: 1595.242: [CMS-concurrent-preclean-start]
2024-03-31T19:59:03.232+0800: 1595.244: [CMS-concurrent-preclean: 0.001/0.001 secs] [Times: user=0.00 sys=0.00, real=0.00 secs] 
2024-03-31T19:59:03.233+0800: 1595.245: [CMS-concurrent-abortable-preclean-start]
2024-03-31T19:59:03.234+0800: 1595.245: [CMS-concurrent-abortable-preclean: 0.000/0.000 secs] [Times: user=0.00 sys=0.00, real=0.00 secs] 
2024-03-31T19:59:03.235+0800: 1595.246: [GC (CMS Final Remark) [YG occupancy: 99030 K (117952 K)]2024-03-31T19:59:03.235+0800: 1595.246: [Rescan (non-parallel) 2024-03-31T19:59:03.235+0800: 1595.247: [grey object rescan, 0.0001153 secs]2024-03-31T19:59:03.235+0800: 1595.247: [root rescan, 0.0704165 secs]2024-03-31T19:59:03.306+0800: 1595.317: [visit unhandled CLDs, 0.0002610 secs]2024-03-31T19:59:03.306+0800: 1595.318: [dirty klass scan, 0.0017277 secs], 0.0732994 secs]2024-03-31T19:59:03.308+0800: 1595.320: [weak refs processing, 0.0001348 secs]2024-03-31T19:59:03.308+0800: 1595.320: [class unloading, 0.0124928 secs]2024-03-31T19:59:03.321+0800: 1595.333: [scrub symbol table, 0.0130690 secs]2024-03-31T19:59:03.334+0800: 1595.346: [scrub string table, 0.0005725 secs][1 CMS-remark: 63K(64K)] 99094K(118016K), 0.1035955 secs] [Times: user=0.10 sys=0.00, real=0.11 secs] 
2024-03-31T19:59:03.339+0800: 1595.351: [CMS-concurrent-sweep-start]
2024-03-31T19:59:03.340+0800: 1595.351: [CMS-concurrent-sweep: 0.000/0.000 secs] [Times: user=0.01 sys=0.00, real=0.00 secs] 
2024-03-31T19:59:03.341+0800: 1595.353: [CMS-concurrent-reset-start]
2024-03-31T19:59:03.342+0800: 1595.354: [CMS-concurrent-reset: 0.000/0.000 secs] [Times: user=0.00 sys=0.00, real=0.00 secs] 
2024-03-31T19:59:05.349+0800: 1597.361: [GC (CMS Initial Mark) [1 CMS-initial-mark: 63K(64K)] 99199K(118016K), 0.0872792 secs] [Times: user=0.08 sys=0.00, real=0.09 secs] 
2024-03-31T19:59:05.437+0800: 1597.449: [CMS-concurrent-mark-start]
2024-03-31T19:59:05.438+0800: 1597.450: [CMS-concurrent-mark: 0.000/0.000 secs] [Times: user=0.01 sys=0.00, real=0.00 secs] 
2024-03-31T19:59:05.439+0800: 1597.451: [CMS-concurrent-preclean-start]
2024-03-31T19:59:05.441+0800: 1597.453: [CMS-concurrent-preclean: 0.001/0.001 secs] [Times: user=0.00 sys=0.00, real=0.00 secs] 
2024-03-31T19:59:05.442+0800: 1597.454: [CMS-concurrent-abortable-preclean-start]
2024-03-31T19:59:05.443+0800: 1597.455: [CMS-concurrent-abortable-preclean: 0.000/0.000 secs] [Times: user=0.00 sys=0.00, real=0.00 secs] 
2024-03-31T19:59:05.444+0800: 1597.456: [GC (CMS Final Remark) [YG occupancy: 99135 K (117952 K)]2024-03-31T19:59:05.445+0800: 1597.457: [Rescan (non-parallel) 2024-03-31T19:59:05.446+0800: 1597.458: [grey object rescan, 0.0004295 secs]2024-03-31T19:59:05.447+0800: 1597.459: [root rescan, 0.0724831 secs]2024-03-31T19:59:05.520+0800: 1597.531: [visit unhandled CLDs, 0.0002134 secs]2024-03-31T19:59:05.520+0800: 1597.532: [dirty klass scan, 0.0014399 secs], 0.0765268 secs]2024-03-31T19:59:05.522+0800: 1597.533: [weak refs processing, 0.0001462 secs]2024-03-31T19:59:05.522+0800: 1597.534: [class unloading, 0.0126954 secs]2024-03-31T19:59:05.535+0800: 1597.547: [scrub symbol table, 0.0108227 secs]2024-03-31T19:59:05.546+0800: 1597.557: [scrub string table, 0.0005013 secs][1 CMS-remark: 63K(64K)] 99199K(118016K), 0.1050133 secs] [Times: user=0.10 sys=0.00, real=0.11 secs] 
2024-03-31T19:59:05.551+0800: 1597.562: [CMS-concurrent-sweep-start]
2024-03-31T19:59:05.551+0800: 1597.563: [CMS-concurrent-sweep: 0.000/0.000 secs] [Times: user=0.00 sys=0.00, real=0.00 secs] 
2024-03-31T19:59:05.553+0800: 1597.565: [CMS-concurrent-reset-start]
2024-03-31T19:59:05.554+0800: 1597.566: [CMS-concurrent-reset: 0.000/0.000 secs] [Times: user=0.00 sys=0.00, real=0.00 secs] 
2024-03-31T19:59:07.554+0800: 1599.566: [GC (CMS Initial Mark) [1 CMS-initial-mark: 63K(64K)] 99573K(118016K), 0.0813110 secs] [Times: user=0.08 sys=0.00, real=0.08 secs] 
2024-03-31T19:59:07.636+0800: 1599.648: [CMS-concurrent-mark-start]
2024-03-31T19:59:07.637+0800: 1599.649: [CMS-concurrent-mark: 0.000/0.000 secs] [Times: user=0.00 sys=0.00, real=0.00 secs] 
2024-03-31T19:59:07.637+0800: 1599.649: [CMS-concurrent-preclean-start]
2024-03-31T19:59:07.639+0800: 1599.651: [CMS-concurrent-preclean: 0.001/0.001 secs] [Times: user=0.01 sys=0.00, real=0.00 secs] 
2024-03-31T19:59:07.640+0800: 1599.651: [CMS-concurrent-abortable-preclean-start]
2024-03-31T19:59:07.640+0800: 1599.652: [CMS-concurrent-abortable-preclean: 0.000/0.000 secs] [Times: user=0.00 sys=0.00, real=0.00 secs] 
2024-03-31T19:59:07.641+0800: 1599.653: [GC (CMS Final Remark) [YG occupancy: 99509 K (117952 K)]2024-03-31T19:59:07.641+0800: 1599.653: [Rescan (non-parallel) 2024-03-31T19:59:07.641+0800: 1599.653: [grey object rescan, 0.0001003 secs]2024-03-31T19:59:07.641+0800: 1599.653: [root rescan, 0.0693270 secs]2024-03-31T19:59:07.711+0800: 1599.723: [visit unhandled CLDs, 0.0001955 secs]2024-03-31T19:59:07.711+0800: 1599.723: [dirty klass scan, 0.0014381 secs], 0.0718301 secs]2024-03-31T19:59:07.713+0800: 1599.725: [weak refs processing, 0.0001994 secs]2024-03-31T19:59:07.713+0800: 1599.725: [class unloading, 0.0125544 secs]2024-03-31T19:59:07.726+0800: 1599.738: [scrub symbol table, 0.0120898 secs]2024-03-31T19:59:07.739+0800: 1599.750: [scrub string table, 0.0006223 secs][1 CMS-remark: 63K(64K)] 99573K(118016K), 0.1014179 secs] [Times: user=0.10 sys=0.00, real=0.10 secs] 
2024-03-31T19:59:07.743+0800: 1599.755: [CMS-concurrent-sweep-start]
2024-03-31T19:59:07.744+0800: 1599.755: [CMS-concurrent-sweep: 0.000/0.000 secs] [Times: user=0.00 sys=0.00, real=0.00 secs] 
2024-03-31T19:59:07.745+0800: 1599.757: [CMS-concurrent-reset-start]
2024-03-31T19:59:07.746+0800: 1599.757: [CMS-concurrent-reset: 0.000/0.000 secs] [Times: user=0.00 sys=0.00, real=0.01 secs] 
2024-03-31T19:59:09.750+0800: 1601.762: [GC (CMS Initial Mark) [1 CMS-initial-mark: 63K(64K)] 99779K(118016K), 0.0905063 secs] [Times: user=0.09 sys=0.00, real=0.09 secs] 
2024-03-31T19:59:09.842+0800: 1601.854: [CMS-concurrent-mark-start]
2024-03-31T19:59:09.843+0800: 1601.854: [CMS-concurrent-mark: 0.000/0.000 secs] [Times: user=0.00 sys=0.00, real=0.00 secs] 
2024-03-31T19:59:09.843+0800: 1601.855: [CMS-concurrent-preclean-start]
2024-03-31T19:59:09.846+0800: 1601.857: [CMS-concurrent-preclean: 0.001/0.001 secs] [Times: user=0.01 sys=0.00, real=0.01 secs] 
2024-03-31T19:59:09.847+0800: 1601.858: [CMS-concurrent-abortable-preclean-start]
2024-03-31T19:59:09.848+0800: 1601.860: [CMS-concurrent-abortable-preclean: 0.000/0.000 secs] [Times: user=0.00 sys=0.01, real=0.00 secs] 
2024-03-31T19:59:09.850+0800: 1601.862: [GC (CMS Final Remark) [YG occupancy: 99715 K (117952 K)]2024-03-31T19:59:09.850+0800: 1601.862: [Rescan (non-parallel) 2024-03-31T19:59:09.850+0800: 1601.862: [grey object rescan, 0.0003502 secs]2024-03-31T19:59:09.851+0800: 1601.862: [root rescan, 0.0788369 secs]2024-03-31T19:59:09.930+0800: 1601.942: [visit unhandled CLDs, 0.0002103 secs]2024-03-31T19:59:09.930+0800: 1601.942: [dirty klass scan, 0.0017063 secs], 0.0820050 secs]2024-03-31T19:59:09.932+0800: 1601.944: [weak refs processing, 0.0001671 secs]2024-03-31T19:59:09.933+0800: 1601.944: [class unloading, 0.0159426 secs]2024-03-31T19:59:09.949+0800: 1601.961: [scrub symbol table, 0.0130673 secs]2024-03-31T19:59:09.962+0800: 1601.974: [scrub string table, 0.0006206 secs][1 CMS-remark: 63K(64K)] 99779K(118016K), 0.1162839 secs] [Times: user=0.11 sys=0.00, real=0.12 secs] 
2024-03-31T19:59:09.967+0800: 1601.979: [CMS-concurrent-sweep-start]
2024-03-31T19:59:09.968+0800: 1601.980: [CMS-concurrent-sweep: 0.000/0.000 secs] [Times: user=0.00 sys=0.00, real=0.00 secs] 
2024-03-31T19:59:09.970+0800: 1601.982: [CMS-concurrent-reset-start]
2024-03-31T19:59:09.971+0800: 1601.983: [CMS-concurrent-reset: 0.000/0.000 secs] [Times: user=0.01 sys=0.00, real=0.00 secs] 
2024-03-31T19:59:11.975+0800: 1603.986: [GC (CMS Initial Mark) [1 CMS-initial-mark: 63K(64K)] 99931K(118016K), 0.0779030 secs] [Times: user=0.08 sys=0.00, real=0.08 secs] 
2024-03-31T19:59:12.054+0800: 1604.065: [CMS-concurrent-mark-start]
2024-03-31T19:59:12.054+0800: 1604.066: [CMS-concurrent-mark: 0.000/0.000 secs] [Times: user=0.00 sys=0.00, real=0.00 secs] 
2024-03-31T19:59:12.056+0800: 1604.068: [CMS-concurrent-preclean-start]
2024-03-31T19:59:12.059+0800: 1604.070: [CMS-concurrent-preclean: 0.001/0.001 secs] [Times: user=0.01 sys=0.00, real=0.01 secs] 
2024-03-31T19:59:12.060+0800: 1604.072: [CMS-concurrent-abortable-preclean-start]
2024-03-31T19:59:12.062+0800: 1604.073: [CMS-concurrent-abortable-preclean: 0.000/0.000 secs] [Times: user=0.00 sys=0.00, real=0.00 secs] 
2024-03-31T19:59:12.062+0800: 1604.074: [GC (CMS Final Remark) [YG occupancy: 99867 K (117952 K)]2024-03-31T19:59:12.062+0800: 1604.074: [Rescan (non-parallel) 2024-03-31T19:59:12.063+0800: 1604.074: [grey object rescan, 0.0001043 secs]2024-03-31T19:59:12.063+0800: 1604.074: [root rescan, 0.0711984 secs]2024-03-31T19:59:12.134+0800: 1604.146: [visit unhandled CLDs, 0.0001601 secs]2024-03-31T19:59:12.134+0800: 1604.146: [dirty klass scan, 0.0014817 secs], 0.0736241 secs]2024-03-31T19:59:12.136+0800: 1604.148: [weak refs processing, 0.0001449 secs]2024-03-31T19:59:12.136+0800: 1604.148: [class unloading, 0.0128654 secs]2024-03-31T19:59:12.150+0800: 1604.161: [scrub symbol table, 0.0099818 secs]2024-03-31T19:59:12.160+0800: 1604.171: [scrub string table, 0.0005472 secs][1 CMS-remark: 63K(64K)] 99931K(118016K), 0.1008219 secs] [Times: user=0.10 sys=0.00, real=0.10 secs] 
2024-03-31T19:59:12.164+0800: 1604.175: [CMS-concurrent-sweep-start]
2024-03-31T19:59:12.164+0800: 1604.176: [CMS-concurrent-sweep: 0.000/0.000 secs] [Times: user=0.00 sys=0.00, real=0.00 secs] 
2024-03-31T19:59:12.166+0800: 1604.177: [CMS-concurrent-reset-start]
2024-03-31T19:59:12.166+0800: 1604.178: [CMS-concurrent-reset: 0.000/0.000 secs] [Times: user=0.01 sys=0.00, real=0.01 secs] 
2024-03-31T19:59:14.178+0800: 1606.190: [GC (CMS Initial Mark) [1 CMS-initial-mark: 63K(64K)] 100176K(118016K), 0.1126007 secs] [Times: user=0.12 sys=0.00, real=0.11 secs] 
2024-03-31T19:59:14.292+0800: 1606.303: [CMS-concurrent-mark-start]
2024-03-31T19:59:14.292+0800: 1606.304: [CMS-concurrent-mark: 0.000/0.000 secs] [Times: user=0.00 sys=0.00, real=0.00 secs] 
2024-03-31T19:59:14.294+0800: 1606.305: [CMS-concurrent-preclean-start]
2024-03-31T19:59:14.296+0800: 1606.308: [CMS-concurrent-preclean: 0.001/0.001 secs] [Times: user=0.00 sys=0.00, real=0.01 secs] 
2024-03-31T19:59:14.296+0800: 1606.308: [CMS-concurrent-abortable-preclean-start]
2024-03-31T19:59:14.296+0800: 1606.308: [CMS-concurrent-abortable-preclean: 0.000/0.000 secs] [Times: user=0.00 sys=0.00, real=0.00 secs] 
2024-03-31T19:59:14.297+0800: 1606.308: [GC (CMS Final Remark) [YG occupancy: 100112 K (117952 K)]2024-03-31T19:59:14.297+0800: 1606.309: [Rescan (non-parallel) 2024-03-31T19:59:14.297+0800: 1606.309: [grey object rescan, 0.0000968 secs]2024-03-31T19:59:14.297+0800: 1606.309: [root rescan, 0.0691650 secs]2024-03-31T19:59:14.367+0800: 1606.378: [visit unhandled CLDs, 0.0001691 secs]2024-03-31T19:59:14.367+0800: 1606.379: [dirty klass scan, 0.0012850 secs], 0.0713648 secs]2024-03-31T19:59:14.368+0800: 1606.380: [weak refs processing, 0.0001434 secs]2024-03-31T19:59:14.369+0800: 1606.380: [class unloading, 0.0117882 secs]2024-03-31T19:59:14.381+0800: 1606.392: [scrub symbol table, 0.0098315 secs]2024-03-31T19:59:14.391+0800: 1606.402: [scrub string table, 0.0005003 secs][1 CMS-remark: 63K(64K)] 100176K(118016K), 0.0972477 secs] [Times: user=0.10 sys=0.00, real=0.09 secs] 
2024-03-31T19:59:14.395+0800: 1606.406: [CMS-concurrent-sweep-start]
2024-03-31T19:59:14.395+0800: 1606.406: [CMS-concurrent-sweep: 0.000/0.000 secs] [Times: user=0.00 sys=0.00, real=0.00 secs] 
2024-03-31T19:59:14.395+0800: 1606.406: [CMS-concurrent-reset-start]
2024-03-31T19:59:14.395+0800: 1606.406: [CMS-concurrent-reset: 0.000/0.000 secs] [Times: user=0.00 sys=0.00, real=0.00 secs] 
2024-03-31T19:59:16.402+0800: 1608.414: [GC (CMS Initial Mark) [1 CMS-initial-mark: 63K(64K)] 100219K(118016K), 0.1068521 secs] [Times: user=0.10 sys=0.00, real=0.11 secs] 
2024-03-31T19:59:16.510+0800: 1608.522: [CMS-concurrent-mark-start]
2024-03-31T19:59:16.511+0800: 1608.522: [CMS-concurrent-mark: 0.000/0.000 secs] [Times: user=0.00 sys=0.00, real=0.00 secs] 
2024-03-31T19:59:16.512+0800: 1608.524: [CMS-concurrent-preclean-start]
2024-03-31T19:59:16.514+0800: 1608.526: [CMS-concurrent-preclean: 0.001/0.001 secs] [Times: user=0.01 sys=0.00, real=0.00 secs] 
2024-03-31T19:59:16.516+0800: 1608.528: [CMS-concurrent-abortable-preclean-start]
2024-03-31T19:59:16.517+0800: 1608.528: [CMS-concurrent-abortable-preclean: 0.000/0.000 secs] [Times: user=0.00 sys=0.00, real=0.01 secs] 
2024-03-31T19:59:16.517+0800: 1608.529: [GC (CMS Final Remark) [YG occupancy: 100158 K (117952 K)]2024-03-31T19:59:16.518+0800: 1608.529: [Rescan (non-parallel) 2024-03-31T19:59:16.518+0800: 1608.529: [grey object rescan, 0.0001230 secs]2024-03-31T19:59:16.518+0800: 1608.530: [root rescan, 0.0699413 secs]2024-03-31T19:59:16.588+0800: 1608.600: [visit unhandled CLDs, 0.0001606 secs]2024-03-31T19:59:16.588+0800: 1608.600: [dirty klass scan, 0.0013224 secs], 0.0722073 secs]2024-03-31T19:59:16.590+0800: 1608.602: [weak refs processing, 0.0001458 secs]2024-03-31T19:59:16.590+0800: 1608.602: [class unloading, 0.0117772 secs]2024-03-31T19:59:16.602+0800: 1608.614: [scrub symbol table, 0.0097193 secs]2024-03-31T19:59:16.612+0800: 1608.624: [scrub string table, 0.0004981 secs][1 CMS-remark: 63K(64K)] 100222K(118016K), 0.0980688 secs] [Times: user=0.10 sys=0.00, real=0.09 secs] 
2024-03-31T19:59:16.616+0800: 1608.628: [CMS-concurrent-sweep-start]
2024-03-31T19:59:16.617+0800: 1608.629: [CMS-concurrent-sweep: 0.000/0.000 secs] [Times: user=0.00 sys=0.00, real=0.00 secs] 
2024-03-31T19:59:16.619+0800: 1608.630: [CMS-concurrent-reset-start]
2024-03-31T19:59:16.619+0800: 1608.631: [CMS-concurrent-reset: 0.000/0.000 secs] [Times: user=0.00 sys=0.00, real=0.00 secs] 
2024-03-31T19:59:18.628+0800: 1610.640: [GC (CMS Initial Mark) [1 CMS-initial-mark: 63K(64K)] 100549K(118016K), 0.1117683 secs] [Times: user=0.11 sys=0.00, real=0.11 secs] 
2024-03-31T19:59:18.741+0800: 1610.753: [CMS-concurrent-mark-start]
2024-03-31T19:59:18.741+0800: 1610.753: [CMS-concurrent-mark: 0.000/0.000 secs] [Times: user=0.00 sys=0.00, real=0.00 secs] 
2024-03-31T19:59:18.743+0800: 1610.754: [CMS-concurrent-preclean-start]
2024-03-31T19:59:18.745+0800: 1610.756: [CMS-concurrent-preclean: 0.001/0.001 secs] [Times: user=0.01 sys=0.00, real=0.00 secs] 
2024-03-31T19:59:18.745+0800: 1610.757: [CMS-concurrent-abortable-preclean-start]
2024-03-31T19:59:18.745+0800: 1610.757: [CMS-concurrent-abortable-preclean: 0.000/0.000 secs] [Times: user=0.00 sys=0.00, real=0.00 secs] 
2024-03-31T19:59:18.746+0800: 1610.758: [GC (CMS Final Remark) [YG occupancy: 100485 K (117952 K)]2024-03-31T19:59:18.746+0800: 1610.758: [Rescan (non-parallel) 2024-03-31T19:59:18.746+0800: 1610.758: [grey object rescan, 0.0001010 secs]2024-03-31T19:59:18.747+0800: 1610.758: [root rescan, 0.0691524 secs]2024-03-31T19:59:18.816+0800: 1610.828: [visit unhandled CLDs, 0.0001665 secs]2024-03-31T19:59:18.816+0800: 1610.828: [dirty klass scan, 0.0013226 secs], 0.0713859 secs]2024-03-31T19:59:18.818+0800: 1610.829: [weak refs processing, 0.0001320 secs]2024-03-31T19:59:18.818+0800: 1610.830: [class unloading, 0.0117373 secs]2024-03-31T19:59:18.830+0800: 1610.842: [scrub symbol table, 0.0117181 secs]2024-03-31T19:59:18.842+0800: 1610.854: [scrub string table, 0.0005233 secs][1 CMS-remark: 63K(64K)] 100549K(118016K), 0.0994216 secs] [Times: user=0.10 sys=0.00, real=0.10 secs] 
2024-03-31T19:59:18.846+0800: 1610.858: [CMS-concurrent-sweep-start]
2024-03-31T19:59:18.847+0800: 1610.859: [CMS-concurrent-sweep: 0.000/0.000 secs] [Times: user=0.00 sys=0.00, real=0.00 secs] 
2024-03-31T19:59:18.849+0800: 1610.861: [CMS-concurrent-reset-start]
2024-03-31T19:59:18.850+0800: 1610.862: [CMS-concurrent-reset: 0.000/0.000 secs] [Times: user=0.00 sys=0.00, real=0.00 secs] 
2024-03-31T19:59:20.856+0800: 1612.868: [GC (CMS Initial Mark) [1 CMS-initial-mark: 63K(64K)] 100696K(118016K), 0.1078976 secs] [Times: user=0.11 sys=0.00, real=0.10 secs] 
2024-03-31T19:59:20.965+0800: 1612.977: [CMS-concurrent-mark-start]
2024-03-31T19:59:20.965+0800: 1612.977: [CMS-concurrent-mark: 0.000/0.000 secs] [Times: user=0.00 sys=0.00, real=0.00 secs] 
2024-03-31T19:59:20.967+0800: 1612.978: [CMS-concurrent-preclean-start]
2024-03-31T19:59:20.969+0800: 1612.980: [CMS-concurrent-preclean: 0.001/0.001 secs] [Times: user=0.01 sys=0.00, real=0.01 secs] 
2024-03-31T19:59:20.969+0800: 1612.981: [CMS-concurrent-abortable-preclean-start]
2024-03-31T19:59:20.969+0800: 1612.981: [CMS-concurrent-abortable-preclean: 0.000/0.000 secs] [Times: user=0.00 sys=0.00, real=0.00 secs] 
2024-03-31T19:59:20.970+0800: 1612.982: [GC (CMS Final Remark) [YG occupancy: 100632 K (117952 K)]2024-03-31T19:59:20.970+0800: 1612.982: [Rescan (non-parallel) 2024-03-31T19:59:20.970+0800: 1612.982: [grey object rescan, 0.0001061 secs]2024-03-31T19:59:20.970+0800: 1612.982: [root rescan, 0.0689090 secs]2024-03-31T19:59:21.040+0800: 1613.051: [visit unhandled CLDs, 0.0001595 secs]2024-03-31T19:59:21.040+0800: 1613.051: [dirty klass scan, 0.0013210 secs], 0.0711227 secs]2024-03-31T19:59:21.041+0800: 1613.053: [weak refs processing, 0.0001691 secs]2024-03-31T19:59:21.042+0800: 1613.053: [class unloading, 0.0117484 secs]2024-03-31T19:59:21.054+0800: 1613.065: [scrub symbol table, 0.0094893 secs]2024-03-31T19:59:21.063+0800: 1613.075: [scrub string table, 0.0004929 secs][1 CMS-remark: 63K(64K)] 100696K(118016K), 0.0965920 secs] [Times: user=0.09 sys=0.00, real=0.10 secs] 
2024-03-31T19:59:21.067+0800: 1613.079: [CMS-concurrent-sweep-start]
2024-03-31T19:59:21.067+0800: 1613.079: [CMS-concurrent-sweep: 0.000/0.000 secs] [Times: user=0.00 sys=0.00, real=0.00 secs] 
2024-03-31T19:59:21.068+0800: 1613.079: [CMS-concurrent-reset-start]
2024-03-31T19:59:21.068+0800: 1613.080: [CMS-concurrent-reset: 0.000/0.000 secs] [Times: user=0.00 sys=0.00, real=0.00 secs] 
2024-03-31T19:59:23.076+0800: 1615.088: [GC (CMS Initial Mark) [1 CMS-initial-mark: 63K(64K)] 101092K(118016K), 0.1128202 secs] [Times: user=0.11 sys=0.00, real=0.11 secs] 
2024-03-31T19:59:23.190+0800: 1615.202: [CMS-concurrent-mark-start]
2024-03-31T19:59:23.191+0800: 1615.203: [CMS-concurrent-mark: 0.000/0.000 secs] [Times: user=0.00 sys=0.00, real=0.00 secs] 
2024-03-31T19:59:23.192+0800: 1615.204: [CMS-concurrent-preclean-start]
2024-03-31T19:59:23.194+0800: 1615.206: [CMS-concurrent-preclean: 0.001/0.001 secs] [Times: user=0.00 sys=0.00, real=0.00 secs] 
2024-03-31T19:59:23.196+0800: 1615.208: [CMS-concurrent-abortable-preclean-start]
2024-03-31T19:59:23.197+0800: 1615.208: [CMS-concurrent-abortable-preclean: 0.000/0.000 secs] [Times: user=0.00 sys=0.00, real=0.01 secs] 
2024-03-31T19:59:23.198+0800: 1615.209: [GC (CMS Final Remark) [YG occupancy: 101028 K (117952 K)]2024-03-31T19:59:23.198+0800: 1615.209: [Rescan (non-parallel) 2024-03-31T19:59:23.198+0800: 1615.210: [grey object rescan, 0.0001055 secs]2024-03-31T19:59:23.198+0800: 1615.210: [root rescan, 0.0707258 secs]2024-03-31T19:59:23.269+0800: 1615.281: [visit unhandled CLDs, 0.0001608 secs]2024-03-31T19:59:23.269+0800: 1615.281: [dirty klass scan, 0.0014201 secs], 0.0730257 secs]2024-03-31T19:59:23.271+0800: 1615.283: [weak refs processing, 0.0001367 secs]2024-03-31T19:59:23.271+0800: 1615.283: [class unloading, 0.0118271 secs]2024-03-31T19:59:23.283+0800: 1615.295: [scrub symbol table, 0.0096808 secs]2024-03-31T19:59:23.293+0800: 1615.305: [scrub string table, 0.0005061 secs][1 CMS-remark: 63K(64K)] 101092K(118016K), 0.0987953 secs] [Times: user=0.10 sys=0.00, real=0.10 secs] 
2024-03-31T19:59:23.297+0800: 1615.309: [CMS-concurrent-sweep-start]
2024-03-31T19:59:23.297+0800: 1615.309: [CMS-concurrent-sweep: 0.000/0.000 secs] [Times: user=0.00 sys=0.00, real=0.00 secs] 
2024-03-31T19:59:23.298+0800: 1615.310: [CMS-concurrent-reset-start]
2024-03-31T19:59:23.299+0800: 1615.311: [CMS-concurrent-reset: 0.000/0.000 secs] [Times: user=0.00 sys=0.00, real=0.00 secs] 
2024-03-31T19:59:25.300+0800: 1617.312: [GC (CMS Initial Mark) [1 CMS-initial-mark: 63K(64K)] 101209K(118016K), 0.0945758 secs] [Times: user=0.10 sys=0.01, real=0.09 secs] 
2024-03-31T19:59:25.396+0800: 1617.408: [CMS-concurrent-mark-start]
2024-03-31T19:59:25.396+0800: 1617.408: [CMS-concurrent-mark: 0.000/0.000 secs] [Times: user=0.00 sys=0.00, real=0.01 secs] 
2024-03-31T19:59:25.397+0800: 1617.409: [CMS-concurrent-preclean-start]
2024-03-31T19:59:25.399+0800: 1617.411: [CMS-concurrent-preclean: 0.001/0.001 secs] [Times: user=0.00 sys=0.00, real=0.00 secs] 
2024-03-31T19:59:25.400+0800: 1617.412: [CMS-concurrent-abortable-preclean-start]
2024-03-31T19:59:25.400+0800: 1617.412: [CMS-concurrent-abortable-preclean: 0.000/0.000 secs] [Times: user=0.00 sys=0.00, real=0.00 secs] 
2024-03-31T19:59:25.401+0800: 1617.413: [GC (CMS Final Remark) [YG occupancy: 101146 K (117952 K)]2024-03-31T19:59:25.401+0800: 1617.413: [Rescan (non-parallel) 2024-03-31T19:59:25.401+0800: 1617.413: [grey object rescan, 0.0001065 secs]2024-03-31T19:59:25.401+0800: 1617.413: [root rescan, 0.0694865 secs]2024-03-31T19:59:25.471+0800: 1617.483: [visit unhandled CLDs, 0.0001455 secs]2024-03-31T19:59:25.471+0800: 1617.483: [dirty klass scan, 0.0012860 secs], 0.0716312 secs]2024-03-31T19:59:25.473+0800: 1617.485: [weak refs processing, 0.0001425 secs]2024-03-31T19:59:25.473+0800: 1617.485: [class unloading, 0.0116957 secs]2024-03-31T19:59:25.485+0800: 1617.497: [scrub symbol table, 0.0097798 secs]2024-03-31T19:59:25.495+0800: 1617.507: [scrub string table, 0.0005440 secs][1 CMS-remark: 63K(64K)] 101209K(118016K), 0.0976478 secs] [Times: user=0.10 sys=0.00, real=0.10 secs] 
2024-03-31T19:59:25.500+0800: 1617.511: [CMS-concurrent-sweep-start]
2024-03-31T19:59:25.500+0800: 1617.512: [CMS-concurrent-sweep: 0.000/0.000 secs] [Times: user=0.00 sys=0.00, real=0.00 secs] 
2024-03-31T19:59:25.502+0800: 1617.513: [CMS-concurrent-reset-start]
2024-03-31T19:59:25.503+0800: 1617.514: [CMS-concurrent-reset: 0.000/0.000 secs] [Times: user=0.00 sys=0.00, real=0.00 secs] 
2024-03-31T19:59:27.509+0800: 1619.521: [GC (CMS Initial Mark) [1 CMS-initial-mark: 63K(64K)] 101579K(118016K), 0.1146543 secs] [Times: user=0.11 sys=0.01, real=0.11 secs] 
2024-03-31T19:59:27.625+0800: 1619.636: [CMS-concurrent-mark-start]
2024-03-31T19:59:27.625+0800: 1619.637: [CMS-concurrent-mark: 0.000/0.000 secs] [Times: user=0.00 sys=0.00, real=0.00 secs] 
2024-03-31T19:59:27.626+0800: 1619.638: [CMS-concurrent-preclean-start]
2024-03-31T19:59:27.629+0800: 1619.640: [CMS-concurrent-preclean: 0.001/0.001 secs] [Times: user=0.01 sys=0.00, real=0.01 secs] 
2024-03-31T19:59:27.629+0800: 1619.641: [CMS-concurrent-abortable-preclean-start]
2024-03-31T19:59:27.631+0800: 1619.642: [CMS-concurrent-abortable-preclean: 0.000/0.000 secs] [Times: user=0.00 sys=0.00, real=0.00 secs] 
2024-03-31T19:59:27.632+0800: 1619.644: [GC (CMS Final Remark) [YG occupancy: 101519 K (117952 K)]2024-03-31T19:59:27.632+0800: 1619.644: [Rescan (non-parallel) 2024-03-31T19:59:27.632+0800: 1619.644: [grey object rescan, 0.0001105 secs]2024-03-31T19:59:27.633+0800: 1619.644: [root rescan, 0.0704400 secs]2024-03-31T19:59:27.703+0800: 1619.715: [visit unhandled CLDs, 0.0001637 secs]2024-03-31T19:59:27.703+0800: 1619.715: [dirty klass scan, 0.0012943 secs], 0.0726342 secs]2024-03-31T19:59:27.705+0800: 1619.717: [weak refs processing, 0.0001490 secs]2024-03-31T19:59:27.705+0800: 1619.717: [class unloading, 0.0116870 secs]2024-03-31T19:59:27.717+0800: 1619.729: [scrub symbol table, 0.0095979 secs]2024-03-31T19:59:27.727+0800: 1619.738: [scrub string table, 0.0005033 secs][1 CMS-remark: 63K(64K)] 101583K(118016K), 0.0982004 secs] [Times: user=0.10 sys=0.00, real=0.10 secs] 
2024-03-31T19:59:27.731+0800: 1619.742: [CMS-concurrent-sweep-start]
2024-03-31T19:59:27.731+0800: 1619.743: [CMS-concurrent-sweep: 0.000/0.000 secs] [Times: user=0.00 sys=0.00, real=0.00 secs] 
2024-03-31T19:59:27.733+0800: 1619.745: [CMS-concurrent-reset-start]
2024-03-31T19:59:27.733+0800: 1619.745: [CMS-concurrent-reset: 0.000/0.000 secs] [Times: user=0.00 sys=0.00, real=0.00 secs] 
2024-03-31T19:59:29.741+0800: 1621.753: [GC (CMS Initial Mark) [1 CMS-initial-mark: 63K(64K)] 101785K(118016K), 0.1105880 secs] [Times: user=0.11 sys=0.00, real=0.11 secs] 
2024-03-31T19:59:29.852+0800: 1621.865: [CMS-concurrent-mark-start]
2024-03-31T19:59:29.853+0800: 1621.865: [CMS-concurrent-mark: 0.000/0.000 secs] [Times: user=0.00 sys=0.00, real=0.00 secs] 
2024-03-31T19:59:29.854+0800: 1621.866: [CMS-concurrent-preclean-start]
2024-03-31T19:59:29.855+0800: 1621.868: [CMS-concurrent-preclean: 0.001/0.001 secs] [Times: user=0.01 sys=0.00, real=0.01 secs] 
2024-03-31T19:59:29.856+0800: 1621.868: [CMS-concurrent-abortable-preclean-start]
2024-03-31T19:59:29.856+0800: 1621.868: [CMS-concurrent-abortable-preclean: 0.000/0.000 secs] [Times: user=0.00 sys=0.00, real=0.00 secs] 
2024-03-31T19:59:29.856+0800: 1621.869: [GC (CMS Final Remark) [YG occupancy: 101721 K (117952 K)]2024-03-31T19:59:29.857+0800: 1621.869: [Rescan (non-parallel) 2024-03-31T19:59:29.857+0800: 1621.869: [grey object rescan, 0.0001005 secs]2024-03-31T19:59:29.857+0800: 1621.869: [root rescan, 0.0696274 secs]2024-03-31T19:59:29.927+0800: 1621.939: [visit unhandled CLDs, 0.0001600 secs]2024-03-31T19:59:29.927+0800: 1621.939: [dirty klass scan, 0.0013136 secs], 0.0718159 secs]2024-03-31T19:59:29.929+0800: 1621.941: [weak refs processing, 0.0001638 secs]2024-03-31T19:59:29.929+0800: 1621.941: [class unloading, 0.0115771 secs]2024-03-31T19:59:29.941+0800: 1621.953: [scrub symbol table, 0.0099698 secs]2024-03-31T19:59:29.951+0800: 1621.963: [scrub string table, 0.0005012 secs][1 CMS-remark: 63K(64K)] 101785K(118016K), 0.0978415 secs] [Times: user=0.09 sys=0.00, real=0.09 secs] 
2024-03-31T19:59:29.955+0800: 1621.967: [CMS-concurrent-sweep-start]
2024-03-31T19:59:29.956+0800: 1621.968: [CMS-concurrent-sweep: 0.000/0.000 secs] [Times: user=0.00 sys=0.00, real=0.01 secs] 
2024-03-31T19:59:29.958+0800: 1621.970: [CMS-concurrent-reset-start]
2024-03-31T19:59:29.958+0800: 1621.971: [CMS-concurrent-reset: 0.000/0.000 secs] [Times: user=0.01 sys=0.00, real=0.00 secs] 
2024-03-31T19:59:31.965+0800: 1623.977: [GC (CMS Initial Mark) [1 CMS-initial-mark: 63K(64K)] 102055K(118016K), 0.0953976 secs] [Times: user=0.10 sys=0.00, real=0.10 secs] 
2024-03-31T19:59:32.061+0800: 1624.073: [CMS-concurrent-mark-start]
2024-03-31T19:59:32.062+0800: 1624.074: [CMS-concurrent-mark: 0.000/0.000 secs] [Times: user=0.00 sys=0.00, real=0.00 secs] 
2024-03-31T19:59:32.062+0800: 1624.075: [CMS-concurrent-preclean-start]
2024-03-31T19:59:32.064+0800: 1624.077: [CMS-concurrent-preclean: 0.001/0.001 secs] [Times: user=0.00 sys=0.00, real=0.00 secs] 
2024-03-31T19:59:32.066+0800: 1624.078: [CMS-concurrent-abortable-preclean-start]
2024-03-31T19:59:32.067+0800: 1624.079: [CMS-concurrent-abortable-preclean: 0.000/0.000 secs] [Times: user=0.00 sys=0.00, real=0.01 secs] 
2024-03-31T19:59:32.068+0800: 1624.080: [GC (CMS Final Remark) [YG occupancy: 101991 K (117952 K)]2024-03-31T19:59:32.068+0800: 1624.081: [Rescan (non-parallel) 2024-03-31T19:59:32.068+0800: 1624.081: [grey object rescan, 0.0000996 secs]2024-03-31T19:59:32.069+0800: 1624.081: [root rescan, 0.0752785 secs]2024-03-31T19:59:32.144+0800: 1624.156: [visit unhandled CLDs, 0.0001649 secs]2024-03-31T19:59:32.144+0800: 1624.157: [dirty klass scan, 0.0015614 secs], 0.0777544 secs]2024-03-31T19:59:32.146+0800: 1624.158: [weak refs processing, 0.0002122 secs]2024-03-31T19:59:32.146+0800: 1624.159: [class unloading, 0.0126823 secs]2024-03-31T19:59:32.159+0800: 1624.172: [scrub symbol table, 0.0104671 secs]2024-03-31T19:59:32.170+0800: 1624.182: [scrub string table, 0.0008827 secs][1 CMS-remark: 63K(64K)] 102055K(118016K), 0.1058241 secs] [Times: user=0.11 sys=0.00, real=0.10 secs] 
2024-03-31T19:59:32.175+0800: 1624.187: [CMS-concurrent-sweep-start]
2024-03-31T19:59:32.175+0800: 1624.188: [CMS-concurrent-sweep: 0.000/0.000 secs] [Times: user=0.00 sys=0.00, real=0.01 secs] 
2024-03-31T19:59:32.177+0800: 1624.189: [CMS-concurrent-reset-start]
2024-03-31T19:59:32.178+0800: 1624.190: [CMS-concurrent-reset: 0.000/0.000 secs] [Times: user=0.00 sys=0.00, real=0.00 secs] 
2024-03-31T19:59:34.190+0800: 1626.202: [GC (CMS Initial Mark) [1 CMS-initial-mark: 63K(64K)] 102269K(118016K), 0.1194644 secs] [Times: user=0.12 sys=0.00, real=0.12 secs] 
2024-03-31T19:59:34.310+0800: 1626.322: [CMS-concurrent-mark-start]
2024-03-31T19:59:34.311+0800: 1626.323: [CMS-concurrent-mark: 0.000/0.000 secs] [Times: user=0.00 sys=0.00, real=0.00 secs] 
2024-03-31T19:59:34.312+0800: 1626.324: [CMS-concurrent-preclean-start]
2024-03-31T19:59:34.314+0800: 1626.326: [CMS-concurrent-preclean: 0.001/0.001 secs] [Times: user=0.01 sys=0.01, real=0.00 secs] 
2024-03-31T19:59:34.315+0800: 1626.328: [CMS-concurrent-abortable-preclean-start]
2024-03-31T19:59:34.316+0800: 1626.328: [CMS-concurrent-abortable-preclean: 0.000/0.000 secs] [Times: user=0.00 sys=0.00, real=0.01 secs] 
2024-03-31T19:59:34.317+0800: 1626.330: [GC (CMS Final Remark) [YG occupancy: 102209 K (117952 K)]2024-03-31T19:59:34.318+0800: 1626.330: [Rescan (non-parallel) 2024-03-31T19:59:34.318+0800: 1626.330: [grey object rescan, 0.0001045 secs]2024-03-31T19:59:34.318+0800: 1626.330: [root rescan, 0.0718869 secs]2024-03-31T19:59:34.390+0800: 1626.402: [visit unhandled CLDs, 0.0001833 secs]2024-03-31T19:59:34.390+0800: 1626.403: [dirty klass scan, 0.0015263 secs], 0.0743652 secs]2024-03-31T19:59:34.392+0800: 1626.404: [weak refs processing, 0.0001395 secs]2024-03-31T19:59:34.392+0800: 1626.405: [class unloading, 0.0125529 secs]2024-03-31T19:59:34.405+0800: 1626.417: [scrub symbol table, 0.0104161 secs]2024-03-31T19:59:34.416+0800: 1626.428: [scrub string table, 0.0006272 secs][1 CMS-remark: 63K(64K)] 102273K(118016K), 0.1023712 secs] [Times: user=0.10 sys=0.00, real=0.10 secs] 
2024-03-31T19:59:34.421+0800: 1626.433: [CMS-concurrent-sweep-start]
2024-03-31T19:59:34.421+0800: 1626.434: [CMS-concurrent-sweep: 0.000/0.000 secs] [Times: user=0.00 sys=0.00, real=0.00 secs] 
2024-03-31T19:59:34.423+0800: 1626.435: [CMS-concurrent-reset-start]
2024-03-31T19:59:34.423+0800: 1626.436: [CMS-concurrent-reset: 0.000/0.000 secs] [Times: user=0.00 sys=0.00, real=0.00 secs] 
2024-03-31T19:59:36.428+0800: 1628.440: [GC (CMS Initial Mark) [1 CMS-initial-mark: 63K(64K)] 102420K(118016K), 0.1076318 secs] [Times: user=0.10 sys=0.01, real=0.11 secs] 
2024-03-31T19:59:36.537+0800: 1628.549: [CMS-concurrent-mark-start]
2024-03-31T19:59:36.537+0800: 1628.550: [CMS-concurrent-mark: 0.000/0.000 secs] [Times: user=0.00 sys=0.00, real=0.00 secs] 
2024-03-31T19:59:36.539+0800: 1628.551: [CMS-concurrent-preclean-start]
2024-03-31T19:59:36.542+0800: 1628.554: [CMS-concurrent-preclean: 0.001/0.001 secs] [Times: user=0.01 sys=0.00, real=0.00 secs] 
2024-03-31T19:59:36.543+0800: 1628.556: [CMS-concurrent-abortable-preclean-start]
2024-03-31T19:59:36.544+0800: 1628.556: [CMS-concurrent-abortable-preclean: 0.000/0.000 secs] [Times: user=0.00 sys=0.00, real=0.00 secs] 
2024-03-31T19:59:36.545+0800: 1628.557: [GC (CMS Final Remark) [YG occupancy: 102359 K (117952 K)]2024-03-31T19:59:36.545+0800: 1628.557: [Rescan (non-parallel) 2024-03-31T19:59:36.545+0800: 1628.557: [grey object rescan, 0.0001195 secs]2024-03-31T19:59:36.545+0800: 1628.557: [root rescan, 0.0731155 secs]2024-03-31T19:59:36.618+0800: 1628.631: [visit unhandled CLDs, 0.0002924 secs]2024-03-31T19:59:36.619+0800: 1628.631: [dirty klass scan, 0.0015955 secs], 0.0759105 secs]2024-03-31T19:59:36.621+0800: 1628.633: [weak refs processing, 0.0001406 secs]2024-03-31T19:59:36.621+0800: 1628.633: [class unloading, 0.0145136 secs]2024-03-31T19:59:36.636+0800: 1628.648: [scrub symbol table, 0.0117250 secs]2024-03-31T19:59:36.648+0800: 1628.660: [scrub string table, 0.0006345 secs][1 CMS-remark: 63K(64K)] 102423K(118016K), 0.1069597 secs] [Times: user=0.11 sys=0.00, real=0.11 secs] 
2024-03-31T19:59:36.653+0800: 1628.665: [CMS-concurrent-sweep-start]
2024-03-31T19:59:36.653+0800: 1628.665: [CMS-concurrent-sweep: 0.000/0.000 secs] [Times: user=0.00 sys=0.00, real=0.00 secs] 
2024-03-31T19:59:36.655+0800: 1628.668: [CMS-concurrent-reset-start]
2024-03-31T19:59:36.656+0800: 1628.668: [CMS-concurrent-reset: 0.000/0.000 secs] [Times: user=0.00 sys=0.00, real=0.01 secs] 
2024-03-31T19:59:38.664+0800: 1630.677: [GC (CMS Initial Mark) [1 CMS-initial-mark: 63K(64K)] 102775K(118016K), 0.1146355 secs] [Times: user=0.11 sys=0.00, real=0.12 secs] 
2024-03-31T19:59:38.780+0800: 1630.792: [CMS-concurrent-mark-start]
2024-03-31T19:59:38.781+0800: 1630.793: [CMS-concurrent-mark: 0.000/0.000 secs] [Times: user=0.01 sys=0.00, real=0.00 secs] 
2024-03-31T19:59:38.782+0800: 1630.794: [CMS-concurrent-preclean-start]
2024-03-31T19:59:38.784+0800: 1630.796: [CMS-concurrent-preclean: 0.001/0.001 secs] [Times: user=0.00 sys=0.00, real=0.00 secs] 
2024-03-31T19:59:38.784+0800: 1630.796: [CMS-concurrent-abortable-preclean-start]
2024-03-31T19:59:38.784+0800: 1630.796: [CMS-concurrent-abortable-preclean: 0.000/0.000 secs] [Times: user=0.00 sys=0.00, real=0.00 secs] 
2024-03-31T19:59:38.785+0800: 1630.797: [GC (CMS Final Remark) [YG occupancy: 102712 K (117952 K)]2024-03-31T19:59:38.785+0800: 1630.797: [Rescan (non-parallel) 2024-03-31T19:59:38.785+0800: 1630.797: [grey object rescan, 0.0001023 secs]2024-03-31T19:59:38.785+0800: 1630.798: [root rescan, 0.0718518 secs]2024-03-31T19:59:38.858+0800: 1630.870: [visit unhandled CLDs, 0.0001829 secs]2024-03-31T19:59:38.858+0800: 1630.870: [dirty klass scan, 0.0013188 secs], 0.0740946 secs]2024-03-31T19:59:38.859+0800: 1630.871: [weak refs processing, 0.0001308 secs]2024-03-31T19:59:38.859+0800: 1630.872: [class unloading, 0.0116255 secs]2024-03-31T19:59:38.871+0800: 1630.884: [scrub symbol table, 0.0106033 secs]2024-03-31T19:59:38.882+0800: 1630.894: [scrub string table, 0.0005263 secs][1 CMS-remark: 63K(64K)] 102775K(118016K), 0.1007447 secs] [Times: user=0.10 sys=0.00, real=0.11 secs] 
2024-03-31T19:59:38.886+0800: 1630.899: [CMS-concurrent-sweep-start]
2024-03-31T19:59:38.887+0800: 1630.899: [CMS-concurrent-sweep: 0.000/0.000 secs] [Times: user=0.00 sys=0.00, real=0.00 secs] 
2024-03-31T19:59:38.889+0800: 1630.901: [CMS-concurrent-reset-start]
2024-03-31T19:59:38.890+0800: 1630.902: [CMS-concurrent-reset: 0.000/0.000 secs] [Times: user=0.00 sys=0.00, real=0.00 secs] 
2024-03-31T19:59:40.901+0800: 1632.914: [GC (CMS Initial Mark) [1 CMS-initial-mark: 63K(64K)] 103096K(118016K), 0.1115246 secs] [Times: user=0.11 sys=0.01, real=0.11 secs] 
2024-03-31T19:59:41.014+0800: 1633.026: [CMS-concurrent-mark-start]
2024-03-31T19:59:41.014+0800: 1633.027: [CMS-concurrent-mark: 0.000/0.000 secs] [Times: user=0.00 sys=0.00, real=0.00 secs] 
2024-03-31T19:59:41.015+0800: 1633.027: [CMS-concurrent-preclean-start]
2024-03-31T19:59:41.018+0800: 1633.030: [CMS-concurrent-preclean: 0.001/0.001 secs] [Times: user=0.01 sys=0.00, real=0.01 secs] 
2024-03-31T19:59:41.018+0800: 1633.031: [CMS-concurrent-abortable-preclean-start]
2024-03-31T19:59:41.019+0800: 1633.031: [CMS-concurrent-abortable-preclean: 0.000/0.000 secs] [Times: user=0.00 sys=0.00, real=0.00 secs] 
2024-03-31T19:59:41.020+0800: 1633.032: [GC (CMS Final Remark) [YG occupancy: 103032 K (117952 K)]2024-03-31T19:59:41.020+0800: 1633.032: [Rescan (non-parallel) 2024-03-31T19:59:41.020+0800: 1633.032: [grey object rescan, 0.0000995 secs]2024-03-31T19:59:41.020+0800: 1633.033: [root rescan, 0.0710823 secs]2024-03-31T19:59:41.092+0800: 1633.104: [visit unhandled CLDs, 0.0001770 secs]2024-03-31T19:59:41.092+0800: 1633.104: [dirty klass scan, 0.0013721 secs], 0.0733530 secs]2024-03-31T19:59:41.093+0800: 1633.106: [weak refs processing, 0.0001434 secs]2024-03-31T19:59:41.094+0800: 1633.106: [class unloading, 0.0119425 secs]2024-03-31T19:59:41.106+0800: 1633.118: [scrub symbol table, 0.0097056 secs]2024-03-31T19:59:41.116+0800: 1633.128: [scrub string table, 0.0005235 secs][1 CMS-remark: 63K(64K)] 103096K(118016K), 0.0993631 secs] [Times: user=0.09 sys=0.00, real=0.10 secs] 
2024-03-31T19:59:41.120+0800: 1633.132: [CMS-concurrent-sweep-start]
2024-03-31T19:59:41.121+0800: 1633.133: [CMS-concurrent-sweep: 0.000/0.000 secs] [Times: user=0.00 sys=0.00, real=0.00 secs] 
2024-03-31T19:59:41.122+0800: 1633.134: [CMS-concurrent-reset-start]
2024-03-31T19:59:41.123+0800: 1633.135: [CMS-concurrent-reset: 0.000/0.000 secs] [Times: user=0.00 sys=0.00, real=0.00 secs] 
2024-03-31T19:59:43.136+0800: 1635.148: [GC (CMS Initial Mark) [1 CMS-initial-mark: 63K(64K)] 103206K(118016K), 0.1058906 secs] [Times: user=0.10 sys=0.00, real=0.10 secs] 
2024-03-31T19:59:43.242+0800: 1635.255: [CMS-concurrent-mark-start]
2024-03-31T19:59:43.243+0800: 1635.255: [CMS-concurrent-mark: 0.000/0.000 secs] [Times: user=0.01 sys=0.00, real=0.00 secs] 
2024-03-31T19:59:43.244+0800: 1635.256: [CMS-concurrent-preclean-start]
2024-03-31T19:59:43.246+0800: 1635.259: [CMS-concurrent-preclean: 0.001/0.001 secs] [Times: user=0.00 sys=0.00, real=0.01 secs] 
2024-03-31T19:59:43.247+0800: 1635.259: [CMS-concurrent-abortable-preclean-start]
2024-03-31T19:59:43.247+0800: 1635.259: [CMS-concurrent-abortable-preclean: 0.000/0.000 secs] [Times: user=0.00 sys=0.00, real=0.00 secs] 
2024-03-31T19:59:43.247+0800: 1635.260: [GC (CMS Final Remark) [YG occupancy: 103162 K (117952 K)]2024-03-31T19:59:43.248+0800: 1635.260: [Rescan (non-parallel) 2024-03-31T19:59:43.248+0800: 1635.260: [grey object rescan, 0.0001022 secs]2024-03-31T19:59:43.248+0800: 1635.260: [root rescan, 0.0725716 secs]2024-03-31T19:59:43.321+0800: 1635.333: [visit unhandled CLDs, 0.0001851 secs]2024-03-31T19:59:43.321+0800: 1635.333: [dirty klass scan, 0.0014801 secs], 0.0749964 secs]2024-03-31T19:59:43.323+0800: 1635.335: [weak refs processing, 0.0001451 secs]2024-03-31T19:59:43.323+0800: 1635.335: [class unloading, 0.0124096 secs]2024-03-31T19:59:43.336+0800: 1635.348: [scrub symbol table, 0.0118546 secs]2024-03-31T19:59:43.348+0800: 1635.360: [scrub string table, 0.0005600 secs][1 CMS-remark: 63K(64K)] 103226K(118016K), 0.1038012 secs] [Times: user=0.10 sys=0.00, real=0.10 secs] 
2024-03-31T19:59:43.352+0800: 1635.364: [CMS-concurrent-sweep-start]
2024-03-31T19:59:43.352+0800: 1635.365: [CMS-concurrent-sweep: 0.000/0.000 secs] [Times: user=0.00 sys=0.00, real=0.00 secs] 
2024-03-31T19:59:43.354+0800: 1635.366: [CMS-concurrent-reset-start]
2024-03-31T19:59:43.356+0800: 1635.368: [CMS-concurrent-reset: 0.000/0.000 secs] [Times: user=0.01 sys=0.00, real=0.01 secs] 
2024-03-31T19:59:45.363+0800: 1637.375: [GC (CMS Initial Mark) [1 CMS-initial-mark: 63K(64K)] 103321K(118016K), 0.1192388 secs] [Times: user=0.12 sys=0.00, real=0.12 secs] 
2024-03-31T19:59:45.483+0800: 1637.495: [CMS-concurrent-mark-start]
2024-03-31T19:59:45.484+0800: 1637.496: [CMS-concurrent-mark: 0.000/0.000 secs] [Times: user=0.00 sys=0.01, real=0.00 secs] 
2024-03-31T19:59:45.485+0800: 1637.498: [CMS-concurrent-preclean-start]
2024-03-31T19:59:45.488+0800: 1637.500: [CMS-concurrent-preclean: 0.001/0.001 secs] [Times: user=0.00 sys=0.00, real=0.01 secs] 
2024-03-31T19:59:45.489+0800: 1637.501: [CMS-concurrent-abortable-preclean-start]
2024-03-31T19:59:45.490+0800: 1637.502: [CMS-concurrent-abortable-preclean: 0.000/0.000 secs] [Times: user=0.00 sys=0.00, real=0.00 secs] 
2024-03-31T19:59:45.491+0800: 1637.503: [GC (CMS Final Remark) [YG occupancy: 103257 K (117952 K)]2024-03-31T19:59:45.491+0800: 1637.504: [Rescan (non-parallel) 2024-03-31T19:59:45.492+0800: 1637.504: [grey object rescan, 0.0001060 secs]2024-03-31T19:59:45.492+0800: 1637.504: [root rescan, 0.0720308 secs]2024-03-31T19:59:45.564+0800: 1637.576: [visit unhandled CLDs, 0.0001542 secs]2024-03-31T19:59:45.564+0800: 1637.576: [dirty klass scan, 0.0015353 secs], 0.0744668 secs]2024-03-31T19:59:45.566+0800: 1637.578: [weak refs processing, 0.0001352 secs]2024-03-31T19:59:45.566+0800: 1637.578: [class unloading, 0.0118264 secs]2024-03-31T19:59:45.578+0800: 1637.591: [scrub symbol table, 0.0097946 secs]2024-03-31T19:59:45.588+0800: 1637.600: [scrub string table, 0.0005342 secs][1 CMS-remark: 63K(64K)] 103321K(118016K), 0.1003973 secs] [Times: user=0.10 sys=0.00, real=0.10 secs] 
2024-03-31T19:59:45.593+0800: 1637.605: [CMS-concurrent-sweep-start]
2024-03-31T19:59:45.593+0800: 1637.605: [CMS-concurrent-sweep: 0.000/0.000 secs] [Times: user=0.00 sys=0.00, real=0.00 secs] 
2024-03-31T19:59:45.595+0800: 1637.607: [CMS-concurrent-reset-start]
2024-03-31T19:59:45.595+0800: 1637.607: [CMS-concurrent-reset: 0.000/0.000 secs] [Times: user=0.00 sys=0.00, real=0.00 secs] 
2024-03-31T19:59:47.597+0800: 1639.609: [GC (CMS Initial Mark) [1 CMS-initial-mark: 63K(64K)] 103615K(118016K), 0.0714823 secs] [Times: user=0.07 sys=0.00, real=0.07 secs] 
2024-03-31T19:59:47.669+0800: 1639.682: [CMS-concurrent-mark-start]
2024-03-31T19:59:47.670+0800: 1639.682: [CMS-concurrent-mark: 0.000/0.000 secs] [Times: user=0.01 sys=0.00, real=0.00 secs] 
2024-03-31T19:59:47.671+0800: 1639.683: [CMS-concurrent-preclean-start]
2024-03-31T19:59:47.673+0800: 1639.685: [CMS-concurrent-preclean: 0.001/0.001 secs] [Times: user=0.00 sys=0.00, real=0.00 secs] 
2024-03-31T19:59:47.673+0800: 1639.685: [CMS-concurrent-abortable-preclean-start]
2024-03-31T19:59:47.673+0800: 1639.685: [CMS-concurrent-abortable-preclean: 0.000/0.000 secs] [Times: user=0.00 sys=0.00, real=0.00 secs] 
2024-03-31T19:59:47.673+0800: 1639.686: [GC (CMS Final Remark) [YG occupancy: 103553 K (117952 K)]2024-03-31T19:59:47.674+0800: 1639.686: [Rescan (non-parallel) 2024-03-31T19:59:47.674+0800: 1639.686: [grey object rescan, 0.0001013 secs]2024-03-31T19:59:47.674+0800: 1639.686: [root rescan, 0.0722390 secs]2024-03-31T19:59:47.746+0800: 1639.759: [visit unhandled CLDs, 0.0001633 secs]2024-03-31T19:59:47.747+0800: 1639.759: [dirty klass scan, 0.0013002 secs], 0.0744384 secs]2024-03-31T19:59:47.748+0800: 1639.760: [weak refs processing, 0.0001476 secs]2024-03-31T19:59:47.748+0800: 1639.761: [class unloading, 0.0119138 secs]2024-03-31T19:59:47.761+0800: 1639.773: [scrub symbol table, 0.0099191 secs]2024-03-31T19:59:47.771+0800: 1639.783: [scrub string table, 0.0005238 secs][1 CMS-remark: 63K(64K)] 103617K(118016K), 0.1006462 secs] [Times: user=0.10 sys=0.00, real=0.10 secs] 
2024-03-31T19:59:47.775+0800: 1639.787: [CMS-concurrent-sweep-start]
2024-03-31T19:59:47.775+0800: 1639.788: [CMS-concurrent-sweep: 0.000/0.000 secs] [Times: user=0.00 sys=0.00, real=0.01 secs] 
2024-03-31T19:59:47.777+0800: 1639.789: [CMS-concurrent-reset-start]
2024-03-31T19:59:47.778+0800: 1639.790: [CMS-concurrent-reset: 0.000/0.000 secs] [Times: user=0.00 sys=0.00, real=0.00 secs] 
2024-03-31T19:59:49.784+0800: 1641.796: [GC (CMS Initial Mark) [1 CMS-initial-mark: 63K(64K)] 103803K(118016K), 0.1095864 secs] [Times: user=0.10 sys=0.00, real=0.11 secs] 
2024-03-31T19:59:49.894+0800: 1641.906: [CMS-concurrent-mark-start]
2024-03-31T19:59:49.895+0800: 1641.907: [CMS-concurrent-mark: 0.000/0.000 secs] [Times: user=0.01 sys=0.00, real=0.00 secs] 
2024-03-31T19:59:49.896+0800: 1641.908: [CMS-concurrent-preclean-start]
2024-03-31T19:59:49.899+0800: 1641.911: [CMS-concurrent-preclean: 0.001/0.001 secs] [Times: user=0.00 sys=0.00, real=0.01 secs] 
2024-03-31T19:59:49.899+0800: 1641.911: [CMS-concurrent-abortable-preclean-start]
2024-03-31T19:59:49.899+0800: 1641.911: [CMS-concurrent-abortable-preclean: 0.000/0.000 secs] [Times: user=0.00 sys=0.00, real=0.00 secs] 
2024-03-31T19:59:49.900+0800: 1641.912: [GC (CMS Final Remark) [YG occupancy: 103739 K (117952 K)]2024-03-31T19:59:49.900+0800: 1641.912: [Rescan (non-parallel) 2024-03-31T19:59:49.900+0800: 1641.912: [grey object rescan, 0.0001101 secs]2024-03-31T19:59:49.900+0800: 1641.913: [root rescan, 0.0729668 secs]2024-03-31T19:59:49.974+0800: 1641.986: [visit unhandled CLDs, 0.0001611 secs]2024-03-31T19:59:49.974+0800: 1641.986: [dirty klass scan, 0.0014046 secs], 0.0753192 secs]2024-03-31T19:59:49.975+0800: 1641.988: [weak refs processing, 0.0001495 secs]2024-03-31T19:59:49.976+0800: 1641.988: [class unloading, 0.0128685 secs]2024-03-31T19:59:49.989+0800: 1642.001: [scrub symbol table, 0.0100559 secs]2024-03-31T19:59:49.999+0800: 1642.011: [scrub string table, 0.0005194 secs][1 CMS-remark: 63K(64K)] 103803K(118016K), 0.1028537 secs] [Times: user=0.10 sys=0.00, real=0.10 secs] 
2024-03-31T19:59:50.004+0800: 1642.016: [CMS-concurrent-sweep-start]
2024-03-31T19:59:50.004+0800: 1642.016: [CMS-concurrent-sweep: 0.000/0.000 secs] [Times: user=0.00 sys=0.00, real=0.00 secs] 
2024-03-31T19:59:50.006+0800: 1642.018: [CMS-concurrent-reset-start]
2024-03-31T19:59:50.006+0800: 1642.019: [CMS-concurrent-reset: 0.000/0.000 secs] [Times: user=0.00 sys=0.00, real=0.01 secs] 
2024-03-31T19:59:52.017+0800: 1644.030: [GC (CMS Initial Mark) [1 CMS-initial-mark: 63K(64K)] 103981K(118016K), 0.1116187 secs] [Times: user=0.12 sys=0.00, real=0.11 secs] 
2024-03-31T19:59:52.130+0800: 1644.142: [CMS-concurrent-mark-start]
2024-03-31T19:59:52.131+0800: 1644.143: [CMS-concurrent-mark: 0.000/0.000 secs] [Times: user=0.00 sys=0.00, real=0.00 secs] 
2024-03-31T19:59:52.132+0800: 1644.144: [CMS-concurrent-preclean-start]
2024-03-31T19:59:52.135+0800: 1644.147: [CMS-concurrent-preclean: 0.001/0.001 secs] [Times: user=0.00 sys=0.01, real=0.00 secs] 
2024-03-31T19:59:52.135+0800: 1644.147: [CMS-concurrent-abortable-preclean-start]
2024-03-31T19:59:52.135+0800: 1644.147: [CMS-concurrent-abortable-preclean: 0.000/0.000 secs] [Times: user=0.00 sys=0.00, real=0.01 secs] 
2024-03-31T19:59:52.136+0800: 1644.148: [GC (CMS Final Remark) [YG occupancy: 103917 K (117952 K)]2024-03-31T19:59:52.137+0800: 1644.149: [Rescan (non-parallel) 2024-03-31T19:59:52.137+0800: 1644.149: [grey object rescan, 0.0001244 secs]2024-03-31T19:59:52.137+0800: 1644.149: [root rescan, 0.0733944 secs]2024-03-31T19:59:52.211+0800: 1644.223: [visit unhandled CLDs, 0.0001704 secs]2024-03-31T19:59:52.211+0800: 1644.223: [dirty klass scan, 0.0014532 secs], 0.0758269 secs]2024-03-31T19:59:52.212+0800: 1644.225: [weak refs processing, 0.0001496 secs]2024-03-31T19:59:52.213+0800: 1644.225: [class unloading, 0.0120263 secs]2024-03-31T19:59:52.225+0800: 1644.237: [scrub symbol table, 0.0121312 secs]2024-03-31T19:59:52.237+0800: 1644.250: [scrub string table, 0.0005681 secs][1 CMS-remark: 63K(64K)] 103981K(118016K), 0.1047587 secs] [Times: user=0.10 sys=0.00, real=0.10 secs] 
2024-03-31T19:59:52.242+0800: 1644.254: [CMS-concurrent-sweep-start]
2024-03-31T19:59:52.242+0800: 1644.254: [CMS-concurrent-sweep: 0.000/0.000 secs] [Times: user=0.01 sys=0.00, real=0.00 secs] 
2024-03-31T19:59:52.243+0800: 1644.255: [CMS-concurrent-reset-start]
2024-03-31T19:59:52.244+0800: 1644.256: [CMS-concurrent-reset: 0.000/0.000 secs] [Times: user=0.00 sys=0.00, real=0.00 secs] 
2024-03-31T19:59:54.256+0800: 1646.268: [GC (CMS Initial Mark) [1 CMS-initial-mark: 63K(64K)] 104391K(118016K), 0.1220613 secs] [Times: user=0.12 sys=0.00, real=0.12 secs] 
2024-03-31T19:59:54.379+0800: 1646.391: [CMS-concurrent-mark-start]
2024-03-31T19:59:54.379+0800: 1646.392: [CMS-concurrent-mark: 0.000/0.000 secs] [Times: user=0.00 sys=0.00, real=0.00 secs] 
2024-03-31T19:59:54.380+0800: 1646.393: [CMS-concurrent-preclean-start]
2024-03-31T19:59:54.383+0800: 1646.395: [CMS-concurrent-preclean: 0.001/0.001 secs] [Times: user=0.00 sys=0.00, real=0.00 secs] 
2024-03-31T19:59:54.383+0800: 1646.395: [CMS-concurrent-abortable-preclean-start]
2024-03-31T19:59:54.383+0800: 1646.395: [CMS-concurrent-abortable-preclean: 0.000/0.000 secs] [Times: user=0.01 sys=0.00, real=0.00 secs] 
2024-03-31T19:59:54.384+0800: 1646.396: [GC (CMS Final Remark) [YG occupancy: 104338 K (117952 K)]2024-03-31T19:59:54.384+0800: 1646.396: [Rescan (non-parallel) 2024-03-31T19:59:54.384+0800: 1646.396: [grey object rescan, 0.0001015 secs]2024-03-31T19:59:54.384+0800: 1646.396: [root rescan, 0.0724066 secs]2024-03-31T19:59:54.457+0800: 1646.469: [visit unhandled CLDs, 0.0001479 secs]2024-03-31T19:59:54.457+0800: 1646.469: [dirty klass scan, 0.0012851 secs], 0.0745455 secs]2024-03-31T19:59:54.458+0800: 1646.471: [weak refs processing, 0.0001468 secs]2024-03-31T19:59:54.459+0800: 1646.471: [class unloading, 0.0118501 secs]2024-03-31T19:59:54.471+0800: 1646.483: [scrub symbol table, 0.0097131 secs]2024-03-31T19:59:54.481+0800: 1646.493: [scrub string table, 0.0005012 secs][1 CMS-remark: 63K(64K)] 104402K(118016K), 0.1004550 secs] [Times: user=0.09 sys=0.00, real=0.10 secs] 
2024-03-31T19:59:54.485+0800: 1646.497: [CMS-concurrent-sweep-start]
2024-03-31T19:59:54.485+0800: 1646.498: [CMS-concurrent-sweep: 0.000/0.000 secs] [Times: user=0.01 sys=0.00, real=0.01 secs] 
2024-03-31T19:59:54.487+0800: 1646.499: [CMS-concurrent-reset-start]
2024-03-31T19:59:54.487+0800: 1646.500: [CMS-concurrent-reset: 0.000/0.000 secs] [Times: user=0.00 sys=0.00, real=0.00 secs] 
2024-03-31T19:59:56.495+0800: 1648.507: [GC (CMS Initial Mark) [1 CMS-initial-mark: 63K(64K)] 104586K(118016K), 0.1154429 secs] [Times: user=0.11 sys=0.00, real=0.12 secs] 
2024-03-31T19:59:56.611+0800: 1648.623: [CMS-concurrent-mark-start]
2024-03-31T19:59:56.611+0800: 1648.624: [CMS-concurrent-mark: 0.000/0.000 secs] [Times: user=0.00 sys=0.00, real=0.00 secs] 
2024-03-31T19:59:56.613+0800: 1648.625: [CMS-concurrent-preclean-start]
2024-03-31T19:59:56.616+0800: 1648.628: [CMS-concurrent-preclean: 0.001/0.001 secs] [Times: user=0.00 sys=0.00, real=0.01 secs] 
2024-03-31T19:59:56.618+0800: 1648.630: [CMS-concurrent-abortable-preclean-start]
2024-03-31T19:59:56.618+0800: 1648.631: [CMS-concurrent-abortable-preclean: 0.000/0.000 secs] [Times: user=0.00 sys=0.00, real=0.00 secs] 
2024-03-31T19:59:56.619+0800: 1648.632: [GC (CMS Final Remark) [YG occupancy: 104529 K (117952 K)]2024-03-31T19:59:56.620+0800: 1648.632: [Rescan (non-parallel) 2024-03-31T19:59:56.620+0800: 1648.632: [grey object rescan, 0.0001043 secs]2024-03-31T19:59:56.620+0800: 1648.632: [root rescan, 0.0736040 secs]2024-03-31T19:59:56.694+0800: 1648.706: [visit unhandled CLDs, 0.0002440 secs]2024-03-31T19:59:56.694+0800: 1648.707: [dirty klass scan, 0.0018069 secs], 0.0766582 secs]2024-03-31T19:59:56.696+0800: 1648.709: [weak refs processing, 0.0001590 secs]2024-03-31T19:59:56.697+0800: 1648.709: [class unloading, 0.0125825 secs]2024-03-31T19:59:56.709+0800: 1648.722: [scrub symbol table, 0.0102231 secs]2024-03-31T19:59:56.720+0800: 1648.732: [scrub string table, 0.0005340 secs][1 CMS-remark: 63K(64K)] 104592K(118016K), 0.1041048 secs] [Times: user=0.11 sys=0.00, real=0.10 secs] 
2024-03-31T19:59:56.724+0800: 1648.737: [CMS-concurrent-sweep-start]
2024-03-31T19:59:56.725+0800: 1648.737: [CMS-concurrent-sweep: 0.000/0.000 secs] [Times: user=0.00 sys=0.00, real=0.00 secs] 
2024-03-31T19:59:56.727+0800: 1648.740: [CMS-concurrent-reset-start]
2024-03-31T19:59:56.728+0800: 1648.740: [CMS-concurrent-reset: 0.000/0.000 secs] [Times: user=0.00 sys=0.00, real=0.00 secs] 
2024-03-31T19:59:58.737+0800: 1650.749: [GC (CMS Initial Mark) [1 CMS-initial-mark: 63K(64K)] 104802K(118016K), 0.1204979 secs] [Times: user=0.12 sys=0.00, real=0.12 secs] 
2024-03-31T19:59:58.859+0800: 1650.871: [CMS-concurrent-mark-start]
2024-03-31T19:59:58.860+0800: 1650.872: [CMS-concurrent-mark: 0.000/0.000 secs] [Times: user=0.00 sys=0.00, real=0.00 secs] 
2024-03-31T19:59:58.861+0800: 1650.873: [CMS-concurrent-preclean-start]
2024-03-31T19:59:58.862+0800: 1650.875: [CMS-concurrent-preclean: 0.001/0.001 secs] [Times: user=0.01 sys=0.00, real=0.00 secs] 
2024-03-31T19:59:58.863+0800: 1650.875: [CMS-concurrent-abortable-preclean-start]
2024-03-31T19:59:58.863+0800: 1650.875: [CMS-concurrent-abortable-preclean: 0.000/0.000 secs] [Times: user=0.00 sys=0.00, real=0.00 secs] 
2024-03-31T19:59:58.863+0800: 1650.876: [GC (CMS Final Remark) [YG occupancy: 104739 K (117952 K)]2024-03-31T19:59:58.863+0800: 1650.876: [Rescan (non-parallel) 2024-03-31T19:59:58.864+0800: 1650.876: [grey object rescan, 0.0001065 secs]2024-03-31T19:59:58.864+0800: 1650.876: [root rescan, 0.0727379 secs]2024-03-31T19:59:58.937+0800: 1650.949: [visit unhandled CLDs, 0.0001362 secs]2024-03-31T19:59:58.937+0800: 1650.949: [dirty klass scan, 0.0013692 secs], 0.0750056 secs]2024-03-31T19:59:58.939+0800: 1650.951: [weak refs processing, 0.0001448 secs]2024-03-31T19:59:58.939+0800: 1650.951: [class unloading, 0.0116519 secs]2024-03-31T19:59:58.951+0800: 1650.963: [scrub symbol table, 0.0097172 secs]2024-03-31T19:59:58.961+0800: 1650.973: [scrub string table, 0.0004935 secs][1 CMS-remark: 63K(64K)] 104802K(118016K), 0.1006680 secs] [Times: user=0.10 sys=0.00, real=0.10 secs] 
2024-03-31T19:59:58.965+0800: 1650.977: [CMS-concurrent-sweep-start]
2024-03-31T19:59:58.966+0800: 1650.978: [CMS-concurrent-sweep: 0.000/0.000 secs] [Times: user=0.00 sys=0.00, real=0.01 secs] 
2024-03-31T19:59:58.968+0800: 1650.980: [CMS-concurrent-reset-start]
2024-03-31T19:59:58.969+0800: 1650.981: [CMS-concurrent-reset: 0.000/0.000 secs] [Times: user=0.00 sys=0.00, real=0.00 secs] 
2024-03-31T20:00:00.982+0800: 1652.993: [GC (CMS Initial Mark) [1 CMS-initial-mark: 63K(64K)] 104997K(118016K), 0.1126543 secs] [Times: user=0.11 sys=0.00, real=0.11 secs] 
2024-03-31T20:00:01.096+0800: 1653.107: [CMS-concurrent-mark-start]
2024-03-31T20:00:01.097+0800: 1653.108: [CMS-concurrent-mark: 0.000/0.000 secs] [Times: user=0.00 sys=0.00, real=0.01 secs] 
2024-03-31T20:00:01.098+0800: 1653.109: [CMS-concurrent-preclean-start]
2024-03-31T20:00:01.100+0800: 1653.111: [CMS-concurrent-preclean: 0.001/0.001 secs] [Times: user=0.01 sys=0.00, real=0.00 secs] 
2024-03-31T20:00:01.101+0800: 1653.112: [CMS-concurrent-abortable-preclean-start]
2024-03-31T20:00:01.101+0800: 1653.112: [CMS-concurrent-abortable-preclean: 0.000/0.000 secs] [Times: user=0.00 sys=0.00, real=0.00 secs] 
2024-03-31T20:00:01.102+0800: 1653.113: [GC (CMS Final Remark) [YG occupancy: 104933 K (117952 K)]2024-03-31T20:00:01.102+0800: 1653.113: [Rescan (non-parallel) 2024-03-31T20:00:01.102+0800: 1653.113: [grey object rescan, 0.0001013 secs]2024-03-31T20:00:01.102+0800: 1653.113: [root rescan, 0.0747359 secs]2024-03-31T20:00:01.177+0800: 1653.188: [visit unhandled CLDs, 0.0001945 secs]2024-03-31T20:00:01.177+0800: 1653.189: [dirty klass scan, 0.0014747 secs], 0.0771721 secs]2024-03-31T20:00:01.179+0800: 1653.190: [weak refs processing, 0.0001688 secs]2024-03-31T20:00:01.179+0800: 1653.191: [class unloading, 0.0121610 secs]2024-03-31T20:00:01.192+0800: 1653.203: [scrub symbol table, 0.0113658 secs]2024-03-31T20:00:01.204+0800: 1653.215: [scrub string table, 0.0005980 secs][1 CMS-remark: 63K(64K)] 104997K(118016K), 0.1056380 secs] [Times: user=0.10 sys=0.00, real=0.11 secs] 
2024-03-31T20:00:01.208+0800: 1653.219: [CMS-concurrent-sweep-start]
2024-03-31T20:00:01.209+0800: 1653.220: [CMS-concurrent-sweep: 0.000/0.000 secs] [Times: user=0.00 sys=0.00, real=0.00 secs] 
2024-03-31T20:00:01.210+0800: 1653.221: [CMS-concurrent-reset-start]
2024-03-31T20:00:01.210+0800: 1653.222: [CMS-concurrent-reset: 0.000/0.000 secs] [Times: user=0.00 sys=0.00, real=0.00 secs] 
2024-03-31T20:00:03.219+0800: 1655.230: [GC (CMS Initial Mark) [1 CMS-initial-mark: 63K(64K)] 105075K(118016K), 0.1112070 secs] [Times: user=0.11 sys=0.00, real=0.12 secs] 
2024-03-31T20:00:03.331+0800: 1655.342: [CMS-concurrent-mark-start]
2024-03-31T20:00:03.332+0800: 1655.343: [CMS-concurrent-mark: 0.000/0.000 secs] [Times: user=0.00 sys=0.00, real=0.00 secs] 
2024-03-31T20:00:03.332+0800: 1655.343: [CMS-concurrent-preclean-start]
2024-03-31T20:00:03.334+0800: 1655.345: [CMS-concurrent-preclean: 0.001/0.001 secs] [Times: user=0.00 sys=0.00, real=0.00 secs] 
2024-03-31T20:00:03.335+0800: 1655.346: [CMS-concurrent-abortable-preclean-start]
2024-03-31T20:00:03.336+0800: 1655.347: [CMS-concurrent-abortable-preclean: 0.000/0.000 secs] [Times: user=0.00 sys=0.00, real=0.00 secs] 
2024-03-31T20:00:03.336+0800: 1655.348: [GC (CMS Final Remark) [YG occupancy: 105011 K (117952 K)]2024-03-31T20:00:03.337+0800: 1655.348: [Rescan (non-parallel) 2024-03-31T20:00:03.337+0800: 1655.348: [grey object rescan, 0.0000755 secs]2024-03-31T20:00:03.337+0800: 1655.348: [root rescan, 0.0731310 secs]2024-03-31T20:00:03.410+0800: 1655.421: [visit unhandled CLDs, 0.0001430 secs]2024-03-31T20:00:03.410+0800: 1655.422: [dirty klass scan, 0.0014802 secs], 0.0753060 secs]2024-03-31T20:00:03.412+0800: 1655.423: [weak refs processing, 0.0000983 secs]2024-03-31T20:00:03.412+0800: 1655.423: [class unloading, 0.0116126 secs]2024-03-31T20:00:03.424+0800: 1655.435: [scrub symbol table, 0.0097254 secs]2024-03-31T20:00:03.434+0800: 1655.445: [scrub string table, 0.0004641 secs][1 CMS-remark: 63K(64K)] 105075K(118016K), 0.1006700 secs] [Times: user=0.10 sys=0.00, real=0.10 secs] 
2024-03-31T20:00:03.438+0800: 1655.449: [CMS-concurrent-sweep-start]
2024-03-31T20:00:03.438+0800: 1655.449: [CMS-concurrent-sweep: 0.000/0.000 secs] [Times: user=0.00 sys=0.00, real=0.00 secs] 
2024-03-31T20:00:03.440+0800: 1655.451: [CMS-concurrent-reset-start]
2024-03-31T20:00:03.440+0800: 1655.452: [CMS-concurrent-reset: 0.000/0.000 secs] [Times: user=0.00 sys=0.00, real=0.00 secs] 
2024-03-31T20:00:05.451+0800: 1657.463: [GC (CMS Initial Mark) [1 CMS-initial-mark: 63K(64K)] 105168K(118016K), 0.1211938 secs] [Times: user=0.12 sys=0.01, real=0.12 secs] 
2024-03-31T20:00:05.574+0800: 1657.585: [CMS-concurrent-mark-start]
2024-03-31T20:00:05.574+0800: 1657.586: [CMS-concurrent-mark: 0.000/0.000 secs] [Times: user=0.00 sys=0.00, real=0.00 secs] 
2024-03-31T20:00:05.576+0800: 1657.587: [CMS-concurrent-preclean-start]
2024-03-31T20:00:05.578+0800: 1657.589: [CMS-concurrent-preclean: 0.001/0.001 secs] [Times: user=0.00 sys=0.00, real=0.01 secs] 
2024-03-31T20:00:05.579+0800: 1657.590: [CMS-concurrent-abortable-preclean-start]
2024-03-31T20:00:05.579+0800: 1657.590: [CMS-concurrent-abortable-preclean: 0.000/0.000 secs] [Times: user=0.00 sys=0.00, real=0.00 secs] 
2024-03-31T20:00:05.580+0800: 1657.591: [GC (CMS Final Remark) [YG occupancy: 105105 K (117952 K)]2024-03-31T20:00:05.580+0800: 1657.591: [Rescan (non-parallel) 2024-03-31T20:00:05.580+0800: 1657.591: [grey object rescan, 0.0001055 secs]2024-03-31T20:00:05.580+0800: 1657.591: [root rescan, 0.0754518 secs]2024-03-31T20:00:05.656+0800: 1657.667: [visit unhandled CLDs, 0.0001505 secs]2024-03-31T20:00:05.656+0800: 1657.667: [dirty klass scan, 0.0014858 secs], 0.0778750 secs]2024-03-31T20:00:05.658+0800: 1657.669: [weak refs processing, 0.0001974 secs]2024-03-31T20:00:05.658+0800: 1657.669: [class unloading, 0.0127907 secs]2024-03-31T20:00:05.671+0800: 1657.682: [scrub symbol table, 0.0102071 secs]2024-03-31T20:00:05.682+0800: 1657.693: [scrub string table, 0.0005091 secs][1 CMS-remark: 63K(64K)] 105169K(118016K), 0.1054573 secs] [Times: user=0.10 sys=0.00, real=0.10 secs] 
2024-03-31T20:00:05.686+0800: 1657.698: [CMS-concurrent-sweep-start]
2024-03-31T20:00:05.687+0800: 1657.698: [CMS-concurrent-sweep: 0.000/0.000 secs] [Times: user=0.00 sys=0.00, real=0.01 secs] 
2024-03-31T20:00:05.690+0800: 1657.701: [CMS-concurrent-reset-start]
2024-03-31T20:00:05.691+0800: 1657.702: [CMS-concurrent-reset: 0.000/0.000 secs] [Times: user=0.00 sys=0.00, real=0.00 secs] 
2024-03-31T20:00:07.703+0800: 1659.714: [GC (CMS Initial Mark) [1 CMS-initial-mark: 63K(64K)] 105334K(118016K), 0.1142846 secs] [Times: user=0.11 sys=0.00, real=0.12 secs] 
2024-03-31T20:00:07.818+0800: 1659.829: [CMS-concurrent-mark-start]
2024-03-31T20:00:07.819+0800: 1659.830: [CMS-concurrent-mark: 0.000/0.000 secs] [Times: user=0.01 sys=0.00, real=0.00 secs] 
2024-03-31T20:00:07.821+0800: 1659.832: [CMS-concurrent-preclean-start]
2024-03-31T20:00:07.823+0800: 1659.834: [CMS-concurrent-preclean: 0.001/0.001 secs] [Times: user=0.00 sys=0.00, real=0.00 secs] 
2024-03-31T20:00:07.825+0800: 1659.836: [CMS-concurrent-abortable-preclean-start]
2024-03-31T20:00:07.826+0800: 1659.837: [CMS-concurrent-abortable-preclean: 0.000/0.000 secs] [Times: user=0.00 sys=0.00, real=0.00 secs] 
2024-03-31T20:00:07.827+0800: 1659.838: [GC (CMS Final Remark) [YG occupancy: 105271 K (117952 K)]2024-03-31T20:00:07.827+0800: 1659.838: [Rescan (non-parallel) 2024-03-31T20:00:07.827+0800: 1659.838: [grey object rescan, 0.0001055 secs]2024-03-31T20:00:07.827+0800: 1659.838: [root rescan, 0.0734454 secs]2024-03-31T20:00:07.901+0800: 1659.912: [visit unhandled CLDs, 0.0001277 secs]2024-03-31T20:00:07.901+0800: 1659.912: [dirty klass scan, 0.0014499 secs], 0.0757555 secs]2024-03-31T20:00:07.903+0800: 1659.914: [weak refs processing, 0.0001495 secs]2024-03-31T20:00:07.903+0800: 1659.914: [class unloading, 0.0116567 secs]2024-03-31T20:00:07.915+0800: 1659.926: [scrub symbol table, 0.0124962 secs]2024-03-31T20:00:07.928+0800: 1659.939: [scrub string table, 0.0005357 secs][1 CMS-remark: 63K(64K)] 105335K(118016K), 0.1046218 secs] [Times: user=0.11 sys=0.00, real=0.10 secs] 
2024-03-31T20:00:07.933+0800: 1659.944: [CMS-concurrent-sweep-start]
2024-03-31T20:00:07.934+0800: 1659.945: [CMS-concurrent-sweep: 0.000/0.000 secs] [Times: user=0.00 sys=0.00, real=0.00 secs] 
2024-03-31T20:00:07.936+0800: 1659.948: [CMS-concurrent-reset-start]
2024-03-31T20:00:07.937+0800: 1659.949: [CMS-concurrent-reset: 0.000/0.000 secs] [Times: user=0.00 sys=0.00, real=0.01 secs] 
2024-03-31T20:00:09.947+0800: 1661.958: [GC (CMS Initial Mark) [1 CMS-initial-mark: 63K(64K)] 105680K(118016K), 0.1230716 secs] [Times: user=0.12 sys=0.01, real=0.12 secs] 
2024-03-31T20:00:10.070+0800: 1662.082: [CMS-concurrent-mark-start]
2024-03-31T20:00:10.071+0800: 1662.082: [CMS-concurrent-mark: 0.000/0.000 secs] [Times: user=0.00 sys=0.00, real=0.00 secs] 
2024-03-31T20:00:10.072+0800: 1662.083: [CMS-concurrent-preclean-start]
2024-03-31T20:00:10.074+0800: 1662.085: [CMS-concurrent-preclean: 0.001/0.001 secs] [Times: user=0.01 sys=0.00, real=0.00 secs] 
2024-03-31T20:00:10.075+0800: 1662.086: [CMS-concurrent-abortable-preclean-start]
2024-03-31T20:00:10.076+0800: 1662.087: [CMS-concurrent-abortable-preclean: 0.000/0.000 secs] [Times: user=0.00 sys=0.00, real=0.00 secs] 
2024-03-31T20:00:10.077+0800: 1662.088: [GC (CMS Final Remark) [YG occupancy: 105617 K (117952 K)]2024-03-31T20:00:10.077+0800: 1662.088: [Rescan (non-parallel) 2024-03-31T20:00:10.077+0800: 1662.088: [grey object rescan, 0.0001050 secs]2024-03-31T20:00:10.077+0800: 1662.088: [root rescan, 0.0735033 secs]2024-03-31T20:00:10.151+0800: 1662.162: [visit unhandled CLDs, 0.0001579 secs]2024-03-31T20:00:10.151+0800: 1662.162: [dirty klass scan, 0.0014460 secs], 0.0758358 secs]2024-03-31T20:00:10.153+0800: 1662.164: [weak refs processing, 0.0001364 secs]2024-03-31T20:00:10.153+0800: 1662.164: [class unloading, 0.0119548 secs]2024-03-31T20:00:10.165+0800: 1662.176: [scrub symbol table, 0.0096568 secs]2024-03-31T20:00:10.175+0800: 1662.186: [scrub string table, 0.0005670 secs][1 CMS-remark: 63K(64K)] 105681K(118016K), 0.1017606 secs] [Times: user=0.10 sys=0.00, real=0.10 secs] 
2024-03-31T20:00:10.179+0800: 1662.190: [CMS-concurrent-sweep-start]
2024-03-31T20:00:10.180+0800: 1662.191: [CMS-concurrent-sweep: 0.000/0.000 secs] [Times: user=0.00 sys=0.00, real=0.00 secs] 
2024-03-31T20:00:10.182+0800: 1662.193: [CMS-concurrent-reset-start]
2024-03-31T20:00:10.183+0800: 1662.194: [CMS-concurrent-reset: 0.000/0.000 secs] [Times: user=0.00 sys=0.00, real=0.00 secs] 
2024-03-31T20:00:12.197+0800: 1664.208: [GC (CMS Initial Mark) [1 CMS-initial-mark: 63K(64K)] 105811K(118016K), 0.1123806 secs] [Times: user=0.11 sys=0.00, real=0.11 secs] 
2024-03-31T20:00:12.310+0800: 1664.321: [CMS-concurrent-mark-start]
2024-03-31T20:00:12.310+0800: 1664.322: [CMS-concurrent-mark: 0.000/0.000 secs] [Times: user=0.00 sys=0.00, real=0.00 secs] 
2024-03-31T20:00:12.311+0800: 1664.323: [CMS-concurrent-preclean-start]
2024-03-31T20:00:12.314+0800: 1664.325: [CMS-concurrent-preclean: 0.001/0.001 secs] [Times: user=0.01 sys=0.00, real=0.00 secs] 
2024-03-31T20:00:12.315+0800: 1664.326: [CMS-concurrent-abortable-preclean-start]
2024-03-31T20:00:12.315+0800: 1664.326: [CMS-concurrent-abortable-preclean: 0.000/0.000 secs] [Times: user=0.00 sys=0.00, real=0.00 secs] 
2024-03-31T20:00:12.316+0800: 1664.327: [GC (CMS Final Remark) [YG occupancy: 105748 K (117952 K)]2024-03-31T20:00:12.316+0800: 1664.327: [Rescan (non-parallel) 2024-03-31T20:00:12.316+0800: 1664.327: [grey object rescan, 0.0001582 secs]2024-03-31T20:00:12.317+0800: 1664.328: [root rescan, 0.0753865 secs]2024-03-31T20:00:12.392+0800: 1664.403: [visit unhandled CLDs, 0.0002156 secs]2024-03-31T20:00:12.393+0800: 1664.404: [dirty klass scan, 0.0016021 secs], 0.0780946 secs]2024-03-31T20:00:12.394+0800: 1664.406: [weak refs processing, 0.0001346 secs]2024-03-31T20:00:12.395+0800: 1664.406: [class unloading, 0.0118692 secs]2024-03-31T20:00:12.407+0800: 1664.418: [scrub symbol table, 0.0097631 secs]2024-03-31T20:00:12.417+0800: 1664.428: [scrub string table, 0.0005393 secs][1 CMS-remark: 63K(64K)] 105812K(118016K), 0.1040367 secs] [Times: user=0.10 sys=0.00, real=0.11 secs] 
2024-03-31T20:00:12.421+0800: 1664.432: [CMS-concurrent-sweep-start]
2024-03-31T20:00:12.421+0800: 1664.432: [CMS-concurrent-sweep: 0.000/0.000 secs] [Times: user=0.00 sys=0.00, real=0.00 secs] 
2024-03-31T20:00:12.423+0800: 1664.434: [CMS-concurrent-reset-start]
2024-03-31T20:00:12.424+0800: 1664.435: [CMS-concurrent-reset: 0.000/0.000 secs] [Times: user=0.00 sys=0.00, real=0.00 secs] 
2024-03-31T20:00:14.443+0800: 1666.454: [GC (CMS Initial Mark) [1 CMS-initial-mark: 63K(64K)] 106000K(118016K), 0.1132264 secs] [Times: user=0.11 sys=0.00, real=0.12 secs] 
2024-03-31T20:00:14.557+0800: 1666.568: [CMS-concurrent-mark-start]
2024-03-31T20:00:14.558+0800: 1666.569: [CMS-concurrent-mark: 0.000/0.000 secs] [Times: user=0.00 sys=0.00, real=0.00 secs] 
2024-03-31T20:00:14.558+0800: 1666.569: [CMS-concurrent-preclean-start]
2024-03-31T20:00:14.560+0800: 1666.571: [CMS-concurrent-preclean: 0.001/0.001 secs] [Times: user=0.00 sys=0.00, real=0.00 secs] 
2024-03-31T20:00:14.561+0800: 1666.572: [CMS-concurrent-abortable-preclean-start]
2024-03-31T20:00:14.562+0800: 1666.573: [CMS-concurrent-abortable-preclean: 0.000/0.000 secs] [Times: user=0.01 sys=0.00, real=0.00 secs] 
2024-03-31T20:00:14.563+0800: 1666.574: [GC (CMS Final Remark) [YG occupancy: 105937 K (117952 K)]2024-03-31T20:00:14.563+0800: 1666.574: [Rescan (non-parallel) 2024-03-31T20:00:14.563+0800: 1666.574: [grey object rescan, 0.0001044 secs]2024-03-31T20:00:14.563+0800: 1666.574: [root rescan, 0.0739718 secs]2024-03-31T20:00:14.637+0800: 1666.648: [visit unhandled CLDs, 0.0001687 secs]2024-03-31T20:00:14.638+0800: 1666.649: [dirty klass scan, 0.0013381 secs], 0.0762357 secs]2024-03-31T20:00:14.639+0800: 1666.650: [weak refs processing, 0.0001580 secs]2024-03-31T20:00:14.639+0800: 1666.650: [class unloading, 0.0120575 secs]2024-03-31T20:00:14.652+0800: 1666.663: [scrub symbol table, 0.0098707 secs]2024-03-31T20:00:14.662+0800: 1666.673: [scrub string table, 0.0004990 secs][1 CMS-remark: 63K(64K)] 106001K(118016K), 0.1024233 secs] [Times: user=0.10 sys=0.00, real=0.10 secs] 
2024-03-31T20:00:14.666+0800: 1666.677: [CMS-concurrent-sweep-start]
2024-03-31T20:00:14.666+0800: 1666.677: [CMS-concurrent-sweep: 0.000/0.000 secs] [Times: user=0.00 sys=0.00, real=0.00 secs] 
2024-03-31T20:00:14.668+0800: 1666.679: [CMS-concurrent-reset-start]
2024-03-31T20:00:14.669+0800: 1666.680: [CMS-concurrent-reset: 0.000/0.000 secs] [Times: user=0.00 sys=0.00, real=0.00 secs] 
2024-03-31T20:00:16.674+0800: 1668.685: [GC (CMS Initial Mark) [1 CMS-initial-mark: 63K(64K)] 106171K(118016K), 0.0922483 secs] [Times: user=0.10 sys=0.00, real=0.10 secs] 
2024-03-31T20:00:16.767+0800: 1668.778: [CMS-concurrent-mark-start]
2024-03-31T20:00:16.768+0800: 1668.779: [CMS-concurrent-mark: 0.000/0.000 secs] [Times: user=0.00 sys=0.00, real=0.00 secs] 
2024-03-31T20:00:16.769+0800: 1668.780: [CMS-concurrent-preclean-start]
2024-03-31T20:00:16.772+0800: 1668.783: [CMS-concurrent-preclean: 0.001/0.001 secs] [Times: user=0.00 sys=0.00, real=0.00 secs] 
2024-03-31T20:00:16.774+0800: 1668.785: [CMS-concurrent-abortable-preclean-start]
2024-03-31T20:00:16.776+0800: 1668.787: [CMS-concurrent-abortable-preclean: 0.000/0.000 secs] [Times: user=0.01 sys=0.01, real=0.00 secs] 
2024-03-31T20:00:16.779+0800: 1668.790: [GC (CMS Final Remark) [YG occupancy: 106108 K (117952 K)]2024-03-31T20:00:16.779+0800: 1668.790: [Rescan (non-parallel) 2024-03-31T20:00:16.779+0800: 1668.790: [grey object rescan, 0.0001075 secs]2024-03-31T20:00:16.779+0800: 1668.790: [root rescan, 0.0768810 secs]2024-03-31T20:00:16.856+0800: 1668.867: [visit unhandled CLDs, 0.0001543 secs]2024-03-31T20:00:16.857+0800: 1668.868: [dirty klass scan, 0.0015685 secs], 0.0795042 secs]2024-03-31T20:00:16.858+0800: 1668.870: [weak refs processing, 0.0001593 secs]2024-03-31T20:00:16.859+0800: 1668.870: [class unloading, 0.0123863 secs]2024-03-31T20:00:16.871+0800: 1668.882: [scrub symbol table, 0.0107852 secs]2024-03-31T20:00:16.882+0800: 1668.893: [scrub string table, 0.0005396 secs][1 CMS-remark: 63K(64K)] 106172K(118016K), 0.1072981 secs] [Times: user=0.10 sys=0.00, real=0.10 secs] 
2024-03-31T20:00:16.887+0800: 1668.898: [CMS-concurrent-sweep-start]
2024-03-31T20:00:16.888+0800: 1668.899: [CMS-concurrent-sweep: 0.000/0.000 secs] [Times: user=0.00 sys=0.00, real=0.00 secs] 
2024-03-31T20:00:16.891+0800: 1668.902: [CMS-concurrent-reset-start]
2024-03-31T20:00:16.892+0800: 1668.903: [CMS-concurrent-reset: 0.000/0.000 secs] [Times: user=0.01 sys=0.00, real=0.00 secs] 
2024-03-31T20:00:18.897+0800: 1670.908: [GC (CMS Initial Mark) [1 CMS-initial-mark: 63K(64K)] 106335K(118016K), 0.1090937 secs] [Times: user=0.11 sys=0.00, real=0.11 secs] 
2024-03-31T20:00:19.007+0800: 1671.018: [CMS-concurrent-mark-start]
2024-03-31T20:00:19.008+0800: 1671.019: [CMS-concurrent-mark: 0.000/0.000 secs] [Times: user=0.00 sys=0.00, real=0.00 secs] 
2024-03-31T20:00:19.010+0800: 1671.021: [CMS-concurrent-preclean-start]
2024-03-31T20:00:19.013+0800: 1671.024: [CMS-concurrent-preclean: 0.001/0.001 secs] [Times: user=0.01 sys=0.00, real=0.00 secs] 
2024-03-31T20:00:19.014+0800: 1671.025: [CMS-concurrent-abortable-preclean-start]
2024-03-31T20:00:19.016+0800: 1671.027: [CMS-concurrent-abortable-preclean: 0.000/0.000 secs] [Times: user=0.00 sys=0.00, real=0.00 secs] 
2024-03-31T20:00:19.020+0800: 1671.031: [GC (CMS Final Remark) [YG occupancy: 106273 K (117952 K)]2024-03-31T20:00:19.020+0800: 1671.031: [Rescan (non-parallel) 2024-03-31T20:00:19.020+0800: 1671.031: [grey object rescan, 0.0000946 secs]2024-03-31T20:00:19.020+0800: 1671.031: [root rescan, 0.0795786 secs]2024-03-31T20:00:19.100+0800: 1671.111: [visit unhandled CLDs, 0.0002473 secs]2024-03-31T20:00:19.100+0800: 1671.111: [dirty klass scan, 0.0021897 secs], 0.0829794 secs]2024-03-31T20:00:19.103+0800: 1671.114: [weak refs processing, 0.0001965 secs]2024-03-31T20:00:19.103+0800: 1671.114: [class unloading, 0.0134538 secs]2024-03-31T20:00:19.117+0800: 1671.128: [scrub symbol table, 0.0112615 secs]2024-03-31T20:00:19.128+0800: 1671.140: [scrub string table, 0.0005746 secs][1 CMS-remark: 63K(64K)] 106337K(118016K), 0.1126099 secs] [Times: user=0.11 sys=0.00, real=0.11 secs] 
2024-03-31T20:00:19.133+0800: 1671.144: [CMS-concurrent-sweep-start]
2024-03-31T20:00:19.134+0800: 1671.145: [CMS-concurrent-sweep: 0.000/0.000 secs] [Times: user=0.00 sys=0.00, real=0.00 secs] 
2024-03-31T20:00:19.136+0800: 1671.147: [CMS-concurrent-reset-start]
2024-03-31T20:00:19.137+0800: 1671.148: [CMS-concurrent-reset: 0.000/0.000 secs] [Times: user=0.00 sys=0.00, real=0.01 secs] 
2024-03-31T20:00:21.147+0800: 1673.159: [GC (CMS Initial Mark) [1 CMS-initial-mark: 63K(64K)] 106534K(118016K), 0.1103102 secs] [Times: user=0.11 sys=0.00, real=0.11 secs] 
2024-03-31T20:00:21.258+0800: 1673.270: [CMS-concurrent-mark-start]
2024-03-31T20:00:21.259+0800: 1673.271: [CMS-concurrent-mark: 0.000/0.000 secs] [Times: user=0.00 sys=0.00, real=0.00 secs] 
2024-03-31T20:00:21.261+0800: 1673.272: [CMS-concurrent-preclean-start]
2024-03-31T20:00:21.263+0800: 1673.274: [CMS-concurrent-preclean: 0.001/0.001 secs] [Times: user=0.01 sys=0.00, real=0.00 secs] 
2024-03-31T20:00:21.266+0800: 1673.277: [CMS-concurrent-abortable-preclean-start]
2024-03-31T20:00:21.266+0800: 1673.278: [CMS-concurrent-abortable-preclean: 0.000/0.000 secs] [Times: user=0.00 sys=0.00, real=0.01 secs] 
2024-03-31T20:00:21.268+0800: 1673.279: [GC (CMS Final Remark) [YG occupancy: 106484 K (117952 K)]2024-03-31T20:00:21.268+0800: 1673.279: [Rescan (non-parallel) 2024-03-31T20:00:21.268+0800: 1673.279: [grey object rescan, 0.0002007 secs]2024-03-31T20:00:21.268+0800: 1673.280: [root rescan, 0.0782990 secs]2024-03-31T20:00:21.347+0800: 1673.358: [visit unhandled CLDs, 0.0001726 secs]2024-03-31T20:00:21.347+0800: 1673.358: [dirty klass scan, 0.0014392 secs], 0.0808507 secs]2024-03-31T20:00:21.349+0800: 1673.360: [weak refs processing, 0.0001347 secs]2024-03-31T20:00:21.349+0800: 1673.360: [class unloading, 0.0122895 secs]2024-03-31T20:00:21.362+0800: 1673.373: [scrub symbol table, 0.0128200 secs]2024-03-31T20:00:21.375+0800: 1673.386: [scrub string table, 0.0007037 secs][1 CMS-remark: 63K(64K)] 106547K(118016K), 0.1110952 secs] [Times: user=0.11 sys=0.00, real=0.11 secs] 
2024-03-31T20:00:21.380+0800: 1673.391: [CMS-concurrent-sweep-start]
2024-03-31T20:00:21.380+0800: 1673.391: [CMS-concurrent-sweep: 0.000/0.000 secs] [Times: user=0.00 sys=0.00, real=0.00 secs] 
2024-03-31T20:00:21.382+0800: 1673.393: [CMS-concurrent-reset-start]
2024-03-31T20:00:21.383+0800: 1673.394: [CMS-concurrent-reset: 0.000/0.000 secs] [Times: user=0.01 sys=0.00, real=0.00 secs] 
2024-03-31T20:00:23.384+0800: 1675.396: [GC (CMS Initial Mark) [1 CMS-initial-mark: 63K(64K)] 106839K(118016K), 0.0772409 secs] [Times: user=0.08 sys=0.00, real=0.08 secs] 
2024-03-31T20:00:23.462+0800: 1675.474: [CMS-concurrent-mark-start]
2024-03-31T20:00:23.463+0800: 1675.474: [CMS-concurrent-mark: 0.000/0.000 secs] [Times: user=0.00 sys=0.00, real=0.00 secs] 
2024-03-31T20:00:23.464+0800: 1675.475: [CMS-concurrent-preclean-start]
2024-03-31T20:00:23.466+0800: 1675.477: [CMS-concurrent-preclean: 0.001/0.001 secs] [Times: user=0.00 sys=0.00, real=0.00 secs] 
2024-03-31T20:00:23.467+0800: 1675.478: [CMS-concurrent-abortable-preclean-start]
2024-03-31T20:00:23.468+0800: 1675.479: [CMS-concurrent-abortable-preclean: 0.000/0.000 secs] [Times: user=0.01 sys=0.00, real=0.01 secs] 
2024-03-31T20:00:23.469+0800: 1675.480: [GC (CMS Final Remark) [YG occupancy: 106776 K (117952 K)]2024-03-31T20:00:23.469+0800: 1675.481: [Rescan (non-parallel) 2024-03-31T20:00:23.470+0800: 1675.481: [grey object rescan, 0.0001085 secs]2024-03-31T20:00:23.470+0800: 1675.481: [root rescan, 0.0774829 secs]2024-03-31T20:00:23.548+0800: 1675.559: [visit unhandled CLDs, 0.0002183 secs]2024-03-31T20:00:23.548+0800: 1675.559: [dirty klass scan, 0.0016058 secs], 0.0802023 secs]2024-03-31T20:00:23.550+0800: 1675.561: [weak refs processing, 0.0001550 secs]2024-03-31T20:00:23.550+0800: 1675.561: [class unloading, 0.0131226 secs]2024-03-31T20:00:23.563+0800: 1675.575: [scrub symbol table, 0.0123850 secs]2024-03-31T20:00:23.576+0800: 1675.587: [scrub string table, 0.0007306 secs][1 CMS-remark: 63K(64K)] 106840K(118016K), 0.1109525 secs] [Times: user=0.11 sys=0.00, real=0.11 secs] 
2024-03-31T20:00:23.581+0800: 1675.592: [CMS-concurrent-sweep-start]
2024-03-31T20:00:23.581+0800: 1675.593: [CMS-concurrent-sweep: 0.000/0.000 secs] [Times: user=0.00 sys=0.00, real=0.00 secs] 
2024-03-31T20:00:23.583+0800: 1675.594: [CMS-concurrent-reset-start]
2024-03-31T20:00:23.584+0800: 1675.595: [CMS-concurrent-reset: 0.000/0.000 secs] [Times: user=0.00 sys=0.00, real=0.00 secs] 
2024-03-31T20:00:25.593+0800: 1677.604: [GC (CMS Initial Mark) [1 CMS-initial-mark: 63K(64K)] 106969K(118016K), 0.1111411 secs] [Times: user=0.11 sys=0.00, real=0.11 secs] 
2024-03-31T20:00:25.705+0800: 1677.716: [CMS-concurrent-mark-start]
2024-03-31T20:00:25.706+0800: 1677.717: [CMS-concurrent-mark: 0.000/0.000 secs] [Times: user=0.00 sys=0.00, real=0.00 secs] 
2024-03-31T20:00:25.707+0800: 1677.718: [CMS-concurrent-preclean-start]
2024-03-31T20:00:25.709+0800: 1677.720: [CMS-concurrent-preclean: 0.001/0.001 secs] [Times: user=0.00 sys=0.00, real=0.01 secs] 
2024-03-31T20:00:25.710+0800: 1677.721: [CMS-concurrent-abortable-preclean-start]
2024-03-31T20:00:25.710+0800: 1677.721: [CMS-concurrent-abortable-preclean: 0.000/0.000 secs] [Times: user=0.00 sys=0.00, real=0.00 secs] 
2024-03-31T20:00:25.710+0800: 1677.722: [GC (CMS Final Remark) [YG occupancy: 106907 K (117952 K)]2024-03-31T20:00:25.711+0800: 1677.722: [Rescan (non-parallel) 2024-03-31T20:00:25.711+0800: 1677.722: [grey object rescan, 0.0001197 secs]2024-03-31T20:00:25.711+0800: 1677.722: [root rescan, 0.0769523 secs]2024-03-31T20:00:25.788+0800: 1677.799: [visit unhandled CLDs, 0.0001935 secs]2024-03-31T20:00:25.788+0800: 1677.800: [dirty klass scan, 0.0014819 secs], 0.0793969 secs]2024-03-31T20:00:25.790+0800: 1677.801: [weak refs processing, 0.0001961 secs]2024-03-31T20:00:25.790+0800: 1677.802: [class unloading, 0.0133601 secs]2024-03-31T20:00:25.804+0800: 1677.815: [scrub symbol table, 0.0109214 secs]2024-03-31T20:00:25.815+0800: 1677.826: [scrub string table, 0.0006113 secs][1 CMS-remark: 63K(64K)] 106971K(118016K), 0.1085798 secs] [Times: user=0.11 sys=0.00, real=0.11 secs] 
2024-03-31T20:00:25.820+0800: 1677.831: [CMS-concurrent-sweep-start]
2024-03-31T20:00:25.821+0800: 1677.832: [CMS-concurrent-sweep: 0.000/0.000 secs] [Times: user=0.00 sys=0.00, real=0.00 secs] 
2024-03-31T20:00:25.822+0800: 1677.834: [CMS-concurrent-reset-start]
2024-03-31T20:00:25.824+0800: 1677.835: [CMS-concurrent-reset: 0.000/0.000 secs] [Times: user=0.00 sys=0.00, real=0.00 secs] 
2024-03-31T20:00:27.829+0800: 1679.840: [GC (CMS Initial Mark) [1 CMS-initial-mark: 63K(64K)] 107166K(118016K), 0.1111347 secs] [Times: user=0.11 sys=0.00, real=0.11 secs] 
2024-03-31T20:00:27.941+0800: 1679.952: [CMS-concurrent-mark-start]
2024-03-31T20:00:27.942+0800: 1679.953: [CMS-concurrent-mark: 0.000/0.000 secs] [Times: user=0.01 sys=0.00, real=0.00 secs] 
2024-03-31T20:00:27.943+0800: 1679.954: [CMS-concurrent-preclean-start]
2024-03-31T20:00:27.946+0800: 1679.957: [CMS-concurrent-preclean: 0.001/0.001 secs] [Times: user=0.00 sys=0.00, real=0.00 secs] 
2024-03-31T20:00:27.946+0800: 1679.958: [CMS-concurrent-abortable-preclean-start]
2024-03-31T20:00:27.947+0800: 1679.958: [CMS-concurrent-abortable-preclean: 0.000/0.000 secs] [Times: user=0.00 sys=0.00, real=0.01 secs] 
2024-03-31T20:00:27.947+0800: 1679.958: [GC (CMS Final Remark) [YG occupancy: 107103 K (117952 K)]2024-03-31T20:00:27.947+0800: 1679.959: [Rescan (non-parallel) 2024-03-31T20:00:27.948+0800: 1679.959: [grey object rescan, 0.0001062 secs]2024-03-31T20:00:27.948+0800: 1679.959: [root rescan, 0.0789656 secs]2024-03-31T20:00:28.027+0800: 1680.038: [visit unhandled CLDs, 0.0001947 secs]2024-03-31T20:00:28.027+0800: 1680.038: [dirty klass scan, 0.0016908 secs], 0.0816553 secs]2024-03-31T20:00:28.029+0800: 1680.040: [weak refs processing, 0.0001501 secs]2024-03-31T20:00:28.029+0800: 1680.041: [class unloading, 0.0132100 secs]2024-03-31T20:00:28.043+0800: 1680.054: [scrub symbol table, 0.0125624 secs]2024-03-31T20:00:28.056+0800: 1680.067: [scrub string table, 0.0005393 secs][1 CMS-remark: 63K(64K)] 107167K(118016K), 0.1120546 secs] [Times: user=0.11 sys=0.00, real=0.11 secs] 
2024-03-31T20:00:28.061+0800: 1680.072: [CMS-concurrent-sweep-start]
2024-03-31T20:00:28.061+0800: 1680.073: [CMS-concurrent-sweep: 0.000/0.000 secs] [Times: user=0.00 sys=0.00, real=0.00 secs] 
2024-03-31T20:00:28.065+0800: 1680.076: [CMS-concurrent-reset-start]
2024-03-31T20:00:28.067+0800: 1680.078: [CMS-concurrent-reset: 0.000/0.000 secs] [Times: user=0.00 sys=0.00, real=0.01 secs] 
2024-03-31T20:00:30.080+0800: 1682.091: [GC (CMS Initial Mark) [1 CMS-initial-mark: 63K(64K)] 107440K(118016K), 0.1126800 secs] [Times: user=0.12 sys=0.00, real=0.11 secs] 
2024-03-31T20:00:30.194+0800: 1682.205: [CMS-concurrent-mark-start]
2024-03-31T20:00:30.195+0800: 1682.206: [CMS-concurrent-mark: 0.000/0.000 secs] [Times: user=0.00 sys=0.00, real=0.00 secs] 
2024-03-31T20:00:30.197+0800: 1682.208: [CMS-concurrent-preclean-start]
2024-03-31T20:00:30.199+0800: 1682.210: [CMS-concurrent-preclean: 0.001/0.001 secs] [Times: user=0.00 sys=0.00, real=0.01 secs] 
2024-03-31T20:00:30.201+0800: 1682.212: [CMS-concurrent-abortable-preclean-start]
2024-03-31T20:00:30.203+0800: 1682.214: [CMS-concurrent-abortable-preclean: 0.000/0.000 secs] [Times: user=0.00 sys=0.00, real=0.00 secs] 
2024-03-31T20:00:30.204+0800: 1682.215: [GC (CMS Final Remark) [YG occupancy: 107378 K (117952 K)]2024-03-31T20:00:30.204+0800: 1682.215: [Rescan (non-parallel) 2024-03-31T20:00:30.204+0800: 1682.215: [grey object rescan, 0.0001080 secs]2024-03-31T20:00:30.204+0800: 1682.215: [root rescan, 0.0767265 secs]2024-03-31T20:00:30.281+0800: 1682.292: [visit unhandled CLDs, 0.0001783 secs]2024-03-31T20:00:30.281+0800: 1682.293: [dirty klass scan, 0.0014606 secs], 0.0791157 secs]2024-03-31T20:00:30.283+0800: 1682.294: [weak refs processing, 0.0001651 secs]2024-03-31T20:00:30.283+0800: 1682.295: [class unloading, 0.0133145 secs]2024-03-31T20:00:30.297+0800: 1682.308: [scrub symbol table, 0.0116411 secs]2024-03-31T20:00:30.309+0800: 1682.320: [scrub string table, 0.0006867 secs][1 CMS-remark: 63K(64K)] 107442K(118016K), 0.1088890 secs] [Times: user=0.11 sys=0.00, real=0.11 secs] 
2024-03-31T20:00:30.313+0800: 1682.325: [CMS-concurrent-sweep-start]
2024-03-31T20:00:30.314+0800: 1682.325: [CMS-concurrent-sweep: 0.000/0.000 secs] [Times: user=0.00 sys=0.00, real=0.00 secs] 
2024-03-31T20:00:30.315+0800: 1682.327: [CMS-concurrent-reset-start]
2024-03-31T20:00:30.316+0800: 1682.327: [CMS-concurrent-reset: 0.000/0.000 secs] [Times: user=0.01 sys=0.00, real=0.01 secs] 
2024-03-31T20:00:32.326+0800: 1684.337: [GC (CMS Initial Mark) [1 CMS-initial-mark: 63K(64K)] 107627K(118016K), 0.1198021 secs] [Times: user=0.12 sys=0.00, real=0.12 secs] 
2024-03-31T20:00:32.447+0800: 1684.458: [CMS-concurrent-mark-start]
2024-03-31T20:00:32.448+0800: 1684.459: [CMS-concurrent-mark: 0.000/0.000 secs] [Times: user=0.00 sys=0.00, real=0.00 secs] 
2024-03-31T20:00:32.449+0800: 1684.460: [CMS-concurrent-preclean-start]
2024-03-31T20:00:32.451+0800: 1684.462: [CMS-concurrent-preclean: 0.001/0.001 secs] [Times: user=0.01 sys=0.00, real=0.00 secs] 
2024-03-31T20:00:32.451+0800: 1684.462: [CMS-concurrent-abortable-preclean-start]
2024-03-31T20:00:32.451+0800: 1684.462: [CMS-concurrent-abortable-preclean: 0.000/0.000 secs] [Times: user=0.00 sys=0.00, real=0.00 secs] 
2024-03-31T20:00:32.452+0800: 1684.463: [GC (CMS Final Remark) [YG occupancy: 107565 K (117952 K)]2024-03-31T20:00:32.452+0800: 1684.463: [Rescan (non-parallel) 2024-03-31T20:00:32.452+0800: 1684.463: [grey object rescan, 0.0001085 secs]2024-03-31T20:00:32.452+0800: 1684.464: [root rescan, 0.0755490 secs]2024-03-31T20:00:32.528+0800: 1684.539: [visit unhandled CLDs, 0.0001545 secs]2024-03-31T20:00:32.528+0800: 1684.540: [dirty klass scan, 0.0014472 secs], 0.0778842 secs]2024-03-31T20:00:32.530+0800: 1684.541: [weak refs processing, 0.0001302 secs]2024-03-31T20:00:32.530+0800: 1684.542: [class unloading, 0.0119698 secs]2024-03-31T20:00:32.543+0800: 1684.554: [scrub symbol table, 0.0098366 secs]2024-03-31T20:00:32.553+0800: 1684.564: [scrub string table, 0.0005499 secs][1 CMS-remark: 63K(64K)] 107629K(118016K), 0.1043971 secs] [Times: user=0.10 sys=0.00, real=0.11 secs] 
2024-03-31T20:00:32.557+0800: 1684.568: [CMS-concurrent-sweep-start]
2024-03-31T20:00:32.558+0800: 1684.569: [CMS-concurrent-sweep: 0.000/0.000 secs] [Times: user=0.00 sys=0.00, real=0.00 secs] 
2024-03-31T20:00:32.560+0800: 1684.571: [CMS-concurrent-reset-start]
2024-03-31T20:00:32.560+0800: 1684.572: [CMS-concurrent-reset: 0.000/0.000 secs] [Times: user=0.00 sys=0.00, real=0.00 secs] 
2024-03-31T20:00:34.567+0800: 1686.579: [GC (CMS Initial Mark) [1 CMS-initial-mark: 63K(64K)] 107791K(118016K), 0.1226661 secs] [Times: user=0.12 sys=0.00, real=0.12 secs] 
2024-03-31T20:00:34.691+0800: 1686.702: [CMS-concurrent-mark-start]
2024-03-31T20:00:34.691+0800: 1686.703: [CMS-concurrent-mark: 0.000/0.000 secs] [Times: user=0.01 sys=0.00, real=0.00 secs] 
2024-03-31T20:00:34.693+0800: 1686.704: [CMS-concurrent-preclean-start]
2024-03-31T20:00:34.695+0800: 1686.706: [CMS-concurrent-preclean: 0.001/0.001 secs] [Times: user=0.00 sys=0.00, real=0.00 secs] 
2024-03-31T20:00:34.696+0800: 1686.707: [CMS-concurrent-abortable-preclean-start]
2024-03-31T20:00:34.696+0800: 1686.707: [CMS-concurrent-abortable-preclean: 0.000/0.000 secs] [Times: user=0.00 sys=0.00, real=0.00 secs] 
2024-03-31T20:00:34.696+0800: 1686.708: [GC (CMS Final Remark) [YG occupancy: 107728 K (117952 K)]2024-03-31T20:00:34.697+0800: 1686.708: [Rescan (non-parallel) 2024-03-31T20:00:34.697+0800: 1686.708: [grey object rescan, 0.0001013 secs]2024-03-31T20:00:34.697+0800: 1686.708: [root rescan, 0.0756178 secs]2024-03-31T20:00:34.773+0800: 1686.784: [visit unhandled CLDs, 0.0001644 secs]2024-03-31T20:00:34.773+0800: 1686.784: [dirty klass scan, 0.0014594 secs], 0.0779363 secs]2024-03-31T20:00:34.775+0800: 1686.786: [weak refs processing, 0.0001315 secs]2024-03-31T20:00:34.775+0800: 1686.786: [class unloading, 0.0119286 secs]2024-03-31T20:00:34.787+0800: 1686.798: [scrub symbol table, 0.0097723 secs]2024-03-31T20:00:34.797+0800: 1686.808: [scrub string table, 0.0004978 secs][1 CMS-remark: 63K(64K)] 107792K(118016K), 0.1039763 secs] [Times: user=0.10 sys=0.00, real=0.10 secs] 
2024-03-31T20:00:34.801+0800: 1686.812: [CMS-concurrent-sweep-start]
2024-03-31T20:00:34.801+0800: 1686.813: [CMS-concurrent-sweep: 0.000/0.000 secs] [Times: user=0.01 sys=0.00, real=0.00 secs] 
2024-03-31T20:00:34.803+0800: 1686.814: [CMS-concurrent-reset-start]
2024-03-31T20:00:34.803+0800: 1686.815: [CMS-concurrent-reset: 0.000/0.000 secs] [Times: user=0.00 sys=0.00, real=0.00 secs] 
2024-03-31T20:00:36.819+0800: 1688.830: [GC (CMS Initial Mark) [1 CMS-initial-mark: 63K(64K)] 107946K(118016K), 0.1208212 secs] [Times: user=0.12 sys=0.00, real=0.12 secs] 
2024-03-31T20:00:36.940+0800: 1688.952: [CMS-concurrent-mark-start]
2024-03-31T20:00:36.941+0800: 1688.953: [CMS-concurrent-mark: 0.000/0.000 secs] [Times: user=0.00 sys=0.00, real=0.00 secs] 
2024-03-31T20:00:36.942+0800: 1688.953: [CMS-concurrent-preclean-start]
2024-03-31T20:00:36.945+0800: 1688.956: [CMS-concurrent-preclean: 0.001/0.001 secs] [Times: user=0.01 sys=0.00, real=0.00 secs] 
2024-03-31T20:00:36.946+0800: 1688.957: [CMS-concurrent-abortable-preclean-start]
2024-03-31T20:00:36.946+0800: 1688.958: [CMS-concurrent-abortable-preclean: 0.000/0.000 secs] [Times: user=0.00 sys=0.00, real=0.01 secs] 
2024-03-31T20:00:36.948+0800: 1688.959: [GC (CMS Final Remark) [YG occupancy: 107886 K (117952 K)]2024-03-31T20:00:36.948+0800: 1688.959: [Rescan (non-parallel) 2024-03-31T20:00:36.948+0800: 1688.959: [grey object rescan, 0.0001069 secs]2024-03-31T20:00:36.948+0800: 1688.960: [root rescan, 0.0778129 secs]2024-03-31T20:00:37.026+0800: 1689.038: [visit unhandled CLDs, 0.0001638 secs]2024-03-31T20:00:37.027+0800: 1689.038: [dirty klass scan, 0.0015451 secs], 0.0802806 secs]2024-03-31T20:00:37.028+0800: 1689.040: [weak refs processing, 0.0001527 secs]2024-03-31T20:00:37.029+0800: 1689.040: [class unloading, 0.0125236 secs]2024-03-31T20:00:37.041+0800: 1689.053: [scrub symbol table, 0.0100586 secs]2024-03-31T20:00:37.052+0800: 1689.063: [scrub string table, 0.0005187 secs][1 CMS-remark: 63K(64K)] 107950K(118016K), 0.1075672 secs] [Times: user=0.11 sys=0.00, real=0.10 secs] 
2024-03-31T20:00:37.057+0800: 1689.068: [CMS-concurrent-sweep-start]
2024-03-31T20:00:37.057+0800: 1689.069: [CMS-concurrent-sweep: 0.000/0.000 secs] [Times: user=0.00 sys=0.00, real=0.01 secs] 
2024-03-31T20:00:37.060+0800: 1689.071: [CMS-concurrent-reset-start]
2024-03-31T20:00:37.061+0800: 1689.072: [CMS-concurrent-reset: 0.000/0.000 secs] [Times: user=0.00 sys=0.00, real=0.00 secs] 
2024-03-31T20:00:39.068+0800: 1691.079: [GC (CMS Initial Mark) [1 CMS-initial-mark: 63K(64K)] 108298K(118016K), 0.1116646 secs] [Times: user=0.11 sys=0.00, real=0.11 secs] 
2024-03-31T20:00:39.180+0800: 1691.192: [CMS-concurrent-mark-start]
2024-03-31T20:00:39.181+0800: 1691.192: [CMS-concurrent-mark: 0.000/0.000 secs] [Times: user=0.00 sys=0.00, real=0.00 secs] 
2024-03-31T20:00:39.182+0800: 1691.194: [CMS-concurrent-preclean-start]
2024-03-31T20:00:39.184+0800: 1691.196: [CMS-concurrent-preclean: 0.001/0.001 secs] [Times: user=0.00 sys=0.00, real=0.00 secs] 
2024-03-31T20:00:39.187+0800: 1691.198: [CMS-concurrent-abortable-preclean-start]
2024-03-31T20:00:39.188+0800: 1691.199: [CMS-concurrent-abortable-preclean: 0.000/0.000 secs] [Times: user=0.00 sys=0.00, real=0.01 secs] 
2024-03-31T20:00:39.189+0800: 1691.200: [GC (CMS Final Remark) [YG occupancy: 108239 K (117952 K)]2024-03-31T20:00:39.189+0800: 1691.200: [Rescan (non-parallel) 2024-03-31T20:00:39.189+0800: 1691.200: [grey object rescan, 0.0000986 secs]2024-03-31T20:00:39.189+0800: 1691.200: [root rescan, 0.0783498 secs]2024-03-31T20:00:39.268+0800: 1691.279: [visit unhandled CLDs, 0.0002018 secs]2024-03-31T20:00:39.268+0800: 1691.279: [dirty klass scan, 0.0014847 secs], 0.0808344 secs]2024-03-31T20:00:39.270+0800: 1691.281: [weak refs processing, 0.0001540 secs]2024-03-31T20:00:39.270+0800: 1691.281: [class unloading, 0.0121113 secs]2024-03-31T20:00:39.282+0800: 1691.294: [scrub symbol table, 0.0099797 secs]2024-03-31T20:00:39.293+0800: 1691.304: [scrub string table, 0.0006246 secs][1 CMS-remark: 63K(64K)] 108303K(118016K), 0.1075975 secs] [Times: user=0.11 sys=0.00, real=0.11 secs] 
2024-03-31T20:00:39.297+0800: 1691.308: [CMS-concurrent-sweep-start]
2024-03-31T20:00:39.298+0800: 1691.310: [CMS-concurrent-sweep: 0.000/0.000 secs] [Times: user=0.00 sys=0.00, real=0.00 secs] 
2024-03-31T20:00:39.301+0800: 1691.312: [CMS-concurrent-reset-start]
2024-03-31T20:00:39.302+0800: 1691.313: [CMS-concurrent-reset: 0.000/0.000 secs] [Times: user=0.00 sys=0.00, real=0.00 secs] 
2024-03-31T20:00:41.319+0800: 1693.331: [GC (CMS Initial Mark) [1 CMS-initial-mark: 63K(64K)] 108467K(118016K), 0.1097676 secs] [Times: user=0.11 sys=0.00, real=0.11 secs] 
2024-03-31T20:00:41.430+0800: 1693.441: [CMS-concurrent-mark-start]
2024-03-31T20:00:41.431+0800: 1693.442: [CMS-concurrent-mark: 0.000/0.000 secs] [Times: user=0.00 sys=0.00, real=0.00 secs] 
2024-03-31T20:00:41.432+0800: 1693.443: [CMS-concurrent-preclean-start]
2024-03-31T20:00:41.434+0800: 1693.445: [CMS-concurrent-preclean: 0.001/0.001 secs] [Times: user=0.00 sys=0.00, real=0.00 secs] 
2024-03-31T20:00:41.436+0800: 1693.447: [CMS-concurrent-abortable-preclean-start]
2024-03-31T20:00:41.437+0800: 1693.448: [CMS-concurrent-abortable-preclean: 0.000/0.000 secs] [Times: user=0.00 sys=0.00, real=0.01 secs] 
2024-03-31T20:00:41.439+0800: 1693.450: [GC (CMS Final Remark) [YG occupancy: 108407 K (117952 K)]2024-03-31T20:00:41.439+0800: 1693.451: [Rescan (non-parallel) 2024-03-31T20:00:41.439+0800: 1693.451: [grey object rescan, 0.0000965 secs]2024-03-31T20:00:41.440+0800: 1693.451: [root rescan, 0.0823052 secs]2024-03-31T20:00:41.523+0800: 1693.534: [visit unhandled CLDs, 0.0002177 secs]2024-03-31T20:00:41.523+0800: 1693.534: [dirty klass scan, 0.0014980 secs], 0.0852799 secs]2024-03-31T20:00:41.525+0800: 1693.536: [weak refs processing, 0.0001709 secs]2024-03-31T20:00:41.525+0800: 1693.536: [class unloading, 0.0131727 secs]2024-03-31T20:00:41.539+0800: 1693.550: [scrub symbol table, 0.0109553 secs]2024-03-31T20:00:41.550+0800: 1693.561: [scrub string table, 0.0006695 secs][1 CMS-remark: 63K(64K)] 108471K(118016K), 0.1145464 secs] [Times: user=0.12 sys=0.00, real=0.11 secs] 
2024-03-31T20:00:41.555+0800: 1693.566: [CMS-concurrent-sweep-start]
2024-03-31T20:00:41.556+0800: 1693.567: [CMS-concurrent-sweep: 0.000/0.000 secs] [Times: user=0.00 sys=0.00, real=0.00 secs] 
2024-03-31T20:00:41.558+0800: 1693.569: [CMS-concurrent-reset-start]
2024-03-31T20:00:41.559+0800: 1693.570: [CMS-concurrent-reset: 0.000/0.000 secs] [Times: user=0.00 sys=0.00, real=0.00 secs] 
2024-03-31T20:00:43.570+0800: 1695.581: [GC (CMS Initial Mark) [1 CMS-initial-mark: 63K(64K)] 108607K(118016K), 0.1195923 secs] [Times: user=0.12 sys=0.00, real=0.12 secs] 
2024-03-31T20:00:43.690+0800: 1695.701: [CMS-concurrent-mark-start]
2024-03-31T20:00:43.691+0800: 1695.702: [CMS-concurrent-mark: 0.000/0.000 secs] [Times: user=0.00 sys=0.01, real=0.00 secs] 
2024-03-31T20:00:43.692+0800: 1695.703: [CMS-concurrent-preclean-start]
2024-03-31T20:00:43.694+0800: 1695.706: [CMS-concurrent-preclean: 0.001/0.001 secs] [Times: user=0.01 sys=0.00, real=0.00 secs] 
2024-03-31T20:00:43.696+0800: 1695.707: [CMS-concurrent-abortable-preclean-start]
2024-03-31T20:00:43.697+0800: 1695.708: [CMS-concurrent-abortable-preclean: 0.000/0.000 secs] [Times: user=0.00 sys=0.00, real=0.01 secs] 
2024-03-31T20:00:43.698+0800: 1695.709: [GC (CMS Final Remark) [YG occupancy: 108545 K (117952 K)]2024-03-31T20:00:43.698+0800: 1695.709: [Rescan (non-parallel) 2024-03-31T20:00:43.698+0800: 1695.710: [grey object rescan, 0.0001778 secs]2024-03-31T20:00:43.699+0800: 1695.710: [root rescan, 0.0797474 secs]2024-03-31T20:00:43.779+0800: 1695.790: [visit unhandled CLDs, 0.0002070 secs]2024-03-31T20:00:43.779+0800: 1695.790: [dirty klass scan, 0.0015275 secs], 0.0824103 secs]2024-03-31T20:00:43.781+0800: 1695.792: [weak refs processing, 0.0001597 secs]2024-03-31T20:00:43.781+0800: 1695.792: [class unloading, 0.0126425 secs]2024-03-31T20:00:43.794+0800: 1695.805: [scrub symbol table, 0.0122350 secs]2024-03-31T20:00:43.806+0800: 1695.818: [scrub string table, 0.0005651 secs][1 CMS-remark: 63K(64K)] 108609K(118016K), 0.1123440 secs] [Times: user=0.11 sys=0.00, real=0.11 secs] 
2024-03-31T20:00:43.811+0800: 1695.823: [CMS-concurrent-sweep-start]
2024-03-31T20:00:43.812+0800: 1695.823: [CMS-concurrent-sweep: 0.000/0.000 secs] [Times: user=0.00 sys=0.00, real=0.00 secs] 
2024-03-31T20:00:43.814+0800: 1695.825: [CMS-concurrent-reset-start]
2024-03-31T20:00:43.815+0800: 1695.826: [CMS-concurrent-reset: 0.000/0.000 secs] [Times: user=0.01 sys=0.00, real=0.00 secs] 
2024-03-31T20:00:45.825+0800: 1697.837: [GC (CMS Initial Mark) [1 CMS-initial-mark: 63K(64K)] 108805K(118016K), 0.1153668 secs] [Times: user=0.11 sys=0.00, real=0.12 secs] 
2024-03-31T20:00:45.942+0800: 1697.953: [CMS-concurrent-mark-start]
2024-03-31T20:00:45.943+0800: 1697.954: [CMS-concurrent-mark: 0.000/0.000 secs] [Times: user=0.00 sys=0.00, real=0.00 secs] 
2024-03-31T20:00:45.944+0800: 1697.955: [CMS-concurrent-preclean-start]
2024-03-31T20:00:45.946+0800: 1697.958: [CMS-concurrent-preclean: 0.001/0.001 secs] [Times: user=0.01 sys=0.00, real=0.01 secs] 
2024-03-31T20:00:45.948+0800: 1697.959: [CMS-concurrent-abortable-preclean-start]
2024-03-31T20:00:45.948+0800: 1697.959: [CMS-concurrent-abortable-preclean: 0.000/0.000 secs] [Times: user=0.00 sys=0.00, real=0.00 secs] 
2024-03-31T20:00:45.949+0800: 1697.960: [GC (CMS Final Remark) [YG occupancy: 108743 K (117952 K)]2024-03-31T20:00:45.949+0800: 1697.960: [Rescan (non-parallel) 2024-03-31T20:00:45.949+0800: 1697.961: [grey object rescan, 0.0001337 secs]2024-03-31T20:00:45.950+0800: 1697.961: [root rescan, 0.0776135 secs]2024-03-31T20:00:46.027+0800: 1698.039: [visit unhandled CLDs, 0.0001359 secs]2024-03-31T20:00:46.028+0800: 1698.039: [dirty klass scan, 0.0014496 secs], 0.0800182 secs]2024-03-31T20:00:46.029+0800: 1698.041: [weak refs processing, 0.0001482 secs]2024-03-31T20:00:46.030+0800: 1698.041: [class unloading, 0.0119200 secs]2024-03-31T20:00:46.042+0800: 1698.053: [scrub symbol table, 0.0098087 secs]2024-03-31T20:00:46.052+0800: 1698.063: [scrub string table, 0.0005392 secs][1 CMS-remark: 63K(64K)] 108807K(118016K), 0.1061930 secs] [Times: user=0.10 sys=0.00, real=0.10 secs] 
2024-03-31T20:00:46.056+0800: 1698.067: [CMS-concurrent-sweep-start]
2024-03-31T20:00:46.057+0800: 1698.068: [CMS-concurrent-sweep: 0.000/0.000 secs] [Times: user=0.00 sys=0.00, real=0.01 secs] 
2024-03-31T20:00:46.059+0800: 1698.070: [CMS-concurrent-reset-start]
2024-03-31T20:00:46.060+0800: 1698.071: [CMS-concurrent-reset: 0.000/0.000 secs] [Times: user=0.01 sys=0.01, real=0.00 secs] 
2024-03-31T20:00:48.067+0800: 1700.079: [GC (CMS Initial Mark) [1 CMS-initial-mark: 63K(64K)] 108978K(118016K), 0.1189580 secs] [Times: user=0.12 sys=0.00, real=0.12 secs] 
2024-03-31T20:00:48.187+0800: 1700.199: [CMS-concurrent-mark-start]
2024-03-31T20:00:48.189+0800: 1700.200: [CMS-concurrent-mark: 0.000/0.000 secs] [Times: user=0.00 sys=0.01, real=0.00 secs] 
2024-03-31T20:00:48.190+0800: 1700.201: [CMS-concurrent-preclean-start]
2024-03-31T20:00:48.192+0800: 1700.203: [CMS-concurrent-preclean: 0.001/0.001 secs] [Times: user=0.01 sys=0.00, real=0.00 secs] 
2024-03-31T20:00:48.193+0800: 1700.204: [CMS-concurrent-abortable-preclean-start]
2024-03-31T20:00:48.193+0800: 1700.204: [CMS-concurrent-abortable-preclean: 0.000/0.000 secs] [Times: user=0.00 sys=0.00, real=0.00 secs] 
2024-03-31T20:00:48.194+0800: 1700.206: [GC (CMS Final Remark) [YG occupancy: 108921 K (117952 K)]2024-03-31T20:00:48.195+0800: 1700.206: [Rescan (non-parallel) 2024-03-31T20:00:48.195+0800: 1700.206: [grey object rescan, 0.0001028 secs]2024-03-31T20:00:48.195+0800: 1700.206: [root rescan, 0.0759511 secs]2024-03-31T20:00:48.271+0800: 1700.282: [visit unhandled CLDs, 0.0001537 secs]2024-03-31T20:00:48.271+0800: 1700.283: [dirty klass scan, 0.0014203 secs], 0.0782813 secs]2024-03-31T20:00:48.273+0800: 1700.284: [weak refs processing, 0.0001480 secs]2024-03-31T20:00:48.273+0800: 1700.284: [class unloading, 0.0123535 secs]2024-03-31T20:00:48.286+0800: 1700.297: [scrub symbol table, 0.0106200 secs]2024-03-31T20:00:48.297+0800: 1700.308: [scrub string table, 0.0005173 secs][1 CMS-remark: 63K(64K)] 108985K(118016K), 0.1055589 secs] [Times: user=0.10 sys=0.00, real=0.11 secs] 
2024-03-31T20:00:48.301+0800: 1700.312: [CMS-concurrent-sweep-start]
2024-03-31T20:00:48.302+0800: 1700.313: [CMS-concurrent-sweep: 0.000/0.000 secs] [Times: user=0.00 sys=0.00, real=0.00 secs] 
2024-03-31T20:00:48.304+0800: 1700.315: [CMS-concurrent-reset-start]
2024-03-31T20:00:48.305+0800: 1700.316: [CMS-concurrent-reset: 0.000/0.000 secs] [Times: user=0.01 sys=0.00, real=0.00 secs] 
2024-03-31T20:00:50.316+0800: 1702.327: [GC (CMS Initial Mark) [1 CMS-initial-mark: 63K(64K)] 109160K(118016K), 0.1159991 secs] [Times: user=0.12 sys=0.00, real=0.12 secs] 
2024-03-31T20:00:50.433+0800: 1702.444: [CMS-concurrent-mark-start]
2024-03-31T20:00:50.434+0800: 1702.445: [CMS-concurrent-mark: 0.000/0.000 secs] [Times: user=0.00 sys=0.00, real=0.00 secs] 
2024-03-31T20:00:50.434+0800: 1702.446: [CMS-concurrent-preclean-start]
2024-03-31T20:00:50.436+0800: 1702.447: [CMS-concurrent-preclean: 0.001/0.001 secs] [Times: user=0.00 sys=0.00, real=0.01 secs] 
2024-03-31T20:00:50.437+0800: 1702.448: [CMS-concurrent-abortable-preclean-start]
2024-03-31T20:00:50.438+0800: 1702.449: [CMS-concurrent-abortable-preclean: 0.000/0.000 secs] [Times: user=0.01 sys=0.00, real=0.00 secs] 
2024-03-31T20:00:50.439+0800: 1702.451: [GC (CMS Final Remark) [YG occupancy: 109105 K (117952 K)]2024-03-31T20:00:50.440+0800: 1702.451: [Rescan (non-parallel) 2024-03-31T20:00:50.440+0800: 1702.451: [grey object rescan, 0.0001008 secs]2024-03-31T20:00:50.440+0800: 1702.451: [root rescan, 0.0766602 secs]2024-03-31T20:00:50.517+0800: 1702.528: [visit unhandled CLDs, 0.0001565 secs]2024-03-31T20:00:50.517+0800: 1702.528: [dirty klass scan, 0.0013533 secs], 0.0788759 secs]2024-03-31T20:00:50.519+0800: 1702.530: [weak refs processing, 0.0001426 secs]2024-03-31T20:00:50.519+0800: 1702.530: [class unloading, 0.0121985 secs]2024-03-31T20:00:50.531+0800: 1702.542: [scrub symbol table, 0.0098695 secs]2024-03-31T20:00:50.541+0800: 1702.553: [scrub string table, 0.0005295 secs][1 CMS-remark: 63K(64K)] 109169K(118016K), 0.1052635 secs] [Times: user=0.10 sys=0.00, real=0.10 secs] 
2024-03-31T20:00:50.546+0800: 1702.557: [CMS-concurrent-sweep-start]
2024-03-31T20:00:50.546+0800: 1702.558: [CMS-concurrent-sweep: 0.000/0.000 secs] [Times: user=0.00 sys=0.00, real=0.01 secs] 
2024-03-31T20:00:50.549+0800: 1702.561: [CMS-concurrent-reset-start]
2024-03-31T20:00:50.551+0800: 1702.562: [CMS-concurrent-reset: 0.000/0.000 secs] [Times: user=0.00 sys=0.00, real=0.00 secs] 
2024-03-31T20:00:52.560+0800: 1704.571: [GC (CMS Initial Mark) [1 CMS-initial-mark: 63K(64K)] 109374K(118016K), 0.1062877 secs] [Times: user=0.10 sys=0.00, real=0.12 secs] 
2024-03-31T20:00:52.667+0800: 1704.678: [CMS-concurrent-mark-start]
2024-03-31T20:00:52.668+0800: 1704.680: [CMS-concurrent-mark: 0.000/0.000 secs] [Times: user=0.00 sys=0.00, real=0.00 secs] 
2024-03-31T20:00:52.669+0800: 1704.681: [CMS-concurrent-preclean-start]
2024-03-31T20:00:52.672+0800: 1704.683: [CMS-concurrent-preclean: 0.001/0.001 secs] [Times: user=0.01 sys=0.00, real=0.00 secs] 
2024-03-31T20:00:52.673+0800: 1704.685: [CMS-concurrent-abortable-preclean-start]
2024-03-31T20:00:52.674+0800: 1704.686: [CMS-concurrent-abortable-preclean: 0.000/0.000 secs] [Times: user=0.00 sys=0.00, real=0.00 secs] 
2024-03-31T20:00:52.676+0800: 1704.688: [GC (CMS Final Remark) [YG occupancy: 109312 K (117952 K)]2024-03-31T20:00:52.676+0800: 1704.688: [Rescan (non-parallel) 2024-03-31T20:00:52.677+0800: 1704.688: [grey object rescan, 0.0001273 secs]2024-03-31T20:00:52.677+0800: 1704.688: [root rescan, 0.0779757 secs]2024-03-31T20:00:52.755+0800: 1704.766: [visit unhandled CLDs, 0.0001805 secs]2024-03-31T20:00:52.755+0800: 1704.767: [dirty klass scan, 0.0014162 secs], 0.0803350 secs]2024-03-31T20:00:52.757+0800: 1704.768: [weak refs processing, 0.0001401 secs]2024-03-31T20:00:52.757+0800: 1704.768: [class unloading, 0.0118655 secs]2024-03-31T20:00:52.769+0800: 1704.781: [scrub symbol table, 0.0097405 secs]2024-03-31T20:00:52.779+0800: 1704.790: [scrub string table, 0.0005062 secs][1 CMS-remark: 63K(64K)] 109376K(118016K), 0.1063398 secs] [Times: user=0.10 sys=0.00, real=0.10 secs] 
2024-03-31T20:00:52.784+0800: 1704.795: [CMS-concurrent-sweep-start]
2024-03-31T20:00:52.784+0800: 1704.795: [CMS-concurrent-sweep: 0.000/0.000 secs] [Times: user=0.00 sys=0.00, real=0.00 secs] 
2024-03-31T20:00:52.786+0800: 1704.797: [CMS-concurrent-reset-start]
2024-03-31T20:00:52.786+0800: 1704.797: [CMS-concurrent-reset: 0.000/0.000 secs] [Times: user=0.00 sys=0.00, real=0.01 secs] 
2024-03-31T20:00:54.793+0800: 1706.805: [GC (CMS Initial Mark) [1 CMS-initial-mark: 63K(64K)] 109660K(118016K), 0.1206203 secs] [Times: user=0.13 sys=0.00, real=0.12 secs] 
2024-03-31T20:00:54.915+0800: 1706.926: [CMS-concurrent-mark-start]
2024-03-31T20:00:54.915+0800: 1706.927: [CMS-concurrent-mark: 0.000/0.000 secs] [Times: user=0.00 sys=0.00, real=0.00 secs] 
2024-03-31T20:00:54.917+0800: 1706.928: [CMS-concurrent-preclean-start]
2024-03-31T20:00:54.919+0800: 1706.930: [CMS-concurrent-preclean: 0.001/0.001 secs] [Times: user=0.00 sys=0.00, real=0.01 secs] 
2024-03-31T20:00:54.920+0800: 1706.931: [CMS-concurrent-abortable-preclean-start]
2024-03-31T20:00:54.920+0800: 1706.931: [CMS-concurrent-abortable-preclean: 0.000/0.000 secs] [Times: user=0.00 sys=0.00, real=0.00 secs] 
2024-03-31T20:00:54.920+0800: 1706.932: [GC (CMS Final Remark) [YG occupancy: 109598 K (117952 K)]2024-03-31T20:00:54.921+0800: 1706.932: [Rescan (non-parallel) 2024-03-31T20:00:54.921+0800: 1706.932: [grey object rescan, 0.0000993 secs]2024-03-31T20:00:54.921+0800: 1706.932: [root rescan, 0.0772939 secs]2024-03-31T20:00:54.999+0800: 1707.010: [visit unhandled CLDs, 0.0001594 secs]2024-03-31T20:00:54.999+0800: 1707.010: [dirty klass scan, 0.0013699 secs], 0.0795563 secs]2024-03-31T20:00:55.000+0800: 1707.012: [weak refs processing, 0.0001456 secs]2024-03-31T20:00:55.001+0800: 1707.012: [class unloading, 0.0116134 secs]2024-03-31T20:00:55.012+0800: 1707.024: [scrub symbol table, 0.0097999 secs]2024-03-31T20:00:55.022+0800: 1707.034: [scrub string table, 0.0004948 secs][1 CMS-remark: 63K(64K)] 109662K(118016K), 0.1052912 secs] [Times: user=0.11 sys=0.01, real=0.10 secs] 
2024-03-31T20:00:55.026+0800: 1707.038: [CMS-concurrent-sweep-start]
2024-03-31T20:00:55.027+0800: 1707.038: [CMS-concurrent-sweep: 0.000/0.000 secs] [Times: user=0.00 sys=0.00, real=0.00 secs] 
2024-03-31T20:00:55.030+0800: 1707.041: [CMS-concurrent-reset-start]
2024-03-31T20:00:55.031+0800: 1707.043: [CMS-concurrent-reset: 0.000/0.000 secs] [Times: user=0.00 sys=0.00, real=0.00 secs] 
2024-03-31T20:00:57.043+0800: 1709.055: [GC (CMS Initial Mark) [1 CMS-initial-mark: 63K(64K)] 109849K(118016K), 0.1131942 secs] [Times: user=0.12 sys=0.00, real=0.12 secs] 
2024-03-31T20:00:57.157+0800: 1709.169: [CMS-concurrent-mark-start]
2024-03-31T20:00:57.158+0800: 1709.170: [CMS-concurrent-mark: 0.000/0.000 secs] [Times: user=0.00 sys=0.00, real=0.00 secs] 
2024-03-31T20:00:57.159+0800: 1709.170: [CMS-concurrent-preclean-start]
2024-03-31T20:00:57.162+0800: 1709.173: [CMS-concurrent-preclean: 0.001/0.001 secs] [Times: user=0.00 sys=0.00, real=0.00 secs] 
2024-03-31T20:00:57.163+0800: 1709.174: [CMS-concurrent-abortable-preclean-start]
2024-03-31T20:00:57.164+0800: 1709.175: [CMS-concurrent-abortable-preclean: 0.000/0.000 secs] [Times: user=0.00 sys=0.00, real=0.00 secs] 
2024-03-31T20:00:57.165+0800: 1709.176: [GC (CMS Final Remark) [YG occupancy: 109788 K (117952 K)]2024-03-31T20:00:57.165+0800: 1709.176: [Rescan (non-parallel) 2024-03-31T20:00:57.165+0800: 1709.176: [grey object rescan, 0.0001382 secs]2024-03-31T20:00:57.165+0800: 1709.177: [root rescan, 0.0804843 secs]2024-03-31T20:00:57.246+0800: 1709.257: [visit unhandled CLDs, 0.0002138 secs]2024-03-31T20:00:57.246+0800: 1709.258: [dirty klass scan, 0.0016086 secs], 0.0832888 secs]2024-03-31T20:00:57.248+0800: 1709.260: [weak refs processing, 0.0001669 secs]2024-03-31T20:00:57.249+0800: 1709.260: [class unloading, 0.0127684 secs]2024-03-31T20:00:57.262+0800: 1709.273: [scrub symbol table, 0.0118412 secs]2024-03-31T20:00:57.274+0800: 1709.285: [scrub string table, 0.0006193 secs][1 CMS-remark: 63K(64K)] 109852K(118016K), 0.1127311 secs] [Times: user=0.11 sys=0.00, real=0.12 secs] 
2024-03-31T20:00:57.279+0800: 1709.290: [CMS-concurrent-sweep-start]
2024-03-31T20:00:57.280+0800: 1709.291: [CMS-concurrent-sweep: 0.000/0.000 secs] [Times: user=0.00 sys=0.00, real=0.00 secs] 
2024-03-31T20:00:57.282+0800: 1709.293: [CMS-concurrent-reset-start]
2024-03-31T20:00:57.283+0800: 1709.294: [CMS-concurrent-reset: 0.000/0.000 secs] [Times: user=0.00 sys=0.00, real=0.00 secs] 
2024-03-31T20:00:59.289+0800: 1711.300: [GC (CMS Initial Mark) [1 CMS-initial-mark: 63K(64K)] 110142K(118016K), 0.0933209 secs] [Times: user=0.09 sys=0.00, real=0.09 secs] 
2024-03-31T20:00:59.383+0800: 1711.394: [CMS-concurrent-mark-start]
2024-03-31T20:00:59.383+0800: 1711.395: [CMS-concurrent-mark: 0.000/0.000 secs] [Times: user=0.00 sys=0.01, real=0.00 secs] 
2024-03-31T20:00:59.384+0800: 1711.395: [CMS-concurrent-preclean-start]
2024-03-31T20:00:59.386+0800: 1711.397: [CMS-concurrent-preclean: 0.001/0.001 secs] [Times: user=0.00 sys=0.00, real=0.00 secs] 
2024-03-31T20:00:59.387+0800: 1711.398: [CMS-concurrent-abortable-preclean-start]
2024-03-31T20:00:59.388+0800: 1711.399: [CMS-concurrent-abortable-preclean: 0.000/0.000 secs] [Times: user=0.00 sys=0.00, real=0.01 secs] 
2024-03-31T20:00:59.389+0800: 1711.400: [GC (CMS Final Remark) [YG occupancy: 110080 K (117952 K)]2024-03-31T20:00:59.389+0800: 1711.400: [Rescan (non-parallel) 2024-03-31T20:00:59.389+0800: 1711.400: [grey object rescan, 0.0001026 secs]2024-03-31T20:00:59.389+0800: 1711.401: [root rescan, 0.0768858 secs]2024-03-31T20:00:59.466+0800: 1711.478: [visit unhandled CLDs, 0.0001798 secs]2024-03-31T20:00:59.467+0800: 1711.478: [dirty klass scan, 0.0013929 secs], 0.0791858 secs]2024-03-31T20:00:59.468+0800: 1711.479: [weak refs processing, 0.0001288 secs]2024-03-31T20:00:59.468+0800: 1711.480: [class unloading, 0.0116608 secs]2024-03-31T20:00:59.480+0800: 1711.492: [scrub symbol table, 0.0098150 secs]2024-03-31T20:00:59.490+0800: 1711.502: [scrub string table, 0.0005059 secs][1 CMS-remark: 63K(64K)] 110143K(118016K), 0.1052047 secs] [Times: user=0.10 sys=0.00, real=0.10 secs] 
2024-03-31T20:00:59.495+0800: 1711.506: [CMS-concurrent-sweep-start]
2024-03-31T20:00:59.495+0800: 1711.507: [CMS-concurrent-sweep: 0.000/0.000 secs] [Times: user=0.00 sys=0.00, real=0.00 secs] 
2024-03-31T20:00:59.497+0800: 1711.509: [CMS-concurrent-reset-start]
2024-03-31T20:00:59.498+0800: 1711.510: [CMS-concurrent-reset: 0.000/0.000 secs] [Times: user=0.00 sys=0.00, real=0.00 secs] 
2024-03-31T20:01:01.506+0800: 1713.517: [GC (CMS Initial Mark) [1 CMS-initial-mark: 63K(64K)] 110283K(118016K), 0.1155876 secs] [Times: user=0.11 sys=0.00, real=0.12 secs] 
2024-03-31T20:01:01.622+0800: 1713.633: [CMS-concurrent-mark-start]
2024-03-31T20:01:01.623+0800: 1713.634: [CMS-concurrent-mark: 0.000/0.000 secs] [Times: user=0.00 sys=0.00, real=0.00 secs] 
2024-03-31T20:01:01.623+0800: 1713.634: [CMS-concurrent-preclean-start]
2024-03-31T20:01:01.625+0800: 1713.637: [CMS-concurrent-preclean: 0.001/0.001 secs] [Times: user=0.01 sys=0.00, real=0.00 secs] 
2024-03-31T20:01:01.626+0800: 1713.637: [CMS-concurrent-abortable-preclean-start]
2024-03-31T20:01:01.627+0800: 1713.638: [CMS-concurrent-abortable-preclean: 0.000/0.000 secs] [Times: user=0.00 sys=0.00, real=0.01 secs] 
2024-03-31T20:01:01.628+0800: 1713.639: [GC (CMS Final Remark) [YG occupancy: 110222 K (117952 K)]2024-03-31T20:01:01.628+0800: 1713.640: [Rescan (non-parallel) 2024-03-31T20:01:01.628+0800: 1713.640: [grey object rescan, 0.0000966 secs]2024-03-31T20:01:01.629+0800: 1713.640: [root rescan, 0.0778149 secs]2024-03-31T20:01:01.707+0800: 1713.718: [visit unhandled CLDs, 0.0001327 secs]2024-03-31T20:01:01.707+0800: 1713.718: [dirty klass scan, 0.0013783 secs], 0.0800353 secs]2024-03-31T20:01:01.708+0800: 1713.720: [weak refs processing, 0.0001351 secs]2024-03-31T20:01:01.709+0800: 1713.720: [class unloading, 0.0117320 secs]2024-03-31T20:01:01.721+0800: 1713.732: [scrub symbol table, 0.0116873 secs]2024-03-31T20:01:01.732+0800: 1713.744: [scrub string table, 0.0005344 secs][1 CMS-remark: 63K(64K)] 110286K(118016K), 0.1081797 secs] [Times: user=0.11 sys=0.00, real=0.11 secs] 
2024-03-31T20:01:01.737+0800: 1713.749: [CMS-concurrent-sweep-start]
2024-03-31T20:01:01.738+0800: 1713.750: [CMS-concurrent-sweep: 0.000/0.000 secs] [Times: user=0.00 sys=0.00, real=0.00 secs] 
2024-03-31T20:01:01.741+0800: 1713.752: [CMS-concurrent-reset-start]
2024-03-31T20:01:01.742+0800: 1713.754: [CMS-concurrent-reset: 0.000/0.000 secs] [Times: user=0.00 sys=0.00, real=0.00 secs] 
2024-03-31T20:01:03.749+0800: 1715.761: [GC (CMS Initial Mark) [1 CMS-initial-mark: 63K(64K)] 110407K(118016K), 0.1153295 secs] [Times: user=0.11 sys=0.00, real=0.11 secs] 
2024-03-31T20:01:03.866+0800: 1715.877: [CMS-concurrent-mark-start]
2024-03-31T20:01:03.867+0800: 1715.878: [CMS-concurrent-mark: 0.000/0.000 secs] [Times: user=0.00 sys=0.00, real=0.01 secs] 
2024-03-31T20:01:03.869+0800: 1715.880: [CMS-concurrent-preclean-start]
2024-03-31T20:01:03.871+0800: 1715.882: [CMS-concurrent-preclean: 0.001/0.001 secs] [Times: user=0.00 sys=0.00, real=0.00 secs] 
2024-03-31T20:01:03.873+0800: 1715.884: [CMS-concurrent-abortable-preclean-start]
2024-03-31T20:01:03.874+0800: 1715.886: [CMS-concurrent-abortable-preclean: 0.000/0.000 secs] [Times: user=0.00 sys=0.00, real=0.00 secs] 
2024-03-31T20:01:03.876+0800: 1715.887: [GC (CMS Final Remark) [YG occupancy: 110345 K (117952 K)]2024-03-31T20:01:03.876+0800: 1715.887: [Rescan (non-parallel) 2024-03-31T20:01:03.876+0800: 1715.887: [grey object rescan, 0.0001021 secs]2024-03-31T20:01:03.876+0800: 1715.888: [root rescan, 0.0814222 secs]2024-03-31T20:01:03.958+0800: 1715.969: [visit unhandled CLDs, 0.0002050 secs]2024-03-31T20:01:03.958+0800: 1715.970: [dirty klass scan, 0.0016492 secs], 0.0841628 secs]2024-03-31T20:01:03.960+0800: 1715.972: [weak refs processing, 0.0001425 secs]2024-03-31T20:01:03.961+0800: 1715.972: [class unloading, 0.0126667 secs]2024-03-31T20:01:03.973+0800: 1715.985: [scrub symbol table, 0.0133526 secs]2024-03-31T20:01:03.987+0800: 1715.998: [scrub string table, 0.0005656 secs][1 CMS-remark: 63K(64K)] 110409K(118016K), 0.1149661 secs] [Times: user=0.12 sys=0.00, real=0.12 secs] 
2024-03-31T20:01:03.992+0800: 1716.003: [CMS-concurrent-sweep-start]
2024-03-31T20:01:03.992+0800: 1716.003: [CMS-concurrent-sweep: 0.000/0.000 secs] [Times: user=0.00 sys=0.01, real=0.00 secs] 
2024-03-31T20:01:03.994+0800: 1716.006: [CMS-concurrent-reset-start]
2024-03-31T20:01:03.995+0800: 1716.006: [CMS-concurrent-reset: 0.000/0.000 secs] [Times: user=0.00 sys=0.00, real=0.00 secs] 
2024-03-31T20:01:06.001+0800: 1718.012: [GC (CMS Initial Mark) [1 CMS-initial-mark: 63K(64K)] 110617K(118016K), 0.1253653 secs] [Times: user=0.12 sys=0.00, real=0.13 secs] 
2024-03-31T20:01:06.127+0800: 1718.138: [CMS-concurrent-mark-start]
2024-03-31T20:01:06.128+0800: 1718.139: [CMS-concurrent-mark: 0.000/0.000 secs] [Times: user=0.01 sys=0.00, real=0.00 secs] 
2024-03-31T20:01:06.129+0800: 1718.140: [CMS-concurrent-preclean-start]
2024-03-31T20:01:06.131+0800: 1718.142: [CMS-concurrent-preclean: 0.001/0.001 secs] [Times: user=0.00 sys=0.00, real=0.00 secs] 
2024-03-31T20:01:06.132+0800: 1718.143: [CMS-concurrent-abortable-preclean-start]
2024-03-31T20:01:06.132+0800: 1718.143: [CMS-concurrent-abortable-preclean: 0.000/0.000 secs] [Times: user=0.00 sys=0.00, real=0.00 secs] 
2024-03-31T20:01:06.133+0800: 1718.144: [GC (CMS Final Remark) [YG occupancy: 110554 K (117952 K)]2024-03-31T20:01:06.133+0800: 1718.144: [Rescan (non-parallel) 2024-03-31T20:01:06.133+0800: 1718.144: [grey object rescan, 0.0001025 secs]2024-03-31T20:01:06.133+0800: 1718.144: [root rescan, 0.0794269 secs]2024-03-31T20:01:06.213+0800: 1718.224: [visit unhandled CLDs, 0.0001955 secs]2024-03-31T20:01:06.213+0800: 1718.224: [dirty klass scan, 0.0015522 secs], 0.0819660 secs]2024-03-31T20:01:06.215+0800: 1718.226: [weak refs processing, 0.0001450 secs]2024-03-31T20:01:06.215+0800: 1718.226: [class unloading, 0.0120372 secs]2024-03-31T20:01:06.227+0800: 1718.239: [scrub symbol table, 0.0097748 secs]2024-03-31T20:01:06.237+0800: 1718.249: [scrub string table, 0.0005000 secs][1 CMS-remark: 63K(64K)] 110618K(118016K), 0.1080650 secs] [Times: user=0.11 sys=0.00, real=0.11 secs] 
2024-03-31T20:01:06.241+0800: 1718.253: [CMS-concurrent-sweep-start]
2024-03-31T20:01:06.242+0800: 1718.253: [CMS-concurrent-sweep: 0.000/0.000 secs] [Times: user=0.00 sys=0.00, real=0.00 secs] 
2024-03-31T20:01:06.243+0800: 1718.255: [CMS-concurrent-reset-start]
2024-03-31T20:01:06.244+0800: 1718.256: [CMS-concurrent-reset: 0.000/0.000 secs] [Times: user=0.00 sys=0.00, real=0.00 secs] 
2024-03-31T20:01:08.255+0800: 1720.267: [GC (CMS Initial Mark) [1 CMS-initial-mark: 63K(64K)] 110927K(118016K), 0.0973360 secs] [Times: user=0.10 sys=0.00, real=0.10 secs] 
2024-03-31T20:01:08.354+0800: 1720.365: [CMS-concurrent-mark-start]
2024-03-31T20:01:08.354+0800: 1720.366: [CMS-concurrent-mark: 0.000/0.000 secs] [Times: user=0.00 sys=0.00, real=0.00 secs] 
2024-03-31T20:01:08.355+0800: 1720.366: [CMS-concurrent-preclean-start]
2024-03-31T20:01:08.358+0800: 1720.369: [CMS-concurrent-preclean: 0.001/0.001 secs] [Times: user=0.00 sys=0.00, real=0.01 secs] 
2024-03-31T20:01:08.359+0800: 1720.370: [CMS-concurrent-abortable-preclean-start]
2024-03-31T20:01:08.360+0800: 1720.371: [CMS-concurrent-abortable-preclean: 0.000/0.000 secs] [Times: user=0.00 sys=0.00, real=0.00 secs] 
2024-03-31T20:01:08.362+0800: 1720.373: [GC (CMS Final Remark) [YG occupancy: 110865 K (117952 K)]2024-03-31T20:01:08.362+0800: 1720.373: [Rescan (non-parallel) 2024-03-31T20:01:08.362+0800: 1720.373: [grey object rescan, 0.0001009 secs]2024-03-31T20:01:08.362+0800: 1720.373: [root rescan, 0.0801674 secs]2024-03-31T20:01:08.443+0800: 1720.454: [visit unhandled CLDs, 0.0001811 secs]2024-03-31T20:01:08.443+0800: 1720.454: [dirty klass scan, 0.0014351 secs], 0.0826059 secs]2024-03-31T20:01:08.444+0800: 1720.456: [weak refs processing, 0.0001259 secs]2024-03-31T20:01:08.445+0800: 1720.456: [class unloading, 0.0123148 secs]2024-03-31T20:01:08.457+0800: 1720.469: [scrub symbol table, 0.0110142 secs]2024-03-31T20:01:08.468+0800: 1720.480: [scrub string table, 0.0005532 secs][1 CMS-remark: 63K(64K)] 110929K(118016K), 0.1103975 secs] [Times: user=0.11 sys=0.00, real=0.11 secs] 
2024-03-31T20:01:08.473+0800: 1720.484: [CMS-concurrent-sweep-start]
2024-03-31T20:01:08.473+0800: 1720.485: [CMS-concurrent-sweep: 0.000/0.000 secs] [Times: user=0.00 sys=0.00, real=0.00 secs] 
2024-03-31T20:01:08.474+0800: 1720.486: [CMS-concurrent-reset-start]
2024-03-31T20:01:08.475+0800: 1720.486: [CMS-concurrent-reset: 0.000/0.000 secs] [Times: user=0.00 sys=0.00, real=0.00 secs] 
2024-03-31T20:01:10.478+0800: 1722.490: [GC (CMS Initial Mark) [1 CMS-initial-mark: 63K(64K)] 111117K(118016K), 0.1046555 secs] [Times: user=0.10 sys=0.00, real=0.10 secs] 
2024-03-31T20:01:10.584+0800: 1722.595: [CMS-concurrent-mark-start]
2024-03-31T20:01:10.584+0800: 1722.596: [CMS-concurrent-mark: 0.000/0.000 secs] [Times: user=0.00 sys=0.00, real=0.00 secs] 
2024-03-31T20:01:10.586+0800: 1722.597: [CMS-concurrent-preclean-start]
2024-03-31T20:01:10.588+0800: 1722.599: [CMS-concurrent-preclean: 0.001/0.001 secs] [Times: user=0.00 sys=0.00, real=0.01 secs] 
2024-03-31T20:01:10.588+0800: 1722.600: [CMS-concurrent-abortable-preclean-start]
2024-03-31T20:01:10.588+0800: 1722.600: [CMS-concurrent-abortable-preclean: 0.000/0.000 secs] [Times: user=0.00 sys=0.00, real=0.00 secs] 
2024-03-31T20:01:10.589+0800: 1722.600: [GC (CMS Final Remark) [YG occupancy: 111054 K (117952 K)]2024-03-31T20:01:10.589+0800: 1722.600: [Rescan (non-parallel) 2024-03-31T20:01:10.589+0800: 1722.601: [grey object rescan, 0.0000955 secs]2024-03-31T20:01:10.589+0800: 1722.601: [root rescan, 0.0777877 secs]2024-03-31T20:01:10.667+0800: 1722.679: [visit unhandled CLDs, 0.0001318 secs]2024-03-31T20:01:10.668+0800: 1722.679: [dirty klass scan, 0.0014386 secs], 0.0801550 secs]2024-03-31T20:01:10.669+0800: 1722.681: [weak refs processing, 0.0001372 secs]2024-03-31T20:01:10.670+0800: 1722.681: [class unloading, 0.0116158 secs]2024-03-31T20:01:10.681+0800: 1722.693: [scrub symbol table, 0.0097873 secs]2024-03-31T20:01:10.691+0800: 1722.703: [scrub string table, 0.0005251 secs][1 CMS-remark: 63K(64K)] 111118K(118016K), 0.1058143 secs] [Times: user=0.11 sys=0.00, real=0.10 secs] 
2024-03-31T20:01:10.696+0800: 1722.707: [CMS-concurrent-sweep-start]
2024-03-31T20:01:10.696+0800: 1722.707: [CMS-concurrent-sweep: 0.000/0.000 secs] [Times: user=0.00 sys=0.00, real=0.00 secs] 
2024-03-31T20:01:10.698+0800: 1722.709: [CMS-concurrent-reset-start]
2024-03-31T20:01:10.699+0800: 1722.710: [CMS-concurrent-reset: 0.000/0.000 secs] [Times: user=0.00 sys=0.00, real=0.00 secs] 
2024-03-31T20:01:12.706+0800: 1724.717: [GC (CMS Initial Mark) [1 CMS-initial-mark: 63K(64K)] 111285K(118016K), 0.1172971 secs] [Times: user=0.11 sys=0.00, real=0.12 secs] 
2024-03-31T20:01:12.824+0800: 1724.835: [CMS-concurrent-mark-start]
2024-03-31T20:01:12.825+0800: 1724.836: [CMS-concurrent-mark: 0.000/0.000 secs] [Times: user=0.01 sys=0.00, real=0.00 secs] 
2024-03-31T20:01:12.826+0800: 1724.837: [CMS-concurrent-preclean-start]
2024-03-31T20:01:12.828+0800: 1724.839: [CMS-concurrent-preclean: 0.001/0.001 secs] [Times: user=0.00 sys=0.00, real=0.01 secs] 
2024-03-31T20:01:12.829+0800: 1724.840: [CMS-concurrent-abortable-preclean-start]
2024-03-31T20:01:12.829+0800: 1724.840: [CMS-concurrent-abortable-preclean: 0.000/0.000 secs] [Times: user=0.00 sys=0.00, real=0.00 secs] 
2024-03-31T20:01:12.830+0800: 1724.841: [GC (CMS Final Remark) [YG occupancy: 111222 K (117952 K)]2024-03-31T20:01:12.830+0800: 1724.841: [Rescan (non-parallel) 2024-03-31T20:01:12.830+0800: 1724.841: [grey object rescan, 0.0000988 secs]2024-03-31T20:01:12.830+0800: 1724.841: [root rescan, 0.0783757 secs]2024-03-31T20:01:12.909+0800: 1724.920: [visit unhandled CLDs, 0.0001499 secs]2024-03-31T20:01:12.909+0800: 1724.920: [dirty klass scan, 0.0013537 secs], 0.0806103 secs]2024-03-31T20:01:12.910+0800: 1724.922: [weak refs processing, 0.0001345 secs]2024-03-31T20:01:12.911+0800: 1724.922: [class unloading, 0.0117093 secs]2024-03-31T20:01:12.923+0800: 1724.934: [scrub symbol table, 0.0096066 secs]2024-03-31T20:01:12.932+0800: 1724.944: [scrub string table, 0.0005107 secs][1 CMS-remark: 63K(64K)] 111286K(118016K), 0.1061250 secs] [Times: user=0.11 sys=0.00, real=0.10 secs] 
2024-03-31T20:01:12.936+0800: 1724.948: [CMS-concurrent-sweep-start]
2024-03-31T20:01:12.937+0800: 1724.948: [CMS-concurrent-sweep: 0.000/0.000 secs] [Times: user=0.00 sys=0.00, real=0.00 secs] 
2024-03-31T20:01:12.939+0800: 1724.950: [CMS-concurrent-reset-start]
2024-03-31T20:01:12.940+0800: 1724.951: [CMS-concurrent-reset: 0.000/0.000 secs] [Times: user=0.00 sys=0.00, real=0.00 secs] 
2024-03-31T20:01:14.947+0800: 1726.959: [GC (CMS Initial Mark) [1 CMS-initial-mark: 63K(64K)] 111492K(118016K), 0.1218718 secs] [Times: user=0.12 sys=0.00, real=0.12 secs] 
2024-03-31T20:01:15.070+0800: 1727.081: [CMS-concurrent-mark-start]
2024-03-31T20:01:15.071+0800: 1727.082: [CMS-concurrent-mark: 0.000/0.000 secs] [Times: user=0.00 sys=0.00, real=0.00 secs] 
2024-03-31T20:01:15.072+0800: 1727.083: [CMS-concurrent-preclean-start]
2024-03-31T20:01:15.075+0800: 1727.086: [CMS-concurrent-preclean: 0.001/0.001 secs] [Times: user=0.00 sys=0.00, real=0.00 secs] 
2024-03-31T20:01:15.076+0800: 1727.087: [CMS-concurrent-abortable-preclean-start]
2024-03-31T20:01:15.077+0800: 1727.089: [CMS-concurrent-abortable-preclean: 0.000/0.000 secs] [Times: user=0.01 sys=0.00, real=0.01 secs] 
2024-03-31T20:01:15.080+0800: 1727.092: [GC (CMS Final Remark) [YG occupancy: 111432 K (117952 K)]2024-03-31T20:01:15.080+0800: 1727.092: [Rescan (non-parallel) 2024-03-31T20:01:15.080+0800: 1727.092: [grey object rescan, 0.0001048 secs]2024-03-31T20:01:15.081+0800: 1727.092: [root rescan, 0.0781422 secs]2024-03-31T20:01:15.159+0800: 1727.170: [visit unhandled CLDs, 0.0001568 secs]2024-03-31T20:01:15.159+0800: 1727.171: [dirty klass scan, 0.0014289 secs], 0.0804523 secs]2024-03-31T20:01:15.161+0800: 1727.172: [weak refs processing, 0.0001444 secs]2024-03-31T20:01:15.161+0800: 1727.172: [class unloading, 0.0118220 secs]2024-03-31T20:01:15.173+0800: 1727.185: [scrub symbol table, 0.0098884 secs]2024-03-31T20:01:15.183+0800: 1727.195: [scrub string table, 0.0005120 secs][1 CMS-remark: 63K(64K)] 111496K(118016K), 0.1064923 secs] [Times: user=0.10 sys=0.00, real=0.11 secs] 
2024-03-31T20:01:15.188+0800: 1727.199: [CMS-concurrent-sweep-start]
2024-03-31T20:01:15.188+0800: 1727.200: [CMS-concurrent-sweep: 0.000/0.000 secs] [Times: user=0.00 sys=0.00, real=0.00 secs] 
2024-03-31T20:01:15.191+0800: 1727.202: [CMS-concurrent-reset-start]
2024-03-31T20:01:15.191+0800: 1727.203: [CMS-concurrent-reset: 0.000/0.000 secs] [Times: user=0.00 sys=0.00, real=0.00 secs] 
2024-03-31T20:01:17.198+0800: 1729.209: [GC (CMS Initial Mark) [1 CMS-initial-mark: 63K(64K)] 111642K(118016K), 0.1123830 secs] [Times: user=0.11 sys=0.00, real=0.11 secs] 
2024-03-31T20:01:17.311+0800: 1729.323: [CMS-concurrent-mark-start]
2024-03-31T20:01:17.312+0800: 1729.324: [CMS-concurrent-mark: 0.000/0.000 secs] [Times: user=0.01 sys=0.00, real=0.00 secs] 
2024-03-31T20:01:17.314+0800: 1729.325: [CMS-concurrent-preclean-start]
2024-03-31T20:01:17.316+0800: 1729.327: [CMS-concurrent-preclean: 0.001/0.001 secs] [Times: user=0.00 sys=0.00, real=0.00 secs] 
2024-03-31T20:01:17.317+0800: 1729.328: [CMS-concurrent-abortable-preclean-start]
2024-03-31T20:01:17.318+0800: 1729.329: [CMS-concurrent-abortable-preclean: 0.000/0.000 secs] [Times: user=0.00 sys=0.00, real=0.01 secs] 
2024-03-31T20:01:17.319+0800: 1729.330: [GC (CMS Final Remark) [YG occupancy: 111588 K (117952 K)]2024-03-31T20:01:17.319+0800: 1729.330: [Rescan (non-parallel) 2024-03-31T20:01:17.319+0800: 1729.331: [grey object rescan, 0.0000928 secs]2024-03-31T20:01:17.319+0800: 1729.331: [root rescan, 0.0803608 secs]2024-03-31T20:01:17.400+0800: 1729.411: [visit unhandled CLDs, 0.0001221 secs]2024-03-31T20:01:17.400+0800: 1729.411: [dirty klass scan, 0.0015225 secs], 0.0825733 secs]2024-03-31T20:01:17.402+0800: 1729.413: [weak refs processing, 0.0001578 secs]2024-03-31T20:01:17.402+0800: 1729.413: [class unloading, 0.0121962 secs]2024-03-31T20:01:17.414+0800: 1729.426: [scrub symbol table, 0.0099678 secs]2024-03-31T20:01:17.425+0800: 1729.436: [scrub string table, 0.0004802 secs][1 CMS-remark: 63K(64K)] 111652K(118016K), 0.1088953 secs] [Times: user=0.11 sys=0.00, real=0.11 secs] 
2024-03-31T20:01:17.429+0800: 1729.440: [CMS-concurrent-sweep-start]
2024-03-31T20:01:17.430+0800: 1729.441: [CMS-concurrent-sweep: 0.000/0.000 secs] [Times: user=0.00 sys=0.00, real=0.00 secs] 
2024-03-31T20:01:17.432+0800: 1729.443: [CMS-concurrent-reset-start]
2024-03-31T20:01:17.433+0800: 1729.444: [CMS-concurrent-reset: 0.000/0.000 secs] [Times: user=0.00 sys=0.00, real=0.00 secs] 
2024-03-31T20:01:19.464+0800: 1731.476: [GC (CMS Initial Mark) [1 CMS-initial-mark: 63K(64K)] 111836K(118016K), 0.1063915 secs] [Times: user=0.11 sys=0.00, real=0.11 secs] 
2024-03-31T20:01:19.572+0800: 1731.583: [CMS-concurrent-mark-start]
2024-03-31T20:01:19.573+0800: 1731.584: [CMS-concurrent-mark: 0.000/0.000 secs] [Times: user=0.00 sys=0.00, real=0.00 secs] 
2024-03-31T20:01:19.574+0800: 1731.586: [CMS-concurrent-preclean-start]
2024-03-31T20:01:19.577+0800: 1731.588: [CMS-concurrent-preclean: 0.001/0.001 secs] [Times: user=0.01 sys=0.01, real=0.01 secs] 
2024-03-31T20:01:19.578+0800: 1731.590: [CMS-concurrent-abortable-preclean-start]
2024-03-31T20:01:19.579+0800: 1731.590: [CMS-concurrent-abortable-preclean: 0.000/0.000 secs] [Times: user=0.00 sys=0.00, real=0.00 secs] 
2024-03-31T20:01:19.580+0800: 1731.592: [GC (CMS Final Remark) [YG occupancy: 111776 K (117952 K)]2024-03-31T20:01:19.580+0800: 1731.592: [Rescan (non-parallel) 2024-03-31T20:01:19.581+0800: 1731.592: [grey object rescan, 0.0001072 secs]2024-03-31T20:01:19.581+0800: 1731.592: [root rescan, 0.0802126 secs]2024-03-31T20:01:19.661+0800: 1731.673: [visit unhandled CLDs, 0.0001657 secs]2024-03-31T20:01:19.662+0800: 1731.673: [dirty klass scan, 0.0014660 secs], 0.0826577 secs]2024-03-31T20:01:19.663+0800: 1731.675: [weak refs processing, 0.0001701 secs]2024-03-31T20:01:19.663+0800: 1731.675: [class unloading, 0.0122083 secs]2024-03-31T20:01:19.676+0800: 1731.687: [scrub symbol table, 0.0102429 secs]2024-03-31T20:01:19.686+0800: 1731.698: [scrub string table, 0.0005024 secs][1 CMS-remark: 63K(64K)] 111840K(118016K), 0.1097061 secs] [Times: user=0.11 sys=0.00, real=0.11 secs] 
2024-03-31T20:01:19.691+0800: 1731.702: [CMS-concurrent-sweep-start]
2024-03-31T20:01:19.692+0800: 1731.703: [CMS-concurrent-sweep: 0.000/0.000 secs] [Times: user=0.00 sys=0.00, real=0.00 secs] 
2024-03-31T20:01:19.694+0800: 1731.706: [CMS-concurrent-reset-start]
2024-03-31T20:01:19.695+0800: 1731.707: [CMS-concurrent-reset: 0.000/0.000 secs] [Times: user=0.00 sys=0.00, real=0.00 secs] 
2024-03-31T20:01:21.702+0800: 1733.714: [GC (CMS Initial Mark) [1 CMS-initial-mark: 63K(64K)] 112020K(118016K), 0.1198182 secs] [Times: user=0.12 sys=0.00, real=0.12 secs] 
2024-03-31T20:01:21.823+0800: 1733.834: [CMS-concurrent-mark-start]
2024-03-31T20:01:21.824+0800: 1733.835: [CMS-concurrent-mark: 0.000/0.000 secs] [Times: user=0.00 sys=0.00, real=0.00 secs] 
2024-03-31T20:01:21.824+0800: 1733.836: [CMS-concurrent-preclean-start]
2024-03-31T20:01:21.827+0800: 1733.838: [CMS-concurrent-preclean: 0.001/0.001 secs] [Times: user=0.00 sys=0.00, real=0.01 secs] 
2024-03-31T20:01:21.828+0800: 1733.840: [CMS-concurrent-abortable-preclean-start]
2024-03-31T20:01:21.830+0800: 1733.841: [CMS-concurrent-abortable-preclean: 0.000/0.000 secs] [Times: user=0.00 sys=0.00, real=0.00 secs] 
2024-03-31T20:01:21.832+0800: 1733.844: [GC (CMS Final Remark) [YG occupancy: 111959 K (117952 K)]2024-03-31T20:01:21.832+0800: 1733.844: [Rescan (non-parallel) 2024-03-31T20:01:21.833+0800: 1733.844: [grey object rescan, 0.0001021 secs]2024-03-31T20:01:21.833+0800: 1733.844: [root rescan, 0.0794606 secs]2024-03-31T20:01:21.913+0800: 1733.924: [visit unhandled CLDs, 0.0001561 secs]2024-03-31T20:01:21.913+0800: 1733.924: [dirty klass scan, 0.0014617 secs], 0.0818285 secs]2024-03-31T20:01:21.914+0800: 1733.926: [weak refs processing, 0.0001482 secs]2024-03-31T20:01:21.915+0800: 1733.926: [class unloading, 0.0120155 secs]2024-03-31T20:01:21.927+0800: 1733.938: [scrub symbol table, 0.0097728 secs]2024-03-31T20:01:21.937+0800: 1733.948: [scrub string table, 0.0005119 secs][1 CMS-remark: 63K(64K)] 112023K(118016K), 0.1080396 secs] [Times: user=0.10 sys=0.00, real=0.11 secs] 
2024-03-31T20:01:21.941+0800: 1733.953: [CMS-concurrent-sweep-start]
2024-03-31T20:01:21.942+0800: 1733.953: [CMS-concurrent-sweep: 0.000/0.000 secs] [Times: user=0.00 sys=0.00, real=0.00 secs] 
2024-03-31T20:01:21.944+0800: 1733.955: [CMS-concurrent-reset-start]
2024-03-31T20:01:21.945+0800: 1733.956: [CMS-concurrent-reset: 0.000/0.000 secs] [Times: user=0.01 sys=0.00, real=0.00 secs] 
2024-03-31T20:01:23.953+0800: 1735.964: [GC (CMS Initial Mark) [1 CMS-initial-mark: 63K(64K)] 112321K(118016K), 0.1173038 secs] [Times: user=0.12 sys=0.00, real=0.12 secs] 
2024-03-31T20:01:24.071+0800: 1736.082: [CMS-concurrent-mark-start]
2024-03-31T20:01:24.072+0800: 1736.083: [CMS-concurrent-mark: 0.000/0.000 secs] [Times: user=0.00 sys=0.00, real=0.00 secs] 
2024-03-31T20:01:24.074+0800: 1736.085: [CMS-concurrent-preclean-start]
2024-03-31T20:01:24.077+0800: 1736.088: [CMS-concurrent-preclean: 0.001/0.001 secs] [Times: user=0.00 sys=0.00, real=0.01 secs] 
2024-03-31T20:01:24.078+0800: 1736.089: [CMS-concurrent-abortable-preclean-start]
2024-03-31T20:01:24.079+0800: 1736.090: [CMS-concurrent-abortable-preclean: 0.000/0.000 secs] [Times: user=0.01 sys=0.00, real=0.00 secs] 
2024-03-31T20:01:24.080+0800: 1736.092: [GC (CMS Final Remark) [YG occupancy: 112260 K (117952 K)]2024-03-31T20:01:24.081+0800: 1736.092: [Rescan (non-parallel) 2024-03-31T20:01:24.081+0800: 1736.092: [grey object rescan, 0.0001294 secs]2024-03-31T20:01:24.081+0800: 1736.092: [root rescan, 0.0837249 secs]2024-03-31T20:01:24.165+0800: 1736.176: [visit unhandled CLDs, 0.0002186 secs]2024-03-31T20:01:24.165+0800: 1736.177: [dirty klass scan, 0.0015910 secs], 0.0863995 secs]2024-03-31T20:01:24.167+0800: 1736.178: [weak refs processing, 0.0001517 secs]2024-03-31T20:01:24.167+0800: 1736.179: [class unloading, 0.0126230 secs]2024-03-31T20:01:24.180+0800: 1736.192: [scrub symbol table, 0.0115393 secs]2024-03-31T20:01:24.192+0800: 1736.203: [scrub string table, 0.0005697 secs][1 CMS-remark: 63K(64K)] 112324K(118016K), 0.1153688 secs] [Times: user=0.11 sys=0.00, real=0.11 secs] 
2024-03-31T20:01:24.196+0800: 1736.208: [CMS-concurrent-sweep-start]
2024-03-31T20:01:24.197+0800: 1736.208: [CMS-concurrent-sweep: 0.000/0.000 secs] [Times: user=0.00 sys=0.00, real=0.00 secs] 
2024-03-31T20:01:24.200+0800: 1736.211: [CMS-concurrent-reset-start]
2024-03-31T20:01:24.201+0800: 1736.212: [CMS-concurrent-reset: 0.000/0.000 secs] [Times: user=0.01 sys=0.00, real=0.00 secs] 
2024-03-31T20:01:26.209+0800: 1738.220: [GC (CMS Initial Mark) [1 CMS-initial-mark: 63K(64K)] 112528K(118016K), 0.1143724 secs] [Times: user=0.11 sys=0.00, real=0.11 secs] 
2024-03-31T20:01:26.324+0800: 1738.335: [CMS-concurrent-mark-start]
2024-03-31T20:01:26.325+0800: 1738.336: [CMS-concurrent-mark: 0.000/0.000 secs] [Times: user=0.01 sys=0.00, real=0.00 secs] 
2024-03-31T20:01:26.326+0800: 1738.337: [CMS-concurrent-preclean-start]
2024-03-31T20:01:26.328+0800: 1738.339: [CMS-concurrent-preclean: 0.001/0.001 secs] [Times: user=0.00 sys=0.00, real=0.01 secs] 
2024-03-31T20:01:26.329+0800: 1738.341: [CMS-concurrent-abortable-preclean-start]
2024-03-31T20:01:26.330+0800: 1738.342: [CMS-concurrent-abortable-preclean: 0.000/0.000 secs] [Times: user=0.00 sys=0.00, real=0.00 secs] 
2024-03-31T20:01:26.332+0800: 1738.343: [GC (CMS Final Remark) [YG occupancy: 112466 K (117952 K)]2024-03-31T20:01:26.332+0800: 1738.344: [Rescan (non-parallel) 2024-03-31T20:01:26.332+0800: 1738.344: [grey object rescan, 0.0001137 secs]2024-03-31T20:01:26.333+0800: 1738.344: [root rescan, 0.0801676 secs]2024-03-31T20:01:26.413+0800: 1738.424: [visit unhandled CLDs, 0.0002167 secs]2024-03-31T20:01:26.413+0800: 1738.425: [dirty klass scan, 0.0015165 secs], 0.0826826 secs]2024-03-31T20:01:26.415+0800: 1738.426: [weak refs processing, 0.0001343 secs]2024-03-31T20:01:26.415+0800: 1738.427: [class unloading, 0.0120107 secs]2024-03-31T20:01:26.428+0800: 1738.439: [scrub symbol table, 0.0097518 secs]2024-03-31T20:01:26.438+0800: 1738.449: [scrub string table, 0.0005407 secs][1 CMS-remark: 63K(64K)] 112530K(118016K), 0.1088577 secs] [Times: user=0.11 sys=0.00, real=0.11 secs] 
2024-03-31T20:01:26.442+0800: 1738.453: [CMS-concurrent-sweep-start]
2024-03-31T20:01:26.442+0800: 1738.454: [CMS-concurrent-sweep: 0.000/0.000 secs] [Times: user=0.00 sys=0.00, real=0.00 secs] 
2024-03-31T20:01:26.444+0800: 1738.456: [CMS-concurrent-reset-start]
2024-03-31T20:01:26.445+0800: 1738.457: [CMS-concurrent-reset: 0.000/0.000 secs] [Times: user=0.01 sys=0.00, real=0.00 secs] 
2024-03-31T20:01:28.458+0800: 1740.470: [GC (CMS Initial Mark) [1 CMS-initial-mark: 63K(64K)] 112695K(118016K), 0.1215300 secs] [Times: user=0.12 sys=0.00, real=0.12 secs] 
2024-03-31T20:01:28.580+0800: 1740.592: [CMS-concurrent-mark-start]
2024-03-31T20:01:28.581+0800: 1740.592: [CMS-concurrent-mark: 0.000/0.000 secs] [Times: user=0.00 sys=0.00, real=0.00 secs] 
2024-03-31T20:01:28.582+0800: 1740.593: [CMS-concurrent-preclean-start]
2024-03-31T20:01:28.584+0800: 1740.595: [CMS-concurrent-preclean: 0.001/0.001 secs] [Times: user=0.00 sys=0.01, real=0.00 secs] 
2024-03-31T20:01:28.585+0800: 1740.597: [CMS-concurrent-abortable-preclean-start]
2024-03-31T20:01:28.587+0800: 1740.598: [CMS-concurrent-abortable-preclean: 0.000/0.000 secs] [Times: user=0.00 sys=0.00, real=0.01 secs] 
2024-03-31T20:01:28.588+0800: 1740.600: [GC (CMS Final Remark) [YG occupancy: 112638 K (117952 K)]2024-03-31T20:01:28.589+0800: 1740.600: [Rescan (non-parallel) 2024-03-31T20:01:28.589+0800: 1740.600: [grey object rescan, 0.0001094 secs]2024-03-31T20:01:28.589+0800: 1740.600: [root rescan, 0.0816230 secs]2024-03-31T20:01:28.671+0800: 1740.682: [visit unhandled CLDs, 0.0001868 secs]2024-03-31T20:01:28.671+0800: 1740.682: [dirty klass scan, 0.0015059 secs], 0.0842028 secs]2024-03-31T20:01:28.673+0800: 1740.684: [weak refs processing, 0.0001513 secs]2024-03-31T20:01:28.673+0800: 1740.684: [class unloading, 0.0151546 secs]2024-03-31T20:01:28.689+0800: 1740.700: [scrub symbol table, 0.0106528 secs]2024-03-31T20:01:28.699+0800: 1740.711: [scrub string table, 0.0005025 secs][1 CMS-remark: 63K(64K)] 112702K(118016K), 0.1143956 secs] [Times: user=0.12 sys=0.00, real=0.11 secs] 
2024-03-31T20:01:28.704+0800: 1740.715: [CMS-concurrent-sweep-start]
2024-03-31T20:01:28.704+0800: 1740.716: [CMS-concurrent-sweep: 0.000/0.000 secs] [Times: user=0.00 sys=0.00, real=0.00 secs] 
2024-03-31T20:01:28.706+0800: 1740.718: [CMS-concurrent-reset-start]
2024-03-31T20:01:28.707+0800: 1740.719: [CMS-concurrent-reset: 0.000/0.000 secs] [Times: user=0.00 sys=0.00, real=0.01 secs] 
2024-03-31T20:01:30.718+0800: 1742.729: [GC (CMS Initial Mark) [1 CMS-initial-mark: 63K(64K)] 112943K(118016K), 0.1215943 secs] [Times: user=0.12 sys=0.00, real=0.12 secs] 
2024-03-31T20:01:30.841+0800: 1742.852: [CMS-concurrent-mark-start]
2024-03-31T20:01:30.841+0800: 1742.852: [CMS-concurrent-mark: 0.000/0.000 secs] [Times: user=0.00 sys=0.00, real=0.00 secs] 
2024-03-31T20:01:30.843+0800: 1742.854: [CMS-concurrent-preclean-start]
2024-03-31T20:01:30.845+0800: 1742.856: [CMS-concurrent-preclean: 0.001/0.001 secs] [Times: user=0.00 sys=0.00, real=0.00 secs] 
2024-03-31T20:01:30.846+0800: 1742.857: [CMS-concurrent-abortable-preclean-start]
2024-03-31T20:01:30.846+0800: 1742.857: [CMS-concurrent-abortable-preclean: 0.000/0.000 secs] [Times: user=0.00 sys=0.00, real=0.00 secs] 
2024-03-31T20:01:30.847+0800: 1742.858: [GC (CMS Final Remark) [YG occupancy: 112881 K (117952 K)]2024-03-31T20:01:30.847+0800: 1742.858: [Rescan (non-parallel) 2024-03-31T20:01:30.847+0800: 1742.858: [grey object rescan, 0.0000998 secs]2024-03-31T20:01:30.847+0800: 1742.858: [root rescan, 0.0796540 secs]2024-03-31T20:01:30.927+0800: 1742.938: [visit unhandled CLDs, 0.0001547 secs]2024-03-31T20:01:30.927+0800: 1742.938: [dirty klass scan, 0.0014309 secs], 0.0819558 secs]2024-03-31T20:01:30.929+0800: 1742.940: [weak refs processing, 0.0001582 secs]2024-03-31T20:01:30.929+0800: 1742.940: [class unloading, 0.0141858 secs]2024-03-31T20:01:30.943+0800: 1742.955: [scrub symbol table, 0.0105869 secs]2024-03-31T20:01:30.954+0800: 1742.965: [scrub string table, 0.0005133 secs][1 CMS-remark: 63K(64K)] 112944K(118016K), 0.1111060 secs] [Times: user=0.11 sys=0.00, real=0.11 secs] 
2024-03-31T20:01:30.958+0800: 1742.969: [CMS-concurrent-sweep-start]
2024-03-31T20:01:30.959+0800: 1742.970: [CMS-concurrent-sweep: 0.000/0.000 secs] [Times: user=0.01 sys=0.00, real=0.00 secs] 
2024-03-31T20:01:30.960+0800: 1742.971: [CMS-concurrent-reset-start]
2024-03-31T20:01:30.961+0800: 1742.972: [CMS-concurrent-reset: 0.000/0.000 secs] [Times: user=0.00 sys=0.00, real=0.00 secs] 
2024-03-31T20:01:32.975+0800: 1744.986: [GC (CMS Initial Mark) [1 CMS-initial-mark: 63K(64K)] 113088K(118016K), 0.1172921 secs] [Times: user=0.12 sys=0.00, real=0.12 secs] 
2024-03-31T20:01:33.093+0800: 1745.104: [CMS-concurrent-mark-start]
2024-03-31T20:01:33.094+0800: 1745.105: [CMS-concurrent-mark: 0.000/0.000 secs] [Times: user=0.00 sys=0.00, real=0.00 secs] 
2024-03-31T20:01:33.095+0800: 1745.106: [CMS-concurrent-preclean-start]
2024-03-31T20:01:33.097+0800: 1745.108: [CMS-concurrent-preclean: 0.001/0.001 secs] [Times: user=0.00 sys=0.00, real=0.01 secs] 
2024-03-31T20:01:33.098+0800: 1745.109: [CMS-concurrent-abortable-preclean-start]
2024-03-31T20:01:33.098+0800: 1745.109: [CMS-concurrent-abortable-preclean: 0.000/0.000 secs] [Times: user=0.00 sys=0.00, real=0.00 secs] 
2024-03-31T20:01:33.099+0800: 1745.110: [GC (CMS Final Remark) [YG occupancy: 113025 K (117952 K)]2024-03-31T20:01:33.099+0800: 1745.110: [Rescan (non-parallel) 2024-03-31T20:01:33.099+0800: 1745.110: [grey object rescan, 0.0001040 secs]2024-03-31T20:01:33.099+0800: 1745.110: [root rescan, 0.0814489 secs]2024-03-31T20:01:33.181+0800: 1745.192: [visit unhandled CLDs, 0.0001677 secs]2024-03-31T20:01:33.181+0800: 1745.192: [dirty klass scan, 0.0014641 secs], 0.0837697 secs]2024-03-31T20:01:33.183+0800: 1745.194: [weak refs processing, 0.0001657 secs]2024-03-31T20:01:33.183+0800: 1745.194: [class unloading, 0.0122266 secs]2024-03-31T20:01:33.196+0800: 1745.207: [scrub symbol table, 0.0098838 secs]2024-03-31T20:01:33.206+0800: 1745.217: [scrub string table, 0.0004949 secs][1 CMS-remark: 63K(64K)] 113089K(118016K), 0.1101628 secs] [Times: user=0.11 sys=0.00, real=0.11 secs] 
2024-03-31T20:01:33.210+0800: 1745.221: [CMS-concurrent-sweep-start]
2024-03-31T20:01:33.210+0800: 1745.221: [CMS-concurrent-sweep: 0.000/0.000 secs] [Times: user=0.00 sys=0.00, real=0.00 secs] 
2024-03-31T20:01:33.212+0800: 1745.223: [CMS-concurrent-reset-start]
2024-03-31T20:01:33.213+0800: 1745.224: [CMS-concurrent-reset: 0.000/0.000 secs] [Times: user=0.00 sys=0.00, real=0.00 secs] 
2024-03-31T20:01:35.222+0800: 1747.233: [GC (CMS Initial Mark) [1 CMS-initial-mark: 63K(64K)] 113299K(118016K), 0.1216536 secs] [Times: user=0.12 sys=0.00, real=0.12 secs] 
2024-03-31T20:01:35.344+0800: 1747.355: [CMS-concurrent-mark-start]
2024-03-31T20:01:35.345+0800: 1747.356: [CMS-concurrent-mark: 0.000/0.000 secs] [Times: user=0.00 sys=0.00, real=0.00 secs] 
2024-03-31T20:01:35.346+0800: 1747.357: [CMS-concurrent-preclean-start]
2024-03-31T20:01:35.348+0800: 1747.359: [CMS-concurrent-preclean: 0.001/0.001 secs] [Times: user=0.01 sys=0.00, real=0.01 secs] 
2024-03-31T20:01:35.349+0800: 1747.360: [CMS-concurrent-abortable-preclean-start]
2024-03-31T20:01:35.350+0800: 1747.361: [CMS-concurrent-abortable-preclean: 0.000/0.000 secs] [Times: user=0.00 sys=0.00, real=0.00 secs] 
2024-03-31T20:01:35.351+0800: 1747.362: [GC (CMS Final Remark) [YG occupancy: 113236 K (117952 K)]2024-03-31T20:01:35.351+0800: 1747.362: [Rescan (non-parallel) 2024-03-31T20:01:35.351+0800: 1747.362: [grey object rescan, 0.0001045 secs]2024-03-31T20:01:35.352+0800: 1747.363: [root rescan, 0.0816919 secs]2024-03-31T20:01:35.433+0800: 1747.445: [visit unhandled CLDs, 0.0001977 secs]2024-03-31T20:01:35.434+0800: 1747.445: [dirty klass scan, 0.0014568 secs], 0.0840507 secs]2024-03-31T20:01:35.435+0800: 1747.446: [weak refs processing, 0.0001324 secs]2024-03-31T20:01:35.436+0800: 1747.447: [class unloading, 0.0126493 secs]2024-03-31T20:01:35.449+0800: 1747.460: [scrub symbol table, 0.0100793 secs]2024-03-31T20:01:35.459+0800: 1747.470: [scrub string table, 0.0005375 secs][1 CMS-remark: 63K(64K)] 113300K(118016K), 0.1111658 secs] [Times: user=0.11 sys=0.00, real=0.11 secs] 
2024-03-31T20:01:35.463+0800: 1747.474: [CMS-concurrent-sweep-start]
2024-03-31T20:01:35.464+0800: 1747.475: [CMS-concurrent-sweep: 0.000/0.000 secs] [Times: user=0.00 sys=0.00, real=0.00 secs] 
2024-03-31T20:01:35.467+0800: 1747.478: [CMS-concurrent-reset-start]
2024-03-31T20:01:35.468+0800: 1747.480: [CMS-concurrent-reset: 0.000/0.000 secs] [Times: user=0.00 sys=0.00, real=0.01 secs] 
2024-03-31T20:01:37.485+0800: 1749.496: [GC (CMS Initial Mark) [1 CMS-initial-mark: 63K(64K)] 113489K(118016K), 0.1069761 secs] [Times: user=0.10 sys=0.00, real=0.11 secs] 
2024-03-31T20:01:37.592+0800: 1749.603: [CMS-concurrent-mark-start]
2024-03-31T20:01:37.593+0800: 1749.605: [CMS-concurrent-mark: 0.000/0.000 secs] [Times: user=0.00 sys=0.00, real=0.00 secs] 
2024-03-31T20:01:37.594+0800: 1749.606: [CMS-concurrent-preclean-start]
2024-03-31T20:01:37.598+0800: 1749.609: [CMS-concurrent-preclean: 0.001/0.001 secs] [Times: user=0.01 sys=0.00, real=0.01 secs] 
2024-03-31T20:01:37.600+0800: 1749.611: [CMS-concurrent-abortable-preclean-start]
2024-03-31T20:01:37.602+0800: 1749.613: [CMS-concurrent-abortable-preclean: 0.000/0.000 secs] [Times: user=0.00 sys=0.00, real=0.00 secs] 
2024-03-31T20:01:37.605+0800: 1749.616: [GC (CMS Final Remark) [YG occupancy: 113433 K (117952 K)]2024-03-31T20:01:37.605+0800: 1749.616: [Rescan (non-parallel) 2024-03-31T20:01:37.605+0800: 1749.616: [grey object rescan, 0.0001216 secs]2024-03-31T20:01:37.606+0800: 1749.617: [root rescan, 0.0846413 secs]2024-03-31T20:01:37.691+0800: 1749.702: [visit unhandled CLDs, 0.0001600 secs]2024-03-31T20:01:37.691+0800: 1749.702: [dirty klass scan, 0.0014790 secs], 0.0871906 secs]2024-03-31T20:01:37.693+0800: 1749.704: [weak refs processing, 0.0001396 secs]2024-03-31T20:01:37.693+0800: 1749.704: [class unloading, 0.0162518 secs]2024-03-31T20:01:37.709+0800: 1749.720: [scrub symbol table, 0.0139145 secs]2024-03-31T20:01:37.723+0800: 1749.735: [scrub string table, 0.0005750 secs][1 CMS-remark: 63K(64K)] 113496K(118016K), 0.1223039 secs] [Times: user=0.12 sys=0.00, real=0.13 secs] 
2024-03-31T20:01:37.728+0800: 1749.739: [CMS-concurrent-sweep-start]
2024-03-31T20:01:37.729+0800: 1749.740: [CMS-concurrent-sweep: 0.000/0.000 secs] [Times: user=0.01 sys=0.00, real=0.00 secs] 
2024-03-31T20:01:37.731+0800: 1749.742: [CMS-concurrent-reset-start]
2024-03-31T20:01:37.732+0800: 1749.743: [CMS-concurrent-reset: 0.000/0.000 secs] [Times: user=0.00 sys=0.00, real=0.00 secs] 
2024-03-31T20:01:39.740+0800: 1751.751: [GC (CMS Initial Mark) [1 CMS-initial-mark: 63K(64K)] 113760K(118016K), 0.1185478 secs] [Times: user=0.12 sys=0.00, real=0.12 secs] 
2024-03-31T20:01:39.859+0800: 1751.870: [CMS-concurrent-mark-start]
2024-03-31T20:01:39.859+0800: 1751.870: [CMS-concurrent-mark: 0.000/0.000 secs] [Times: user=0.00 sys=0.00, real=0.00 secs] 
2024-03-31T20:01:39.860+0800: 1751.871: [CMS-concurrent-preclean-start]
2024-03-31T20:01:39.862+0800: 1751.873: [CMS-concurrent-preclean: 0.001/0.001 secs] [Times: user=0.00 sys=0.00, real=0.00 secs] 
2024-03-31T20:01:39.863+0800: 1751.874: [CMS-concurrent-abortable-preclean-start]
2024-03-31T20:01:39.863+0800: 1751.875: [CMS-concurrent-abortable-preclean: 0.000/0.000 secs] [Times: user=0.00 sys=0.00, real=0.00 secs] 
2024-03-31T20:01:39.864+0800: 1751.875: [GC (CMS Final Remark) [YG occupancy: 113697 K (117952 K)]2024-03-31T20:01:39.864+0800: 1751.875: [Rescan (non-parallel) 2024-03-31T20:01:39.864+0800: 1751.875: [grey object rescan, 0.0000966 secs]2024-03-31T20:01:39.865+0800: 1751.876: [root rescan, 0.0811357 secs]2024-03-31T20:01:39.946+0800: 1751.957: [visit unhandled CLDs, 0.0001570 secs]2024-03-31T20:01:39.946+0800: 1751.957: [dirty klass scan, 0.0015619 secs], 0.0836238 secs]2024-03-31T20:01:39.948+0800: 1751.959: [weak refs processing, 0.0001470 secs]2024-03-31T20:01:39.948+0800: 1751.959: [class unloading, 0.0146491 secs]2024-03-31T20:01:39.963+0800: 1751.974: [scrub symbol table, 0.0118350 secs]2024-03-31T20:01:39.975+0800: 1751.986: [scrub string table, 0.0005953 secs][1 CMS-remark: 63K(64K)] 113761K(118016K), 0.1147276 secs] [Times: user=0.12 sys=0.00, real=0.12 secs] 
2024-03-31T20:01:39.980+0800: 1751.991: [CMS-concurrent-sweep-start]
2024-03-31T20:01:39.980+0800: 1751.991: [CMS-concurrent-sweep: 0.000/0.000 secs] [Times: user=0.00 sys=0.00, real=0.00 secs] 
2024-03-31T20:01:39.982+0800: 1751.993: [CMS-concurrent-reset-start]
2024-03-31T20:01:39.983+0800: 1751.994: [CMS-concurrent-reset: 0.000/0.000 secs] [Times: user=0.00 sys=0.00, real=0.00 secs] 
2024-03-31T20:01:41.991+0800: 1754.002: [GC (CMS Initial Mark) [1 CMS-initial-mark: 63K(64K)] 113946K(118016K), 0.1145357 secs] [Times: user=0.12 sys=0.00, real=0.11 secs] 
2024-03-31T20:01:42.106+0800: 1754.118: [CMS-concurrent-mark-start]
2024-03-31T20:01:42.107+0800: 1754.118: [CMS-concurrent-mark: 0.000/0.000 secs] [Times: user=0.00 sys=0.00, real=0.01 secs] 
2024-03-31T20:01:42.109+0800: 1754.120: [CMS-concurrent-preclean-start]
2024-03-31T20:01:42.111+0800: 1754.122: [CMS-concurrent-preclean: 0.001/0.001 secs] [Times: user=0.00 sys=0.00, real=0.00 secs] 
2024-03-31T20:01:42.112+0800: 1754.123: [CMS-concurrent-abortable-preclean-start]
2024-03-31T20:01:42.113+0800: 1754.124: [CMS-concurrent-abortable-preclean: 0.000/0.000 secs] [Times: user=0.00 sys=0.00, real=0.00 secs] 
2024-03-31T20:01:42.113+0800: 1754.124: [GC (CMS Final Remark) [YG occupancy: 113885 K (117952 K)]2024-03-31T20:01:42.113+0800: 1754.125: [Rescan (non-parallel) 2024-03-31T20:01:42.114+0800: 1754.125: [grey object rescan, 0.0001126 secs]2024-03-31T20:01:42.114+0800: 1754.125: [root rescan, 0.0817374 secs]2024-03-31T20:01:42.196+0800: 1754.207: [visit unhandled CLDs, 0.0001757 secs]2024-03-31T20:01:42.196+0800: 1754.207: [dirty klass scan, 0.0016063 secs], 0.0843398 secs]2024-03-31T20:01:42.198+0800: 1754.209: [weak refs processing, 0.0001649 secs]2024-03-31T20:01:42.198+0800: 1754.209: [class unloading, 0.0122028 secs]2024-03-31T20:01:42.211+0800: 1754.222: [scrub symbol table, 0.0119740 secs]2024-03-31T20:01:42.223+0800: 1754.234: [scrub string table, 0.0005941 secs][1 CMS-remark: 63K(64K)] 113949K(118016K), 0.1132288 secs] [Times: user=0.11 sys=0.00, real=0.12 secs] 
2024-03-31T20:01:42.227+0800: 1754.238: [CMS-concurrent-sweep-start]
2024-03-31T20:01:42.228+0800: 1754.239: [CMS-concurrent-sweep: 0.000/0.000 secs] [Times: user=0.00 sys=0.00, real=0.00 secs] 
2024-03-31T20:01:42.230+0800: 1754.241: [CMS-concurrent-reset-start]
2024-03-31T20:01:42.230+0800: 1754.241: [CMS-concurrent-reset: 0.000/0.000 secs] [Times: user=0.00 sys=0.00, real=0.00 secs] 
2024-03-31T20:01:44.238+0800: 1756.249: [GC (CMS Initial Mark) [1 CMS-initial-mark: 63K(64K)] 114137K(118016K), 0.1152104 secs] [Times: user=0.11 sys=0.00, real=0.11 secs] 
2024-03-31T20:01:44.354+0800: 1756.365: [CMS-concurrent-mark-start]
2024-03-31T20:01:44.354+0800: 1756.365: [CMS-concurrent-mark: 0.000/0.000 secs] [Times: user=0.01 sys=0.00, real=0.00 secs] 
2024-03-31T20:01:44.355+0800: 1756.366: [CMS-concurrent-preclean-start]
2024-03-31T20:01:44.358+0800: 1756.369: [CMS-concurrent-preclean: 0.001/0.001 secs] [Times: user=0.00 sys=0.00, real=0.01 secs] 
2024-03-31T20:01:44.358+0800: 1756.369: [CMS-concurrent-abortable-preclean-start]
2024-03-31T20:01:44.358+0800: 1756.369: [CMS-concurrent-abortable-preclean: 0.000/0.000 secs] [Times: user=0.00 sys=0.00, real=0.00 secs] 
2024-03-31T20:01:44.359+0800: 1756.370: [GC (CMS Final Remark) [YG occupancy: 114074 K (117952 K)]2024-03-31T20:01:44.359+0800: 1756.370: [Rescan (non-parallel) 2024-03-31T20:01:44.359+0800: 1756.370: [grey object rescan, 0.0000985 secs]2024-03-31T20:01:44.359+0800: 1756.370: [root rescan, 0.0836938 secs]2024-03-31T20:01:44.444+0800: 1756.455: [visit unhandled CLDs, 0.0002453 secs]2024-03-31T20:01:44.444+0800: 1756.455: [dirty klass scan, 0.0016166 secs], 0.0864062 secs]2024-03-31T20:01:44.446+0800: 1756.457: [weak refs processing, 0.0001648 secs]2024-03-31T20:01:44.446+0800: 1756.457: [class unloading, 0.0123869 secs]2024-03-31T20:01:44.459+0800: 1756.470: [scrub symbol table, 0.0098920 secs]2024-03-31T20:01:44.469+0800: 1756.480: [scrub string table, 0.0004961 secs][1 CMS-remark: 63K(64K)] 114138K(118016K), 0.1132371 secs] [Times: user=0.11 sys=0.00, real=0.11 secs] 
2024-03-31T20:01:44.473+0800: 1756.484: [CMS-concurrent-sweep-start]
2024-03-31T20:01:44.474+0800: 1756.485: [CMS-concurrent-sweep: 0.000/0.000 secs] [Times: user=0.00 sys=0.00, real=0.00 secs] 
2024-03-31T20:01:44.475+0800: 1756.486: [CMS-concurrent-reset-start]
2024-03-31T20:01:44.476+0800: 1756.487: [CMS-concurrent-reset: 0.000/0.000 secs] [Times: user=0.01 sys=0.00, real=0.00 secs] 
2024-03-31T20:01:46.487+0800: 1758.498: [GC (CMS Initial Mark) [1 CMS-initial-mark: 63K(64K)] 114361K(118016K), 0.1289410 secs] [Times: user=0.13 sys=0.01, real=0.12 secs] 
2024-03-31T20:01:46.617+0800: 1758.628: [CMS-concurrent-mark-start]
2024-03-31T20:01:46.617+0800: 1758.628: [CMS-concurrent-mark: 0.000/0.000 secs] [Times: user=0.00 sys=0.00, real=0.00 secs] 
2024-03-31T20:01:46.618+0800: 1758.629: [CMS-concurrent-preclean-start]
2024-03-31T20:01:46.621+0800: 1758.632: [CMS-concurrent-preclean: 0.001/0.001 secs] [Times: user=0.01 sys=0.00, real=0.00 secs] 
2024-03-31T20:01:46.622+0800: 1758.633: [CMS-concurrent-abortable-preclean-start]
2024-03-31T20:01:46.623+0800: 1758.634: [CMS-concurrent-abortable-preclean: 0.000/0.000 secs] [Times: user=0.00 sys=0.00, real=0.00 secs] 
2024-03-31T20:01:46.626+0800: 1758.637: [GC (CMS Final Remark) [YG occupancy: 114305 K (117952 K)]2024-03-31T20:01:46.626+0800: 1758.637: [Rescan (non-parallel) 2024-03-31T20:01:46.626+0800: 1758.637: [grey object rescan, 0.0001856 secs]2024-03-31T20:01:46.627+0800: 1758.638: [root rescan, 0.0837904 secs]2024-03-31T20:01:46.711+0800: 1758.722: [visit unhandled CLDs, 0.0002031 secs]2024-03-31T20:01:46.711+0800: 1758.722: [dirty klass scan, 0.0015873 secs], 0.0865535 secs]2024-03-31T20:01:46.713+0800: 1758.724: [weak refs processing, 0.0001500 secs]2024-03-31T20:01:46.713+0800: 1758.724: [class unloading, 0.0131425 secs]2024-03-31T20:01:46.727+0800: 1758.738: [scrub symbol table, 0.0100094 secs]2024-03-31T20:01:46.737+0800: 1758.748: [scrub string table, 0.0005271 secs][1 CMS-remark: 63K(64K)] 114369K(118016K), 0.1142186 secs] [Times: user=0.11 sys=0.00, real=0.12 secs] 
2024-03-31T20:01:46.742+0800: 1758.753: [CMS-concurrent-sweep-start]
2024-03-31T20:01:46.743+0800: 1758.754: [CMS-concurrent-sweep: 0.000/0.000 secs] [Times: user=0.01 sys=0.00, real=0.00 secs] 
2024-03-31T20:01:46.747+0800: 1758.758: [CMS-concurrent-reset-start]
2024-03-31T20:01:46.749+0800: 1758.760: [CMS-concurrent-reset: 0.000/0.000 secs] [Times: user=0.00 sys=0.00, real=0.01 secs] 
2024-03-31T20:01:48.756+0800: 1760.767: [GC (CMS Initial Mark) [1 CMS-initial-mark: 63K(64K)] 114499K(118016K), 0.1184054 secs] [Times: user=0.12 sys=0.00, real=0.12 secs] 
2024-03-31T20:01:48.875+0800: 1760.886: [CMS-concurrent-mark-start]
2024-03-31T20:01:48.876+0800: 1760.887: [CMS-concurrent-mark: 0.000/0.000 secs] [Times: user=0.00 sys=0.00, real=0.00 secs] 
2024-03-31T20:01:48.877+0800: 1760.888: [CMS-concurrent-preclean-start]
2024-03-31T20:01:48.880+0800: 1760.891: [CMS-concurrent-preclean: 0.001/0.001 secs] [Times: user=0.01 sys=0.00, real=0.01 secs] 
2024-03-31T20:01:48.882+0800: 1760.893: [CMS-concurrent-abortable-preclean-start]
2024-03-31T20:01:48.883+0800: 1760.895: [CMS-concurrent-abortable-preclean: 0.000/0.000 secs] [Times: user=0.00 sys=0.00, real=0.00 secs] 
2024-03-31T20:01:48.888+0800: 1760.899: [GC (CMS Final Remark) [YG occupancy: 114443 K (117952 K)]2024-03-31T20:01:48.888+0800: 1760.899: [Rescan (non-parallel) 2024-03-31T20:01:48.888+0800: 1760.899: [grey object rescan, 0.0001257 secs]2024-03-31T20:01:48.888+0800: 1760.899: [root rescan, 0.0831704 secs]2024-03-31T20:01:48.972+0800: 1760.983: [visit unhandled CLDs, 0.0002086 secs]2024-03-31T20:01:48.972+0800: 1760.983: [dirty klass scan, 0.0016234 secs], 0.0858512 secs]2024-03-31T20:01:48.974+0800: 1760.985: [weak refs processing, 0.0001487 secs]2024-03-31T20:01:48.974+0800: 1760.985: [class unloading, 0.0129332 secs]2024-03-31T20:01:48.987+0800: 1760.998: [scrub symbol table, 0.0117760 secs]2024-03-31T20:01:48.999+0800: 1761.010: [scrub string table, 0.0005688 secs][1 CMS-remark: 63K(64K)] 114507K(118016K), 0.1155651 secs] [Times: user=0.12 sys=0.01, real=0.11 secs] 
2024-03-31T20:01:49.004+0800: 1761.015: [CMS-concurrent-sweep-start]
2024-03-31T20:01:49.005+0800: 1761.016: [CMS-concurrent-sweep: 0.000/0.000 secs] [Times: user=0.00 sys=0.00, real=0.00 secs] 
2024-03-31T20:01:49.007+0800: 1761.018: [CMS-concurrent-reset-start]
2024-03-31T20:01:49.007+0800: 1761.018: [CMS-concurrent-reset: 0.000/0.000 secs] [Times: user=0.00 sys=0.00, real=0.01 secs] 
2024-03-31T20:01:51.015+0800: 1763.026: [GC (CMS Initial Mark) [1 CMS-initial-mark: 63K(64K)] 114760K(118016K), 0.1160636 secs] [Times: user=0.12 sys=0.00, real=0.12 secs] 
2024-03-31T20:01:51.131+0800: 1763.142: [CMS-concurrent-mark-start]
2024-03-31T20:01:51.132+0800: 1763.143: [CMS-concurrent-mark: 0.000/0.000 secs] [Times: user=0.00 sys=0.00, real=0.00 secs] 
2024-03-31T20:01:51.133+0800: 1763.144: [CMS-concurrent-preclean-start]
2024-03-31T20:01:51.135+0800: 1763.146: [CMS-concurrent-preclean: 0.001/0.001 secs] [Times: user=0.00 sys=0.00, real=0.00 secs] 
2024-03-31T20:01:51.136+0800: 1763.147: [CMS-concurrent-abortable-preclean-start]
2024-03-31T20:01:51.138+0800: 1763.149: [CMS-concurrent-abortable-preclean: 0.000/0.000 secs] [Times: user=0.01 sys=0.00, real=0.01 secs] 
2024-03-31T20:01:51.140+0800: 1763.151: [GC (CMS Final Remark) [YG occupancy: 114698 K (117952 K)]2024-03-31T20:01:51.140+0800: 1763.151: [Rescan (non-parallel) 2024-03-31T20:01:51.140+0800: 1763.151: [grey object rescan, 0.0001092 secs]2024-03-31T20:01:51.140+0800: 1763.151: [root rescan, 0.0842335 secs]2024-03-31T20:01:51.225+0800: 1763.236: [visit unhandled CLDs, 0.0001853 secs]2024-03-31T20:01:51.225+0800: 1763.236: [dirty klass scan, 0.0016456 secs], 0.0869022 secs]2024-03-31T20:01:51.227+0800: 1763.238: [weak refs processing, 0.0001357 secs]2024-03-31T20:01:51.227+0800: 1763.238: [class unloading, 0.0122916 secs]2024-03-31T20:01:51.240+0800: 1763.251: [scrub symbol table, 0.0097745 secs]2024-03-31T20:01:51.250+0800: 1763.261: [scrub string table, 0.0004924 secs][1 CMS-remark: 63K(64K)] 114762K(118016K), 0.1132558 secs] [Times: user=0.11 sys=0.00, real=0.11 secs] 
2024-03-31T20:01:51.254+0800: 1763.265: [CMS-concurrent-sweep-start]
2024-03-31T20:01:51.255+0800: 1763.266: [CMS-concurrent-sweep: 0.000/0.000 secs] [Times: user=0.00 sys=0.00, real=0.00 secs] 
2024-03-31T20:01:51.257+0800: 1763.268: [CMS-concurrent-reset-start]
2024-03-31T20:01:51.258+0800: 1763.269: [CMS-concurrent-reset: 0.000/0.000 secs] [Times: user=0.00 sys=0.00, real=0.00 secs] 
2024-03-31T20:01:53.266+0800: 1765.278: [GC (CMS Initial Mark) [1 CMS-initial-mark: 63K(64K)] 114968K(118016K), 0.1207898 secs] [Times: user=0.12 sys=0.00, real=0.13 secs] 
2024-03-31T20:01:53.388+0800: 1765.399: [CMS-concurrent-mark-start]
2024-03-31T20:01:53.389+0800: 1765.400: [CMS-concurrent-mark: 0.000/0.000 secs] [Times: user=0.00 sys=0.00, real=0.00 secs] 
2024-03-31T20:01:53.390+0800: 1765.401: [CMS-concurrent-preclean-start]
2024-03-31T20:01:53.393+0800: 1765.404: [CMS-concurrent-preclean: 0.001/0.001 secs] [Times: user=0.01 sys=0.00, real=0.00 secs] 
2024-03-31T20:01:53.394+0800: 1765.405: [CMS-concurrent-abortable-preclean-start]
2024-03-31T20:01:53.395+0800: 1765.406: [CMS-concurrent-abortable-preclean: 0.000/0.000 secs] [Times: user=0.00 sys=0.00, real=0.00 secs] 
2024-03-31T20:01:53.397+0800: 1765.408: [GC (CMS Final Remark) [YG occupancy: 114908 K (117952 K)]2024-03-31T20:01:53.397+0800: 1765.408: [Rescan (non-parallel) 2024-03-31T20:01:53.397+0800: 1765.408: [grey object rescan, 0.0001814 secs]2024-03-31T20:01:53.397+0800: 1765.409: [root rescan, 0.0836340 secs]2024-03-31T20:01:53.481+0800: 1765.492: [visit unhandled CLDs, 0.0001844 secs]2024-03-31T20:01:53.482+0800: 1765.493: [dirty klass scan, 0.0015181 secs], 0.0862538 secs]2024-03-31T20:01:53.483+0800: 1765.494: [weak refs processing, 0.0001572 secs]2024-03-31T20:01:53.484+0800: 1765.495: [class unloading, 0.0120315 secs]2024-03-31T20:01:53.496+0800: 1765.507: [scrub symbol table, 0.0102140 secs]2024-03-31T20:01:53.506+0800: 1765.517: [scrub string table, 0.0005218 secs][1 CMS-remark: 63K(64K)] 114972K(118016K), 0.1129420 secs] [Times: user=0.11 sys=0.00, real=0.11 secs] 
2024-03-31T20:01:53.511+0800: 1765.522: [CMS-concurrent-sweep-start]
2024-03-31T20:01:53.511+0800: 1765.522: [CMS-concurrent-sweep: 0.000/0.000 secs] [Times: user=0.00 sys=0.00, real=0.00 secs] 
2024-03-31T20:01:53.513+0800: 1765.524: [CMS-concurrent-reset-start]
2024-03-31T20:01:53.513+0800: 1765.524: [CMS-concurrent-reset: 0.000/0.000 secs] [Times: user=0.00 sys=0.00, real=0.00 secs] 
2024-03-31T20:01:55.514+0800: 1767.525: [GC (CMS Initial Mark) [1 CMS-initial-mark: 63K(64K)] 115233K(118016K), 0.0797545 secs] [Times: user=0.08 sys=0.00, real=0.08 secs] 
2024-03-31T20:01:55.595+0800: 1767.606: [CMS-concurrent-mark-start]
2024-03-31T20:01:55.595+0800: 1767.607: [CMS-concurrent-mark: 0.000/0.000 secs] [Times: user=0.00 sys=0.00, real=0.00 secs] 
2024-03-31T20:01:55.596+0800: 1767.607: [CMS-concurrent-preclean-start]
2024-03-31T20:01:55.598+0800: 1767.609: [CMS-concurrent-preclean: 0.001/0.001 secs] [Times: user=0.00 sys=0.00, real=0.01 secs] 
2024-03-31T20:01:55.599+0800: 1767.610: [CMS-concurrent-abortable-preclean-start]
2024-03-31T20:01:55.600+0800: 1767.611: [CMS-concurrent-abortable-preclean: 0.000/0.000 secs] [Times: user=0.01 sys=0.00, real=0.00 secs] 
2024-03-31T20:01:55.602+0800: 1767.613: [GC (CMS Final Remark) [YG occupancy: 115175 K (117952 K)]2024-03-31T20:01:55.602+0800: 1767.613: [Rescan (non-parallel) 2024-03-31T20:01:55.603+0800: 1767.614: [grey object rescan, 0.0001399 secs]2024-03-31T20:01:55.603+0800: 1767.614: [root rescan, 0.0830739 secs]2024-03-31T20:01:55.686+0800: 1767.697: [visit unhandled CLDs, 0.0001840 secs]2024-03-31T20:01:55.686+0800: 1767.697: [dirty klass scan, 0.0015894 secs], 0.0856769 secs]2024-03-31T20:01:55.688+0800: 1767.699: [weak refs processing, 0.0001516 secs]2024-03-31T20:01:55.688+0800: 1767.699: [class unloading, 0.0118633 secs]2024-03-31T20:01:55.701+0800: 1767.712: [scrub symbol table, 0.0096346 secs]2024-03-31T20:01:55.710+0800: 1767.721: [scrub string table, 0.0004983 secs][1 CMS-remark: 63K(64K)] 115239K(118016K), 0.1114765 secs] [Times: user=0.11 sys=0.00, real=0.11 secs] 
2024-03-31T20:01:55.715+0800: 1767.726: [CMS-concurrent-sweep-start]
2024-03-31T20:01:55.716+0800: 1767.727: [CMS-concurrent-sweep: 0.000/0.000 secs] [Times: user=0.00 sys=0.00, real=0.00 secs] 
2024-03-31T20:01:55.718+0800: 1767.729: [CMS-concurrent-reset-start]
2024-03-31T20:01:55.720+0800: 1767.731: [CMS-concurrent-reset: 0.000/0.000 secs] [Times: user=0.01 sys=0.00, real=0.00 secs] 
2024-03-31T20:01:57.729+0800: 1769.740: [GC (CMS Initial Mark) [1 CMS-initial-mark: 63K(64K)] 115398K(118016K), 0.1110169 secs] [Times: user=0.11 sys=0.01, real=0.11 secs] 
2024-03-31T20:01:57.840+0800: 1769.852: [CMS-concurrent-mark-start]
2024-03-31T20:01:57.841+0800: 1769.852: [CMS-concurrent-mark: 0.000/0.000 secs] [Times: user=0.00 sys=0.00, real=0.00 secs] 
2024-03-31T20:01:57.842+0800: 1769.853: [CMS-concurrent-preclean-start]
2024-03-31T20:01:57.844+0800: 1769.855: [CMS-concurrent-preclean: 0.001/0.001 secs] [Times: user=0.00 sys=0.00, real=0.00 secs] 
2024-03-31T20:01:57.845+0800: 1769.856: [CMS-concurrent-abortable-preclean-start]
2024-03-31T20:01:57.847+0800: 1769.858: [CMS-concurrent-abortable-preclean: 0.000/0.000 secs] [Times: user=0.00 sys=0.00, real=0.01 secs] 
2024-03-31T20:01:57.849+0800: 1769.860: [GC (CMS Final Remark) [YG occupancy: 115346 K (117952 K)]2024-03-31T20:01:57.849+0800: 1769.860: [Rescan (non-parallel) 2024-03-31T20:01:57.849+0800: 1769.860: [grey object rescan, 0.0001186 secs]2024-03-31T20:01:57.849+0800: 1769.860: [root rescan, 0.0821871 secs]2024-03-31T20:01:57.932+0800: 1769.943: [visit unhandled CLDs, 0.0001712 secs]2024-03-31T20:01:57.932+0800: 1769.943: [dirty klass scan, 0.0015090 secs], 0.0846424 secs]2024-03-31T20:01:57.934+0800: 1769.945: [weak refs processing, 0.0001481 secs]2024-03-31T20:01:57.934+0800: 1769.945: [class unloading, 0.0119240 secs]2024-03-31T20:01:57.946+0800: 1769.957: [scrub symbol table, 0.0097965 secs]2024-03-31T20:01:57.956+0800: 1769.967: [scrub string table, 0.0005152 secs][1 CMS-remark: 63K(64K)] 115410K(118016K), 0.1108389 secs] [Times: user=0.11 sys=0.00, real=0.11 secs] 
2024-03-31T20:01:57.960+0800: 1769.971: [CMS-concurrent-sweep-start]
2024-03-31T20:01:57.961+0800: 1769.972: [CMS-concurrent-sweep: 0.000/0.000 secs] [Times: user=0.00 sys=0.00, real=0.00 secs] 
2024-03-31T20:01:57.964+0800: 1769.975: [CMS-concurrent-reset-start]
2024-03-31T20:01:57.966+0800: 1769.977: [CMS-concurrent-reset: 0.000/0.000 secs] [Times: user=0.00 sys=0.00, real=0.00 secs] 
2024-03-31T20:01:59.982+0800: 1771.991: [GC (CMS Initial Mark) [1 CMS-initial-mark: 63K(64K)] 115568K(118016K), 0.1150885 secs] [Times: user=0.11 sys=0.00, real=0.11 secs] 
2024-03-31T20:02:00.098+0800: 1772.106: [CMS-concurrent-mark-start]
2024-03-31T20:02:00.098+0800: 1772.107: [CMS-concurrent-mark: 0.000/0.000 secs] [Times: user=0.00 sys=0.00, real=0.00 secs] 
2024-03-31T20:02:00.100+0800: 1772.108: [CMS-concurrent-preclean-start]
2024-03-31T20:02:00.102+0800: 1772.111: [CMS-concurrent-preclean: 0.001/0.001 secs] [Times: user=0.01 sys=0.00, real=0.01 secs] 
2024-03-31T20:02:00.104+0800: 1772.113: [CMS-concurrent-abortable-preclean-start]
2024-03-31T20:02:00.106+0800: 1772.114: [CMS-concurrent-abortable-preclean: 0.000/0.000 secs] [Times: user=0.00 sys=0.00, real=0.00 secs] 
2024-03-31T20:02:00.110+0800: 1772.119: [GC (CMS Final Remark) [YG occupancy: 115506 K (117952 K)]2024-03-31T20:02:00.110+0800: 1772.119: [Rescan (non-parallel) 2024-03-31T20:02:00.110+0800: 1772.119: [grey object rescan, 0.0001163 secs]2024-03-31T20:02:00.110+0800: 1772.119: [root rescan, 0.0834393 secs]2024-03-31T20:02:00.194+0800: 1772.203: [visit unhandled CLDs, 0.0001551 secs]2024-03-31T20:02:00.194+0800: 1772.203: [dirty klass scan, 0.0014990 secs], 0.0858616 secs]2024-03-31T20:02:00.196+0800: 1772.205: [weak refs processing, 0.0001473 secs]2024-03-31T20:02:00.196+0800: 1772.205: [class unloading, 0.0118930 secs]2024-03-31T20:02:00.208+0800: 1772.217: [scrub symbol table, 0.0099723 secs]2024-03-31T20:02:00.219+0800: 1772.227: [scrub string table, 0.0006322 secs][1 CMS-remark: 63K(64K)] 115570K(118016K), 0.1124173 secs] [Times: user=0.11 sys=0.00, real=0.11 secs] 
2024-03-31T20:02:00.224+0800: 1772.232: [CMS-concurrent-sweep-start]
2024-03-31T20:02:00.225+0800: 1772.233: [CMS-concurrent-sweep: 0.000/0.000 secs] [Times: user=0.00 sys=0.00, real=0.00 secs] 
2024-03-31T20:02:00.226+0800: 1772.235: [CMS-concurrent-reset-start]
2024-03-31T20:02:00.228+0800: 1772.236: [CMS-concurrent-reset: 0.000/0.000 secs] [Times: user=0.00 sys=0.00, real=0.00 secs] 
2024-03-31T20:02:02.236+0800: 1774.245: [GC (CMS Initial Mark) [1 CMS-initial-mark: 63K(64K)] 115853K(118016K), 0.1217144 secs] [Times: user=0.12 sys=0.00, real=0.12 secs] 
2024-03-31T20:02:02.359+0800: 1774.368: [CMS-concurrent-mark-start]
2024-03-31T20:02:02.359+0800: 1774.368: [CMS-concurrent-mark: 0.000/0.000 secs] [Times: user=0.00 sys=0.00, real=0.01 secs] 
2024-03-31T20:02:02.361+0800: 1774.369: [CMS-concurrent-preclean-start]
2024-03-31T20:02:02.363+0800: 1774.372: [CMS-concurrent-preclean: 0.001/0.001 secs] [Times: user=0.00 sys=0.00, real=0.00 secs] 
2024-03-31T20:02:02.364+0800: 1774.373: [CMS-concurrent-abortable-preclean-start]
2024-03-31T20:02:02.365+0800: 1774.374: [CMS-concurrent-abortable-preclean: 0.000/0.000 secs] [Times: user=0.00 sys=0.00, real=0.00 secs] 
2024-03-31T20:02:02.366+0800: 1774.375: [GC (CMS Final Remark) [YG occupancy: 115792 K (117952 K)]2024-03-31T20:02:02.367+0800: 1774.375: [Rescan (non-parallel) 2024-03-31T20:02:02.367+0800: 1774.376: [grey object rescan, 0.0001350 secs]2024-03-31T20:02:02.367+0800: 1774.376: [root rescan, 0.0846161 secs]2024-03-31T20:02:02.452+0800: 1774.461: [visit unhandled CLDs, 0.0001762 secs]2024-03-31T20:02:02.452+0800: 1774.461: [dirty klass scan, 0.0015661 secs], 0.0871675 secs]2024-03-31T20:02:02.454+0800: 1774.463: [weak refs processing, 0.0001363 secs]2024-03-31T20:02:02.454+0800: 1774.463: [class unloading, 0.0125230 secs]2024-03-31T20:02:02.467+0800: 1774.476: [scrub symbol table, 0.0111225 secs]2024-03-31T20:02:02.478+0800: 1774.487: [scrub string table, 0.0005274 secs][1 CMS-remark: 63K(64K)] 115856K(118016K), 0.1154037 secs] [Times: user=0.12 sys=0.00, real=0.12 secs] 
2024-03-31T20:02:02.483+0800: 1774.491: [CMS-concurrent-sweep-start]
2024-03-31T20:02:02.483+0800: 1774.492: [CMS-concurrent-sweep: 0.000/0.000 secs] [Times: user=0.00 sys=0.00, real=0.00 secs] 
2024-03-31T20:02:02.485+0800: 1774.494: [CMS-concurrent-reset-start]
2024-03-31T20:02:02.486+0800: 1774.495: [CMS-concurrent-reset: 0.000/0.000 secs] [Times: user=0.00 sys=0.00, real=0.00 secs] 
2024-03-31T20:02:04.499+0800: 1776.508: [GC (CMS Initial Mark) [1 CMS-initial-mark: 63K(64K)] 115994K(118016K), 0.1184763 secs] [Times: user=0.12 sys=0.00, real=0.11 secs] 
2024-03-31T20:02:04.618+0800: 1776.627: [CMS-concurrent-mark-start]
2024-03-31T20:02:04.619+0800: 1776.628: [CMS-concurrent-mark: 0.000/0.000 secs] [Times: user=0.00 sys=0.00, real=0.01 secs] 
2024-03-31T20:02:04.620+0800: 1776.628: [CMS-concurrent-preclean-start]
2024-03-31T20:02:04.622+0800: 1776.631: [CMS-concurrent-preclean: 0.001/0.001 secs] [Times: user=0.01 sys=0.00, real=0.00 secs] 
2024-03-31T20:02:04.623+0800: 1776.632: [CMS-concurrent-abortable-preclean-start]
2024-03-31T20:02:04.625+0800: 1776.634: [CMS-concurrent-abortable-preclean: 0.000/0.000 secs] [Times: user=0.00 sys=0.00, real=0.00 secs] 
2024-03-31T20:02:04.626+0800: 1776.635: [GC (CMS Final Remark) [YG occupancy: 115935 K (117952 K)]2024-03-31T20:02:04.626+0800: 1776.635: [Rescan (non-parallel) 2024-03-31T20:02:04.627+0800: 1776.635: [grey object rescan, 0.0001365 secs]2024-03-31T20:02:04.627+0800: 1776.636: [root rescan, 0.0851794 secs]2024-03-31T20:02:04.712+0800: 1776.721: [visit unhandled CLDs, 0.0002265 secs]2024-03-31T20:02:04.713+0800: 1776.721: [dirty klass scan, 0.0016899 secs], 0.0880061 secs]2024-03-31T20:02:04.715+0800: 1776.723: [weak refs processing, 0.0002462 secs]2024-03-31T20:02:04.715+0800: 1776.724: [class unloading, 0.0129013 secs]2024-03-31T20:02:04.728+0800: 1776.737: [scrub symbol table, 0.0104243 secs]2024-03-31T20:02:04.739+0800: 1776.748: [scrub string table, 0.0005183 secs][1 CMS-remark: 63K(64K)] 115999K(118016K), 0.1162676 secs] [Times: user=0.11 sys=0.00, real=0.12 secs] 
2024-03-31T20:02:04.743+0800: 1776.752: [CMS-concurrent-sweep-start]
2024-03-31T20:02:04.744+0800: 1776.753: [CMS-concurrent-sweep: 0.000/0.000 secs] [Times: user=0.01 sys=0.00, real=0.00 secs] 
2024-03-31T20:02:04.746+0800: 1776.755: [CMS-concurrent-reset-start]
2024-03-31T20:02:04.747+0800: 1776.755: [CMS-concurrent-reset: 0.000/0.000 secs] [Times: user=0.00 sys=0.00, real=0.00 secs] 
2024-03-31T20:02:06.750+0800: 1778.759: [GC (CMS Initial Mark) [1 CMS-initial-mark: 63K(64K)] 116744K(118016K), 0.1094483 secs] [Times: user=0.11 sys=0.00, real=0.11 secs] 
2024-03-31T20:02:06.861+0800: 1778.869: [CMS-concurrent-mark-start]
2024-03-31T20:02:06.861+0800: 1778.870: [CMS-concurrent-mark: 0.000/0.000 secs] [Times: user=0.00 sys=0.00, real=0.00 secs] 
2024-03-31T20:02:06.862+0800: 1778.871: [CMS-concurrent-preclean-start]
2024-03-31T20:02:06.864+0800: 1778.873: [CMS-concurrent-preclean: 0.001/0.001 secs] [Times: user=0.00 sys=0.00, real=0.00 secs] 
2024-03-31T20:02:06.865+0800: 1778.874: [CMS-concurrent-abortable-preclean-start]
2024-03-31T20:02:06.866+0800: 1778.874: [CMS-concurrent-abortable-preclean: 0.000/0.000 secs] [Times: user=0.01 sys=0.00, real=0.00 secs] 
2024-03-31T20:02:06.867+0800: 1778.876: [GC (CMS Final Remark) [YG occupancy: 116685 K (117952 K)]2024-03-31T20:02:06.867+0800: 1778.876: [Rescan (non-parallel) 2024-03-31T20:02:06.867+0800: 1778.876: [grey object rescan, 0.0001180 secs]2024-03-31T20:02:06.868+0800: 1778.876: [root rescan, 0.0835381 secs]2024-03-31T20:02:06.951+0800: 1778.960: [visit unhandled CLDs, 0.0001818 secs]2024-03-31T20:02:06.952+0800: 1778.960: [dirty klass scan, 0.0014030 secs], 0.0859012 secs]2024-03-31T20:02:06.953+0800: 1778.962: [weak refs processing, 0.0001472 secs]2024-03-31T20:02:06.953+0800: 1778.962: [class unloading, 0.0121058 secs]2024-03-31T20:02:06.966+0800: 1778.975: [scrub symbol table, 0.0097154 secs]2024-03-31T20:02:06.976+0800: 1778.984: [scrub string table, 0.0005000 secs][1 CMS-remark: 63K(64K)] 116749K(118016K), 0.1119747 secs] [Times: user=0.11 sys=0.00, real=0.12 secs] 
2024-03-31T20:02:06.980+0800: 1778.989: [CMS-concurrent-sweep-start]
2024-03-31T20:02:06.981+0800: 1778.990: [CMS-concurrent-sweep: 0.000/0.000 secs] [Times: user=0.00 sys=0.00, real=0.00 secs] 
2024-03-31T20:02:06.983+0800: 1778.992: [CMS-concurrent-reset-start]
2024-03-31T20:02:06.984+0800: 1778.993: [CMS-concurrent-reset: 0.000/0.000 secs] [Times: user=0.00 sys=0.00, real=0.00 secs] 
2024-03-31T20:02:08.994+0800: 1781.002: [GC (CMS Initial Mark) [1 CMS-initial-mark: 63K(64K)] 117084K(118016K), 0.1222896 secs] [Times: user=0.12 sys=0.00, real=0.12 secs] 
2024-03-31T20:02:09.117+0800: 1781.125: [CMS-concurrent-mark-start]
2024-03-31T20:02:09.118+0800: 1781.127: [CMS-concurrent-mark: 0.000/0.000 secs] [Times: user=0.00 sys=0.00, real=0.00 secs] 
2024-03-31T20:02:09.119+0800: 1781.127: [CMS-concurrent-preclean-start]
2024-03-31T20:02:09.121+0800: 1781.130: [CMS-concurrent-preclean: 0.001/0.001 secs] [Times: user=0.01 sys=0.00, real=0.01 secs] 
2024-03-31T20:02:09.122+0800: 1781.130: [CMS-concurrent-abortable-preclean-start]
2024-03-31T20:02:09.122+0800: 1781.131: [CMS-concurrent-abortable-preclean: 0.000/0.000 secs] [Times: user=0.00 sys=0.00, real=0.00 secs] 
2024-03-31T20:02:09.124+0800: 1781.132: [GC (CMS Final Remark) [YG occupancy: 117022 K (117952 K)]2024-03-31T20:02:09.124+0800: 1781.133: [Rescan (non-parallel) 2024-03-31T20:02:09.124+0800: 1781.133: [grey object rescan, 0.0000989 secs]2024-03-31T20:02:09.124+0800: 1781.133: [root rescan, 0.0858100 secs]2024-03-31T20:02:09.210+0800: 1781.219: [visit unhandled CLDs, 0.0001654 secs]2024-03-31T20:02:09.211+0800: 1781.219: [dirty klass scan, 0.0015512 secs], 0.0882785 secs]2024-03-31T20:02:09.212+0800: 1781.221: [weak refs processing, 0.0001462 secs]2024-03-31T20:02:09.213+0800: 1781.221: [class unloading, 0.0122684 secs]2024-03-31T20:02:09.225+0800: 1781.234: [scrub symbol table, 0.0098429 secs]2024-03-31T20:02:09.235+0800: 1781.244: [scrub string table, 0.0005013 secs][1 CMS-remark: 63K(64K)] 117086K(118016K), 0.1147903 secs] [Times: user=0.11 sys=0.00, real=0.12 secs] 
2024-03-31T20:02:09.239+0800: 1781.248: [CMS-concurrent-sweep-start]
2024-03-31T20:02:09.240+0800: 1781.249: [CMS-concurrent-sweep: 0.000/0.000 secs] [Times: user=0.01 sys=0.00, real=0.00 secs] 
2024-03-31T20:02:09.243+0800: 1781.251: [CMS-concurrent-reset-start]
2024-03-31T20:02:09.244+0800: 1781.253: [CMS-concurrent-reset: 0.000/0.000 secs] [Times: user=0.00 sys=0.00, real=0.00 secs] 
2024-03-31T20:02:11.254+0800: 1783.263: [GC (CMS Initial Mark) [1 CMS-initial-mark: 63K(64K)] 117328K(118016K), 0.1224774 secs] [Times: user=0.12 sys=0.00, real=0.12 secs] 
2024-03-31T20:02:11.377+0800: 1783.386: [CMS-concurrent-mark-start]
2024-03-31T20:02:11.378+0800: 1783.387: [CMS-concurrent-mark: 0.000/0.000 secs] [Times: user=0.00 sys=0.00, real=0.00 secs] 
2024-03-31T20:02:11.380+0800: 1783.388: [CMS-concurrent-preclean-start]
2024-03-31T20:02:11.382+0800: 1783.391: [CMS-concurrent-preclean: 0.001/0.001 secs] [Times: user=0.01 sys=0.01, real=0.01 secs] 
2024-03-31T20:02:11.383+0800: 1783.392: [CMS-concurrent-abortable-preclean-start]
2024-03-31T20:02:11.384+0800: 1783.393: [CMS-concurrent-abortable-preclean: 0.000/0.000 secs] [Times: user=0.00 sys=0.00, real=0.00 secs] 
2024-03-31T20:02:11.387+0800: 1783.396: [GC (CMS Final Remark) [YG occupancy: 117266 K (117952 K)]2024-03-31T20:02:11.387+0800: 1783.396: [Rescan (non-parallel) 2024-03-31T20:02:11.387+0800: 1783.396: [grey object rescan, 0.0001153 secs]2024-03-31T20:02:11.387+0800: 1783.396: [root rescan, 0.0841605 secs]2024-03-31T20:02:11.472+0800: 1783.481: [visit unhandled CLDs, 0.0001250 secs]2024-03-31T20:02:11.472+0800: 1783.481: [dirty klass scan, 0.0014478 secs], 0.0863316 secs]2024-03-31T20:02:11.474+0800: 1783.482: [weak refs processing, 0.0001063 secs]2024-03-31T20:02:11.474+0800: 1783.483: [class unloading, 0.0119938 secs]2024-03-31T20:02:11.486+0800: 1783.495: [scrub symbol table, 0.0097571 secs]2024-03-31T20:02:11.496+0800: 1783.505: [scrub string table, 0.0004590 secs][1 CMS-remark: 63K(64K)] 117330K(118016K), 0.1120603 secs] [Times: user=0.11 sys=0.00, real=0.12 secs] 
2024-03-31T20:02:11.500+0800: 1783.509: [CMS-concurrent-sweep-start]
2024-03-31T20:02:11.501+0800: 1783.509: [CMS-concurrent-sweep: 0.000/0.000 secs] [Times: user=0.00 sys=0.00, real=0.00 secs] 
2024-03-31T20:02:11.502+0800: 1783.511: [CMS-concurrent-reset-start]
2024-03-31T20:02:11.503+0800: 1783.512: [CMS-concurrent-reset: 0.000/0.000 secs] [Times: user=0.01 sys=0.00, real=0.00 secs] 
2024-03-31T20:02:13.513+0800: 1785.522: [GC (CMS Initial Mark) [1 CMS-initial-mark: 63K(64K)] 117438K(118016K), 0.1214917 secs] [Times: user=0.12 sys=0.00, real=0.12 secs] 
2024-03-31T20:02:13.635+0800: 1785.644: [CMS-concurrent-mark-start]
2024-03-31T20:02:13.636+0800: 1785.644: [CMS-concurrent-mark: 0.000/0.000 secs] [Times: user=0.00 sys=0.00, real=0.00 secs] 
2024-03-31T20:02:13.636+0800: 1785.645: [CMS-concurrent-preclean-start]
2024-03-31T20:02:13.639+0800: 1785.647: [CMS-concurrent-preclean: 0.001/0.001 secs] [Times: user=0.00 sys=0.00, real=0.01 secs] 
2024-03-31T20:02:13.639+0800: 1785.648: [CMS-concurrent-abortable-preclean-start]
2024-03-31T20:02:13.640+0800: 1785.649: [CMS-concurrent-abortable-preclean: 0.000/0.000 secs] [Times: user=0.00 sys=0.00, real=0.00 secs] 
2024-03-31T20:02:13.644+0800: 1785.653: [GC (CMS Final Remark) [YG occupancy: 117375 K (117952 K)]2024-03-31T20:02:13.644+0800: 1785.653: [Rescan (non-parallel) 2024-03-31T20:02:13.644+0800: 1785.653: [grey object rescan, 0.0000664 secs]2024-03-31T20:02:13.645+0800: 1785.653: [root rescan, 0.0864852 secs]2024-03-31T20:02:13.731+0800: 1785.740: [visit unhandled CLDs, 0.0001663 secs]2024-03-31T20:02:13.732+0800: 1785.740: [dirty klass scan, 0.0016865 secs], 0.0889964 secs]2024-03-31T20:02:13.733+0800: 1785.742: [weak refs processing, 0.0001191 secs]2024-03-31T20:02:13.734+0800: 1785.742: [class unloading, 0.0123390 secs]2024-03-31T20:02:13.746+0800: 1785.755: [scrub symbol table, 0.0104010 secs]2024-03-31T20:02:13.757+0800: 1785.766: [scrub string table, 0.0005262 secs][1 CMS-remark: 63K(64K)] 117439K(118016K), 0.1161977 secs] [Times: user=0.12 sys=0.00, real=0.12 secs] 
2024-03-31T20:02:13.761+0800: 1785.770: [CMS-concurrent-sweep-start]
2024-03-31T20:02:13.761+0800: 1785.770: [CMS-concurrent-sweep: 0.000/0.000 secs] [Times: user=0.00 sys=0.00, real=0.00 secs] 
2024-03-31T20:02:13.763+0800: 1785.771: [CMS-concurrent-reset-start]
2024-03-31T20:02:13.763+0800: 1785.772: [CMS-concurrent-reset: 0.000/0.000 secs] [Times: user=0.00 sys=0.00, real=0.00 secs] 
2024-03-31T20:02:15.769+0800: 1787.778: [GC (CMS Initial Mark) [1 CMS-initial-mark: 63K(64K)] 117581K(118016K), 0.1290052 secs] [Times: user=0.13 sys=0.00, real=0.12 secs] 
2024-03-31T20:02:15.899+0800: 1787.908: [CMS-concurrent-mark-start]
2024-03-31T20:02:15.901+0800: 1787.910: [CMS-concurrent-mark: 0.000/0.000 secs] [Times: user=0.00 sys=0.00, real=0.00 secs] 
2024-03-31T20:02:15.903+0800: 1787.912: [CMS-concurrent-preclean-start]
2024-03-31T20:02:15.906+0800: 1787.915: [CMS-concurrent-preclean: 0.001/0.001 secs] [Times: user=0.01 sys=0.00, real=0.00 secs] 
2024-03-31T20:02:15.907+0800: 1787.916: [CMS-concurrent-abortable-preclean-start]
2024-03-31T20:02:15.908+0800: 1787.917: [CMS-concurrent-abortable-preclean: 0.000/0.000 secs] [Times: user=0.00 sys=0.00, real=0.00 secs] 
2024-03-31T20:02:15.911+0800: 1787.919: [GC (CMS Final Remark) [YG occupancy: 117521 K (117952 K)]2024-03-31T20:02:15.911+0800: 1787.919: [Rescan (non-parallel) 2024-03-31T20:02:15.911+0800: 1787.920: [grey object rescan, 0.0002403 secs]2024-03-31T20:02:15.911+0800: 1787.920: [root rescan, 0.0895969 secs]2024-03-31T20:02:16.001+0800: 1788.010: [visit unhandled CLDs, 0.0002013 secs]2024-03-31T20:02:16.002+0800: 1788.010: [dirty klass scan, 0.0016564 secs], 0.0926269 secs]2024-03-31T20:02:16.004+0800: 1788.012: [weak refs processing, 0.0002248 secs]2024-03-31T20:02:16.004+0800: 1788.013: [class unloading, 0.0164913 secs]2024-03-31T20:02:16.021+0800: 1788.029: [scrub symbol table, 0.0118139 secs]2024-03-31T20:02:16.033+0800: 1788.041: [scrub string table, 0.0006103 secs][1 CMS-remark: 63K(64K)] 117585K(118016K), 0.1258427 secs] [Times: user=0.13 sys=0.00, real=0.12 secs] 
2024-03-31T20:02:16.037+0800: 1788.046: [CMS-concurrent-sweep-start]
2024-03-31T20:02:16.038+0800: 1788.047: [CMS-concurrent-sweep: 0.000/0.000 secs] [Times: user=0.00 sys=0.00, real=0.00 secs] 
2024-03-31T20:02:16.041+0800: 1788.050: [CMS-concurrent-reset-start]
2024-03-31T20:02:16.042+0800: 1788.051: [CMS-concurrent-reset: 0.000/0.000 secs] [Times: user=0.00 sys=0.00, real=0.00 secs] 
2024-03-31T20:02:18.046+0800: 1790.055: [GC (CMS Initial Mark) [1 CMS-initial-mark: 63K(64K)] 117894K(118016K), 0.1004539 secs] [Times: user=0.11 sys=0.00, real=0.10 secs] 
2024-03-31T20:02:18.148+0800: 1790.157: [CMS-concurrent-mark-start]
2024-03-31T20:02:18.149+0800: 1790.157: [CMS-concurrent-mark: 0.000/0.000 secs] [Times: user=0.00 sys=0.00, real=0.01 secs] 
2024-03-31T20:02:18.150+0800: 1790.159: [CMS-concurrent-preclean-start]
2024-03-31T20:02:18.152+0800: 1790.161: [CMS-concurrent-preclean: 0.001/0.001 secs] [Times: user=0.00 sys=0.00, real=0.00 secs] 
2024-03-31T20:02:18.153+0800: 1790.161: [CMS-concurrent-abortable-preclean-start]
2024-03-31T20:02:18.153+0800: 1790.162: [CMS-concurrent-abortable-preclean: 0.000/0.000 secs] [Times: user=0.00 sys=0.00, real=0.00 secs] 
2024-03-31T20:02:18.154+0800: 1790.162: [GC (CMS Final Remark) [YG occupancy: 117831 K (117952 K)]2024-03-31T20:02:18.154+0800: 1790.162: [Rescan (non-parallel) 2024-03-31T20:02:18.154+0800: 1790.162: [grey object rescan, 0.0000798 secs]2024-03-31T20:02:18.154+0800: 1790.163: [root rescan, 0.0838936 secs]2024-03-31T20:02:18.238+0800: 1790.247: [visit unhandled CLDs, 0.0001308 secs]2024-03-31T20:02:18.238+0800: 1790.247: [dirty klass scan, 0.0013658 secs], 0.0859292 secs]2024-03-31T20:02:18.240+0800: 1790.248: [weak refs processing, 0.0001073 secs]2024-03-31T20:02:18.240+0800: 1790.249: [class unloading, 0.0115184 secs]2024-03-31T20:02:18.251+0800: 1790.260: [scrub symbol table, 0.0096624 secs]2024-03-31T20:02:18.261+0800: 1790.270: [scrub string table, 0.0004938 secs][1 CMS-remark: 63K(64K)] 117895K(118016K), 0.1111234 secs] [Times: user=0.11 sys=0.00, real=0.11 secs] 
2024-03-31T20:02:18.265+0800: 1790.274: [CMS-concurrent-sweep-start]
2024-03-31T20:02:18.266+0800: 1790.275: [CMS-concurrent-sweep: 0.000/0.000 secs] [Times: user=0.00 sys=0.00, real=0.00 secs] 
2024-03-31T20:02:18.268+0800: 1790.277: [CMS-concurrent-reset-start]
2024-03-31T20:02:18.269+0800: 1790.278: [CMS-concurrent-reset: 0.000/0.000 secs] [Times: user=0.01 sys=0.00, real=0.01 secs] 
2024-03-31T20:02:20.273+0800: 1792.282: [GC (CMS Initial Mark) [1 CMS-initial-mark: 63K(64K)] 117998K(118016K), 0.0994481 secs] [Times: user=0.09 sys=0.00, real=0.10 secs] 
2024-03-31T20:02:20.373+0800: 1792.382: [CMS-concurrent-mark-start]
2024-03-31T20:02:20.374+0800: 1792.383: [CMS-concurrent-mark: 0.000/0.000 secs] [Times: user=0.01 sys=0.00, real=0.00 secs] 
2024-03-31T20:02:20.375+0800: 1792.383: [CMS-concurrent-preclean-start]
2024-03-31T20:02:20.377+0800: 1792.385: [CMS-concurrent-preclean: 0.001/0.001 secs] [Times: user=0.00 sys=0.00, real=0.00 secs] 
2024-03-31T20:02:20.377+0800: 1792.386: [CMS-concurrent-abortable-preclean-start]
2024-03-31T20:02:20.377+0800: 1792.386: [CMS-concurrent-abortable-preclean: 0.000/0.000 secs] [Times: user=0.00 sys=0.00, real=0.00 secs] 
2024-03-31T20:02:20.378+0800: 1792.387: [GC (CMS Final Remark) [YG occupancy: 117935 K (117952 K)]2024-03-31T20:02:20.378+0800: 1792.387: [Rescan (non-parallel) 2024-03-31T20:02:20.378+0800: 1792.387: [grey object rescan, 0.0001131 secs]2024-03-31T20:02:20.378+0800: 1792.387: [root rescan, 0.0845131 secs]2024-03-31T20:02:20.463+0800: 1792.472: [visit unhandled CLDs, 0.0001695 secs]2024-03-31T20:02:20.463+0800: 1792.472: [dirty klass scan, 0.0015215 secs], 0.0869439 secs]2024-03-31T20:02:20.465+0800: 1792.474: [weak refs processing, 0.0001742 secs]2024-03-31T20:02:20.465+0800: 1792.474: [class unloading, 0.0131769 secs]2024-03-31T20:02:20.479+0800: 1792.487: [scrub symbol table, 0.0098316 secs]2024-03-31T20:02:20.489+0800: 1792.497: [scrub string table, 0.0005277 secs][1 CMS-remark: 63K(64K)] 117999K(118016K), 0.1142564 secs] [Times: user=0.11 sys=0.00, real=0.12 secs] 
2024-03-31T20:02:20.493+0800: 1792.502: [CMS-concurrent-sweep-start]
2024-03-31T20:02:20.494+0800: 1792.503: [CMS-concurrent-sweep: 0.000/0.000 secs] [Times: user=0.01 sys=0.00, real=0.00 secs] 
2024-03-31T20:02:20.496+0800: 1792.505: [CMS-concurrent-reset-start]
2024-03-31T20:02:20.498+0800: 1792.506: [CMS-concurrent-reset: 0.000/0.000 secs] [Times: user=0.00 sys=0.00, real=0.00 secs] 
2024-03-31T20:02:20.503+0800: 1792.512: [GC (Allocation Failure) 2024-03-31T20:02:20.503+0800: 1792.512: [DefNew: 117952K->117952K(117952K), 0.0001422 secs]2024-03-31T20:02:20.504+0800: 1792.512: [CMS: 63K->63K(64K), 0.1700062 secs] 118015K->80728K(118016K), [Metaspace: 80051K->80051K(1122304K)], 0.1708110 secs] [Times: user=0.16 sys=0.01, real=0.17 secs] 
2024-03-31T20:02:20.677+0800: 1792.685: [GC (CMS Initial Mark) [1 CMS-initial-mark: 63K(64K)] 80794K(118016K), 0.0560115 secs] [Times: user=0.06 sys=0.00, real=0.06 secs] 
2024-03-31T20:02:20.733+0800: 1792.742: [CMS-concurrent-mark-start]
2024-03-31T20:02:20.734+0800: 1792.743: [CMS-concurrent-mark: 0.000/0.000 secs] [Times: user=0.00 sys=0.00, real=0.00 secs] 
2024-03-31T20:02:20.735+0800: 1792.744: [CMS-concurrent-preclean-start]
2024-03-31T20:02:20.737+0800: 1792.745: [CMS-concurrent-preclean: 0.001/0.001 secs] [Times: user=0.00 sys=0.00, real=0.00 secs] 
2024-03-31T20:02:20.737+0800: 1792.746: [CMS-concurrent-abortable-preclean-start]
2024-03-31T20:02:20.738+0800: 1792.747: [CMS-concurrent-abortable-preclean: 0.000/0.000 secs] [Times: user=0.00 sys=0.01, real=0.00 secs] 
2024-03-31T20:02:20.742+0800: 1792.751: [GC (CMS Final Remark) [YG occupancy: 80844 K (117952 K)]2024-03-31T20:02:20.742+0800: 1792.751: [Rescan (non-parallel) 2024-03-31T20:02:20.742+0800: 1792.751: [grey object rescan, 0.0001132 secs]2024-03-31T20:02:20.743+0800: 1792.751: [root rescan, 0.0581775 secs]2024-03-31T20:02:20.801+0800: 1792.810: [visit unhandled CLDs, 0.0002669 secs]2024-03-31T20:02:20.802+0800: 1792.810: [dirty klass scan, 0.0016793 secs], 0.0610349 secs]2024-03-31T20:02:20.803+0800: 1792.812: [weak refs processing, 0.0001919 secs]2024-03-31T20:02:20.804+0800: 1792.812: [class unloading, 0.0125260 secs]2024-03-31T20:02:20.817+0800: 1792.825: [scrub symbol table, 0.0108376 secs]2024-03-31T20:02:20.827+0800: 1792.836: [scrub string table, 0.0005333 secs][1 CMS-remark: 63K(64K)] 80908K(118016K), 0.0889940 secs] [Times: user=0.09 sys=0.00, real=0.09 secs] 
2024-03-31T20:02:20.832+0800: 1792.841: [CMS-concurrent-sweep-start]
2024-03-31T20:02:20.833+0800: 1792.841: [CMS-concurrent-sweep: 0.000/0.000 secs] [Times: user=0.00 sys=0.00, real=0.00 secs] 
2024-03-31T20:02:20.835+0800: 1792.844: [CMS-concurrent-reset-start]
2024-03-31T20:02:20.836+0800: 1792.845: [CMS-concurrent-reset: 0.000/0.000 secs] [Times: user=0.00 sys=0.00, real=0.00 secs] 
2024-03-31T20:02:22.839+0800: 1794.848: [GC (CMS Initial Mark) [1 CMS-initial-mark: 63K(64K)] 81698K(118016K), 0.0879047 secs] [Times: user=0.09 sys=0.00, real=0.08 secs] 
2024-03-31T20:02:22.928+0800: 1794.937: [CMS-concurrent-mark-start]
2024-03-31T20:02:22.929+0800: 1794.938: [CMS-concurrent-mark: 0.000/0.000 secs] [Times: user=0.00 sys=0.00, real=0.01 secs] 
2024-03-31T20:02:22.930+0800: 1794.939: [CMS-concurrent-preclean-start]
2024-03-31T20:02:22.932+0800: 1794.941: [CMS-concurrent-preclean: 0.001/0.001 secs] [Times: user=0.01 sys=0.00, real=0.00 secs] 
2024-03-31T20:02:22.933+0800: 1794.942: [CMS-concurrent-abortable-preclean-start]
2024-03-31T20:02:22.934+0800: 1794.943: [CMS-concurrent-abortable-preclean: 0.000/0.000 secs] [Times: user=0.00 sys=0.00, real=0.00 secs] 
2024-03-31T20:02:22.936+0800: 1794.944: [GC (CMS Final Remark) [YG occupancy: 81649 K (117952 K)]2024-03-31T20:02:22.936+0800: 1794.945: [Rescan (non-parallel) 2024-03-31T20:02:22.936+0800: 1794.945: [grey object rescan, 0.0001570 secs]2024-03-31T20:02:22.936+0800: 1794.945: [root rescan, 0.0585929 secs]2024-03-31T20:02:22.995+0800: 1795.004: [visit unhandled CLDs, 0.0003247 secs]2024-03-31T20:02:22.996+0800: 1795.004: [dirty klass scan, 0.0015454 secs], 0.0614530 secs]2024-03-31T20:02:22.997+0800: 1795.006: [weak refs processing, 0.0001552 secs]2024-03-31T20:02:22.998+0800: 1795.006: [class unloading, 0.0165264 secs]2024-03-31T20:02:23.014+0800: 1795.023: [scrub symbol table, 0.0135090 secs]2024-03-31T20:02:23.028+0800: 1795.037: [scrub string table, 0.0007906 secs][1 CMS-remark: 63K(64K)] 81713K(118016K), 0.0963236 secs] [Times: user=0.09 sys=0.00, real=0.10 secs] 
2024-03-31T20:02:23.033+0800: 1795.042: [CMS-concurrent-sweep-start]
2024-03-31T20:02:23.034+0800: 1795.042: [CMS-concurrent-sweep: 0.000/0.000 secs] [Times: user=0.00 sys=0.01, real=0.00 secs] 
2024-03-31T20:02:23.035+0800: 1795.044: [CMS-concurrent-reset-start]
2024-03-31T20:02:23.036+0800: 1795.045: [CMS-concurrent-reset: 0.000/0.000 secs] [Times: user=0.01 sys=0.00, real=0.00 secs] 
2024-03-31T20:02:25.046+0800: 1797.055: [GC (CMS Initial Mark) [1 CMS-initial-mark: 63K(64K)] 82071K(118016K), 0.1009834 secs] [Times: user=0.10 sys=0.00, real=0.10 secs] 
2024-03-31T20:02:25.148+0800: 1797.157: [CMS-concurrent-mark-start]
2024-03-31T20:02:25.149+0800: 1797.157: [CMS-concurrent-mark: 0.000/0.000 secs] [Times: user=0.01 sys=0.00, real=0.01 secs] 
2024-03-31T20:02:25.149+0800: 1797.158: [CMS-concurrent-preclean-start]
2024-03-31T20:02:25.151+0800: 1797.160: [CMS-concurrent-preclean: 0.001/0.001 secs] [Times: user=0.00 sys=0.00, real=0.00 secs] 
2024-03-31T20:02:25.152+0800: 1797.161: [CMS-concurrent-abortable-preclean-start]
2024-03-31T20:02:25.152+0800: 1797.161: [CMS-concurrent-abortable-preclean: 0.000/0.000 secs] [Times: user=0.00 sys=0.00, real=0.00 secs] 
2024-03-31T20:02:25.153+0800: 1797.161: [GC (CMS Final Remark) [YG occupancy: 82007 K (117952 K)]2024-03-31T20:02:25.153+0800: 1797.161: [Rescan (non-parallel) 2024-03-31T20:02:25.153+0800: 1797.162: [grey object rescan, 0.0000913 secs]2024-03-31T20:02:25.153+0800: 1797.162: [root rescan, 0.0570778 secs]2024-03-31T20:02:25.210+0800: 1797.219: [visit unhandled CLDs, 0.0001701 secs]2024-03-31T20:02:25.211+0800: 1797.219: [dirty klass scan, 0.0011894 secs], 0.0591320 secs]2024-03-31T20:02:25.212+0800: 1797.221: [weak refs processing, 0.0002027 secs]2024-03-31T20:02:25.212+0800: 1797.221: [class unloading, 0.0116755 secs]2024-03-31T20:02:25.224+0800: 1797.233: [scrub symbol table, 0.0096258 secs]2024-03-31T20:02:25.234+0800: 1797.243: [scrub string table, 0.0005010 secs][1 CMS-remark: 63K(64K)] 82071K(118016K), 0.0847466 secs] [Times: user=0.08 sys=0.00, real=0.08 secs] 
2024-03-31T20:02:25.238+0800: 1797.247: [CMS-concurrent-sweep-start]
2024-03-31T20:02:25.238+0800: 1797.247: [CMS-concurrent-sweep: 0.000/0.000 secs] [Times: user=0.00 sys=0.00, real=0.00 secs] 
2024-03-31T20:02:25.239+0800: 1797.248: [CMS-concurrent-reset-start]
2024-03-31T20:02:25.239+0800: 1797.248: [CMS-concurrent-reset: 0.000/0.000 secs] [Times: user=0.00 sys=0.00, real=0.00 secs] 
2024-03-31T20:02:27.243+0800: 1799.252: [GC (CMS Initial Mark) [1 CMS-initial-mark: 63K(64K)] 82411K(118016K), 0.0844029 secs] [Times: user=0.08 sys=0.00, real=0.08 secs] 
2024-03-31T20:02:27.328+0800: 1799.337: [CMS-concurrent-mark-start]
2024-03-31T20:02:27.329+0800: 1799.338: [CMS-concurrent-mark: 0.000/0.000 secs] [Times: user=0.01 sys=0.00, real=0.01 secs] 
2024-03-31T20:02:27.330+0800: 1799.339: [CMS-concurrent-preclean-start]
2024-03-31T20:02:27.332+0800: 1799.341: [CMS-concurrent-preclean: 0.001/0.001 secs] [Times: user=0.00 sys=0.00, real=0.00 secs] 
2024-03-31T20:02:27.333+0800: 1799.341: [CMS-concurrent-abortable-preclean-start]
2024-03-31T20:02:27.333+0800: 1799.342: [CMS-concurrent-abortable-preclean: 0.000/0.000 secs] [Times: user=0.00 sys=0.00, real=0.00 secs] 
2024-03-31T20:02:27.334+0800: 1799.343: [GC (CMS Final Remark) [YG occupancy: 82347 K (117952 K)]2024-03-31T20:02:27.334+0800: 1799.343: [Rescan (non-parallel) 2024-03-31T20:02:27.334+0800: 1799.343: [grey object rescan, 0.0001107 secs]2024-03-31T20:02:27.334+0800: 1799.343: [root rescan, 0.0598378 secs]2024-03-31T20:02:27.395+0800: 1799.404: [visit unhandled CLDs, 0.0007024 secs]2024-03-31T20:02:27.397+0800: 1799.406: [dirty klass scan, 0.0037031 secs], 0.0668788 secs]2024-03-31T20:02:27.401+0800: 1799.410: [weak refs processing, 0.0004083 secs]2024-03-31T20:02:27.402+0800: 1799.411: [class unloading, 0.0168945 secs]2024-03-31T20:02:27.419+0800: 1799.428: [scrub symbol table, 0.0231481 secs]2024-03-31T20:02:27.443+0800: 1799.451: [scrub string table, 0.0006920 secs][1 CMS-remark: 63K(64K)] 82411K(118016K), 0.1138351 secs] [Times: user=0.11 sys=0.00, real=0.11 secs] 
2024-03-31T20:02:27.449+0800: 1799.458: [CMS-concurrent-sweep-start]
2024-03-31T20:02:27.450+0800: 1799.459: [CMS-concurrent-sweep: 0.000/0.000 secs] [Times: user=0.00 sys=0.00, real=0.00 secs] 
2024-03-31T20:02:27.452+0800: 1799.461: [CMS-concurrent-reset-start]
2024-03-31T20:02:27.453+0800: 1799.462: [CMS-concurrent-reset: 0.000/0.000 secs] [Times: user=0.00 sys=0.00, real=0.00 secs] 
2024-03-31T20:02:29.459+0800: 1801.468: [GC (CMS Initial Mark) [1 CMS-initial-mark: 63K(64K)] 82624K(118016K), 0.1241484 secs] [Times: user=0.12 sys=0.00, real=0.12 secs] 
2024-03-31T20:02:29.585+0800: 1801.594: [CMS-concurrent-mark-start]
2024-03-31T20:02:29.587+0800: 1801.595: [CMS-concurrent-mark: 0.000/0.000 secs] [Times: user=0.00 sys=0.01, real=0.00 secs] 
2024-03-31T20:02:29.588+0800: 1801.597: [CMS-concurrent-preclean-start]
2024-03-31T20:02:29.591+0800: 1801.599: [CMS-concurrent-preclean: 0.001/0.001 secs] [Times: user=0.01 sys=0.00, real=0.01 secs] 
2024-03-31T20:02:29.591+0800: 1801.600: [CMS-concurrent-abortable-preclean-start]
2024-03-31T20:02:29.592+0800: 1801.601: [CMS-concurrent-abortable-preclean: 0.000/0.000 secs] [Times: user=0.00 sys=0.00, real=0.00 secs] 
2024-03-31T20:02:29.594+0800: 1801.602: [GC (CMS Final Remark) [YG occupancy: 82560 K (117952 K)]2024-03-31T20:02:29.594+0800: 1801.603: [Rescan (non-parallel) 2024-03-31T20:02:29.594+0800: 1801.603: [grey object rescan, 0.0001750 secs]2024-03-31T20:02:29.594+0800: 1801.603: [root rescan, 0.0617849 secs]2024-03-31T20:02:29.657+0800: 1801.666: [visit unhandled CLDs, 0.0008017 secs]2024-03-31T20:02:29.659+0800: 1801.668: [dirty klass scan, 0.0027756 secs], 0.0677584 secs]2024-03-31T20:02:29.662+0800: 1801.671: [weak refs processing, 0.0014766 secs]2024-03-31T20:02:29.664+0800: 1801.673: [class unloading, 0.0145858 secs]2024-03-31T20:02:29.679+0800: 1801.687: [scrub symbol table, 0.0113655 secs]2024-03-31T20:02:29.690+0800: 1801.699: [scrub string table, 0.0005692 secs][1 CMS-remark: 63K(64K)] 82624K(118016K), 0.1000433 secs] [Times: user=0.09 sys=0.00, real=0.10 secs] 
2024-03-31T20:02:29.695+0800: 1801.704: [CMS-concurrent-sweep-start]
2024-03-31T20:02:29.695+0800: 1801.704: [CMS-concurrent-sweep: 0.000/0.000 secs] [Times: user=0.00 sys=0.00, real=0.00 secs] 
2024-03-31T20:02:29.696+0800: 1801.705: [CMS-concurrent-reset-start]
2024-03-31T20:02:29.697+0800: 1801.706: [CMS-concurrent-reset: 0.000/0.000 secs] [Times: user=0.00 sys=0.00, real=0.00 secs] 
2024-03-31T20:02:31.699+0800: 1803.709: [GC (CMS Initial Mark) [1 CMS-initial-mark: 63K(64K)] 83532K(118016K), 0.0711450 secs] [Times: user=0.07 sys=0.00, real=0.07 secs] 
2024-03-31T20:02:31.771+0800: 1803.781: [CMS-concurrent-mark-start]
2024-03-31T20:02:31.771+0800: 1803.782: [CMS-concurrent-mark: 0.000/0.000 secs] [Times: user=0.00 sys=0.00, real=0.00 secs] 
2024-03-31T20:02:31.772+0800: 1803.782: [CMS-concurrent-preclean-start]
2024-03-31T20:02:31.773+0800: 1803.784: [CMS-concurrent-preclean: 0.001/0.001 secs] [Times: user=0.01 sys=0.00, real=0.00 secs] 
2024-03-31T20:02:31.774+0800: 1803.785: [CMS-concurrent-abortable-preclean-start]
2024-03-31T20:02:31.775+0800: 1803.785: [CMS-concurrent-abortable-preclean: 0.000/0.000 secs] [Times: user=0.00 sys=0.00, real=0.00 secs] 
2024-03-31T20:02:31.776+0800: 1803.786: [GC (CMS Final Remark) [YG occupancy: 83468 K (117952 K)]2024-03-31T20:02:31.776+0800: 1803.786: [Rescan (non-parallel) 2024-03-31T20:02:31.776+0800: 1803.786: [grey object rescan, 0.0001114 secs]2024-03-31T20:02:31.776+0800: 1803.787: [root rescan, 0.0587939 secs]2024-03-31T20:02:31.835+0800: 1803.846: [visit unhandled CLDs, 0.0001673 secs]2024-03-31T20:02:31.835+0800: 1803.846: [dirty klass scan, 0.0011941 secs], 0.0609405 secs]2024-03-31T20:02:31.837+0800: 1803.847: [weak refs processing, 0.0001495 secs]2024-03-31T20:02:31.837+0800: 1803.848: [class unloading, 0.0119941 secs]2024-03-31T20:02:31.849+0800: 1803.860: [scrub symbol table, 0.0099306 secs]2024-03-31T20:02:31.859+0800: 1803.870: [scrub string table, 0.0005120 secs][1 CMS-remark: 63K(64K)] 83532K(118016K), 0.0873770 secs] [Times: user=0.09 sys=0.01, real=0.09 secs] 
2024-03-31T20:02:31.864+0800: 1803.874: [CMS-concurrent-sweep-start]
2024-03-31T20:02:31.864+0800: 1803.874: [CMS-concurrent-sweep: 0.000/0.000 secs] [Times: user=0.00 sys=0.00, real=0.00 secs] 
2024-03-31T20:02:31.864+0800: 1803.874: [CMS-concurrent-reset-start]
2024-03-31T20:02:31.864+0800: 1803.874: [CMS-concurrent-reset: 0.000/0.000 secs] [Times: user=0.00 sys=0.00, real=0.00 secs] 
2024-03-31T20:02:33.867+0800: 1805.877: [GC (CMS Initial Mark) [1 CMS-initial-mark: 63K(64K)] 83747K(118016K), 0.0908448 secs] [Times: user=0.09 sys=0.00, real=0.10 secs] 
2024-03-31T20:02:33.959+0800: 1805.969: [CMS-concurrent-mark-start]
2024-03-31T20:02:33.960+0800: 1805.970: [CMS-concurrent-mark: 0.000/0.000 secs] [Times: user=0.01 sys=0.00, real=0.00 secs] 
2024-03-31T20:02:33.960+0800: 1805.971: [CMS-concurrent-preclean-start]
2024-03-31T20:02:33.962+0800: 1805.973: [CMS-concurrent-preclean: 0.001/0.001 secs] [Times: user=0.00 sys=0.00, real=0.00 secs] 
2024-03-31T20:02:33.963+0800: 1805.973: [CMS-concurrent-abortable-preclean-start]
2024-03-31T20:02:33.963+0800: 1805.973: [CMS-concurrent-abortable-preclean: 0.000/0.000 secs] [Times: user=0.00 sys=0.00, real=0.00 secs] 
2024-03-31T20:02:33.964+0800: 1805.974: [GC (CMS Final Remark) [YG occupancy: 83683 K (117952 K)]2024-03-31T20:02:33.964+0800: 1805.974: [Rescan (non-parallel) 2024-03-31T20:02:33.964+0800: 1805.974: [grey object rescan, 0.0001582 secs]2024-03-31T20:02:33.964+0800: 1805.975: [root rescan, 0.0614426 secs]2024-03-31T20:02:34.026+0800: 1806.037: [visit unhandled CLDs, 0.0002667 secs]2024-03-31T20:02:34.027+0800: 1806.037: [dirty klass scan, 0.0017718 secs], 0.0645408 secs]2024-03-31T20:02:34.029+0800: 1806.039: [weak refs processing, 0.0002488 secs]2024-03-31T20:02:34.029+0800: 1806.039: [class unloading, 0.0147007 secs]2024-03-31T20:02:34.044+0800: 1806.054: [scrub symbol table, 0.0132336 secs]2024-03-31T20:02:34.057+0800: 1806.068: [scrub string table, 0.0005831 secs][1 CMS-remark: 63K(64K)] 83747K(118016K), 0.0976385 secs] [Times: user=0.10 sys=0.00, real=0.10 secs] 
2024-03-31T20:02:34.063+0800: 1806.073: [CMS-concurrent-sweep-start]
2024-03-31T20:02:34.063+0800: 1806.074: [CMS-concurrent-sweep: 0.000/0.000 secs] [Times: user=0.00 sys=0.01, real=0.00 secs] 
2024-03-31T20:02:34.065+0800: 1806.076: [CMS-concurrent-reset-start]
2024-03-31T20:02:34.066+0800: 1806.077: [CMS-concurrent-reset: 0.000/0.000 secs] [Times: user=0.00 sys=0.00, real=0.00 secs] 
2024-03-31T20:02:36.071+0800: 1808.081: [GC (CMS Initial Mark) [1 CMS-initial-mark: 63K(64K)] 83912K(118016K), 0.0839375 secs] [Times: user=0.08 sys=0.00, real=0.08 secs] 
2024-03-31T20:02:36.156+0800: 1808.166: [CMS-concurrent-mark-start]
2024-03-31T20:02:36.157+0800: 1808.167: [CMS-concurrent-mark: 0.000/0.000 secs] [Times: user=0.00 sys=0.00, real=0.00 secs] 
2024-03-31T20:02:36.158+0800: 1808.168: [CMS-concurrent-preclean-start]
2024-03-31T20:02:36.160+0800: 1808.170: [CMS-concurrent-preclean: 0.001/0.001 secs] [Times: user=0.00 sys=0.00, real=0.00 secs] 
2024-03-31T20:02:36.161+0800: 1808.171: [CMS-concurrent-abortable-preclean-start]
2024-03-31T20:02:36.161+0800: 1808.172: [CMS-concurrent-abortable-preclean: 0.000/0.000 secs] [Times: user=0.00 sys=0.00, real=0.00 secs] 
2024-03-31T20:02:36.162+0800: 1808.173: [GC (CMS Final Remark) [YG occupancy: 83848 K (117952 K)]2024-03-31T20:02:36.163+0800: 1808.173: [Rescan (non-parallel) 2024-03-31T20:02:36.163+0800: 1808.173: [grey object rescan, 0.0001194 secs]2024-03-31T20:02:36.163+0800: 1808.173: [root rescan, 0.0614410 secs]2024-03-31T20:02:36.225+0800: 1808.235: [visit unhandled CLDs, 0.0002143 secs]2024-03-31T20:02:36.225+0800: 1808.235: [dirty klass scan, 0.0015772 secs], 0.0639881 secs]2024-03-31T20:02:36.227+0800: 1808.237: [weak refs processing, 0.0001442 secs]2024-03-31T20:02:36.227+0800: 1808.237: [class unloading, 0.0133228 secs]2024-03-31T20:02:36.240+0800: 1808.251: [scrub symbol table, 0.0136589 secs]2024-03-31T20:02:36.254+0800: 1808.265: [scrub string table, 0.0005974 secs][1 CMS-remark: 63K(64K)] 83912K(118016K), 0.0956423 secs] [Times: user=0.10 sys=0.00, real=0.10 secs] 
2024-03-31T20:02:36.259+0800: 1808.269: [CMS-concurrent-sweep-start]
2024-03-31T20:02:36.259+0800: 1808.269: [CMS-concurrent-sweep: 0.000/0.000 secs] [Times: user=0.00 sys=0.00, real=0.00 secs] 
2024-03-31T20:02:36.259+0800: 1808.270: [CMS-concurrent-reset-start]
2024-03-31T20:02:36.260+0800: 1808.270: [CMS-concurrent-reset: 0.000/0.000 secs] [Times: user=0.00 sys=0.00, real=0.00 secs] 
2024-03-31T20:02:38.265+0800: 1810.275: [GC (CMS Initial Mark) [1 CMS-initial-mark: 63K(64K)] 84329K(118016K), 0.1014832 secs] [Times: user=0.10 sys=0.00, real=0.10 secs] 
2024-03-31T20:02:38.367+0800: 1810.377: [CMS-concurrent-mark-start]
2024-03-31T20:02:38.367+0800: 1810.378: [CMS-concurrent-mark: 0.000/0.000 secs] [Times: user=0.00 sys=0.00, real=0.01 secs] 
2024-03-31T20:02:38.368+0800: 1810.378: [CMS-concurrent-preclean-start]
2024-03-31T20:02:38.370+0800: 1810.380: [CMS-concurrent-preclean: 0.001/0.001 secs] [Times: user=0.00 sys=0.00, real=0.00 secs] 
2024-03-31T20:02:38.371+0800: 1810.381: [CMS-concurrent-abortable-preclean-start]
2024-03-31T20:02:38.371+0800: 1810.381: [CMS-concurrent-abortable-preclean: 0.000/0.000 secs] [Times: user=0.00 sys=0.00, real=0.00 secs] 
2024-03-31T20:02:38.372+0800: 1810.382: [GC (CMS Final Remark) [YG occupancy: 84288 K (117952 K)]2024-03-31T20:02:38.372+0800: 1810.382: [Rescan (non-parallel) 2024-03-31T20:02:38.372+0800: 1810.383: [grey object rescan, 0.0001399 secs]2024-03-31T20:02:38.372+0800: 1810.383: [root rescan, 0.0593387 secs]2024-03-31T20:02:38.432+0800: 1810.442: [visit unhandled CLDs, 0.0001842 secs]2024-03-31T20:02:38.432+0800: 1810.443: [dirty klass scan, 0.0011230 secs], 0.0616089 secs]2024-03-31T20:02:38.434+0800: 1810.444: [weak refs processing, 0.0001366 secs]2024-03-31T20:02:38.434+0800: 1810.444: [class unloading, 0.0118381 secs]2024-03-31T20:02:38.446+0800: 1810.456: [scrub symbol table, 0.0095806 secs]2024-03-31T20:02:38.456+0800: 1810.466: [scrub string table, 0.0005107 secs][1 CMS-remark: 63K(64K)] 84351K(118016K), 0.0873763 secs] [Times: user=0.09 sys=0.00, real=0.09 secs] 
2024-03-31T20:02:38.460+0800: 1810.470: [CMS-concurrent-sweep-start]
2024-03-31T20:02:38.460+0800: 1810.470: [CMS-concurrent-sweep: 0.000/0.000 secs] [Times: user=0.00 sys=0.00, real=0.00 secs] 
2024-03-31T20:02:38.460+0800: 1810.471: [CMS-concurrent-reset-start]
2024-03-31T20:02:38.460+0800: 1810.471: [CMS-concurrent-reset: 0.000/0.000 secs] [Times: user=0.00 sys=0.00, real=0.00 secs] 
2024-03-31T20:02:40.467+0800: 1812.477: [GC (CMS Initial Mark) [1 CMS-initial-mark: 63K(64K)] 84694K(118016K), 0.1135929 secs] [Times: user=0.11 sys=0.00, real=0.12 secs] 
2024-03-31T20:02:40.582+0800: 1812.592: [CMS-concurrent-mark-start]
2024-03-31T20:02:40.582+0800: 1812.593: [CMS-concurrent-mark: 0.000/0.000 secs] [Times: user=0.01 sys=0.00, real=0.00 secs] 
2024-03-31T20:02:40.584+0800: 1812.594: [CMS-concurrent-preclean-start]
2024-03-31T20:02:40.590+0800: 1812.601: [CMS-concurrent-preclean: 0.001/0.001 secs] [Times: user=0.00 sys=0.01, real=0.01 secs] 
2024-03-31T20:02:40.595+0800: 1812.606: [CMS-concurrent-abortable-preclean-start]
2024-03-31T20:02:40.598+0800: 1812.608: [CMS-concurrent-abortable-preclean: 0.000/0.000 secs] [Times: user=0.00 sys=0.01, real=0.01 secs] 
2024-03-31T20:02:40.602+0800: 1812.612: [GC (CMS Final Remark) [YG occupancy: 84660 K (117952 K)]2024-03-31T20:02:40.603+0800: 1812.613: [Rescan (non-parallel) 2024-03-31T20:02:40.603+0800: 1812.614: [grey object rescan, 0.0003197 secs]2024-03-31T20:02:40.604+0800: 1812.614: [root rescan, 0.0647806 secs]2024-03-31T20:02:40.669+0800: 1812.679: [visit unhandled CLDs, 0.0002799 secs]2024-03-31T20:02:40.669+0800: 1812.680: [dirty klass scan, 0.0014490 secs], 0.0681324 secs]2024-03-31T20:02:40.671+0800: 1812.682: [weak refs processing, 0.0001868 secs]2024-03-31T20:02:40.672+0800: 1812.682: [class unloading, 0.0138494 secs]2024-03-31T20:02:40.686+0800: 1812.696: [scrub symbol table, 0.0166488 secs]2024-03-31T20:02:40.703+0800: 1812.713: [scrub string table, 0.0007477 secs][1 CMS-remark: 63K(64K)] 84724K(118016K), 0.1046264 secs] [Times: user=0.10 sys=0.00, real=0.10 secs] 
2024-03-31T20:02:40.708+0800: 1812.718: [CMS-concurrent-sweep-start]
2024-03-31T20:02:40.709+0800: 1812.719: [CMS-concurrent-sweep: 0.000/0.000 secs] [Times: user=0.00 sys=0.00, real=0.00 secs] 
2024-03-31T20:02:40.711+0800: 1812.722: [CMS-concurrent-reset-start]
2024-03-31T20:02:40.713+0800: 1812.723: [CMS-concurrent-reset: 0.000/0.000 secs] [Times: user=0.00 sys=0.00, real=0.00 secs] 
2024-03-31T20:02:42.721+0800: 1814.732: [GC (CMS Initial Mark) [1 CMS-initial-mark: 63K(64K)] 85109K(118016K), 0.1013505 secs] [Times: user=0.10 sys=0.00, real=0.10 secs] 
2024-03-31T20:02:42.825+0800: 1814.836: [CMS-concurrent-mark-start]
2024-03-31T20:02:42.829+0800: 1814.839: [CMS-concurrent-mark: 0.000/0.000 secs] [Times: user=0.00 sys=0.01, real=0.01 secs] 
2024-03-31T20:02:42.831+0800: 1814.842: [CMS-concurrent-preclean-start]
2024-03-31T20:02:42.839+0800: 1814.850: [CMS-concurrent-preclean: 0.003/0.003 secs] [Times: user=0.01 sys=0.00, real=0.01 secs] 
2024-03-31T20:02:42.857+0800: 1814.868: [CMS-concurrent-abortable-preclean-start]
2024-03-31T20:02:42.859+0800: 1814.870: [CMS-concurrent-abortable-preclean: 0.000/0.000 secs] [Times: user=0.00 sys=0.01, real=0.01 secs] 
2024-03-31T20:02:42.864+0800: 1814.874: [GC (CMS Final Remark) [YG occupancy: 85045 K (117952 K)]2024-03-31T20:02:42.864+0800: 1814.875: [Rescan (non-parallel) 2024-03-31T20:02:42.865+0800: 1814.875: [grey object rescan, 0.0005329 secs]2024-03-31T20:02:42.865+0800: 1814.876: [root rescan, 0.0668265 secs]2024-03-31T20:02:42.933+0800: 1814.943: [visit unhandled CLDs, 0.0001789 secs]2024-03-31T20:02:42.933+0800: 1814.943: [dirty klass scan, 0.0018110 secs], 0.0705718 secs]2024-03-31T20:02:42.935+0800: 1814.945: [weak refs processing, 0.0001801 secs]2024-03-31T20:02:42.935+0800: 1814.946: [class unloading, 0.0131152 secs]2024-03-31T20:02:42.949+0800: 1814.959: [scrub symbol table, 0.0133703 secs]2024-03-31T20:02:42.962+0800: 1814.973: [scrub string table, 0.0006020 secs][1 CMS-remark: 63K(64K)] 85109K(118016K), 0.1027358 secs] [Times: user=0.10 sys=0.00, real=0.10 secs] 
2024-03-31T20:02:42.968+0800: 1814.978: [CMS-concurrent-sweep-start]
2024-03-31T20:02:42.968+0800: 1814.979: [CMS-concurrent-sweep: 0.000/0.000 secs] [Times: user=0.00 sys=0.00, real=0.00 secs] 
2024-03-31T20:02:42.970+0800: 1814.981: [CMS-concurrent-reset-start]
2024-03-31T20:02:42.971+0800: 1814.982: [CMS-concurrent-reset: 0.000/0.000 secs] [Times: user=0.00 sys=0.00, real=0.00 secs] 
2024-03-31T20:02:44.976+0800: 1816.987: [GC (CMS Initial Mark) [1 CMS-initial-mark: 63K(64K)] 85325K(118016K), 0.0721638 secs] [Times: user=0.08 sys=0.01, real=0.08 secs] 
2024-03-31T20:02:45.049+0800: 1817.060: [CMS-concurrent-mark-start]
2024-03-31T20:02:45.050+0800: 1817.060: [CMS-concurrent-mark: 0.000/0.000 secs] [Times: user=0.00 sys=0.00, real=0.00 secs] 
2024-03-31T20:02:45.051+0800: 1817.061: [CMS-concurrent-preclean-start]
2024-03-31T20:02:45.053+0800: 1817.063: [CMS-concurrent-preclean: 0.001/0.001 secs] [Times: user=0.00 sys=0.00, real=0.00 secs] 
2024-03-31T20:02:45.054+0800: 1817.065: [CMS-concurrent-abortable-preclean-start]
2024-03-31T20:02:45.055+0800: 1817.065: [CMS-concurrent-abortable-preclean: 0.000/0.000 secs] [Times: user=0.00 sys=0.00, real=0.00 secs] 
2024-03-31T20:02:45.056+0800: 1817.066: [GC (CMS Final Remark) [YG occupancy: 85261 K (117952 K)]2024-03-31T20:02:45.056+0800: 1817.066: [Rescan (non-parallel) 2024-03-31T20:02:45.056+0800: 1817.066: [grey object rescan, 0.0001030 secs]2024-03-31T20:02:45.056+0800: 1817.067: [root rescan, 0.0619741 secs]2024-03-31T20:02:45.119+0800: 1817.129: [visit unhandled CLDs, 0.0002725 secs]2024-03-31T20:02:45.119+0800: 1817.129: [dirty klass scan, 0.0020229 secs], 0.0653463 secs]2024-03-31T20:02:45.121+0800: 1817.132: [weak refs processing, 0.0002072 secs]2024-03-31T20:02:45.122+0800: 1817.132: [class unloading, 0.0133010 secs]2024-03-31T20:02:45.135+0800: 1817.146: [scrub symbol table, 0.0141088 secs]2024-03-31T20:02:45.150+0800: 1817.160: [scrub string table, 0.0005860 secs][1 CMS-remark: 63K(64K)] 85325K(118016K), 0.0980227 secs] [Times: user=0.10 sys=0.00, real=0.10 secs] 
2024-03-31T20:02:45.155+0800: 1817.166: [CMS-concurrent-sweep-start]
2024-03-31T20:02:45.156+0800: 1817.166: [CMS-concurrent-sweep: 0.000/0.000 secs] [Times: user=0.00 sys=0.00, real=0.00 secs] 
2024-03-31T20:02:45.157+0800: 1817.167: [CMS-concurrent-reset-start]
2024-03-31T20:02:45.158+0800: 1817.168: [CMS-concurrent-reset: 0.000/0.000 secs] [Times: user=0.00 sys=0.00, real=0.01 secs] 
2024-03-31T20:02:47.167+0800: 1819.177: [GC (CMS Initial Mark) [1 CMS-initial-mark: 63K(64K)] 85696K(118016K), 0.1029978 secs] [Times: user=0.11 sys=0.00, real=0.11 secs] 
2024-03-31T20:02:47.270+0800: 1819.281: [CMS-concurrent-mark-start]
2024-03-31T20:02:47.271+0800: 1819.282: [CMS-concurrent-mark: 0.000/0.000 secs] [Times: user=0.00 sys=0.00, real=0.00 secs] 
2024-03-31T20:02:47.272+0800: 1819.282: [CMS-concurrent-preclean-start]
2024-03-31T20:02:47.274+0800: 1819.284: [CMS-concurrent-preclean: 0.001/0.001 secs] [Times: user=0.00 sys=0.01, real=0.00 secs] 
2024-03-31T20:02:47.275+0800: 1819.286: [CMS-concurrent-abortable-preclean-start]
2024-03-31T20:02:47.276+0800: 1819.287: [CMS-concurrent-abortable-preclean: 0.000/0.000 secs] [Times: user=0.00 sys=0.00, real=0.00 secs] 
2024-03-31T20:02:47.278+0800: 1819.289: [GC (CMS Final Remark) [YG occupancy: 85638 K (117952 K)]2024-03-31T20:02:47.278+0800: 1819.289: [Rescan (non-parallel) 2024-03-31T20:02:47.279+0800: 1819.289: [grey object rescan, 0.0001252 secs]2024-03-31T20:02:47.279+0800: 1819.289: [root rescan, 0.0591110 secs]2024-03-31T20:02:47.338+0800: 1819.349: [visit unhandled CLDs, 0.0001631 secs]2024-03-31T20:02:47.338+0800: 1819.349: [dirty klass scan, 0.0015025 secs], 0.0615605 secs]2024-03-31T20:02:47.340+0800: 1819.351: [weak refs processing, 0.0001339 secs]2024-03-31T20:02:47.340+0800: 1819.351: [class unloading, 0.0117245 secs]2024-03-31T20:02:47.352+0800: 1819.363: [scrub symbol table, 0.0100702 secs]2024-03-31T20:02:47.363+0800: 1819.373: [scrub string table, 0.0005207 secs][1 CMS-remark: 63K(64K)] 85702K(118016K), 0.0876882 secs] [Times: user=0.09 sys=0.00, real=0.08 secs] 
2024-03-31T20:02:47.367+0800: 1819.378: [CMS-concurrent-sweep-start]
2024-03-31T20:02:47.368+0800: 1819.378: [CMS-concurrent-sweep: 0.000/0.000 secs] [Times: user=0.00 sys=0.00, real=0.01 secs] 
2024-03-31T20:02:47.369+0800: 1819.380: [CMS-concurrent-reset-start]
2024-03-31T20:02:47.370+0800: 1819.380: [CMS-concurrent-reset: 0.000/0.000 secs] [Times: user=0.00 sys=0.00, real=0.00 secs] 
2024-03-31T20:02:49.382+0800: 1821.392: [GC (CMS Initial Mark) [1 CMS-initial-mark: 63K(64K)] 86053K(118016K), 0.1008262 secs] [Times: user=0.10 sys=0.00, real=0.10 secs] 
2024-03-31T20:02:49.483+0800: 1821.494: [CMS-concurrent-mark-start]
2024-03-31T20:02:49.484+0800: 1821.495: [CMS-concurrent-mark: 0.000/0.000 secs] [Times: user=0.00 sys=0.00, real=0.00 secs] 
2024-03-31T20:02:49.485+0800: 1821.496: [CMS-concurrent-preclean-start]
2024-03-31T20:02:49.487+0800: 1821.498: [CMS-concurrent-preclean: 0.001/0.001 secs] [Times: user=0.01 sys=0.00, real=0.01 secs] 
2024-03-31T20:02:49.489+0800: 1821.499: [CMS-concurrent-abortable-preclean-start]
2024-03-31T20:02:49.490+0800: 1821.500: [CMS-concurrent-abortable-preclean: 0.000/0.000 secs] [Times: user=0.00 sys=0.00, real=0.00 secs] 
2024-03-31T20:02:49.491+0800: 1821.502: [GC (CMS Final Remark) [YG occupancy: 85989 K (117952 K)]2024-03-31T20:02:49.491+0800: 1821.502: [Rescan (non-parallel) 2024-03-31T20:02:49.491+0800: 1821.502: [grey object rescan, 0.0001043 secs]2024-03-31T20:02:49.492+0800: 1821.502: [root rescan, 0.0588605 secs]2024-03-31T20:02:49.551+0800: 1821.561: [visit unhandled CLDs, 0.0001582 secs]2024-03-31T20:02:49.551+0800: 1821.561: [dirty klass scan, 0.0012013 secs], 0.0609536 secs]2024-03-31T20:02:49.552+0800: 1821.563: [weak refs processing, 0.0001405 secs]2024-03-31T20:02:49.553+0800: 1821.563: [class unloading, 0.0116501 secs]2024-03-31T20:02:49.565+0800: 1821.575: [scrub symbol table, 0.0096202 secs]2024-03-31T20:02:49.574+0800: 1821.585: [scrub string table, 0.0004898 secs][1 CMS-remark: 63K(64K)] 86053K(118016K), 0.0864436 secs] [Times: user=0.08 sys=0.00, real=0.09 secs] 
2024-03-31T20:02:49.578+0800: 1821.589: [CMS-concurrent-sweep-start]
2024-03-31T20:02:49.579+0800: 1821.589: [CMS-concurrent-sweep: 0.000/0.000 secs] [Times: user=0.01 sys=0.00, real=0.00 secs] 
2024-03-31T20:02:49.580+0800: 1821.590: [CMS-concurrent-reset-start]
2024-03-31T20:02:49.580+0800: 1821.590: [CMS-concurrent-reset: 0.000/0.000 secs] [Times: user=0.00 sys=0.00, real=0.00 secs] 
2024-03-31T20:02:51.581+0800: 1823.592: [GC (CMS Initial Mark) [1 CMS-initial-mark: 63K(64K)] 86400K(118016K), 0.0808972 secs] [Times: user=0.08 sys=0.00, real=0.08 secs] 
2024-03-31T20:02:51.663+0800: 1823.674: [CMS-concurrent-mark-start]
2024-03-31T20:02:51.664+0800: 1823.674: [CMS-concurrent-mark: 0.000/0.000 secs] [Times: user=0.00 sys=0.00, real=0.00 secs] 
2024-03-31T20:02:51.664+0800: 1823.675: [CMS-concurrent-preclean-start]
2024-03-31T20:02:51.666+0800: 1823.677: [CMS-concurrent-preclean: 0.001/0.001 secs] [Times: user=0.01 sys=0.00, real=0.00 secs] 
2024-03-31T20:02:51.667+0800: 1823.677: [CMS-concurrent-abortable-preclean-start]
2024-03-31T20:02:51.667+0800: 1823.678: [CMS-concurrent-abortable-preclean: 0.000/0.000 secs] [Times: user=0.00 sys=0.00, real=0.01 secs] 
2024-03-31T20:02:51.668+0800: 1823.678: [GC (CMS Final Remark) [YG occupancy: 86390 K (117952 K)]2024-03-31T20:02:51.668+0800: 1823.679: [Rescan (non-parallel) 2024-03-31T20:02:51.668+0800: 1823.679: [grey object rescan, 0.0001637 secs]2024-03-31T20:02:51.669+0800: 1823.679: [root rescan, 0.0620030 secs]2024-03-31T20:02:51.731+0800: 1823.742: [visit unhandled CLDs, 0.0002013 secs]2024-03-31T20:02:51.732+0800: 1823.742: [dirty klass scan, 0.0015484 secs], 0.0648798 secs]2024-03-31T20:02:51.733+0800: 1823.744: [weak refs processing, 0.0001713 secs]2024-03-31T20:02:51.734+0800: 1823.744: [class unloading, 0.0123196 secs]2024-03-31T20:02:51.746+0800: 1823.757: [scrub symbol table, 0.0109988 secs]2024-03-31T20:02:51.757+0800: 1823.768: [scrub string table, 0.0005622 secs][1 CMS-remark: 63K(64K)] 86454K(118016K), 0.0929948 secs] [Times: user=0.09 sys=0.00, real=0.09 secs] 
2024-03-31T20:02:51.762+0800: 1823.773: [CMS-concurrent-sweep-start]
2024-03-31T20:02:51.762+0800: 1823.773: [CMS-concurrent-sweep: 0.000/0.000 secs] [Times: user=0.00 sys=0.00, real=0.00 secs] 
2024-03-31T20:02:51.763+0800: 1823.774: [CMS-concurrent-reset-start]
2024-03-31T20:02:51.764+0800: 1823.774: [CMS-concurrent-reset: 0.000/0.000 secs] [Times: user=0.00 sys=0.00, real=0.00 secs] 
2024-03-31T20:02:53.771+0800: 1825.781: [GC (CMS Initial Mark) [1 CMS-initial-mark: 63K(64K)] 86819K(118016K), 0.0704918 secs] [Times: user=0.07 sys=0.00, real=0.07 secs] 
2024-03-31T20:02:53.842+0800: 1825.853: [CMS-concurrent-mark-start]
2024-03-31T20:02:53.843+0800: 1825.854: [CMS-concurrent-mark: 0.000/0.000 secs] [Times: user=0.00 sys=0.00, real=0.00 secs] 
2024-03-31T20:02:53.844+0800: 1825.854: [CMS-concurrent-preclean-start]
2024-03-31T20:02:53.846+0800: 1825.856: [CMS-concurrent-preclean: 0.001/0.001 secs] [Times: user=0.00 sys=0.00, real=0.00 secs] 
2024-03-31T20:02:53.846+0800: 1825.856: [CMS-concurrent-abortable-preclean-start]
2024-03-31T20:02:53.846+0800: 1825.856: [CMS-concurrent-abortable-preclean: 0.000/0.000 secs] [Times: user=0.00 sys=0.00, real=0.00 secs] 
2024-03-31T20:02:53.847+0800: 1825.857: [GC (CMS Final Remark) [YG occupancy: 86755 K (117952 K)]2024-03-31T20:02:53.847+0800: 1825.857: [Rescan (non-parallel) 2024-03-31T20:02:53.847+0800: 1825.858: [grey object rescan, 0.0001092 secs]2024-03-31T20:02:53.847+0800: 1825.858: [root rescan, 0.0609792 secs]2024-03-31T20:02:53.909+0800: 1825.919: [visit unhandled CLDs, 0.0001928 secs]2024-03-31T20:02:53.909+0800: 1825.919: [dirty klass scan, 0.0014083 secs], 0.0635935 secs]2024-03-31T20:02:53.911+0800: 1825.921: [weak refs processing, 0.0001958 secs]2024-03-31T20:02:53.911+0800: 1825.921: [class unloading, 0.0186415 secs]2024-03-31T20:02:53.930+0800: 1825.940: [scrub symbol table, 0.0113320 secs]2024-03-31T20:02:53.941+0800: 1825.952: [scrub string table, 0.0005903 secs][1 CMS-remark: 63K(64K)] 86819K(118016K), 0.0980231 secs] [Times: user=0.10 sys=0.01, real=0.10 secs] 
2024-03-31T20:02:53.946+0800: 1825.956: [CMS-concurrent-sweep-start]
2024-03-31T20:02:53.947+0800: 1825.957: [CMS-concurrent-sweep: 0.000/0.000 secs] [Times: user=0.00 sys=0.00, real=0.00 secs] 
2024-03-31T20:02:53.949+0800: 1825.959: [CMS-concurrent-reset-start]
2024-03-31T20:02:53.950+0800: 1825.960: [CMS-concurrent-reset: 0.000/0.000 secs] [Times: user=0.00 sys=0.00, real=0.00 secs] 
2024-03-31T20:02:55.956+0800: 1827.966: [GC (CMS Initial Mark) [1 CMS-initial-mark: 63K(64K)] 87047K(118016K), 0.0961542 secs] [Times: user=0.09 sys=0.01, real=0.10 secs] 
2024-03-31T20:02:56.053+0800: 1828.063: [CMS-concurrent-mark-start]
2024-03-31T20:02:56.054+0800: 1828.064: [CMS-concurrent-mark: 0.000/0.000 secs] [Times: user=0.00 sys=0.00, real=0.00 secs] 
2024-03-31T20:02:56.055+0800: 1828.066: [CMS-concurrent-preclean-start]
2024-03-31T20:02:56.058+0800: 1828.068: [CMS-concurrent-preclean: 0.001/0.001 secs] [Times: user=0.01 sys=0.00, real=0.01 secs] 
2024-03-31T20:02:56.060+0800: 1828.070: [CMS-concurrent-abortable-preclean-start]
2024-03-31T20:02:56.061+0800: 1828.071: [CMS-concurrent-abortable-preclean: 0.000/0.000 secs] [Times: user=0.00 sys=0.00, real=0.00 secs] 
2024-03-31T20:02:56.064+0800: 1828.074: [GC (CMS Final Remark) [YG occupancy: 86983 K (117952 K)]2024-03-31T20:02:56.064+0800: 1828.074: [Rescan (non-parallel) 2024-03-31T20:02:56.064+0800: 1828.074: [grey object rescan, 0.0002113 secs]2024-03-31T20:02:56.064+0800: 1828.075: [root rescan, 0.0626139 secs]2024-03-31T20:02:56.127+0800: 1828.138: [visit unhandled CLDs, 0.0001508 secs]2024-03-31T20:02:56.127+0800: 1828.138: [dirty klass scan, 0.0016391 secs], 0.0653859 secs]2024-03-31T20:02:56.129+0800: 1828.140: [weak refs processing, 0.0002437 secs]2024-03-31T20:02:56.130+0800: 1828.140: [class unloading, 0.0160475 secs]2024-03-31T20:02:56.146+0800: 1828.157: [scrub symbol table, 0.0134542 secs]2024-03-31T20:02:56.160+0800: 1828.170: [scrub string table, 0.0006795 secs][1 CMS-remark: 63K(64K)] 87047K(118016K), 0.1002483 secs] [Times: user=0.10 sys=0.00, real=0.10 secs] 
2024-03-31T20:02:56.165+0800: 1828.175: [CMS-concurrent-sweep-start]
2024-03-31T20:02:56.165+0800: 1828.176: [CMS-concurrent-sweep: 0.000/0.000 secs] [Times: user=0.00 sys=0.00, real=0.00 secs] 
2024-03-31T20:02:56.167+0800: 1828.177: [CMS-concurrent-reset-start]
2024-03-31T20:02:56.168+0800: 1828.179: [CMS-concurrent-reset: 0.000/0.000 secs] [Times: user=0.00 sys=0.00, real=0.01 secs] 
2024-03-31T20:02:58.171+0800: 1830.182: [GC (CMS Initial Mark) [1 CMS-initial-mark: 63K(64K)] 87400K(118016K), 0.0864374 secs] [Times: user=0.09 sys=0.00, real=0.09 secs] 
2024-03-31T20:02:58.259+0800: 1830.269: [CMS-concurrent-mark-start]
2024-03-31T20:02:58.259+0800: 1830.270: [CMS-concurrent-mark: 0.000/0.000 secs] [Times: user=0.00 sys=0.00, real=0.00 secs] 
2024-03-31T20:02:58.260+0800: 1830.271: [CMS-concurrent-preclean-start]
2024-03-31T20:02:58.262+0800: 1830.273: [CMS-concurrent-preclean: 0.001/0.001 secs] [Times: user=0.00 sys=0.00, real=0.00 secs] 
2024-03-31T20:02:58.263+0800: 1830.273: [CMS-concurrent-abortable-preclean-start]
2024-03-31T20:02:58.264+0800: 1830.274: [CMS-concurrent-abortable-preclean: 0.000/0.000 secs] [Times: user=0.01 sys=0.00, real=0.00 secs] 
2024-03-31T20:02:58.264+0800: 1830.275: [GC (CMS Final Remark) [YG occupancy: 87336 K (117952 K)]2024-03-31T20:02:58.264+0800: 1830.275: [Rescan (non-parallel) 2024-03-31T20:02:58.265+0800: 1830.275: [grey object rescan, 0.0000939 secs]2024-03-31T20:02:58.265+0800: 1830.275: [root rescan, 0.0609526 secs]2024-03-31T20:02:58.326+0800: 1830.336: [visit unhandled CLDs, 0.0001875 secs]2024-03-31T20:02:58.326+0800: 1830.337: [dirty klass scan, 0.0012731 secs], 0.0631310 secs]2024-03-31T20:02:58.328+0800: 1830.338: [weak refs processing, 0.0001383 secs]2024-03-31T20:02:58.328+0800: 1830.338: [class unloading, 0.0120367 secs]2024-03-31T20:02:58.340+0800: 1830.351: [scrub symbol table, 0.0107682 secs]2024-03-31T20:02:58.351+0800: 1830.362: [scrub string table, 0.0005704 secs][1 CMS-remark: 63K(64K)] 87400K(118016K), 0.0906834 secs] [Times: user=0.09 sys=0.00, real=0.09 secs] 
2024-03-31T20:02:58.356+0800: 1830.366: [CMS-concurrent-sweep-start]
2024-03-31T20:02:58.356+0800: 1830.366: [CMS-concurrent-sweep: 0.000/0.000 secs] [Times: user=0.00 sys=0.00, real=0.00 secs] 
2024-03-31T20:02:58.356+0800: 1830.367: [CMS-concurrent-reset-start]
2024-03-31T20:02:58.356+0800: 1830.367: [CMS-concurrent-reset: 0.000/0.000 secs] [Times: user=0.00 sys=0.00, real=0.00 secs] 
2024-03-31T20:03:00.362+0800: 1832.372: [GC (CMS Initial Mark) [1 CMS-initial-mark: 63K(64K)] 87500K(118016K), 0.0986344 secs] [Times: user=0.10 sys=0.00, real=0.10 secs] 
2024-03-31T20:03:00.462+0800: 1832.472: [CMS-concurrent-mark-start]
2024-03-31T20:03:00.462+0800: 1832.473: [CMS-concurrent-mark: 0.000/0.000 secs] [Times: user=0.00 sys=0.00, real=0.00 secs] 
2024-03-31T20:03:00.464+0800: 1832.474: [CMS-concurrent-preclean-start]
2024-03-31T20:03:00.467+0800: 1832.477: [CMS-concurrent-preclean: 0.001/0.001 secs] [Times: user=0.01 sys=0.00, real=0.00 secs] 
2024-03-31T20:03:00.468+0800: 1832.479: [CMS-concurrent-abortable-preclean-start]
2024-03-31T20:03:00.469+0800: 1832.480: [CMS-concurrent-abortable-preclean: 0.000/0.000 secs] [Times: user=0.00 sys=0.00, real=0.00 secs] 
2024-03-31T20:03:00.471+0800: 1832.481: [GC (CMS Final Remark) [YG occupancy: 87436 K (117952 K)]2024-03-31T20:03:00.471+0800: 1832.482: [Rescan (non-parallel) 2024-03-31T20:03:00.472+0800: 1832.482: [grey object rescan, 0.0002186 secs]2024-03-31T20:03:00.472+0800: 1832.483: [root rescan, 0.0672207 secs]2024-03-31T20:03:00.540+0800: 1832.550: [visit unhandled CLDs, 0.0002333 secs]2024-03-31T20:03:00.540+0800: 1832.550: [dirty klass scan, 0.0017888 secs], 0.0706686 secs]2024-03-31T20:03:00.542+0800: 1832.553: [weak refs processing, 0.0002596 secs]2024-03-31T20:03:00.543+0800: 1832.553: [class unloading, 0.0142533 secs]2024-03-31T20:03:00.557+0800: 1832.568: [scrub symbol table, 0.0104760 secs]2024-03-31T20:03:00.568+0800: 1832.578: [scrub string table, 0.0005593 secs][1 CMS-remark: 63K(64K)] 87500K(118016K), 0.1005671 secs] [Times: user=0.10 sys=0.00, real=0.10 secs] 
2024-03-31T20:03:00.572+0800: 1832.583: [CMS-concurrent-sweep-start]
2024-03-31T20:03:00.573+0800: 1832.583: [CMS-concurrent-sweep: 0.000/0.000 secs] [Times: user=0.00 sys=0.00, real=0.00 secs] 
2024-03-31T20:03:00.575+0800: 1832.585: [CMS-concurrent-reset-start]
2024-03-31T20:03:00.576+0800: 1832.586: [CMS-concurrent-reset: 0.000/0.000 secs] [Times: user=0.00 sys=0.01, real=0.00 secs] 
2024-03-31T20:03:02.585+0800: 1834.595: [GC (CMS Initial Mark) [1 CMS-initial-mark: 63K(64K)] 87879K(118016K), 0.0884316 secs] [Times: user=0.09 sys=0.00, real=0.09 secs] 
2024-03-31T20:03:02.674+0800: 1834.684: [CMS-concurrent-mark-start]
2024-03-31T20:03:02.675+0800: 1834.685: [CMS-concurrent-mark: 0.000/0.000 secs] [Times: user=0.00 sys=0.00, real=0.00 secs] 
2024-03-31T20:03:02.676+0800: 1834.686: [CMS-concurrent-preclean-start]
2024-03-31T20:03:02.677+0800: 1834.688: [CMS-concurrent-preclean: 0.001/0.001 secs] [Times: user=0.00 sys=0.00, real=0.01 secs] 
2024-03-31T20:03:02.678+0800: 1834.688: [CMS-concurrent-abortable-preclean-start]
2024-03-31T20:03:02.679+0800: 1834.689: [CMS-concurrent-abortable-preclean: 0.000/0.000 secs] [Times: user=0.00 sys=0.00, real=0.00 secs] 
2024-03-31T20:03:02.679+0800: 1834.690: [GC (CMS Final Remark) [YG occupancy: 87822 K (117952 K)]2024-03-31T20:03:02.679+0800: 1834.690: [Rescan (non-parallel) 2024-03-31T20:03:02.679+0800: 1834.690: [grey object rescan, 0.0000946 secs]2024-03-31T20:03:02.680+0800: 1834.690: [root rescan, 0.0604129 secs]2024-03-31T20:03:02.740+0800: 1834.751: [visit unhandled CLDs, 0.0001716 secs]2024-03-31T20:03:02.741+0800: 1834.751: [dirty klass scan, 0.0012136 secs], 0.0625022 secs]2024-03-31T20:03:02.742+0800: 1834.752: [weak refs processing, 0.0001497 secs]2024-03-31T20:03:02.742+0800: 1834.753: [class unloading, 0.0116555 secs]2024-03-31T20:03:02.754+0800: 1834.765: [scrub symbol table, 0.0099384 secs]2024-03-31T20:03:02.764+0800: 1834.775: [scrub string table, 0.0005312 secs][1 CMS-remark: 63K(64K)] 87885K(118016K), 0.0884993 secs] [Times: user=0.09 sys=0.00, real=0.09 secs] 
2024-03-31T20:03:02.768+0800: 1834.779: [CMS-concurrent-sweep-start]
2024-03-31T20:03:02.768+0800: 1834.779: [CMS-concurrent-sweep: 0.000/0.000 secs] [Times: user=0.00 sys=0.00, real=0.00 secs] 
2024-03-31T20:03:02.769+0800: 1834.779: [CMS-concurrent-reset-start]
2024-03-31T20:03:02.769+0800: 1834.779: [CMS-concurrent-reset: 0.000/0.000 secs] [Times: user=0.00 sys=0.00, real=0.00 secs] 
2024-03-31T20:03:04.780+0800: 1836.791: [GC (CMS Initial Mark) [1 CMS-initial-mark: 63K(64K)] 88099K(118016K), 0.0950329 secs] [Times: user=0.10 sys=0.00, real=0.09 secs] 
2024-03-31T20:03:04.876+0800: 1836.887: [CMS-concurrent-mark-start]
2024-03-31T20:03:04.877+0800: 1836.887: [CMS-concurrent-mark: 0.000/0.000 secs] [Times: user=0.00 sys=0.00, real=0.00 secs] 
2024-03-31T20:03:04.878+0800: 1836.888: [CMS-concurrent-preclean-start]
2024-03-31T20:03:04.880+0800: 1836.890: [CMS-concurrent-preclean: 0.001/0.001 secs] [Times: user=0.00 sys=0.00, real=0.00 secs] 
2024-03-31T20:03:04.880+0800: 1836.891: [CMS-concurrent-abortable-preclean-start]
2024-03-31T20:03:04.881+0800: 1836.891: [CMS-concurrent-abortable-preclean: 0.000/0.000 secs] [Times: user=0.00 sys=0.00, real=0.00 secs] 
2024-03-31T20:03:04.882+0800: 1836.893: [GC (CMS Final Remark) [YG occupancy: 88039 K (117952 K)]2024-03-31T20:03:04.882+0800: 1836.893: [Rescan (non-parallel) 2024-03-31T20:03:04.883+0800: 1836.893: [grey object rescan, 0.0001267 secs]2024-03-31T20:03:04.883+0800: 1836.893: [root rescan, 0.0609690 secs]2024-03-31T20:03:04.944+0800: 1836.954: [visit unhandled CLDs, 0.0002422 secs]2024-03-31T20:03:04.944+0800: 1836.955: [dirty klass scan, 0.0014832 secs], 0.0634853 secs]2024-03-31T20:03:04.946+0800: 1836.956: [weak refs processing, 0.0001558 secs]2024-03-31T20:03:04.946+0800: 1836.957: [class unloading, 0.0125091 secs]2024-03-31T20:03:04.959+0800: 1836.969: [scrub symbol table, 0.0097797 secs]2024-03-31T20:03:04.969+0800: 1836.979: [scrub string table, 0.0005438 secs][1 CMS-remark: 63K(64K)] 88103K(118016K), 0.0901188 secs] [Times: user=0.09 sys=0.00, real=0.09 secs] 
2024-03-31T20:03:04.973+0800: 1836.983: [CMS-concurrent-sweep-start]
2024-03-31T20:03:04.973+0800: 1836.984: [CMS-concurrent-sweep: 0.000/0.000 secs] [Times: user=0.00 sys=0.00, real=0.00 secs] 
2024-03-31T20:03:04.974+0800: 1836.984: [CMS-concurrent-reset-start]
2024-03-31T20:03:04.974+0800: 1836.985: [CMS-concurrent-reset: 0.000/0.000 secs] [Times: user=0.00 sys=0.00, real=0.00 secs] 
2024-03-31T20:03:06.984+0800: 1838.994: [GC (CMS Initial Mark) [1 CMS-initial-mark: 63K(64K)] 88181K(118016K), 0.1036019 secs] [Times: user=0.10 sys=0.00, real=0.11 secs] 
2024-03-31T20:03:07.088+0800: 1839.099: [CMS-concurrent-mark-start]
2024-03-31T20:03:07.089+0800: 1839.099: [CMS-concurrent-mark: 0.000/0.000 secs] [Times: user=0.00 sys=0.00, real=0.00 secs] 
2024-03-31T20:03:07.090+0800: 1839.100: [CMS-concurrent-preclean-start]
2024-03-31T20:03:07.092+0800: 1839.102: [CMS-concurrent-preclean: 0.001/0.001 secs] [Times: user=0.01 sys=0.00, real=0.00 secs] 
2024-03-31T20:03:07.093+0800: 1839.103: [CMS-concurrent-abortable-preclean-start]
2024-03-31T20:03:07.093+0800: 1839.104: [CMS-concurrent-abortable-preclean: 0.000/0.000 secs] [Times: user=0.00 sys=0.00, real=0.00 secs] 
2024-03-31T20:03:07.095+0800: 1839.105: [GC (CMS Final Remark) [YG occupancy: 88117 K (117952 K)]2024-03-31T20:03:07.095+0800: 1839.105: [Rescan (non-parallel) 2024-03-31T20:03:07.095+0800: 1839.105: [grey object rescan, 0.0001031 secs]2024-03-31T20:03:07.095+0800: 1839.106: [root rescan, 0.0637685 secs]2024-03-31T20:03:07.159+0800: 1839.170: [visit unhandled CLDs, 0.0001741 secs]2024-03-31T20:03:07.160+0800: 1839.170: [dirty klass scan, 0.0013660 secs], 0.0662522 secs]2024-03-31T20:03:07.161+0800: 1839.172: [weak refs processing, 0.0001790 secs]2024-03-31T20:03:07.162+0800: 1839.172: [class unloading, 0.0123102 secs]2024-03-31T20:03:07.174+0800: 1839.184: [scrub symbol table, 0.0105000 secs]2024-03-31T20:03:07.185+0800: 1839.195: [scrub string table, 0.0005666 secs][1 CMS-remark: 63K(64K)] 88181K(118016K), 0.0938404 secs] [Times: user=0.09 sys=0.00, real=0.10 secs] 
2024-03-31T20:03:07.189+0800: 1839.200: [CMS-concurrent-sweep-start]
2024-03-31T20:03:07.190+0800: 1839.200: [CMS-concurrent-sweep: 0.000/0.000 secs] [Times: user=0.00 sys=0.00, real=0.00 secs] 
2024-03-31T20:03:07.192+0800: 1839.203: [CMS-concurrent-reset-start]
2024-03-31T20:03:07.193+0800: 1839.204: [CMS-concurrent-reset: 0.000/0.000 secs] [Times: user=0.00 sys=0.00, real=0.00 secs] 
2024-03-31T20:03:09.199+0800: 1841.210: [GC (CMS Initial Mark) [1 CMS-initial-mark: 63K(64K)] 88594K(118016K), 0.0969352 secs] [Times: user=0.10 sys=0.00, real=0.09 secs] 
2024-03-31T20:03:09.297+0800: 1841.308: [CMS-concurrent-mark-start]
2024-03-31T20:03:09.298+0800: 1841.309: [CMS-concurrent-mark: 0.000/0.000 secs] [Times: user=0.00 sys=0.00, real=0.01 secs] 
2024-03-31T20:03:09.300+0800: 1841.310: [CMS-concurrent-preclean-start]
2024-03-31T20:03:09.302+0800: 1841.312: [CMS-concurrent-preclean: 0.001/0.001 secs] [Times: user=0.00 sys=0.00, real=0.00 secs] 
2024-03-31T20:03:09.303+0800: 1841.313: [CMS-concurrent-abortable-preclean-start]
2024-03-31T20:03:09.304+0800: 1841.314: [CMS-concurrent-abortable-preclean: 0.000/0.000 secs] [Times: user=0.01 sys=0.00, real=0.00 secs] 
2024-03-31T20:03:09.305+0800: 1841.315: [GC (CMS Final Remark) [YG occupancy: 88530 K (117952 K)]2024-03-31T20:03:09.305+0800: 1841.316: [Rescan (non-parallel) 2024-03-31T20:03:09.305+0800: 1841.316: [grey object rescan, 0.0001105 secs]2024-03-31T20:03:09.306+0800: 1841.316: [root rescan, 0.0609380 secs]2024-03-31T20:03:09.367+0800: 1841.377: [visit unhandled CLDs, 0.0002230 secs]2024-03-31T20:03:09.367+0800: 1841.377: [dirty klass scan, 0.0012538 secs], 0.0631759 secs]2024-03-31T20:03:09.369+0800: 1841.379: [weak refs processing, 0.0001443 secs]2024-03-31T20:03:09.369+0800: 1841.379: [class unloading, 0.0128985 secs]2024-03-31T20:03:09.382+0800: 1841.392: [scrub symbol table, 0.0097301 secs]2024-03-31T20:03:09.392+0800: 1841.402: [scrub string table, 0.0005105 secs][1 CMS-remark: 63K(64K)] 88594K(118016K), 0.0902144 secs] [Times: user=0.08 sys=0.00, real=0.09 secs] 
2024-03-31T20:03:09.396+0800: 1841.406: [CMS-concurrent-sweep-start]
2024-03-31T20:03:09.396+0800: 1841.406: [CMS-concurrent-sweep: 0.000/0.000 secs] [Times: user=0.00 sys=0.00, real=0.00 secs] 
2024-03-31T20:03:09.396+0800: 1841.407: [CMS-concurrent-reset-start]
2024-03-31T20:03:09.396+0800: 1841.407: [CMS-concurrent-reset: 0.000/0.000 secs] [Times: user=0.00 sys=0.00, real=0.00 secs] 
2024-03-31T20:03:11.404+0800: 1843.415: [GC (CMS Initial Mark) [1 CMS-initial-mark: 63K(64K)] 88876K(118016K), 0.1018447 secs] [Times: user=0.10 sys=0.00, real=0.10 secs] 
2024-03-31T20:03:11.507+0800: 1843.517: [CMS-concurrent-mark-start]
2024-03-31T20:03:11.507+0800: 1843.518: [CMS-concurrent-mark: 0.000/0.000 secs] [Times: user=0.00 sys=0.00, real=0.01 secs] 
2024-03-31T20:03:11.508+0800: 1843.519: [CMS-concurrent-preclean-start]
2024-03-31T20:03:11.510+0800: 1843.520: [CMS-concurrent-preclean: 0.001/0.001 secs] [Times: user=0.00 sys=0.00, real=0.00 secs] 
2024-03-31T20:03:11.511+0800: 1843.521: [CMS-concurrent-abortable-preclean-start]
2024-03-31T20:03:11.512+0800: 1843.522: [CMS-concurrent-abortable-preclean: 0.000/0.000 secs] [Times: user=0.01 sys=0.00, real=0.00 secs] 
2024-03-31T20:03:11.515+0800: 1843.526: [GC (CMS Final Remark) [YG occupancy: 88830 K (117952 K)]2024-03-31T20:03:11.515+0800: 1843.526: [Rescan (non-parallel) 2024-03-31T20:03:11.516+0800: 1843.526: [grey object rescan, 0.0001437 secs]2024-03-31T20:03:11.516+0800: 1843.526: [root rescan, 0.0633033 secs]2024-03-31T20:03:11.579+0800: 1843.590: [visit unhandled CLDs, 0.0001644 secs]2024-03-31T20:03:11.580+0800: 1843.590: [dirty klass scan, 0.0013258 secs], 0.0656119 secs]2024-03-31T20:03:11.581+0800: 1843.592: [weak refs processing, 0.0001317 secs]2024-03-31T20:03:11.581+0800: 1843.592: [class unloading, 0.0123448 secs]2024-03-31T20:03:11.594+0800: 1843.604: [scrub symbol table, 0.0098258 secs]2024-03-31T20:03:11.604+0800: 1843.614: [scrub string table, 0.0005418 secs][1 CMS-remark: 63K(64K)] 88893K(118016K), 0.0922403 secs] [Times: user=0.09 sys=0.00, real=0.10 secs] 
2024-03-31T20:03:11.608+0800: 1843.619: [CMS-concurrent-sweep-start]
2024-03-31T20:03:11.609+0800: 1843.619: [CMS-concurrent-sweep: 0.000/0.000 secs] [Times: user=0.00 sys=0.00, real=0.00 secs] 
2024-03-31T20:03:11.610+0800: 1843.620: [CMS-concurrent-reset-start]
2024-03-31T20:03:11.610+0800: 1843.621: [CMS-concurrent-reset: 0.000/0.000 secs] [Times: user=0.00 sys=0.00, real=0.00 secs] 
2024-03-31T20:03:13.619+0800: 1845.629: [GC (CMS Initial Mark) [1 CMS-initial-mark: 63K(64K)] 89192K(118016K), 0.0865543 secs] [Times: user=0.09 sys=0.00, real=0.08 secs] 
2024-03-31T20:03:13.706+0800: 1845.717: [CMS-concurrent-mark-start]
2024-03-31T20:03:13.707+0800: 1845.717: [CMS-concurrent-mark: 0.000/0.000 secs] [Times: user=0.00 sys=0.00, real=0.01 secs] 
2024-03-31T20:03:13.708+0800: 1845.718: [CMS-concurrent-preclean-start]
2024-03-31T20:03:13.710+0800: 1845.720: [CMS-concurrent-preclean: 0.001/0.001 secs] [Times: user=0.00 sys=0.00, real=0.00 secs] 
2024-03-31T20:03:13.710+0800: 1845.721: [CMS-concurrent-abortable-preclean-start]
2024-03-31T20:03:13.711+0800: 1845.721: [CMS-concurrent-abortable-preclean: 0.000/0.000 secs] [Times: user=0.00 sys=0.00, real=0.00 secs] 
2024-03-31T20:03:13.711+0800: 1845.722: [GC (CMS Final Remark) [YG occupancy: 89129 K (117952 K)]2024-03-31T20:03:13.712+0800: 1845.722: [Rescan (non-parallel) 2024-03-31T20:03:13.712+0800: 1845.722: [grey object rescan, 0.0001125 secs]2024-03-31T20:03:13.712+0800: 1845.722: [root rescan, 0.0649422 secs]2024-03-31T20:03:13.777+0800: 1845.788: [visit unhandled CLDs, 0.0004143 secs]2024-03-31T20:03:13.778+0800: 1845.788: [dirty klass scan, 0.0016397 secs], 0.0680977 secs]2024-03-31T20:03:13.780+0800: 1845.790: [weak refs processing, 0.0003110 secs]2024-03-31T20:03:13.780+0800: 1845.791: [class unloading, 0.0172306 secs]2024-03-31T20:03:13.798+0800: 1845.808: [scrub symbol table, 0.0129083 secs]2024-03-31T20:03:13.811+0800: 1845.822: [scrub string table, 0.0008735 secs][1 CMS-remark: 63K(64K)] 89192K(118016K), 0.1039954 secs] [Times: user=0.10 sys=0.00, real=0.10 secs] 
2024-03-31T20:03:13.816+0800: 1845.827: [CMS-concurrent-sweep-start]
2024-03-31T20:03:13.817+0800: 1845.827: [CMS-concurrent-sweep: 0.000/0.000 secs] [Times: user=0.00 sys=0.00, real=0.00 secs] 
2024-03-31T20:03:13.818+0800: 1845.829: [CMS-concurrent-reset-start]
2024-03-31T20:03:13.819+0800: 1845.829: [CMS-concurrent-reset: 0.000/0.000 secs] [Times: user=0.01 sys=0.00, real=0.00 secs] 
2024-03-31T20:03:15.829+0800: 1847.840: [GC (CMS Initial Mark) [1 CMS-initial-mark: 63K(64K)] 89346K(118016K), 0.1031907 secs] [Times: user=0.10 sys=0.00, real=0.10 secs] 
2024-03-31T20:03:15.933+0800: 1847.943: [CMS-concurrent-mark-start]
2024-03-31T20:03:15.933+0800: 1847.944: [CMS-concurrent-mark: 0.000/0.000 secs] [Times: user=0.00 sys=0.00, real=0.00 secs] 
2024-03-31T20:03:15.934+0800: 1847.944: [CMS-concurrent-preclean-start]
2024-03-31T20:03:15.936+0800: 1847.946: [CMS-concurrent-preclean: 0.001/0.001 secs] [Times: user=0.00 sys=0.00, real=0.00 secs] 
2024-03-31T20:03:15.937+0800: 1847.947: [CMS-concurrent-abortable-preclean-start]
2024-03-31T20:03:15.937+0800: 1847.948: [CMS-concurrent-abortable-preclean: 0.000/0.000 secs] [Times: user=0.00 sys=0.00, real=0.01 secs] 
2024-03-31T20:03:15.939+0800: 1847.949: [GC (CMS Final Remark) [YG occupancy: 89282 K (117952 K)]2024-03-31T20:03:15.939+0800: 1847.949: [Rescan (non-parallel) 2024-03-31T20:03:15.939+0800: 1847.949: [grey object rescan, 0.0001070 secs]2024-03-31T20:03:15.939+0800: 1847.950: [root rescan, 0.0610842 secs]2024-03-31T20:03:16.000+0800: 1848.011: [visit unhandled CLDs, 0.0001570 secs]2024-03-31T20:03:16.001+0800: 1848.011: [dirty klass scan, 0.0012014 secs], 0.0631716 secs]2024-03-31T20:03:16.002+0800: 1848.012: [weak refs processing, 0.0001337 secs]2024-03-31T20:03:16.002+0800: 1848.013: [class unloading, 0.0117776 secs]2024-03-31T20:03:16.014+0800: 1848.025: [scrub symbol table, 0.0097252 secs]2024-03-31T20:03:16.024+0800: 1848.035: [scrub string table, 0.0004930 secs][1 CMS-remark: 63K(64K)] 89346K(118016K), 0.0889347 secs] [Times: user=0.09 sys=0.00, real=0.09 secs] 
2024-03-31T20:03:16.028+0800: 1848.039: [CMS-concurrent-sweep-start]
2024-03-31T20:03:16.029+0800: 1848.039: [CMS-concurrent-sweep: 0.000/0.000 secs] [Times: user=0.00 sys=0.00, real=0.00 secs] 
2024-03-31T20:03:16.029+0800: 1848.040: [CMS-concurrent-reset-start]
2024-03-31T20:03:16.029+0800: 1848.040: [CMS-concurrent-reset: 0.000/0.000 secs] [Times: user=0.00 sys=0.00, real=0.00 secs] 
2024-03-31T20:03:18.038+0800: 1850.048: [GC (CMS Initial Mark) [1 CMS-initial-mark: 63K(64K)] 90097K(118016K), 0.1053246 secs] [Times: user=0.11 sys=0.00, real=0.10 secs] 
2024-03-31T20:03:18.144+0800: 1850.154: [CMS-concurrent-mark-start]
2024-03-31T20:03:18.145+0800: 1850.155: [CMS-concurrent-mark: 0.000/0.000 secs] [Times: user=0.00 sys=0.00, real=0.00 secs] 
2024-03-31T20:03:18.145+0800: 1850.156: [CMS-concurrent-preclean-start]
2024-03-31T20:03:18.147+0800: 1850.158: [CMS-concurrent-preclean: 0.001/0.001 secs] [Times: user=0.00 sys=0.00, real=0.01 secs] 
2024-03-31T20:03:18.148+0800: 1850.159: [CMS-concurrent-abortable-preclean-start]
2024-03-31T20:03:18.149+0800: 1850.159: [CMS-concurrent-abortable-preclean: 0.000/0.000 secs] [Times: user=0.00 sys=0.00, real=0.00 secs] 
2024-03-31T20:03:18.150+0800: 1850.161: [GC (CMS Final Remark) [YG occupancy: 90033 K (117952 K)]2024-03-31T20:03:18.151+0800: 1850.161: [Rescan (non-parallel) 2024-03-31T20:03:18.151+0800: 1850.161: [grey object rescan, 0.0001050 secs]2024-03-31T20:03:18.151+0800: 1850.161: [root rescan, 0.0617023 secs]2024-03-31T20:03:18.213+0800: 1850.223: [visit unhandled CLDs, 0.0001496 secs]2024-03-31T20:03:18.213+0800: 1850.224: [dirty klass scan, 0.0012517 secs], 0.0639255 secs]2024-03-31T20:03:18.215+0800: 1850.225: [weak refs processing, 0.0001324 secs]2024-03-31T20:03:18.215+0800: 1850.225: [class unloading, 0.0117070 secs]2024-03-31T20:03:18.227+0800: 1850.237: [scrub symbol table, 0.0095642 secs]2024-03-31T20:03:18.236+0800: 1850.247: [scrub string table, 0.0004955 secs][1 CMS-remark: 63K(64K)] 90097K(118016K), 0.0895024 secs] [Times: user=0.09 sys=0.00, real=0.09 secs] 
2024-03-31T20:03:18.241+0800: 1850.251: [CMS-concurrent-sweep-start]
2024-03-31T20:03:18.241+0800: 1850.251: [CMS-concurrent-sweep: 0.000/0.000 secs] [Times: user=0.00 sys=0.00, real=0.00 secs] 
2024-03-31T20:03:18.241+0800: 1850.251: [CMS-concurrent-reset-start]
2024-03-31T20:03:18.241+0800: 1850.252: [CMS-concurrent-reset: 0.000/0.000 secs] [Times: user=0.00 sys=0.00, real=0.00 secs] 
2024-03-31T20:03:20.252+0800: 1852.263: [GC (CMS Initial Mark) [1 CMS-initial-mark: 63K(64K)] 90352K(118016K), 0.0999947 secs] [Times: user=0.10 sys=0.00, real=0.10 secs] 
2024-03-31T20:03:20.353+0800: 1852.364: [CMS-concurrent-mark-start]
2024-03-31T20:03:20.355+0800: 1852.365: [CMS-concurrent-mark: 0.000/0.000 secs] [Times: user=0.00 sys=0.01, real=0.00 secs] 
2024-03-31T20:03:20.356+0800: 1852.366: [CMS-concurrent-preclean-start]
2024-03-31T20:03:20.357+0800: 1852.368: [CMS-concurrent-preclean: 0.001/0.001 secs] [Times: user=0.00 sys=0.00, real=0.01 secs] 
2024-03-31T20:03:20.358+0800: 1852.368: [CMS-concurrent-abortable-preclean-start]
2024-03-31T20:03:20.359+0800: 1852.369: [CMS-concurrent-abortable-preclean: 0.000/0.000 secs] [Times: user=0.00 sys=0.00, real=0.00 secs] 
2024-03-31T20:03:20.361+0800: 1852.372: [GC (CMS Final Remark) [YG occupancy: 90288 K (117952 K)]2024-03-31T20:03:20.361+0800: 1852.372: [Rescan (non-parallel) 2024-03-31T20:03:20.361+0800: 1852.372: [grey object rescan, 0.0001203 secs]2024-03-31T20:03:20.362+0800: 1852.372: [root rescan, 0.0616379 secs]2024-03-31T20:03:20.424+0800: 1852.434: [visit unhandled CLDs, 0.0001581 secs]2024-03-31T20:03:20.424+0800: 1852.434: [dirty klass scan, 0.0012501 secs], 0.0637873 secs]2024-03-31T20:03:20.425+0800: 1852.436: [weak refs processing, 0.0001669 secs]2024-03-31T20:03:20.425+0800: 1852.436: [class unloading, 0.0121065 secs]2024-03-31T20:03:20.438+0800: 1852.448: [scrub symbol table, 0.0111500 secs]2024-03-31T20:03:20.449+0800: 1852.460: [scrub string table, 0.0005981 secs][1 CMS-remark: 63K(64K)] 90352K(118016K), 0.0917981 secs] [Times: user=0.09 sys=0.00, real=0.09 secs] 
2024-03-31T20:03:20.454+0800: 1852.464: [CMS-concurrent-sweep-start]
2024-03-31T20:03:20.454+0800: 1852.465: [CMS-concurrent-sweep: 0.000/0.000 secs] [Times: user=0.00 sys=0.00, real=0.00 secs] 
2024-03-31T20:03:20.455+0800: 1852.465: [CMS-concurrent-reset-start]
2024-03-31T20:03:20.455+0800: 1852.465: [CMS-concurrent-reset: 0.000/0.000 secs] [Times: user=0.00 sys=0.00, real=0.00 secs] 
2024-03-31T20:03:22.461+0800: 1854.471: [GC (CMS Initial Mark) [1 CMS-initial-mark: 63K(64K)] 90600K(118016K), 0.1036018 secs] [Times: user=0.09 sys=0.00, real=0.10 secs] 
2024-03-31T20:03:22.565+0800: 1854.575: [CMS-concurrent-mark-start]
2024-03-31T20:03:22.565+0800: 1854.576: [CMS-concurrent-mark: 0.000/0.000 secs] [Times: user=0.00 sys=0.00, real=0.00 secs] 
2024-03-31T20:03:22.566+0800: 1854.577: [CMS-concurrent-preclean-start]
2024-03-31T20:03:22.569+0800: 1854.579: [CMS-concurrent-preclean: 0.001/0.001 secs] [Times: user=0.01 sys=0.00, real=0.01 secs] 
2024-03-31T20:03:22.570+0800: 1854.580: [CMS-concurrent-abortable-preclean-start]
2024-03-31T20:03:22.571+0800: 1854.581: [CMS-concurrent-abortable-preclean: 0.000/0.000 secs] [Times: user=0.00 sys=0.00, real=0.00 secs] 
2024-03-31T20:03:22.575+0800: 1854.586: [GC (CMS Final Remark) [YG occupancy: 90541 K (117952 K)]2024-03-31T20:03:22.575+0800: 1854.586: [Rescan (non-parallel) 2024-03-31T20:03:22.576+0800: 1854.586: [grey object rescan, 0.0001901 secs]2024-03-31T20:03:22.576+0800: 1854.586: [root rescan, 0.0665572 secs]2024-03-31T20:03:22.643+0800: 1854.653: [visit unhandled CLDs, 0.0002408 secs]2024-03-31T20:03:22.643+0800: 1854.654: [dirty klass scan, 0.0015963 secs], 0.0696763 secs]2024-03-31T20:03:22.645+0800: 1854.656: [weak refs processing, 0.0002653 secs]2024-03-31T20:03:22.646+0800: 1854.656: [class unloading, 0.0133907 secs]2024-03-31T20:03:22.659+0800: 1854.670: [scrub symbol table, 0.0125318 secs]2024-03-31T20:03:22.672+0800: 1854.683: [scrub string table, 0.0005945 secs][1 CMS-remark: 63K(64K)] 90605K(118016K), 0.1008799 secs] [Times: user=0.10 sys=0.00, real=0.10 secs] 
2024-03-31T20:03:22.677+0800: 1854.688: [CMS-concurrent-sweep-start]
2024-03-31T20:03:22.678+0800: 1854.688: [CMS-concurrent-sweep: 0.000/0.000 secs] [Times: user=0.00 sys=0.00, real=0.01 secs] 
2024-03-31T20:03:22.680+0800: 1854.690: [CMS-concurrent-reset-start]
2024-03-31T20:03:22.681+0800: 1854.691: [CMS-concurrent-reset: 0.000/0.000 secs] [Times: user=0.01 sys=0.00, real=0.00 secs] 
2024-03-31T20:03:24.690+0800: 1856.700: [GC (CMS Initial Mark) [1 CMS-initial-mark: 63K(64K)] 90868K(118016K), 0.1035977 secs] [Times: user=0.10 sys=0.00, real=0.10 secs] 
2024-03-31T20:03:24.794+0800: 1856.804: [CMS-concurrent-mark-start]
2024-03-31T20:03:24.795+0800: 1856.805: [CMS-concurrent-mark: 0.000/0.000 secs] [Times: user=0.00 sys=0.00, real=0.00 secs] 
2024-03-31T20:03:24.795+0800: 1856.806: [CMS-concurrent-preclean-start]
2024-03-31T20:03:24.797+0800: 1856.808: [CMS-concurrent-preclean: 0.001/0.001 secs] [Times: user=0.00 sys=0.00, real=0.01 secs] 
2024-03-31T20:03:24.798+0800: 1856.808: [CMS-concurrent-abortable-preclean-start]
2024-03-31T20:03:24.798+0800: 1856.809: [CMS-concurrent-abortable-preclean: 0.000/0.000 secs] [Times: user=0.00 sys=0.00, real=0.00 secs] 
2024-03-31T20:03:24.799+0800: 1856.810: [GC (CMS Final Remark) [YG occupancy: 90822 K (117952 K)]2024-03-31T20:03:24.800+0800: 1856.810: [Rescan (non-parallel) 2024-03-31T20:03:24.800+0800: 1856.810: [grey object rescan, 0.0001010 secs]2024-03-31T20:03:24.800+0800: 1856.810: [root rescan, 0.0616568 secs]2024-03-31T20:03:24.862+0800: 1856.872: [visit unhandled CLDs, 0.0001685 secs]2024-03-31T20:03:24.862+0800: 1856.872: [dirty klass scan, 0.0012512 secs], 0.0638405 secs]2024-03-31T20:03:24.863+0800: 1856.874: [weak refs processing, 0.0001475 secs]2024-03-31T20:03:24.864+0800: 1856.874: [class unloading, 0.0118505 secs]2024-03-31T20:03:24.876+0800: 1856.886: [scrub symbol table, 0.0096387 secs]2024-03-31T20:03:24.886+0800: 1856.896: [scrub string table, 0.0005186 secs][1 CMS-remark: 63K(64K)] 90886K(118016K), 0.0899195 secs] [Times: user=0.09 sys=0.00, real=0.09 secs] 
2024-03-31T20:03:24.890+0800: 1856.900: [CMS-concurrent-sweep-start]
2024-03-31T20:03:24.890+0800: 1856.901: [CMS-concurrent-sweep: 0.000/0.000 secs] [Times: user=0.00 sys=0.00, real=0.00 secs] 
2024-03-31T20:03:24.891+0800: 1856.901: [CMS-concurrent-reset-start]
2024-03-31T20:03:24.891+0800: 1856.901: [CMS-concurrent-reset: 0.000/0.000 secs] [Times: user=0.00 sys=0.00, real=0.00 secs] 
2024-03-31T20:03:26.899+0800: 1858.910: [GC (CMS Initial Mark) [1 CMS-initial-mark: 63K(64K)] 91202K(118016K), 0.1042620 secs] [Times: user=0.10 sys=0.00, real=0.10 secs] 
2024-03-31T20:03:27.004+0800: 1859.015: [CMS-concurrent-mark-start]
2024-03-31T20:03:27.005+0800: 1859.015: [CMS-concurrent-mark: 0.000/0.000 secs] [Times: user=0.00 sys=0.00, real=0.00 secs] 
2024-03-31T20:03:27.005+0800: 1859.016: [CMS-concurrent-preclean-start]
2024-03-31T20:03:27.007+0800: 1859.018: [CMS-concurrent-preclean: 0.001/0.001 secs] [Times: user=0.00 sys=0.00, real=0.01 secs] 
2024-03-31T20:03:27.008+0800: 1859.019: [CMS-concurrent-abortable-preclean-start]
2024-03-31T20:03:27.009+0800: 1859.019: [CMS-concurrent-abortable-preclean: 0.000/0.000 secs] [Times: user=0.01 sys=0.00, real=0.00 secs] 
2024-03-31T20:03:27.010+0800: 1859.020: [GC (CMS Final Remark) [YG occupancy: 91140 K (117952 K)]2024-03-31T20:03:27.010+0800: 1859.020: [Rescan (non-parallel) 2024-03-31T20:03:27.010+0800: 1859.021: [grey object rescan, 0.0000962 secs]2024-03-31T20:03:27.010+0800: 1859.021: [root rescan, 0.0625317 secs]2024-03-31T20:03:27.073+0800: 1859.084: [visit unhandled CLDs, 0.0001526 secs]2024-03-31T20:03:27.073+0800: 1859.084: [dirty klass scan, 0.0011985 secs], 0.0646033 secs]2024-03-31T20:03:27.075+0800: 1859.085: [weak refs processing, 0.0001376 secs]2024-03-31T20:03:27.075+0800: 1859.085: [class unloading, 0.0117746 secs]2024-03-31T20:03:27.087+0800: 1859.097: [scrub symbol table, 0.0098079 secs]2024-03-31T20:03:27.097+0800: 1859.107: [scrub string table, 0.0004997 secs][1 CMS-remark: 63K(64K)] 91204K(118016K), 0.0904591 secs] [Times: user=0.08 sys=0.00, real=0.09 secs] 
2024-03-31T20:03:27.101+0800: 1859.111: [CMS-concurrent-sweep-start]
2024-03-31T20:03:27.101+0800: 1859.111: [CMS-concurrent-sweep: 0.000/0.000 secs] [Times: user=0.00 sys=0.00, real=0.00 secs] 
2024-03-31T20:03:27.101+0800: 1859.112: [CMS-concurrent-reset-start]
2024-03-31T20:03:27.102+0800: 1859.112: [CMS-concurrent-reset: 0.000/0.000 secs] [Times: user=0.00 sys=0.00, real=0.00 secs] 
2024-03-31T20:03:29.111+0800: 1861.122: [GC (CMS Initial Mark) [1 CMS-initial-mark: 63K(64K)] 92348K(118016K), 0.0723486 secs] [Times: user=0.07 sys=0.00, real=0.07 secs] 
2024-03-31T20:03:29.185+0800: 1861.195: [CMS-concurrent-mark-start]
2024-03-31T20:03:29.185+0800: 1861.196: [CMS-concurrent-mark: 0.000/0.000 secs] [Times: user=0.00 sys=0.00, real=0.00 secs] 
2024-03-31T20:03:29.186+0800: 1861.196: [CMS-concurrent-preclean-start]
2024-03-31T20:03:29.188+0800: 1861.198: [CMS-concurrent-preclean: 0.001/0.001 secs] [Times: user=0.01 sys=0.00, real=0.01 secs] 
2024-03-31T20:03:29.188+0800: 1861.199: [CMS-concurrent-abortable-preclean-start]
2024-03-31T20:03:29.189+0800: 1861.199: [CMS-concurrent-abortable-preclean: 0.000/0.000 secs] [Times: user=0.00 sys=0.00, real=0.00 secs] 
2024-03-31T20:03:29.189+0800: 1861.200: [GC (CMS Final Remark) [YG occupancy: 92284 K (117952 K)]2024-03-31T20:03:29.189+0800: 1861.200: [Rescan (non-parallel) 2024-03-31T20:03:29.190+0800: 1861.200: [grey object rescan, 0.0001014 secs]2024-03-31T20:03:29.190+0800: 1861.200: [root rescan, 0.0640582 secs]2024-03-31T20:03:29.254+0800: 1861.265: [visit unhandled CLDs, 0.0002495 secs]2024-03-31T20:03:29.254+0800: 1861.265: [dirty klass scan, 0.0014155 secs], 0.0665877 secs]2024-03-31T20:03:29.256+0800: 1861.267: [weak refs processing, 0.0001489 secs]2024-03-31T20:03:29.256+0800: 1861.267: [class unloading, 0.0125050 secs]2024-03-31T20:03:29.269+0800: 1861.280: [scrub symbol table, 0.0113625 secs]2024-03-31T20:03:29.281+0800: 1861.291: [scrub string table, 0.0005509 secs][1 CMS-remark: 63K(64K)] 92348K(118016K), 0.0951651 secs] [Times: user=0.09 sys=0.00, real=0.09 secs] 
2024-03-31T20:03:29.285+0800: 1861.296: [CMS-concurrent-sweep-start]
2024-03-31T20:03:29.285+0800: 1861.296: [CMS-concurrent-sweep: 0.000/0.000 secs] [Times: user=0.00 sys=0.00, real=0.00 secs] 
2024-03-31T20:03:29.286+0800: 1861.296: [CMS-concurrent-reset-start]
2024-03-31T20:03:29.286+0800: 1861.297: [CMS-concurrent-reset: 0.000/0.000 secs] [Times: user=0.00 sys=0.00, real=0.00 secs] 
2024-03-31T20:03:31.291+0800: 1863.301: [GC (CMS Initial Mark) [1 CMS-initial-mark: 63K(64K)] 92523K(118016K), 0.0938473 secs] [Times: user=0.10 sys=0.00, real=0.09 secs] 
2024-03-31T20:03:31.386+0800: 1863.396: [CMS-concurrent-mark-start]
2024-03-31T20:03:31.386+0800: 1863.396: [CMS-concurrent-mark: 0.000/0.000 secs] [Times: user=0.00 sys=0.00, real=0.00 secs] 
2024-03-31T20:03:31.387+0800: 1863.397: [CMS-concurrent-preclean-start]
2024-03-31T20:03:31.388+0800: 1863.399: [CMS-concurrent-preclean: 0.001/0.001 secs] [Times: user=0.00 sys=0.00, real=0.01 secs] 
2024-03-31T20:03:31.389+0800: 1863.399: [CMS-concurrent-abortable-preclean-start]
2024-03-31T20:03:31.390+0800: 1863.400: [CMS-concurrent-abortable-preclean: 0.000/0.000 secs] [Times: user=0.00 sys=0.00, real=0.00 secs] 
2024-03-31T20:03:31.392+0800: 1863.402: [GC (CMS Final Remark) [YG occupancy: 92460 K (117952 K)]2024-03-31T20:03:31.392+0800: 1863.402: [Rescan (non-parallel) 2024-03-31T20:03:31.392+0800: 1863.402: [grey object rescan, 0.0001565 secs]2024-03-31T20:03:31.393+0800: 1863.403: [root rescan, 0.0635847 secs]2024-03-31T20:03:31.456+0800: 1863.467: [visit unhandled CLDs, 0.0001618 secs]2024-03-31T20:03:31.457+0800: 1863.467: [dirty klass scan, 0.0012195 secs], 0.0658173 secs]2024-03-31T20:03:31.458+0800: 1863.468: [weak refs processing, 0.0001323 secs]2024-03-31T20:03:31.458+0800: 1863.468: [class unloading, 0.0122063 secs]2024-03-31T20:03:31.471+0800: 1863.481: [scrub symbol table, 0.0117814 secs]2024-03-31T20:03:31.483+0800: 1863.493: [scrub string table, 0.0005254 secs][1 CMS-remark: 63K(64K)] 92523K(118016K), 0.0945005 secs] [Times: user=0.10 sys=0.00, real=0.09 secs] 
2024-03-31T20:03:31.488+0800: 1863.498: [CMS-concurrent-sweep-start]
2024-03-31T20:03:31.488+0800: 1863.498: [CMS-concurrent-sweep: 0.000/0.000 secs] [Times: user=0.00 sys=0.00, real=0.01 secs] 
2024-03-31T20:03:31.489+0800: 1863.499: [CMS-concurrent-reset-start]
2024-03-31T20:03:31.490+0800: 1863.500: [CMS-concurrent-reset: 0.000/0.000 secs] [Times: user=0.00 sys=0.00, real=0.00 secs] 
2024-03-31T20:03:33.494+0800: 1865.504: [GC (CMS Initial Mark) [1 CMS-initial-mark: 63K(64K)] 92650K(118016K), 0.0817486 secs] [Times: user=0.08 sys=0.00, real=0.08 secs] 
2024-03-31T20:03:33.577+0800: 1865.587: [CMS-concurrent-mark-start]
2024-03-31T20:03:33.578+0800: 1865.588: [CMS-concurrent-mark: 0.000/0.000 secs] [Times: user=0.00 sys=0.00, real=0.01 secs] 
2024-03-31T20:03:33.578+0800: 1865.588: [CMS-concurrent-preclean-start]
2024-03-31T20:03:33.580+0800: 1865.590: [CMS-concurrent-preclean: 0.001/0.001 secs] [Times: user=0.00 sys=0.00, real=0.00 secs] 
2024-03-31T20:03:33.581+0800: 1865.591: [CMS-concurrent-abortable-preclean-start]
2024-03-31T20:03:33.581+0800: 1865.591: [CMS-concurrent-abortable-preclean: 0.000/0.000 secs] [Times: user=0.00 sys=0.00, real=0.00 secs] 
2024-03-31T20:03:33.582+0800: 1865.592: [GC (CMS Final Remark) [YG occupancy: 92586 K (117952 K)]2024-03-31T20:03:33.582+0800: 1865.592: [Rescan (non-parallel) 2024-03-31T20:03:33.582+0800: 1865.592: [grey object rescan, 0.0001050 secs]2024-03-31T20:03:33.582+0800: 1865.593: [root rescan, 0.0637770 secs]2024-03-31T20:03:33.646+0800: 1865.657: [visit unhandled CLDs, 0.0001621 secs]2024-03-31T20:03:33.647+0800: 1865.657: [dirty klass scan, 0.0013352 secs], 0.0659803 secs]2024-03-31T20:03:33.648+0800: 1865.658: [weak refs processing, 0.0001515 secs]2024-03-31T20:03:33.648+0800: 1865.659: [class unloading, 0.0117885 secs]2024-03-31T20:03:33.660+0800: 1865.671: [scrub symbol table, 0.0101119 secs]2024-03-31T20:03:33.671+0800: 1865.681: [scrub string table, 0.0005266 secs][1 CMS-remark: 63K(64K)] 92650K(118016K), 0.0922785 secs] [Times: user=0.09 sys=0.00, real=0.09 secs] 
2024-03-31T20:03:33.675+0800: 1865.685: [CMS-concurrent-sweep-start]
2024-03-31T20:03:33.676+0800: 1865.686: [CMS-concurrent-sweep: 0.000/0.000 secs] [Times: user=0.00 sys=0.00, real=0.00 secs] 
2024-03-31T20:03:33.677+0800: 1865.687: [CMS-concurrent-reset-start]
2024-03-31T20:03:33.677+0800: 1865.687: [CMS-concurrent-reset: 0.000/0.000 secs] [Times: user=0.00 sys=0.00, real=0.00 secs] 
2024-03-31T20:03:35.679+0800: 1867.689: [GC (CMS Initial Mark) [1 CMS-initial-mark: 63K(64K)] 92878K(118016K), 0.0866259 secs] [Times: user=0.09 sys=0.00, real=0.08 secs] 
2024-03-31T20:03:35.767+0800: 1867.777: [CMS-concurrent-mark-start]
2024-03-31T20:03:35.767+0800: 1867.778: [CMS-concurrent-mark: 0.000/0.000 secs] [Times: user=0.00 sys=0.00, real=0.01 secs] 
2024-03-31T20:03:35.768+0800: 1867.778: [CMS-concurrent-preclean-start]
2024-03-31T20:03:35.770+0800: 1867.780: [CMS-concurrent-preclean: 0.001/0.001 secs] [Times: user=0.00 sys=0.00, real=0.00 secs] 
2024-03-31T20:03:35.770+0800: 1867.781: [CMS-concurrent-abortable-preclean-start]
2024-03-31T20:03:35.771+0800: 1867.781: [CMS-concurrent-abortable-preclean: 0.000/0.000 secs] [Times: user=0.00 sys=0.00, real=0.00 secs] 
2024-03-31T20:03:35.771+0800: 1867.781: [GC (CMS Final Remark) [YG occupancy: 92814 K (117952 K)]2024-03-31T20:03:35.771+0800: 1867.782: [Rescan (non-parallel) 2024-03-31T20:03:35.772+0800: 1867.782: [grey object rescan, 0.0000941 secs]2024-03-31T20:03:35.772+0800: 1867.782: [root rescan, 0.0636951 secs]2024-03-31T20:03:35.836+0800: 1867.846: [visit unhandled CLDs, 0.0001710 secs]2024-03-31T20:03:35.836+0800: 1867.846: [dirty klass scan, 0.0012612 secs], 0.0659070 secs]2024-03-31T20:03:35.838+0800: 1867.848: [weak refs processing, 0.0002665 secs]2024-03-31T20:03:35.838+0800: 1867.848: [class unloading, 0.0123066 secs]2024-03-31T20:03:35.850+0800: 1867.861: [scrub symbol table, 0.0101475 secs]2024-03-31T20:03:35.861+0800: 1867.871: [scrub string table, 0.0005603 secs][1 CMS-remark: 63K(64K)] 92878K(118016K), 0.0931905 secs] [Times: user=0.09 sys=0.00, real=0.09 secs] 
2024-03-31T20:03:35.865+0800: 1867.875: [CMS-concurrent-sweep-start]
2024-03-31T20:03:35.865+0800: 1867.875: [CMS-concurrent-sweep: 0.000/0.000 secs] [Times: user=0.00 sys=0.00, real=0.00 secs] 
2024-03-31T20:03:35.865+0800: 1867.875: [CMS-concurrent-reset-start]
2024-03-31T20:03:35.865+0800: 1867.876: [CMS-concurrent-reset: 0.000/0.000 secs] [Times: user=0.00 sys=0.00, real=0.00 secs] 
2024-03-31T20:03:37.872+0800: 1869.882: [GC (CMS Initial Mark) [1 CMS-initial-mark: 63K(64K)] 93020K(118016K), 0.0771910 secs] [Times: user=0.06 sys=0.00, real=0.08 secs] 
2024-03-31T20:03:37.949+0800: 1869.960: [CMS-concurrent-mark-start]
2024-03-31T20:03:37.950+0800: 1869.960: [CMS-concurrent-mark: 0.000/0.000 secs] [Times: user=0.00 sys=0.00, real=0.00 secs] 
2024-03-31T20:03:37.951+0800: 1869.961: [CMS-concurrent-preclean-start]
2024-03-31T20:03:37.952+0800: 1869.963: [CMS-concurrent-preclean: 0.001/0.001 secs] [Times: user=0.00 sys=0.00, real=0.00 secs] 
2024-03-31T20:03:37.953+0800: 1869.963: [CMS-concurrent-abortable-preclean-start]
2024-03-31T20:03:37.953+0800: 1869.963: [CMS-concurrent-abortable-preclean: 0.000/0.000 secs] [Times: user=0.00 sys=0.00, real=0.00 secs] 
2024-03-31T20:03:37.954+0800: 1869.965: [GC (CMS Final Remark) [YG occupancy: 92956 K (117952 K)]2024-03-31T20:03:37.955+0800: 1869.965: [Rescan (non-parallel) 2024-03-31T20:03:37.955+0800: 1869.965: [grey object rescan, 0.0000965 secs]2024-03-31T20:03:37.955+0800: 1869.965: [root rescan, 0.0652655 secs]2024-03-31T20:03:38.020+0800: 1870.031: [visit unhandled CLDs, 0.0001680 secs]2024-03-31T20:03:38.021+0800: 1870.031: [dirty klass scan, 0.0012896 secs], 0.0674696 secs]2024-03-31T20:03:38.022+0800: 1870.032: [weak refs processing, 0.0001957 secs]2024-03-31T20:03:38.023+0800: 1870.033: [class unloading, 0.0130173 secs]2024-03-31T20:03:38.036+0800: 1870.046: [scrub symbol table, 0.0104800 secs]2024-03-31T20:03:38.047+0800: 1870.057: [scrub string table, 0.0005213 secs][1 CMS-remark: 63K(64K)] 93020K(118016K), 0.0957835 secs] [Times: user=0.09 sys=0.01, real=0.10 secs] 
2024-03-31T20:03:38.051+0800: 1870.061: [CMS-concurrent-sweep-start]
2024-03-31T20:03:38.052+0800: 1870.062: [CMS-concurrent-sweep: 0.000/0.000 secs] [Times: user=0.00 sys=0.00, real=0.00 secs] 
2024-03-31T20:03:38.054+0800: 1870.064: [CMS-concurrent-reset-start]
2024-03-31T20:03:38.055+0800: 1870.065: [CMS-concurrent-reset: 0.000/0.000 secs] [Times: user=0.00 sys=0.00, real=0.00 secs] 
2024-03-31T20:03:40.064+0800: 1872.074: [GC (CMS Initial Mark) [1 CMS-initial-mark: 63K(64K)] 93301K(118016K), 0.1026735 secs] [Times: user=0.10 sys=0.00, real=0.10 secs] 
2024-03-31T20:03:40.167+0800: 1872.177: [CMS-concurrent-mark-start]
2024-03-31T20:03:40.167+0800: 1872.178: [CMS-concurrent-mark: 0.000/0.000 secs] [Times: user=0.00 sys=0.00, real=0.01 secs] 
2024-03-31T20:03:40.168+0800: 1872.178: [CMS-concurrent-preclean-start]
2024-03-31T20:03:40.170+0800: 1872.180: [CMS-concurrent-preclean: 0.001/0.001 secs] [Times: user=0.00 sys=0.01, real=0.00 secs] 
2024-03-31T20:03:40.171+0800: 1872.181: [CMS-concurrent-abortable-preclean-start]
2024-03-31T20:03:40.171+0800: 1872.182: [CMS-concurrent-abortable-preclean: 0.000/0.000 secs] [Times: user=0.00 sys=0.00, real=0.00 secs] 
2024-03-31T20:03:40.173+0800: 1872.183: [GC (CMS Final Remark) [YG occupancy: 93237 K (117952 K)]2024-03-31T20:03:40.173+0800: 1872.183: [Rescan (non-parallel) 2024-03-31T20:03:40.173+0800: 1872.183: [grey object rescan, 0.0001569 secs]2024-03-31T20:03:40.173+0800: 1872.183: [root rescan, 0.0639110 secs]2024-03-31T20:03:40.237+0800: 1872.248: [visit unhandled CLDs, 0.0001982 secs]2024-03-31T20:03:40.238+0800: 1872.248: [dirty klass scan, 0.0012524 secs], 0.0661750 secs]2024-03-31T20:03:40.239+0800: 1872.249: [weak refs processing, 0.0001476 secs]2024-03-31T20:03:40.239+0800: 1872.250: [class unloading, 0.0119489 secs]2024-03-31T20:03:40.252+0800: 1872.262: [scrub symbol table, 0.0109226 secs]2024-03-31T20:03:40.263+0800: 1872.273: [scrub string table, 0.0005250 secs][1 CMS-remark: 63K(64K)] 93301K(118016K), 0.0936730 secs] [Times: user=0.09 sys=0.00, real=0.09 secs] 
2024-03-31T20:03:40.267+0800: 1872.277: [CMS-concurrent-sweep-start]
2024-03-31T20:03:40.267+0800: 1872.277: [CMS-concurrent-sweep: 0.000/0.000 secs] [Times: user=0.00 sys=0.00, real=0.00 secs] 
2024-03-31T20:03:40.267+0800: 1872.278: [CMS-concurrent-reset-start]
2024-03-31T20:03:40.267+0800: 1872.278: [CMS-concurrent-reset: 0.000/0.000 secs] [Times: user=0.00 sys=0.00, real=0.00 secs] 
2024-03-31T20:03:42.274+0800: 1874.284: [GC (CMS Initial Mark) [1 CMS-initial-mark: 63K(64K)] 93528K(118016K), 0.1026463 secs] [Times: user=0.10 sys=0.00, real=0.10 secs] 
2024-03-31T20:03:42.378+0800: 1874.388: [CMS-concurrent-mark-start]
2024-03-31T20:03:42.378+0800: 1874.388: [CMS-concurrent-mark: 0.000/0.000 secs] [Times: user=0.00 sys=0.00, real=0.00 secs] 
2024-03-31T20:03:42.379+0800: 1874.389: [CMS-concurrent-preclean-start]
2024-03-31T20:03:42.380+0800: 1874.390: [CMS-concurrent-preclean: 0.001/0.001 secs] [Times: user=0.00 sys=0.00, real=0.00 secs] 
2024-03-31T20:03:42.380+0800: 1874.391: [CMS-concurrent-abortable-preclean-start]
2024-03-31T20:03:42.380+0800: 1874.391: [CMS-concurrent-abortable-preclean: 0.000/0.000 secs] [Times: user=0.00 sys=0.00, real=0.00 secs] 
2024-03-31T20:03:42.381+0800: 1874.391: [GC (CMS Final Remark) [YG occupancy: 93464 K (117952 K)]2024-03-31T20:03:42.381+0800: 1874.391: [Rescan (non-parallel) 2024-03-31T20:03:42.381+0800: 1874.392: [grey object rescan, 0.0001462 secs]2024-03-31T20:03:42.382+0800: 1874.392: [root rescan, 0.0659219 secs]2024-03-31T20:03:42.448+0800: 1874.458: [visit unhandled CLDs, 0.0001993 secs]2024-03-31T20:03:42.448+0800: 1874.458: [dirty klass scan, 0.0016280 secs], 0.0685595 secs]2024-03-31T20:03:42.450+0800: 1874.460: [weak refs processing, 0.0001775 secs]2024-03-31T20:03:42.450+0800: 1874.460: [class unloading, 0.0131722 secs]2024-03-31T20:03:42.464+0800: 1874.474: [scrub symbol table, 0.0144470 secs]2024-03-31T20:03:42.478+0800: 1874.489: [scrub string table, 0.0005818 secs][1 CMS-remark: 63K(64K)] 93528K(118016K), 0.1011168 secs] [Times: user=0.10 sys=0.00, real=0.10 secs] 
2024-03-31T20:03:42.484+0800: 1874.494: [CMS-concurrent-sweep-start]
2024-03-31T20:03:42.485+0800: 1874.495: [CMS-concurrent-sweep: 0.000/0.000 secs] [Times: user=0.01 sys=0.00, real=0.00 secs] 
2024-03-31T20:03:42.487+0800: 1874.497: [CMS-concurrent-reset-start]
2024-03-31T20:03:42.488+0800: 1874.499: [CMS-concurrent-reset: 0.000/0.000 secs] [Times: user=0.00 sys=0.00, real=0.01 secs] 
2024-03-31T20:03:44.492+0800: 1876.502: [GC (CMS Initial Mark) [1 CMS-initial-mark: 63K(64K)] 93666K(118016K), 0.1030308 secs] [Times: user=0.10 sys=0.00, real=0.10 secs] 
2024-03-31T20:03:44.596+0800: 1876.606: [CMS-concurrent-mark-start]
2024-03-31T20:03:44.597+0800: 1876.607: [CMS-concurrent-mark: 0.000/0.000 secs] [Times: user=0.00 sys=0.00, real=0.01 secs] 
2024-03-31T20:03:44.598+0800: 1876.608: [CMS-concurrent-preclean-start]
2024-03-31T20:03:44.600+0800: 1876.610: [CMS-concurrent-preclean: 0.001/0.001 secs] [Times: user=0.00 sys=0.00, real=0.00 secs] 
2024-03-31T20:03:44.601+0800: 1876.612: [CMS-concurrent-abortable-preclean-start]
2024-03-31T20:03:44.602+0800: 1876.612: [CMS-concurrent-abortable-preclean: 0.000/0.000 secs] [Times: user=0.01 sys=0.00, real=0.00 secs] 
2024-03-31T20:03:44.603+0800: 1876.613: [GC (CMS Final Remark) [YG occupancy: 93602 K (117952 K)]2024-03-31T20:03:44.603+0800: 1876.613: [Rescan (non-parallel) 2024-03-31T20:03:44.603+0800: 1876.613: [grey object rescan, 0.0001481 secs]2024-03-31T20:03:44.604+0800: 1876.614: [root rescan, 0.0651588 secs]2024-03-31T20:03:44.669+0800: 1876.679: [visit unhandled CLDs, 0.0001580 secs]2024-03-31T20:03:44.669+0800: 1876.679: [dirty klass scan, 0.0012999 secs], 0.0674823 secs]2024-03-31T20:03:44.671+0800: 1876.681: [weak refs processing, 0.0001422 secs]2024-03-31T20:03:44.671+0800: 1876.681: [class unloading, 0.0119441 secs]2024-03-31T20:03:44.683+0800: 1876.693: [scrub symbol table, 0.0098245 secs]2024-03-31T20:03:44.693+0800: 1876.703: [scrub string table, 0.0005160 secs][1 CMS-remark: 63K(64K)] 93666K(118016K), 0.0937373 secs] [Times: user=0.09 sys=0.00, real=0.09 secs] 
2024-03-31T20:03:44.697+0800: 1876.708: [CMS-concurrent-sweep-start]
2024-03-31T20:03:44.698+0800: 1876.708: [CMS-concurrent-sweep: 0.000/0.000 secs] [Times: user=0.00 sys=0.00, real=0.00 secs] 
2024-03-31T20:03:44.698+0800: 1876.709: [CMS-concurrent-reset-start]
2024-03-31T20:03:44.699+0800: 1876.709: [CMS-concurrent-reset: 0.000/0.000 secs] [Times: user=0.00 sys=0.00, real=0.00 secs] 
2024-03-31T20:03:46.703+0800: 1878.713: [GC (CMS Initial Mark) [1 CMS-initial-mark: 63K(64K)] 93751K(118016K), 0.0983565 secs] [Times: user=0.09 sys=0.01, real=0.10 secs] 
2024-03-31T20:03:46.802+0800: 1878.812: [CMS-concurrent-mark-start]
2024-03-31T20:03:46.803+0800: 1878.813: [CMS-concurrent-mark: 0.000/0.000 secs] [Times: user=0.01 sys=0.00, real=0.00 secs] 
2024-03-31T20:03:46.804+0800: 1878.814: [CMS-concurrent-preclean-start]
2024-03-31T20:03:46.806+0800: 1878.816: [CMS-concurrent-preclean: 0.001/0.001 secs] [Times: user=0.00 sys=0.00, real=0.00 secs] 
2024-03-31T20:03:46.807+0800: 1878.817: [CMS-concurrent-abortable-preclean-start]
2024-03-31T20:03:46.807+0800: 1878.817: [CMS-concurrent-abortable-preclean: 0.000/0.000 secs] [Times: user=0.00 sys=0.00, real=0.00 secs] 
2024-03-31T20:03:46.808+0800: 1878.818: [GC (CMS Final Remark) [YG occupancy: 93687 K (117952 K)]2024-03-31T20:03:46.808+0800: 1878.818: [Rescan (non-parallel) 2024-03-31T20:03:46.808+0800: 1878.819: [grey object rescan, 0.0001014 secs]2024-03-31T20:03:46.809+0800: 1878.819: [root rescan, 0.0635687 secs]2024-03-31T20:03:46.872+0800: 1878.883: [visit unhandled CLDs, 0.0001477 secs]2024-03-31T20:03:46.873+0800: 1878.883: [dirty klass scan, 0.0012247 secs], 0.0657146 secs]2024-03-31T20:03:46.874+0800: 1878.884: [weak refs processing, 0.0001616 secs]2024-03-31T20:03:46.874+0800: 1878.884: [class unloading, 0.0118125 secs]2024-03-31T20:03:46.886+0800: 1878.897: [scrub symbol table, 0.0097795 secs]2024-03-31T20:03:46.896+0800: 1878.907: [scrub string table, 0.0005031 secs][1 CMS-remark: 63K(64K)] 93751K(118016K), 0.0917454 secs] [Times: user=0.09 sys=0.00, real=0.09 secs] 
2024-03-31T20:03:46.900+0800: 1878.910: [CMS-concurrent-sweep-start]
2024-03-31T20:03:46.901+0800: 1878.911: [CMS-concurrent-sweep: 0.000/0.000 secs] [Times: user=0.00 sys=0.00, real=0.00 secs] 
2024-03-31T20:03:46.901+0800: 1878.911: [CMS-concurrent-reset-start]
2024-03-31T20:03:46.901+0800: 1878.911: [CMS-concurrent-reset: 0.000/0.000 secs] [Times: user=0.00 sys=0.00, real=0.00 secs] 
2024-03-31T20:03:48.906+0800: 1880.916: [GC (CMS Initial Mark) [1 CMS-initial-mark: 63K(64K)] 94059K(118016K), 0.1005644 secs] [Times: user=0.10 sys=0.00, real=0.10 secs] 
2024-03-31T20:03:49.007+0800: 1881.017: [CMS-concurrent-mark-start]
2024-03-31T20:03:49.008+0800: 1881.018: [CMS-concurrent-mark: 0.000/0.000 secs] [Times: user=0.00 sys=0.00, real=0.01 secs] 
2024-03-31T20:03:49.008+0800: 1881.019: [CMS-concurrent-preclean-start]
2024-03-31T20:03:49.010+0800: 1881.020: [CMS-concurrent-preclean: 0.001/0.001 secs] [Times: user=0.00 sys=0.00, real=0.00 secs] 
2024-03-31T20:03:49.011+0800: 1881.021: [CMS-concurrent-abortable-preclean-start]
2024-03-31T20:03:49.011+0800: 1881.021: [CMS-concurrent-abortable-preclean: 0.000/0.000 secs] [Times: user=0.00 sys=0.00, real=0.00 secs] 
2024-03-31T20:03:49.012+0800: 1881.022: [GC (CMS Final Remark) [YG occupancy: 93995 K (117952 K)]2024-03-31T20:03:49.012+0800: 1881.022: [Rescan (non-parallel) 2024-03-31T20:03:49.012+0800: 1881.022: [grey object rescan, 0.0001651 secs]2024-03-31T20:03:49.013+0800: 1881.023: [root rescan, 0.0648632 secs]2024-03-31T20:03:49.078+0800: 1881.088: [visit unhandled CLDs, 0.0002646 secs]2024-03-31T20:03:49.078+0800: 1881.088: [dirty klass scan, 0.0020122 secs], 0.0682599 secs]2024-03-31T20:03:49.081+0800: 1881.091: [weak refs processing, 0.0002133 secs]2024-03-31T20:03:49.081+0800: 1881.091: [class unloading, 0.0133626 secs]2024-03-31T20:03:49.094+0800: 1881.105: [scrub symbol table, 0.0150973 secs]2024-03-31T20:03:49.110+0800: 1881.120: [scrub string table, 0.0006528 secs][1 CMS-remark: 63K(64K)] 94059K(118016K), 0.1017128 secs] [Times: user=0.10 sys=0.00, real=0.10 secs] 
2024-03-31T20:03:49.115+0800: 1881.125: [CMS-concurrent-sweep-start]
2024-03-31T20:03:49.115+0800: 1881.126: [CMS-concurrent-sweep: 0.000/0.000 secs] [Times: user=0.00 sys=0.00, real=0.00 secs] 
2024-03-31T20:03:49.117+0800: 1881.127: [CMS-concurrent-reset-start]
2024-03-31T20:03:49.118+0800: 1881.128: [CMS-concurrent-reset: 0.000/0.000 secs] [Times: user=0.00 sys=0.00, real=0.01 secs] 
2024-03-31T20:03:51.122+0800: 1883.132: [GC (CMS Initial Mark) [1 CMS-initial-mark: 63K(64K)] 94146K(118016K), 0.0861380 secs] [Times: user=0.08 sys=0.00, real=0.09 secs] 
2024-03-31T20:03:51.209+0800: 1883.219: [CMS-concurrent-mark-start]
2024-03-31T20:03:51.210+0800: 1883.220: [CMS-concurrent-mark: 0.000/0.000 secs] [Times: user=0.01 sys=0.00, real=0.00 secs] 
2024-03-31T20:03:51.211+0800: 1883.221: [CMS-concurrent-preclean-start]
2024-03-31T20:03:51.213+0800: 1883.223: [CMS-concurrent-preclean: 0.001/0.001 secs] [Times: user=0.00 sys=0.00, real=0.00 secs] 
2024-03-31T20:03:51.213+0800: 1883.223: [CMS-concurrent-abortable-preclean-start]
2024-03-31T20:03:51.213+0800: 1883.223: [CMS-concurrent-abortable-preclean: 0.000/0.000 secs] [Times: user=0.00 sys=0.00, real=0.00 secs] 
2024-03-31T20:03:51.214+0800: 1883.224: [GC (CMS Final Remark) [YG occupancy: 94082 K (117952 K)]2024-03-31T20:03:51.214+0800: 1883.224: [Rescan (non-parallel) 2024-03-31T20:03:51.214+0800: 1883.225: [grey object rescan, 0.0001201 secs]2024-03-31T20:03:51.215+0800: 1883.225: [root rescan, 0.0658194 secs]2024-03-31T20:03:51.281+0800: 1883.291: [visit unhandled CLDs, 0.0001749 secs]2024-03-31T20:03:51.281+0800: 1883.291: [dirty klass scan, 0.0012399 secs], 0.0681177 secs]2024-03-31T20:03:51.282+0800: 1883.293: [weak refs processing, 0.0001409 secs]2024-03-31T20:03:51.283+0800: 1883.293: [class unloading, 0.0123053 secs]2024-03-31T20:03:51.295+0800: 1883.305: [scrub symbol table, 0.0103375 secs]2024-03-31T20:03:51.306+0800: 1883.316: [scrub string table, 0.0006133 secs][1 CMS-remark: 63K(64K)] 94146K(118016K), 0.0954983 secs] [Times: user=0.09 sys=0.00, real=0.10 secs] 
2024-03-31T20:03:51.310+0800: 1883.321: [CMS-concurrent-sweep-start]
2024-03-31T20:03:51.311+0800: 1883.321: [CMS-concurrent-sweep: 0.000/0.000 secs] [Times: user=0.00 sys=0.00, real=0.00 secs] 
2024-03-31T20:03:51.311+0800: 1883.321: [CMS-concurrent-reset-start]
2024-03-31T20:03:51.312+0800: 1883.322: [CMS-concurrent-reset: 0.000/0.000 secs] [Times: user=0.00 sys=0.00, real=0.00 secs] 
2024-03-31T20:03:53.313+0800: 1885.323: [GC (CMS Initial Mark) [1 CMS-initial-mark: 63K(64K)] 94366K(118016K), 0.0656325 secs] [Times: user=0.06 sys=0.00, real=0.07 secs] 
2024-03-31T20:03:53.379+0800: 1885.389: [CMS-concurrent-mark-start]
2024-03-31T20:03:53.380+0800: 1885.390: [CMS-concurrent-mark: 0.000/0.000 secs] [Times: user=0.00 sys=0.01, real=0.00 secs] 
2024-03-31T20:03:53.380+0800: 1885.391: [CMS-concurrent-preclean-start]
2024-03-31T20:03:53.382+0800: 1885.392: [CMS-concurrent-preclean: 0.001/0.001 secs] [Times: user=0.01 sys=0.00, real=0.00 secs] 
2024-03-31T20:03:53.383+0800: 1885.393: [CMS-concurrent-abortable-preclean-start]
2024-03-31T20:03:53.384+0800: 1885.394: [CMS-concurrent-abortable-preclean: 0.000/0.000 secs] [Times: user=0.00 sys=0.00, real=0.00 secs] 
2024-03-31T20:03:53.385+0800: 1885.395: [GC (CMS Final Remark) [YG occupancy: 94339 K (117952 K)]2024-03-31T20:03:53.385+0800: 1885.395: [Rescan (non-parallel) 2024-03-31T20:03:53.385+0800: 1885.395: [grey object rescan, 0.0000974 secs]2024-03-31T20:03:53.385+0800: 1885.395: [root rescan, 0.0664033 secs]2024-03-31T20:03:53.452+0800: 1885.462: [visit unhandled CLDs, 0.0001765 secs]2024-03-31T20:03:53.452+0800: 1885.462: [dirty klass scan, 0.0014899 secs], 0.0688576 secs]2024-03-31T20:03:53.454+0800: 1885.464: [weak refs processing, 0.0001361 secs]2024-03-31T20:03:53.454+0800: 1885.464: [class unloading, 0.0121707 secs]2024-03-31T20:03:53.467+0800: 1885.477: [scrub symbol table, 0.0107569 secs]2024-03-31T20:03:53.477+0800: 1885.488: [scrub string table, 0.0005378 secs][1 CMS-remark: 63K(64K)] 94403K(118016K), 0.0961914 secs] [Times: user=0.09 sys=0.00, real=0.10 secs] 
2024-03-31T20:03:53.482+0800: 1885.492: [CMS-concurrent-sweep-start]
2024-03-31T20:03:53.482+0800: 1885.492: [CMS-concurrent-sweep: 0.000/0.000 secs] [Times: user=0.00 sys=0.00, real=0.00 secs] 
2024-03-31T20:03:53.482+0800: 1885.492: [CMS-concurrent-reset-start]
2024-03-31T20:03:53.482+0800: 1885.492: [CMS-concurrent-reset: 0.000/0.000 secs] [Times: user=0.00 sys=0.00, real=0.00 secs] 
2024-03-31T20:03:55.490+0800: 1887.500: [GC (CMS Initial Mark) [1 CMS-initial-mark: 63K(64K)] 94584K(118016K), 0.1101903 secs] [Times: user=0.11 sys=0.00, real=0.11 secs] 
2024-03-31T20:03:55.601+0800: 1887.611: [CMS-concurrent-mark-start]
2024-03-31T20:03:55.601+0800: 1887.611: [CMS-concurrent-mark: 0.000/0.000 secs] [Times: user=0.00 sys=0.00, real=0.00 secs] 
2024-03-31T20:03:55.602+0800: 1887.612: [CMS-concurrent-preclean-start]
2024-03-31T20:03:55.603+0800: 1887.614: [CMS-concurrent-preclean: 0.001/0.001 secs] [Times: user=0.00 sys=0.00, real=0.00 secs] 
2024-03-31T20:03:55.604+0800: 1887.614: [CMS-concurrent-abortable-preclean-start]
2024-03-31T20:03:55.604+0800: 1887.614: [CMS-concurrent-abortable-preclean: 0.000/0.000 secs] [Times: user=0.00 sys=0.00, real=0.00 secs] 
2024-03-31T20:03:55.605+0800: 1887.615: [GC (CMS Final Remark) [YG occupancy: 94521 K (117952 K)]2024-03-31T20:03:55.605+0800: 1887.615: [Rescan (non-parallel) 2024-03-31T20:03:55.605+0800: 1887.615: [grey object rescan, 0.0001012 secs]2024-03-31T20:03:55.605+0800: 1887.615: [root rescan, 0.0645758 secs]2024-03-31T20:03:55.670+0800: 1887.680: [visit unhandled CLDs, 0.0001480 secs]2024-03-31T20:03:55.670+0800: 1887.680: [dirty klass scan, 0.0012337 secs], 0.0666606 secs]2024-03-31T20:03:55.672+0800: 1887.682: [weak refs processing, 0.0001511 secs]2024-03-31T20:03:55.672+0800: 1887.682: [class unloading, 0.0115365 secs]2024-03-31T20:03:55.684+0800: 1887.694: [scrub symbol table, 0.0098278 secs]2024-03-31T20:03:55.694+0800: 1887.704: [scrub string table, 0.0005283 secs][1 CMS-remark: 63K(64K)] 94584K(118016K), 0.0922821 secs] [Times: user=0.09 sys=0.00, real=0.10 secs] 
2024-03-31T20:03:55.698+0800: 1887.708: [CMS-concurrent-sweep-start]
2024-03-31T20:03:55.698+0800: 1887.709: [CMS-concurrent-sweep: 0.000/0.000 secs] [Times: user=0.00 sys=0.00, real=0.00 secs] 
2024-03-31T20:03:55.700+0800: 1887.710: [CMS-concurrent-reset-start]
2024-03-31T20:03:55.700+0800: 1887.710: [CMS-concurrent-reset: 0.000/0.000 secs] [Times: user=0.00 sys=0.00, real=0.00 secs] 
2024-03-31T20:03:57.709+0800: 1889.720: [GC (CMS Initial Mark) [1 CMS-initial-mark: 63K(64K)] 94732K(118016K), 0.1045163 secs] [Times: user=0.11 sys=0.00, real=0.10 secs] 
2024-03-31T20:03:57.814+0800: 1889.825: [CMS-concurrent-mark-start]
2024-03-31T20:03:57.815+0800: 1889.825: [CMS-concurrent-mark: 0.000/0.000 secs] [Times: user=0.00 sys=0.00, real=0.00 secs] 
2024-03-31T20:03:57.816+0800: 1889.826: [CMS-concurrent-preclean-start]
2024-03-31T20:03:57.818+0800: 1889.828: [CMS-concurrent-preclean: 0.001/0.001 secs] [Times: user=0.00 sys=0.00, real=0.01 secs] 
2024-03-31T20:03:57.819+0800: 1889.830: [CMS-concurrent-abortable-preclean-start]
2024-03-31T20:03:57.820+0800: 1889.830: [CMS-concurrent-abortable-preclean: 0.000/0.000 secs] [Times: user=0.00 sys=0.00, real=0.00 secs] 
2024-03-31T20:03:57.821+0800: 1889.831: [GC (CMS Final Remark) [YG occupancy: 94669 K (117952 K)]2024-03-31T20:03:57.821+0800: 1889.831: [Rescan (non-parallel) 2024-03-31T20:03:57.821+0800: 1889.831: [grey object rescan, 0.0000841 secs]2024-03-31T20:03:57.821+0800: 1889.832: [root rescan, 0.0651847 secs]2024-03-31T20:03:57.887+0800: 1889.897: [visit unhandled CLDs, 0.0001084 secs]2024-03-31T20:03:57.887+0800: 1889.897: [dirty klass scan, 0.0012811 secs], 0.0671467 secs]2024-03-31T20:03:57.888+0800: 1889.898: [weak refs processing, 0.0001008 secs]2024-03-31T20:03:57.888+0800: 1889.899: [class unloading, 0.0118913 secs]2024-03-31T20:03:57.901+0800: 1889.911: [scrub symbol table, 0.0096854 secs]2024-03-31T20:03:57.910+0800: 1889.921: [scrub string table, 0.0004638 secs][1 CMS-remark: 63K(64K)] 94732K(118016K), 0.0927850 secs] [Times: user=0.09 sys=0.00, real=0.09 secs] 
2024-03-31T20:03:57.914+0800: 1889.925: [CMS-concurrent-sweep-start]
2024-03-31T20:03:57.915+0800: 1889.925: [CMS-concurrent-sweep: 0.000/0.000 secs] [Times: user=0.00 sys=0.01, real=0.00 secs] 
2024-03-31T20:03:57.915+0800: 1889.925: [CMS-concurrent-reset-start]
2024-03-31T20:03:57.915+0800: 1889.926: [CMS-concurrent-reset: 0.000/0.000 secs] [Times: user=0.00 sys=0.00, real=0.00 secs] 
2024-03-31T20:03:59.925+0800: 1891.935: [GC (CMS Initial Mark) [1 CMS-initial-mark: 63K(64K)] 94986K(118016K), 0.1067377 secs] [Times: user=0.10 sys=0.00, real=0.11 secs] 
2024-03-31T20:04:00.032+0800: 1892.042: [CMS-concurrent-mark-start]
2024-03-31T20:04:00.033+0800: 1892.043: [CMS-concurrent-mark: 0.000/0.000 secs] [Times: user=0.00 sys=0.00, real=0.00 secs] 
2024-03-31T20:04:00.034+0800: 1892.044: [CMS-concurrent-preclean-start]
2024-03-31T20:04:00.036+0800: 1892.046: [CMS-concurrent-preclean: 0.001/0.001 secs] [Times: user=0.01 sys=0.00, real=0.00 secs] 
2024-03-31T20:04:00.038+0800: 1892.047: [CMS-concurrent-abortable-preclean-start]
2024-03-31T20:04:00.039+0800: 1892.048: [CMS-concurrent-abortable-preclean: 0.000/0.000 secs] [Times: user=0.00 sys=0.00, real=0.01 secs] 
2024-03-31T20:04:00.041+0800: 1892.051: [GC (CMS Final Remark) [YG occupancy: 94930 K (117952 K)]2024-03-31T20:04:00.041+0800: 1892.051: [Rescan (non-parallel) 2024-03-31T20:04:00.042+0800: 1892.051: [grey object rescan, 0.0001085 secs]2024-03-31T20:04:00.042+0800: 1892.052: [root rescan, 0.0652768 secs]2024-03-31T20:04:00.107+0800: 1892.117: [visit unhandled CLDs, 0.0001710 secs]2024-03-31T20:04:00.108+0800: 1892.117: [dirty klass scan, 0.0013698 secs], 0.0675410 secs]2024-03-31T20:04:00.109+0800: 1892.119: [weak refs processing, 0.0001570 secs]2024-03-31T20:04:00.109+0800: 1892.119: [class unloading, 0.0119014 secs]2024-03-31T20:04:00.122+0800: 1892.131: [scrub symbol table, 0.0097465 secs]2024-03-31T20:04:00.131+0800: 1892.141: [scrub string table, 0.0005050 secs][1 CMS-remark: 63K(64K)] 94994K(118016K), 0.0935653 secs] [Times: user=0.09 sys=0.00, real=0.09 secs] 
2024-03-31T20:04:00.136+0800: 1892.146: [CMS-concurrent-sweep-start]
2024-03-31T20:04:00.136+0800: 1892.146: [CMS-concurrent-sweep: 0.000/0.000 secs] [Times: user=0.01 sys=0.00, real=0.00 secs] 
2024-03-31T20:04:00.137+0800: 1892.147: [CMS-concurrent-reset-start]
2024-03-31T20:04:00.138+0800: 1892.148: [CMS-concurrent-reset: 0.000/0.000 secs] [Times: user=0.00 sys=0.00, real=0.01 secs] 
2024-03-31T20:04:02.148+0800: 1894.158: [GC (CMS Initial Mark) [1 CMS-initial-mark: 63K(64K)] 95205K(118016K), 0.1067088 secs] [Times: user=0.11 sys=0.00, real=0.11 secs] 
2024-03-31T20:04:02.255+0800: 1894.265: [CMS-concurrent-mark-start]
2024-03-31T20:04:02.256+0800: 1894.265: [CMS-concurrent-mark: 0.000/0.000 secs] [Times: user=0.00 sys=0.00, real=0.00 secs] 
2024-03-31T20:04:02.256+0800: 1894.266: [CMS-concurrent-preclean-start]
2024-03-31T20:04:02.258+0800: 1894.268: [CMS-concurrent-preclean: 0.001/0.001 secs] [Times: user=0.00 sys=0.00, real=0.01 secs] 
2024-03-31T20:04:02.259+0800: 1894.269: [CMS-concurrent-abortable-preclean-start]
2024-03-31T20:04:02.259+0800: 1894.269: [CMS-concurrent-abortable-preclean: 0.000/0.000 secs] [Times: user=0.01 sys=0.00, real=0.00 secs] 
2024-03-31T20:04:02.260+0800: 1894.270: [GC (CMS Final Remark) [YG occupancy: 95143 K (117952 K)]2024-03-31T20:04:02.260+0800: 1894.270: [Rescan (non-parallel) 2024-03-31T20:04:02.260+0800: 1894.270: [grey object rescan, 0.0001103 secs]2024-03-31T20:04:02.260+0800: 1894.270: [root rescan, 0.0651683 secs]2024-03-31T20:04:02.326+0800: 1894.336: [visit unhandled CLDs, 0.0001732 secs]2024-03-31T20:04:02.326+0800: 1894.336: [dirty klass scan, 0.0012868 secs], 0.0674213 secs]2024-03-31T20:04:02.328+0800: 1894.337: [weak refs processing, 0.0001415 secs]2024-03-31T20:04:02.328+0800: 1894.338: [class unloading, 0.0119070 secs]2024-03-31T20:04:02.340+0800: 1894.350: [scrub symbol table, 0.0097225 secs]2024-03-31T20:04:02.350+0800: 1894.360: [scrub string table, 0.0004844 secs][1 CMS-remark: 63K(64K)] 95207K(118016K), 0.0933644 secs] [Times: user=0.09 sys=0.00, real=0.09 secs] 
2024-03-31T20:04:02.354+0800: 1894.364: [CMS-concurrent-sweep-start]
2024-03-31T20:04:02.354+0800: 1894.364: [CMS-concurrent-sweep: 0.000/0.000 secs] [Times: user=0.00 sys=0.00, real=0.00 secs] 
2024-03-31T20:04:02.354+0800: 1894.364: [CMS-concurrent-reset-start]
2024-03-31T20:04:02.354+0800: 1894.364: [CMS-concurrent-reset: 0.000/0.000 secs] [Times: user=0.00 sys=0.00, real=0.00 secs] 
2024-03-31T20:04:04.361+0800: 1896.371: [GC (CMS Initial Mark) [1 CMS-initial-mark: 63K(64K)] 95338K(118016K), 0.1063928 secs] [Times: user=0.11 sys=0.00, real=0.10 secs] 
2024-03-31T20:04:04.468+0800: 1896.478: [CMS-concurrent-mark-start]
2024-03-31T20:04:04.469+0800: 1896.478: [CMS-concurrent-mark: 0.000/0.000 secs] [Times: user=0.00 sys=0.00, real=0.00 secs] 
2024-03-31T20:04:04.469+0800: 1896.479: [CMS-concurrent-preclean-start]
2024-03-31T20:04:04.471+0800: 1896.481: [CMS-concurrent-preclean: 0.001/0.001 secs] [Times: user=0.00 sys=0.00, real=0.00 secs] 
2024-03-31T20:04:04.471+0800: 1896.481: [CMS-concurrent-abortable-preclean-start]
2024-03-31T20:04:04.472+0800: 1896.481: [CMS-concurrent-abortable-preclean: 0.000/0.000 secs] [Times: user=0.00 sys=0.00, real=0.00 secs] 
2024-03-31T20:04:04.473+0800: 1896.483: [GC (CMS Final Remark) [YG occupancy: 95279 K (117952 K)]2024-03-31T20:04:04.473+0800: 1896.483: [Rescan (non-parallel) 2024-03-31T20:04:04.473+0800: 1896.483: [grey object rescan, 0.0001083 secs]2024-03-31T20:04:04.473+0800: 1896.483: [root rescan, 0.0651283 secs]2024-03-31T20:04:04.539+0800: 1896.549: [visit unhandled CLDs, 0.0001593 secs]2024-03-31T20:04:04.539+0800: 1896.549: [dirty klass scan, 0.0012184 secs], 0.0672297 secs]2024-03-31T20:04:04.540+0800: 1896.550: [weak refs processing, 0.0001373 secs]2024-03-31T20:04:04.541+0800: 1896.550: [class unloading, 0.0118128 secs]2024-03-31T20:04:04.553+0800: 1896.563: [scrub symbol table, 0.0096435 secs]2024-03-31T20:04:04.562+0800: 1896.572: [scrub string table, 0.0004967 secs][1 CMS-remark: 63K(64K)] 95343K(118016K), 0.0929793 secs] [Times: user=0.09 sys=0.00, real=0.09 secs] 
2024-03-31T20:04:04.567+0800: 1896.577: [CMS-concurrent-sweep-start]
2024-03-31T20:04:04.567+0800: 1896.577: [CMS-concurrent-sweep: 0.000/0.000 secs] [Times: user=0.00 sys=0.00, real=0.00 secs] 
2024-03-31T20:04:04.568+0800: 1896.578: [CMS-concurrent-reset-start]
2024-03-31T20:04:04.568+0800: 1896.578: [CMS-concurrent-reset: 0.000/0.000 secs] [Times: user=0.00 sys=0.00, real=0.00 secs] 
2024-03-31T20:04:06.574+0800: 1898.584: [GC (CMS Initial Mark) [1 CMS-initial-mark: 63K(64K)] 95580K(118016K), 0.1006361 secs] [Times: user=0.10 sys=0.00, real=0.10 secs] 
2024-03-31T20:04:06.675+0800: 1898.685: [CMS-concurrent-mark-start]
2024-03-31T20:04:06.676+0800: 1898.686: [CMS-concurrent-mark: 0.000/0.000 secs] [Times: user=0.00 sys=0.00, real=0.00 secs] 
2024-03-31T20:04:06.677+0800: 1898.686: [CMS-concurrent-preclean-start]
2024-03-31T20:04:06.678+0800: 1898.688: [CMS-concurrent-preclean: 0.001/0.001 secs] [Times: user=0.01 sys=0.00, real=0.01 secs] 
2024-03-31T20:04:06.679+0800: 1898.689: [CMS-concurrent-abortable-preclean-start]
2024-03-31T20:04:06.679+0800: 1898.689: [CMS-concurrent-abortable-preclean: 0.000/0.000 secs] [Times: user=0.00 sys=0.00, real=0.00 secs] 
2024-03-31T20:04:06.680+0800: 1898.690: [GC (CMS Final Remark) [YG occupancy: 95516 K (117952 K)]2024-03-31T20:04:06.680+0800: 1898.690: [Rescan (non-parallel) 2024-03-31T20:04:06.680+0800: 1898.690: [grey object rescan, 0.0000965 secs]2024-03-31T20:04:06.681+0800: 1898.690: [root rescan, 0.0644970 secs]2024-03-31T20:04:06.745+0800: 1898.755: [visit unhandled CLDs, 0.0001790 secs]2024-03-31T20:04:06.746+0800: 1898.755: [dirty klass scan, 0.0011674 secs], 0.0665982 secs]2024-03-31T20:04:06.747+0800: 1898.757: [weak refs processing, 0.0001458 secs]2024-03-31T20:04:06.747+0800: 1898.757: [class unloading, 0.0118887 secs]2024-03-31T20:04:06.759+0800: 1898.769: [scrub symbol table, 0.0098005 secs]2024-03-31T20:04:06.769+0800: 1898.779: [scrub string table, 0.0005155 secs][1 CMS-remark: 63K(64K)] 95580K(118016K), 0.0925772 secs] [Times: user=0.09 sys=0.00, real=0.09 secs] 
2024-03-31T20:04:06.773+0800: 1898.783: [CMS-concurrent-sweep-start]
2024-03-31T20:04:06.773+0800: 1898.783: [CMS-concurrent-sweep: 0.000/0.000 secs] [Times: user=0.00 sys=0.00, real=0.00 secs] 
2024-03-31T20:04:06.774+0800: 1898.784: [CMS-concurrent-reset-start]
2024-03-31T20:04:06.774+0800: 1898.784: [CMS-concurrent-reset: 0.000/0.000 secs] [Times: user=0.00 sys=0.00, real=0.00 secs] 
2024-03-31T20:04:08.777+0800: 1900.787: [GC (CMS Initial Mark) [1 CMS-initial-mark: 63K(64K)] 95723K(118016K), 0.0636205 secs] [Times: user=0.07 sys=0.01, real=0.07 secs] 
2024-03-31T20:04:08.841+0800: 1900.851: [CMS-concurrent-mark-start]
2024-03-31T20:04:08.842+0800: 1900.852: [CMS-concurrent-mark: 0.000/0.000 secs] [Times: user=0.00 sys=0.00, real=0.00 secs] 
2024-03-31T20:04:08.842+0800: 1900.852: [CMS-concurrent-preclean-start]
2024-03-31T20:04:08.844+0800: 1900.854: [CMS-concurrent-preclean: 0.001/0.001 secs] [Times: user=0.00 sys=0.00, real=0.00 secs] 
2024-03-31T20:04:08.844+0800: 1900.854: [CMS-concurrent-abortable-preclean-start]
2024-03-31T20:04:08.845+0800: 1900.855: [CMS-concurrent-abortable-preclean: 0.000/0.000 secs] [Times: user=0.00 sys=0.00, real=0.00 secs] 
2024-03-31T20:04:08.846+0800: 1900.856: [GC (CMS Final Remark) [YG occupancy: 95659 K (117952 K)]2024-03-31T20:04:08.846+0800: 1900.856: [Rescan (non-parallel) 2024-03-31T20:04:08.846+0800: 1900.856: [grey object rescan, 0.0000997 secs]2024-03-31T20:04:08.846+0800: 1900.856: [root rescan, 0.0649112 secs]2024-03-31T20:04:08.912+0800: 1900.921: [visit unhandled CLDs, 0.0001570 secs]2024-03-31T20:04:08.912+0800: 1900.922: [dirty klass scan, 0.0011833 secs], 0.0669916 secs]2024-03-31T20:04:08.913+0800: 1900.923: [weak refs processing, 0.0001342 secs]2024-03-31T20:04:08.913+0800: 1900.923: [class unloading, 0.0122381 secs]2024-03-31T20:04:08.926+0800: 1900.936: [scrub symbol table, 0.0096643 secs]2024-03-31T20:04:08.936+0800: 1900.946: [scrub string table, 0.0004991 secs][1 CMS-remark: 63K(64K)] 95723K(118016K), 0.0931371 secs] [Times: user=0.09 sys=0.00, real=0.10 secs] 
2024-03-31T20:04:08.940+0800: 1900.949: [CMS-concurrent-sweep-start]
2024-03-31T20:04:08.940+0800: 1900.950: [CMS-concurrent-sweep: 0.000/0.000 secs] [Times: user=0.00 sys=0.00, real=0.00 secs] 
2024-03-31T20:04:08.941+0800: 1900.951: [CMS-concurrent-reset-start]
2024-03-31T20:04:08.942+0800: 1900.951: [CMS-concurrent-reset: 0.000/0.000 secs] [Times: user=0.00 sys=0.00, real=0.00 secs] 
2024-03-31T20:04:10.951+0800: 1902.961: [GC (CMS Initial Mark) [1 CMS-initial-mark: 63K(64K)] 95987K(118016K), 0.1031255 secs] [Times: user=0.10 sys=0.00, real=0.10 secs] 
2024-03-31T20:04:11.055+0800: 1903.065: [CMS-concurrent-mark-start]
2024-03-31T20:04:11.056+0800: 1903.066: [CMS-concurrent-mark: 0.000/0.000 secs] [Times: user=0.01 sys=0.00, real=0.00 secs] 
2024-03-31T20:04:11.057+0800: 1903.067: [CMS-concurrent-preclean-start]
2024-03-31T20:04:11.060+0800: 1903.070: [CMS-concurrent-preclean: 0.001/0.001 secs] [Times: user=0.00 sys=0.00, real=0.01 secs] 
2024-03-31T20:04:11.061+0800: 1903.070: [CMS-concurrent-abortable-preclean-start]
2024-03-31T20:04:11.062+0800: 1903.071: [CMS-concurrent-abortable-preclean: 0.000/0.000 secs] [Times: user=0.00 sys=0.00, real=0.00 secs] 
2024-03-31T20:04:11.063+0800: 1903.073: [GC (CMS Final Remark) [YG occupancy: 95923 K (117952 K)]2024-03-31T20:04:11.063+0800: 1903.073: [Rescan (non-parallel) 2024-03-31T20:04:11.063+0800: 1903.073: [grey object rescan, 0.0001229 secs]2024-03-31T20:04:11.063+0800: 1903.073: [root rescan, 0.0649818 secs]2024-03-31T20:04:11.129+0800: 1903.138: [visit unhandled CLDs, 0.0002003 secs]2024-03-31T20:04:11.129+0800: 1903.139: [dirty klass scan, 0.0012215 secs], 0.0672103 secs]2024-03-31T20:04:11.130+0800: 1903.140: [weak refs processing, 0.0001293 secs]2024-03-31T20:04:11.130+0800: 1903.140: [class unloading, 0.0116750 secs]2024-03-31T20:04:11.142+0800: 1903.152: [scrub symbol table, 0.0096859 secs]2024-03-31T20:04:11.152+0800: 1903.162: [scrub string table, 0.0005313 secs][1 CMS-remark: 63K(64K)] 95987K(118016K), 0.0928870 secs] [Times: user=0.09 sys=0.00, real=0.09 secs] 
2024-03-31T20:04:11.156+0800: 1903.166: [CMS-concurrent-sweep-start]
2024-03-31T20:04:11.157+0800: 1903.166: [CMS-concurrent-sweep: 0.000/0.000 secs] [Times: user=0.01 sys=0.00, real=0.00 secs] 
2024-03-31T20:04:11.157+0800: 1903.167: [CMS-concurrent-reset-start]
2024-03-31T20:04:11.158+0800: 1903.167: [CMS-concurrent-reset: 0.000/0.000 secs] [Times: user=0.00 sys=0.00, real=0.01 secs] 
2024-03-31T20:04:13.169+0800: 1905.179: [GC (CMS Initial Mark) [1 CMS-initial-mark: 63K(64K)] 96115K(118016K), 0.1038382 secs] [Times: user=0.10 sys=0.00, real=0.10 secs] 
2024-03-31T20:04:13.274+0800: 1905.284: [CMS-concurrent-mark-start]
2024-03-31T20:04:13.275+0800: 1905.285: [CMS-concurrent-mark: 0.000/0.000 secs] [Times: user=0.01 sys=0.00, real=0.00 secs] 
2024-03-31T20:04:13.275+0800: 1905.285: [CMS-concurrent-preclean-start]
2024-03-31T20:04:13.277+0800: 1905.287: [CMS-concurrent-preclean: 0.001/0.001 secs] [Times: user=0.00 sys=0.00, real=0.00 secs] 
2024-03-31T20:04:13.278+0800: 1905.288: [CMS-concurrent-abortable-preclean-start]
2024-03-31T20:04:13.278+0800: 1905.288: [CMS-concurrent-abortable-preclean: 0.000/0.000 secs] [Times: user=0.00 sys=0.00, real=0.01 secs] 
2024-03-31T20:04:13.279+0800: 1905.289: [GC (CMS Final Remark) [YG occupancy: 96051 K (117952 K)]2024-03-31T20:04:13.279+0800: 1905.289: [Rescan (non-parallel) 2024-03-31T20:04:13.279+0800: 1905.289: [grey object rescan, 0.0000979 secs]2024-03-31T20:04:13.280+0800: 1905.289: [root rescan, 0.0650234 secs]2024-03-31T20:04:13.345+0800: 1905.355: [visit unhandled CLDs, 0.0001603 secs]2024-03-31T20:04:13.345+0800: 1905.355: [dirty klass scan, 0.0012755 secs], 0.0671711 secs]2024-03-31T20:04:13.347+0800: 1905.356: [weak refs processing, 0.0001401 secs]2024-03-31T20:04:13.347+0800: 1905.357: [class unloading, 0.0115882 secs]2024-03-31T20:04:13.359+0800: 1905.368: [scrub symbol table, 0.0095556 secs]2024-03-31T20:04:13.368+0800: 1905.378: [scrub string table, 0.0005369 secs][1 CMS-remark: 63K(64K)] 96115K(118016K), 0.0926066 secs] [Times: user=0.09 sys=0.00, real=0.09 secs] 
2024-03-31T20:04:13.372+0800: 1905.382: [CMS-concurrent-sweep-start]
2024-03-31T20:04:13.373+0800: 1905.382: [CMS-concurrent-sweep: 0.000/0.000 secs] [Times: user=0.00 sys=0.00, real=0.00 secs] 
2024-03-31T20:04:13.373+0800: 1905.383: [CMS-concurrent-reset-start]
2024-03-31T20:04:13.373+0800: 1905.383: [CMS-concurrent-reset: 0.000/0.000 secs] [Times: user=0.00 sys=0.00, real=0.00 secs] 
2024-03-31T20:04:15.381+0800: 1907.391: [GC (CMS Initial Mark) [1 CMS-initial-mark: 63K(64K)] 96294K(118016K), 0.1046960 secs] [Times: user=0.11 sys=0.00, real=0.10 secs] 
2024-03-31T20:04:15.487+0800: 1907.497: [CMS-concurrent-mark-start]
2024-03-31T20:04:15.488+0800: 1907.498: [CMS-concurrent-mark: 0.000/0.000 secs] [Times: user=0.00 sys=0.00, real=0.01 secs] 
2024-03-31T20:04:15.488+0800: 1907.498: [CMS-concurrent-preclean-start]
2024-03-31T20:04:15.490+0800: 1907.500: [CMS-concurrent-preclean: 0.001/0.001 secs] [Times: user=0.00 sys=0.00, real=0.00 secs] 
2024-03-31T20:04:15.491+0800: 1907.501: [CMS-concurrent-abortable-preclean-start]
2024-03-31T20:04:15.491+0800: 1907.501: [CMS-concurrent-abortable-preclean: 0.000/0.000 secs] [Times: user=0.00 sys=0.00, real=0.00 secs] 
2024-03-31T20:04:15.492+0800: 1907.502: [GC (CMS Final Remark) [YG occupancy: 96231 K (117952 K)]2024-03-31T20:04:15.492+0800: 1907.502: [Rescan (non-parallel) 2024-03-31T20:04:15.492+0800: 1907.502: [grey object rescan, 0.0001136 secs]2024-03-31T20:04:15.492+0800: 1907.502: [root rescan, 0.0651089 secs]2024-03-31T20:04:15.558+0800: 1907.568: [visit unhandled CLDs, 0.0001597 secs]2024-03-31T20:04:15.558+0800: 1907.568: [dirty klass scan, 0.0014065 secs], 0.0674332 secs]2024-03-31T20:04:15.560+0800: 1907.569: [weak refs processing, 0.0001478 secs]2024-03-31T20:04:15.560+0800: 1907.570: [class unloading, 0.0121471 secs]2024-03-31T20:04:15.572+0800: 1907.582: [scrub symbol table, 0.0096396 secs]2024-03-31T20:04:15.582+0800: 1907.592: [scrub string table, 0.0004845 secs][1 CMS-remark: 63K(64K)] 96294K(118016K), 0.0935995 secs] [Times: user=0.09 sys=0.00, real=0.09 secs] 
2024-03-31T20:04:15.586+0800: 1907.596: [CMS-concurrent-sweep-start]
2024-03-31T20:04:15.586+0800: 1907.596: [CMS-concurrent-sweep: 0.000/0.000 secs] [Times: user=0.00 sys=0.00, real=0.00 secs] 
2024-03-31T20:04:15.586+0800: 1907.596: [CMS-concurrent-reset-start]
2024-03-31T20:04:15.586+0800: 1907.596: [CMS-concurrent-reset: 0.000/0.000 secs] [Times: user=0.00 sys=0.00, real=0.00 secs] 
2024-03-31T20:04:17.593+0800: 1909.603: [GC (CMS Initial Mark) [1 CMS-initial-mark: 63K(64K)] 96457K(118016K), 0.0963025 secs] [Times: user=0.10 sys=0.00, real=0.10 secs] 
2024-03-31T20:04:17.690+0800: 1909.700: [CMS-concurrent-mark-start]
2024-03-31T20:04:17.690+0800: 1909.700: [CMS-concurrent-mark: 0.000/0.000 secs] [Times: user=0.00 sys=0.00, real=0.00 secs] 
2024-03-31T20:04:17.691+0800: 1909.701: [CMS-concurrent-preclean-start]
2024-03-31T20:04:17.692+0800: 1909.702: [CMS-concurrent-preclean: 0.001/0.001 secs] [Times: user=0.00 sys=0.00, real=0.00 secs] 
2024-03-31T20:04:17.693+0800: 1909.703: [CMS-concurrent-abortable-preclean-start]
2024-03-31T20:04:17.693+0800: 1909.703: [CMS-concurrent-abortable-preclean: 0.000/0.000 secs] [Times: user=0.00 sys=0.00, real=0.00 secs] 
2024-03-31T20:04:17.694+0800: 1909.703: [GC (CMS Final Remark) [YG occupancy: 96404 K (117952 K)]2024-03-31T20:04:17.694+0800: 1909.704: [Rescan (non-parallel) 2024-03-31T20:04:17.694+0800: 1909.704: [grey object rescan, 0.0001490 secs]2024-03-31T20:04:17.694+0800: 1909.704: [root rescan, 0.0652255 secs]2024-03-31T20:04:17.760+0800: 1909.769: [visit unhandled CLDs, 0.0001815 secs]2024-03-31T20:04:17.760+0800: 1909.770: [dirty klass scan, 0.0012116 secs], 0.0674026 secs]2024-03-31T20:04:17.761+0800: 1909.771: [weak refs processing, 0.0001475 secs]2024-03-31T20:04:17.762+0800: 1909.771: [class unloading, 0.0115861 secs]2024-03-31T20:04:17.773+0800: 1909.783: [scrub symbol table, 0.0097615 secs]2024-03-31T20:04:17.783+0800: 1909.793: [scrub string table, 0.0005108 secs][1 CMS-remark: 63K(64K)] 96468K(118016K), 0.0930215 secs] [Times: user=0.10 sys=0.00, real=0.09 secs] 
2024-03-31T20:04:17.787+0800: 1909.797: [CMS-concurrent-sweep-start]
2024-03-31T20:04:17.787+0800: 1909.797: [CMS-concurrent-sweep: 0.000/0.000 secs] [Times: user=0.00 sys=0.00, real=0.00 secs] 
2024-03-31T20:04:17.788+0800: 1909.798: [CMS-concurrent-reset-start]
2024-03-31T20:04:17.788+0800: 1909.798: [CMS-concurrent-reset: 0.000/0.000 secs] [Times: user=0.00 sys=0.00, real=0.00 secs] 
2024-03-31T20:04:19.792+0800: 1911.802: [GC (CMS Initial Mark) [1 CMS-initial-mark: 63K(64K)] 96611K(118016K), 0.1008512 secs] [Times: user=0.10 sys=0.00, real=0.10 secs] 
2024-03-31T20:04:19.894+0800: 1911.903: [CMS-concurrent-mark-start]
2024-03-31T20:04:19.894+0800: 1911.904: [CMS-concurrent-mark: 0.000/0.000 secs] [Times: user=0.00 sys=0.00, real=0.00 secs] 
2024-03-31T20:04:19.895+0800: 1911.905: [CMS-concurrent-preclean-start]
2024-03-31T20:04:19.896+0800: 1911.906: [CMS-concurrent-preclean: 0.001/0.001 secs] [Times: user=0.00 sys=0.00, real=0.00 secs] 
2024-03-31T20:04:19.897+0800: 1911.907: [CMS-concurrent-abortable-preclean-start]
2024-03-31T20:04:19.897+0800: 1911.907: [CMS-concurrent-abortable-preclean: 0.000/0.000 secs] [Times: user=0.00 sys=0.00, real=0.00 secs] 
2024-03-31T20:04:19.898+0800: 1911.908: [GC (CMS Final Remark) [YG occupancy: 96547 K (117952 K)]2024-03-31T20:04:19.898+0800: 1911.908: [Rescan (non-parallel) 2024-03-31T20:04:19.898+0800: 1911.908: [grey object rescan, 0.0001122 secs]2024-03-31T20:04:19.898+0800: 1911.908: [root rescan, 0.0669462 secs]2024-03-31T20:04:19.966+0800: 1911.975: [visit unhandled CLDs, 0.0001888 secs]2024-03-31T20:04:19.966+0800: 1911.976: [dirty klass scan, 0.0013742 secs], 0.0692679 secs]2024-03-31T20:04:19.967+0800: 1911.977: [weak refs processing, 0.0001568 secs]2024-03-31T20:04:19.968+0800: 1911.978: [class unloading, 0.0118411 secs]2024-03-31T20:04:19.980+0800: 1911.990: [scrub symbol table, 0.0096525 secs]2024-03-31T20:04:19.990+0800: 1911.999: [scrub string table, 0.0005200 secs][1 CMS-remark: 63K(64K)] 96611K(118016K), 0.0951219 secs] [Times: user=0.10 sys=0.00, real=0.09 secs] 
2024-03-31T20:04:19.994+0800: 1912.004: [CMS-concurrent-sweep-start]
2024-03-31T20:04:19.994+0800: 1912.004: [CMS-concurrent-sweep: 0.000/0.000 secs] [Times: user=0.00 sys=0.00, real=0.00 secs] 
2024-03-31T20:04:19.994+0800: 1912.004: [CMS-concurrent-reset-start]
2024-03-31T20:04:19.995+0800: 1912.004: [CMS-concurrent-reset: 0.000/0.000 secs] [Times: user=0.00 sys=0.00, real=0.00 secs] 
2024-03-31T20:04:22.004+0800: 1914.014: [GC (CMS Initial Mark) [1 CMS-initial-mark: 63K(64K)] 96864K(118016K), 0.1060197 secs] [Times: user=0.11 sys=0.00, real=0.11 secs] 
2024-03-31T20:04:22.111+0800: 1914.121: [CMS-concurrent-mark-start]
2024-03-31T20:04:22.112+0800: 1914.122: [CMS-concurrent-mark: 0.000/0.000 secs] [Times: user=0.00 sys=0.00, real=0.00 secs] 
2024-03-31T20:04:22.113+0800: 1914.123: [CMS-concurrent-preclean-start]
2024-03-31T20:04:22.114+0800: 1914.124: [CMS-concurrent-preclean: 0.001/0.001 secs] [Times: user=0.00 sys=0.00, real=0.00 secs] 
2024-03-31T20:04:22.115+0800: 1914.125: [CMS-concurrent-abortable-preclean-start]
2024-03-31T20:04:22.116+0800: 1914.126: [CMS-concurrent-abortable-preclean: 0.000/0.000 secs] [Times: user=0.00 sys=0.00, real=0.00 secs] 
2024-03-31T20:04:22.117+0800: 1914.127: [GC (CMS Final Remark) [YG occupancy: 96801 K (117952 K)]2024-03-31T20:04:22.117+0800: 1914.127: [Rescan (non-parallel) 2024-03-31T20:04:22.118+0800: 1914.127: [grey object rescan, 0.0001084 secs]2024-03-31T20:04:22.118+0800: 1914.128: [root rescan, 0.0654300 secs]2024-03-31T20:04:22.183+0800: 1914.193: [visit unhandled CLDs, 0.0001607 secs]2024-03-31T20:04:22.184+0800: 1914.193: [dirty klass scan, 0.0012455 secs], 0.0675440 secs]2024-03-31T20:04:22.185+0800: 1914.195: [weak refs processing, 0.0001363 secs]2024-03-31T20:04:22.185+0800: 1914.195: [class unloading, 0.0119085 secs]2024-03-31T20:04:22.197+0800: 1914.207: [scrub symbol table, 0.0096482 secs]2024-03-31T20:04:22.207+0800: 1914.217: [scrub string table, 0.0005098 secs][1 CMS-remark: 63K(64K)] 96864K(118016K), 0.0933925 secs] [Times: user=0.10 sys=0.00, real=0.10 secs] 
2024-03-31T20:04:22.211+0800: 1914.221: [CMS-concurrent-sweep-start]
2024-03-31T20:04:22.211+0800: 1914.221: [CMS-concurrent-sweep: 0.000/0.000 secs] [Times: user=0.00 sys=0.00, real=0.00 secs] 
2024-03-31T20:04:22.212+0800: 1914.222: [CMS-concurrent-reset-start]
2024-03-31T20:04:22.212+0800: 1914.222: [CMS-concurrent-reset: 0.000/0.000 secs] [Times: user=0.00 sys=0.00, real=0.00 secs] 
2024-03-31T20:04:24.218+0800: 1916.228: [GC (CMS Initial Mark) [1 CMS-initial-mark: 63K(64K)] 97144K(118016K), 0.0794981 secs] [Times: user=0.08 sys=0.00, real=0.08 secs] 
2024-03-31T20:04:24.299+0800: 1916.308: [CMS-concurrent-mark-start]
2024-03-31T20:04:24.299+0800: 1916.309: [CMS-concurrent-mark: 0.000/0.000 secs] [Times: user=0.00 sys=0.00, real=0.00 secs] 
2024-03-31T20:04:24.300+0800: 1916.310: [CMS-concurrent-preclean-start]
2024-03-31T20:04:24.301+0800: 1916.311: [CMS-concurrent-preclean: 0.001/0.001 secs] [Times: user=0.00 sys=0.00, real=0.00 secs] 
2024-03-31T20:04:24.302+0800: 1916.311: [CMS-concurrent-abortable-preclean-start]
2024-03-31T20:04:24.302+0800: 1916.311: [CMS-concurrent-abortable-preclean: 0.000/0.000 secs] [Times: user=0.00 sys=0.00, real=0.00 secs] 
2024-03-31T20:04:24.302+0800: 1916.312: [GC (CMS Final Remark) [YG occupancy: 97080 K (117952 K)]2024-03-31T20:04:24.303+0800: 1916.312: [Rescan (non-parallel) 2024-03-31T20:04:24.303+0800: 1916.313: [grey object rescan, 0.0001117 secs]2024-03-31T20:04:24.303+0800: 1916.313: [root rescan, 0.0659510 secs]2024-03-31T20:04:24.369+0800: 1916.379: [visit unhandled CLDs, 0.0001549 secs]2024-03-31T20:04:24.369+0800: 1916.379: [dirty klass scan, 0.0011969 secs], 0.0680886 secs]2024-03-31T20:04:24.371+0800: 1916.381: [weak refs processing, 0.0001333 secs]2024-03-31T20:04:24.371+0800: 1916.381: [class unloading, 0.0115336 secs]2024-03-31T20:04:24.383+0800: 1916.393: [scrub symbol table, 0.0095626 secs]2024-03-31T20:04:24.392+0800: 1916.402: [scrub string table, 0.0005013 secs][1 CMS-remark: 63K(64K)] 97144K(118016K), 0.0934922 secs] [Times: user=0.10 sys=0.00, real=0.09 secs] 
2024-03-31T20:04:24.397+0800: 1916.407: [CMS-concurrent-sweep-start]
2024-03-31T20:04:24.397+0800: 1916.407: [CMS-concurrent-sweep: 0.000/0.000 secs] [Times: user=0.00 sys=0.00, real=0.00 secs] 
2024-03-31T20:04:24.398+0800: 1916.408: [CMS-concurrent-reset-start]
2024-03-31T20:04:24.398+0800: 1916.408: [CMS-concurrent-reset: 0.000/0.000 secs] [Times: user=0.00 sys=0.00, real=0.00 secs] 
2024-03-31T20:04:26.405+0800: 1918.415: [GC (CMS Initial Mark) [1 CMS-initial-mark: 63K(64K)] 97180K(118016K), 0.1059973 secs] [Times: user=0.10 sys=0.00, real=0.11 secs] 
2024-03-31T20:04:26.512+0800: 1918.522: [CMS-concurrent-mark-start]
2024-03-31T20:04:26.513+0800: 1918.522: [CMS-concurrent-mark: 0.000/0.000 secs] [Times: user=0.00 sys=0.00, real=0.00 secs] 
2024-03-31T20:04:26.513+0800: 1918.523: [CMS-concurrent-preclean-start]
2024-03-31T20:04:26.515+0800: 1918.525: [CMS-concurrent-preclean: 0.001/0.001 secs] [Times: user=0.01 sys=0.00, real=0.00 secs] 
2024-03-31T20:04:26.516+0800: 1918.526: [CMS-concurrent-abortable-preclean-start]
2024-03-31T20:04:26.516+0800: 1918.526: [CMS-concurrent-abortable-preclean: 0.000/0.000 secs] [Times: user=0.00 sys=0.00, real=0.00 secs] 
2024-03-31T20:04:26.517+0800: 1918.527: [GC (CMS Final Remark) [YG occupancy: 97116 K (117952 K)]2024-03-31T20:04:26.517+0800: 1918.527: [Rescan (non-parallel) 2024-03-31T20:04:26.517+0800: 1918.527: [grey object rescan, 0.0000980 secs]2024-03-31T20:04:26.518+0800: 1918.527: [root rescan, 0.0666271 secs]2024-03-31T20:04:26.584+0800: 1918.594: [visit unhandled CLDs, 0.0001476 secs]2024-03-31T20:04:26.585+0800: 1918.594: [dirty klass scan, 0.0012590 secs], 0.0687632 secs]2024-03-31T20:04:26.586+0800: 1918.596: [weak refs processing, 0.0001339 secs]2024-03-31T20:04:26.586+0800: 1918.596: [class unloading, 0.0116442 secs]2024-03-31T20:04:26.598+0800: 1918.608: [scrub symbol table, 0.0095754 secs]2024-03-31T20:04:26.608+0800: 1918.618: [scrub string table, 0.0005216 secs][1 CMS-remark: 63K(64K)] 97180K(118016K), 0.0942127 secs] [Times: user=0.09 sys=0.00, real=0.10 secs] 
2024-03-31T20:04:26.612+0800: 1918.622: [CMS-concurrent-sweep-start]
2024-03-31T20:04:26.612+0800: 1918.622: [CMS-concurrent-sweep: 0.000/0.000 secs] [Times: user=0.00 sys=0.00, real=0.00 secs] 
2024-03-31T20:04:26.613+0800: 1918.623: [CMS-concurrent-reset-start]
2024-03-31T20:04:26.613+0800: 1918.623: [CMS-concurrent-reset: 0.000/0.000 secs] [Times: user=0.00 sys=0.00, real=0.00 secs] 
2024-03-31T20:04:28.620+0800: 1920.630: [GC (CMS Initial Mark) [1 CMS-initial-mark: 63K(64K)] 97488K(118016K), 0.0837785 secs] [Times: user=0.08 sys=0.00, real=0.08 secs] 
2024-03-31T20:04:28.705+0800: 1920.714: [CMS-concurrent-mark-start]
2024-03-31T20:04:28.705+0800: 1920.715: [CMS-concurrent-mark: 0.000/0.000 secs] [Times: user=0.00 sys=0.00, real=0.00 secs] 
2024-03-31T20:04:28.706+0800: 1920.716: [CMS-concurrent-preclean-start]
2024-03-31T20:04:28.708+0800: 1920.718: [CMS-concurrent-preclean: 0.001/0.001 secs] [Times: user=0.01 sys=0.00, real=0.01 secs] 
2024-03-31T20:04:28.709+0800: 1920.719: [CMS-concurrent-abortable-preclean-start]
2024-03-31T20:04:28.709+0800: 1920.719: [CMS-concurrent-abortable-preclean: 0.000/0.000 secs] [Times: user=0.00 sys=0.00, real=0.00 secs] 
2024-03-31T20:04:28.710+0800: 1920.720: [GC (CMS Final Remark) [YG occupancy: 97424 K (117952 K)]2024-03-31T20:04:28.711+0800: 1920.721: [Rescan (non-parallel) 2024-03-31T20:04:28.711+0800: 1920.721: [grey object rescan, 0.0001393 secs]2024-03-31T20:04:28.711+0800: 1920.721: [root rescan, 0.0716209 secs]2024-03-31T20:04:28.783+0800: 1920.793: [visit unhandled CLDs, 0.0004142 secs]2024-03-31T20:04:28.784+0800: 1920.794: [dirty klass scan, 0.0019843 secs], 0.0754022 secs]2024-03-31T20:04:28.786+0800: 1920.796: [weak refs processing, 0.0001770 secs]2024-03-31T20:04:28.787+0800: 1920.796: [class unloading, 0.0137175 secs]2024-03-31T20:04:28.801+0800: 1920.810: [scrub symbol table, 0.0158310 secs]2024-03-31T20:04:28.817+0800: 1920.827: [scrub string table, 0.0007905 secs][1 CMS-remark: 63K(64K)] 97488K(118016K), 0.1104277 secs] [Times: user=0.11 sys=0.00, real=0.11 secs] 
2024-03-31T20:04:28.822+0800: 1920.832: [CMS-concurrent-sweep-start]
2024-03-31T20:04:28.823+0800: 1920.832: [CMS-concurrent-sweep: 0.000/0.000 secs] [Times: user=0.00 sys=0.00, real=0.00 secs] 
2024-03-31T20:04:28.824+0800: 1920.833: [CMS-concurrent-reset-start]
2024-03-31T20:04:28.824+0800: 1920.834: [CMS-concurrent-reset: 0.000/0.000 secs] [Times: user=0.00 sys=0.00, real=0.00 secs] 
2024-03-31T20:04:30.826+0800: 1922.836: [GC (CMS Initial Mark) [1 CMS-initial-mark: 63K(64K)] 97818K(118016K), 0.0673397 secs] [Times: user=0.06 sys=0.00, real=0.07 secs] 
2024-03-31T20:04:30.894+0800: 1922.904: [CMS-concurrent-mark-start]
2024-03-31T20:04:30.895+0800: 1922.905: [CMS-concurrent-mark: 0.000/0.000 secs] [Times: user=0.00 sys=0.00, real=0.00 secs] 
2024-03-31T20:04:30.896+0800: 1922.906: [CMS-concurrent-preclean-start]
2024-03-31T20:04:30.898+0800: 1922.908: [CMS-concurrent-preclean: 0.001/0.001 secs] [Times: user=0.01 sys=0.00, real=0.01 secs] 
2024-03-31T20:04:30.899+0800: 1922.909: [CMS-concurrent-abortable-preclean-start]
2024-03-31T20:04:30.899+0800: 1922.909: [CMS-concurrent-abortable-preclean: 0.000/0.000 secs] [Times: user=0.00 sys=0.00, real=0.00 secs] 
2024-03-31T20:04:30.900+0800: 1922.910: [GC (CMS Final Remark) [YG occupancy: 97754 K (117952 K)]2024-03-31T20:04:30.900+0800: 1922.910: [Rescan (non-parallel) 2024-03-31T20:04:30.900+0800: 1922.910: [grey object rescan, 0.0001051 secs]2024-03-31T20:04:30.900+0800: 1922.910: [root rescan, 0.0668479 secs]2024-03-31T20:04:30.967+0800: 1922.977: [visit unhandled CLDs, 0.0001691 secs]2024-03-31T20:04:30.968+0800: 1922.978: [dirty klass scan, 0.0012435 secs], 0.0690444 secs]2024-03-31T20:04:30.969+0800: 1922.979: [weak refs processing, 0.0001358 secs]2024-03-31T20:04:30.969+0800: 1922.979: [class unloading, 0.0149403 secs]2024-03-31T20:04:30.984+0800: 1922.994: [scrub symbol table, 0.0101510 secs]2024-03-31T20:04:30.995+0800: 1923.005: [scrub string table, 0.0005200 secs][1 CMS-remark: 63K(64K)] 97818K(118016K), 0.0984853 secs] [Times: user=0.10 sys=0.00, real=0.10 secs] 
2024-03-31T20:04:30.999+0800: 1923.009: [CMS-concurrent-sweep-start]
2024-03-31T20:04:31.000+0800: 1923.010: [CMS-concurrent-sweep: 0.000/0.000 secs] [Times: user=0.00 sys=0.00, real=0.00 secs] 
2024-03-31T20:04:31.001+0800: 1923.011: [CMS-concurrent-reset-start]
2024-03-31T20:04:31.001+0800: 1923.011: [CMS-concurrent-reset: 0.000/0.000 secs] [Times: user=0.00 sys=0.00, real=0.00 secs] 
2024-03-31T20:04:33.018+0800: 1925.028: [GC (CMS Initial Mark) [1 CMS-initial-mark: 63K(64K)] 97863K(118016K), 0.1068001 secs] [Times: user=0.11 sys=0.00, real=0.11 secs] 
2024-03-31T20:04:33.125+0800: 1925.135: [CMS-concurrent-mark-start]
2024-03-31T20:04:33.126+0800: 1925.136: [CMS-concurrent-mark: 0.000/0.000 secs] [Times: user=0.00 sys=0.00, real=0.00 secs] 
2024-03-31T20:04:33.127+0800: 1925.137: [CMS-concurrent-preclean-start]
2024-03-31T20:04:33.129+0800: 1925.139: [CMS-concurrent-preclean: 0.001/0.001 secs] [Times: user=0.01 sys=0.00, real=0.01 secs] 
2024-03-31T20:04:33.130+0800: 1925.140: [CMS-concurrent-abortable-preclean-start]
2024-03-31T20:04:33.131+0800: 1925.141: [CMS-concurrent-abortable-preclean: 0.000/0.000 secs] [Times: user=0.00 sys=0.00, real=0.00 secs] 
2024-03-31T20:04:33.132+0800: 1925.142: [GC (CMS Final Remark) [YG occupancy: 97799 K (117952 K)]2024-03-31T20:04:33.132+0800: 1925.142: [Rescan (non-parallel) 2024-03-31T20:04:33.132+0800: 1925.142: [grey object rescan, 0.0001233 secs]2024-03-31T20:04:33.132+0800: 1925.142: [root rescan, 0.0670053 secs]2024-03-31T20:04:33.199+0800: 1925.209: [visit unhandled CLDs, 0.0001816 secs]2024-03-31T20:04:33.200+0800: 1925.210: [dirty klass scan, 0.0013811 secs], 0.0693091 secs]2024-03-31T20:04:33.201+0800: 1925.211: [weak refs processing, 0.0001491 secs]2024-03-31T20:04:33.201+0800: 1925.211: [class unloading, 0.0120534 secs]2024-03-31T20:04:33.214+0800: 1925.224: [scrub symbol table, 0.0096115 secs]2024-03-31T20:04:33.223+0800: 1925.233: [scrub string table, 0.0005189 secs][1 CMS-remark: 63K(64K)] 97863K(118016K), 0.0952828 secs] [Times: user=0.09 sys=0.00, real=0.09 secs] 
2024-03-31T20:04:33.227+0800: 1925.237: [CMS-concurrent-sweep-start]
2024-03-31T20:04:33.228+0800: 1925.238: [CMS-concurrent-sweep: 0.000/0.000 secs] [Times: user=0.00 sys=0.00, real=0.01 secs] 
2024-03-31T20:04:33.229+0800: 1925.239: [CMS-concurrent-reset-start]
2024-03-31T20:04:33.230+0800: 1925.240: [CMS-concurrent-reset: 0.000/0.000 secs] [Times: user=0.01 sys=0.00, real=0.00 secs] 
2024-03-31T20:04:35.236+0800: 1927.246: [GC (CMS Initial Mark) [1 CMS-initial-mark: 63K(64K)] 98126K(118016K), 0.0951908 secs] [Times: user=0.10 sys=0.00, real=0.10 secs] 
2024-03-31T20:04:35.332+0800: 1927.342: [CMS-concurrent-mark-start]
2024-03-31T20:04:35.333+0800: 1927.343: [CMS-concurrent-mark: 0.000/0.000 secs] [Times: user=0.00 sys=0.00, real=0.00 secs] 
2024-03-31T20:04:35.334+0800: 1927.344: [CMS-concurrent-preclean-start]
2024-03-31T20:04:35.337+0800: 1927.347: [CMS-concurrent-preclean: 0.001/0.001 secs] [Times: user=0.00 sys=0.00, real=0.00 secs] 
2024-03-31T20:04:35.338+0800: 1927.348: [CMS-concurrent-abortable-preclean-start]
2024-03-31T20:04:35.339+0800: 1927.349: [CMS-concurrent-abortable-preclean: 0.000/0.000 secs] [Times: user=0.01 sys=0.00, real=0.01 secs] 
2024-03-31T20:04:35.340+0800: 1927.350: [GC (CMS Final Remark) [YG occupancy: 98075 K (117952 K)]2024-03-31T20:04:35.340+0800: 1927.350: [Rescan (non-parallel) 2024-03-31T20:04:35.340+0800: 1927.350: [grey object rescan, 0.0001198 secs]2024-03-31T20:04:35.340+0800: 1927.350: [root rescan, 0.0667206 secs]2024-03-31T20:04:35.407+0800: 1927.417: [visit unhandled CLDs, 0.0001710 secs]2024-03-31T20:04:35.407+0800: 1927.417: [dirty klass scan, 0.0012765 secs], 0.0688699 secs]2024-03-31T20:04:35.409+0800: 1927.419: [weak refs processing, 0.0001431 secs]2024-03-31T20:04:35.409+0800: 1927.419: [class unloading, 0.0121918 secs]2024-03-31T20:04:35.422+0800: 1927.431: [scrub symbol table, 0.0098243 secs]2024-03-31T20:04:35.433+0800: 1927.443: [scrub string table, 0.0005374 secs][1 CMS-remark: 63K(64K)] 98139K(118016K), 0.0973736 secs] [Times: user=0.09 sys=0.00, real=0.10 secs] 
2024-03-31T20:04:35.441+0800: 1927.451: [CMS-concurrent-sweep-start]
2024-03-31T20:04:35.442+0800: 1927.452: [CMS-concurrent-sweep: 0.000/0.000 secs] [Times: user=0.00 sys=0.00, real=0.00 secs] 
2024-03-31T20:04:35.445+0800: 1927.455: [CMS-concurrent-reset-start]
2024-03-31T20:04:35.445+0800: 1927.455: [CMS-concurrent-reset: 0.000/0.000 secs] [Times: user=0.01 sys=0.00, real=0.00 secs] 
2024-03-31T20:04:37.449+0800: 1929.459: [GC (CMS Initial Mark) [1 CMS-initial-mark: 63K(64K)] 98282K(118016K), 0.0715100 secs] [Times: user=0.07 sys=0.00, real=0.07 secs] 
2024-03-31T20:04:37.522+0800: 1929.532: [CMS-concurrent-mark-start]
2024-03-31T20:04:37.522+0800: 1929.532: [CMS-concurrent-mark: 0.000/0.000 secs] [Times: user=0.00 sys=0.00, real=0.00 secs] 
2024-03-31T20:04:37.523+0800: 1929.533: [CMS-concurrent-preclean-start]
2024-03-31T20:04:37.525+0800: 1929.535: [CMS-concurrent-preclean: 0.001/0.001 secs] [Times: user=0.00 sys=0.00, real=0.00 secs] 
2024-03-31T20:04:37.526+0800: 1929.536: [CMS-concurrent-abortable-preclean-start]
2024-03-31T20:04:37.527+0800: 1929.537: [CMS-concurrent-abortable-preclean: 0.000/0.000 secs] [Times: user=0.00 sys=0.00, real=0.00 secs] 
2024-03-31T20:04:37.529+0800: 1929.538: [GC (CMS Final Remark) [YG occupancy: 98218 K (117952 K)]2024-03-31T20:04:37.529+0800: 1929.539: [Rescan (non-parallel) 2024-03-31T20:04:37.529+0800: 1929.539: [grey object rescan, 0.0001408 secs]2024-03-31T20:04:37.529+0800: 1929.539: [root rescan, 0.0698770 secs]2024-03-31T20:04:37.599+0800: 1929.609: [visit unhandled CLDs, 0.0002132 secs]2024-03-31T20:04:37.600+0800: 1929.610: [dirty klass scan, 0.0019605 secs], 0.0731606 secs]2024-03-31T20:04:37.602+0800: 1929.612: [weak refs processing, 0.0001488 secs]2024-03-31T20:04:37.602+0800: 1929.612: [class unloading, 0.0129535 secs]2024-03-31T20:04:37.615+0800: 1929.625: [scrub symbol table, 0.0131672 secs]2024-03-31T20:04:37.629+0800: 1929.639: [scrub string table, 0.0005743 secs][1 CMS-remark: 63K(64K)] 98282K(118016K), 0.1041991 secs] [Times: user=0.10 sys=0.00, real=0.10 secs] 
2024-03-31T20:04:37.634+0800: 1929.644: [CMS-concurrent-sweep-start]
2024-03-31T20:04:37.635+0800: 1929.645: [CMS-concurrent-sweep: 0.000/0.000 secs] [Times: user=0.00 sys=0.00, real=0.00 secs] 
2024-03-31T20:04:37.637+0800: 1929.647: [CMS-concurrent-reset-start]
2024-03-31T20:04:37.638+0800: 1929.648: [CMS-concurrent-reset: 0.000/0.000 secs] [Times: user=0.00 sys=0.00, real=0.01 secs] 
2024-03-31T20:04:39.644+0800: 1931.654: [GC (CMS Initial Mark) [1 CMS-initial-mark: 63K(64K)] 98494K(118016K), 0.0926998 secs] [Times: user=0.09 sys=0.00, real=0.09 secs] 
2024-03-31T20:04:39.737+0800: 1931.747: [CMS-concurrent-mark-start]
2024-03-31T20:04:39.738+0800: 1931.748: [CMS-concurrent-mark: 0.000/0.000 secs] [Times: user=0.01 sys=0.00, real=0.01 secs] 
2024-03-31T20:04:39.739+0800: 1931.749: [CMS-concurrent-preclean-start]
2024-03-31T20:04:39.741+0800: 1931.751: [CMS-concurrent-preclean: 0.001/0.001 secs] [Times: user=0.00 sys=0.00, real=0.00 secs] 
2024-03-31T20:04:39.742+0800: 1931.752: [CMS-concurrent-abortable-preclean-start]
2024-03-31T20:04:39.742+0800: 1931.752: [CMS-concurrent-abortable-preclean: 0.000/0.000 secs] [Times: user=0.00 sys=0.00, real=0.00 secs] 
2024-03-31T20:04:39.743+0800: 1931.753: [GC (CMS Final Remark) [YG occupancy: 98430 K (117952 K)]2024-03-31T20:04:39.744+0800: 1931.754: [Rescan (non-parallel) 2024-03-31T20:04:39.744+0800: 1931.754: [grey object rescan, 0.0001274 secs]2024-03-31T20:04:39.744+0800: 1931.754: [root rescan, 0.0680396 secs]2024-03-31T20:04:39.812+0800: 1931.822: [visit unhandled CLDs, 0.0001717 secs]2024-03-31T20:04:39.812+0800: 1931.822: [dirty klass scan, 0.0013290 secs], 0.0703437 secs]2024-03-31T20:04:39.814+0800: 1931.824: [weak refs processing, 0.0001504 secs]2024-03-31T20:04:39.814+0800: 1931.824: [class unloading, 0.0124091 secs]2024-03-31T20:04:39.827+0800: 1931.837: [scrub symbol table, 0.0104833 secs]2024-03-31T20:04:39.838+0800: 1931.848: [scrub string table, 0.0005813 secs][1 CMS-remark: 63K(64K)] 98494K(118016K), 0.0979589 secs] [Times: user=0.10 sys=0.00, real=0.10 secs] 
2024-03-31T20:04:39.842+0800: 1931.852: [CMS-concurrent-sweep-start]
2024-03-31T20:04:39.843+0800: 1931.853: [CMS-concurrent-sweep: 0.000/0.000 secs] [Times: user=0.00 sys=0.00, real=0.00 secs] 
2024-03-31T20:04:39.844+0800: 1931.854: [CMS-concurrent-reset-start]
2024-03-31T20:04:39.844+0800: 1931.854: [CMS-concurrent-reset: 0.000/0.000 secs] [Times: user=0.00 sys=0.00, real=0.00 secs] 
2024-03-31T20:04:41.854+0800: 1933.864: [GC (CMS Initial Mark) [1 CMS-initial-mark: 63K(64K)] 98748K(118016K), 0.1083047 secs] [Times: user=0.11 sys=0.00, real=0.11 secs] 
2024-03-31T20:04:41.963+0800: 1933.973: [CMS-concurrent-mark-start]
2024-03-31T20:04:41.963+0800: 1933.973: [CMS-concurrent-mark: 0.000/0.000 secs] [Times: user=0.00 sys=0.00, real=0.00 secs] 
2024-03-31T20:04:41.965+0800: 1933.975: [CMS-concurrent-preclean-start]
2024-03-31T20:04:41.966+0800: 1933.976: [CMS-concurrent-preclean: 0.001/0.001 secs] [Times: user=0.00 sys=0.00, real=0.00 secs] 
2024-03-31T20:04:41.967+0800: 1933.977: [CMS-concurrent-abortable-preclean-start]
2024-03-31T20:04:41.968+0800: 1933.978: [CMS-concurrent-abortable-preclean: 0.000/0.000 secs] [Times: user=0.00 sys=0.01, real=0.01 secs] 
2024-03-31T20:04:41.969+0800: 1933.979: [GC (CMS Final Remark) [YG occupancy: 98684 K (117952 K)]2024-03-31T20:04:41.969+0800: 1933.979: [Rescan (non-parallel) 2024-03-31T20:04:41.970+0800: 1933.980: [grey object rescan, 0.0001181 secs]2024-03-31T20:04:41.970+0800: 1933.980: [root rescan, 0.0669492 secs]2024-03-31T20:04:42.037+0800: 1934.047: [visit unhandled CLDs, 0.0001563 secs]2024-03-31T20:04:42.037+0800: 1934.047: [dirty klass scan, 0.0011868 secs], 0.0690250 secs]2024-03-31T20:04:42.039+0800: 1934.049: [weak refs processing, 0.0001481 secs]2024-03-31T20:04:42.039+0800: 1934.049: [class unloading, 0.0119439 secs]2024-03-31T20:04:42.051+0800: 1934.061: [scrub symbol table, 0.0098264 secs]2024-03-31T20:04:42.061+0800: 1934.071: [scrub string table, 0.0005024 secs][1 CMS-remark: 63K(64K)] 98748K(118016K), 0.0951073 secs] [Times: user=0.10 sys=0.00, real=0.09 secs] 
2024-03-31T20:04:42.065+0800: 1934.075: [CMS-concurrent-sweep-start]
2024-03-31T20:04:42.065+0800: 1934.075: [CMS-concurrent-sweep: 0.000/0.000 secs] [Times: user=0.00 sys=0.00, real=0.00 secs] 
2024-03-31T20:04:42.066+0800: 1934.076: [CMS-concurrent-reset-start]
2024-03-31T20:04:42.066+0800: 1934.076: [CMS-concurrent-reset: 0.000/0.000 secs] [Times: user=0.00 sys=0.00, real=0.00 secs] 
2024-03-31T20:04:44.075+0800: 1936.085: [GC (CMS Initial Mark) [1 CMS-initial-mark: 63K(64K)] 98842K(118016K), 0.1086698 secs] [Times: user=0.11 sys=0.00, real=0.11 secs] 
2024-03-31T20:04:44.185+0800: 1936.195: [CMS-concurrent-mark-start]
2024-03-31T20:04:44.185+0800: 1936.195: [CMS-concurrent-mark: 0.000/0.000 secs] [Times: user=0.00 sys=0.00, real=0.00 secs] 
2024-03-31T20:04:44.186+0800: 1936.196: [CMS-concurrent-preclean-start]
2024-03-31T20:04:44.187+0800: 1936.197: [CMS-concurrent-preclean: 0.001/0.001 secs] [Times: user=0.01 sys=0.00, real=0.00 secs] 
2024-03-31T20:04:44.188+0800: 1936.198: [CMS-concurrent-abortable-preclean-start]
2024-03-31T20:04:44.188+0800: 1936.198: [CMS-concurrent-abortable-preclean: 0.000/0.000 secs] [Times: user=0.00 sys=0.00, real=0.00 secs] 
2024-03-31T20:04:44.188+0800: 1936.198: [GC (CMS Final Remark) [YG occupancy: 98778 K (117952 K)]2024-03-31T20:04:44.189+0800: 1936.199: [Rescan (non-parallel) 2024-03-31T20:04:44.189+0800: 1936.199: [grey object rescan, 0.0001183 secs]2024-03-31T20:04:44.189+0800: 1936.199: [root rescan, 0.0671451 secs]2024-03-31T20:04:44.256+0800: 1936.266: [visit unhandled CLDs, 0.0001648 secs]2024-03-31T20:04:44.257+0800: 1936.266: [dirty klass scan, 0.0012794 secs], 0.0693337 secs]2024-03-31T20:04:44.258+0800: 1936.268: [weak refs processing, 0.0001407 secs]2024-03-31T20:04:44.258+0800: 1936.268: [class unloading, 0.0118207 secs]2024-03-31T20:04:44.270+0800: 1936.280: [scrub symbol table, 0.0096118 secs]2024-03-31T20:04:44.280+0800: 1936.290: [scrub string table, 0.0005131 secs][1 CMS-remark: 63K(64K)] 98842K(118016K), 0.0950587 secs] [Times: user=0.09 sys=0.00, real=0.09 secs] 
2024-03-31T20:04:44.284+0800: 1936.294: [CMS-concurrent-sweep-start]
2024-03-31T20:04:44.284+0800: 1936.294: [CMS-concurrent-sweep: 0.000/0.000 secs] [Times: user=0.00 sys=0.00, real=0.00 secs] 
2024-03-31T20:04:44.285+0800: 1936.295: [CMS-concurrent-reset-start]
2024-03-31T20:04:44.285+0800: 1936.295: [CMS-concurrent-reset: 0.000/0.000 secs] [Times: user=0.00 sys=0.00, real=0.00 secs] 
2024-03-31T20:04:46.292+0800: 1938.302: [GC (CMS Initial Mark) [1 CMS-initial-mark: 63K(64K)] 99048K(118016K), 0.1098512 secs] [Times: user=0.11 sys=0.00, real=0.11 secs] 
2024-03-31T20:04:46.403+0800: 1938.413: [CMS-concurrent-mark-start]
2024-03-31T20:04:46.403+0800: 1938.413: [CMS-concurrent-mark: 0.000/0.000 secs] [Times: user=0.00 sys=0.00, real=0.00 secs] 
2024-03-31T20:04:46.404+0800: 1938.414: [CMS-concurrent-preclean-start]
2024-03-31T20:04:46.406+0800: 1938.416: [CMS-concurrent-preclean: 0.001/0.001 secs] [Times: user=0.00 sys=0.00, real=0.00 secs] 
2024-03-31T20:04:46.407+0800: 1938.417: [CMS-concurrent-abortable-preclean-start]
2024-03-31T20:04:46.407+0800: 1938.417: [CMS-concurrent-abortable-preclean: 0.000/0.000 secs] [Times: user=0.00 sys=0.00, real=0.00 secs] 
2024-03-31T20:04:46.409+0800: 1938.419: [GC (CMS Final Remark) [YG occupancy: 98984 K (117952 K)]2024-03-31T20:04:46.409+0800: 1938.419: [Rescan (non-parallel) 2024-03-31T20:04:46.409+0800: 1938.419: [grey object rescan, 0.0001014 secs]2024-03-31T20:04:46.410+0800: 1938.420: [root rescan, 0.0672458 secs]2024-03-31T20:04:46.477+0800: 1938.487: [visit unhandled CLDs, 0.0001337 secs]2024-03-31T20:04:46.477+0800: 1938.487: [dirty klass scan, 0.0012496 secs], 0.0693170 secs]2024-03-31T20:04:46.479+0800: 1938.489: [weak refs processing, 0.0001352 secs]2024-03-31T20:04:46.479+0800: 1938.489: [class unloading, 0.0117551 secs]2024-03-31T20:04:46.491+0800: 1938.501: [scrub symbol table, 0.0095721 secs]2024-03-31T20:04:46.501+0800: 1938.511: [scrub string table, 0.0005300 secs][1 CMS-remark: 63K(64K)] 99048K(118016K), 0.0951138 secs] [Times: user=0.09 sys=0.00, real=0.09 secs] 
2024-03-31T20:04:46.505+0800: 1938.515: [CMS-concurrent-sweep-start]
2024-03-31T20:04:46.505+0800: 1938.515: [CMS-concurrent-sweep: 0.000/0.000 secs] [Times: user=0.01 sys=0.00, real=0.00 secs] 
2024-03-31T20:04:46.506+0800: 1938.516: [CMS-concurrent-reset-start]
2024-03-31T20:04:46.506+0800: 1938.516: [CMS-concurrent-reset: 0.000/0.000 secs] [Times: user=0.00 sys=0.00, real=0.00 secs] 
2024-03-31T20:04:48.513+0800: 1940.523: [GC (CMS Initial Mark) [1 CMS-initial-mark: 63K(64K)] 99242K(118016K), 0.1101805 secs] [Times: user=0.11 sys=0.00, real=0.11 secs] 
2024-03-31T20:04:48.625+0800: 1940.635: [CMS-concurrent-mark-start]
2024-03-31T20:04:48.625+0800: 1940.635: [CMS-concurrent-mark: 0.000/0.000 secs] [Times: user=0.01 sys=0.00, real=0.00 secs] 
2024-03-31T20:04:48.626+0800: 1940.636: [CMS-concurrent-preclean-start]
2024-03-31T20:04:48.628+0800: 1940.638: [CMS-concurrent-preclean: 0.001/0.001 secs] [Times: user=0.00 sys=0.00, real=0.01 secs] 
2024-03-31T20:04:48.628+0800: 1940.638: [CMS-concurrent-abortable-preclean-start]
2024-03-31T20:04:48.628+0800: 1940.638: [CMS-concurrent-abortable-preclean: 0.000/0.000 secs] [Times: user=0.00 sys=0.00, real=0.00 secs] 
2024-03-31T20:04:48.629+0800: 1940.639: [GC (CMS Final Remark) [YG occupancy: 99178 K (117952 K)]2024-03-31T20:04:48.629+0800: 1940.639: [Rescan (non-parallel) 2024-03-31T20:04:48.629+0800: 1940.639: [grey object rescan, 0.0001115 secs]2024-03-31T20:04:48.629+0800: 1940.639: [root rescan, 0.0671430 secs]2024-03-31T20:04:48.697+0800: 1940.707: [visit unhandled CLDs, 0.0001651 secs]2024-03-31T20:04:48.697+0800: 1940.707: [dirty klass scan, 0.0012849 secs], 0.0693204 secs]2024-03-31T20:04:48.698+0800: 1940.708: [weak refs processing, 0.0001345 secs]2024-03-31T20:04:48.699+0800: 1940.709: [class unloading, 0.0116462 secs]2024-03-31T20:04:48.711+0800: 1940.721: [scrub symbol table, 0.0099980 secs]2024-03-31T20:04:48.721+0800: 1940.731: [scrub string table, 0.0005610 secs][1 CMS-remark: 63K(64K)] 99242K(118016K), 0.0957236 secs] [Times: user=0.09 sys=0.00, real=0.09 secs] 
2024-03-31T20:04:48.725+0800: 1940.735: [CMS-concurrent-sweep-start]
2024-03-31T20:04:48.726+0800: 1940.736: [CMS-concurrent-sweep: 0.000/0.000 secs] [Times: user=0.00 sys=0.00, real=0.00 secs] 
2024-03-31T20:04:48.726+0800: 1940.736: [CMS-concurrent-reset-start]
2024-03-31T20:04:48.726+0800: 1940.736: [CMS-concurrent-reset: 0.000/0.000 secs] [Times: user=0.00 sys=0.00, real=0.00 secs] 
2024-03-31T20:04:50.734+0800: 1942.744: [GC (CMS Initial Mark) [1 CMS-initial-mark: 63K(64K)] 99326K(118016K), 0.1044189 secs] [Times: user=0.10 sys=0.00, real=0.11 secs] 
2024-03-31T20:04:50.840+0800: 1942.850: [CMS-concurrent-mark-start]
2024-03-31T20:04:50.841+0800: 1942.851: [CMS-concurrent-mark: 0.000/0.000 secs] [Times: user=0.01 sys=0.00, real=0.00 secs] 
2024-03-31T20:04:50.841+0800: 1942.851: [CMS-concurrent-preclean-start]
2024-03-31T20:04:50.844+0800: 1942.853: [CMS-concurrent-preclean: 0.001/0.001 secs] [Times: user=0.00 sys=0.00, real=0.00 secs] 
2024-03-31T20:04:50.844+0800: 1942.854: [CMS-concurrent-abortable-preclean-start]
2024-03-31T20:04:50.845+0800: 1942.855: [CMS-concurrent-abortable-preclean: 0.000/0.000 secs] [Times: user=0.00 sys=0.00, real=0.00 secs] 
2024-03-31T20:04:50.846+0800: 1942.856: [GC (CMS Final Remark) [YG occupancy: 99262 K (117952 K)]2024-03-31T20:04:50.846+0800: 1942.856: [Rescan (non-parallel) 2024-03-31T20:04:50.846+0800: 1942.856: [grey object rescan, 0.0001054 secs]2024-03-31T20:04:50.846+0800: 1942.856: [root rescan, 0.0673946 secs]2024-03-31T20:04:50.914+0800: 1942.924: [visit unhandled CLDs, 0.0001633 secs]2024-03-31T20:04:50.914+0800: 1942.924: [dirty klass scan, 0.0012336 secs], 0.0695013 secs]2024-03-31T20:04:50.915+0800: 1942.925: [weak refs processing, 0.0001545 secs]2024-03-31T20:04:50.916+0800: 1942.926: [class unloading, 0.0117385 secs]2024-03-31T20:04:50.928+0800: 1942.938: [scrub symbol table, 0.0096931 secs]2024-03-31T20:04:50.937+0800: 1942.947: [scrub string table, 0.0004946 secs][1 CMS-remark: 63K(64K)] 99326K(118016K), 0.0951915 secs] [Times: user=0.09 sys=0.00, real=0.10 secs] 
2024-03-31T20:04:50.941+0800: 1942.951: [CMS-concurrent-sweep-start]
2024-03-31T20:04:50.942+0800: 1942.951: [CMS-concurrent-sweep: 0.000/0.000 secs] [Times: user=0.00 sys=0.00, real=0.00 secs] 
2024-03-31T20:04:50.942+0800: 1942.952: [CMS-concurrent-reset-start]
2024-03-31T20:04:50.942+0800: 1942.952: [CMS-concurrent-reset: 0.000/0.000 secs] [Times: user=0.00 sys=0.00, real=0.00 secs] 
2024-03-31T20:04:52.951+0800: 1944.961: [GC (CMS Initial Mark) [1 CMS-initial-mark: 63K(64K)] 99618K(118016K), 0.1066788 secs] [Times: user=0.11 sys=0.00, real=0.11 secs] 
2024-03-31T20:04:53.058+0800: 1945.068: [CMS-concurrent-mark-start]
2024-03-31T20:04:53.059+0800: 1945.069: [CMS-concurrent-mark: 0.000/0.000 secs] [Times: user=0.00 sys=0.00, real=0.00 secs] 
2024-03-31T20:04:53.060+0800: 1945.070: [CMS-concurrent-preclean-start]
2024-03-31T20:04:53.062+0800: 1945.072: [CMS-concurrent-preclean: 0.001/0.001 secs] [Times: user=0.00 sys=0.00, real=0.00 secs] 
2024-03-31T20:04:53.063+0800: 1945.073: [CMS-concurrent-abortable-preclean-start]
2024-03-31T20:04:53.063+0800: 1945.073: [CMS-concurrent-abortable-preclean: 0.000/0.000 secs] [Times: user=0.00 sys=0.00, real=0.00 secs] 
2024-03-31T20:04:53.064+0800: 1945.074: [GC (CMS Final Remark) [YG occupancy: 99579 K (117952 K)]2024-03-31T20:04:53.064+0800: 1945.074: [Rescan (non-parallel) 2024-03-31T20:04:53.064+0800: 1945.074: [grey object rescan, 0.0001146 secs]2024-03-31T20:04:53.064+0800: 1945.074: [root rescan, 0.0675270 secs]2024-03-31T20:04:53.132+0800: 1945.142: [visit unhandled CLDs, 0.0001709 secs]2024-03-31T20:04:53.132+0800: 1945.142: [dirty klass scan, 0.0012168 secs], 0.0696690 secs]2024-03-31T20:04:53.134+0800: 1945.144: [weak refs processing, 0.0001419 secs]2024-03-31T20:04:53.134+0800: 1945.144: [class unloading, 0.0116711 secs]2024-03-31T20:04:53.146+0800: 1945.156: [scrub symbol table, 0.0096792 secs]2024-03-31T20:04:53.156+0800: 1945.166: [scrub string table, 0.0005027 secs][1 CMS-remark: 63K(64K)] 99642K(118016K), 0.0952861 secs] [Times: user=0.10 sys=0.00, real=0.10 secs] 
2024-03-31T20:04:53.160+0800: 1945.170: [CMS-concurrent-sweep-start]
2024-03-31T20:04:53.160+0800: 1945.170: [CMS-concurrent-sweep: 0.000/0.000 secs] [Times: user=0.00 sys=0.00, real=0.00 secs] 
2024-03-31T20:04:53.160+0800: 1945.170: [CMS-concurrent-reset-start]
2024-03-31T20:04:53.160+0800: 1945.170: [CMS-concurrent-reset: 0.000/0.000 secs] [Times: user=0.00 sys=0.00, real=0.00 secs] 
2024-03-31T20:04:55.169+0800: 1947.180: [GC (CMS Initial Mark) [1 CMS-initial-mark: 63K(64K)] 99812K(118016K), 0.1077435 secs] [Times: user=0.10 sys=0.00, real=0.10 secs] 
2024-03-31T20:04:55.278+0800: 1947.288: [CMS-concurrent-mark-start]
2024-03-31T20:04:55.279+0800: 1947.289: [CMS-concurrent-mark: 0.000/0.000 secs] [Times: user=0.00 sys=0.00, real=0.00 secs] 
2024-03-31T20:04:55.280+0800: 1947.290: [CMS-concurrent-preclean-start]
2024-03-31T20:04:55.281+0800: 1947.291: [CMS-concurrent-preclean: 0.001/0.001 secs] [Times: user=0.01 sys=0.00, real=0.00 secs] 
2024-03-31T20:04:55.282+0800: 1947.292: [CMS-concurrent-abortable-preclean-start]
2024-03-31T20:04:55.283+0800: 1947.293: [CMS-concurrent-abortable-preclean: 0.000/0.000 secs] [Times: user=0.00 sys=0.00, real=0.00 secs] 
2024-03-31T20:04:55.284+0800: 1947.294: [GC (CMS Final Remark) [YG occupancy: 99757 K (117952 K)]2024-03-31T20:04:55.284+0800: 1947.294: [Rescan (non-parallel) 2024-03-31T20:04:55.284+0800: 1947.294: [grey object rescan, 0.0001146 secs]2024-03-31T20:04:55.285+0800: 1947.295: [root rescan, 0.0679330 secs]2024-03-31T20:04:55.353+0800: 1947.363: [visit unhandled CLDs, 0.0001655 secs]2024-03-31T20:04:55.353+0800: 1947.363: [dirty klass scan, 0.0012968 secs], 0.0701142 secs]2024-03-31T20:04:55.354+0800: 1947.364: [weak refs processing, 0.0001416 secs]2024-03-31T20:04:55.355+0800: 1947.365: [class unloading, 0.0118075 secs]2024-03-31T20:04:55.367+0800: 1947.377: [scrub symbol table, 0.0097545 secs]2024-03-31T20:04:55.377+0800: 1947.387: [scrub string table, 0.0004906 secs][1 CMS-remark: 63K(64K)] 99821K(118016K), 0.0959919 secs] [Times: user=0.09 sys=0.00, real=0.10 secs] 
2024-03-31T20:04:55.381+0800: 1947.391: [CMS-concurrent-sweep-start]
2024-03-31T20:04:55.381+0800: 1947.391: [CMS-concurrent-sweep: 0.000/0.000 secs] [Times: user=0.00 sys=0.00, real=0.00 secs] 
2024-03-31T20:04:55.382+0800: 1947.392: [CMS-concurrent-reset-start]
2024-03-31T20:04:55.383+0800: 1947.393: [CMS-concurrent-reset: 0.000/0.000 secs] [Times: user=0.01 sys=0.00, real=0.00 secs] 
2024-03-31T20:04:57.395+0800: 1949.405: [GC (CMS Initial Mark) [1 CMS-initial-mark: 63K(64K)] 99888K(118016K), 0.1061311 secs] [Times: user=0.11 sys=0.00, real=0.11 secs] 
2024-03-31T20:04:57.502+0800: 1949.512: [CMS-concurrent-mark-start]
2024-03-31T20:04:57.503+0800: 1949.513: [CMS-concurrent-mark: 0.000/0.000 secs] [Times: user=0.00 sys=0.00, real=0.00 secs] 
2024-03-31T20:04:57.504+0800: 1949.514: [CMS-concurrent-preclean-start]
2024-03-31T20:04:57.507+0800: 1949.517: [CMS-concurrent-preclean: 0.001/0.001 secs] [Times: user=0.00 sys=0.00, real=0.00 secs] 
2024-03-31T20:04:57.508+0800: 1949.518: [CMS-concurrent-abortable-preclean-start]
2024-03-31T20:04:57.508+0800: 1949.518: [CMS-concurrent-abortable-preclean: 0.000/0.000 secs] [Times: user=0.00 sys=0.00, real=0.01 secs] 
2024-03-31T20:04:57.509+0800: 1949.519: [GC (CMS Final Remark) [YG occupancy: 99824 K (117952 K)]2024-03-31T20:04:57.510+0800: 1949.520: [Rescan (non-parallel) 2024-03-31T20:04:57.510+0800: 1949.520: [grey object rescan, 0.0001107 secs]2024-03-31T20:04:57.510+0800: 1949.520: [root rescan, 0.0690017 secs]2024-03-31T20:04:57.579+0800: 1949.589: [visit unhandled CLDs, 0.0001622 secs]2024-03-31T20:04:57.580+0800: 1949.589: [dirty klass scan, 0.0015294 secs], 0.0715302 secs]2024-03-31T20:04:57.581+0800: 1949.591: [weak refs processing, 0.0001650 secs]2024-03-31T20:04:57.582+0800: 1949.591: [class unloading, 0.0121414 secs]2024-03-31T20:04:57.594+0800: 1949.604: [scrub symbol table, 0.0099291 secs]2024-03-31T20:04:57.604+0800: 1949.614: [scrub string table, 0.0005193 secs][1 CMS-remark: 63K(64K)] 99888K(118016K), 0.0981983 secs] [Times: user=0.10 sys=0.00, real=0.10 secs] 
2024-03-31T20:04:57.608+0800: 1949.618: [CMS-concurrent-sweep-start]
2024-03-31T20:04:57.609+0800: 1949.619: [CMS-concurrent-sweep: 0.000/0.000 secs] [Times: user=0.00 sys=0.00, real=0.00 secs] 
2024-03-31T20:04:57.609+0800: 1949.619: [CMS-concurrent-reset-start]
2024-03-31T20:04:57.610+0800: 1949.620: [CMS-concurrent-reset: 0.000/0.000 secs] [Times: user=0.00 sys=0.00, real=0.00 secs] 
2024-03-31T20:04:59.619+0800: 1951.629: [GC (CMS Initial Mark) [1 CMS-initial-mark: 63K(64K)] 100175K(118016K), 0.1125623 secs] [Times: user=0.11 sys=0.00, real=0.11 secs] 
2024-03-31T20:04:59.732+0800: 1951.742: [CMS-concurrent-mark-start]
2024-03-31T20:04:59.733+0800: 1951.743: [CMS-concurrent-mark: 0.000/0.000 secs] [Times: user=0.00 sys=0.00, real=0.00 secs] 
2024-03-31T20:04:59.734+0800: 1951.744: [CMS-concurrent-preclean-start]
2024-03-31T20:04:59.736+0800: 1951.746: [CMS-concurrent-preclean: 0.001/0.001 secs] [Times: user=0.01 sys=0.00, real=0.00 secs] 
2024-03-31T20:04:59.736+0800: 1951.746: [CMS-concurrent-abortable-preclean-start]
2024-03-31T20:04:59.737+0800: 1951.747: [CMS-concurrent-abortable-preclean: 0.000/0.000 secs] [Times: user=0.00 sys=0.00, real=0.00 secs] 
2024-03-31T20:04:59.738+0800: 1951.748: [GC (CMS Final Remark) [YG occupancy: 100126 K (117952 K)]2024-03-31T20:04:59.738+0800: 1951.748: [Rescan (non-parallel) 2024-03-31T20:04:59.738+0800: 1951.748: [grey object rescan, 0.0001039 secs]2024-03-31T20:04:59.739+0800: 1951.749: [root rescan, 0.0702551 secs]2024-03-31T20:04:59.809+0800: 1951.819: [visit unhandled CLDs, 0.0001668 secs]2024-03-31T20:04:59.809+0800: 1951.819: [dirty klass scan, 0.0014913 secs], 0.0726771 secs]2024-03-31T20:04:59.811+0800: 1951.821: [weak refs processing, 0.0001445 secs]2024-03-31T20:04:59.811+0800: 1951.821: [class unloading, 0.0119930 secs]2024-03-31T20:04:59.823+0800: 1951.833: [scrub symbol table, 0.0096552 secs]2024-03-31T20:04:59.833+0800: 1951.843: [scrub string table, 0.0005414 secs][1 CMS-remark: 63K(64K)] 100190K(118016K), 0.0987463 secs] [Times: user=0.10 sys=0.00, real=0.09 secs] 
2024-03-31T20:04:59.837+0800: 1951.847: [CMS-concurrent-sweep-start]
2024-03-31T20:04:59.838+0800: 1951.848: [CMS-concurrent-sweep: 0.000/0.000 secs] [Times: user=0.00 sys=0.00, real=0.01 secs] 
2024-03-31T20:04:59.839+0800: 1951.849: [CMS-concurrent-reset-start]
2024-03-31T20:04:59.840+0800: 1951.850: [CMS-concurrent-reset: 0.000/0.000 secs] [Times: user=0.00 sys=0.00, real=0.00 secs] 
2024-03-31T20:05:01.852+0800: 1953.862: [GC (CMS Initial Mark) [1 CMS-initial-mark: 63K(64K)] 100338K(118016K), 0.1122982 secs] [Times: user=0.12 sys=0.00, real=0.11 secs] 
2024-03-31T20:05:01.965+0800: 1953.975: [CMS-concurrent-mark-start]
2024-03-31T20:05:01.966+0800: 1953.975: [CMS-concurrent-mark: 0.000/0.000 secs] [Times: user=0.00 sys=0.00, real=0.00 secs] 
2024-03-31T20:05:01.967+0800: 1953.976: [CMS-concurrent-preclean-start]
2024-03-31T20:05:01.969+0800: 1953.978: [CMS-concurrent-preclean: 0.001/0.001 secs] [Times: user=0.00 sys=0.00, real=0.01 secs] 
2024-03-31T20:05:01.969+0800: 1953.979: [CMS-concurrent-abortable-preclean-start]
2024-03-31T20:05:01.970+0800: 1953.979: [CMS-concurrent-abortable-preclean: 0.000/0.000 secs] [Times: user=0.00 sys=0.00, real=0.00 secs] 
2024-03-31T20:05:01.971+0800: 1953.980: [GC (CMS Final Remark) [YG occupancy: 100274 K (117952 K)]2024-03-31T20:05:01.971+0800: 1953.980: [Rescan (non-parallel) 2024-03-31T20:05:01.971+0800: 1953.981: [grey object rescan, 0.0001067 secs]2024-03-31T20:05:01.971+0800: 1953.981: [root rescan, 0.0680943 secs]2024-03-31T20:05:02.040+0800: 1954.049: [visit unhandled CLDs, 0.0001583 secs]2024-03-31T20:05:02.040+0800: 1954.049: [dirty klass scan, 0.0012259 secs], 0.0701951 secs]2024-03-31T20:05:02.041+0800: 1954.051: [weak refs processing, 0.0001464 secs]2024-03-31T20:05:02.042+0800: 1954.051: [class unloading, 0.0119315 secs]2024-03-31T20:05:02.054+0800: 1954.063: [scrub symbol table, 0.0097319 secs]2024-03-31T20:05:02.064+0800: 1954.073: [scrub string table, 0.0005112 secs][1 CMS-remark: 63K(64K)] 100338K(118016K), 0.0961253 secs] [Times: user=0.09 sys=0.00, real=0.09 secs] 
2024-03-31T20:05:02.068+0800: 1954.077: [CMS-concurrent-sweep-start]
2024-03-31T20:05:02.068+0800: 1954.077: [CMS-concurrent-sweep: 0.000/0.000 secs] [Times: user=0.00 sys=0.00, real=0.00 secs] 
2024-03-31T20:05:02.068+0800: 1954.078: [CMS-concurrent-reset-start]
2024-03-31T20:05:02.068+0800: 1954.078: [CMS-concurrent-reset: 0.000/0.000 secs] [Times: user=0.00 sys=0.00, real=0.00 secs] 
2024-03-31T20:05:04.077+0800: 1956.086: [GC (CMS Initial Mark) [1 CMS-initial-mark: 63K(64K)] 100436K(118016K), 0.1109698 secs] [Times: user=0.11 sys=0.00, real=0.11 secs] 
2024-03-31T20:05:04.189+0800: 1956.198: [CMS-concurrent-mark-start]
2024-03-31T20:05:04.189+0800: 1956.199: [CMS-concurrent-mark: 0.000/0.000 secs] [Times: user=0.00 sys=0.00, real=0.00 secs] 
2024-03-31T20:05:04.190+0800: 1956.199: [CMS-concurrent-preclean-start]
2024-03-31T20:05:04.192+0800: 1956.201: [CMS-concurrent-preclean: 0.001/0.001 secs] [Times: user=0.00 sys=0.00, real=0.00 secs] 
2024-03-31T20:05:04.192+0800: 1956.201: [CMS-concurrent-abortable-preclean-start]
2024-03-31T20:05:04.192+0800: 1956.202: [CMS-concurrent-abortable-preclean: 0.000/0.000 secs] [Times: user=0.00 sys=0.00, real=0.00 secs] 
2024-03-31T20:05:04.193+0800: 1956.202: [GC (CMS Final Remark) [YG occupancy: 100372 K (117952 K)]2024-03-31T20:05:04.193+0800: 1956.202: [Rescan (non-parallel) 2024-03-31T20:05:04.193+0800: 1956.203: [grey object rescan, 0.0001111 secs]2024-03-31T20:05:04.193+0800: 1956.203: [root rescan, 0.0687206 secs]2024-03-31T20:05:04.262+0800: 1956.272: [visit unhandled CLDs, 0.0001459 secs]2024-03-31T20:05:04.263+0800: 1956.272: [dirty klass scan, 0.0012305 secs], 0.0708455 secs]2024-03-31T20:05:04.264+0800: 1956.273: [weak refs processing, 0.0002084 secs]2024-03-31T20:05:04.264+0800: 1956.274: [class unloading, 0.0115673 secs]2024-03-31T20:05:04.276+0800: 1956.286: [scrub symbol table, 0.0097112 secs]2024-03-31T20:05:04.286+0800: 1956.295: [scrub string table, 0.0005167 secs][1 CMS-remark: 63K(64K)] 100436K(118016K), 0.0966240 secs] [Times: user=0.09 sys=0.00, real=0.10 secs] 
2024-03-31T20:05:04.290+0800: 1956.300: [CMS-concurrent-sweep-start]
2024-03-31T20:05:04.290+0800: 1956.300: [CMS-concurrent-sweep: 0.000/0.000 secs] [Times: user=0.00 sys=0.00, real=0.00 secs] 
2024-03-31T20:05:04.291+0800: 1956.300: [CMS-concurrent-reset-start]
2024-03-31T20:05:04.291+0800: 1956.300: [CMS-concurrent-reset: 0.000/0.000 secs] [Times: user=0.00 sys=0.00, real=0.00 secs] 
2024-03-31T20:05:06.298+0800: 1958.308: [GC (CMS Initial Mark) [1 CMS-initial-mark: 63K(64K)] 100692K(118016K), 0.1144782 secs] [Times: user=0.11 sys=0.00, real=0.11 secs] 
2024-03-31T20:05:06.414+0800: 1958.423: [CMS-concurrent-mark-start]
2024-03-31T20:05:06.414+0800: 1958.424: [CMS-concurrent-mark: 0.000/0.000 secs] [Times: user=0.01 sys=0.00, real=0.00 secs] 
2024-03-31T20:05:06.415+0800: 1958.424: [CMS-concurrent-preclean-start]
2024-03-31T20:05:06.417+0800: 1958.426: [CMS-concurrent-preclean: 0.001/0.001 secs] [Times: user=0.00 sys=0.00, real=0.00 secs] 
2024-03-31T20:05:06.417+0800: 1958.426: [CMS-concurrent-abortable-preclean-start]
2024-03-31T20:05:06.417+0800: 1958.426: [CMS-concurrent-abortable-preclean: 0.000/0.000 secs] [Times: user=0.00 sys=0.00, real=0.00 secs] 
2024-03-31T20:05:06.418+0800: 1958.427: [GC (CMS Final Remark) [YG occupancy: 100628 K (117952 K)]2024-03-31T20:05:06.418+0800: 1958.427: [Rescan (non-parallel) 2024-03-31T20:05:06.418+0800: 1958.427: [grey object rescan, 0.0000951 secs]2024-03-31T20:05:06.418+0800: 1958.428: [root rescan, 0.0684512 secs]2024-03-31T20:05:06.487+0800: 1958.496: [visit unhandled CLDs, 0.0002730 secs]2024-03-31T20:05:06.487+0800: 1958.497: [dirty klass scan, 0.0013026 secs], 0.0707743 secs]2024-03-31T20:05:06.489+0800: 1958.498: [weak refs processing, 0.0001415 secs]2024-03-31T20:05:06.489+0800: 1958.498: [class unloading, 0.0116287 secs]2024-03-31T20:05:06.501+0800: 1958.510: [scrub symbol table, 0.0096143 secs]2024-03-31T20:05:06.511+0800: 1958.520: [scrub string table, 0.0005045 secs][1 CMS-remark: 63K(64K)] 100692K(118016K), 0.0963185 secs] [Times: user=0.09 sys=0.00, real=0.10 secs] 
2024-03-31T20:05:06.515+0800: 1958.524: [CMS-concurrent-sweep-start]
2024-03-31T20:05:06.515+0800: 1958.524: [CMS-concurrent-sweep: 0.000/0.000 secs] [Times: user=0.00 sys=0.00, real=0.00 secs] 
2024-03-31T20:05:06.515+0800: 1958.524: [CMS-concurrent-reset-start]
2024-03-31T20:05:06.515+0800: 1958.524: [CMS-concurrent-reset: 0.000/0.000 secs] [Times: user=0.00 sys=0.00, real=0.00 secs] 
2024-03-31T20:05:08.522+0800: 1960.532: [GC (CMS Initial Mark) [1 CMS-initial-mark: 63K(64K)] 100870K(118016K), 0.1114428 secs] [Times: user=0.11 sys=0.00, real=0.11 secs] 
2024-03-31T20:05:08.635+0800: 1960.644: [CMS-concurrent-mark-start]
2024-03-31T20:05:08.636+0800: 1960.645: [CMS-concurrent-mark: 0.000/0.000 secs] [Times: user=0.01 sys=0.00, real=0.00 secs] 
2024-03-31T20:05:08.637+0800: 1960.646: [CMS-concurrent-preclean-start]
2024-03-31T20:05:08.639+0800: 1960.649: [CMS-concurrent-preclean: 0.001/0.001 secs] [Times: user=0.00 sys=0.00, real=0.01 secs] 
2024-03-31T20:05:08.640+0800: 1960.650: [CMS-concurrent-abortable-preclean-start]
2024-03-31T20:05:08.641+0800: 1960.650: [CMS-concurrent-abortable-preclean: 0.000/0.000 secs] [Times: user=0.00 sys=0.00, real=0.00 secs] 
2024-03-31T20:05:08.642+0800: 1960.652: [GC (CMS Final Remark) [YG occupancy: 100806 K (117952 K)]2024-03-31T20:05:08.642+0800: 1960.652: [Rescan (non-parallel) 2024-03-31T20:05:08.643+0800: 1960.652: [grey object rescan, 0.0001211 secs]2024-03-31T20:05:08.643+0800: 1960.652: [root rescan, 0.0685600 secs]2024-03-31T20:05:08.712+0800: 1960.721: [visit unhandled CLDs, 0.0001523 secs]2024-03-31T20:05:08.712+0800: 1960.721: [dirty klass scan, 0.0013030 secs], 0.0707542 secs]2024-03-31T20:05:08.713+0800: 1960.723: [weak refs processing, 0.0001411 secs]2024-03-31T20:05:08.714+0800: 1960.723: [class unloading, 0.0118199 secs]2024-03-31T20:05:08.726+0800: 1960.735: [scrub symbol table, 0.0094682 secs]2024-03-31T20:05:08.735+0800: 1960.745: [scrub string table, 0.0004905 secs][1 CMS-remark: 63K(64K)] 100870K(118016K), 0.0963921 secs] [Times: user=0.10 sys=0.00, real=0.10 secs] 
2024-03-31T20:05:08.740+0800: 1960.749: [CMS-concurrent-sweep-start]
2024-03-31T20:05:08.740+0800: 1960.749: [CMS-concurrent-sweep: 0.000/0.000 secs] [Times: user=0.00 sys=0.00, real=0.00 secs] 
2024-03-31T20:05:08.741+0800: 1960.750: [CMS-concurrent-reset-start]
2024-03-31T20:05:08.741+0800: 1960.751: [CMS-concurrent-reset: 0.000/0.000 secs] [Times: user=0.00 sys=0.00, real=0.00 secs] 
2024-03-31T20:05:10.749+0800: 1962.758: [GC (CMS Initial Mark) [1 CMS-initial-mark: 63K(64K)] 101237K(118016K), 0.1148407 secs] [Times: user=0.12 sys=0.00, real=0.11 secs] 
2024-03-31T20:05:10.864+0800: 1962.874: [CMS-concurrent-mark-start]
2024-03-31T20:05:10.865+0800: 1962.875: [CMS-concurrent-mark: 0.000/0.000 secs] [Times: user=0.00 sys=0.00, real=0.00 secs] 
2024-03-31T20:05:10.866+0800: 1962.875: [CMS-concurrent-preclean-start]
2024-03-31T20:05:10.868+0800: 1962.877: [CMS-concurrent-preclean: 0.001/0.001 secs] [Times: user=0.00 sys=0.00, real=0.00 secs] 
2024-03-31T20:05:10.868+0800: 1962.878: [CMS-concurrent-abortable-preclean-start]
2024-03-31T20:05:10.869+0800: 1962.878: [CMS-concurrent-abortable-preclean: 0.000/0.000 secs] [Times: user=0.00 sys=0.00, real=0.01 secs] 
2024-03-31T20:05:10.870+0800: 1962.879: [GC (CMS Final Remark) [YG occupancy: 101174 K (117952 K)]2024-03-31T20:05:10.870+0800: 1962.879: [Rescan (non-parallel) 2024-03-31T20:05:10.870+0800: 1962.879: [grey object rescan, 0.0001095 secs]2024-03-31T20:05:10.870+0800: 1962.879: [root rescan, 0.0717643 secs]2024-03-31T20:05:10.942+0800: 1962.952: [visit unhandled CLDs, 0.0001997 secs]2024-03-31T20:05:10.942+0800: 1962.952: [dirty klass scan, 0.0012289 secs], 0.0740391 secs]2024-03-31T20:05:10.944+0800: 1962.953: [weak refs processing, 0.0001728 secs]2024-03-31T20:05:10.944+0800: 1962.954: [class unloading, 0.0124852 secs]2024-03-31T20:05:10.957+0800: 1962.966: [scrub symbol table, 0.0100948 secs]2024-03-31T20:05:10.967+0800: 1962.977: [scrub string table, 0.0005014 secs][1 CMS-remark: 63K(64K)] 101237K(118016K), 0.1010790 secs] [Times: user=0.10 sys=0.00, real=0.10 secs] 
2024-03-31T20:05:10.971+0800: 1962.981: [CMS-concurrent-sweep-start]
2024-03-31T20:05:10.972+0800: 1962.981: [CMS-concurrent-sweep: 0.000/0.000 secs] [Times: user=0.00 sys=0.00, real=0.00 secs] 
2024-03-31T20:05:10.973+0800: 1962.982: [CMS-concurrent-reset-start]
2024-03-31T20:05:10.973+0800: 1962.983: [CMS-concurrent-reset: 0.000/0.000 secs] [Times: user=0.01 sys=0.00, real=0.00 secs] 
2024-03-31T20:05:12.976+0800: 1964.986: [GC (CMS Initial Mark) [1 CMS-initial-mark: 63K(64K)] 101293K(118016K), 0.0970638 secs] [Times: user=0.10 sys=0.00, real=0.10 secs] 
2024-03-31T20:05:13.074+0800: 1965.084: [CMS-concurrent-mark-start]
2024-03-31T20:05:13.075+0800: 1965.085: [CMS-concurrent-mark: 0.000/0.000 secs] [Times: user=0.00 sys=0.00, real=0.00 secs] 
2024-03-31T20:05:13.076+0800: 1965.086: [CMS-concurrent-preclean-start]
2024-03-31T20:05:13.078+0800: 1965.088: [CMS-concurrent-preclean: 0.001/0.001 secs] [Times: user=0.00 sys=0.00, real=0.01 secs] 
2024-03-31T20:05:13.079+0800: 1965.089: [CMS-concurrent-abortable-preclean-start]
2024-03-31T20:05:13.080+0800: 1965.089: [CMS-concurrent-abortable-preclean: 0.000/0.000 secs] [Times: user=0.00 sys=0.00, real=0.00 secs] 
2024-03-31T20:05:13.081+0800: 1965.090: [GC (CMS Final Remark) [YG occupancy: 101236 K (117952 K)]2024-03-31T20:05:13.081+0800: 1965.091: [Rescan (non-parallel) 2024-03-31T20:05:13.081+0800: 1965.091: [grey object rescan, 0.0001113 secs]2024-03-31T20:05:13.081+0800: 1965.091: [root rescan, 0.0706302 secs]2024-03-31T20:05:13.152+0800: 1965.162: [visit unhandled CLDs, 0.0001692 secs]2024-03-31T20:05:13.153+0800: 1965.162: [dirty klass scan, 0.0013030 secs], 0.0728795 secs]2024-03-31T20:05:13.154+0800: 1965.163: [weak refs processing, 0.0001290 secs]2024-03-31T20:05:13.154+0800: 1965.164: [class unloading, 0.0115629 secs]2024-03-31T20:05:13.166+0800: 1965.176: [scrub symbol table, 0.0099924 secs]2024-03-31T20:05:13.176+0800: 1965.186: [scrub string table, 0.0004978 secs][1 CMS-remark: 63K(64K)] 101299K(118016K), 0.0987321 secs] [Times: user=0.10 sys=0.00, real=0.10 secs] 
2024-03-31T20:05:13.181+0800: 1965.190: [CMS-concurrent-sweep-start]
2024-03-31T20:05:13.181+0800: 1965.191: [CMS-concurrent-sweep: 0.000/0.000 secs] [Times: user=0.00 sys=0.00, real=0.00 secs] 
2024-03-31T20:05:13.182+0800: 1965.192: [CMS-concurrent-reset-start]
2024-03-31T20:05:13.183+0800: 1965.193: [CMS-concurrent-reset: 0.000/0.000 secs] [Times: user=0.01 sys=0.00, real=0.00 secs] 
2024-03-31T20:05:15.186+0800: 1967.195: [GC (CMS Initial Mark) [1 CMS-initial-mark: 63K(64K)] 101574K(118016K), 0.0748875 secs] [Times: user=0.08 sys=0.00, real=0.08 secs] 
2024-03-31T20:05:15.266+0800: 1967.275: [CMS-concurrent-mark-start]
2024-03-31T20:05:15.267+0800: 1967.276: [CMS-concurrent-mark: 0.000/0.000 secs] [Times: user=0.00 sys=0.01, real=0.00 secs] 
2024-03-31T20:05:15.268+0800: 1967.278: [CMS-concurrent-preclean-start]
2024-03-31T20:05:15.271+0800: 1967.280: [CMS-concurrent-preclean: 0.001/0.001 secs] [Times: user=0.01 sys=0.00, real=0.01 secs] 
2024-03-31T20:05:15.273+0800: 1967.282: [CMS-concurrent-abortable-preclean-start]
2024-03-31T20:05:15.274+0800: 1967.283: [CMS-concurrent-abortable-preclean: 0.000/0.000 secs] [Times: user=0.00 sys=0.00, real=0.00 secs] 
2024-03-31T20:05:15.277+0800: 1967.286: [GC (CMS Final Remark) [YG occupancy: 101510 K (117952 K)]2024-03-31T20:05:15.277+0800: 1967.287: [Rescan (non-parallel) 2024-03-31T20:05:15.278+0800: 1967.287: [grey object rescan, 0.0002815 secs]2024-03-31T20:05:15.278+0800: 1967.287: [root rescan, 0.0784483 secs]2024-03-31T20:05:15.357+0800: 1967.366: [visit unhandled CLDs, 0.0002615 secs]2024-03-31T20:05:15.357+0800: 1967.367: [dirty klass scan, 0.0016685 secs], 0.0820055 secs]2024-03-31T20:05:15.359+0800: 1967.369: [weak refs processing, 0.0001778 secs]2024-03-31T20:05:15.360+0800: 1967.369: [class unloading, 0.0131003 secs]2024-03-31T20:05:15.373+0800: 1967.383: [scrub symbol table, 0.0124488 secs]2024-03-31T20:05:15.386+0800: 1967.396: [scrub string table, 0.0010883 secs][1 CMS-remark: 63K(64K)] 101574K(118016K), 0.1139273 secs] [Times: user=0.11 sys=0.00, real=0.12 secs] 
2024-03-31T20:05:15.400+0800: 1967.409: [CMS-concurrent-sweep-start]
2024-03-31T20:05:15.400+0800: 1967.410: [CMS-concurrent-sweep: 0.000/0.000 secs] [Times: user=0.00 sys=0.00, real=0.00 secs] 
2024-03-31T20:05:15.401+0800: 1967.410: [CMS-concurrent-reset-start]
2024-03-31T20:05:15.402+0800: 1967.411: [CMS-concurrent-reset: 0.000/0.000 secs] [Times: user=0.00 sys=0.00, real=0.00 secs] 
2024-03-31T20:05:17.409+0800: 1969.418: [GC (CMS Initial Mark) [1 CMS-initial-mark: 63K(64K)] 101743K(118016K), 0.1135855 secs] [Times: user=0.11 sys=0.00, real=0.11 secs] 
2024-03-31T20:05:17.523+0800: 1969.533: [CMS-concurrent-mark-start]
2024-03-31T20:05:17.524+0800: 1969.533: [CMS-concurrent-mark: 0.000/0.000 secs] [Times: user=0.00 sys=0.00, real=0.00 secs] 
2024-03-31T20:05:17.525+0800: 1969.534: [CMS-concurrent-preclean-start]
2024-03-31T20:05:17.527+0800: 1969.536: [CMS-concurrent-preclean: 0.001/0.001 secs] [Times: user=0.00 sys=0.00, real=0.00 secs] 
2024-03-31T20:05:17.527+0800: 1969.537: [CMS-concurrent-abortable-preclean-start]
2024-03-31T20:05:17.528+0800: 1969.537: [CMS-concurrent-abortable-preclean: 0.000/0.000 secs] [Times: user=0.00 sys=0.00, real=0.00 secs] 
2024-03-31T20:05:17.529+0800: 1969.538: [GC (CMS Final Remark) [YG occupancy: 101679 K (117952 K)]2024-03-31T20:05:17.529+0800: 1969.538: [Rescan (non-parallel) 2024-03-31T20:05:17.529+0800: 1969.539: [grey object rescan, 0.0001330 secs]2024-03-31T20:05:17.529+0800: 1969.539: [root rescan, 0.0693945 secs]2024-03-31T20:05:17.599+0800: 1969.609: [visit unhandled CLDs, 0.0001723 secs]2024-03-31T20:05:17.599+0800: 1969.609: [dirty klass scan, 0.0013289 secs], 0.0716553 secs]2024-03-31T20:05:17.601+0800: 1969.610: [weak refs processing, 0.0001577 secs]2024-03-31T20:05:17.601+0800: 1969.611: [class unloading, 0.0118315 secs]2024-03-31T20:05:17.613+0800: 1969.623: [scrub symbol table, 0.0096917 secs]2024-03-31T20:05:17.623+0800: 1969.632: [scrub string table, 0.0005059 secs][1 CMS-remark: 63K(64K)] 101743K(118016K), 0.0975398 secs] [Times: user=0.10 sys=0.00, real=0.09 secs] 
2024-03-31T20:05:17.627+0800: 1969.637: [CMS-concurrent-sweep-start]
2024-03-31T20:05:17.628+0800: 1969.637: [CMS-concurrent-sweep: 0.000/0.000 secs] [Times: user=0.00 sys=0.00, real=0.00 secs] 
2024-03-31T20:05:17.629+0800: 1969.638: [CMS-concurrent-reset-start]
2024-03-31T20:05:17.630+0800: 1969.639: [CMS-concurrent-reset: 0.000/0.000 secs] [Times: user=0.00 sys=0.00, real=0.00 secs] 
2024-03-31T20:05:19.632+0800: 1971.642: [GC (CMS Initial Mark) [1 CMS-initial-mark: 63K(64K)] 101862K(118016K), 0.0789001 secs] [Times: user=0.08 sys=0.00, real=0.08 secs] 
2024-03-31T20:05:19.712+0800: 1971.722: [CMS-concurrent-mark-start]
2024-03-31T20:05:19.713+0800: 1971.723: [CMS-concurrent-mark: 0.000/0.000 secs] [Times: user=0.00 sys=0.00, real=0.00 secs] 
2024-03-31T20:05:19.714+0800: 1971.724: [CMS-concurrent-preclean-start]
2024-03-31T20:05:19.717+0800: 1971.726: [CMS-concurrent-preclean: 0.001/0.001 secs] [Times: user=0.01 sys=0.00, real=0.00 secs] 
2024-03-31T20:05:19.718+0800: 1971.727: [CMS-concurrent-abortable-preclean-start]
2024-03-31T20:05:19.719+0800: 1971.728: [CMS-concurrent-abortable-preclean: 0.000/0.000 secs] [Times: user=0.00 sys=0.00, real=0.01 secs] 
2024-03-31T20:05:19.720+0800: 1971.729: [GC (CMS Final Remark) [YG occupancy: 101798 K (117952 K)]2024-03-31T20:05:19.720+0800: 1971.729: [Rescan (non-parallel) 2024-03-31T20:05:19.720+0800: 1971.729: [grey object rescan, 0.0001045 secs]2024-03-31T20:05:19.720+0800: 1971.729: [root rescan, 0.0698930 secs]2024-03-31T20:05:19.790+0800: 1971.800: [visit unhandled CLDs, 0.0001451 secs]2024-03-31T20:05:19.790+0800: 1971.800: [dirty klass scan, 0.0012590 secs], 0.0720207 secs]2024-03-31T20:05:19.792+0800: 1971.801: [weak refs processing, 0.0001415 secs]2024-03-31T20:05:19.792+0800: 1971.802: [class unloading, 0.0126955 secs]2024-03-31T20:05:19.805+0800: 1971.814: [scrub symbol table, 0.0126090 secs]2024-03-31T20:05:19.818+0800: 1971.827: [scrub string table, 0.0006875 secs][1 CMS-remark: 63K(64K)] 101862K(118016K), 0.1023374 secs] [Times: user=0.10 sys=0.00, real=0.10 secs] 
2024-03-31T20:05:19.823+0800: 1971.833: [CMS-concurrent-sweep-start]
2024-03-31T20:05:19.824+0800: 1971.833: [CMS-concurrent-sweep: 0.000/0.000 secs] [Times: user=0.00 sys=0.00, real=0.00 secs] 
2024-03-31T20:05:19.825+0800: 1971.835: [CMS-concurrent-reset-start]
2024-03-31T20:05:19.826+0800: 1971.835: [CMS-concurrent-reset: 0.000/0.000 secs] [Times: user=0.00 sys=0.00, real=0.00 secs] 
2024-03-31T20:05:21.830+0800: 1973.839: [GC (CMS Initial Mark) [1 CMS-initial-mark: 63K(64K)] 102055K(118016K), 0.1059671 secs] [Times: user=0.11 sys=0.00, real=0.10 secs] 
2024-03-31T20:05:21.937+0800: 1973.946: [CMS-concurrent-mark-start]
2024-03-31T20:05:21.937+0800: 1973.947: [CMS-concurrent-mark: 0.000/0.000 secs] [Times: user=0.00 sys=0.00, real=0.00 secs] 
2024-03-31T20:05:21.938+0800: 1973.947: [CMS-concurrent-preclean-start]
2024-03-31T20:05:21.939+0800: 1973.949: [CMS-concurrent-preclean: 0.001/0.001 secs] [Times: user=0.00 sys=0.00, real=0.01 secs] 
2024-03-31T20:05:21.940+0800: 1973.949: [CMS-concurrent-abortable-preclean-start]
2024-03-31T20:05:21.940+0800: 1973.949: [CMS-concurrent-abortable-preclean: 0.000/0.000 secs] [Times: user=0.00 sys=0.00, real=0.00 secs] 
2024-03-31T20:05:21.941+0800: 1973.950: [GC (CMS Final Remark) [YG occupancy: 101991 K (117952 K)]2024-03-31T20:05:21.941+0800: 1973.950: [Rescan (non-parallel) 2024-03-31T20:05:21.941+0800: 1973.951: [grey object rescan, 0.0001316 secs]2024-03-31T20:05:21.941+0800: 1973.951: [root rescan, 0.0716070 secs]2024-03-31T20:05:22.013+0800: 1974.023: [visit unhandled CLDs, 0.0001705 secs]2024-03-31T20:05:22.014+0800: 1974.023: [dirty klass scan, 0.0014390 secs], 0.0740610 secs]2024-03-31T20:05:22.015+0800: 1974.025: [weak refs processing, 0.0001331 secs]2024-03-31T20:05:22.015+0800: 1974.025: [class unloading, 0.0121306 secs]2024-03-31T20:05:22.028+0800: 1974.037: [scrub symbol table, 0.0112332 secs]2024-03-31T20:05:22.039+0800: 1974.049: [scrub string table, 0.0006949 secs][1 CMS-remark: 63K(64K)] 102055K(118016K), 0.1022598 secs] [Times: user=0.10 sys=0.00, real=0.10 secs] 
2024-03-31T20:05:22.044+0800: 1974.053: [CMS-concurrent-sweep-start]
2024-03-31T20:05:22.044+0800: 1974.054: [CMS-concurrent-sweep: 0.000/0.000 secs] [Times: user=0.00 sys=0.00, real=0.00 secs] 
2024-03-31T20:05:22.046+0800: 1974.055: [CMS-concurrent-reset-start]
2024-03-31T20:05:22.046+0800: 1974.056: [CMS-concurrent-reset: 0.000/0.000 secs] [Times: user=0.00 sys=0.00, real=0.00 secs] 
2024-03-31T20:05:24.056+0800: 1976.066: [GC (CMS Initial Mark) [1 CMS-initial-mark: 63K(64K)] 102354K(118016K), 0.1111882 secs] [Times: user=0.11 sys=0.00, real=0.11 secs] 
2024-03-31T20:05:24.168+0800: 1976.178: [CMS-concurrent-mark-start]
2024-03-31T20:05:24.169+0800: 1976.178: [CMS-concurrent-mark: 0.000/0.000 secs] [Times: user=0.00 sys=0.00, real=0.01 secs] 
2024-03-31T20:05:24.170+0800: 1976.179: [CMS-concurrent-preclean-start]
2024-03-31T20:05:24.171+0800: 1976.181: [CMS-concurrent-preclean: 0.001/0.001 secs] [Times: user=0.00 sys=0.00, real=0.00 secs] 
2024-03-31T20:05:24.172+0800: 1976.182: [CMS-concurrent-abortable-preclean-start]
2024-03-31T20:05:24.173+0800: 1976.182: [CMS-concurrent-abortable-preclean: 0.000/0.000 secs] [Times: user=0.00 sys=0.00, real=0.00 secs] 
2024-03-31T20:05:24.175+0800: 1976.184: [GC (CMS Final Remark) [YG occupancy: 102296 K (117952 K)]2024-03-31T20:05:24.175+0800: 1976.184: [Rescan (non-parallel) 2024-03-31T20:05:24.175+0800: 1976.184: [grey object rescan, 0.0001167 secs]2024-03-31T20:05:24.175+0800: 1976.185: [root rescan, 0.0704506 secs]2024-03-31T20:05:24.246+0800: 1976.255: [visit unhandled CLDs, 0.0002011 secs]2024-03-31T20:05:24.246+0800: 1976.256: [dirty klass scan, 0.0013792 secs], 0.0728058 secs]2024-03-31T20:05:24.248+0800: 1976.257: [weak refs processing, 0.0001467 secs]2024-03-31T20:05:24.248+0800: 1976.257: [class unloading, 0.0116643 secs]2024-03-31T20:05:24.260+0800: 1976.269: [scrub symbol table, 0.0096179 secs]2024-03-31T20:05:24.270+0800: 1976.279: [scrub string table, 0.0005530 secs][1 CMS-remark: 63K(64K)] 102360K(118016K), 0.0984332 secs] [Times: user=0.09 sys=0.01, real=0.10 secs] 
2024-03-31T20:05:24.274+0800: 1976.283: [CMS-concurrent-sweep-start]
2024-03-31T20:05:24.274+0800: 1976.283: [CMS-concurrent-sweep: 0.000/0.000 secs] [Times: user=0.00 sys=0.00, real=0.00 secs] 
2024-03-31T20:05:24.275+0800: 1976.284: [CMS-concurrent-reset-start]
2024-03-31T20:05:24.275+0800: 1976.284: [CMS-concurrent-reset: 0.000/0.000 secs] [Times: user=0.00 sys=0.00, real=0.00 secs] 
2024-03-31T20:05:26.282+0800: 1978.292: [GC (CMS Initial Mark) [1 CMS-initial-mark: 63K(64K)] 102608K(118016K), 0.1116835 secs] [Times: user=0.12 sys=0.00, real=0.11 secs] 
2024-03-31T20:05:26.395+0800: 1978.404: [CMS-concurrent-mark-start]
2024-03-31T20:05:26.396+0800: 1978.405: [CMS-concurrent-mark: 0.000/0.000 secs] [Times: user=0.00 sys=0.00, real=0.00 secs] 
2024-03-31T20:05:26.396+0800: 1978.406: [CMS-concurrent-preclean-start]
2024-03-31T20:05:26.398+0800: 1978.407: [CMS-concurrent-preclean: 0.001/0.001 secs] [Times: user=0.00 sys=0.01, real=0.01 secs] 
2024-03-31T20:05:26.399+0800: 1978.408: [CMS-concurrent-abortable-preclean-start]
2024-03-31T20:05:26.399+0800: 1978.409: [CMS-concurrent-abortable-preclean: 0.000/0.000 secs] [Times: user=0.00 sys=0.00, real=0.00 secs] 
2024-03-31T20:05:26.400+0800: 1978.410: [GC (CMS Final Remark) [YG occupancy: 102544 K (117952 K)]2024-03-31T20:05:26.400+0800: 1978.410: [Rescan (non-parallel) 2024-03-31T20:05:26.401+0800: 1978.410: [grey object rescan, 0.0001073 secs]2024-03-31T20:05:26.401+0800: 1978.410: [root rescan, 0.0703023 secs]2024-03-31T20:05:26.471+0800: 1978.481: [visit unhandled CLDs, 0.0001790 secs]2024-03-31T20:05:26.472+0800: 1978.481: [dirty klass scan, 0.0013437 secs], 0.0725725 secs]2024-03-31T20:05:26.473+0800: 1978.482: [weak refs processing, 0.0001549 secs]2024-03-31T20:05:26.473+0800: 1978.483: [class unloading, 0.0122753 secs]2024-03-31T20:05:26.486+0800: 1978.495: [scrub symbol table, 0.0098296 secs]2024-03-31T20:05:26.496+0800: 1978.505: [scrub string table, 0.0005135 secs][1 CMS-remark: 63K(64K)] 102608K(118016K), 0.0991314 secs] [Times: user=0.10 sys=0.00, real=0.10 secs] 
2024-03-31T20:05:26.500+0800: 1978.510: [CMS-concurrent-sweep-start]
2024-03-31T20:05:26.501+0800: 1978.510: [CMS-concurrent-sweep: 0.000/0.000 secs] [Times: user=0.00 sys=0.00, real=0.00 secs] 
2024-03-31T20:05:26.502+0800: 1978.511: [CMS-concurrent-reset-start]
2024-03-31T20:05:26.502+0800: 1978.512: [CMS-concurrent-reset: 0.000/0.000 secs] [Times: user=0.00 sys=0.00, real=0.00 secs] 
2024-03-31T20:05:28.511+0800: 1980.520: [GC (CMS Initial Mark) [1 CMS-initial-mark: 63K(64K)] 102799K(118016K), 0.1056341 secs] [Times: user=0.11 sys=0.00, real=0.10 secs] 
2024-03-31T20:05:28.618+0800: 1980.627: [CMS-concurrent-mark-start]
2024-03-31T20:05:28.619+0800: 1980.628: [CMS-concurrent-mark: 0.000/0.000 secs] [Times: user=0.00 sys=0.00, real=0.01 secs] 
2024-03-31T20:05:28.619+0800: 1980.629: [CMS-concurrent-preclean-start]
2024-03-31T20:05:28.621+0800: 1980.631: [CMS-concurrent-preclean: 0.001/0.001 secs] [Times: user=0.00 sys=0.00, real=0.00 secs] 
2024-03-31T20:05:28.622+0800: 1980.631: [CMS-concurrent-abortable-preclean-start]
2024-03-31T20:05:28.622+0800: 1980.632: [CMS-concurrent-abortable-preclean: 0.000/0.000 secs] [Times: user=0.00 sys=0.00, real=0.00 secs] 
2024-03-31T20:05:28.623+0800: 1980.633: [GC (CMS Final Remark) [YG occupancy: 102746 K (117952 K)]2024-03-31T20:05:28.624+0800: 1980.633: [Rescan (non-parallel) 2024-03-31T20:05:28.625+0800: 1980.634: [grey object rescan, 0.0007785 secs]2024-03-31T20:05:28.626+0800: 1980.635: [root rescan, 0.0762754 secs]2024-03-31T20:05:28.702+0800: 1980.712: [visit unhandled CLDs, 0.0002530 secs]2024-03-31T20:05:28.703+0800: 1980.712: [dirty klass scan, 0.0018755 secs], 0.0810027 secs]2024-03-31T20:05:28.705+0800: 1980.714: [weak refs processing, 0.0002741 secs]2024-03-31T20:05:28.705+0800: 1980.715: [class unloading, 0.0133731 secs]2024-03-31T20:05:28.719+0800: 1980.728: [scrub symbol table, 0.0102430 secs]2024-03-31T20:05:28.729+0800: 1980.739: [scrub string table, 0.0005381 secs][1 CMS-remark: 63K(64K)] 102810K(118016K), 0.1095320 secs] [Times: user=0.11 sys=0.00, real=0.11 secs] 
2024-03-31T20:05:28.734+0800: 1980.743: [CMS-concurrent-sweep-start]
2024-03-31T20:05:28.735+0800: 1980.744: [CMS-concurrent-sweep: 0.000/0.000 secs] [Times: user=0.00 sys=0.00, real=0.00 secs] 
2024-03-31T20:05:28.736+0800: 1980.745: [CMS-concurrent-reset-start]
2024-03-31T20:05:28.736+0800: 1980.746: [CMS-concurrent-reset: 0.000/0.000 secs] [Times: user=0.00 sys=0.00, real=0.00 secs] 
2024-03-31T20:05:30.739+0800: 1982.748: [GC (CMS Initial Mark) [1 CMS-initial-mark: 63K(64K)] 103017K(118016K), 0.0731870 secs] [Times: user=0.07 sys=0.00, real=0.07 secs] 
2024-03-31T20:05:30.813+0800: 1982.822: [CMS-concurrent-mark-start]
2024-03-31T20:05:30.814+0800: 1982.823: [CMS-concurrent-mark: 0.000/0.000 secs] [Times: user=0.00 sys=0.00, real=0.00 secs] 
2024-03-31T20:05:30.815+0800: 1982.824: [CMS-concurrent-preclean-start]
2024-03-31T20:05:30.818+0800: 1982.827: [CMS-concurrent-preclean: 0.001/0.001 secs] [Times: user=0.00 sys=0.00, real=0.00 secs] 
2024-03-31T20:05:30.819+0800: 1982.828: [CMS-concurrent-abortable-preclean-start]
2024-03-31T20:05:30.819+0800: 1982.829: [CMS-concurrent-abortable-preclean: 0.000/0.000 secs] [Times: user=0.00 sys=0.00, real=0.01 secs] 
2024-03-31T20:05:30.821+0800: 1982.830: [GC (CMS Final Remark) [YG occupancy: 102953 K (117952 K)]2024-03-31T20:05:30.821+0800: 1982.830: [Rescan (non-parallel) 2024-03-31T20:05:30.821+0800: 1982.830: [grey object rescan, 0.0001433 secs]2024-03-31T20:05:30.821+0800: 1982.830: [root rescan, 0.0743910 secs]2024-03-31T20:05:30.896+0800: 1982.905: [visit unhandled CLDs, 0.0002199 secs]2024-03-31T20:05:30.896+0800: 1982.905: [dirty klass scan, 0.0015289 secs], 0.0771116 secs]2024-03-31T20:05:30.898+0800: 1982.907: [weak refs processing, 0.0001477 secs]2024-03-31T20:05:30.898+0800: 1982.907: [class unloading, 0.0127503 secs]2024-03-31T20:05:30.911+0800: 1982.921: [scrub symbol table, 0.0119913 secs]2024-03-31T20:05:30.924+0800: 1982.933: [scrub string table, 0.0005658 secs][1 CMS-remark: 63K(64K)] 103017K(118016K), 0.1066315 secs] [Times: user=0.10 sys=0.00, real=0.10 secs] 
2024-03-31T20:05:30.928+0800: 1982.937: [CMS-concurrent-sweep-start]
2024-03-31T20:05:30.929+0800: 1982.938: [CMS-concurrent-sweep: 0.000/0.000 secs] [Times: user=0.00 sys=0.00, real=0.01 secs] 
2024-03-31T20:05:30.930+0800: 1982.939: [CMS-concurrent-reset-start]
2024-03-31T20:05:30.931+0800: 1982.940: [CMS-concurrent-reset: 0.000/0.000 secs] [Times: user=0.00 sys=0.00, real=0.00 secs] 
2024-03-31T20:05:32.938+0800: 1984.947: [GC (CMS Initial Mark) [1 CMS-initial-mark: 63K(64K)] 103202K(118016K), 0.1106408 secs] [Times: user=0.11 sys=0.00, real=0.12 secs] 
2024-03-31T20:05:33.050+0800: 1985.059: [CMS-concurrent-mark-start]
2024-03-31T20:05:33.051+0800: 1985.060: [CMS-concurrent-mark: 0.000/0.000 secs] [Times: user=0.00 sys=0.00, real=0.00 secs] 
2024-03-31T20:05:33.051+0800: 1985.061: [CMS-concurrent-preclean-start]
2024-03-31T20:05:33.053+0800: 1985.063: [CMS-concurrent-preclean: 0.001/0.001 secs] [Times: user=0.00 sys=0.00, real=0.00 secs] 
2024-03-31T20:05:33.054+0800: 1985.064: [CMS-concurrent-abortable-preclean-start]
2024-03-31T20:05:33.055+0800: 1985.064: [CMS-concurrent-abortable-preclean: 0.000/0.000 secs] [Times: user=0.00 sys=0.00, real=0.00 secs] 
2024-03-31T20:05:33.056+0800: 1985.065: [GC (CMS Final Remark) [YG occupancy: 103143 K (117952 K)]2024-03-31T20:05:33.056+0800: 1985.065: [Rescan (non-parallel) 2024-03-31T20:05:33.056+0800: 1985.065: [grey object rescan, 0.0001047 secs]2024-03-31T20:05:33.056+0800: 1985.065: [root rescan, 0.0701725 secs]2024-03-31T20:05:33.127+0800: 1985.136: [visit unhandled CLDs, 0.0001564 secs]2024-03-31T20:05:33.127+0800: 1985.136: [dirty klass scan, 0.0013149 secs], 0.0723682 secs]2024-03-31T20:05:33.128+0800: 1985.138: [weak refs processing, 0.0001495 secs]2024-03-31T20:05:33.129+0800: 1985.138: [class unloading, 0.0117319 secs]2024-03-31T20:05:33.141+0800: 1985.150: [scrub symbol table, 0.0095790 secs]2024-03-31T20:05:33.150+0800: 1985.159: [scrub string table, 0.0005344 secs][1 CMS-remark: 63K(64K)] 103207K(118016K), 0.0979472 secs] [Times: user=0.10 sys=0.00, real=0.10 secs] 
2024-03-31T20:05:33.155+0800: 1985.164: [CMS-concurrent-sweep-start]
2024-03-31T20:05:33.155+0800: 1985.164: [CMS-concurrent-sweep: 0.000/0.000 secs] [Times: user=0.00 sys=0.00, real=0.00 secs] 
2024-03-31T20:05:33.156+0800: 1985.165: [CMS-concurrent-reset-start]
2024-03-31T20:05:33.156+0800: 1985.166: [CMS-concurrent-reset: 0.000/0.000 secs] [Times: user=0.00 sys=0.00, real=0.00 secs] 
2024-03-31T20:05:35.167+0800: 1987.177: [GC (CMS Initial Mark) [1 CMS-initial-mark: 63K(64K)] 103316K(118016K), 0.1100500 secs] [Times: user=0.11 sys=0.00, real=0.11 secs] 
2024-03-31T20:05:35.278+0800: 1987.287: [CMS-concurrent-mark-start]
2024-03-31T20:05:35.279+0800: 1987.288: [CMS-concurrent-mark: 0.000/0.000 secs] [Times: user=0.00 sys=0.00, real=0.01 secs] 
2024-03-31T20:05:35.280+0800: 1987.289: [CMS-concurrent-preclean-start]
2024-03-31T20:05:35.282+0800: 1987.291: [CMS-concurrent-preclean: 0.001/0.001 secs] [Times: user=0.00 sys=0.00, real=0.00 secs] 
2024-03-31T20:05:35.282+0800: 1987.291: [CMS-concurrent-abortable-preclean-start]
2024-03-31T20:05:35.283+0800: 1987.292: [CMS-concurrent-abortable-preclean: 0.000/0.000 secs] [Times: user=0.00 sys=0.00, real=0.00 secs] 
2024-03-31T20:05:35.283+0800: 1987.292: [GC (CMS Final Remark) [YG occupancy: 103252 K (117952 K)]2024-03-31T20:05:35.283+0800: 1987.292: [Rescan (non-parallel) 2024-03-31T20:05:35.284+0800: 1987.293: [grey object rescan, 0.0001112 secs]2024-03-31T20:05:35.284+0800: 1987.293: [root rescan, 0.0702369 secs]2024-03-31T20:05:35.354+0800: 1987.363: [visit unhandled CLDs, 0.0001508 secs]2024-03-31T20:05:35.354+0800: 1987.363: [dirty klass scan, 0.0013098 secs], 0.0723931 secs]2024-03-31T20:05:35.356+0800: 1987.365: [weak refs processing, 0.0001419 secs]2024-03-31T20:05:35.356+0800: 1987.365: [class unloading, 0.0115605 secs]2024-03-31T20:05:35.368+0800: 1987.377: [scrub symbol table, 0.0096900 secs]2024-03-31T20:05:35.378+0800: 1987.387: [scrub string table, 0.0004964 secs][1 CMS-remark: 63K(64K)] 103316K(118016K), 0.0979080 secs] [Times: user=0.10 sys=0.00, real=0.10 secs] 
2024-03-31T20:05:35.382+0800: 1987.391: [CMS-concurrent-sweep-start]
2024-03-31T20:05:35.383+0800: 1987.392: [CMS-concurrent-sweep: 0.000/0.000 secs] [Times: user=0.00 sys=0.00, real=0.00 secs] 
2024-03-31T20:05:35.384+0800: 1987.393: [CMS-concurrent-reset-start]
2024-03-31T20:05:35.385+0800: 1987.394: [CMS-concurrent-reset: 0.000/0.000 secs] [Times: user=0.00 sys=0.00, real=0.00 secs] 
2024-03-31T20:05:37.392+0800: 1989.401: [GC (CMS Initial Mark) [1 CMS-initial-mark: 63K(64K)] 103405K(118016K), 0.1096164 secs] [Times: user=0.11 sys=0.00, real=0.11 secs] 
2024-03-31T20:05:37.502+0800: 1989.511: [CMS-concurrent-mark-start]
2024-03-31T20:05:37.503+0800: 1989.512: [CMS-concurrent-mark: 0.000/0.000 secs] [Times: user=0.00 sys=0.00, real=0.00 secs] 
2024-03-31T20:05:37.504+0800: 1989.513: [CMS-concurrent-preclean-start]
2024-03-31T20:05:37.506+0800: 1989.515: [CMS-concurrent-preclean: 0.001/0.001 secs] [Times: user=0.01 sys=0.00, real=0.00 secs] 
2024-03-31T20:05:37.507+0800: 1989.516: [CMS-concurrent-abortable-preclean-start]
2024-03-31T20:05:37.507+0800: 1989.516: [CMS-concurrent-abortable-preclean: 0.000/0.000 secs] [Times: user=0.00 sys=0.00, real=0.00 secs] 
2024-03-31T20:05:37.508+0800: 1989.517: [GC (CMS Final Remark) [YG occupancy: 103347 K (117952 K)]2024-03-31T20:05:37.508+0800: 1989.517: [Rescan (non-parallel) 2024-03-31T20:05:37.508+0800: 1989.517: [grey object rescan, 0.0001068 secs]2024-03-31T20:05:37.508+0800: 1989.517: [root rescan, 0.0707736 secs]2024-03-31T20:05:37.579+0800: 1989.588: [visit unhandled CLDs, 0.0001433 secs]2024-03-31T20:05:37.579+0800: 1989.588: [dirty klass scan, 0.0012798 secs], 0.0728977 secs]2024-03-31T20:05:37.581+0800: 1989.590: [weak refs processing, 0.0001445 secs]2024-03-31T20:05:37.581+0800: 1989.590: [class unloading, 0.0116965 secs]2024-03-31T20:05:37.593+0800: 1989.602: [scrub symbol table, 0.0095600 secs]2024-03-31T20:05:37.603+0800: 1989.612: [scrub string table, 0.0004924 secs][1 CMS-remark: 63K(64K)] 103411K(118016K), 0.0984348 secs] [Times: user=0.10 sys=0.00, real=0.10 secs] 
2024-03-31T20:05:37.607+0800: 1989.616: [CMS-concurrent-sweep-start]
2024-03-31T20:05:37.607+0800: 1989.616: [CMS-concurrent-sweep: 0.000/0.000 secs] [Times: user=0.00 sys=0.00, real=0.00 secs] 
2024-03-31T20:05:37.608+0800: 1989.617: [CMS-concurrent-reset-start]
2024-03-31T20:05:37.609+0800: 1989.618: [CMS-concurrent-reset: 0.000/0.000 secs] [Times: user=0.00 sys=0.00, real=0.01 secs] 
2024-03-31T20:05:39.619+0800: 1991.629: [GC (CMS Initial Mark) [1 CMS-initial-mark: 63K(64K)] 103746K(118016K), 0.1136517 secs] [Times: user=0.12 sys=0.00, real=0.11 secs] 
2024-03-31T20:05:39.734+0800: 1991.743: [CMS-concurrent-mark-start]
2024-03-31T20:05:39.734+0800: 1991.743: [CMS-concurrent-mark: 0.000/0.000 secs] [Times: user=0.00 sys=0.00, real=0.00 secs] 
2024-03-31T20:05:39.735+0800: 1991.744: [CMS-concurrent-preclean-start]
2024-03-31T20:05:39.737+0800: 1991.746: [CMS-concurrent-preclean: 0.001/0.001 secs] [Times: user=0.00 sys=0.00, real=0.00 secs] 
2024-03-31T20:05:39.737+0800: 1991.746: [CMS-concurrent-abortable-preclean-start]
2024-03-31T20:05:39.738+0800: 1991.747: [CMS-concurrent-abortable-preclean: 0.000/0.000 secs] [Times: user=0.00 sys=0.00, real=0.00 secs] 
2024-03-31T20:05:39.738+0800: 1991.748: [GC (CMS Final Remark) [YG occupancy: 103682 K (117952 K)]2024-03-31T20:05:39.739+0800: 1991.748: [Rescan (non-parallel) 2024-03-31T20:05:39.739+0800: 1991.748: [grey object rescan, 0.0000990 secs]2024-03-31T20:05:39.739+0800: 1991.748: [root rescan, 0.0705938 secs]2024-03-31T20:05:39.810+0800: 1991.819: [visit unhandled CLDs, 0.0001618 secs]2024-03-31T20:05:39.810+0800: 1991.819: [dirty klass scan, 0.0013315 secs], 0.0727679 secs]2024-03-31T20:05:39.811+0800: 1991.821: [weak refs processing, 0.0001427 secs]2024-03-31T20:05:39.812+0800: 1991.821: [class unloading, 0.0115360 secs]2024-03-31T20:05:39.824+0800: 1991.833: [scrub symbol table, 0.0096104 secs]2024-03-31T20:05:39.833+0800: 1991.842: [scrub string table, 0.0005060 secs][1 CMS-remark: 63K(64K)] 103746K(118016K), 0.0981944 secs] [Times: user=0.10 sys=0.00, real=0.09 secs] 
2024-03-31T20:05:39.838+0800: 1991.847: [CMS-concurrent-sweep-start]
2024-03-31T20:05:39.838+0800: 1991.847: [CMS-concurrent-sweep: 0.000/0.000 secs] [Times: user=0.00 sys=0.00, real=0.00 secs] 
2024-03-31T20:05:39.839+0800: 1991.848: [CMS-concurrent-reset-start]
2024-03-31T20:05:39.840+0800: 1991.849: [CMS-concurrent-reset: 0.000/0.000 secs] [Times: user=0.00 sys=0.00, real=0.00 secs] 
2024-03-31T20:05:41.849+0800: 1993.859: [GC (CMS Initial Mark) [1 CMS-initial-mark: 63K(64K)] 103959K(118016K), 0.1146464 secs] [Times: user=0.12 sys=0.00, real=0.11 secs] 
2024-03-31T20:05:41.965+0800: 1993.974: [CMS-concurrent-mark-start]
2024-03-31T20:05:41.967+0800: 1993.976: [CMS-concurrent-mark: 0.000/0.000 secs] [Times: user=0.00 sys=0.00, real=0.00 secs] 
2024-03-31T20:05:41.968+0800: 1993.977: [CMS-concurrent-preclean-start]
2024-03-31T20:05:41.970+0800: 1993.979: [CMS-concurrent-preclean: 0.001/0.001 secs] [Times: user=0.00 sys=0.00, real=0.01 secs] 
2024-03-31T20:05:41.971+0800: 1993.980: [CMS-concurrent-abortable-preclean-start]
2024-03-31T20:05:41.972+0800: 1993.981: [CMS-concurrent-abortable-preclean: 0.000/0.000 secs] [Times: user=0.00 sys=0.00, real=0.00 secs] 
2024-03-31T20:05:41.973+0800: 1993.982: [GC (CMS Final Remark) [YG occupancy: 103896 K (117952 K)]2024-03-31T20:05:41.973+0800: 1993.983: [Rescan (non-parallel) 2024-03-31T20:05:41.974+0800: 1993.983: [grey object rescan, 0.0001190 secs]2024-03-31T20:05:41.974+0800: 1993.983: [root rescan, 0.0711930 secs]2024-03-31T20:05:42.045+0800: 1994.054: [visit unhandled CLDs, 0.0001658 secs]2024-03-31T20:05:42.045+0800: 1994.055: [dirty klass scan, 0.0015904 secs], 0.0737514 secs]2024-03-31T20:05:42.047+0800: 1994.056: [weak refs processing, 0.0001520 secs]2024-03-31T20:05:42.048+0800: 1994.057: [class unloading, 0.0122762 secs]2024-03-31T20:05:42.060+0800: 1994.069: [scrub symbol table, 0.0097171 secs]2024-03-31T20:05:42.070+0800: 1994.079: [scrub string table, 0.0005165 secs][1 CMS-remark: 63K(64K)] 103959K(118016K), 0.1001137 secs] [Times: user=0.10 sys=0.00, real=0.10 secs] 
2024-03-31T20:05:42.074+0800: 1994.083: [CMS-concurrent-sweep-start]
2024-03-31T20:05:42.075+0800: 1994.084: [CMS-concurrent-sweep: 0.000/0.000 secs] [Times: user=0.00 sys=0.00, real=0.00 secs] 
2024-03-31T20:05:42.076+0800: 1994.085: [CMS-concurrent-reset-start]
2024-03-31T20:05:42.077+0800: 1994.086: [CMS-concurrent-reset: 0.000/0.000 secs] [Times: user=0.00 sys=0.00, real=0.00 secs] 
2024-03-31T20:05:44.090+0800: 1996.100: [GC (CMS Initial Mark) [1 CMS-initial-mark: 63K(64K)] 104076K(118016K), 0.1121633 secs] [Times: user=0.11 sys=0.00, real=0.11 secs] 
2024-03-31T20:05:44.203+0800: 1996.212: [CMS-concurrent-mark-start]
2024-03-31T20:05:44.204+0800: 1996.213: [CMS-concurrent-mark: 0.000/0.000 secs] [Times: user=0.00 sys=0.00, real=0.00 secs] 
2024-03-31T20:05:44.204+0800: 1996.213: [CMS-concurrent-preclean-start]
2024-03-31T20:05:44.206+0800: 1996.215: [CMS-concurrent-preclean: 0.001/0.001 secs] [Times: user=0.00 sys=0.00, real=0.00 secs] 
2024-03-31T20:05:44.207+0800: 1996.216: [CMS-concurrent-abortable-preclean-start]
2024-03-31T20:05:44.207+0800: 1996.216: [CMS-concurrent-abortable-preclean: 0.000/0.000 secs] [Times: user=0.00 sys=0.00, real=0.00 secs] 
2024-03-31T20:05:44.208+0800: 1996.217: [GC (CMS Final Remark) [YG occupancy: 104012 K (117952 K)]2024-03-31T20:05:44.208+0800: 1996.217: [Rescan (non-parallel) 2024-03-31T20:05:44.208+0800: 1996.217: [grey object rescan, 0.0001045 secs]2024-03-31T20:05:44.208+0800: 1996.217: [root rescan, 0.0728764 secs]2024-03-31T20:05:44.281+0800: 1996.291: [visit unhandled CLDs, 0.0002225 secs]2024-03-31T20:05:44.282+0800: 1996.291: [dirty klass scan, 0.0017171 secs], 0.0758205 secs]2024-03-31T20:05:44.284+0800: 1996.293: [weak refs processing, 0.0001873 secs]2024-03-31T20:05:44.284+0800: 1996.293: [class unloading, 0.0137024 secs]2024-03-31T20:05:44.298+0800: 1996.307: [scrub symbol table, 0.0104705 secs]2024-03-31T20:05:44.309+0800: 1996.318: [scrub string table, 0.0005640 secs][1 CMS-remark: 63K(64K)] 104076K(118016K), 0.1046716 secs] [Times: user=0.11 sys=0.00, real=0.11 secs] 
2024-03-31T20:05:44.313+0800: 1996.322: [CMS-concurrent-sweep-start]
2024-03-31T20:05:44.314+0800: 1996.323: [CMS-concurrent-sweep: 0.000/0.000 secs] [Times: user=0.00 sys=0.00, real=0.00 secs] 
2024-03-31T20:05:44.315+0800: 1996.324: [CMS-concurrent-reset-start]
2024-03-31T20:05:44.316+0800: 1996.325: [CMS-concurrent-reset: 0.000/0.000 secs] [Times: user=0.00 sys=0.00, real=0.00 secs] 
2024-03-31T20:05:46.326+0800: 1998.335: [GC (CMS Initial Mark) [1 CMS-initial-mark: 63K(64K)] 104305K(118016K), 0.1149135 secs] [Times: user=0.11 sys=0.00, real=0.12 secs] 
2024-03-31T20:05:46.442+0800: 1998.451: [CMS-concurrent-mark-start]
2024-03-31T20:05:46.443+0800: 1998.452: [CMS-concurrent-mark: 0.000/0.000 secs] [Times: user=0.01 sys=0.00, real=0.00 secs] 
2024-03-31T20:05:46.444+0800: 1998.453: [CMS-concurrent-preclean-start]
2024-03-31T20:05:46.446+0800: 1998.455: [CMS-concurrent-preclean: 0.001/0.001 secs] [Times: user=0.00 sys=0.00, real=0.00 secs] 
2024-03-31T20:05:46.447+0800: 1998.456: [CMS-concurrent-abortable-preclean-start]
2024-03-31T20:05:46.447+0800: 1998.456: [CMS-concurrent-abortable-preclean: 0.000/0.000 secs] [Times: user=0.00 sys=0.00, real=0.00 secs] 
2024-03-31T20:05:46.448+0800: 1998.457: [GC (CMS Final Remark) [YG occupancy: 104241 K (117952 K)]2024-03-31T20:05:46.448+0800: 1998.457: [Rescan (non-parallel) 2024-03-31T20:05:46.448+0800: 1998.457: [grey object rescan, 0.0001011 secs]2024-03-31T20:05:46.448+0800: 1998.457: [root rescan, 0.0708201 secs]2024-03-31T20:05:46.519+0800: 1998.529: [visit unhandled CLDs, 0.0001591 secs]2024-03-31T20:05:46.520+0800: 1998.529: [dirty klass scan, 0.0013209 secs], 0.0730116 secs]2024-03-31T20:05:46.521+0800: 1998.530: [weak refs processing, 0.0001374 secs]2024-03-31T20:05:46.521+0800: 1998.530: [class unloading, 0.0120670 secs]2024-03-31T20:05:46.534+0800: 1998.543: [scrub symbol table, 0.0104416 secs]2024-03-31T20:05:46.544+0800: 1998.553: [scrub string table, 0.0005303 secs][1 CMS-remark: 63K(64K)] 104305K(118016K), 0.1000117 secs] [Times: user=0.10 sys=0.00, real=0.10 secs] 
2024-03-31T20:05:46.549+0800: 1998.558: [CMS-concurrent-sweep-start]
2024-03-31T20:05:46.549+0800: 1998.559: [CMS-concurrent-sweep: 0.000/0.000 secs] [Times: user=0.00 sys=0.00, real=0.00 secs] 
2024-03-31T20:05:46.551+0800: 1998.560: [CMS-concurrent-reset-start]
2024-03-31T20:05:46.551+0800: 1998.560: [CMS-concurrent-reset: 0.000/0.000 secs] [Times: user=0.00 sys=0.00, real=0.00 secs] 
2024-03-31T20:05:48.559+0800: 2000.568: [GC (CMS Initial Mark) [1 CMS-initial-mark: 63K(64K)] 104451K(118016K), 0.1066840 secs] [Times: user=0.11 sys=0.00, real=0.10 secs] 
2024-03-31T20:05:48.666+0800: 2000.676: [CMS-concurrent-mark-start]
2024-03-31T20:05:48.667+0800: 2000.676: [CMS-concurrent-mark: 0.000/0.000 secs] [Times: user=0.00 sys=0.00, real=0.00 secs] 
2024-03-31T20:05:48.668+0800: 2000.677: [CMS-concurrent-preclean-start]
2024-03-31T20:05:48.670+0800: 2000.679: [CMS-concurrent-preclean: 0.001/0.001 secs] [Times: user=0.00 sys=0.00, real=0.01 secs] 
2024-03-31T20:05:48.670+0800: 2000.679: [CMS-concurrent-abortable-preclean-start]
2024-03-31T20:05:48.670+0800: 2000.680: [CMS-concurrent-abortable-preclean: 0.000/0.000 secs] [Times: user=0.00 sys=0.00, real=0.00 secs] 
2024-03-31T20:05:48.671+0800: 2000.680: [GC (CMS Final Remark) [YG occupancy: 104387 K (117952 K)]2024-03-31T20:05:48.671+0800: 2000.680: [Rescan (non-parallel) 2024-03-31T20:05:48.671+0800: 2000.681: [grey object rescan, 0.0001160 secs]2024-03-31T20:05:48.672+0800: 2000.681: [root rescan, 0.0712712 secs]2024-03-31T20:05:48.743+0800: 2000.752: [visit unhandled CLDs, 0.0001621 secs]2024-03-31T20:05:48.743+0800: 2000.752: [dirty klass scan, 0.0012630 secs], 0.0735297 secs]2024-03-31T20:05:48.745+0800: 2000.754: [weak refs processing, 0.0001396 secs]2024-03-31T20:05:48.745+0800: 2000.754: [class unloading, 0.0116432 secs]2024-03-31T20:05:48.757+0800: 2000.766: [scrub symbol table, 0.0097717 secs]2024-03-31T20:05:48.767+0800: 2000.776: [scrub string table, 0.0005125 secs][1 CMS-remark: 63K(64K)] 104451K(118016K), 0.0993064 secs] [Times: user=0.10 sys=0.00, real=0.10 secs] 
2024-03-31T20:05:48.771+0800: 2000.780: [CMS-concurrent-sweep-start]
2024-03-31T20:05:48.772+0800: 2000.781: [CMS-concurrent-sweep: 0.000/0.000 secs] [Times: user=0.00 sys=0.00, real=0.00 secs] 
2024-03-31T20:05:48.773+0800: 2000.782: [CMS-concurrent-reset-start]
2024-03-31T20:05:48.774+0800: 2000.783: [CMS-concurrent-reset: 0.000/0.000 secs] [Times: user=0.00 sys=0.00, real=0.00 secs] 
2024-03-31T20:05:50.780+0800: 2002.789: [GC (CMS Initial Mark) [1 CMS-initial-mark: 63K(64K)] 104571K(118016K), 0.0986128 secs] [Times: user=0.10 sys=0.00, real=0.10 secs] 
2024-03-31T20:05:50.879+0800: 2002.888: [CMS-concurrent-mark-start]
2024-03-31T20:05:50.880+0800: 2002.889: [CMS-concurrent-mark: 0.000/0.000 secs] [Times: user=0.00 sys=0.00, real=0.00 secs] 
2024-03-31T20:05:50.881+0800: 2002.890: [CMS-concurrent-preclean-start]
2024-03-31T20:05:50.883+0800: 2002.892: [CMS-concurrent-preclean: 0.001/0.001 secs] [Times: user=0.00 sys=0.00, real=0.00 secs] 
2024-03-31T20:05:50.884+0800: 2002.893: [CMS-concurrent-abortable-preclean-start]
2024-03-31T20:05:50.884+0800: 2002.894: [CMS-concurrent-abortable-preclean: 0.000/0.000 secs] [Times: user=0.00 sys=0.00, real=0.00 secs] 
2024-03-31T20:05:50.886+0800: 2002.895: [GC (CMS Final Remark) [YG occupancy: 104507 K (117952 K)]2024-03-31T20:05:50.886+0800: 2002.895: [Rescan (non-parallel) 2024-03-31T20:05:50.886+0800: 2002.895: [grey object rescan, 0.0001454 secs]2024-03-31T20:05:50.886+0800: 2002.895: [root rescan, 0.0733945 secs]2024-03-31T20:05:50.960+0800: 2002.969: [visit unhandled CLDs, 0.0001611 secs]2024-03-31T20:05:50.960+0800: 2002.969: [dirty klass scan, 0.0015476 secs], 0.0758742 secs]2024-03-31T20:05:50.962+0800: 2002.971: [weak refs processing, 0.0001285 secs]2024-03-31T20:05:50.962+0800: 2002.971: [class unloading, 0.0120883 secs]2024-03-31T20:05:50.974+0800: 2002.983: [scrub symbol table, 0.0112973 secs]2024-03-31T20:05:50.986+0800: 2002.995: [scrub string table, 0.0005829 secs][1 CMS-remark: 63K(64K)] 104571K(118016K), 0.1041879 secs] [Times: user=0.10 sys=0.00, real=0.11 secs] 
2024-03-31T20:05:50.991+0800: 2003.000: [CMS-concurrent-sweep-start]
2024-03-31T20:05:50.991+0800: 2003.000: [CMS-concurrent-sweep: 0.000/0.000 secs] [Times: user=0.00 sys=0.00, real=0.00 secs] 
2024-03-31T20:05:50.992+0800: 2003.001: [CMS-concurrent-reset-start]
2024-03-31T20:05:50.993+0800: 2003.002: [CMS-concurrent-reset: 0.000/0.000 secs] [Times: user=0.00 sys=0.00, real=0.00 secs] 
2024-03-31T20:05:53.002+0800: 2005.011: [GC (CMS Initial Mark) [1 CMS-initial-mark: 63K(64K)] 104868K(118016K), 0.1130755 secs] [Times: user=0.11 sys=0.00, real=0.11 secs] 
2024-03-31T20:05:53.116+0800: 2005.125: [CMS-concurrent-mark-start]
2024-03-31T20:05:53.117+0800: 2005.126: [CMS-concurrent-mark: 0.000/0.000 secs] [Times: user=0.01 sys=0.00, real=0.00 secs] 
2024-03-31T20:05:53.118+0800: 2005.127: [CMS-concurrent-preclean-start]
2024-03-31T20:05:53.120+0800: 2005.129: [CMS-concurrent-preclean: 0.001/0.001 secs] [Times: user=0.00 sys=0.00, real=0.01 secs] 
2024-03-31T20:05:53.122+0800: 2005.131: [CMS-concurrent-abortable-preclean-start]
2024-03-31T20:05:53.123+0800: 2005.132: [CMS-concurrent-abortable-preclean: 0.000/0.000 secs] [Times: user=0.00 sys=0.00, real=0.00 secs] 
2024-03-31T20:05:53.125+0800: 2005.134: [GC (CMS Final Remark) [YG occupancy: 104804 K (117952 K)]2024-03-31T20:05:53.125+0800: 2005.135: [Rescan (non-parallel) 2024-03-31T20:05:53.126+0800: 2005.135: [grey object rescan, 0.0001024 secs]2024-03-31T20:05:53.126+0800: 2005.135: [root rescan, 0.0718632 secs]2024-03-31T20:05:53.198+0800: 2005.207: [visit unhandled CLDs, 0.0001704 secs]2024-03-31T20:05:53.198+0800: 2005.207: [dirty klass scan, 0.0014255 secs], 0.0741731 secs]2024-03-31T20:05:53.200+0800: 2005.209: [weak refs processing, 0.0001400 secs]2024-03-31T20:05:53.200+0800: 2005.209: [class unloading, 0.0118974 secs]2024-03-31T20:05:53.212+0800: 2005.221: [scrub symbol table, 0.0096634 secs]2024-03-31T20:05:53.222+0800: 2005.231: [scrub string table, 0.0005123 secs][1 CMS-remark: 63K(64K)] 104868K(118016K), 0.1000187 secs] [Times: user=0.10 sys=0.00, real=0.10 secs] 
2024-03-31T20:05:53.226+0800: 2005.235: [CMS-concurrent-sweep-start]
2024-03-31T20:05:53.227+0800: 2005.236: [CMS-concurrent-sweep: 0.000/0.000 secs] [Times: user=0.00 sys=0.00, real=0.00 secs] 
2024-03-31T20:05:53.228+0800: 2005.237: [CMS-concurrent-reset-start]
2024-03-31T20:05:53.229+0800: 2005.238: [CMS-concurrent-reset: 0.000/0.000 secs] [Times: user=0.00 sys=0.00, real=0.01 secs] 
2024-03-31T20:05:55.236+0800: 2007.245: [GC (CMS Initial Mark) [1 CMS-initial-mark: 63K(64K)] 104977K(118016K), 0.1110595 secs] [Times: user=0.10 sys=0.00, real=0.11 secs] 
2024-03-31T20:05:55.348+0800: 2007.357: [CMS-concurrent-mark-start]
2024-03-31T20:05:55.348+0800: 2007.357: [CMS-concurrent-mark: 0.000/0.000 secs] [Times: user=0.00 sys=0.00, real=0.00 secs] 
2024-03-31T20:05:55.349+0800: 2007.358: [CMS-concurrent-preclean-start]
2024-03-31T20:05:55.351+0800: 2007.360: [CMS-concurrent-preclean: 0.001/0.001 secs] [Times: user=0.00 sys=0.00, real=0.00 secs] 
2024-03-31T20:05:55.351+0800: 2007.360: [CMS-concurrent-abortable-preclean-start]
2024-03-31T20:05:55.351+0800: 2007.361: [CMS-concurrent-abortable-preclean: 0.000/0.000 secs] [Times: user=0.00 sys=0.01, real=0.00 secs] 
2024-03-31T20:05:55.352+0800: 2007.361: [GC (CMS Final Remark) [YG occupancy: 104916 K (117952 K)]2024-03-31T20:05:55.352+0800: 2007.362: [Rescan (non-parallel) 2024-03-31T20:05:55.353+0800: 2007.362: [grey object rescan, 0.0001207 secs]2024-03-31T20:05:55.353+0800: 2007.362: [root rescan, 0.0716033 secs]2024-03-31T20:05:55.425+0800: 2007.434: [visit unhandled CLDs, 0.0001619 secs]2024-03-31T20:05:55.425+0800: 2007.434: [dirty klass scan, 0.0013727 secs], 0.0738535 secs]2024-03-31T20:05:55.426+0800: 2007.435: [weak refs processing, 0.0001397 secs]2024-03-31T20:05:55.427+0800: 2007.436: [class unloading, 0.0117913 secs]2024-03-31T20:05:55.439+0800: 2007.448: [scrub symbol table, 0.0097396 secs]2024-03-31T20:05:55.449+0800: 2007.458: [scrub string table, 0.0004900 secs][1 CMS-remark: 63K(64K)] 104979K(118016K), 0.0996855 secs] [Times: user=0.10 sys=0.00, real=0.10 secs] 
2024-03-31T20:05:55.453+0800: 2007.462: [CMS-concurrent-sweep-start]
2024-03-31T20:05:55.453+0800: 2007.462: [CMS-concurrent-sweep: 0.000/0.000 secs] [Times: user=0.00 sys=0.00, real=0.00 secs] 
2024-03-31T20:05:55.454+0800: 2007.463: [CMS-concurrent-reset-start]
2024-03-31T20:05:55.454+0800: 2007.463: [CMS-concurrent-reset: 0.000/0.000 secs] [Times: user=0.00 sys=0.00, real=0.00 secs] 
2024-03-31T20:05:57.461+0800: 2009.470: [GC (CMS Initial Mark) [1 CMS-initial-mark: 63K(64K)] 105101K(118016K), 0.1019379 secs] [Times: user=0.11 sys=0.00, real=0.10 secs] 
2024-03-31T20:05:57.564+0800: 2009.573: [CMS-concurrent-mark-start]
2024-03-31T20:05:57.565+0800: 2009.574: [CMS-concurrent-mark: 0.000/0.000 secs] [Times: user=0.00 sys=0.00, real=0.00 secs] 
2024-03-31T20:05:57.566+0800: 2009.575: [CMS-concurrent-preclean-start]
2024-03-31T20:05:57.568+0800: 2009.577: [CMS-concurrent-preclean: 0.001/0.001 secs] [Times: user=0.00 sys=0.00, real=0.00 secs] 
2024-03-31T20:05:57.569+0800: 2009.578: [CMS-concurrent-abortable-preclean-start]
2024-03-31T20:05:57.570+0800: 2009.579: [CMS-concurrent-abortable-preclean: 0.000/0.000 secs] [Times: user=0.00 sys=0.00, real=0.01 secs] 
2024-03-31T20:05:57.571+0800: 2009.580: [GC (CMS Final Remark) [YG occupancy: 105038 K (117952 K)]2024-03-31T20:05:57.571+0800: 2009.580: [Rescan (non-parallel) 2024-03-31T20:05:57.571+0800: 2009.580: [grey object rescan, 0.0001341 secs]2024-03-31T20:05:57.571+0800: 2009.580: [root rescan, 0.0774868 secs]2024-03-31T20:05:57.649+0800: 2009.658: [visit unhandled CLDs, 0.0002420 secs]2024-03-31T20:05:57.649+0800: 2009.658: [dirty klass scan, 0.0017427 secs], 0.0804353 secs]2024-03-31T20:05:57.651+0800: 2009.661: [weak refs processing, 0.0002375 secs]2024-03-31T20:05:57.652+0800: 2009.661: [class unloading, 0.0136051 secs]2024-03-31T20:05:57.666+0800: 2009.675: [scrub symbol table, 0.0156872 secs]2024-03-31T20:05:57.682+0800: 2009.691: [scrub string table, 0.0006860 secs][1 CMS-remark: 63K(64K)] 105102K(118016K), 0.1153715 secs] [Times: user=0.11 sys=0.00, real=0.11 secs] 
2024-03-31T20:05:57.687+0800: 2009.696: [CMS-concurrent-sweep-start]
2024-03-31T20:05:57.688+0800: 2009.697: [CMS-concurrent-sweep: 0.000/0.000 secs] [Times: user=0.01 sys=0.00, real=0.00 secs] 
2024-03-31T20:05:57.689+0800: 2009.698: [CMS-concurrent-reset-start]
2024-03-31T20:05:57.690+0800: 2009.699: [CMS-concurrent-reset: 0.000/0.000 secs] [Times: user=0.00 sys=0.00, real=0.00 secs] 
2024-03-31T20:05:59.696+0800: 2011.705: [GC (CMS Initial Mark) [1 CMS-initial-mark: 63K(64K)] 105198K(118016K), 0.1093298 secs] [Times: user=0.11 sys=0.00, real=0.11 secs] 
2024-03-31T20:05:59.806+0800: 2011.815: [CMS-concurrent-mark-start]
2024-03-31T20:05:59.807+0800: 2011.816: [CMS-concurrent-mark: 0.000/0.000 secs] [Times: user=0.00 sys=0.00, real=0.00 secs] 
2024-03-31T20:05:59.808+0800: 2011.817: [CMS-concurrent-preclean-start]
2024-03-31T20:05:59.810+0800: 2011.819: [CMS-concurrent-preclean: 0.001/0.001 secs] [Times: user=0.01 sys=0.00, real=0.01 secs] 
2024-03-31T20:05:59.811+0800: 2011.820: [CMS-concurrent-abortable-preclean-start]
2024-03-31T20:05:59.812+0800: 2011.821: [CMS-concurrent-abortable-preclean: 0.000/0.000 secs] [Times: user=0.00 sys=0.00, real=0.00 secs] 
2024-03-31T20:05:59.813+0800: 2011.822: [GC (CMS Final Remark) [YG occupancy: 105136 K (117952 K)]2024-03-31T20:05:59.813+0800: 2011.822: [Rescan (non-parallel) 2024-03-31T20:05:59.813+0800: 2011.822: [grey object rescan, 0.0002146 secs]2024-03-31T20:05:59.814+0800: 2011.823: [root rescan, 0.0765460 secs]2024-03-31T20:05:59.891+0800: 2011.900: [visit unhandled CLDs, 0.0002745 secs]2024-03-31T20:05:59.891+0800: 2011.900: [dirty klass scan, 0.0016693 secs], 0.0795945 secs]2024-03-31T20:05:59.893+0800: 2011.902: [weak refs processing, 0.0002803 secs]2024-03-31T20:05:59.893+0800: 2011.902: [class unloading, 0.0135245 secs]2024-03-31T20:05:59.907+0800: 2011.916: [scrub symbol table, 0.0129040 secs]2024-03-31T20:05:59.920+0800: 2011.929: [scrub string table, 0.0005639 secs][1 CMS-remark: 63K(64K)] 105200K(118016K), 0.1112416 secs] [Times: user=0.11 sys=0.00, real=0.11 secs] 
2024-03-31T20:05:59.926+0800: 2011.934: [CMS-concurrent-sweep-start]
2024-03-31T20:05:59.926+0800: 2011.935: [CMS-concurrent-sweep: 0.000/0.000 secs] [Times: user=0.00 sys=0.00, real=0.00 secs] 
2024-03-31T20:05:59.927+0800: 2011.936: [CMS-concurrent-reset-start]
2024-03-31T20:05:59.928+0800: 2011.937: [CMS-concurrent-reset: 0.000/0.000 secs] [Times: user=0.00 sys=0.00, real=0.00 secs] 
2024-03-31T20:06:01.937+0800: 2013.946: [GC (CMS Initial Mark) [1 CMS-initial-mark: 63K(64K)] 105436K(118016K), 0.0981830 secs] [Times: user=0.09 sys=0.00, real=0.10 secs] 
2024-03-31T20:06:02.036+0800: 2014.045: [CMS-concurrent-mark-start]
2024-03-31T20:06:02.036+0800: 2014.045: [CMS-concurrent-mark: 0.000/0.000 secs] [Times: user=0.00 sys=0.00, real=0.00 secs] 
2024-03-31T20:06:02.037+0800: 2014.046: [CMS-concurrent-preclean-start]
2024-03-31T20:06:02.039+0800: 2014.048: [CMS-concurrent-preclean: 0.001/0.001 secs] [Times: user=0.01 sys=0.00, real=0.01 secs] 
2024-03-31T20:06:02.040+0800: 2014.049: [CMS-concurrent-abortable-preclean-start]
2024-03-31T20:06:02.040+0800: 2014.049: [CMS-concurrent-abortable-preclean: 0.000/0.000 secs] [Times: user=0.00 sys=0.00, real=0.00 secs] 
2024-03-31T20:06:02.041+0800: 2014.050: [GC (CMS Final Remark) [YG occupancy: 105374 K (117952 K)]2024-03-31T20:06:02.041+0800: 2014.050: [Rescan (non-parallel) 2024-03-31T20:06:02.041+0800: 2014.050: [grey object rescan, 0.0000973 secs]2024-03-31T20:06:02.041+0800: 2014.050: [root rescan, 0.0752277 secs]2024-03-31T20:06:02.117+0800: 2014.126: [visit unhandled CLDs, 0.0001588 secs]2024-03-31T20:06:02.117+0800: 2014.126: [dirty klass scan, 0.0016097 secs], 0.0777061 secs]2024-03-31T20:06:02.119+0800: 2014.128: [weak refs processing, 0.0001458 secs]2024-03-31T20:06:02.119+0800: 2014.128: [class unloading, 0.0138328 secs]2024-03-31T20:06:02.133+0800: 2014.142: [scrub symbol table, 0.0102273 secs]2024-03-31T20:06:02.144+0800: 2014.153: [scrub string table, 0.0006406 secs][1 CMS-remark: 63K(64K)] 105437K(118016K), 0.1065423 secs] [Times: user=0.10 sys=0.00, real=0.10 secs] 
2024-03-31T20:06:02.148+0800: 2014.157: [CMS-concurrent-sweep-start]
2024-03-31T20:06:02.149+0800: 2014.158: [CMS-concurrent-sweep: 0.000/0.000 secs] [Times: user=0.00 sys=0.00, real=0.01 secs] 
2024-03-31T20:06:02.151+0800: 2014.160: [CMS-concurrent-reset-start]
2024-03-31T20:06:02.151+0800: 2014.160: [CMS-concurrent-reset: 0.000/0.000 secs] [Times: user=0.00 sys=0.00, real=0.00 secs] 
2024-03-31T20:06:04.154+0800: 2016.163: [GC (CMS Initial Mark) [1 CMS-initial-mark: 63K(64K)] 105555K(118016K), 0.0892350 secs] [Times: user=0.09 sys=0.00, real=0.09 secs] 
2024-03-31T20:06:04.244+0800: 2016.253: [CMS-concurrent-mark-start]
2024-03-31T20:06:04.245+0800: 2016.254: [CMS-concurrent-mark: 0.000/0.000 secs] [Times: user=0.01 sys=0.00, real=0.00 secs] 
2024-03-31T20:06:04.246+0800: 2016.255: [CMS-concurrent-preclean-start]
2024-03-31T20:06:04.249+0800: 2016.258: [CMS-concurrent-preclean: 0.002/0.002 secs] [Times: user=0.00 sys=0.01, real=0.01 secs] 
2024-03-31T20:06:04.250+0800: 2016.259: [CMS-concurrent-abortable-preclean-start]
2024-03-31T20:06:04.251+0800: 2016.260: [CMS-concurrent-abortable-preclean: 0.000/0.000 secs] [Times: user=0.00 sys=0.00, real=0.00 secs] 
2024-03-31T20:06:04.253+0800: 2016.261: [GC (CMS Final Remark) [YG occupancy: 105493 K (117952 K)]2024-03-31T20:06:04.253+0800: 2016.262: [Rescan (non-parallel) 2024-03-31T20:06:04.253+0800: 2016.262: [grey object rescan, 0.0001116 secs]2024-03-31T20:06:04.253+0800: 2016.262: [root rescan, 0.0728581 secs]2024-03-31T20:06:04.326+0800: 2016.335: [visit unhandled CLDs, 0.0002658 secs]2024-03-31T20:06:04.327+0800: 2016.335: [dirty klass scan, 0.0014421 secs], 0.0754267 secs]2024-03-31T20:06:04.328+0800: 2016.337: [weak refs processing, 0.0001425 secs]2024-03-31T20:06:04.329+0800: 2016.337: [class unloading, 0.0125547 secs]2024-03-31T20:06:04.341+0800: 2016.350: [scrub symbol table, 0.0100960 secs]2024-03-31T20:06:04.352+0800: 2016.360: [scrub string table, 0.0005144 secs][1 CMS-remark: 63K(64K)] 105556K(118016K), 0.1025299 secs] [Times: user=0.10 sys=0.00, real=0.10 secs] 
2024-03-31T20:06:04.356+0800: 2016.365: [CMS-concurrent-sweep-start]
2024-03-31T20:06:04.356+0800: 2016.365: [CMS-concurrent-sweep: 0.000/0.000 secs] [Times: user=0.00 sys=0.00, real=0.00 secs] 
2024-03-31T20:06:04.357+0800: 2016.366: [CMS-concurrent-reset-start]
2024-03-31T20:06:04.357+0800: 2016.366: [CMS-concurrent-reset: 0.000/0.000 secs] [Times: user=0.00 sys=0.00, real=0.00 secs] 
2024-03-31T20:06:06.358+0800: 2018.367: [GC (CMS Initial Mark) [1 CMS-initial-mark: 63K(64K)] 105766K(118016K), 0.0748960 secs] [Times: user=0.07 sys=0.00, real=0.08 secs] 
2024-03-31T20:06:06.434+0800: 2018.443: [CMS-concurrent-mark-start]
2024-03-31T20:06:06.435+0800: 2018.444: [CMS-concurrent-mark: 0.000/0.000 secs] [Times: user=0.00 sys=0.00, real=0.00 secs] 
2024-03-31T20:06:06.436+0800: 2018.445: [CMS-concurrent-preclean-start]
2024-03-31T20:06:06.438+0800: 2018.447: [CMS-concurrent-preclean: 0.001/0.001 secs] [Times: user=0.00 sys=0.00, real=0.00 secs] 
2024-03-31T20:06:06.439+0800: 2018.448: [CMS-concurrent-abortable-preclean-start]
2024-03-31T20:06:06.439+0800: 2018.448: [CMS-concurrent-abortable-preclean: 0.000/0.000 secs] [Times: user=0.00 sys=0.00, real=0.01 secs] 
2024-03-31T20:06:06.440+0800: 2018.449: [GC (CMS Final Remark) [YG occupancy: 105703 K (117952 K)]2024-03-31T20:06:06.440+0800: 2018.449: [Rescan (non-parallel) 2024-03-31T20:06:06.440+0800: 2018.449: [grey object rescan, 0.0001068 secs]2024-03-31T20:06:06.441+0800: 2018.449: [root rescan, 0.0757577 secs]2024-03-31T20:06:06.517+0800: 2018.525: [visit unhandled CLDs, 0.0002070 secs]2024-03-31T20:06:06.517+0800: 2018.526: [dirty klass scan, 0.0018420 secs], 0.0786617 secs]2024-03-31T20:06:06.519+0800: 2018.528: [weak refs processing, 0.0002395 secs]2024-03-31T20:06:06.519+0800: 2018.528: [class unloading, 0.0131729 secs]2024-03-31T20:06:06.533+0800: 2018.542: [scrub symbol table, 0.0141454 secs]2024-03-31T20:06:06.547+0800: 2018.556: [scrub string table, 0.0006625 secs][1 CMS-remark: 63K(64K)] 105767K(118016K), 0.1114022 secs] [Times: user=0.11 sys=0.00, real=0.11 secs] 
2024-03-31T20:06:06.553+0800: 2018.561: [CMS-concurrent-sweep-start]
2024-03-31T20:06:06.553+0800: 2018.562: [CMS-concurrent-sweep: 0.000/0.000 secs] [Times: user=0.00 sys=0.00, real=0.00 secs] 
2024-03-31T20:06:06.554+0800: 2018.563: [CMS-concurrent-reset-start]
2024-03-31T20:06:06.555+0800: 2018.564: [CMS-concurrent-reset: 0.000/0.000 secs] [Times: user=0.00 sys=0.00, real=0.00 secs] 
2024-03-31T20:06:08.558+0800: 2020.567: [GC (CMS Initial Mark) [1 CMS-initial-mark: 63K(64K)] 105895K(118016K), 0.0861951 secs] [Times: user=0.08 sys=0.00, real=0.09 secs] 
2024-03-31T20:06:08.645+0800: 2020.654: [CMS-concurrent-mark-start]
2024-03-31T20:06:08.646+0800: 2020.655: [CMS-concurrent-mark: 0.000/0.000 secs] [Times: user=0.00 sys=0.00, real=0.00 secs] 
2024-03-31T20:06:08.646+0800: 2020.655: [CMS-concurrent-preclean-start]
2024-03-31T20:06:08.648+0800: 2020.657: [CMS-concurrent-preclean: 0.001/0.001 secs] [Times: user=0.00 sys=0.00, real=0.00 secs] 
2024-03-31T20:06:08.649+0800: 2020.658: [CMS-concurrent-abortable-preclean-start]
2024-03-31T20:06:08.650+0800: 2020.658: [CMS-concurrent-abortable-preclean: 0.000/0.000 secs] [Times: user=0.00 sys=0.00, real=0.00 secs] 
2024-03-31T20:06:08.650+0800: 2020.659: [GC (CMS Final Remark) [YG occupancy: 105832 K (117952 K)]2024-03-31T20:06:08.651+0800: 2020.660: [Rescan (non-parallel) 2024-03-31T20:06:08.651+0800: 2020.660: [grey object rescan, 0.0001063 secs]2024-03-31T20:06:08.651+0800: 2020.660: [root rescan, 0.0759380 secs]2024-03-31T20:06:08.727+0800: 2020.736: [visit unhandled CLDs, 0.0001871 secs]2024-03-31T20:06:08.727+0800: 2020.736: [dirty klass scan, 0.0014863 secs], 0.0784775 secs]2024-03-31T20:06:08.729+0800: 2020.738: [weak refs processing, 0.0001550 secs]2024-03-31T20:06:08.729+0800: 2020.738: [class unloading, 0.0123542 secs]2024-03-31T20:06:08.742+0800: 2020.751: [scrub symbol table, 0.0099235 secs]2024-03-31T20:06:08.752+0800: 2020.761: [scrub string table, 0.0006847 secs][1 CMS-remark: 63K(64K)] 105896K(118016K), 0.1055280 secs] [Times: user=0.11 sys=0.00, real=0.10 secs] 
2024-03-31T20:06:08.757+0800: 2020.766: [CMS-concurrent-sweep-start]
2024-03-31T20:06:08.757+0800: 2020.766: [CMS-concurrent-sweep: 0.000/0.000 secs] [Times: user=0.00 sys=0.00, real=0.00 secs] 
2024-03-31T20:06:08.758+0800: 2020.767: [CMS-concurrent-reset-start]
2024-03-31T20:06:08.759+0800: 2020.768: [CMS-concurrent-reset: 0.000/0.000 secs] [Times: user=0.00 sys=0.00, real=0.01 secs] 
2024-03-31T20:06:10.764+0800: 2022.773: [GC (CMS Initial Mark) [1 CMS-initial-mark: 63K(64K)] 106178K(118016K), 0.0914276 secs] [Times: user=0.09 sys=0.00, real=0.09 secs] 
2024-03-31T20:06:10.857+0800: 2022.866: [CMS-concurrent-mark-start]
2024-03-31T20:06:10.859+0800: 2022.868: [CMS-concurrent-mark: 0.000/0.000 secs] [Times: user=0.00 sys=0.00, real=0.01 secs] 
2024-03-31T20:06:10.861+0800: 2022.870: [CMS-concurrent-preclean-start]
2024-03-31T20:06:10.863+0800: 2022.872: [CMS-concurrent-preclean: 0.001/0.001 secs] [Times: user=0.00 sys=0.01, real=0.00 secs] 
2024-03-31T20:06:10.865+0800: 2022.874: [CMS-concurrent-abortable-preclean-start]
2024-03-31T20:06:10.866+0800: 2022.875: [CMS-concurrent-abortable-preclean: 0.000/0.000 secs] [Times: user=0.01 sys=0.00, real=0.00 secs] 
2024-03-31T20:06:10.870+0800: 2022.879: [GC (CMS Final Remark) [YG occupancy: 106125 K (117952 K)]2024-03-31T20:06:10.870+0800: 2022.879: [Rescan (non-parallel) 2024-03-31T20:06:10.870+0800: 2022.879: [grey object rescan, 0.0007142 secs]2024-03-31T20:06:10.871+0800: 2022.880: [root rescan, 0.0863584 secs]2024-03-31T20:06:10.959+0800: 2022.968: [visit unhandled CLDs, 0.0004745 secs]2024-03-31T20:06:10.960+0800: 2022.969: [dirty klass scan, 0.0034334 secs], 0.0932163 secs]2024-03-31T20:06:10.964+0800: 2022.973: [weak refs processing, 0.0002698 secs]2024-03-31T20:06:10.964+0800: 2022.973: [class unloading, 0.0131648 secs]2024-03-31T20:06:10.978+0800: 2022.987: [scrub symbol table, 0.0141333 secs]2024-03-31T20:06:10.992+0800: 2023.001: [scrub string table, 0.0006653 secs][1 CMS-remark: 63K(64K)] 106189K(118016K), 0.1267018 secs] [Times: user=0.12 sys=0.00, real=0.12 secs] 
2024-03-31T20:06:11.000+0800: 2023.009: [CMS-concurrent-sweep-start]
2024-03-31T20:06:11.002+0800: 2023.011: [CMS-concurrent-sweep: 0.000/0.000 secs] [Times: user=0.00 sys=0.00, real=0.01 secs] 
2024-03-31T20:06:11.005+0800: 2023.014: [CMS-concurrent-reset-start]
2024-03-31T20:06:11.007+0800: 2023.015: [CMS-concurrent-reset: 0.000/0.000 secs] [Times: user=0.00 sys=0.01, real=0.00 secs] 
2024-03-31T20:06:13.011+0800: 2025.020: [GC (CMS Initial Mark) [1 CMS-initial-mark: 63K(64K)] 106374K(118016K), 0.0882372 secs] [Times: user=0.09 sys=0.00, real=0.09 secs] 
2024-03-31T20:06:13.100+0800: 2025.109: [CMS-concurrent-mark-start]
2024-03-31T20:06:13.100+0800: 2025.109: [CMS-concurrent-mark: 0.000/0.000 secs] [Times: user=0.00 sys=0.00, real=0.00 secs] 
2024-03-31T20:06:13.101+0800: 2025.110: [CMS-concurrent-preclean-start]
2024-03-31T20:06:13.103+0800: 2025.112: [CMS-concurrent-preclean: 0.001/0.001 secs] [Times: user=0.00 sys=0.00, real=0.00 secs] 
2024-03-31T20:06:13.104+0800: 2025.113: [CMS-concurrent-abortable-preclean-start]
2024-03-31T20:06:13.104+0800: 2025.113: [CMS-concurrent-abortable-preclean: 0.000/0.000 secs] [Times: user=0.00 sys=0.00, real=0.00 secs] 
2024-03-31T20:06:13.105+0800: 2025.114: [GC (CMS Final Remark) [YG occupancy: 106311 K (117952 K)]2024-03-31T20:06:13.105+0800: 2025.114: [Rescan (non-parallel) 2024-03-31T20:06:13.105+0800: 2025.114: [grey object rescan, 0.0001075 secs]2024-03-31T20:06:13.106+0800: 2025.114: [root rescan, 0.0750339 secs]2024-03-31T20:06:13.181+0800: 2025.190: [visit unhandled CLDs, 0.0002404 secs]2024-03-31T20:06:13.181+0800: 2025.190: [dirty klass scan, 0.0015099 secs], 0.0777000 secs]2024-03-31T20:06:13.183+0800: 2025.192: [weak refs processing, 0.0001342 secs]2024-03-31T20:06:13.183+0800: 2025.192: [class unloading, 0.0121080 secs]2024-03-31T20:06:13.196+0800: 2025.205: [scrub symbol table, 0.0099733 secs]2024-03-31T20:06:13.206+0800: 2025.215: [scrub string table, 0.0005049 secs][1 CMS-remark: 63K(64K)] 106375K(118016K), 0.1041234 secs] [Times: user=0.10 sys=0.00, real=0.11 secs] 
2024-03-31T20:06:13.210+0800: 2025.219: [CMS-concurrent-sweep-start]
2024-03-31T20:06:13.210+0800: 2025.219: [CMS-concurrent-sweep: 0.000/0.000 secs] [Times: user=0.00 sys=0.00, real=0.00 secs] 
2024-03-31T20:06:13.211+0800: 2025.220: [CMS-concurrent-reset-start]
2024-03-31T20:06:13.212+0800: 2025.221: [CMS-concurrent-reset: 0.000/0.000 secs] [Times: user=0.00 sys=0.00, real=0.00 secs] 
2024-03-31T20:06:15.216+0800: 2027.225: [GC (CMS Initial Mark) [1 CMS-initial-mark: 63K(64K)] 106456K(118016K), 0.1059583 secs] [Times: user=0.11 sys=0.00, real=0.11 secs] 
2024-03-31T20:06:15.323+0800: 2027.332: [CMS-concurrent-mark-start]
2024-03-31T20:06:15.324+0800: 2027.333: [CMS-concurrent-mark: 0.000/0.000 secs] [Times: user=0.00 sys=0.00, real=0.00 secs] 
2024-03-31T20:06:15.325+0800: 2027.334: [CMS-concurrent-preclean-start]
2024-03-31T20:06:15.327+0800: 2027.336: [CMS-concurrent-preclean: 0.001/0.001 secs] [Times: user=0.00 sys=0.00, real=0.00 secs] 
2024-03-31T20:06:15.328+0800: 2027.336: [CMS-concurrent-abortable-preclean-start]
2024-03-31T20:06:15.328+0800: 2027.337: [CMS-concurrent-abortable-preclean: 0.000/0.000 secs] [Times: user=0.01 sys=0.00, real=0.00 secs] 
2024-03-31T20:06:15.330+0800: 2027.339: [GC (CMS Final Remark) [YG occupancy: 106393 K (117952 K)]2024-03-31T20:06:15.330+0800: 2027.339: [Rescan (non-parallel) 2024-03-31T20:06:15.330+0800: 2027.339: [grey object rescan, 0.0001038 secs]2024-03-31T20:06:15.330+0800: 2027.339: [root rescan, 0.0732617 secs]2024-03-31T20:06:15.404+0800: 2027.413: [visit unhandled CLDs, 0.0001533 secs]2024-03-31T20:06:15.404+0800: 2027.413: [dirty klass scan, 0.0013083 secs], 0.0754605 secs]2024-03-31T20:06:15.406+0800: 2027.415: [weak refs processing, 0.0001440 secs]2024-03-31T20:06:15.406+0800: 2027.415: [class unloading, 0.0120296 secs]2024-03-31T20:06:15.418+0800: 2027.427: [scrub symbol table, 0.0096851 secs]2024-03-31T20:06:15.428+0800: 2027.437: [scrub string table, 0.0005078 secs][1 CMS-remark: 63K(64K)] 106457K(118016K), 0.1018883 secs] [Times: user=0.10 sys=0.00, real=0.10 secs] 
2024-03-31T20:06:15.433+0800: 2027.442: [CMS-concurrent-sweep-start]
2024-03-31T20:06:15.433+0800: 2027.442: [CMS-concurrent-sweep: 0.000/0.000 secs] [Times: user=0.00 sys=0.00, real=0.00 secs] 
2024-03-31T20:06:15.433+0800: 2027.442: [CMS-concurrent-reset-start]
2024-03-31T20:06:15.433+0800: 2027.442: [CMS-concurrent-reset: 0.000/0.000 secs] [Times: user=0.00 sys=0.00, real=0.00 secs] 
2024-03-31T20:06:17.440+0800: 2029.449: [GC (CMS Initial Mark) [1 CMS-initial-mark: 63K(64K)] 106671K(118016K), 0.1190350 secs] [Times: user=0.12 sys=0.00, real=0.12 secs] 
2024-03-31T20:06:17.560+0800: 2029.569: [CMS-concurrent-mark-start]
2024-03-31T20:06:17.560+0800: 2029.569: [CMS-concurrent-mark: 0.000/0.000 secs] [Times: user=0.00 sys=0.00, real=0.00 secs] 
2024-03-31T20:06:17.561+0800: 2029.570: [CMS-concurrent-preclean-start]
2024-03-31T20:06:17.563+0800: 2029.572: [CMS-concurrent-preclean: 0.001/0.001 secs] [Times: user=0.01 sys=0.00, real=0.00 secs] 
2024-03-31T20:06:17.564+0800: 2029.573: [CMS-concurrent-abortable-preclean-start]
2024-03-31T20:06:17.564+0800: 2029.573: [CMS-concurrent-abortable-preclean: 0.000/0.000 secs] [Times: user=0.00 sys=0.00, real=0.00 secs] 
2024-03-31T20:06:17.565+0800: 2029.574: [GC (CMS Final Remark) [YG occupancy: 106608 K (117952 K)]2024-03-31T20:06:17.566+0800: 2029.575: [Rescan (non-parallel) 2024-03-31T20:06:17.566+0800: 2029.575: [grey object rescan, 0.0001020 secs]2024-03-31T20:06:17.566+0800: 2029.575: [root rescan, 0.0730348 secs]2024-03-31T20:06:17.639+0800: 2029.648: [visit unhandled CLDs, 0.0001627 secs]2024-03-31T20:06:17.639+0800: 2029.648: [dirty klass scan, 0.0013354 secs], 0.0752605 secs]2024-03-31T20:06:17.641+0800: 2029.650: [weak refs processing, 0.0001440 secs]2024-03-31T20:06:17.641+0800: 2029.650: [class unloading, 0.0117777 secs]2024-03-31T20:06:17.653+0800: 2029.662: [scrub symbol table, 0.0098460 secs]2024-03-31T20:06:17.663+0800: 2029.672: [scrub string table, 0.0005138 secs][1 CMS-remark: 63K(64K)] 106672K(118016K), 0.1012178 secs] [Times: user=0.10 sys=0.00, real=0.10 secs] 
2024-03-31T20:06:17.668+0800: 2029.677: [CMS-concurrent-sweep-start]
2024-03-31T20:06:17.668+0800: 2029.677: [CMS-concurrent-sweep: 0.000/0.000 secs] [Times: user=0.00 sys=0.00, real=0.00 secs] 
2024-03-31T20:06:17.669+0800: 2029.678: [CMS-concurrent-reset-start]
2024-03-31T20:06:17.669+0800: 2029.678: [CMS-concurrent-reset: 0.000/0.000 secs] [Times: user=0.00 sys=0.00, real=0.00 secs] 
2024-03-31T20:06:19.674+0800: 2031.683: [GC (CMS Initial Mark) [1 CMS-initial-mark: 63K(64K)] 106850K(118016K), 0.1010104 secs] [Times: user=0.10 sys=0.00, real=0.10 secs] 
2024-03-31T20:06:19.776+0800: 2031.785: [CMS-concurrent-mark-start]
2024-03-31T20:06:19.777+0800: 2031.786: [CMS-concurrent-mark: 0.000/0.000 secs] [Times: user=0.01 sys=0.00, real=0.00 secs] 
2024-03-31T20:06:19.778+0800: 2031.787: [CMS-concurrent-preclean-start]
2024-03-31T20:06:19.780+0800: 2031.789: [CMS-concurrent-preclean: 0.001/0.001 secs] [Times: user=0.00 sys=0.00, real=0.01 secs] 
2024-03-31T20:06:19.781+0800: 2031.790: [CMS-concurrent-abortable-preclean-start]
2024-03-31T20:06:19.782+0800: 2031.791: [CMS-concurrent-abortable-preclean: 0.000/0.000 secs] [Times: user=0.00 sys=0.00, real=0.00 secs] 
2024-03-31T20:06:19.782+0800: 2031.791: [GC (CMS Final Remark) [YG occupancy: 106789 K (117952 K)]2024-03-31T20:06:19.783+0800: 2031.792: [Rescan (non-parallel) 2024-03-31T20:06:19.783+0800: 2031.792: [grey object rescan, 0.0001178 secs]2024-03-31T20:06:19.783+0800: 2031.792: [root rescan, 0.0783309 secs]2024-03-31T20:06:19.862+0800: 2031.871: [visit unhandled CLDs, 0.0002583 secs]2024-03-31T20:06:19.862+0800: 2031.871: [dirty klass scan, 0.0016359 secs], 0.0810742 secs]2024-03-31T20:06:19.864+0800: 2031.873: [weak refs processing, 0.0001535 secs]2024-03-31T20:06:19.864+0800: 2031.873: [class unloading, 0.0136130 secs]2024-03-31T20:06:19.878+0800: 2031.887: [scrub symbol table, 0.0125811 secs]2024-03-31T20:06:19.891+0800: 2031.900: [scrub string table, 0.0006122 secs][1 CMS-remark: 63K(64K)] 106853K(118016K), 0.1123565 secs] [Times: user=0.11 sys=0.00, real=0.11 secs] 
2024-03-31T20:06:19.896+0800: 2031.905: [CMS-concurrent-sweep-start]
2024-03-31T20:06:19.896+0800: 2031.905: [CMS-concurrent-sweep: 0.000/0.000 secs] [Times: user=0.00 sys=0.00, real=0.00 secs] 
2024-03-31T20:06:19.898+0800: 2031.907: [CMS-concurrent-reset-start]
2024-03-31T20:06:19.898+0800: 2031.907: [CMS-concurrent-reset: 0.000/0.000 secs] [Times: user=0.01 sys=0.00, real=0.00 secs] 
2024-03-31T20:06:21.900+0800: 2033.909: [GC (CMS Initial Mark) [1 CMS-initial-mark: 63K(64K)] 107038K(118016K), 0.0772888 secs] [Times: user=0.08 sys=0.00, real=0.07 secs] 
2024-03-31T20:06:21.979+0800: 2033.987: [CMS-concurrent-mark-start]
2024-03-31T20:06:21.979+0800: 2033.988: [CMS-concurrent-mark: 0.000/0.000 secs] [Times: user=0.00 sys=0.00, real=0.01 secs] 
2024-03-31T20:06:21.980+0800: 2033.989: [CMS-concurrent-preclean-start]
2024-03-31T20:06:21.982+0800: 2033.991: [CMS-concurrent-preclean: 0.001/0.001 secs] [Times: user=0.01 sys=0.00, real=0.00 secs] 
2024-03-31T20:06:21.983+0800: 2033.992: [CMS-concurrent-abortable-preclean-start]
2024-03-31T20:06:21.984+0800: 2033.993: [CMS-concurrent-abortable-preclean: 0.000/0.000 secs] [Times: user=0.00 sys=0.00, real=0.00 secs] 
2024-03-31T20:06:21.985+0800: 2033.993: [GC (CMS Final Remark) [YG occupancy: 106975 K (117952 K)]2024-03-31T20:06:21.985+0800: 2033.994: [Rescan (non-parallel) 2024-03-31T20:06:21.985+0800: 2033.994: [grey object rescan, 0.0001287 secs]2024-03-31T20:06:21.985+0800: 2033.994: [root rescan, 0.0764992 secs]2024-03-31T20:06:22.062+0800: 2034.071: [visit unhandled CLDs, 0.0001824 secs]2024-03-31T20:06:22.062+0800: 2034.071: [dirty klass scan, 0.0015061 secs], 0.0790447 secs]2024-03-31T20:06:22.064+0800: 2034.073: [weak refs processing, 0.0001438 secs]2024-03-31T20:06:22.064+0800: 2034.073: [class unloading, 0.0125105 secs]2024-03-31T20:06:22.077+0800: 2034.086: [scrub symbol table, 0.0101376 secs]2024-03-31T20:06:22.087+0800: 2034.096: [scrub string table, 0.0005233 secs][1 CMS-remark: 63K(64K)] 107039K(118016K), 0.1060923 secs] [Times: user=0.10 sys=0.00, real=0.11 secs] 
2024-03-31T20:06:22.091+0800: 2034.100: [CMS-concurrent-sweep-start]
2024-03-31T20:06:22.092+0800: 2034.101: [CMS-concurrent-sweep: 0.000/0.000 secs] [Times: user=0.00 sys=0.00, real=0.00 secs] 
2024-03-31T20:06:22.093+0800: 2034.102: [CMS-concurrent-reset-start]
2024-03-31T20:06:22.094+0800: 2034.103: [CMS-concurrent-reset: 0.000/0.000 secs] [Times: user=0.00 sys=0.00, real=0.00 secs] 
2024-03-31T20:06:24.100+0800: 2036.109: [GC (CMS Initial Mark) [1 CMS-initial-mark: 63K(64K)] 107149K(118016K), 0.1119731 secs] [Times: user=0.11 sys=0.00, real=0.11 secs] 
2024-03-31T20:06:24.213+0800: 2036.222: [CMS-concurrent-mark-start]
2024-03-31T20:06:24.214+0800: 2036.223: [CMS-concurrent-mark: 0.000/0.000 secs] [Times: user=0.00 sys=0.00, real=0.00 secs] 
2024-03-31T20:06:24.215+0800: 2036.224: [CMS-concurrent-preclean-start]
2024-03-31T20:06:24.217+0800: 2036.226: [CMS-concurrent-preclean: 0.002/0.002 secs] [Times: user=0.01 sys=0.00, real=0.00 secs] 
2024-03-31T20:06:24.218+0800: 2036.227: [CMS-concurrent-abortable-preclean-start]
2024-03-31T20:06:24.218+0800: 2036.227: [CMS-concurrent-abortable-preclean: 0.000/0.000 secs] [Times: user=0.00 sys=0.00, real=0.00 secs] 
2024-03-31T20:06:24.219+0800: 2036.228: [GC (CMS Final Remark) [YG occupancy: 107091 K (117952 K)]2024-03-31T20:06:24.219+0800: 2036.228: [Rescan (non-parallel) 2024-03-31T20:06:24.220+0800: 2036.228: [grey object rescan, 0.0001205 secs]2024-03-31T20:06:24.220+0800: 2036.229: [root rescan, 0.0797916 secs]2024-03-31T20:06:24.300+0800: 2036.309: [visit unhandled CLDs, 0.0001961 secs]2024-03-31T20:06:24.300+0800: 2036.309: [dirty klass scan, 0.0015705 secs], 0.0823860 secs]2024-03-31T20:06:24.302+0800: 2036.311: [weak refs processing, 0.0001807 secs]2024-03-31T20:06:24.302+0800: 2036.311: [class unloading, 0.0163593 secs]2024-03-31T20:06:24.319+0800: 2036.328: [scrub symbol table, 0.0132526 secs]2024-03-31T20:06:24.332+0800: 2036.341: [scrub string table, 0.0008069 secs][1 CMS-remark: 63K(64K)] 107155K(118016K), 0.1218627 secs] [Times: user=0.11 sys=0.01, real=0.12 secs] 
2024-03-31T20:06:24.345+0800: 2036.354: [CMS-concurrent-sweep-start]
2024-03-31T20:06:24.347+0800: 2036.355: [CMS-concurrent-sweep: 0.000/0.000 secs] [Times: user=0.00 sys=0.00, real=0.00 secs] 
2024-03-31T20:06:24.349+0800: 2036.358: [CMS-concurrent-reset-start]
2024-03-31T20:06:24.349+0800: 2036.358: [CMS-concurrent-reset: 0.000/0.000 secs] [Times: user=0.00 sys=0.00, real=0.01 secs] 
2024-03-31T20:06:26.359+0800: 2038.368: [GC (CMS Initial Mark) [1 CMS-initial-mark: 63K(64K)] 107478K(118016K), 0.1151243 secs] [Times: user=0.11 sys=0.00, real=0.11 secs] 
2024-03-31T20:06:26.475+0800: 2038.484: [CMS-concurrent-mark-start]
2024-03-31T20:06:26.476+0800: 2038.485: [CMS-concurrent-mark: 0.000/0.000 secs] [Times: user=0.01 sys=0.00, real=0.00 secs] 
2024-03-31T20:06:26.477+0800: 2038.486: [CMS-concurrent-preclean-start]
2024-03-31T20:06:26.479+0800: 2038.488: [CMS-concurrent-preclean: 0.001/0.001 secs] [Times: user=0.00 sys=0.01, real=0.01 secs] 
2024-03-31T20:06:26.480+0800: 2038.489: [CMS-concurrent-abortable-preclean-start]
2024-03-31T20:06:26.482+0800: 2038.491: [CMS-concurrent-abortable-preclean: 0.000/0.000 secs] [Times: user=0.00 sys=0.00, real=0.00 secs] 
2024-03-31T20:06:26.483+0800: 2038.492: [GC (CMS Final Remark) [YG occupancy: 107424 K (117952 K)]2024-03-31T20:06:26.484+0800: 2038.493: [Rescan (non-parallel) 2024-03-31T20:06:26.484+0800: 2038.493: [grey object rescan, 0.0001207 secs]2024-03-31T20:06:26.484+0800: 2038.493: [root rescan, 0.0750878 secs]2024-03-31T20:06:26.559+0800: 2038.568: [visit unhandled CLDs, 0.0001776 secs]2024-03-31T20:06:26.560+0800: 2038.568: [dirty klass scan, 0.0014710 secs], 0.0775387 secs]2024-03-31T20:06:26.561+0800: 2038.570: [weak refs processing, 0.0002469 secs]2024-03-31T20:06:26.562+0800: 2038.571: [class unloading, 0.0125006 secs]2024-03-31T20:06:26.574+0800: 2038.583: [scrub symbol table, 0.0116147 secs]2024-03-31T20:06:26.586+0800: 2038.595: [scrub string table, 0.0005970 secs][1 CMS-remark: 63K(64K)] 107487K(118016K), 0.1066130 secs] [Times: user=0.10 sys=0.00, real=0.11 secs] 
2024-03-31T20:06:26.591+0800: 2038.600: [CMS-concurrent-sweep-start]
2024-03-31T20:06:26.592+0800: 2038.601: [CMS-concurrent-sweep: 0.000/0.000 secs] [Times: user=0.01 sys=0.00, real=0.00 secs] 
2024-03-31T20:06:26.593+0800: 2038.601: [CMS-concurrent-reset-start]
2024-03-31T20:06:26.593+0800: 2038.602: [CMS-concurrent-reset: 0.000/0.000 secs] [Times: user=0.00 sys=0.00, real=0.00 secs] 
2024-03-31T20:06:28.600+0800: 2040.609: [GC (CMS Initial Mark) [1 CMS-initial-mark: 63K(64K)] 107696K(118016K), 0.0917550 secs] [Times: user=0.09 sys=0.00, real=0.09 secs] 
2024-03-31T20:06:28.693+0800: 2040.702: [CMS-concurrent-mark-start]
2024-03-31T20:06:28.693+0800: 2040.702: [CMS-concurrent-mark: 0.000/0.000 secs] [Times: user=0.00 sys=0.00, real=0.00 secs] 
2024-03-31T20:06:28.694+0800: 2040.703: [CMS-concurrent-preclean-start]
2024-03-31T20:06:28.696+0800: 2040.705: [CMS-concurrent-preclean: 0.001/0.001 secs] [Times: user=0.00 sys=0.00, real=0.00 secs] 
2024-03-31T20:06:28.697+0800: 2040.706: [CMS-concurrent-abortable-preclean-start]
2024-03-31T20:06:28.697+0800: 2040.706: [CMS-concurrent-abortable-preclean: 0.000/0.000 secs] [Times: user=0.00 sys=0.00, real=0.00 secs] 
2024-03-31T20:06:28.698+0800: 2040.707: [GC (CMS Final Remark) [YG occupancy: 107633 K (117952 K)]2024-03-31T20:06:28.699+0800: 2040.707: [Rescan (non-parallel) 2024-03-31T20:06:28.699+0800: 2040.708: [grey object rescan, 0.0002492 secs]2024-03-31T20:06:28.699+0800: 2040.708: [root rescan, 0.0762767 secs]2024-03-31T20:06:28.776+0800: 2040.785: [visit unhandled CLDs, 0.0001541 secs]2024-03-31T20:06:28.776+0800: 2040.785: [dirty klass scan, 0.0013953 secs], 0.0789898 secs]2024-03-31T20:06:28.778+0800: 2040.787: [weak refs processing, 0.0001381 secs]2024-03-31T20:06:28.778+0800: 2040.787: [class unloading, 0.0128524 secs]2024-03-31T20:06:28.791+0800: 2040.800: [scrub symbol table, 0.0100759 secs]2024-03-31T20:06:28.801+0800: 2040.810: [scrub string table, 0.0005135 secs][1 CMS-remark: 63K(64K)] 107697K(118016K), 0.1067043 secs] [Times: user=0.11 sys=0.00, real=0.11 secs] 
2024-03-31T20:06:28.806+0800: 2040.815: [CMS-concurrent-sweep-start]
2024-03-31T20:06:28.806+0800: 2040.815: [CMS-concurrent-sweep: 0.000/0.000 secs] [Times: user=0.00 sys=0.00, real=0.00 secs] 
2024-03-31T20:06:28.807+0800: 2040.816: [CMS-concurrent-reset-start]
2024-03-31T20:06:28.808+0800: 2040.817: [CMS-concurrent-reset: 0.000/0.000 secs] [Times: user=0.00 sys=0.00, real=0.00 secs] 
2024-03-31T20:06:30.817+0800: 2042.826: [GC (CMS Initial Mark) [1 CMS-initial-mark: 63K(64K)] 107842K(118016K), 0.0999157 secs] [Times: user=0.10 sys=0.00, real=0.10 secs] 
2024-03-31T20:06:30.918+0800: 2042.927: [CMS-concurrent-mark-start]
2024-03-31T20:06:30.919+0800: 2042.928: [CMS-concurrent-mark: 0.000/0.000 secs] [Times: user=0.00 sys=0.00, real=0.01 secs] 
2024-03-31T20:06:30.920+0800: 2042.929: [CMS-concurrent-preclean-start]
2024-03-31T20:06:30.922+0800: 2042.931: [CMS-concurrent-preclean: 0.001/0.001 secs] [Times: user=0.01 sys=0.00, real=0.00 secs] 
2024-03-31T20:06:30.923+0800: 2042.932: [CMS-concurrent-abortable-preclean-start]
2024-03-31T20:06:30.924+0800: 2042.933: [CMS-concurrent-abortable-preclean: 0.000/0.000 secs] [Times: user=0.00 sys=0.00, real=0.00 secs] 
2024-03-31T20:06:30.925+0800: 2042.934: [GC (CMS Final Remark) [YG occupancy: 107782 K (117952 K)]2024-03-31T20:06:30.925+0800: 2042.934: [Rescan (non-parallel) 2024-03-31T20:06:30.925+0800: 2042.934: [grey object rescan, 0.0001027 secs]2024-03-31T20:06:30.926+0800: 2042.934: [root rescan, 0.0780543 secs]2024-03-31T20:06:31.004+0800: 2043.013: [visit unhandled CLDs, 0.0001967 secs]2024-03-31T20:06:31.004+0800: 2043.013: [dirty klass scan, 0.0017803 secs], 0.0808703 secs]2024-03-31T20:06:31.006+0800: 2043.015: [weak refs processing, 0.0002138 secs]2024-03-31T20:06:31.007+0800: 2043.015: [class unloading, 0.0168266 secs]2024-03-31T20:06:31.024+0800: 2043.033: [scrub symbol table, 0.0139133 secs]2024-03-31T20:06:31.038+0800: 2043.047: [scrub string table, 0.0005726 secs][1 CMS-remark: 63K(64K)] 107846K(118016K), 0.1163679 secs] [Times: user=0.12 sys=0.00, real=0.12 secs] 
2024-03-31T20:06:31.042+0800: 2043.051: [CMS-concurrent-sweep-start]
2024-03-31T20:06:31.044+0800: 2043.052: [CMS-concurrent-sweep: 0.000/0.000 secs] [Times: user=0.00 sys=0.00, real=0.00 secs] 
2024-03-31T20:06:31.046+0800: 2043.055: [CMS-concurrent-reset-start]
2024-03-31T20:06:31.047+0800: 2043.056: [CMS-concurrent-reset: 0.000/0.000 secs] [Times: user=0.00 sys=0.00, real=0.00 secs] 
2024-03-31T20:06:33.050+0800: 2045.059: [GC (CMS Initial Mark) [1 CMS-initial-mark: 63K(64K)] 108092K(118016K), 0.0997044 secs] [Times: user=0.11 sys=0.00, real=0.10 secs] 
2024-03-31T20:06:33.151+0800: 2045.160: [CMS-concurrent-mark-start]
2024-03-31T20:06:33.152+0800: 2045.161: [CMS-concurrent-mark: 0.000/0.000 secs] [Times: user=0.00 sys=0.00, real=0.00 secs] 
2024-03-31T20:06:33.152+0800: 2045.161: [CMS-concurrent-preclean-start]
2024-03-31T20:06:33.154+0800: 2045.163: [CMS-concurrent-preclean: 0.001/0.001 secs] [Times: user=0.00 sys=0.00, real=0.00 secs] 
2024-03-31T20:06:33.155+0800: 2045.164: [CMS-concurrent-abortable-preclean-start]
2024-03-31T20:06:33.155+0800: 2045.164: [CMS-concurrent-abortable-preclean: 0.000/0.000 secs] [Times: user=0.00 sys=0.00, real=0.00 secs] 
2024-03-31T20:06:33.156+0800: 2045.165: [GC (CMS Final Remark) [YG occupancy: 108029 K (117952 K)]2024-03-31T20:06:33.156+0800: 2045.165: [Rescan (non-parallel) 2024-03-31T20:06:33.156+0800: 2045.165: [grey object rescan, 0.0001004 secs]2024-03-31T20:06:33.157+0800: 2045.165: [root rescan, 0.0780891 secs]2024-03-31T20:06:33.235+0800: 2045.244: [visit unhandled CLDs, 0.0001873 secs]2024-03-31T20:06:33.235+0800: 2045.244: [dirty klass scan, 0.0015130 secs], 0.0805573 secs]2024-03-31T20:06:33.237+0800: 2045.246: [weak refs processing, 0.0001304 secs]2024-03-31T20:06:33.237+0800: 2045.246: [class unloading, 0.0146291 secs]2024-03-31T20:06:33.252+0800: 2045.261: [scrub symbol table, 0.0117331 secs]2024-03-31T20:06:33.264+0800: 2045.273: [scrub string table, 0.0005788 secs][1 CMS-remark: 63K(64K)] 108093K(118016K), 0.1116162 secs] [Times: user=0.11 sys=0.00, real=0.11 secs] 
2024-03-31T20:06:33.269+0800: 2045.278: [CMS-concurrent-sweep-start]
2024-03-31T20:06:33.269+0800: 2045.278: [CMS-concurrent-sweep: 0.000/0.000 secs] [Times: user=0.00 sys=0.00, real=0.00 secs] 
2024-03-31T20:06:33.271+0800: 2045.279: [CMS-concurrent-reset-start]
2024-03-31T20:06:33.271+0800: 2045.280: [CMS-concurrent-reset: 0.000/0.000 secs] [Times: user=0.00 sys=0.01, real=0.00 secs] 
2024-03-31T20:06:35.279+0800: 2047.288: [GC (CMS Initial Mark) [1 CMS-initial-mark: 63K(64K)] 108208K(118016K), 0.1080596 secs] [Times: user=0.11 sys=0.00, real=0.10 secs] 
2024-03-31T20:06:35.389+0800: 2047.397: [CMS-concurrent-mark-start]
2024-03-31T20:06:35.389+0800: 2047.398: [CMS-concurrent-mark: 0.000/0.000 secs] [Times: user=0.00 sys=0.00, real=0.01 secs] 
2024-03-31T20:06:35.390+0800: 2047.399: [CMS-concurrent-preclean-start]
2024-03-31T20:06:35.391+0800: 2047.400: [CMS-concurrent-preclean: 0.001/0.001 secs] [Times: user=0.00 sys=0.00, real=0.00 secs] 
2024-03-31T20:06:35.392+0800: 2047.400: [CMS-concurrent-abortable-preclean-start]
2024-03-31T20:06:35.392+0800: 2047.400: [CMS-concurrent-abortable-preclean: 0.000/0.000 secs] [Times: user=0.00 sys=0.00, real=0.00 secs] 
2024-03-31T20:06:35.392+0800: 2047.401: [GC (CMS Final Remark) [YG occupancy: 108145 K (117952 K)]2024-03-31T20:06:35.392+0800: 2047.401: [Rescan (non-parallel) 2024-03-31T20:06:35.393+0800: 2047.401: [grey object rescan, 0.0001094 secs]2024-03-31T20:06:35.393+0800: 2047.402: [root rescan, 0.0744993 secs]2024-03-31T20:06:35.468+0800: 2047.476: [visit unhandled CLDs, 0.0003268 secs]2024-03-31T20:06:35.468+0800: 2047.477: [dirty klass scan, 0.0015138 secs], 0.0771072 secs]2024-03-31T20:06:35.470+0800: 2047.479: [weak refs processing, 0.0001364 secs]2024-03-31T20:06:35.470+0800: 2047.479: [class unloading, 0.0122121 secs]2024-03-31T20:06:35.482+0800: 2047.491: [scrub symbol table, 0.0099383 secs]2024-03-31T20:06:35.492+0800: 2047.501: [scrub string table, 0.0005113 secs][1 CMS-remark: 63K(64K)] 108209K(118016K), 0.1036806 secs] [Times: user=0.11 sys=0.00, real=0.10 secs] 
2024-03-31T20:06:35.497+0800: 2047.506: [CMS-concurrent-sweep-start]
2024-03-31T20:06:35.497+0800: 2047.506: [CMS-concurrent-sweep: 0.000/0.000 secs] [Times: user=0.00 sys=0.00, real=0.00 secs] 
2024-03-31T20:06:35.498+0800: 2047.507: [CMS-concurrent-reset-start]
2024-03-31T20:06:35.499+0800: 2047.508: [CMS-concurrent-reset: 0.000/0.000 secs] [Times: user=0.00 sys=0.00, real=0.01 secs] 
2024-03-31T20:06:37.505+0800: 2049.514: [GC (CMS Initial Mark) [1 CMS-initial-mark: 63K(64K)] 108422K(118016K), 0.1168406 secs] [Times: user=0.12 sys=0.00, real=0.12 secs] 
2024-03-31T20:06:37.623+0800: 2049.631: [CMS-concurrent-mark-start]
2024-03-31T20:06:37.623+0800: 2049.632: [CMS-concurrent-mark: 0.000/0.000 secs] [Times: user=0.00 sys=0.00, real=0.00 secs] 
2024-03-31T20:06:37.624+0800: 2049.633: [CMS-concurrent-preclean-start]
2024-03-31T20:06:37.626+0800: 2049.635: [CMS-concurrent-preclean: 0.001/0.001 secs] [Times: user=0.00 sys=0.00, real=0.00 secs] 
2024-03-31T20:06:37.628+0800: 2049.637: [CMS-concurrent-abortable-preclean-start]
2024-03-31T20:06:37.629+0800: 2049.638: [CMS-concurrent-abortable-preclean: 0.000/0.000 secs] [Times: user=0.00 sys=0.00, real=0.01 secs] 
2024-03-31T20:06:37.630+0800: 2049.639: [GC (CMS Final Remark) [YG occupancy: 108360 K (117952 K)]2024-03-31T20:06:37.630+0800: 2049.639: [Rescan (non-parallel) 2024-03-31T20:06:37.630+0800: 2049.639: [grey object rescan, 0.0000834 secs]2024-03-31T20:06:37.631+0800: 2049.639: [root rescan, 0.0746388 secs]2024-03-31T20:06:37.705+0800: 2049.714: [visit unhandled CLDs, 0.0001500 secs]2024-03-31T20:06:37.706+0800: 2049.715: [dirty klass scan, 0.0012638 secs], 0.0766223 secs]2024-03-31T20:06:37.707+0800: 2049.716: [weak refs processing, 0.0000995 secs]2024-03-31T20:06:37.707+0800: 2049.716: [class unloading, 0.0124758 secs]2024-03-31T20:06:37.720+0800: 2049.729: [scrub symbol table, 0.0098564 secs]2024-03-31T20:06:37.730+0800: 2049.739: [scrub string table, 0.0004641 secs][1 CMS-remark: 63K(64K)] 108424K(118016K), 0.1029393 secs] [Times: user=0.11 sys=0.00, real=0.10 secs] 
2024-03-31T20:06:37.734+0800: 2049.743: [CMS-concurrent-sweep-start]
2024-03-31T20:06:37.735+0800: 2049.744: [CMS-concurrent-sweep: 0.000/0.000 secs] [Times: user=0.00 sys=0.00, real=0.00 secs] 
2024-03-31T20:06:37.736+0800: 2049.745: [CMS-concurrent-reset-start]
2024-03-31T20:06:37.736+0800: 2049.745: [CMS-concurrent-reset: 0.000/0.000 secs] [Times: user=0.00 sys=0.00, real=0.00 secs] 
2024-03-31T20:06:39.745+0800: 2051.753: [GC (CMS Initial Mark) [1 CMS-initial-mark: 63K(64K)] 108705K(118016K), 0.0974302 secs] [Times: user=0.09 sys=0.00, real=0.10 secs] 
2024-03-31T20:06:39.843+0800: 2051.852: [CMS-concurrent-mark-start]
2024-03-31T20:06:39.843+0800: 2051.852: [CMS-concurrent-mark: 0.000/0.000 secs] [Times: user=0.00 sys=0.00, real=0.00 secs] 
2024-03-31T20:06:39.844+0800: 2051.853: [CMS-concurrent-preclean-start]
2024-03-31T20:06:39.846+0800: 2051.855: [CMS-concurrent-preclean: 0.001/0.001 secs] [Times: user=0.01 sys=0.00, real=0.00 secs] 
2024-03-31T20:06:39.846+0800: 2051.855: [CMS-concurrent-abortable-preclean-start]
2024-03-31T20:06:39.846+0800: 2051.855: [CMS-concurrent-abortable-preclean: 0.000/0.000 secs] [Times: user=0.00 sys=0.00, real=0.00 secs] 
2024-03-31T20:06:39.847+0800: 2051.856: [GC (CMS Final Remark) [YG occupancy: 108644 K (117952 K)]2024-03-31T20:06:39.848+0800: 2051.856: [Rescan (non-parallel) 2024-03-31T20:06:39.848+0800: 2051.856: [grey object rescan, 0.0001289 secs]2024-03-31T20:06:39.848+0800: 2051.857: [root rescan, 0.0779175 secs]2024-03-31T20:06:39.926+0800: 2051.935: [visit unhandled CLDs, 0.0001806 secs]2024-03-31T20:06:39.926+0800: 2051.935: [dirty klass scan, 0.0016115 secs], 0.0804416 secs]2024-03-31T20:06:39.928+0800: 2051.937: [weak refs processing, 0.0001613 secs]2024-03-31T20:06:39.928+0800: 2051.937: [class unloading, 0.0191222 secs]2024-03-31T20:06:39.948+0800: 2051.957: [scrub symbol table, 0.0141226 secs]2024-03-31T20:06:39.962+0800: 2051.971: [scrub string table, 0.0005277 secs][1 CMS-remark: 63K(64K)] 108708K(118016K), 0.1182403 secs] [Times: user=0.12 sys=0.00, real=0.12 secs] 
2024-03-31T20:06:39.966+0800: 2051.975: [CMS-concurrent-sweep-start]
2024-03-31T20:06:39.967+0800: 2051.976: [CMS-concurrent-sweep: 0.000/0.000 secs] [Times: user=0.00 sys=0.00, real=0.00 secs] 
2024-03-31T20:06:39.969+0800: 2051.978: [CMS-concurrent-reset-start]
2024-03-31T20:06:39.970+0800: 2051.979: [CMS-concurrent-reset: 0.000/0.000 secs] [Times: user=0.00 sys=0.00, real=0.01 secs] 
2024-03-31T20:06:41.975+0800: 2053.984: [GC (CMS Initial Mark) [1 CMS-initial-mark: 63K(64K)] 108894K(118016K), 0.0846271 secs] [Times: user=0.08 sys=0.00, real=0.09 secs] 
2024-03-31T20:06:42.061+0800: 2054.069: [CMS-concurrent-mark-start]
2024-03-31T20:06:42.061+0800: 2054.070: [CMS-concurrent-mark: 0.000/0.000 secs] [Times: user=0.00 sys=0.00, real=0.00 secs] 
2024-03-31T20:06:42.063+0800: 2054.071: [CMS-concurrent-preclean-start]
2024-03-31T20:06:42.065+0800: 2054.074: [CMS-concurrent-preclean: 0.001/0.001 secs] [Times: user=0.01 sys=0.00, real=0.00 secs] 
2024-03-31T20:06:42.066+0800: 2054.075: [CMS-concurrent-abortable-preclean-start]
2024-03-31T20:06:42.067+0800: 2054.076: [CMS-concurrent-abortable-preclean: 0.000/0.000 secs] [Times: user=0.00 sys=0.00, real=0.00 secs] 
2024-03-31T20:06:42.069+0800: 2054.078: [GC (CMS Final Remark) [YG occupancy: 108837 K (117952 K)]2024-03-31T20:06:42.069+0800: 2054.078: [Rescan (non-parallel) 2024-03-31T20:06:42.069+0800: 2054.078: [grey object rescan, 0.0000776 secs]2024-03-31T20:06:42.069+0800: 2054.078: [root rescan, 0.0776278 secs]2024-03-31T20:06:42.147+0800: 2054.156: [visit unhandled CLDs, 0.0001348 secs]2024-03-31T20:06:42.147+0800: 2054.156: [dirty klass scan, 0.0013961 secs], 0.0797284 secs]2024-03-31T20:06:42.149+0800: 2054.158: [weak refs processing, 0.0001283 secs]2024-03-31T20:06:42.149+0800: 2054.158: [class unloading, 0.0117136 secs]2024-03-31T20:06:42.161+0800: 2054.170: [scrub symbol table, 0.0098690 secs]2024-03-31T20:06:42.171+0800: 2054.180: [scrub string table, 0.0004649 secs][1 CMS-remark: 63K(64K)] 108901K(118016K), 0.1054594 secs] [Times: user=0.10 sys=0.00, real=0.10 secs] 
2024-03-31T20:06:42.175+0800: 2054.184: [CMS-concurrent-sweep-start]
2024-03-31T20:06:42.176+0800: 2054.185: [CMS-concurrent-sweep: 0.000/0.000 secs] [Times: user=0.01 sys=0.00, real=0.00 secs] 
2024-03-31T20:06:42.177+0800: 2054.186: [CMS-concurrent-reset-start]
2024-03-31T20:06:42.178+0800: 2054.187: [CMS-concurrent-reset: 0.000/0.000 secs] [Times: user=0.00 sys=0.00, real=0.00 secs] 
2024-03-31T20:06:44.183+0800: 2056.192: [GC (CMS Initial Mark) [1 CMS-initial-mark: 63K(64K)] 109075K(118016K), 0.1137943 secs] [Times: user=0.11 sys=0.00, real=0.11 secs] 
2024-03-31T20:06:44.298+0800: 2056.307: [CMS-concurrent-mark-start]
2024-03-31T20:06:44.298+0800: 2056.307: [CMS-concurrent-mark: 0.000/0.000 secs] [Times: user=0.00 sys=0.00, real=0.00 secs] 
2024-03-31T20:06:44.299+0800: 2056.308: [CMS-concurrent-preclean-start]
2024-03-31T20:06:44.301+0800: 2056.310: [CMS-concurrent-preclean: 0.001/0.001 secs] [Times: user=0.01 sys=0.00, real=0.00 secs] 
2024-03-31T20:06:44.302+0800: 2056.310: [CMS-concurrent-abortable-preclean-start]
2024-03-31T20:06:44.302+0800: 2056.311: [CMS-concurrent-abortable-preclean: 0.000/0.000 secs] [Times: user=0.00 sys=0.00, real=0.00 secs] 
2024-03-31T20:06:44.303+0800: 2056.312: [GC (CMS Final Remark) [YG occupancy: 109013 K (117952 K)]2024-03-31T20:06:44.303+0800: 2056.312: [Rescan (non-parallel) 2024-03-31T20:06:44.303+0800: 2056.312: [grey object rescan, 0.0001182 secs]2024-03-31T20:06:44.303+0800: 2056.312: [root rescan, 0.0751954 secs]2024-03-31T20:06:44.379+0800: 2056.387: [visit unhandled CLDs, 0.0001685 secs]2024-03-31T20:06:44.379+0800: 2056.388: [dirty klass scan, 0.0013776 secs], 0.0774753 secs]2024-03-31T20:06:44.380+0800: 2056.389: [weak refs processing, 0.0001364 secs]2024-03-31T20:06:44.381+0800: 2056.390: [class unloading, 0.0118941 secs]2024-03-31T20:06:44.393+0800: 2056.402: [scrub symbol table, 0.0137365 secs]2024-03-31T20:06:44.407+0800: 2056.416: [scrub string table, 0.0005546 secs][1 CMS-remark: 63K(64K)] 109077K(118016K), 0.1076362 secs] [Times: user=0.10 sys=0.00, real=0.11 secs] 
2024-03-31T20:06:44.411+0800: 2056.420: [CMS-concurrent-sweep-start]
2024-03-31T20:06:44.412+0800: 2056.421: [CMS-concurrent-sweep: 0.000/0.000 secs] [Times: user=0.00 sys=0.00, real=0.00 secs] 
2024-03-31T20:06:44.413+0800: 2056.422: [CMS-concurrent-reset-start]
2024-03-31T20:06:44.413+0800: 2056.422: [CMS-concurrent-reset: 0.000/0.000 secs] [Times: user=0.01 sys=0.00, real=0.00 secs] 
2024-03-31T20:06:46.422+0800: 2058.431: [GC (CMS Initial Mark) [1 CMS-initial-mark: 63K(64K)] 109228K(118016K), 0.1159923 secs] [Times: user=0.11 sys=0.00, real=0.11 secs] 
2024-03-31T20:06:46.539+0800: 2058.548: [CMS-concurrent-mark-start]
2024-03-31T20:06:46.539+0800: 2058.548: [CMS-concurrent-mark: 0.000/0.000 secs] [Times: user=0.01 sys=0.00, real=0.00 secs] 
2024-03-31T20:06:46.540+0800: 2058.549: [CMS-concurrent-preclean-start]
2024-03-31T20:06:46.542+0800: 2058.551: [CMS-concurrent-preclean: 0.001/0.001 secs] [Times: user=0.00 sys=0.00, real=0.00 secs] 
2024-03-31T20:06:46.542+0800: 2058.551: [CMS-concurrent-abortable-preclean-start]
2024-03-31T20:06:46.543+0800: 2058.552: [CMS-concurrent-abortable-preclean: 0.000/0.000 secs] [Times: user=0.00 sys=0.00, real=0.00 secs] 
2024-03-31T20:06:46.544+0800: 2058.552: [GC (CMS Final Remark) [YG occupancy: 109173 K (117952 K)]2024-03-31T20:06:46.544+0800: 2058.553: [Rescan (non-parallel) 2024-03-31T20:06:46.544+0800: 2058.553: [grey object rescan, 0.0001107 secs]2024-03-31T20:06:46.544+0800: 2058.553: [root rescan, 0.0788835 secs]2024-03-31T20:06:46.623+0800: 2058.632: [visit unhandled CLDs, 0.0001819 secs]2024-03-31T20:06:46.624+0800: 2058.633: [dirty klass scan, 0.0017428 secs], 0.0817927 secs]2024-03-31T20:06:46.626+0800: 2058.635: [weak refs processing, 0.0002492 secs]2024-03-31T20:06:46.626+0800: 2058.635: [class unloading, 0.0133147 secs]2024-03-31T20:06:46.640+0800: 2058.649: [scrub symbol table, 0.0164996 secs]2024-03-31T20:06:46.657+0800: 2058.665: [scrub string table, 0.0007246 secs][1 CMS-remark: 63K(64K)] 109237K(118016K), 0.1167385 secs] [Times: user=0.11 sys=0.00, real=0.12 secs] 
2024-03-31T20:06:46.662+0800: 2058.670: [CMS-concurrent-sweep-start]
2024-03-31T20:06:46.662+0800: 2058.671: [CMS-concurrent-sweep: 0.000/0.000 secs] [Times: user=0.01 sys=0.00, real=0.00 secs] 
2024-03-31T20:06:46.665+0800: 2058.674: [CMS-concurrent-reset-start]
2024-03-31T20:06:46.667+0800: 2058.676: [CMS-concurrent-reset: 0.000/0.000 secs] [Times: user=0.00 sys=0.00, real=0.00 secs] 
2024-03-31T20:06:48.672+0800: 2060.681: [GC (CMS Initial Mark) [1 CMS-initial-mark: 63K(64K)] 109484K(118016K), 0.1039287 secs] [Times: user=0.10 sys=0.00, real=0.10 secs] 
2024-03-31T20:06:48.776+0800: 2060.785: [CMS-concurrent-mark-start]
2024-03-31T20:06:48.777+0800: 2060.786: [CMS-concurrent-mark: 0.000/0.000 secs] [Times: user=0.01 sys=0.00, real=0.00 secs] 
2024-03-31T20:06:48.778+0800: 2060.787: [CMS-concurrent-preclean-start]
2024-03-31T20:06:48.781+0800: 2060.790: [CMS-concurrent-preclean: 0.001/0.001 secs] [Times: user=0.00 sys=0.00, real=0.01 secs] 
2024-03-31T20:06:48.782+0800: 2060.791: [CMS-concurrent-abortable-preclean-start]
2024-03-31T20:06:48.783+0800: 2060.792: [CMS-concurrent-abortable-preclean: 0.000/0.000 secs] [Times: user=0.00 sys=0.01, real=0.00 secs] 
2024-03-31T20:06:48.784+0800: 2060.792: [GC (CMS Final Remark) [YG occupancy: 109421 K (117952 K)]2024-03-31T20:06:48.784+0800: 2060.793: [Rescan (non-parallel) 2024-03-31T20:06:48.784+0800: 2060.793: [grey object rescan, 0.0000890 secs]2024-03-31T20:06:48.784+0800: 2060.793: [root rescan, 0.0794379 secs]2024-03-31T20:06:48.864+0800: 2060.873: [visit unhandled CLDs, 0.0002388 secs]2024-03-31T20:06:48.864+0800: 2060.873: [dirty klass scan, 0.0015951 secs], 0.0820480 secs]2024-03-31T20:06:48.866+0800: 2060.875: [weak refs processing, 0.0001952 secs]2024-03-31T20:06:48.866+0800: 2060.875: [class unloading, 0.0132118 secs]2024-03-31T20:06:48.880+0800: 2060.889: [scrub symbol table, 0.0139009 secs]2024-03-31T20:06:48.894+0800: 2060.903: [scrub string table, 0.0005422 secs][1 CMS-remark: 63K(64K)] 109485K(118016K), 0.1138334 secs] [Times: user=0.11 sys=0.00, real=0.11 secs] 
2024-03-31T20:06:48.899+0800: 2060.907: [CMS-concurrent-sweep-start]
2024-03-31T20:06:48.899+0800: 2060.908: [CMS-concurrent-sweep: 0.000/0.000 secs] [Times: user=0.00 sys=0.00, real=0.01 secs] 
2024-03-31T20:06:48.900+0800: 2060.909: [CMS-concurrent-reset-start]
2024-03-31T20:06:48.901+0800: 2060.910: [CMS-concurrent-reset: 0.000/0.000 secs] [Times: user=0.00 sys=0.00, real=0.00 secs] 
2024-03-31T20:06:50.908+0800: 2062.917: [GC (CMS Initial Mark) [1 CMS-initial-mark: 63K(64K)] 109595K(118016K), 0.1143415 secs] [Times: user=0.12 sys=0.00, real=0.12 secs] 
2024-03-31T20:06:51.023+0800: 2063.032: [CMS-concurrent-mark-start]
2024-03-31T20:06:51.024+0800: 2063.033: [CMS-concurrent-mark: 0.000/0.000 secs] [Times: user=0.00 sys=0.00, real=0.00 secs] 
2024-03-31T20:06:51.025+0800: 2063.034: [CMS-concurrent-preclean-start]
2024-03-31T20:06:51.027+0800: 2063.036: [CMS-concurrent-preclean: 0.001/0.001 secs] [Times: user=0.00 sys=0.00, real=0.00 secs] 
2024-03-31T20:06:51.029+0800: 2063.038: [CMS-concurrent-abortable-preclean-start]
2024-03-31T20:06:51.030+0800: 2063.039: [CMS-concurrent-abortable-preclean: 0.000/0.000 secs] [Times: user=0.01 sys=0.00, real=0.01 secs] 
2024-03-31T20:06:51.034+0800: 2063.043: [GC (CMS Final Remark) [YG occupancy: 109542 K (117952 K)]2024-03-31T20:06:51.035+0800: 2063.044: [Rescan (non-parallel) 2024-03-31T20:06:51.035+0800: 2063.044: [grey object rescan, 0.0002037 secs]2024-03-31T20:06:51.036+0800: 2063.044: [root rescan, 0.0804658 secs]2024-03-31T20:06:51.116+0800: 2063.125: [visit unhandled CLDs, 0.0001735 secs]2024-03-31T20:06:51.117+0800: 2063.125: [dirty klass scan, 0.0014566 secs], 0.0832718 secs]2024-03-31T20:06:51.118+0800: 2063.127: [weak refs processing, 0.0001415 secs]2024-03-31T20:06:51.118+0800: 2063.127: [class unloading, 0.0120295 secs]2024-03-31T20:06:51.131+0800: 2063.140: [scrub symbol table, 0.0100145 secs]2024-03-31T20:06:51.141+0800: 2063.150: [scrub string table, 0.0005036 secs][1 CMS-remark: 63K(64K)] 109605K(118016K), 0.1099605 secs] [Times: user=0.10 sys=0.00, real=0.11 secs] 
2024-03-31T20:06:51.145+0800: 2063.154: [CMS-concurrent-sweep-start]
2024-03-31T20:06:51.147+0800: 2063.155: [CMS-concurrent-sweep: 0.000/0.000 secs] [Times: user=0.00 sys=0.00, real=0.00 secs] 
2024-03-31T20:06:51.149+0800: 2063.157: [CMS-concurrent-reset-start]
2024-03-31T20:06:51.150+0800: 2063.159: [CMS-concurrent-reset: 0.000/0.000 secs] [Times: user=0.00 sys=0.00, real=0.01 secs] 
2024-03-31T20:06:53.160+0800: 2065.169: [GC (CMS Initial Mark) [1 CMS-initial-mark: 63K(64K)] 109827K(118016K), 0.1188910 secs] [Times: user=0.11 sys=0.00, real=0.12 secs] 
2024-03-31T20:06:53.280+0800: 2065.288: [CMS-concurrent-mark-start]
2024-03-31T20:06:53.280+0800: 2065.289: [CMS-concurrent-mark: 0.000/0.000 secs] [Times: user=0.01 sys=0.00, real=0.00 secs] 
2024-03-31T20:06:53.281+0800: 2065.290: [CMS-concurrent-preclean-start]
2024-03-31T20:06:53.283+0800: 2065.292: [CMS-concurrent-preclean: 0.001/0.001 secs] [Times: user=0.00 sys=0.00, real=0.00 secs] 
2024-03-31T20:06:53.284+0800: 2065.293: [CMS-concurrent-abortable-preclean-start]
2024-03-31T20:06:53.285+0800: 2065.293: [CMS-concurrent-abortable-preclean: 0.000/0.000 secs] [Times: user=0.00 sys=0.00, real=0.00 secs] 
2024-03-31T20:06:53.285+0800: 2065.294: [GC (CMS Final Remark) [YG occupancy: 109764 K (117952 K)]2024-03-31T20:06:53.286+0800: 2065.294: [Rescan (non-parallel) 2024-03-31T20:06:53.286+0800: 2065.295: [grey object rescan, 0.0001443 secs]2024-03-31T20:06:53.286+0800: 2065.295: [root rescan, 0.0770957 secs]2024-03-31T20:06:53.363+0800: 2065.372: [visit unhandled CLDs, 0.0001359 secs]2024-03-31T20:06:53.363+0800: 2065.372: [dirty klass scan, 0.0014153 secs], 0.0794509 secs]2024-03-31T20:06:53.365+0800: 2065.374: [weak refs processing, 0.0001363 secs]2024-03-31T20:06:53.365+0800: 2065.374: [class unloading, 0.0118618 secs]2024-03-31T20:06:53.377+0800: 2065.386: [scrub symbol table, 0.0097720 secs]2024-03-31T20:06:53.387+0800: 2065.396: [scrub string table, 0.0005116 secs][1 CMS-remark: 63K(64K)] 109828K(118016K), 0.1053971 secs] [Times: user=0.10 sys=0.01, real=0.11 secs] 
2024-03-31T20:06:53.392+0800: 2065.401: [CMS-concurrent-sweep-start]
2024-03-31T20:06:53.392+0800: 2065.401: [CMS-concurrent-sweep: 0.000/0.000 secs] [Times: user=0.00 sys=0.00, real=0.00 secs] 
2024-03-31T20:06:53.393+0800: 2065.402: [CMS-concurrent-reset-start]
2024-03-31T20:06:53.394+0800: 2065.403: [CMS-concurrent-reset: 0.000/0.000 secs] [Times: user=0.00 sys=0.00, real=0.00 secs] 
2024-03-31T20:06:55.404+0800: 2067.413: [GC (CMS Initial Mark) [1 CMS-initial-mark: 63K(64K)] 110015K(118016K), 0.1158314 secs] [Times: user=0.11 sys=0.00, real=0.12 secs] 
2024-03-31T20:06:55.521+0800: 2067.530: [CMS-concurrent-mark-start]
2024-03-31T20:06:55.521+0800: 2067.530: [CMS-concurrent-mark: 0.000/0.000 secs] [Times: user=0.00 sys=0.00, real=0.00 secs] 
2024-03-31T20:06:55.522+0800: 2067.531: [CMS-concurrent-preclean-start]
2024-03-31T20:06:55.524+0800: 2067.533: [CMS-concurrent-preclean: 0.001/0.001 secs] [Times: user=0.01 sys=0.00, real=0.00 secs] 
2024-03-31T20:06:55.525+0800: 2067.534: [CMS-concurrent-abortable-preclean-start]
2024-03-31T20:06:55.525+0800: 2067.534: [CMS-concurrent-abortable-preclean: 0.000/0.000 secs] [Times: user=0.00 sys=0.00, real=0.00 secs] 
2024-03-31T20:06:55.527+0800: 2067.535: [GC (CMS Final Remark) [YG occupancy: 109953 K (117952 K)]2024-03-31T20:06:55.527+0800: 2067.536: [Rescan (non-parallel) 2024-03-31T20:06:55.527+0800: 2067.536: [grey object rescan, 0.0002429 secs]2024-03-31T20:06:55.527+0800: 2067.536: [root rescan, 0.0793239 secs]2024-03-31T20:06:55.607+0800: 2067.616: [visit unhandled CLDs, 0.0001675 secs]2024-03-31T20:06:55.607+0800: 2067.616: [dirty klass scan, 0.0015088 secs], 0.0820619 secs]2024-03-31T20:06:55.609+0800: 2067.618: [weak refs processing, 0.0001414 secs]2024-03-31T20:06:55.609+0800: 2067.618: [class unloading, 0.0117814 secs]2024-03-31T20:06:55.621+0800: 2067.630: [scrub symbol table, 0.0116968 secs]2024-03-31T20:06:55.633+0800: 2067.642: [scrub string table, 0.0005574 secs][1 CMS-remark: 63K(64K)] 110016K(118016K), 0.1102290 secs] [Times: user=0.10 sys=0.01, real=0.11 secs] 
2024-03-31T20:06:55.638+0800: 2067.647: [CMS-concurrent-sweep-start]
2024-03-31T20:06:55.638+0800: 2067.647: [CMS-concurrent-sweep: 0.000/0.000 secs] [Times: user=0.01 sys=0.00, real=0.00 secs] 
2024-03-31T20:06:55.639+0800: 2067.648: [CMS-concurrent-reset-start]
2024-03-31T20:06:55.640+0800: 2067.649: [CMS-concurrent-reset: 0.000/0.000 secs] [Times: user=0.00 sys=0.00, real=0.00 secs] 
2024-03-31T20:06:57.642+0800: 2069.651: [GC (CMS Initial Mark) [1 CMS-initial-mark: 63K(64K)] 110305K(118016K), 0.0928326 secs] [Times: user=0.10 sys=0.00, real=0.09 secs] 
2024-03-31T20:06:57.736+0800: 2069.745: [CMS-concurrent-mark-start]
2024-03-31T20:06:57.736+0800: 2069.745: [CMS-concurrent-mark: 0.000/0.000 secs] [Times: user=0.00 sys=0.00, real=0.00 secs] 
2024-03-31T20:06:57.737+0800: 2069.746: [CMS-concurrent-preclean-start]
2024-03-31T20:06:57.739+0800: 2069.747: [CMS-concurrent-preclean: 0.001/0.001 secs] [Times: user=0.00 sys=0.00, real=0.01 secs] 
2024-03-31T20:06:57.739+0800: 2069.748: [CMS-concurrent-abortable-preclean-start]
2024-03-31T20:06:57.740+0800: 2069.748: [CMS-concurrent-abortable-preclean: 0.000/0.000 secs] [Times: user=0.00 sys=0.00, real=0.00 secs] 
2024-03-31T20:06:57.741+0800: 2069.750: [GC (CMS Final Remark) [YG occupancy: 110242 K (117952 K)]2024-03-31T20:06:57.741+0800: 2069.750: [Rescan (non-parallel) 2024-03-31T20:06:57.741+0800: 2069.750: [grey object rescan, 0.0001603 secs]2024-03-31T20:06:57.742+0800: 2069.750: [root rescan, 0.0804690 secs]2024-03-31T20:06:57.822+0800: 2069.831: [visit unhandled CLDs, 0.0001585 secs]2024-03-31T20:06:57.822+0800: 2069.831: [dirty klass scan, 0.0014980 secs], 0.0829281 secs]2024-03-31T20:06:57.824+0800: 2069.833: [weak refs processing, 0.0002013 secs]2024-03-31T20:06:57.825+0800: 2069.833: [class unloading, 0.0132865 secs]2024-03-31T20:06:57.838+0800: 2069.847: [scrub symbol table, 0.0118500 secs]2024-03-31T20:06:57.850+0800: 2069.859: [scrub string table, 0.0005846 secs][1 CMS-remark: 63K(64K)] 110306K(118016K), 0.1130202 secs] [Times: user=0.11 sys=0.00, real=0.11 secs] 
2024-03-31T20:06:57.855+0800: 2069.864: [CMS-concurrent-sweep-start]
2024-03-31T20:06:57.856+0800: 2069.865: [CMS-concurrent-sweep: 0.000/0.000 secs] [Times: user=0.01 sys=0.00, real=0.00 secs] 
2024-03-31T20:06:57.859+0800: 2069.868: [CMS-concurrent-reset-start]
2024-03-31T20:06:57.860+0800: 2069.869: [CMS-concurrent-reset: 0.000/0.000 secs] [Times: user=0.00 sys=0.01, real=0.01 secs] 
2024-03-31T20:06:59.866+0800: 2071.875: [GC (CMS Initial Mark) [1 CMS-initial-mark: 63K(64K)] 110404K(118016K), 0.0955120 secs] [Times: user=0.09 sys=0.00, real=0.10 secs] 
2024-03-31T20:06:59.963+0800: 2071.972: [CMS-concurrent-mark-start]
2024-03-31T20:06:59.964+0800: 2071.973: [CMS-concurrent-mark: 0.000/0.000 secs] [Times: user=0.01 sys=0.00, real=0.00 secs] 
2024-03-31T20:06:59.965+0800: 2071.974: [CMS-concurrent-preclean-start]
2024-03-31T20:06:59.967+0800: 2071.976: [CMS-concurrent-preclean: 0.001/0.001 secs] [Times: user=0.00 sys=0.00, real=0.00 secs] 
2024-03-31T20:06:59.969+0800: 2071.977: [CMS-concurrent-abortable-preclean-start]
2024-03-31T20:06:59.970+0800: 2071.978: [CMS-concurrent-abortable-preclean: 0.000/0.000 secs] [Times: user=0.00 sys=0.00, real=0.01 secs] 
2024-03-31T20:06:59.972+0800: 2071.980: [GC (CMS Final Remark) [YG occupancy: 110344 K (117952 K)]2024-03-31T20:06:59.972+0800: 2071.981: [Rescan (non-parallel) 2024-03-31T20:06:59.972+0800: 2071.981: [grey object rescan, 0.0001278 secs]2024-03-31T20:06:59.972+0800: 2071.981: [root rescan, 0.0989184 secs]2024-03-31T20:07:00.072+0800: 2072.081: [visit unhandled CLDs, 0.0005858 secs]2024-03-31T20:07:00.073+0800: 2072.081: [dirty klass scan, 0.0035457 secs], 0.1050565 secs]2024-03-31T20:07:00.077+0800: 2072.086: [weak refs processing, 0.0005043 secs]2024-03-31T20:07:00.078+0800: 2072.087: [class unloading, 0.0161214 secs]2024-03-31T20:07:00.094+0800: 2072.103: [scrub symbol table, 0.0208864 secs]2024-03-31T20:07:00.116+0800: 2072.125: [scrub string table, 0.0017561 secs][1 CMS-remark: 63K(64K)] 110408K(118016K), 0.1544037 secs] [Times: user=0.15 sys=0.01, real=0.15 secs] 
2024-03-31T20:07:00.128+0800: 2072.137: [CMS-concurrent-sweep-start]
2024-03-31T20:07:00.129+0800: 2072.137: [CMS-concurrent-sweep: 0.000/0.000 secs] [Times: user=0.00 sys=0.00, real=0.01 secs] 
2024-03-31T20:07:00.131+0800: 2072.140: [CMS-concurrent-reset-start]
2024-03-31T20:07:00.132+0800: 2072.141: [CMS-concurrent-reset: 0.000/0.000 secs] [Times: user=0.01 sys=0.00, real=0.00 secs] 
2024-03-31T20:07:02.139+0800: 2074.148: [GC (CMS Initial Mark) [1 CMS-initial-mark: 63K(64K)] 110542K(118016K), 0.0990376 secs] [Times: user=0.10 sys=0.00, real=0.10 secs] 
2024-03-31T20:07:02.240+0800: 2074.249: [CMS-concurrent-mark-start]
2024-03-31T20:07:02.244+0800: 2074.253: [CMS-concurrent-mark: 0.000/0.000 secs] [Times: user=0.00 sys=0.00, real=0.00 secs] 
2024-03-31T20:07:02.246+0800: 2074.255: [CMS-concurrent-preclean-start]
2024-03-31T20:07:02.249+0800: 2074.257: [CMS-concurrent-preclean: 0.002/0.002 secs] [Times: user=0.01 sys=0.00, real=0.01 secs] 
2024-03-31T20:07:02.251+0800: 2074.260: [CMS-concurrent-abortable-preclean-start]
2024-03-31T20:07:02.252+0800: 2074.261: [CMS-concurrent-abortable-preclean: 0.000/0.000 secs] [Times: user=0.00 sys=0.00, real=0.00 secs] 
2024-03-31T20:07:02.254+0800: 2074.263: [GC (CMS Final Remark) [YG occupancy: 110479 K (117952 K)]2024-03-31T20:07:02.255+0800: 2074.263: [Rescan (non-parallel) 2024-03-31T20:07:02.255+0800: 2074.264: [grey object rescan, 0.0005376 secs]2024-03-31T20:07:02.256+0800: 2074.265: [root rescan, 0.0847197 secs]2024-03-31T20:07:02.341+0800: 2074.350: [visit unhandled CLDs, 0.0001565 secs]2024-03-31T20:07:02.341+0800: 2074.350: [dirty klass scan, 0.0015171 secs], 0.0881725 secs]2024-03-31T20:07:02.343+0800: 2074.352: [weak refs processing, 0.0001803 secs]2024-03-31T20:07:02.343+0800: 2074.352: [class unloading, 0.0148075 secs]2024-03-31T20:07:02.358+0800: 2074.367: [scrub symbol table, 0.0132779 secs]2024-03-31T20:07:02.372+0800: 2074.381: [scrub string table, 0.0006838 secs][1 CMS-remark: 63K(64K)] 110543K(118016K), 0.1222065 secs] [Times: user=0.12 sys=0.00, real=0.12 secs] 
2024-03-31T20:07:02.377+0800: 2074.386: [CMS-concurrent-sweep-start]
2024-03-31T20:07:02.378+0800: 2074.387: [CMS-concurrent-sweep: 0.000/0.000 secs] [Times: user=0.00 sys=0.00, real=0.00 secs] 
2024-03-31T20:07:02.380+0800: 2074.388: [CMS-concurrent-reset-start]
2024-03-31T20:07:02.381+0800: 2074.389: [CMS-concurrent-reset: 0.000/0.000 secs] [Times: user=0.00 sys=0.00, real=0.00 secs] 
2024-03-31T20:07:04.385+0800: 2076.394: [GC (CMS Initial Mark) [1 CMS-initial-mark: 63K(64K)] 110797K(118016K), 0.0897621 secs] [Times: user=0.09 sys=0.00, real=0.09 secs] 
2024-03-31T20:07:04.476+0800: 2076.484: [CMS-concurrent-mark-start]
2024-03-31T20:07:04.477+0800: 2076.485: [CMS-concurrent-mark: 0.000/0.000 secs] [Times: user=0.01 sys=0.00, real=0.00 secs] 
2024-03-31T20:07:04.477+0800: 2076.486: [CMS-concurrent-preclean-start]
2024-03-31T20:07:04.479+0800: 2076.488: [CMS-concurrent-preclean: 0.001/0.001 secs] [Times: user=0.00 sys=0.00, real=0.01 secs] 
2024-03-31T20:07:04.480+0800: 2076.489: [CMS-concurrent-abortable-preclean-start]
2024-03-31T20:07:04.481+0800: 2076.489: [CMS-concurrent-abortable-preclean: 0.000/0.000 secs] [Times: user=0.00 sys=0.00, real=0.00 secs] 
2024-03-31T20:07:04.482+0800: 2076.490: [GC (CMS Final Remark) [YG occupancy: 110735 K (117952 K)]2024-03-31T20:07:04.482+0800: 2076.491: [Rescan (non-parallel) 2024-03-31T20:07:04.482+0800: 2076.491: [grey object rescan, 0.0001422 secs]2024-03-31T20:07:04.482+0800: 2076.491: [root rescan, 0.0775381 secs]2024-03-31T20:07:04.560+0800: 2076.569: [visit unhandled CLDs, 0.0001499 secs]2024-03-31T20:07:04.560+0800: 2076.569: [dirty klass scan, 0.0013995 secs], 0.0798853 secs]2024-03-31T20:07:04.562+0800: 2076.571: [weak refs processing, 0.0001662 secs]2024-03-31T20:07:04.562+0800: 2076.571: [class unloading, 0.0125605 secs]2024-03-31T20:07:04.575+0800: 2076.584: [scrub symbol table, 0.0100990 secs]2024-03-31T20:07:04.585+0800: 2076.594: [scrub string table, 0.0005245 secs][1 CMS-remark: 63K(64K)] 110799K(118016K), 0.1071662 secs] [Times: user=0.10 sys=0.01, real=0.11 secs] 
2024-03-31T20:07:04.590+0800: 2076.598: [CMS-concurrent-sweep-start]
2024-03-31T20:07:04.590+0800: 2076.599: [CMS-concurrent-sweep: 0.000/0.000 secs] [Times: user=0.00 sys=0.00, real=0.00 secs] 
2024-03-31T20:07:04.592+0800: 2076.600: [CMS-concurrent-reset-start]
2024-03-31T20:07:04.593+0800: 2076.601: [CMS-concurrent-reset: 0.000/0.000 secs] [Times: user=0.01 sys=0.00, real=0.00 secs] 
2024-03-31T20:07:06.596+0800: 2078.605: [GC (CMS Initial Mark) [1 CMS-initial-mark: 63K(64K)] 110934K(118016K), 0.1144140 secs] [Times: user=0.12 sys=0.00, real=0.12 secs] 
2024-03-31T20:07:06.711+0800: 2078.720: [CMS-concurrent-mark-start]
2024-03-31T20:07:06.712+0800: 2078.721: [CMS-concurrent-mark: 0.000/0.000 secs] [Times: user=0.00 sys=0.00, real=0.00 secs] 
2024-03-31T20:07:06.713+0800: 2078.722: [CMS-concurrent-preclean-start]
2024-03-31T20:07:06.715+0800: 2078.724: [CMS-concurrent-preclean: 0.001/0.001 secs] [Times: user=0.00 sys=0.00, real=0.00 secs] 
2024-03-31T20:07:06.716+0800: 2078.725: [CMS-concurrent-abortable-preclean-start]
2024-03-31T20:07:06.716+0800: 2078.725: [CMS-concurrent-abortable-preclean: 0.000/0.000 secs] [Times: user=0.00 sys=0.00, real=0.00 secs] 
2024-03-31T20:07:06.717+0800: 2078.726: [GC (CMS Final Remark) [YG occupancy: 110872 K (117952 K)]2024-03-31T20:07:06.717+0800: 2078.726: [Rescan (non-parallel) 2024-03-31T20:07:06.717+0800: 2078.726: [grey object rescan, 0.0000991 secs]2024-03-31T20:07:06.718+0800: 2078.726: [root rescan, 0.0773037 secs]2024-03-31T20:07:06.795+0800: 2078.804: [visit unhandled CLDs, 0.0001549 secs]2024-03-31T20:07:06.795+0800: 2078.804: [dirty klass scan, 0.0014338 secs], 0.0796518 secs]2024-03-31T20:07:06.797+0800: 2078.806: [weak refs processing, 0.0001435 secs]2024-03-31T20:07:06.797+0800: 2078.806: [class unloading, 0.0119856 secs]2024-03-31T20:07:06.810+0800: 2078.818: [scrub symbol table, 0.0098669 secs]2024-03-31T20:07:06.820+0800: 2078.828: [scrub string table, 0.0005053 secs][1 CMS-remark: 63K(64K)] 110936K(118016K), 0.1058108 secs] [Times: user=0.11 sys=0.00, real=0.11 secs] 
2024-03-31T20:07:06.824+0800: 2078.833: [CMS-concurrent-sweep-start]
2024-03-31T20:07:06.824+0800: 2078.833: [CMS-concurrent-sweep: 0.000/0.000 secs] [Times: user=0.00 sys=0.00, real=0.00 secs] 
2024-03-31T20:07:06.825+0800: 2078.834: [CMS-concurrent-reset-start]
2024-03-31T20:07:06.826+0800: 2078.834: [CMS-concurrent-reset: 0.000/0.000 secs] [Times: user=0.00 sys=0.00, real=0.00 secs] 
2024-03-31T20:07:08.838+0800: 2080.847: [GC (CMS Initial Mark) [1 CMS-initial-mark: 63K(64K)] 111155K(118016K), 0.1241379 secs] [Times: user=0.13 sys=0.00, real=0.13 secs] 
2024-03-31T20:07:08.965+0800: 2080.974: [CMS-concurrent-mark-start]
2024-03-31T20:07:08.966+0800: 2080.975: [CMS-concurrent-mark: 0.001/0.001 secs] [Times: user=0.00 sys=0.00, real=0.00 secs] 
2024-03-31T20:07:08.973+0800: 2080.981: [CMS-concurrent-preclean-start]
2024-03-31T20:07:08.974+0800: 2080.983: [CMS-concurrent-preclean: 0.001/0.001 secs] [Times: user=0.00 sys=0.00, real=0.00 secs] 
2024-03-31T20:07:08.977+0800: 2080.986: [CMS-concurrent-abortable-preclean-start]
2024-03-31T20:07:08.977+0800: 2080.986: [CMS-concurrent-abortable-preclean: 0.000/0.000 secs] [Times: user=0.00 sys=0.00, real=0.00 secs] 
2024-03-31T20:07:08.978+0800: 2080.987: [GC (CMS Final Remark) [YG occupancy: 111092 K (117952 K)]2024-03-31T20:07:08.979+0800: 2080.988: [Rescan (non-parallel) 2024-03-31T20:07:08.979+0800: 2080.988: [grey object rescan, 0.0002107 secs]2024-03-31T20:07:08.980+0800: 2080.988: [root rescan, 0.0812403 secs]2024-03-31T20:07:09.061+0800: 2081.070: [visit unhandled CLDs, 0.0001509 secs]2024-03-31T20:07:09.061+0800: 2081.070: [dirty klass scan, 0.0017312 secs], 0.0845186 secs]2024-03-31T20:07:09.063+0800: 2081.072: [weak refs processing, 0.0001611 secs]2024-03-31T20:07:09.064+0800: 2081.072: [class unloading, 0.0130558 secs]2024-03-31T20:07:09.077+0800: 2081.086: [scrub symbol table, 0.0100277 secs]2024-03-31T20:07:09.087+0800: 2081.096: [scrub string table, 0.0006060 secs][1 CMS-remark: 63K(64K)] 111156K(118016K), 0.1129283 secs] [Times: user=0.11 sys=0.00, real=0.12 secs] 
2024-03-31T20:07:09.092+0800: 2081.101: [CMS-concurrent-sweep-start]
2024-03-31T20:07:09.094+0800: 2081.102: [CMS-concurrent-sweep: 0.000/0.000 secs] [Times: user=0.01 sys=0.00, real=0.00 secs] 
2024-03-31T20:07:09.096+0800: 2081.104: [CMS-concurrent-reset-start]
2024-03-31T20:07:09.097+0800: 2081.106: [CMS-concurrent-reset: 0.000/0.000 secs] [Times: user=0.00 sys=0.00, real=0.00 secs] 
2024-03-31T20:07:11.103+0800: 2083.112: [GC (CMS Initial Mark) [1 CMS-initial-mark: 63K(64K)] 111396K(118016K), 0.1164935 secs] [Times: user=0.12 sys=0.00, real=0.12 secs] 
2024-03-31T20:07:11.220+0800: 2083.229: [CMS-concurrent-mark-start]
2024-03-31T20:07:11.221+0800: 2083.230: [CMS-concurrent-mark: 0.000/0.000 secs] [Times: user=0.00 sys=0.00, real=0.00 secs] 
2024-03-31T20:07:11.222+0800: 2083.231: [CMS-concurrent-preclean-start]
2024-03-31T20:07:11.224+0800: 2083.233: [CMS-concurrent-preclean: 0.001/0.001 secs] [Times: user=0.00 sys=0.00, real=0.00 secs] 
2024-03-31T20:07:11.225+0800: 2083.234: [CMS-concurrent-abortable-preclean-start]
2024-03-31T20:07:11.226+0800: 2083.235: [CMS-concurrent-abortable-preclean: 0.000/0.000 secs] [Times: user=0.00 sys=0.00, real=0.00 secs] 
2024-03-31T20:07:11.227+0800: 2083.236: [GC (CMS Final Remark) [YG occupancy: 111334 K (117952 K)]2024-03-31T20:07:11.227+0800: 2083.236: [Rescan (non-parallel) 2024-03-31T20:07:11.228+0800: 2083.236: [grey object rescan, 0.0001180 secs]2024-03-31T20:07:11.228+0800: 2083.236: [root rescan, 0.0790832 secs]2024-03-31T20:07:11.307+0800: 2083.316: [visit unhandled CLDs, 0.0001702 secs]2024-03-31T20:07:11.307+0800: 2083.316: [dirty klass scan, 0.0014530 secs], 0.0815355 secs]2024-03-31T20:07:11.309+0800: 2083.318: [weak refs processing, 0.0001424 secs]2024-03-31T20:07:11.309+0800: 2083.318: [class unloading, 0.0120592 secs]2024-03-31T20:07:11.322+0800: 2083.330: [scrub symbol table, 0.0098773 secs]2024-03-31T20:07:11.332+0800: 2083.340: [scrub string table, 0.0005054 secs][1 CMS-remark: 63K(64K)] 111398K(118016K), 0.1079733 secs] [Times: user=0.11 sys=0.00, real=0.11 secs] 
2024-03-31T20:07:11.336+0800: 2083.345: [CMS-concurrent-sweep-start]
2024-03-31T20:07:11.337+0800: 2083.346: [CMS-concurrent-sweep: 0.000/0.000 secs] [Times: user=0.00 sys=0.00, real=0.00 secs] 
2024-03-31T20:07:11.338+0800: 2083.347: [CMS-concurrent-reset-start]
2024-03-31T20:07:11.339+0800: 2083.348: [CMS-concurrent-reset: 0.000/0.000 secs] [Times: user=0.00 sys=0.00, real=0.01 secs] 
2024-03-31T20:07:13.344+0800: 2085.352: [GC (CMS Initial Mark) [1 CMS-initial-mark: 63K(64K)] 111624K(118016K), 0.0969703 secs] [Times: user=0.09 sys=0.00, real=0.10 secs] 
2024-03-31T20:07:13.442+0800: 2085.450: [CMS-concurrent-mark-start]
2024-03-31T20:07:13.442+0800: 2085.451: [CMS-concurrent-mark: 0.000/0.000 secs] [Times: user=0.00 sys=0.00, real=0.00 secs] 
2024-03-31T20:07:13.443+0800: 2085.451: [CMS-concurrent-preclean-start]
2024-03-31T20:07:13.444+0800: 2085.453: [CMS-concurrent-preclean: 0.001/0.001 secs] [Times: user=0.01 sys=0.00, real=0.00 secs] 
2024-03-31T20:07:13.445+0800: 2085.454: [CMS-concurrent-abortable-preclean-start]
2024-03-31T20:07:13.445+0800: 2085.454: [CMS-concurrent-abortable-preclean: 0.000/0.000 secs] [Times: user=0.00 sys=0.00, real=0.00 secs] 
2024-03-31T20:07:13.446+0800: 2085.454: [GC (CMS Final Remark) [YG occupancy: 111562 K (117952 K)]2024-03-31T20:07:13.446+0800: 2085.454: [Rescan (non-parallel) 2024-03-31T20:07:13.446+0800: 2085.455: [grey object rescan, 0.0000997 secs]2024-03-31T20:07:13.446+0800: 2085.455: [root rescan, 0.0796478 secs]2024-03-31T20:07:13.526+0800: 2085.535: [visit unhandled CLDs, 0.0001513 secs]2024-03-31T20:07:13.526+0800: 2085.535: [dirty klass scan, 0.0015159 secs], 0.0820950 secs]2024-03-31T20:07:13.528+0800: 2085.537: [weak refs processing, 0.0001648 secs]2024-03-31T20:07:13.528+0800: 2085.537: [class unloading, 0.0120860 secs]2024-03-31T20:07:13.541+0800: 2085.549: [scrub symbol table, 0.0101137 secs]2024-03-31T20:07:13.551+0800: 2085.560: [scrub string table, 0.0005038 secs][1 CMS-remark: 63K(64K)] 111625K(118016K), 0.1087242 secs] [Times: user=0.11 sys=0.00, real=0.11 secs] 
2024-03-31T20:07:13.555+0800: 2085.564: [CMS-concurrent-sweep-start]
2024-03-31T20:07:13.556+0800: 2085.565: [CMS-concurrent-sweep: 0.000/0.000 secs] [Times: user=0.00 sys=0.00, real=0.00 secs] 
2024-03-31T20:07:13.558+0800: 2085.567: [CMS-concurrent-reset-start]
2024-03-31T20:07:13.559+0800: 2085.567: [CMS-concurrent-reset: 0.000/0.000 secs] [Times: user=0.00 sys=0.00, real=0.00 secs] 
2024-03-31T20:07:15.565+0800: 2087.574: [GC (CMS Initial Mark) [1 CMS-initial-mark: 63K(64K)] 111708K(118016K), 0.1277377 secs] [Times: user=0.12 sys=0.01, real=0.13 secs] 
2024-03-31T20:07:15.694+0800: 2087.702: [CMS-concurrent-mark-start]
2024-03-31T20:07:15.695+0800: 2087.703: [CMS-concurrent-mark: 0.000/0.000 secs] [Times: user=0.00 sys=0.00, real=0.00 secs] 
2024-03-31T20:07:15.696+0800: 2087.704: [CMS-concurrent-preclean-start]
2024-03-31T20:07:15.698+0800: 2087.706: [CMS-concurrent-preclean: 0.001/0.001 secs] [Times: user=0.01 sys=0.00, real=0.00 secs] 
2024-03-31T20:07:15.699+0800: 2087.707: [CMS-concurrent-abortable-preclean-start]
2024-03-31T20:07:15.699+0800: 2087.708: [CMS-concurrent-abortable-preclean: 0.000/0.000 secs] [Times: user=0.00 sys=0.00, real=0.01 secs] 
2024-03-31T20:07:15.700+0800: 2087.709: [GC (CMS Final Remark) [YG occupancy: 111653 K (117952 K)]2024-03-31T20:07:15.700+0800: 2087.709: [Rescan (non-parallel) 2024-03-31T20:07:15.700+0800: 2087.709: [grey object rescan, 0.0001019 secs]2024-03-31T20:07:15.700+0800: 2087.709: [root rescan, 0.0788656 secs]2024-03-31T20:07:15.780+0800: 2087.788: [visit unhandled CLDs, 0.0001456 secs]2024-03-31T20:07:15.780+0800: 2087.789: [dirty klass scan, 0.0014528 secs], 0.0812688 secs]2024-03-31T20:07:15.782+0800: 2087.790: [weak refs processing, 0.0001490 secs]2024-03-31T20:07:15.782+0800: 2087.790: [class unloading, 0.0121557 secs]2024-03-31T20:07:15.794+0800: 2087.803: [scrub symbol table, 0.0098105 secs]2024-03-31T20:07:15.804+0800: 2087.813: [scrub string table, 0.0004901 secs][1 CMS-remark: 63K(64K)] 111717K(118016K), 0.1076173 secs] [Times: user=0.11 sys=0.00, real=0.10 secs] 
2024-03-31T20:07:15.809+0800: 2087.817: [CMS-concurrent-sweep-start]
2024-03-31T20:07:15.809+0800: 2087.818: [CMS-concurrent-sweep: 0.000/0.000 secs] [Times: user=0.00 sys=0.00, real=0.01 secs] 
2024-03-31T20:07:15.810+0800: 2087.819: [CMS-concurrent-reset-start]
2024-03-31T20:07:15.811+0800: 2087.820: [CMS-concurrent-reset: 0.000/0.000 secs] [Times: user=0.00 sys=0.00, real=0.00 secs] 
2024-03-31T20:07:17.813+0800: 2089.822: [GC (CMS Initial Mark) [1 CMS-initial-mark: 63K(64K)] 111883K(118016K), 0.0820777 secs] [Times: user=0.08 sys=0.00, real=0.08 secs] 
2024-03-31T20:07:17.896+0800: 2089.905: [CMS-concurrent-mark-start]
2024-03-31T20:07:17.897+0800: 2089.905: [CMS-concurrent-mark: 0.000/0.000 secs] [Times: user=0.00 sys=0.00, real=0.00 secs] 
2024-03-31T20:07:17.898+0800: 2089.906: [CMS-concurrent-preclean-start]
2024-03-31T20:07:17.900+0800: 2089.908: [CMS-concurrent-preclean: 0.001/0.001 secs] [Times: user=0.01 sys=0.00, real=0.01 secs] 
2024-03-31T20:07:17.901+0800: 2089.910: [CMS-concurrent-abortable-preclean-start]
2024-03-31T20:07:17.902+0800: 2089.910: [CMS-concurrent-abortable-preclean: 0.000/0.000 secs] [Times: user=0.00 sys=0.00, real=0.00 secs] 
2024-03-31T20:07:17.903+0800: 2089.912: [GC (CMS Final Remark) [YG occupancy: 111828 K (117952 K)]2024-03-31T20:07:17.903+0800: 2089.912: [Rescan (non-parallel) 2024-03-31T20:07:17.903+0800: 2089.912: [grey object rescan, 0.0001080 secs]2024-03-31T20:07:17.904+0800: 2089.912: [root rescan, 0.0778020 secs]2024-03-31T20:07:17.982+0800: 2089.990: [visit unhandled CLDs, 0.0001782 secs]2024-03-31T20:07:17.982+0800: 2089.991: [dirty klass scan, 0.0014212 secs], 0.0801266 secs]2024-03-31T20:07:17.984+0800: 2089.992: [weak refs processing, 0.0001291 secs]2024-03-31T20:07:17.984+0800: 2089.992: [class unloading, 0.0121314 secs]2024-03-31T20:07:17.996+0800: 2090.005: [scrub symbol table, 0.0099854 secs]2024-03-31T20:07:18.006+0800: 2090.015: [scrub string table, 0.0005081 secs][1 CMS-remark: 63K(64K)] 111892K(118016K), 0.1065111 secs] [Times: user=0.10 sys=0.00, real=0.11 secs] 
2024-03-31T20:07:18.011+0800: 2090.019: [CMS-concurrent-sweep-start]
2024-03-31T20:07:18.011+0800: 2090.020: [CMS-concurrent-sweep: 0.000/0.000 secs] [Times: user=0.00 sys=0.00, real=0.00 secs] 
2024-03-31T20:07:18.013+0800: 2090.021: [CMS-concurrent-reset-start]
2024-03-31T20:07:18.014+0800: 2090.022: [CMS-concurrent-reset: 0.000/0.000 secs] [Times: user=0.00 sys=0.00, real=0.00 secs] 
2024-03-31T20:07:20.029+0800: 2092.038: [GC (CMS Initial Mark) [1 CMS-initial-mark: 63K(64K)] 112098K(118016K), 0.1150707 secs] [Times: user=0.11 sys=0.00, real=0.11 secs] 
2024-03-31T20:07:20.145+0800: 2092.154: [CMS-concurrent-mark-start]
2024-03-31T20:07:20.146+0800: 2092.154: [CMS-concurrent-mark: 0.000/0.000 secs] [Times: user=0.00 sys=0.00, real=0.00 secs] 
2024-03-31T20:07:20.146+0800: 2092.155: [CMS-concurrent-preclean-start]
2024-03-31T20:07:20.148+0800: 2092.157: [CMS-concurrent-preclean: 0.001/0.001 secs] [Times: user=0.01 sys=0.00, real=0.00 secs] 
2024-03-31T20:07:20.149+0800: 2092.158: [CMS-concurrent-abortable-preclean-start]
2024-03-31T20:07:20.150+0800: 2092.158: [CMS-concurrent-abortable-preclean: 0.000/0.000 secs] [Times: user=0.00 sys=0.00, real=0.01 secs] 
2024-03-31T20:07:20.151+0800: 2092.159: [GC (CMS Final Remark) [YG occupancy: 112037 K (117952 K)]2024-03-31T20:07:20.151+0800: 2092.159: [Rescan (non-parallel) 2024-03-31T20:07:20.151+0800: 2092.160: [grey object rescan, 0.0001128 secs]2024-03-31T20:07:20.151+0800: 2092.160: [root rescan, 0.0785188 secs]2024-03-31T20:07:20.230+0800: 2092.238: [visit unhandled CLDs, 0.0001402 secs]2024-03-31T20:07:20.230+0800: 2092.239: [dirty klass scan, 0.0014071 secs], 0.0808349 secs]2024-03-31T20:07:20.232+0800: 2092.240: [weak refs processing, 0.0002003 secs]2024-03-31T20:07:20.232+0800: 2092.241: [class unloading, 0.0127949 secs]2024-03-31T20:07:20.245+0800: 2092.254: [scrub symbol table, 0.0112958 secs]2024-03-31T20:07:20.257+0800: 2092.265: [scrub string table, 0.0005501 secs][1 CMS-remark: 63K(64K)] 112101K(118016K), 0.1096184 secs] [Times: user=0.11 sys=0.00, real=0.11 secs] 
2024-03-31T20:07:20.262+0800: 2092.271: [CMS-concurrent-sweep-start]
2024-03-31T20:07:20.263+0800: 2092.271: [CMS-concurrent-sweep: 0.000/0.000 secs] [Times: user=0.00 sys=0.00, real=0.00 secs] 
2024-03-31T20:07:20.264+0800: 2092.273: [CMS-concurrent-reset-start]
2024-03-31T20:07:20.265+0800: 2092.273: [CMS-concurrent-reset: 0.000/0.000 secs] [Times: user=0.00 sys=0.00, real=0.00 secs] 
2024-03-31T20:07:22.273+0800: 2094.282: [GC (CMS Initial Mark) [1 CMS-initial-mark: 63K(64K)] 112262K(118016K), 0.0991479 secs] [Times: user=0.09 sys=0.00, real=0.10 secs] 
2024-03-31T20:07:22.373+0800: 2094.382: [CMS-concurrent-mark-start]
2024-03-31T20:07:22.375+0800: 2094.383: [CMS-concurrent-mark: 0.000/0.000 secs] [Times: user=0.01 sys=0.00, real=0.00 secs] 
2024-03-31T20:07:22.376+0800: 2094.384: [CMS-concurrent-preclean-start]
2024-03-31T20:07:22.378+0800: 2094.387: [CMS-concurrent-preclean: 0.001/0.001 secs] [Times: user=0.00 sys=0.00, real=0.00 secs] 
2024-03-31T20:07:22.379+0800: 2094.388: [CMS-concurrent-abortable-preclean-start]
2024-03-31T20:07:22.379+0800: 2094.388: [CMS-concurrent-abortable-preclean: 0.000/0.000 secs] [Times: user=0.00 sys=0.00, real=0.01 secs] 
2024-03-31T20:07:22.380+0800: 2094.389: [GC (CMS Final Remark) [YG occupancy: 112199 K (117952 K)]2024-03-31T20:07:22.380+0800: 2094.389: [Rescan (non-parallel) 2024-03-31T20:07:22.380+0800: 2094.389: [grey object rescan, 0.0001130 secs]2024-03-31T20:07:22.381+0800: 2094.389: [root rescan, 0.0787243 secs]2024-03-31T20:07:22.460+0800: 2094.468: [visit unhandled CLDs, 0.0001668 secs]2024-03-31T20:07:22.460+0800: 2094.469: [dirty klass scan, 0.0014301 secs], 0.0811120 secs]2024-03-31T20:07:22.462+0800: 2094.470: [weak refs processing, 0.0001672 secs]2024-03-31T20:07:22.462+0800: 2094.470: [class unloading, 0.0119617 secs]2024-03-31T20:07:22.474+0800: 2094.483: [scrub symbol table, 0.0099337 secs]2024-03-31T20:07:22.484+0800: 2094.493: [scrub string table, 0.0005176 secs][1 CMS-remark: 63K(64K)] 112263K(118016K), 0.1073960 secs] [Times: user=0.11 sys=0.00, real=0.10 secs] 
2024-03-31T20:07:22.489+0800: 2094.497: [CMS-concurrent-sweep-start]
2024-03-31T20:07:22.489+0800: 2094.498: [CMS-concurrent-sweep: 0.000/0.000 secs] [Times: user=0.00 sys=0.00, real=0.01 secs] 
2024-03-31T20:07:22.490+0800: 2094.499: [CMS-concurrent-reset-start]
2024-03-31T20:07:22.490+0800: 2094.499: [CMS-concurrent-reset: 0.000/0.000 secs] [Times: user=0.00 sys=0.00, real=0.00 secs] 
2024-03-31T20:07:24.500+0800: 2096.509: [GC (CMS Initial Mark) [1 CMS-initial-mark: 63K(64K)] 112495K(118016K), 0.1179086 secs] [Times: user=0.11 sys=0.00, real=0.11 secs] 
2024-03-31T20:07:24.619+0800: 2096.627: [CMS-concurrent-mark-start]
2024-03-31T20:07:24.619+0800: 2096.628: [CMS-concurrent-mark: 0.000/0.000 secs] [Times: user=0.00 sys=0.00, real=0.01 secs] 
2024-03-31T20:07:24.620+0800: 2096.629: [CMS-concurrent-preclean-start]
2024-03-31T20:07:24.622+0800: 2096.631: [CMS-concurrent-preclean: 0.001/0.001 secs] [Times: user=0.01 sys=0.00, real=0.00 secs] 
2024-03-31T20:07:24.623+0800: 2096.632: [CMS-concurrent-abortable-preclean-start]
2024-03-31T20:07:24.623+0800: 2096.632: [CMS-concurrent-abortable-preclean: 0.000/0.000 secs] [Times: user=0.00 sys=0.00, real=0.00 secs] 
2024-03-31T20:07:24.625+0800: 2096.633: [GC (CMS Final Remark) [YG occupancy: 112439 K (117952 K)]2024-03-31T20:07:24.625+0800: 2096.633: [Rescan (non-parallel) 2024-03-31T20:07:24.625+0800: 2096.634: [grey object rescan, 0.0001161 secs]2024-03-31T20:07:24.625+0800: 2096.634: [root rescan, 0.0778924 secs]2024-03-31T20:07:24.703+0800: 2096.712: [visit unhandled CLDs, 0.0001584 secs]2024-03-31T20:07:24.703+0800: 2096.712: [dirty klass scan, 0.0013305 secs], 0.0801237 secs]2024-03-31T20:07:24.705+0800: 2096.714: [weak refs processing, 0.0001362 secs]2024-03-31T20:07:24.705+0800: 2096.714: [class unloading, 0.0119819 secs]2024-03-31T20:07:24.717+0800: 2096.726: [scrub symbol table, 0.0097780 secs]2024-03-31T20:07:24.727+0800: 2096.736: [scrub string table, 0.0005403 secs][1 CMS-remark: 63K(64K)] 112503K(118016K), 0.1062398 secs] [Times: user=0.10 sys=0.00, real=0.11 secs] 
2024-03-31T20:07:24.732+0800: 2096.740: [CMS-concurrent-sweep-start]
2024-03-31T20:07:24.732+0800: 2096.741: [CMS-concurrent-sweep: 0.000/0.000 secs] [Times: user=0.01 sys=0.00, real=0.00 secs] 
2024-03-31T20:07:24.734+0800: 2096.743: [CMS-concurrent-reset-start]
2024-03-31T20:07:24.734+0800: 2096.743: [CMS-concurrent-reset: 0.000/0.000 secs] [Times: user=0.00 sys=0.00, real=0.00 secs] 
2024-03-31T20:07:26.741+0800: 2098.749: [GC (CMS Initial Mark) [1 CMS-initial-mark: 63K(64K)] 112693K(118016K), 0.1207983 secs] [Times: user=0.12 sys=0.00, real=0.12 secs] 
2024-03-31T20:07:26.862+0800: 2098.871: [CMS-concurrent-mark-start]
2024-03-31T20:07:26.863+0800: 2098.871: [CMS-concurrent-mark: 0.000/0.000 secs] [Times: user=0.00 sys=0.00, real=0.00 secs] 
2024-03-31T20:07:26.864+0800: 2098.872: [CMS-concurrent-preclean-start]
2024-03-31T20:07:26.865+0800: 2098.874: [CMS-concurrent-preclean: 0.001/0.001 secs] [Times: user=0.00 sys=0.00, real=0.00 secs] 
2024-03-31T20:07:26.866+0800: 2098.875: [CMS-concurrent-abortable-preclean-start]
2024-03-31T20:07:26.867+0800: 2098.876: [CMS-concurrent-abortable-preclean: 0.000/0.000 secs] [Times: user=0.00 sys=0.00, real=0.00 secs] 
2024-03-31T20:07:26.869+0800: 2098.877: [GC (CMS Final Remark) [YG occupancy: 112637 K (117952 K)]2024-03-31T20:07:26.869+0800: 2098.878: [Rescan (non-parallel) 2024-03-31T20:07:26.869+0800: 2098.878: [grey object rescan, 0.0001054 secs]2024-03-31T20:07:26.869+0800: 2098.878: [root rescan, 0.0777980 secs]2024-03-31T20:07:26.947+0800: 2098.956: [visit unhandled CLDs, 0.0001465 secs]2024-03-31T20:07:26.947+0800: 2098.956: [dirty klass scan, 0.0014070 secs], 0.0800893 secs]2024-03-31T20:07:26.949+0800: 2098.958: [weak refs processing, 0.0001457 secs]2024-03-31T20:07:26.949+0800: 2098.958: [class unloading, 0.0116472 secs]2024-03-31T20:07:26.961+0800: 2098.970: [scrub symbol table, 0.0097333 secs]2024-03-31T20:07:26.971+0800: 2098.980: [scrub string table, 0.0005067 secs][1 CMS-remark: 63K(64K)] 112701K(118016K), 0.1057558 secs] [Times: user=0.11 sys=0.00, real=0.11 secs] 
2024-03-31T20:07:26.975+0800: 2098.984: [CMS-concurrent-sweep-start]
2024-03-31T20:07:26.976+0800: 2098.985: [CMS-concurrent-sweep: 0.000/0.000 secs] [Times: user=0.00 sys=0.00, real=0.00 secs] 
2024-03-31T20:07:26.978+0800: 2098.986: [CMS-concurrent-reset-start]
2024-03-31T20:07:26.978+0800: 2098.987: [CMS-concurrent-reset: 0.000/0.000 secs] [Times: user=0.00 sys=0.00, real=0.00 secs] 
2024-03-31T20:07:28.988+0800: 2100.997: [GC (CMS Initial Mark) [1 CMS-initial-mark: 63K(64K)] 112980K(118016K), 0.1192107 secs] [Times: user=0.12 sys=0.00, real=0.12 secs] 
2024-03-31T20:07:29.108+0800: 2101.117: [CMS-concurrent-mark-start]
2024-03-31T20:07:29.109+0800: 2101.118: [CMS-concurrent-mark: 0.000/0.000 secs] [Times: user=0.00 sys=0.00, real=0.01 secs] 
2024-03-31T20:07:29.110+0800: 2101.118: [CMS-concurrent-preclean-start]
2024-03-31T20:07:29.111+0800: 2101.120: [CMS-concurrent-preclean: 0.001/0.001 secs] [Times: user=0.00 sys=0.00, real=0.00 secs] 
2024-03-31T20:07:29.112+0800: 2101.121: [CMS-concurrent-abortable-preclean-start]
2024-03-31T20:07:29.113+0800: 2101.121: [CMS-concurrent-abortable-preclean: 0.000/0.000 secs] [Times: user=0.00 sys=0.00, real=0.00 secs] 
2024-03-31T20:07:29.114+0800: 2101.122: [GC (CMS Final Remark) [YG occupancy: 112918 K (117952 K)]2024-03-31T20:07:29.114+0800: 2101.122: [Rescan (non-parallel) 2024-03-31T20:07:29.114+0800: 2101.123: [grey object rescan, 0.0001137 secs]2024-03-31T20:07:29.114+0800: 2101.123: [root rescan, 0.0789156 secs]2024-03-31T20:07:29.193+0800: 2101.202: [visit unhandled CLDs, 0.0001528 secs]2024-03-31T20:07:29.193+0800: 2101.202: [dirty klass scan, 0.0014347 secs], 0.0812725 secs]2024-03-31T20:07:29.195+0800: 2101.204: [weak refs processing, 0.0001359 secs]2024-03-31T20:07:29.195+0800: 2101.204: [class unloading, 0.0117971 secs]2024-03-31T20:07:29.207+0800: 2101.216: [scrub symbol table, 0.0097794 secs]2024-03-31T20:07:29.217+0800: 2101.226: [scrub string table, 0.0005299 secs][1 CMS-remark: 63K(64K)] 112982K(118016K), 0.1072584 secs] [Times: user=0.11 sys=0.00, real=0.11 secs] 
2024-03-31T20:07:29.221+0800: 2101.230: [CMS-concurrent-sweep-start]
2024-03-31T20:07:29.222+0800: 2101.231: [CMS-concurrent-sweep: 0.000/0.000 secs] [Times: user=0.00 sys=0.00, real=0.00 secs] 
2024-03-31T20:07:29.223+0800: 2101.232: [CMS-concurrent-reset-start]
2024-03-31T20:07:29.224+0800: 2101.232: [CMS-concurrent-reset: 0.000/0.000 secs] [Times: user=0.00 sys=0.00, real=0.00 secs] 
2024-03-31T20:07:31.236+0800: 2103.245: [GC (CMS Initial Mark) [1 CMS-initial-mark: 63K(64K)] 113154K(118016K), 0.1322467 secs] [Times: user=0.13 sys=0.00, real=0.13 secs] 
2024-03-31T20:07:31.368+0800: 2103.377: [CMS-concurrent-mark-start]
2024-03-31T20:07:31.369+0800: 2103.377: [CMS-concurrent-mark: 0.000/0.000 secs] [Times: user=0.00 sys=0.00, real=0.00 secs] 
2024-03-31T20:07:31.370+0800: 2103.378: [CMS-concurrent-preclean-start]
2024-03-31T20:07:31.372+0800: 2103.380: [CMS-concurrent-preclean: 0.001/0.001 secs] [Times: user=0.00 sys=0.00, real=0.01 secs] 
2024-03-31T20:07:31.373+0800: 2103.381: [CMS-concurrent-abortable-preclean-start]
2024-03-31T20:07:31.373+0800: 2103.382: [CMS-concurrent-abortable-preclean: 0.000/0.000 secs] [Times: user=0.00 sys=0.00, real=0.00 secs] 
